[2023-07-14T23:51:08.626+0000][49][info][gc,init] CardTable entry size: 512
[2023-07-14T23:51:08.626+0000][49][info][gc     ] Using G1
[2023-07-14T23:51:08.638+0000][49][info][gc,init] Version: 19.0.2+7-44 (release)
[2023-07-14T23:51:08.638+0000][49][info][gc,init] CPUs: 6 total, 6 available
[2023-07-14T23:51:08.639+0000][49][info][gc,init] Memory: 7859M
[2023-07-14T23:51:08.640+0000][49][info][gc,init] Large Page Support: Disabled
[2023-07-14T23:51:08.641+0000][49][info][gc,init] NUMA Support: Disabled
[2023-07-14T23:51:08.642+0000][49][info][gc,init] Compressed Oops: Enabled (Zero based)
[2023-07-14T23:51:08.642+0000][49][info][gc,init] Heap Region Size: 2M
[2023-07-14T23:51:08.643+0000][49][info][gc,init] Heap Min Capacity: 3930M
[2023-07-14T23:51:08.644+0000][49][info][gc,init] Heap Initial Capacity: 3930M
[2023-07-14T23:51:08.645+0000][49][info][gc,init] Heap Max Capacity: 3930M
[2023-07-14T23:51:08.645+0000][49][info][gc,init] Pre-touch: Disabled
[2023-07-14T23:51:08.646+0000][49][info][gc,init] Parallel Workers: 6
[2023-07-14T23:51:08.647+0000][49][info][gc,init] Concurrent Workers: 2
[2023-07-14T23:51:08.647+0000][49][info][gc,init] Concurrent Refinement Workers: 6
[2023-07-14T23:51:08.648+0000][49][info][gc,init] Periodic GC: Disabled
[2023-07-14T23:51:08.649+0000][49][info][gc,metaspace] CDS archive(s) mapped at: [0x0000000800000000-0x0000000800c4f000-0x0000000800c4f000), size 12906496, SharedBaseAddress: 0x0000000800000000, ArchiveRelocationMode: 0.
[2023-07-14T23:51:08.650+0000][49][info][gc,metaspace] Compressed class space mapped at: 0x0000000801000000-0x0000000841000000, reserved size: 1073741824
[2023-07-14T23:51:08.651+0000][49][info][gc,metaspace] Narrow klass base: 0x0000000800000000, Narrow klass shift: 0, Narrow klass range: 0x100000000
[2023-07-14T23:51:08.679+0000][49][info][gc,heap,exit] Heap
[2023-07-14T23:51:08.680+0000][49][info][gc,heap,exit]  garbage-first heap   total 4024320K, used 5090K [0x000000070a600000, 0x0000000800000000)
[2023-07-14T23:51:08.681+0000][49][info][gc,heap,exit]   region size 2048K, 2 young (4096K), 0 survivors (0K)
[2023-07-14T23:51:08.681+0000][49][info][gc,heap,exit]  Metaspace       used 53K, committed 128K, reserved 1114112K
[2023-07-14T23:51:08.682+0000][49][info][gc,heap,exit]   class space    used 1K, committed 64K, reserved 1048576K
