[2023-07-14T23:28:00.916+0000][67][info][gc,init] CardTable entry size: 512
[2023-07-14T23:28:00.917+0000][67][info][gc     ] Using G1
[2023-07-14T23:28:01.632+0000][67][info][gc,init] Version: 19.0.2+7-44 (release)
[2023-07-14T23:28:01.633+0000][67][info][gc,init] CPUs: 6 total, 6 available
[2023-07-14T23:28:01.634+0000][67][info][gc,init] Memory: 7859M
[2023-07-14T23:28:01.635+0000][67][info][gc,init] Large Page Support: Disabled
[2023-07-14T23:28:01.636+0000][67][info][gc,init] NUMA Support: Disabled
[2023-07-14T23:28:01.637+0000][67][info][gc,init] Compressed Oops: Enabled (Zero based)
[2023-07-14T23:28:01.637+0000][67][info][gc,init] Heap Region Size: 4M
[2023-07-14T23:28:01.638+0000][67][info][gc,init] Heap Min Capacity: 3932M
[2023-07-14T23:28:01.639+0000][67][info][gc,init] Heap Initial Capacity: 3932M
[2023-07-14T23:28:01.640+0000][67][info][gc,init] Heap Max Capacity: 3932M
[2023-07-14T23:28:01.640+0000][67][info][gc,init] Pre-touch: Enabled
[2023-07-14T23:28:01.641+0000][67][info][gc,init] Parallel Workers: 6
[2023-07-14T23:28:01.642+0000][67][info][gc,init] Concurrent Workers: 2
[2023-07-14T23:28:01.643+0000][67][info][gc,init] Concurrent Refinement Workers: 6
[2023-07-14T23:28:01.643+0000][67][info][gc,init] Periodic GC: Disabled
[2023-07-14T23:28:01.645+0000][67][info][gc,metaspace] CDS archive(s) mapped at: [0x0000000800000000-0x0000000800c4f000-0x0000000800c4f000), size 12906496, SharedBaseAddress: 0x0000000800000000, ArchiveRelocationMode: 0.
[2023-07-14T23:28:01.645+0000][67][info][gc,metaspace] Compressed class space mapped at: 0x0000000801000000-0x0000000841000000, reserved size: 1073741824
[2023-07-14T23:28:01.646+0000][67][info][gc,metaspace] Narrow klass base: 0x0000000800000000, Narrow klass shift: 0, Narrow klass range: 0x100000000
[2023-07-14T23:28:01.990+0000][67][info][safepoint   ] Safepoint "ICBufferFull", Time since last: 338266917 ns, Reaching safepoint: 211322 ns, At safepoint: 29925 ns, Total: 241247 ns
[2023-07-14T23:28:02.548+0000][67][info][safepoint   ] Safepoint "ICBufferFull", Time since last: 557711695 ns, Reaching safepoint: 281385 ns, At safepoint: 5264 ns, Total: 286649 ns
[2023-07-14T23:28:03.089+0000][67][info][safepoint   ] Safepoint "ICBufferFull", Time since last: 540528483 ns, Reaching safepoint: 287891 ns, At safepoint: 29961 ns, Total: 317852 ns
[2023-07-14T23:28:03.609+0000][67][info][safepoint   ] Safepoint "ICBufferFull", Time since last: 519525182 ns, Reaching safepoint: 628561 ns, At safepoint: 5975 ns, Total: 634536 ns
[2023-07-14T23:28:04.122+0000][67][info][safepoint   ] Safepoint "ICBufferFull", Time since last: 512615489 ns, Reaching safepoint: 131336 ns, At safepoint: 28810 ns, Total: 160146 ns
[2023-07-14T23:28:04.588+0000][67][info][gc,start    ] GC(0) Pause Young (Normal) (G1 Evacuation Pause)
[2023-07-14T23:28:04.589+0000][67][info][gc,task     ] GC(0) Using 6 workers of 6 for evacuation
[2023-07-14T23:28:04.590+0000][67][debug][gc,age      ] GC(0) Desired survivor size 14680064 bytes, new threshold 15 (max threshold 15)
[2023-07-14T23:28:04.613+0000][67][info ][gc,phases   ] GC(0)   Pre Evacuate Collection Set: 0.2ms
[2023-07-14T23:28:04.614+0000][67][info ][gc,phases   ] GC(0)   Merge Heap Roots: 2.9ms
[2023-07-14T23:28:04.615+0000][67][info ][gc,phases   ] GC(0)   Evacuate Collection Set: 11.3ms
[2023-07-14T23:28:04.616+0000][67][info ][gc,phases   ] GC(0)   Post Evacuate Collection Set: 7.7ms
[2023-07-14T23:28:04.617+0000][67][info ][gc,phases   ] GC(0)   Other: 1.8ms
[2023-07-14T23:28:04.618+0000][67][trace][gc,age      ] GC(0) Age table with threshold 15 (max threshold 15)
[2023-07-14T23:28:04.619+0000][67][trace][gc,age      ] GC(0) - age   1:   10933024 bytes,   10933024 total
[2023-07-14T23:28:04.621+0000][67][info ][gc,heap     ] GC(0) Eden regions: 49->0(46)
[2023-07-14T23:28:04.621+0000][67][info ][gc,heap     ] GC(0) Survivor regions: 0->3(7)
[2023-07-14T23:28:04.622+0000][67][info ][gc,heap     ] GC(0) Old regions: 0->0
[2023-07-14T23:28:04.623+0000][67][info ][gc,heap     ] GC(0) Archive regions: 2->2
[2023-07-14T23:28:04.624+0000][67][info ][gc,heap     ] GC(0) Humongous regions: 0->0
[2023-07-14T23:28:04.626+0000][67][info ][gc,metaspace] GC(0) Metaspace: 17712K(18240K)->17712K(18240K) NonClass: 15721K(16000K)->15721K(16000K) Class: 1991K(2240K)->1991K(2240K)
[2023-07-14T23:28:04.626+0000][67][info ][gc          ] GC(0) Pause Young (Normal) (G1 Evacuation Pause) 199M->14M(3932M) 38.657ms
[2023-07-14T23:28:04.627+0000][67][info ][gc,cpu      ] GC(0) User=0.02s Sys=0.00s Real=0.04s
[2023-07-14T23:28:04.628+0000][67][info ][safepoint   ] Safepoint "G1CollectForAllocation", Time since last: 465771163 ns, Reaching safepoint: 208406 ns, At safepoint: 40629943 ns, Total: 40838349 ns
[2023-07-14T23:28:05.063+0000][67][info ][gc,start    ] GC(1) Pause Young (Concurrent Start) (Metadata GC Threshold)
[2023-07-14T23:28:05.064+0000][67][info ][gc,task     ] GC(1) Using 6 workers of 6 for evacuation
[2023-07-14T23:28:05.065+0000][67][debug][gc,age      ] GC(1) Desired survivor size 14680064 bytes, new threshold 15 (max threshold 15)
[2023-07-14T23:28:05.076+0000][67][info ][gc,phases   ] GC(1)   Pre Evacuate Collection Set: 0.6ms
[2023-07-14T23:28:05.077+0000][67][info ][gc,phases   ] GC(1)   Merge Heap Roots: 0.2ms
[2023-07-14T23:28:05.078+0000][67][info ][gc,phases   ] GC(1)   Evacuate Collection Set: 7.0ms
[2023-07-14T23:28:05.079+0000][67][info ][gc,phases   ] GC(1)   Post Evacuate Collection Set: 2.3ms
[2023-07-14T23:28:05.082+0000][67][info ][gc,phases   ] GC(1)   Other: 2.2ms
[2023-07-14T23:28:05.083+0000][67][trace][gc,age      ] GC(1) Age table with threshold 15 (max threshold 15)
[2023-07-14T23:28:05.083+0000][67][trace][gc,age      ] GC(1) - age   1:    1091504 bytes,    1091504 total
[2023-07-14T23:28:05.084+0000][67][trace][gc,age      ] GC(1) - age   2:    9745424 bytes,   10836928 total
[2023-07-14T23:28:05.085+0000][67][info ][gc,heap     ] GC(1) Eden regions: 15->0(46)
[2023-07-14T23:28:05.086+0000][67][info ][gc,heap     ] GC(1) Survivor regions: 3->3(7)
[2023-07-14T23:28:05.087+0000][67][info ][gc,heap     ] GC(1) Old regions: 0->0
[2023-07-14T23:28:05.088+0000][67][info ][gc,heap     ] GC(1) Archive regions: 2->2
[2023-07-14T23:28:05.088+0000][67][info ][gc,heap     ] GC(1) Humongous regions: 0->0
[2023-07-14T23:28:05.089+0000][67][info ][gc,metaspace] GC(1) Metaspace: 20988K(21504K)->20988K(21504K) NonClass: 18673K(18944K)->18673K(18944K) Class: 2314K(2560K)->2314K(2560K)
[2023-07-14T23:28:05.090+0000][67][info ][gc          ] GC(1) Pause Young (Concurrent Start) (Metadata GC Threshold) 72M->15M(3932M) 27.015ms
[2023-07-14T23:28:05.091+0000][67][info ][gc,cpu      ] GC(1) User=0.02s Sys=0.00s Real=0.03s
[2023-07-14T23:28:05.091+0000][67][info ][gc          ] GC(2) Concurrent Mark Cycle
[2023-07-14T23:28:05.093+0000][67][info ][gc,marking  ] GC(2) Concurrent Clear Claimed Marks
[2023-07-14T23:28:05.092+0000][67][info ][safepoint   ] Safepoint "CollectForMetadataAllocation", Time since last: 434591560 ns, Reaching safepoint: 174692 ns, At safepoint: 28771361 ns, Total: 28946053 ns
[2023-07-14T23:28:05.093+0000][67][info ][gc,marking  ] GC(2) Concurrent Clear Claimed Marks 0.839ms
[2023-07-14T23:28:05.095+0000][67][info ][gc,marking  ] GC(2) Concurrent Scan Root Regions
[2023-07-14T23:28:05.098+0000][67][info ][gc,marking  ] GC(2) Concurrent Scan Root Regions 3.810ms
[2023-07-14T23:28:05.099+0000][67][info ][gc,marking  ] GC(2) Concurrent Mark
[2023-07-14T23:28:05.100+0000][67][info ][gc,marking  ] GC(2) Concurrent Mark From Roots
[2023-07-14T23:28:05.101+0000][67][info ][gc,task     ] GC(2) Using 2 workers of 2 for marking
[2023-07-14T23:28:05.102+0000][67][info ][gc,marking  ] GC(2) Concurrent Mark From Roots 2.247ms
[2023-07-14T23:28:05.103+0000][67][info ][gc,marking  ] GC(2) Concurrent Preclean
[2023-07-14T23:28:05.104+0000][67][info ][gc,marking  ] GC(2) Concurrent Preclean 0.955ms
[2023-07-14T23:28:05.106+0000][67][info ][gc,start    ] GC(2) Pause Remark
[2023-07-14T23:28:05.113+0000][67][info ][gc          ] GC(2) Pause Remark 18M->18M(3932M) 7.314ms
[2023-07-14T23:28:05.114+0000][67][info ][gc,cpu      ] GC(2) User=0.01s Sys=0.00s Real=0.01s
[2023-07-14T23:28:05.116+0000][67][info ][safepoint   ] Safepoint "G1PauseRemark", Time since last: 13487970 ns, Reaching safepoint: 289462 ns, At safepoint: 9968229 ns, Total: 10257691 ns
[2023-07-14T23:28:05.116+0000][67][info ][gc,marking  ] GC(2) Concurrent Mark 16.959ms
[2023-07-14T23:28:05.117+0000][67][info ][gc,marking  ] GC(2) Concurrent Rebuild Remembered Sets
[2023-07-14T23:28:05.117+0000][67][info ][gc,marking  ] GC(2) Concurrent Rebuild Remembered Sets 0.647ms
[2023-07-14T23:28:05.120+0000][67][info ][gc,start    ] GC(2) Pause Cleanup
[2023-07-14T23:28:05.121+0000][67][info ][gc          ] GC(2) Pause Cleanup 18M->18M(3932M) 0.996ms
[2023-07-14T23:28:05.122+0000][67][info ][gc,cpu      ] GC(2) User=0.00s Sys=0.00s Real=0.00s
[2023-07-14T23:28:05.123+0000][67][info ][safepoint   ] Safepoint "G1PauseCleanup", Time since last: 4608115 ns, Reaching safepoint: 214304 ns, At safepoint: 2421054 ns, Total: 2635358 ns
[2023-07-14T23:28:05.124+0000][67][info ][gc,marking  ] GC(2) Concurrent Cleanup for Next Mark
[2023-07-14T23:28:05.129+0000][67][info ][gc,marking  ] GC(2) Concurrent Cleanup for Next Mark 4.780ms
[2023-07-14T23:28:05.130+0000][67][info ][gc          ] GC(2) Concurrent Mark Cycle 38.599ms
[2023-07-14T23:28:05.783+0000][67][info ][safepoint   ] Safepoint "ICBufferFull", Time since last: 659628782 ns, Reaching safepoint: 222284 ns, At safepoint: 35256 ns, Total: 257540 ns
[2023-07-14T23:28:06.189+0000][67][info ][gc,start    ] GC(3) Pause Young (Normal) (G1 Evacuation Pause)
[2023-07-14T23:28:06.190+0000][67][info ][gc,task     ] GC(3) Using 6 workers of 6 for evacuation
[2023-07-14T23:28:06.191+0000][67][debug][gc,age      ] GC(3) Desired survivor size 14680064 bytes, new threshold 15 (max threshold 15)
[2023-07-14T23:28:06.215+0000][67][info ][gc,phases   ] GC(3)   Pre Evacuate Collection Set: 0.4ms
[2023-07-14T23:28:06.216+0000][67][info ][gc,phases   ] GC(3)   Merge Heap Roots: 0.2ms
[2023-07-14T23:28:06.217+0000][67][info ][gc,phases   ] GC(3)   Evacuate Collection Set: 20.3ms
[2023-07-14T23:28:06.218+0000][67][info ][gc,phases   ] GC(3)   Post Evacuate Collection Set: 1.9ms
[2023-07-14T23:28:06.219+0000][67][info ][gc,phases   ] GC(3)   Other: 1.8ms
[2023-07-14T23:28:06.220+0000][67][trace][gc,age      ] GC(3) Age table with threshold 15 (max threshold 15)
[2023-07-14T23:28:06.220+0000][67][trace][gc,age      ] GC(3) - age   1:    6956320 bytes,    6956320 total
[2023-07-14T23:28:06.221+0000][67][trace][gc,age      ] GC(3) - age   2:    1062728 bytes,    8019048 total
[2023-07-14T23:28:06.222+0000][67][trace][gc,age      ] GC(3) - age   3:    9737776 bytes,   17756824 total
[2023-07-14T23:28:06.223+0000][67][info ][gc,heap     ] GC(3) Eden regions: 46->0(78)
[2023-07-14T23:28:06.224+0000][67][info ][gc,heap     ] GC(3) Survivor regions: 3->5(7)
[2023-07-14T23:28:06.225+0000][67][info ][gc,heap     ] GC(3) Old regions: 0->0
[2023-07-14T23:28:06.226+0000][67][info ][gc,heap     ] GC(3) Archive regions: 2->2
[2023-07-14T23:28:06.226+0000][67][info ][gc,heap     ] GC(3) Humongous regions: 0->0
[2023-07-14T23:28:06.227+0000][67][info ][gc,metaspace] GC(3) Metaspace: 25321K(25984K)->25321K(25984K) NonClass: 22415K(22784K)->22415K(22784K) Class: 2905K(3200K)->2905K(3200K)
[2023-07-14T23:28:06.228+0000][67][info ][gc          ] GC(3) Pause Young (Normal) (G1 Evacuation Pause) 199M->21M(3932M) 38.898ms
[2023-07-14T23:28:06.229+0000][67][info ][gc,cpu      ] GC(3) User=0.03s Sys=0.00s Real=0.04s
[2023-07-14T23:28:06.230+0000][67][info ][safepoint   ] Safepoint "G1CollectForAllocation", Time since last: 405983948 ns, Reaching safepoint: 345320 ns, At safepoint: 40847959 ns, Total: 41193279 ns
[2023-07-14T23:28:07.135+0000][67][info ][safepoint   ] Safepoint "ICBufferFull", Time since last: 904747069 ns, Reaching safepoint: 270926 ns, At safepoint: 8037 ns, Total: 278963 ns
[2023-07-14T23:28:07.597+0000][67][info ][gc,start    ] GC(4) Pause Young (Normal) (G1 Evacuation Pause)
[2023-07-14T23:28:07.598+0000][67][info ][gc,task     ] GC(4) Using 6 workers of 6 for evacuation
[2023-07-14T23:28:07.599+0000][67][debug][gc,age      ] GC(4) Desired survivor size 23068672 bytes, new threshold 15 (max threshold 15)
[2023-07-14T23:28:07.632+0000][67][info ][gc,phases   ] GC(4)   Pre Evacuate Collection Set: 0.3ms
[2023-07-14T23:28:07.635+0000][67][info ][gc,phases   ] GC(4)   Merge Heap Roots: 0.1ms
[2023-07-14T23:28:07.638+0000][67][info ][gc,phases   ] GC(4)   Evacuate Collection Set: 22.0ms
[2023-07-14T23:28:07.639+0000][67][info ][gc,phases   ] GC(4)   Post Evacuate Collection Set: 8.8ms
[2023-07-14T23:28:07.640+0000][67][info ][gc,phases   ] GC(4)   Other: 2.7ms
[2023-07-14T23:28:07.640+0000][67][trace][gc,age      ] GC(4) Age table with threshold 15 (max threshold 15)
[2023-07-14T23:28:07.641+0000][67][trace][gc,age      ] GC(4) - age   1:    4992048 bytes,    4992048 total
[2023-07-14T23:28:07.642+0000][67][trace][gc,age      ] GC(4) - age   2:    5126920 bytes,   10118968 total
[2023-07-14T23:28:07.642+0000][67][trace][gc,age      ] GC(4) - age   3:    1062424 bytes,   11181392 total
[2023-07-14T23:28:07.643+0000][67][trace][gc,age      ] GC(4) - age   4:    9733616 bytes,   20915008 total
[2023-07-14T23:28:07.644+0000][67][info ][gc,heap     ] GC(4) Eden regions: 78->0(141)
[2023-07-14T23:28:07.644+0000][67][info ][gc,heap     ] GC(4) Survivor regions: 5->6(11)
[2023-07-14T23:28:07.645+0000][67][info ][gc,heap     ] GC(4) Old regions: 0->0
[2023-07-14T23:28:07.646+0000][67][info ][gc,heap     ] GC(4) Archive regions: 2->2
[2023-07-14T23:28:07.647+0000][67][info ][gc,heap     ] GC(4) Humongous regions: 0->0
[2023-07-14T23:28:07.647+0000][67][info ][gc,metaspace] GC(4) Metaspace: 31117K(31744K)->31117K(31744K) NonClass: 27582K(27968K)->27582K(27968K) Class: 3534K(3776K)->3534K(3776K)
[2023-07-14T23:28:07.648+0000][67][info ][gc          ] GC(4) Pause Young (Normal) (G1 Evacuation Pause) 333M->25M(3932M) 50.856ms
[2023-07-14T23:28:07.649+0000][67][info ][gc,cpu      ] GC(4) User=0.08s Sys=0.00s Real=0.06s
[2023-07-14T23:28:07.650+0000][67][info ][safepoint   ] Safepoint "G1CollectForAllocation", Time since last: 461843104 ns, Reaching safepoint: 149724 ns, At safepoint: 52609472 ns, Total: 52759196 ns
[2023-07-14T23:28:08.651+0000][67][info ][safepoint   ] Safepoint "Cleanup", Time since last: 1000824028 ns, Reaching safepoint: 345151 ns, At safepoint: 31749 ns, Total: 376900 ns
[2023-07-14T23:28:09.170+0000][67][info ][gc,start    ] GC(5) Pause Young (Normal) (G1 Evacuation Pause)
[2023-07-14T23:28:09.172+0000][67][info ][gc,task     ] GC(5) Using 6 workers of 6 for evacuation
[2023-07-14T23:28:09.176+0000][67][debug][gc,age      ] GC(5) Desired survivor size 39845888 bytes, new threshold 15 (max threshold 15)
[2023-07-14T23:28:09.212+0000][67][info ][gc,phases   ] GC(5)   Pre Evacuate Collection Set: 0.4ms
[2023-07-14T23:28:09.213+0000][67][info ][gc,phases   ] GC(5)   Merge Heap Roots: 0.1ms
[2023-07-14T23:28:09.214+0000][67][info ][gc,phases   ] GC(5)   Evacuate Collection Set: 24.8ms
[2023-07-14T23:28:09.215+0000][67][info ][gc,phases   ] GC(5)   Post Evacuate Collection Set: 9.4ms
[2023-07-14T23:28:09.217+0000][67][info ][gc,phases   ] GC(5)   Other: 5.1ms
[2023-07-14T23:28:09.218+0000][67][trace][gc,age      ] GC(5) Age table with threshold 15 (max threshold 15)
[2023-07-14T23:28:09.219+0000][67][trace][gc,age      ] GC(5) - age   1:    8764664 bytes,    8764664 total
[2023-07-14T23:28:09.221+0000][67][trace][gc,age      ] GC(5) - age   2:    4973416 bytes,   13738080 total
[2023-07-14T23:28:09.221+0000][67][trace][gc,age      ] GC(5) - age   3:    5123840 bytes,   18861920 total
[2023-07-14T23:28:09.222+0000][67][trace][gc,age      ] GC(5) - age   4:    1060728 bytes,   19922648 total
[2023-07-14T23:28:09.223+0000][67][trace][gc,age      ] GC(5) - age   5:    9698896 bytes,   29621544 total
[2023-07-14T23:28:09.224+0000][67][info ][gc,heap     ] GC(5) Eden regions: 141->0(145)
[2023-07-14T23:28:09.225+0000][67][info ][gc,heap     ] GC(5) Survivor regions: 6->8(19)
[2023-07-14T23:28:09.225+0000][67][info ][gc,heap     ] GC(5) Old regions: 0->0
[2023-07-14T23:28:09.226+0000][67][info ][gc,heap     ] GC(5) Archive regions: 2->2
[2023-07-14T23:28:09.228+0000][67][info ][gc,heap     ] GC(5) Humongous regions: 0->0
[2023-07-14T23:28:09.229+0000][67][info ][gc,metaspace] GC(5) Metaspace: 33411K(34176K)->33411K(34176K) NonClass: 29575K(30016K)->29575K(30016K) Class: 3836K(4160K)->3836K(4160K)
[2023-07-14T23:28:09.230+0000][67][info ][gc          ] GC(5) Pause Young (Normal) (G1 Evacuation Pause) 589M->34M(3932M) 59.900ms
[2023-07-14T23:28:09.231+0000][67][info ][gc,cpu      ] GC(5) User=0.07s Sys=0.00s Real=0.06s
[2023-07-14T23:28:09.232+0000][67][info ][safepoint   ] Safepoint "G1CollectForAllocation", Time since last: 519127776 ns, Reaching safepoint: 86385 ns, At safepoint: 61742849 ns, Total: 61829234 ns
[2023-07-14T23:28:09.605+0000][67][info ][gc,start    ] GC(6) Pause Young (Concurrent Start) (Metadata GC Threshold)
[2023-07-14T23:28:09.607+0000][67][info ][gc,task     ] GC(6) Using 6 workers of 6 for evacuation
[2023-07-14T23:28:09.607+0000][67][debug][gc,age      ] GC(6) Desired survivor size 41943040 bytes, new threshold 15 (max threshold 15)
[2023-07-14T23:28:09.628+0000][67][info ][gc,phases   ] GC(6)   Pre Evacuate Collection Set: 0.5ms
[2023-07-14T23:28:09.629+0000][67][info ][gc,phases   ] GC(6)   Merge Heap Roots: 0.1ms
[2023-07-14T23:28:09.630+0000][67][info ][gc,phases   ] GC(6)   Evacuate Collection Set: 16.8ms
[2023-07-14T23:28:09.631+0000][67][info ][gc,phases   ] GC(6)   Post Evacuate Collection Set: 2.1ms
[2023-07-14T23:28:09.632+0000][67][info ][gc,phases   ] GC(6)   Other: 1.6ms
[2023-07-14T23:28:09.632+0000][67][trace][gc,age      ] GC(6) Age table with threshold 15 (max threshold 15)
[2023-07-14T23:28:09.633+0000][67][trace][gc,age      ] GC(6) - age   1:    1148080 bytes,    1148080 total
[2023-07-14T23:28:09.634+0000][67][trace][gc,age      ] GC(6) - age   2:    7836752 bytes,    8984832 total
[2023-07-14T23:28:09.635+0000][67][trace][gc,age      ] GC(6) - age   3:    4958256 bytes,   13943088 total
[2023-07-14T23:28:09.636+0000][67][trace][gc,age      ] GC(6) - age   4:    5111592 bytes,   19054680 total
[2023-07-14T23:28:09.637+0000][67][trace][gc,age      ] GC(6) - age   5:    1059000 bytes,   20113680 total
[2023-07-14T23:28:09.638+0000][67][trace][gc,age      ] GC(6) - age   6:    9579768 bytes,   29693448 total
[2023-07-14T23:28:09.639+0000][67][info ][gc,heap     ] GC(6) Eden regions: 22->0(160)
[2023-07-14T23:28:09.640+0000][67][info ][gc,heap     ] GC(6) Survivor regions: 8->8(20)
[2023-07-14T23:28:09.641+0000][67][info ][gc,heap     ] GC(6) Old regions: 0->0
[2023-07-14T23:28:09.642+0000][67][info ][gc,heap     ] GC(6) Archive regions: 2->2
[2023-07-14T23:28:09.643+0000][67][info ][gc,heap     ] GC(6) Humongous regions: 0->0
[2023-07-14T23:28:09.643+0000][67][info ][gc,metaspace] GC(6) Metaspace: 35108K(35968K)->35108K(35968K) NonClass: 31063K(31552K)->31063K(31552K) Class: 4045K(4416K)->4045K(4416K)
[2023-07-14T23:28:09.644+0000][67][info ][gc          ] GC(6) Pause Young (Concurrent Start) (Metadata GC Threshold) 122M->34M(3932M) 39.077ms
[2023-07-14T23:28:09.645+0000][67][info ][gc,cpu      ] GC(6) User=0.04s Sys=0.00s Real=0.04s
[2023-07-14T23:28:09.645+0000][67][info ][gc          ] GC(7) Concurrent Mark Cycle
[2023-07-14T23:28:09.647+0000][67][info ][gc,marking  ] GC(7) Concurrent Clear Claimed Marks
[2023-07-14T23:28:09.648+0000][67][info ][gc,marking  ] GC(7) Concurrent Clear Claimed Marks 0.708ms
[2023-07-14T23:28:09.649+0000][67][info ][gc,marking  ] GC(7) Concurrent Scan Root Regions
[2023-07-14T23:28:09.646+0000][67][info ][safepoint   ] Safepoint "CollectForMetadataAllocation", Time since last: 373619950 ns, Reaching safepoint: 102106 ns, At safepoint: 40841590 ns, Total: 40943696 ns
[2023-07-14T23:28:09.654+0000][67][info ][gc,marking  ] GC(7) Concurrent Scan Root Regions 5.427ms
[2023-07-14T23:28:09.655+0000][67][info ][gc,marking  ] GC(7) Concurrent Mark
[2023-07-14T23:28:09.656+0000][67][info ][gc,marking  ] GC(7) Concurrent Mark From Roots
[2023-07-14T23:28:09.656+0000][67][info ][gc,task     ] GC(7) Using 2 workers of 2 for marking
[2023-07-14T23:28:09.658+0000][67][info ][gc,marking  ] GC(7) Concurrent Mark From Roots 2.644ms
[2023-07-14T23:28:09.660+0000][67][info ][gc,marking  ] GC(7) Concurrent Preclean
[2023-07-14T23:28:09.660+0000][67][info ][gc,marking  ] GC(7) Concurrent Preclean 0.658ms
[2023-07-14T23:28:09.662+0000][67][info ][gc,start    ] GC(7) Pause Remark
[2023-07-14T23:28:09.670+0000][67][info ][gc          ] GC(7) Pause Remark 37M->37M(3932M) 7.954ms
[2023-07-14T23:28:09.671+0000][67][info ][gc,cpu      ] GC(7) User=0.02s Sys=0.00s Real=0.01s
[2023-07-14T23:28:09.673+0000][67][info ][safepoint   ] Safepoint "G1PauseRemark", Time since last: 15143994 ns, Reaching safepoint: 775061 ns, At safepoint: 11357611 ns, Total: 12132672 ns
[2023-07-14T23:28:09.674+0000][67][info ][gc,marking  ] GC(7) Concurrent Mark 19.510ms
[2023-07-14T23:28:09.675+0000][67][info ][gc,marking  ] GC(7) Concurrent Rebuild Remembered Sets
[2023-07-14T23:28:09.676+0000][67][info ][gc,marking  ] GC(7) Concurrent Rebuild Remembered Sets 1.095ms
[2023-07-14T23:28:09.683+0000][67][info ][gc,start    ] GC(7) Pause Cleanup
[2023-07-14T23:28:09.684+0000][67][info ][gc          ] GC(7) Pause Cleanup 38M->38M(3932M) 0.935ms
[2023-07-14T23:28:09.684+0000][67][info ][gc,cpu      ] GC(7) User=0.01s Sys=0.00s Real=0.00s
[2023-07-14T23:28:09.685+0000][67][info ][safepoint   ] Safepoint "G1PauseCleanup", Time since last: 3570249 ns, Reaching safepoint: 5483496 ns, At safepoint: 2377329 ns, Total: 7860825 ns
[2023-07-14T23:28:09.686+0000][67][info ][gc,marking  ] GC(7) Concurrent Cleanup for Next Mark
[2023-07-14T23:28:09.692+0000][67][info ][gc,marking  ] GC(7) Concurrent Cleanup for Next Mark 5.782ms
[2023-07-14T23:28:09.693+0000][67][info ][gc          ] GC(7) Concurrent Mark Cycle 47.219ms
[2023-07-14T23:28:10.706+0000][67][info ][safepoint   ] Safepoint "ICBufferFull", Time since last: 1021167418 ns, Reaching safepoint: 234966 ns, At safepoint: 4603 ns, Total: 239569 ns
[2023-07-14T23:28:10.979+0000][67][info ][safepoint   ] Safepoint "ICBufferFull", Time since last: 272457700 ns, Reaching safepoint: 128725 ns, At safepoint: 36063 ns, Total: 164788 ns
[2023-07-14T23:28:11.983+0000][67][info ][safepoint   ] Safepoint "Cleanup", Time since last: 1002112794 ns, Reaching safepoint: 2173370 ns, At safepoint: 77161 ns, Total: 2250531 ns
[2023-07-14T23:28:12.877+0000][67][info ][safepoint   ] Safepoint "ICBufferFull", Time since last: 893853420 ns, Reaching safepoint: 171428 ns, At safepoint: 34305 ns, Total: 205733 ns
[2023-07-14T23:28:13.879+0000][67][info ][safepoint   ] Safepoint "Cleanup", Time since last: 1001220692 ns, Reaching safepoint: 453649 ns, At safepoint: 32125 ns, Total: 485774 ns
[2023-07-14T23:28:14.688+0000][67][info ][safepoint   ] Safepoint "ICBufferFull", Time since last: 808568364 ns, Reaching safepoint: 323463 ns, At safepoint: 80510 ns, Total: 403973 ns
[2023-07-14T23:28:14.958+0000][67][info ][gc,start    ] GC(8) Pause Young (Concurrent Start) (Metadata GC Threshold)
[2023-07-14T23:28:14.959+0000][67][info ][gc,task     ] GC(8) Using 6 workers of 6 for evacuation
[2023-07-14T23:28:14.960+0000][67][debug][gc,age      ] GC(8) Desired survivor size 44040192 bytes, new threshold 15 (max threshold 15)
[2023-07-14T23:28:15.001+0000][67][info ][gc,phases   ] GC(8)   Pre Evacuate Collection Set: 0.7ms
[2023-07-14T23:28:15.003+0000][67][info ][gc,phases   ] GC(8)   Merge Heap Roots: 0.1ms
[2023-07-14T23:28:15.003+0000][67][info ][gc,phases   ] GC(8)   Evacuate Collection Set: 36.1ms
[2023-07-14T23:28:15.004+0000][67][info ][gc,phases   ] GC(8)   Post Evacuate Collection Set: 3.8ms
[2023-07-14T23:28:15.005+0000][67][info ][gc,phases   ] GC(8)   Other: 1.7ms
[2023-07-14T23:28:15.006+0000][67][trace][gc,age      ] GC(8) Age table with threshold 15 (max threshold 15)
[2023-07-14T23:28:15.007+0000][67][trace][gc,age      ] GC(8) - age   1:   25188112 bytes,   25188112 total
[2023-07-14T23:28:15.008+0000][67][trace][gc,age      ] GC(8) - age   2:    1102600 bytes,   26290712 total
[2023-07-14T23:28:15.009+0000][67][trace][gc,age      ] GC(8) - age   3:    7804624 bytes,   34095336 total
[2023-07-14T23:28:15.010+0000][67][trace][gc,age      ] GC(8) - age   4:    4946744 bytes,   39042080 total
[2023-07-14T23:28:15.011+0000][67][trace][gc,age      ] GC(8) - age   5:    5084016 bytes,   44126096 total
[2023-07-14T23:28:15.012+0000][67][trace][gc,age      ] GC(8) - age   6:    1054568 bytes,   45180664 total
[2023-07-14T23:28:15.012+0000][67][trace][gc,age      ] GC(8) - age   7:    9510712 bytes,   54691376 total
[2023-07-14T23:28:15.014+0000][67][info ][gc,heap     ] GC(8) Eden regions: 115->0(183)
[2023-07-14T23:28:15.014+0000][67][info ][gc,heap     ] GC(8) Survivor regions: 8->14(21)
[2023-07-14T23:28:15.015+0000][67][info ][gc,heap     ] GC(8) Old regions: 0->0
[2023-07-14T23:28:15.016+0000][67][info ][gc,heap     ] GC(8) Archive regions: 2->2
[2023-07-14T23:28:15.016+0000][67][info ][gc,heap     ] GC(8) Humongous regions: 0->0
[2023-07-14T23:28:15.017+0000][67][info ][gc,metaspace] GC(8) Metaspace: 58789K(60096K)->58789K(60096K) NonClass: 51522K(52288K)->51522K(52288K) Class: 7267K(7808K)->7267K(7808K)
[2023-07-14T23:28:15.017+0000][67][info ][gc          ] GC(8) Pause Young (Concurrent Start) (Metadata GC Threshold) 492M->59M(3932M) 59.244ms
[2023-07-14T23:28:15.018+0000][67][info ][gc,cpu      ] GC(8) User=0.10s Sys=0.00s Real=0.06s
[2023-07-14T23:28:15.018+0000][67][info ][gc          ] GC(9) Concurrent Mark Cycle
[2023-07-14T23:28:15.020+0000][67][info ][gc,marking  ] GC(9) Concurrent Clear Claimed Marks
[2023-07-14T23:28:15.019+0000][67][info ][safepoint   ] Safepoint "CollectForMetadataAllocation", Time since last: 269891645 ns, Reaching safepoint: 94696 ns, At safepoint: 61116954 ns, Total: 61211650 ns
[2023-07-14T23:28:15.021+0000][67][info ][gc,marking  ] GC(9) Concurrent Clear Claimed Marks 1.077ms
[2023-07-14T23:28:15.027+0000][67][info ][gc,marking  ] GC(9) Concurrent Scan Root Regions
[2023-07-14T23:28:15.044+0000][67][info ][gc,marking  ] GC(9) Concurrent Scan Root Regions 17.412ms
[2023-07-14T23:28:15.047+0000][67][info ][gc,marking  ] GC(9) Concurrent Mark
[2023-07-14T23:28:15.048+0000][67][info ][gc,marking  ] GC(9) Concurrent Mark From Roots
[2023-07-14T23:28:15.050+0000][67][info ][gc,task     ] GC(9) Using 2 workers of 2 for marking
[2023-07-14T23:28:15.053+0000][67][info ][safepoint   ] Safepoint "CollectForMetadataAllocation", Time since last: 33410009 ns, Reaching safepoint: 308730 ns, At safepoint: 173282 ns, Total: 482012 ns
[2023-07-14T23:28:15.054+0000][67][info ][gc,marking  ] GC(9) Concurrent Mark From Roots 5.590ms
[2023-07-14T23:28:15.055+0000][67][info ][gc,marking  ] GC(9) Concurrent Preclean
[2023-07-14T23:28:15.056+0000][67][info ][gc,marking  ] GC(9) Concurrent Preclean 1.016ms
[2023-07-14T23:28:15.057+0000][67][info ][gc,start    ] GC(9) Pause Remark
[2023-07-14T23:28:15.067+0000][67][info ][gc          ] GC(9) Pause Remark 65M->65M(3932M) 10.296ms
[2023-07-14T23:28:15.074+0000][67][info ][gc,cpu      ] GC(9) User=0.02s Sys=0.00s Real=0.02s
[2023-07-14T23:28:15.076+0000][67][info ][safepoint   ] Safepoint "G1PauseRemark", Time since last: 3498372 ns, Reaching safepoint: 206127 ns, At safepoint: 19055041 ns, Total: 19261168 ns
[2023-07-14T23:28:15.077+0000][67][info ][gc,marking  ] GC(9) Concurrent Mark 30.362ms
[2023-07-14T23:28:15.078+0000][67][info ][gc,marking  ] GC(9) Concurrent Rebuild Remembered Sets
[2023-07-14T23:28:15.079+0000][67][info ][gc,marking  ] GC(9) Concurrent Rebuild Remembered Sets 0.891ms
[2023-07-14T23:28:15.081+0000][67][info ][gc,start    ] GC(9) Pause Cleanup
[2023-07-14T23:28:15.082+0000][67][info ][gc          ] GC(9) Pause Cleanup 65M->65M(3932M) 1.170ms
[2023-07-14T23:28:15.083+0000][67][info ][gc,cpu      ] GC(9) User=0.00s Sys=0.00s Real=0.00s
[2023-07-14T23:28:15.084+0000][67][info ][safepoint   ] Safepoint "G1PauseCleanup", Time since last: 4595954 ns, Reaching safepoint: 464900 ns, At safepoint: 2983329 ns, Total: 3448229 ns
[2023-07-14T23:28:15.085+0000][67][info ][gc,marking  ] GC(9) Concurrent Cleanup for Next Mark
[2023-07-14T23:28:15.090+0000][67][info ][gc,marking  ] GC(9) Concurrent Cleanup for Next Mark 5.409ms
[2023-07-14T23:28:15.092+0000][67][info ][gc          ] GC(9) Concurrent Mark Cycle 73.481ms
[2023-07-14T23:28:16.087+0000][67][info ][safepoint   ] Safepoint "Cleanup", Time since last: 1002947077 ns, Reaching safepoint: 329445 ns, At safepoint: 7981 ns, Total: 337426 ns
[2023-07-14T23:28:17.541+0000][67][info ][safepoint   ] Safepoint "Cleanup", Time since last: 1453026129 ns, Reaching safepoint: 1104017 ns, At safepoint: 6317 ns, Total: 1110334 ns
[2023-07-14T23:28:18.629+0000][67][info ][safepoint   ] Safepoint "Cleanup", Time since last: 1086981693 ns, Reaching safepoint: 221169 ns, At safepoint: 31855 ns, Total: 253024 ns
[2023-07-14T23:28:19.518+0000][67][info ][safepoint   ] Safepoint "ICBufferFull", Time since last: 887833274 ns, Reaching safepoint: 1236379 ns, At safepoint: 7537 ns, Total: 1243916 ns
[2023-07-14T23:28:19.822+0000][67][info ][gc,start    ] GC(10) Pause Young (Concurrent Start) (Metadata GC Threshold)
[2023-07-14T23:28:19.823+0000][67][info ][gc,task     ] GC(10) Using 6 workers of 6 for evacuation
[2023-07-14T23:28:19.824+0000][67][debug][gc,age      ] GC(10) Desired survivor size 52428800 bytes, new threshold 7 (max threshold 15)
[2023-07-14T23:28:19.898+0000][67][info ][gc,phases   ] GC(10)   Pre Evacuate Collection Set: 0.5ms
[2023-07-14T23:28:19.899+0000][67][info ][gc,phases   ] GC(10)   Merge Heap Roots: 0.2ms
[2023-07-14T23:28:19.900+0000][67][info ][gc,phases   ] GC(10)   Evacuate Collection Set: 61.6ms
[2023-07-14T23:28:19.901+0000][67][info ][gc,phases   ] GC(10)   Post Evacuate Collection Set: 10.8ms
[2023-07-14T23:28:19.902+0000][67][info ][gc,phases   ] GC(10)   Other: 1.8ms
[2023-07-14T23:28:19.905+0000][67][trace][gc,age      ] GC(10) Age table with threshold 7 (max threshold 15)
[2023-07-14T23:28:19.906+0000][67][trace][gc,age      ] GC(10) - age   1:   15687744 bytes,   15687744 total
[2023-07-14T23:28:19.907+0000][67][trace][gc,age      ] GC(10) - age   2:   24668848 bytes,   40356592 total
[2023-07-14T23:28:19.908+0000][67][trace][gc,age      ] GC(10) - age   3:    1090944 bytes,   41447536 total
[2023-07-14T23:28:19.909+0000][67][trace][gc,age      ] GC(10) - age   4:    7748656 bytes,   49196192 total
[2023-07-14T23:28:19.910+0000][67][trace][gc,age      ] GC(10) - age   5:    4919296 bytes,   54115488 total
[2023-07-14T23:28:19.911+0000][67][trace][gc,age      ] GC(10) - age   6:    5064960 bytes,   59180448 total
[2023-07-14T23:28:19.911+0000][67][trace][gc,age      ] GC(10) - age   7:    1048368 bytes,   60228816 total
[2023-07-14T23:28:19.912+0000][67][info ][gc,heap     ] GC(10) Eden regions: 114->0(136)
[2023-07-14T23:28:19.913+0000][67][info ][gc,heap     ] GC(10) Survivor regions: 14->16(25)
[2023-07-14T23:28:19.914+0000][67][info ][gc,heap     ] GC(10) Old regions: 0->3
[2023-07-14T23:28:19.915+0000][67][info ][gc,heap     ] GC(10) Archive regions: 2->2
[2023-07-14T23:28:19.915+0000][67][info ][gc,heap     ] GC(10) Humongous regions: 0->0
[2023-07-14T23:28:19.916+0000][67][info ][gc,metaspace] GC(10) Metaspace: 98762K(100928K)->98762K(100928K) NonClass: 85945K(87104K)->85945K(87104K) Class: 12816K(13824K)->12816K(13824K)
[2023-07-14T23:28:19.917+0000][67][info ][gc          ] GC(10) Pause Young (Concurrent Start) (Metadata GC Threshold) 515M->74M(3932M) 95.514ms
[2023-07-14T23:28:19.919+0000][67][info ][gc,cpu      ] GC(10) User=0.12s Sys=0.01s Real=0.10s
[2023-07-14T23:28:19.919+0000][67][info ][gc          ] GC(11) Concurrent Mark Cycle
[2023-07-14T23:28:19.921+0000][67][info ][gc,marking  ] GC(11) Concurrent Clear Claimed Marks
[2023-07-14T23:28:19.928+0000][67][info ][gc,marking  ] GC(11) Concurrent Clear Claimed Marks 7.229ms
[2023-07-14T23:28:19.929+0000][67][info ][gc,marking  ] GC(11) Concurrent Scan Root Regions
[2023-07-14T23:28:19.921+0000][67][info ][safepoint   ] Safepoint "CollectForMetadataAllocation", Time since last: 303910127 ns, Reaching safepoint: 364832 ns, At safepoint: 98982090 ns, Total: 99346922 ns
[2023-07-14T23:28:19.965+0000][67][info ][gc,marking  ] GC(11) Concurrent Scan Root Regions 35.942ms
[2023-07-14T23:28:19.966+0000][67][info ][gc,marking  ] GC(11) Concurrent Mark
[2023-07-14T23:28:19.966+0000][67][info ][gc,marking  ] GC(11) Concurrent Mark From Roots
[2023-07-14T23:28:19.969+0000][67][info ][gc,task     ] GC(11) Using 2 workers of 2 for marking
[2023-07-14T23:28:19.978+0000][67][info ][gc,marking  ] GC(11) Concurrent Mark From Roots 11.827ms
[2023-07-14T23:28:19.979+0000][67][info ][gc,marking  ] GC(11) Concurrent Preclean
[2023-07-14T23:28:19.980+0000][67][info ][gc,marking  ] GC(11) Concurrent Preclean 0.942ms
[2023-07-14T23:28:19.981+0000][67][info ][gc,start    ] GC(11) Pause Remark
[2023-07-14T23:28:19.992+0000][67][info ][gc          ] GC(11) Pause Remark 82M->82M(3932M) 11.008ms
[2023-07-14T23:28:19.994+0000][67][info ][gc,cpu      ] GC(11) User=0.01s Sys=0.00s Real=0.01s
[2023-07-14T23:28:19.998+0000][67][info ][safepoint   ] Safepoint "G1PauseRemark", Time since last: 60146538 ns, Reaching safepoint: 427368 ns, At safepoint: 16610674 ns, Total: 17038042 ns
[2023-07-14T23:28:19.999+0000][67][info ][gc,marking  ] GC(11) Concurrent Mark 33.577ms
[2023-07-14T23:28:20.013+0000][67][info ][gc,marking  ] GC(11) Concurrent Rebuild Remembered Sets
[2023-07-14T23:28:20.020+0000][67][info ][gc,marking  ] GC(11) Concurrent Rebuild Remembered Sets 6.826ms
[2023-07-14T23:28:20.022+0000][67][info ][gc,start    ] GC(11) Pause Cleanup
[2023-07-14T23:28:20.023+0000][67][info ][gc          ] GC(11) Pause Cleanup 82M->82M(3932M) 1.149ms
[2023-07-14T23:28:20.024+0000][67][info ][gc,cpu      ] GC(11) User=0.00s Sys=0.00s Real=0.00s
[2023-07-14T23:28:20.025+0000][67][info ][safepoint   ] Safepoint "G1PauseCleanup", Time since last: 23094767 ns, Reaching safepoint: 889936 ns, At safepoint: 2870656 ns, Total: 3760592 ns
[2023-07-14T23:28:20.026+0000][67][info ][gc,marking  ] GC(11) Concurrent Cleanup for Next Mark
[2023-07-14T23:28:20.034+0000][67][info ][gc,marking  ] GC(11) Concurrent Cleanup for Next Mark 8.609ms
[2023-07-14T23:28:20.035+0000][67][info ][gc          ] GC(11) Concurrent Mark Cycle 116.311ms
[2023-07-14T23:28:21.252+0000][67][info ][safepoint   ] Safepoint "Cleanup", Time since last: 1226202414 ns, Reaching safepoint: 453101 ns, At safepoint: 9982 ns, Total: 463083 ns
[2023-07-14T23:28:21.495+0000][67][info ][safepoint   ] Safepoint "ICBufferFull", Time since last: 242872396 ns, Reaching safepoint: 211335 ns, At safepoint: 33263 ns, Total: 244598 ns
[2023-07-14T23:28:21.927+0000][67][info ][safepoint   ] Safepoint "ICBufferFull", Time since last: 432266537 ns, Reaching safepoint: 184750 ns, At safepoint: 3116 ns, Total: 187866 ns
[2023-07-14T23:28:23.244+0000][67][info ][safepoint   ] Safepoint "ICBufferFull", Time since last: 1317020785 ns, Reaching safepoint: 198423 ns, At safepoint: 34054 ns, Total: 232477 ns
[2023-07-14T23:28:23.951+0000][67][info ][safepoint   ] Safepoint "ICBufferFull", Time since last: 705715950 ns, Reaching safepoint: 1249069 ns, At safepoint: 120367 ns, Total: 1369436 ns
[2023-07-14T23:28:24.392+0000][67][info ][safepoint   ] Safepoint "ICBufferFull", Time since last: 439905182 ns, Reaching safepoint: 156810 ns, At safepoint: 60645 ns, Total: 217455 ns
[2023-07-14T23:28:24.573+0000][67][info ][safepoint   ] Safepoint "ICBufferFull", Time since last: 181128683 ns, Reaching safepoint: 388033 ns, At safepoint: 114149 ns, Total: 502182 ns
[2023-07-14T23:28:24.876+0000][67][info ][safepoint   ] Safepoint "ICBufferFull", Time since last: 301921088 ns, Reaching safepoint: 287635 ns, At safepoint: 113291 ns, Total: 400926 ns
[2023-07-14T23:28:25.417+0000][67][info ][safepoint   ] Safepoint "ICBufferFull", Time since last: 541482602 ns, Reaching safepoint: 188881 ns, At safepoint: 37814 ns, Total: 226695 ns
[2023-07-14T23:28:25.424+0000][67][info ][safepoint   ] Safepoint "ICBufferFull", Time since last: 7002507 ns, Reaching safepoint: 49919 ns, At safepoint: 54847 ns, Total: 104766 ns
[2023-07-14T23:28:25.426+0000][67][info ][safepoint   ] Safepoint "ICBufferFull", Time since last: 1497579 ns, Reaching safepoint: 224017 ns, At safepoint: 8655 ns, Total: 232672 ns
[2023-07-14T23:28:25.980+0000][67][info ][safepoint   ] Safepoint "ICBufferFull", Time since last: 552567106 ns, Reaching safepoint: 1447820 ns, At safepoint: 78493 ns, Total: 1526313 ns
[2023-07-14T23:28:26.624+0000][67][info ][safepoint   ] Safepoint "ICBufferFull", Time since last: 638942645 ns, Reaching safepoint: 179925 ns, At safepoint: 6019 ns, Total: 185944 ns
[2023-07-14T23:28:27.482+0000][67][info ][safepoint   ] Safepoint "ICBufferFull", Time since last: 857314522 ns, Reaching safepoint: 132192 ns, At safepoint: 31452 ns, Total: 163644 ns
[2023-07-14T23:28:28.421+0000][67][info ][safepoint   ] Safepoint "ICBufferFull", Time since last: 939271653 ns, Reaching safepoint: 224348 ns, At safepoint: 7780 ns, Total: 232128 ns
[2023-07-14T23:28:29.327+0000][67][info ][safepoint   ] Safepoint "ICBufferFull", Time since last: 905386974 ns, Reaching safepoint: 215986 ns, At safepoint: 44457 ns, Total: 260443 ns
[2023-07-14T23:28:30.838+0000][67][info ][safepoint   ] Safepoint "Cleanup", Time since last: 1510005597 ns, Reaching safepoint: 738062 ns, At safepoint: 60119 ns, Total: 798181 ns
[2023-07-14T23:28:31.968+0000][67][info ][safepoint   ] Safepoint "Cleanup", Time since last: 1129945355 ns, Reaching safepoint: 199037 ns, At safepoint: 3723 ns, Total: 202760 ns
[2023-07-14T23:28:33.884+0000][67][info ][safepoint   ] Safepoint "Cleanup", Time since last: 1915595206 ns, Reaching safepoint: 353159 ns, At safepoint: 15700 ns, Total: 368859 ns
[2023-07-14T23:28:34.886+0000][67][info ][safepoint   ] Safepoint "Cleanup", Time since last: 1001881187 ns, Reaching safepoint: 186564 ns, At safepoint: 33275 ns, Total: 219839 ns
[2023-07-14T23:28:35.887+0000][67][info ][safepoint   ] Safepoint "Cleanup", Time since last: 1001223294 ns, Reaching safepoint: 185767 ns, At safepoint: 7458 ns, Total: 193225 ns
[2023-07-14T23:28:36.094+0000][67][info ][safepoint   ] Safepoint "ICBufferFull", Time since last: 206503225 ns, Reaching safepoint: 512035 ns, At safepoint: 127717 ns, Total: 639752 ns
[2023-07-14T23:28:36.276+0000][67][info ][safepoint   ] Safepoint "ICBufferFull", Time since last: 180829868 ns, Reaching safepoint: 274017 ns, At safepoint: 115163 ns, Total: 389180 ns
[2023-07-14T23:28:38.031+0000][67][info ][safepoint   ] Safepoint "Cleanup", Time since last: 1755040351 ns, Reaching safepoint: 200492 ns, At safepoint: 116831 ns, Total: 317323 ns
[2023-07-14T23:28:39.050+0000][67][info ][safepoint   ] Safepoint "ICBufferFull", Time since last: 1018553732 ns, Reaching safepoint: 139308 ns, At safepoint: 2674 ns, Total: 141982 ns
[2023-07-14T23:28:39.549+0000][67][info ][safepoint   ] Safepoint "ICBufferFull", Time since last: 498497431 ns, Reaching safepoint: 342270 ns, At safepoint: 40566 ns, Total: 382836 ns
[2023-07-14T23:28:39.850+0000][67][info ][safepoint   ] Safepoint "ICBufferFull", Time since last: 301054212 ns, Reaching safepoint: 501544 ns, At safepoint: 46214 ns, Total: 547758 ns
[2023-07-14T23:28:41.732+0000][67][info ][safepoint   ] Safepoint "Cleanup", Time since last: 1881985539 ns, Reaching safepoint: 228552 ns, At safepoint: 4991 ns, Total: 233543 ns
[2023-07-14T23:28:42.735+0000][67][info ][safepoint   ] Safepoint "Cleanup", Time since last: 1001906082 ns, Reaching safepoint: 402072 ns, At safepoint: 15976 ns, Total: 418048 ns
[2023-07-14T23:28:43.738+0000][67][info ][safepoint   ] Safepoint "Cleanup", Time since last: 1002420212 ns, Reaching safepoint: 483721 ns, At safepoint: 25094 ns, Total: 508815 ns
[2023-07-14T23:28:45.160+0000][67][info ][safepoint   ] Safepoint "Cleanup", Time since last: 1422454669 ns, Reaching safepoint: 185412 ns, At safepoint: 3642 ns, Total: 189054 ns
[2023-07-14T23:28:46.732+0000][67][info ][safepoint   ] Safepoint "Cleanup", Time since last: 1570939640 ns, Reaching safepoint: 365394 ns, At safepoint: 7059 ns, Total: 372453 ns
[2023-07-14T23:28:48.735+0000][67][info ][safepoint   ] Safepoint "Cleanup", Time since last: 2003036591 ns, Reaching safepoint: 621985 ns, At safepoint: 11117 ns, Total: 633102 ns
[2023-07-14T23:28:51.193+0000][67][info ][safepoint   ] Safepoint "Cleanup", Time since last: 2457507096 ns, Reaching safepoint: 250295 ns, At safepoint: 37066 ns, Total: 287361 ns
[2023-07-14T23:28:53.004+0000][67][info ][safepoint   ] Safepoint "Cleanup", Time since last: 1810541099 ns, Reaching safepoint: 246564 ns, At safepoint: 4331 ns, Total: 250895 ns
[2023-07-14T23:28:54.007+0000][67][info ][safepoint   ] Safepoint "Cleanup", Time since last: 1002562135 ns, Reaching safepoint: 427977 ns, At safepoint: 15405 ns, Total: 443382 ns
[2023-07-14T23:28:55.010+0000][67][info ][safepoint   ] Safepoint "Cleanup", Time since last: 1002411456 ns, Reaching safepoint: 488812 ns, At safepoint: 26408 ns, Total: 515220 ns
[2023-07-14T23:28:57.014+0000][67][info ][safepoint   ] Safepoint "Cleanup", Time since last: 2003388533 ns, Reaching safepoint: 213558 ns, At safepoint: 4961 ns, Total: 218519 ns
[2023-07-14T23:28:58.226+0000][67][info ][safepoint   ] Safepoint "Cleanup", Time since last: 1211481681 ns, Reaching safepoint: 297452 ns, At safepoint: 71151 ns, Total: 368603 ns
[2023-07-14T23:28:59.409+0000][67][info ][safepoint   ] Safepoint "Cleanup", Time since last: 1182535279 ns, Reaching safepoint: 376864 ns, At safepoint: 14300 ns, Total: 391164 ns
[2023-07-14T23:29:00.412+0000][67][info ][safepoint   ] Safepoint "Cleanup", Time since last: 1002089558 ns, Reaching safepoint: 486790 ns, At safepoint: 9167 ns, Total: 495957 ns
[2023-07-14T23:29:01.416+0000][67][info ][safepoint   ] Safepoint "Cleanup", Time since last: 1003334341 ns, Reaching safepoint: 542390 ns, At safepoint: 25712 ns, Total: 568102 ns
[2023-07-14T23:29:03.164+0000][67][info ][safepoint   ] Safepoint "Cleanup", Time since last: 1748434655 ns, Reaching safepoint: 190378 ns, At safepoint: 36520 ns, Total: 226898 ns
[2023-07-14T23:29:04.621+0000][67][info ][safepoint   ] Safepoint "Cleanup", Time since last: 1455652601 ns, Reaching safepoint: 637294 ns, At safepoint: 24330 ns, Total: 661624 ns
[2023-07-14T23:29:05.625+0000][67][info ][safepoint   ] Safepoint "Cleanup", Time since last: 1003246665 ns, Reaching safepoint: 558626 ns, At safepoint: 24362 ns, Total: 582988 ns
[2023-07-14T23:29:06.628+0000][67][info ][safepoint   ] Safepoint "Cleanup", Time since last: 1002901152 ns, Reaching safepoint: 545136 ns, At safepoint: 11136 ns, Total: 556272 ns
[2023-07-14T23:29:08.632+0000][67][info ][safepoint   ] Safepoint "Cleanup", Time since last: 2003323699 ns, Reaching safepoint: 541255 ns, At safepoint: 9793 ns, Total: 551048 ns
[2023-07-14T23:29:09.884+0000][67][info ][safepoint   ] Safepoint "Cleanup", Time since last: 1251990023 ns, Reaching safepoint: 311501 ns, At safepoint: 31988 ns, Total: 343489 ns
[2023-07-14T23:29:10.950+0000][67][info ][safepoint   ] Safepoint "Cleanup", Time since last: 1065907579 ns, Reaching safepoint: 224553 ns, At safepoint: 5047 ns, Total: 229600 ns
[2023-07-14T23:29:11.952+0000][67][info ][safepoint   ] Safepoint "Cleanup", Time since last: 1001832284 ns, Reaching safepoint: 227187 ns, At safepoint: 17403 ns, Total: 244590 ns
[2023-07-14T23:29:12.955+0000][67][info ][safepoint   ] Safepoint "Cleanup", Time since last: 1001997113 ns, Reaching safepoint: 516093 ns, At safepoint: 9274 ns, Total: 525367 ns
[2023-07-14T23:29:13.959+0000][67][info ][safepoint   ] Safepoint "Cleanup", Time since last: 1002951172 ns, Reaching safepoint: 839906 ns, At safepoint: 179523 ns, Total: 1019429 ns
[2023-07-14T23:29:15.191+0000][67][info ][safepoint   ] Safepoint "Cleanup", Time since last: 1231866528 ns, Reaching safepoint: 137108 ns, At safepoint: 81012 ns, Total: 218120 ns
[2023-07-14T23:29:16.376+0000][67][info ][safepoint   ] Safepoint "Cleanup", Time since last: 1184444247 ns, Reaching safepoint: 106667 ns, At safepoint: 4212 ns, Total: 110879 ns
[2023-07-14T23:29:17.537+0000][67][info ][safepoint   ] Safepoint "Cleanup", Time since last: 1161436742 ns, Reaching safepoint: 405133 ns, At safepoint: 16554 ns, Total: 421687 ns
[2023-07-14T23:29:18.053+0000][67][info ][gc,start    ] GC(12) Pause Young (Normal) (G1 Evacuation Pause)
[2023-07-14T23:29:18.057+0000][67][info ][gc,task     ] GC(12) Using 6 workers of 6 for evacuation
[2023-07-14T23:29:18.059+0000][67][debug][gc,age      ] GC(12) Desired survivor size 48234496 bytes, new threshold 4 (max threshold 15)
[2023-07-14T23:29:18.147+0000][67][info ][gc,phases   ] GC(12)   Pre Evacuate Collection Set: 1.5ms
[2023-07-14T23:29:18.150+0000][67][info ][gc,phases   ] GC(12)   Merge Heap Roots: 5.3ms
[2023-07-14T23:29:18.151+0000][67][info ][gc,phases   ] GC(12)   Evacuate Collection Set: 70.5ms
[2023-07-14T23:29:18.152+0000][67][info ][gc,phases   ] GC(12)   Post Evacuate Collection Set: 6.9ms
[2023-07-14T23:29:18.154+0000][67][info ][gc,phases   ] GC(12)   Other: 6.6ms
[2023-07-14T23:29:18.155+0000][67][trace][gc,age      ] GC(12) Age table with threshold 4 (max threshold 15)
[2023-07-14T23:29:18.157+0000][67][trace][gc,age      ] GC(12) - age   1:   36084840 bytes,   36084840 total
[2023-07-14T23:29:18.159+0000][67][trace][gc,age      ] GC(12) - age   2:   14668504 bytes,   50753344 total
[2023-07-14T23:29:18.160+0000][67][trace][gc,age      ] GC(12) - age   3:   24512416 bytes,   75265760 total
[2023-07-14T23:29:18.161+0000][67][trace][gc,age      ] GC(12) - age   4:    1087880 bytes,   76353640 total
[2023-07-14T23:29:18.163+0000][67][info ][gc,heap     ] GC(12) Eden regions: 166->0(148)
[2023-07-14T23:29:18.164+0000][67][info ][gc,heap     ] GC(12) Survivor regions: 16->20(23)
[2023-07-14T23:29:18.165+0000][67][info ][gc,heap     ] GC(12) Old regions: 3->7
[2023-07-14T23:29:18.167+0000][67][info ][gc,heap     ] GC(12) Archive regions: 2->2
[2023-07-14T23:29:18.168+0000][67][info ][gc,heap     ] GC(12) Humongous regions: 0->0
[2023-07-14T23:29:18.170+0000][67][info ][gc,metaspace] GC(12) Metaspace: 131171K(134656K)->131171K(134656K) NonClass: 113760K(115584K)->113760K(115584K) Class: 17411K(19072K)->17411K(19072K)
[2023-07-14T23:29:18.171+0000][67][info ][gc          ] GC(12) Pause Young (Normal) (G1 Evacuation Pause) 738M->111M(3932M) 117.837ms
[2023-07-14T23:29:18.172+0000][67][info ][gc,cpu      ] GC(12) User=0.37s Sys=0.01s Real=0.12s
[2023-07-14T23:29:18.173+0000][67][info ][safepoint   ] Safepoint "G1CollectForAllocation", Time since last: 515310198 ns, Reaching safepoint: 391337 ns, At safepoint: 120373693 ns, Total: 120765030 ns
[2023-07-14T23:29:19.916+0000][67][info ][safepoint   ] Safepoint "Cleanup", Time since last: 1741851478 ns, Reaching safepoint: 307547 ns, At safepoint: 110575 ns, Total: 418122 ns
[2023-07-14T23:29:21.185+0000][67][info ][safepoint   ] Safepoint "Cleanup", Time since last: 1268918403 ns, Reaching safepoint: 179223 ns, At safepoint: 26774 ns, Total: 205997 ns
[2023-07-14T23:29:22.934+0000][67][info ][safepoint   ] Safepoint "Cleanup", Time since last: 1749309967 ns, Reaching safepoint: 273306 ns, At safepoint: 57748 ns, Total: 331054 ns
[2023-07-14T23:29:23.950+0000][67][info ][safepoint   ] Safepoint "Cleanup", Time since last: 1015627364 ns, Reaching safepoint: 344742 ns, At safepoint: 6951 ns, Total: 351693 ns
[2023-07-14T23:29:24.954+0000][67][info ][safepoint   ] Safepoint "Cleanup", Time since last: 1002732559 ns, Reaching safepoint: 583181 ns, At safepoint: 21562 ns, Total: 604743 ns
[2023-07-14T23:29:26.959+0000][67][info ][safepoint   ] Safepoint "Cleanup", Time since last: 2003573060 ns, Reaching safepoint: 391352 ns, At safepoint: 18773 ns, Total: 410125 ns
[2023-07-14T23:29:28.133+0000][67][info ][safepoint   ] Safepoint "Cleanup", Time since last: 1174408553 ns, Reaching safepoint: 169934 ns, At safepoint: 27579 ns, Total: 197513 ns
[2023-07-14T23:29:29.190+0000][67][info ][safepoint   ] Safepoint "Cleanup", Time since last: 1056179844 ns, Reaching safepoint: 548511 ns, At safepoint: 14222 ns, Total: 562733 ns
[2023-07-14T23:29:30.193+0000][67][info ][safepoint   ] Safepoint "Cleanup", Time since last: 1002580235 ns, Reaching safepoint: 441633 ns, At safepoint: 9884 ns, Total: 451517 ns
[2023-07-14T23:29:31.196+0000][67][info ][safepoint   ] Safepoint "Cleanup", Time since last: 1002435087 ns, Reaching safepoint: 562852 ns, At safepoint: 12101 ns, Total: 574953 ns
[2023-07-14T23:29:33.162+0000][67][info ][safepoint   ] Safepoint "Cleanup", Time since last: 1966211637 ns, Reaching safepoint: 191266 ns, At safepoint: 33719 ns, Total: 224985 ns
[2023-07-14T23:29:34.407+0000][67][info ][safepoint   ] Safepoint "Cleanup", Time since last: 1244503177 ns, Reaching safepoint: 211470 ns, At safepoint: 52767 ns, Total: 264237 ns
[2023-07-14T23:29:35.466+0000][67][info ][safepoint   ] Safepoint "Cleanup", Time since last: 1058024024 ns, Reaching safepoint: 349570 ns, At safepoint: 8704 ns, Total: 358274 ns
[2023-07-14T23:29:36.468+0000][67][info ][safepoint   ] Safepoint "Cleanup", Time since last: 1001821845 ns, Reaching safepoint: 296859 ns, At safepoint: 122090 ns, Total: 418949 ns
[2023-07-14T23:29:39.172+0000][67][info ][safepoint   ] Safepoint "Cleanup", Time since last: 2703666061 ns, Reaching safepoint: 151791 ns, At safepoint: 27638 ns, Total: 179429 ns
[2023-07-14T23:29:40.734+0000][67][info ][safepoint   ] Safepoint "Cleanup", Time since last: 1561525862 ns, Reaching safepoint: 480899 ns, At safepoint: 11237 ns, Total: 492136 ns
[2023-07-14T23:29:41.736+0000][67][info ][safepoint   ] Safepoint "Cleanup", Time since last: 1002597825 ns, Reaching safepoint: 222281 ns, At safepoint: 11546 ns, Total: 233827 ns
[2023-07-14T23:29:42.739+0000][67][info ][safepoint   ] Safepoint "Cleanup", Time since last: 1001847739 ns, Reaching safepoint: 345110 ns, At safepoint: 7333 ns, Total: 352443 ns
[2023-07-14T23:29:43.742+0000][67][info ][safepoint   ] Safepoint "Cleanup", Time since last: 1002582414 ns, Reaching safepoint: 474337 ns, At safepoint: 10046 ns, Total: 484383 ns
[2023-07-14T23:29:45.205+0000][67][info ][safepoint   ] Safepoint "Cleanup", Time since last: 1462781146 ns, Reaching safepoint: 260219 ns, At safepoint: 100293 ns, Total: 360512 ns
[2023-07-14T23:29:47.010+0000][67][info ][safepoint   ] Safepoint "Cleanup", Time since last: 1804127086 ns, Reaching safepoint: 549422 ns, At safepoint: 9865 ns, Total: 559287 ns
[2023-07-14T23:29:49.013+0000][67][info ][safepoint   ] Safepoint "Cleanup", Time since last: 2002996417 ns, Reaching safepoint: 266988 ns, At safepoint: 4821 ns, Total: 271809 ns
[2023-07-14T23:29:51.180+0000][67][info ][safepoint   ] Safepoint "Cleanup", Time since last: 2166926892 ns, Reaching safepoint: 97206 ns, At safepoint: 31849 ns, Total: 129055 ns
[2023-07-14T23:29:52.230+0000][67][info ][safepoint   ] Safepoint "Cleanup", Time since last: 1049656375 ns, Reaching safepoint: 183893 ns, At safepoint: 6753 ns, Total: 190646 ns
[2023-07-14T23:29:53.389+0000][67][info ][safepoint   ] Safepoint "Cleanup", Time since last: 1158898551 ns, Reaching safepoint: 365818 ns, At safepoint: 12542 ns, Total: 378360 ns
[2023-07-14T23:29:54.391+0000][67][info ][safepoint   ] Safepoint "Cleanup", Time since last: 1001961214 ns, Reaching safepoint: 416642 ns, At safepoint: 9688 ns, Total: 426330 ns
[2023-07-14T23:29:55.395+0000][67][info ][safepoint   ] Safepoint "Cleanup", Time since last: 1002813302 ns, Reaching safepoint: 628887 ns, At safepoint: 10134 ns, Total: 639021 ns
[2023-07-14T23:29:56.399+0000][67][info ][safepoint   ] Safepoint "Cleanup", Time since last: 1002545665 ns, Reaching safepoint: 414112 ns, At safepoint: 7379 ns, Total: 421491 ns
[2023-07-14T23:29:57.554+0000][67][info ][safepoint   ] Safepoint "Cleanup", Time since last: 1154766681 ns, Reaching safepoint: 293988 ns, At safepoint: 34722 ns, Total: 328710 ns
[2023-07-14T23:29:58.614+0000][67][info ][safepoint   ] Safepoint "Cleanup", Time since last: 1059523890 ns, Reaching safepoint: 520523 ns, At safepoint: 12446 ns, Total: 532969 ns
[2023-07-14T23:30:00.119+0000][67][info ][safepoint   ] Safepoint "Cleanup", Time since last: 1504765375 ns, Reaching safepoint: 254597 ns, At safepoint: 4632 ns, Total: 259229 ns
[2023-07-14T23:30:02.121+0000][67][info ][safepoint   ] Safepoint "Cleanup", Time since last: 2001798318 ns, Reaching safepoint: 206502 ns, At safepoint: 3081 ns, Total: 209583 ns
[2023-07-14T23:30:03.123+0000][67][info ][safepoint   ] Safepoint "Cleanup", Time since last: 1001681506 ns, Reaching safepoint: 253378 ns, At safepoint: 15167 ns, Total: 268545 ns
[2023-07-14T23:30:04.413+0000][67][info ][safepoint   ] Safepoint "Cleanup", Time since last: 1289924331 ns, Reaching safepoint: 104535 ns, At safepoint: 3404 ns, Total: 107939 ns
[2023-07-14T23:30:05.495+0000][67][info ][safepoint   ] Safepoint "Cleanup", Time since last: 1081766408 ns, Reaching safepoint: 587769 ns, At safepoint: 23250 ns, Total: 611019 ns
[2023-07-14T23:30:06.498+0000][67][info ][safepoint   ] Safepoint "Cleanup", Time since last: 1002458356 ns, Reaching safepoint: 471236 ns, At safepoint: 14898 ns, Total: 486134 ns
[2023-07-14T23:30:09.174+0000][67][info ][safepoint   ] Safepoint "Cleanup", Time since last: 2675724382 ns, Reaching safepoint: 177740 ns, At safepoint: 64966 ns, Total: 242706 ns
[2023-07-14T23:30:10.813+0000][67][info ][safepoint   ] Safepoint "Cleanup", Time since last: 1638286158 ns, Reaching safepoint: 255595 ns, At safepoint: 10518 ns, Total: 266113 ns
[2023-07-14T23:30:12.814+0000][67][info ][safepoint   ] Safepoint "Cleanup", Time since last: 2001395791 ns, Reaching safepoint: 168071 ns, At safepoint: 3456 ns, Total: 171527 ns
[2023-07-14T23:30:15.182+0000][67][info ][safepoint   ] Safepoint "Cleanup", Time since last: 2366922605 ns, Reaching safepoint: 193947 ns, At safepoint: 36070 ns, Total: 230017 ns
[2023-07-14T23:30:16.201+0000][67][info ][safepoint   ] Safepoint "Cleanup", Time since last: 1019460086 ns, Reaching safepoint: 149573 ns, At safepoint: 37551 ns, Total: 187124 ns
[2023-07-14T23:30:17.211+0000][67][info ][safepoint   ] Safepoint "Cleanup", Time since last: 1009303390 ns, Reaching safepoint: 254721 ns, At safepoint: 16272 ns, Total: 270993 ns
[2023-07-14T23:30:18.215+0000][67][info ][safepoint   ] Safepoint "Cleanup", Time since last: 1004075482 ns, Reaching safepoint: 148330 ns, At safepoint: 27823 ns, Total: 176153 ns
[2023-07-14T23:30:19.245+0000][67][info ][safepoint   ] Safepoint "Cleanup", Time since last: 1029191232 ns, Reaching safepoint: 399843 ns, At safepoint: 21205 ns, Total: 421048 ns
[2023-07-14T23:30:20.450+0000][67][info ][safepoint   ] Safepoint "Cleanup", Time since last: 1205150367 ns, Reaching safepoint: 617149 ns, At safepoint: 26605 ns, Total: 643754 ns
[2023-07-14T23:30:21.665+0000][67][info ][safepoint   ] Safepoint "Cleanup", Time since last: 1214477918 ns, Reaching safepoint: 172673 ns, At safepoint: 33928 ns, Total: 206601 ns
[2023-07-14T23:30:22.751+0000][67][info ][safepoint   ] Safepoint "Cleanup", Time since last: 1085268183 ns, Reaching safepoint: 245102 ns, At safepoint: 3516 ns, Total: 248618 ns
[2023-07-14T23:30:23.752+0000][67][info ][safepoint   ] Safepoint "Cleanup", Time since last: 1001174301 ns, Reaching safepoint: 180558 ns, At safepoint: 4557 ns, Total: 185115 ns
[2023-07-14T23:30:24.753+0000][67][info ][safepoint   ] Safepoint "Cleanup", Time since last: 1001206850 ns, Reaching safepoint: 197687 ns, At safepoint: 10174 ns, Total: 207861 ns
[2023-07-14T23:30:25.755+0000][67][info ][safepoint   ] Safepoint "Cleanup", Time since last: 1001262901 ns, Reaching safepoint: 293666 ns, At safepoint: 4078 ns, Total: 297744 ns
[2023-07-14T23:30:26.758+0000][67][info ][safepoint   ] Safepoint "Cleanup", Time since last: 1001442403 ns, Reaching safepoint: 453483 ns, At safepoint: 11698 ns, Total: 465181 ns
[2023-07-14T23:30:27.955+0000][67][info ][safepoint   ] Safepoint "Cleanup", Time since last: 1197032752 ns, Reaching safepoint: 212406 ns, At safepoint: 28952 ns, Total: 241358 ns
[2023-07-14T23:30:29.014+0000][67][info ][safepoint   ] Safepoint "Cleanup", Time since last: 1059013940 ns, Reaching safepoint: 327687 ns, At safepoint: 4875 ns, Total: 332562 ns
[2023-07-14T23:30:31.017+0000][67][info ][safepoint   ] Safepoint "Cleanup", Time since last: 2001901846 ns, Reaching safepoint: 628048 ns, At safepoint: 88182 ns, Total: 716230 ns
[2023-07-14T23:30:32.020+0000][67][info ][safepoint   ] Safepoint "Cleanup", Time since last: 1002814968 ns, Reaching safepoint: 342963 ns, At safepoint: 6875 ns, Total: 349838 ns
[2023-07-14T23:30:33.023+0000][67][info ][safepoint   ] Safepoint "Cleanup", Time since last: 1002470951 ns, Reaching safepoint: 564809 ns, At safepoint: 9259 ns, Total: 574068 ns
[2023-07-14T23:30:34.234+0000][67][info ][safepoint   ] Safepoint "Cleanup", Time since last: 1210291072 ns, Reaching safepoint: 147719 ns, At safepoint: 29812 ns, Total: 177531 ns
[2023-07-14T23:30:35.409+0000][67][info ][safepoint   ] Safepoint "Cleanup", Time since last: 1175237813 ns, Reaching safepoint: 413220 ns, At safepoint: 69790 ns, Total: 483010 ns
[2023-07-14T23:30:36.423+0000][67][info ][safepoint   ] Safepoint "Cleanup", Time since last: 1013322802 ns, Reaching safepoint: 395311 ns, At safepoint: 16782 ns, Total: 412093 ns
[2023-07-14T23:30:39.214+0000][67][info ][safepoint   ] Safepoint "Cleanup", Time since last: 2791128007 ns, Reaching safepoint: 166135 ns, At safepoint: 31217 ns, Total: 197352 ns
[2023-07-14T23:30:40.689+0000][67][info ][safepoint   ] Safepoint "Cleanup", Time since last: 1474597776 ns, Reaching safepoint: 441606 ns, At safepoint: 13966 ns, Total: 455572 ns
[2023-07-14T23:30:41.997+0000][67][info ][safepoint   ] Safepoint "Cleanup", Time since last: 1307457645 ns, Reaching safepoint: 225314 ns, At safepoint: 3568 ns, Total: 228882 ns
[2023-07-14T23:30:42.999+0000][67][info ][safepoint   ] Safepoint "Cleanup", Time since last: 1001212046 ns, Reaching safepoint: 281490 ns, At safepoint: 5037 ns, Total: 286527 ns
[2023-07-14T23:30:44.000+0000][67][info ][safepoint   ] Safepoint "Cleanup", Time since last: 1001293871 ns, Reaching safepoint: 142020 ns, At safepoint: 2863 ns, Total: 144883 ns
[2023-07-14T23:30:45.172+0000][67][info ][safepoint   ] Safepoint "Cleanup", Time since last: 1171526414 ns, Reaching safepoint: 245976 ns, At safepoint: 31007 ns, Total: 276983 ns
[2023-07-14T23:30:46.192+0000][67][info ][safepoint   ] Safepoint "Cleanup", Time since last: 1020068165 ns, Reaching safepoint: 242703 ns, At safepoint: 31813 ns, Total: 274516 ns
[2023-07-14T23:30:47.275+0000][67][info ][safepoint   ] Safepoint "Cleanup", Time since last: 1082722026 ns, Reaching safepoint: 234000 ns, At safepoint: 6712 ns, Total: 240712 ns
[2023-07-14T23:30:48.277+0000][67][info ][safepoint   ] Safepoint "Cleanup", Time since last: 1001499180 ns, Reaching safepoint: 196085 ns, At safepoint: 3098 ns, Total: 199183 ns
[2023-07-14T23:30:49.278+0000][67][info ][safepoint   ] Safepoint "Cleanup", Time since last: 1001400106 ns, Reaching safepoint: 139800 ns, At safepoint: 4045 ns, Total: 143845 ns
[2023-07-14T23:30:51.200+0000][67][info ][safepoint   ] Safepoint "Cleanup", Time since last: 1921318182 ns, Reaching safepoint: 183909 ns, At safepoint: 31821 ns, Total: 215730 ns
[2023-07-14T23:30:52.363+0000][67][info ][safepoint   ] Safepoint "Cleanup", Time since last: 1162984651 ns, Reaching safepoint: 190617 ns, At safepoint: 3023 ns, Total: 193640 ns
[2023-07-14T23:30:53.561+0000][67][info ][safepoint   ] Safepoint "Cleanup", Time since last: 1197378108 ns, Reaching safepoint: 165678 ns, At safepoint: 51905 ns, Total: 217583 ns
[2023-07-14T23:30:54.562+0000][67][info ][safepoint   ] Safepoint "Cleanup", Time since last: 1001142383 ns, Reaching safepoint: 205657 ns, At safepoint: 3591 ns, Total: 209248 ns
[2023-07-14T23:30:56.565+0000][67][info ][safepoint   ] Safepoint "Cleanup", Time since last: 2001466561 ns, Reaching safepoint: 186774 ns, At safepoint: 3319 ns, Total: 190093 ns
[2023-07-14T23:30:57.774+0000][67][info ][safepoint   ] Safepoint "Cleanup", Time since last: 1209088465 ns, Reaching safepoint: 135998 ns, At safepoint: 26721 ns, Total: 162719 ns
[2023-07-14T23:30:58.951+0000][67][info ][safepoint   ] Safepoint "Cleanup", Time since last: 1176474019 ns, Reaching safepoint: 390929 ns, At safepoint: 33414 ns, Total: 424343 ns
[2023-07-14T23:30:59.959+0000][67][info ][safepoint   ] Safepoint "Cleanup", Time since last: 1007432639 ns, Reaching safepoint: 278439 ns, At safepoint: 4094 ns, Total: 282533 ns
[2023-07-14T23:31:00.960+0000][67][info ][safepoint   ] Safepoint "Cleanup", Time since last: 1001243709 ns, Reaching safepoint: 193693 ns, At safepoint: 3645 ns, Total: 197338 ns
[2023-07-14T23:31:03.188+0000][67][info ][safepoint   ] Safepoint "Cleanup", Time since last: 2227750532 ns, Reaching safepoint: 183374 ns, At safepoint: 34622 ns, Total: 217996 ns
[2023-07-14T23:31:04.200+0000][67][info ][safepoint   ] Safepoint "Cleanup", Time since last: 1011859047 ns, Reaching safepoint: 80518 ns, At safepoint: 3718 ns, Total: 84236 ns
[2023-07-14T23:31:05.269+0000][67][info ][safepoint   ] Safepoint "Cleanup", Time since last: 1068370357 ns, Reaching safepoint: 181397 ns, At safepoint: 12400 ns, Total: 193797 ns
[2023-07-14T23:31:06.270+0000][67][info ][safepoint   ] Safepoint "Cleanup", Time since last: 1001132094 ns, Reaching safepoint: 229881 ns, At safepoint: 11439 ns, Total: 241320 ns
[2023-07-14T23:31:07.272+0000][67][info ][safepoint   ] Safepoint "Cleanup", Time since last: 1001888355 ns, Reaching safepoint: 348584 ns, At safepoint: 6909 ns, Total: 355493 ns
[2023-07-14T23:31:09.208+0000][67][info ][safepoint   ] Safepoint "Cleanup", Time since last: 1935905038 ns, Reaching safepoint: 180679 ns, At safepoint: 41855 ns, Total: 222534 ns
[2023-07-14T23:31:10.598+0000][67][info ][safepoint   ] Safepoint "Cleanup", Time since last: 1388684550 ns, Reaching safepoint: 566412 ns, At safepoint: 8783 ns, Total: 575195 ns
[2023-07-14T23:31:11.841+0000][67][info ][safepoint   ] Safepoint "Cleanup", Time since last: 1242661399 ns, Reaching safepoint: 331652 ns, At safepoint: 4418 ns, Total: 336070 ns
[2023-07-14T23:31:12.842+0000][67][info ][safepoint   ] Safepoint "Cleanup", Time since last: 1001264538 ns, Reaching safepoint: 204073 ns, At safepoint: 9410 ns, Total: 213483 ns
[2023-07-14T23:31:14.014+0000][67][info ][safepoint   ] Safepoint "Cleanup", Time since last: 1172108982 ns, Reaching safepoint: 199483 ns, At safepoint: 3338 ns, Total: 202821 ns
[2023-07-14T23:31:15.207+0000][67][info ][safepoint   ] Safepoint "Cleanup", Time since last: 1192121545 ns, Reaching safepoint: 190432 ns, At safepoint: 34971 ns, Total: 225403 ns
[2023-07-14T23:31:16.348+0000][67][info ][safepoint   ] Safepoint "Cleanup", Time since last: 1141259336 ns, Reaching safepoint: 262933 ns, At safepoint: 76936 ns, Total: 339869 ns
[2023-07-14T23:31:17.430+0000][67][info ][safepoint   ] Safepoint "Cleanup", Time since last: 1081872709 ns, Reaching safepoint: 149172 ns, At safepoint: 2955 ns, Total: 152127 ns
[2023-07-14T23:31:18.683+0000][67][info ][safepoint   ] Safepoint "Cleanup", Time since last: 1252543954 ns, Reaching safepoint: 112866 ns, At safepoint: 50134 ns, Total: 163000 ns
[2023-07-14T23:31:20.195+0000][67][info ][safepoint   ] Safepoint "Cleanup", Time since last: 1511923887 ns, Reaching safepoint: 277936 ns, At safepoint: 64452 ns, Total: 342388 ns
[2023-07-14T23:31:21.212+0000][67][info ][safepoint   ] Safepoint "Cleanup", Time since last: 1016326890 ns, Reaching safepoint: 116594 ns, At safepoint: 29960 ns, Total: 146554 ns
[2023-07-14T23:31:22.385+0000][67][info ][safepoint   ] Safepoint "Cleanup", Time since last: 1173493676 ns, Reaching safepoint: 98862 ns, At safepoint: 3118 ns, Total: 101980 ns
[2023-07-14T23:31:23.619+0000][67][info ][safepoint   ] Safepoint "Cleanup", Time since last: 1233257046 ns, Reaching safepoint: 177223 ns, At safepoint: 10469 ns, Total: 187692 ns
[2023-07-14T23:31:25.090+0000][67][info ][safepoint   ] Safepoint "Cleanup", Time since last: 1470522563 ns, Reaching safepoint: 640068 ns, At safepoint: 10894 ns, Total: 650962 ns
[2023-07-14T23:31:26.093+0000][67][info ][safepoint   ] Safepoint "Cleanup", Time since last: 1002731991 ns, Reaching safepoint: 330373 ns, At safepoint: 4688 ns, Total: 335061 ns
[2023-07-14T23:31:27.096+0000][67][info ][safepoint   ] Safepoint "Cleanup", Time since last: 1002046108 ns, Reaching safepoint: 567583 ns, At safepoint: 48259 ns, Total: 615842 ns
[2023-07-14T23:31:28.939+0000][67][info ][safepoint   ] Safepoint "Cleanup", Time since last: 1842528310 ns, Reaching safepoint: 267536 ns, At safepoint: 85384 ns, Total: 352920 ns
[2023-07-14T23:31:29.941+0000][67][info ][safepoint   ] Safepoint "Cleanup", Time since last: 1001647945 ns, Reaching safepoint: 207418 ns, At safepoint: 23930 ns, Total: 231348 ns
[2023-07-14T23:31:30.943+0000][67][info ][safepoint   ] Safepoint "Cleanup", Time since last: 1002090349 ns, Reaching safepoint: 284856 ns, At safepoint: 11022 ns, Total: 295878 ns
[2023-07-14T23:31:31.946+0000][67][info ][safepoint   ] Safepoint "Cleanup", Time since last: 1001887102 ns, Reaching safepoint: 213071 ns, At safepoint: 4131 ns, Total: 217202 ns
[2023-07-14T23:31:32.947+0000][67][info ][safepoint   ] Safepoint "Cleanup", Time since last: 1001627320 ns, Reaching safepoint: 228681 ns, At safepoint: 3053 ns, Total: 231734 ns
[2023-07-14T23:31:34.140+0000][67][info ][safepoint   ] Safepoint "Cleanup", Time since last: 1192041621 ns, Reaching safepoint: 148238 ns, At safepoint: 35955 ns, Total: 184193 ns
[2023-07-14T23:31:35.204+0000][67][info ][safepoint   ] Safepoint "Cleanup", Time since last: 1063578258 ns, Reaching safepoint: 384725 ns, At safepoint: 22476 ns, Total: 407201 ns
[2023-07-14T23:31:36.206+0000][67][info ][safepoint   ] Safepoint "Cleanup", Time since last: 1002342095 ns, Reaching safepoint: 204248 ns, At safepoint: 2719 ns, Total: 206967 ns
[2023-07-14T23:31:37.208+0000][67][info ][safepoint   ] Safepoint "Cleanup", Time since last: 1001242045 ns, Reaching safepoint: 82172 ns, At safepoint: 40563 ns, Total: 122735 ns
[2023-07-14T23:31:39.209+0000][67][info ][safepoint   ] Safepoint "Cleanup", Time since last: 2001293059 ns, Reaching safepoint: 381827 ns, At safepoint: 16876 ns, Total: 398703 ns
[2023-07-14T23:31:40.387+0000][67][info ][safepoint   ] Safepoint "Cleanup", Time since last: 1177705652 ns, Reaching safepoint: 372413 ns, At safepoint: 38240 ns, Total: 410653 ns
[2023-07-14T23:31:41.608+0000][67][info ][safepoint   ] Safepoint "Cleanup", Time since last: 1219945173 ns, Reaching safepoint: 240309 ns, At safepoint: 51742 ns, Total: 292051 ns
[2023-07-14T23:31:42.619+0000][67][info ][safepoint   ] Safepoint "Cleanup", Time since last: 1010404074 ns, Reaching safepoint: 630613 ns, At safepoint: 25597 ns, Total: 656210 ns
[2023-07-14T23:31:43.621+0000][67][info ][safepoint   ] Safepoint "Cleanup", Time since last: 1002256370 ns, Reaching safepoint: 370567 ns, At safepoint: 5973 ns, Total: 376540 ns
[2023-07-14T23:31:45.178+0000][67][info ][safepoint   ] Safepoint "Cleanup", Time since last: 1556280389 ns, Reaching safepoint: 172893 ns, At safepoint: 28721 ns, Total: 201614 ns
[2023-07-14T23:31:46.843+0000][67][info ][safepoint   ] Safepoint "Cleanup", Time since last: 1665435816 ns, Reaching safepoint: 214164 ns, At safepoint: 14021 ns, Total: 228185 ns
[2023-07-14T23:31:48.179+0000][67][info ][safepoint   ] Safepoint "Cleanup", Time since last: 1335247944 ns, Reaching safepoint: 196092 ns, At safepoint: 9973 ns, Total: 206065 ns
[2023-07-14T23:31:49.896+0000][67][info ][safepoint   ] Safepoint "Cleanup", Time since last: 1716996656 ns, Reaching safepoint: 257788 ns, At safepoint: 89235 ns, Total: 347023 ns
[2023-07-14T23:31:51.184+0000][67][info ][safepoint   ] Safepoint "Cleanup", Time since last: 1287835748 ns, Reaching safepoint: 139188 ns, At safepoint: 9224 ns, Total: 148412 ns
[2023-07-14T23:31:52.427+0000][67][info ][safepoint   ] Safepoint "Cleanup", Time since last: 1242578083 ns, Reaching safepoint: 144645 ns, At safepoint: 33642 ns, Total: 178287 ns
[2023-07-14T23:31:53.612+0000][67][info ][safepoint   ] Safepoint "Cleanup", Time since last: 1184843461 ns, Reaching safepoint: 166662 ns, At safepoint: 54388 ns, Total: 221050 ns
[2023-07-14T23:31:55.066+0000][67][info ][safepoint   ] Safepoint "Cleanup", Time since last: 1453397706 ns, Reaching safepoint: 234429 ns, At safepoint: 11576 ns, Total: 246005 ns
[2023-07-14T23:31:56.071+0000][67][info ][safepoint   ] Safepoint "Cleanup", Time since last: 1005617474 ns, Reaching safepoint: 60179 ns, At safepoint: 3562 ns, Total: 63741 ns
[2023-07-14T23:31:57.083+0000][67][info ][safepoint   ] Safepoint "Cleanup", Time since last: 1010276510 ns, Reaching safepoint: 137443 ns, At safepoint: 106605 ns, Total: 244048 ns
[2023-07-14T23:31:58.876+0000][67][info ][safepoint   ] Safepoint "Cleanup", Time since last: 1792788056 ns, Reaching safepoint: 399879 ns, At safepoint: 18820 ns, Total: 418699 ns
[2023-07-14T23:32:00.880+0000][67][info ][safepoint   ] Safepoint "Cleanup", Time since last: 2003283128 ns, Reaching safepoint: 870984 ns, At safepoint: 24376 ns, Total: 895360 ns
[2023-07-14T23:32:02.888+0000][67][info ][safepoint   ] Safepoint "Cleanup", Time since last: 2007043287 ns, Reaching safepoint: 206061 ns, At safepoint: 3526 ns, Total: 209587 ns
[2023-07-14T23:32:04.104+0000][67][info ][safepoint   ] Safepoint "Cleanup", Time since last: 1216411954 ns, Reaching safepoint: 183408 ns, At safepoint: 97738 ns, Total: 281146 ns
[2023-07-14T23:32:06.277+0000][67][info ][safepoint   ] Safepoint "Cleanup", Time since last: 2172820818 ns, Reaching safepoint: 224444 ns, At safepoint: 4186 ns, Total: 228630 ns
[2023-07-14T23:32:07.279+0000][67][info ][safepoint   ] Safepoint "Cleanup", Time since last: 1001244091 ns, Reaching safepoint: 187296 ns, At safepoint: 2923 ns, Total: 190219 ns
[2023-07-14T23:32:09.195+0000][67][info ][safepoint   ] Safepoint "Cleanup", Time since last: 1915701473 ns, Reaching safepoint: 221835 ns, At safepoint: 49599 ns, Total: 271434 ns
[2023-07-14T23:32:10.341+0000][67][info ][safepoint   ] Safepoint "Cleanup", Time since last: 1146096533 ns, Reaching safepoint: 83646 ns, At safepoint: 4096 ns, Total: 87742 ns
[2023-07-14T23:32:11.497+0000][67][info ][safepoint   ] Safepoint "Cleanup", Time since last: 1155321669 ns, Reaching safepoint: 342998 ns, At safepoint: 3975 ns, Total: 346973 ns
[2023-07-14T23:32:15.186+0000][67][info ][safepoint   ] Safepoint "Cleanup", Time since last: 3689159535 ns, Reaching safepoint: 185917 ns, At safepoint: 29179 ns, Total: 215096 ns
[2023-07-14T23:32:16.822+0000][67][info ][safepoint   ] Safepoint "Cleanup", Time since last: 1636289055 ns, Reaching safepoint: 205306 ns, At safepoint: 10128 ns, Total: 215434 ns
[2023-07-14T23:32:17.824+0000][67][info ][safepoint   ] Safepoint "Cleanup", Time since last: 1001253379 ns, Reaching safepoint: 206412 ns, At safepoint: 3216 ns, Total: 209628 ns
[2023-07-14T23:32:18.826+0000][67][info ][safepoint   ] Safepoint "Cleanup", Time since last: 1001495700 ns, Reaching safepoint: 186677 ns, At safepoint: 3591 ns, Total: 190268 ns
[2023-07-14T23:32:21.207+0000][67][info ][safepoint   ] Safepoint "Cleanup", Time since last: 2381790002 ns, Reaching safepoint: 100954 ns, At safepoint: 36677 ns, Total: 137631 ns
[2023-07-14T23:32:23.104+0000][67][info ][safepoint   ] Safepoint "Cleanup", Time since last: 1895687897 ns, Reaching safepoint: 355707 ns, At safepoint: 13408 ns, Total: 369115 ns
[2023-07-14T23:32:24.107+0000][67][info ][safepoint   ] Safepoint "Cleanup", Time since last: 1002368976 ns, Reaching safepoint: 606093 ns, At safepoint: 73245 ns, Total: 679338 ns
[2023-07-14T23:32:26.110+0000][67][info ][safepoint   ] Safepoint "Cleanup", Time since last: 2002744443 ns, Reaching safepoint: 324820 ns, At safepoint: 12762 ns, Total: 337582 ns
[2023-07-14T23:32:27.112+0000][67][info ][safepoint   ] Safepoint "Cleanup", Time since last: 1002133725 ns, Reaching safepoint: 101260 ns, At safepoint: 2669 ns, Total: 103929 ns
[2023-07-14T23:32:28.327+0000][67][info ][safepoint   ] Safepoint "Cleanup", Time since last: 1214528451 ns, Reaching safepoint: 98059 ns, At safepoint: 26650 ns, Total: 124709 ns
[2023-07-14T23:32:28.538+0000][67][info ][gc,start    ] GC(13) Pause Young (Normal) (G1 Evacuation Pause)
[2023-07-14T23:32:28.539+0000][67][info ][gc,task     ] GC(13) Using 6 workers of 6 for evacuation
[2023-07-14T23:32:28.539+0000][67][debug][gc,age      ] GC(13) Desired survivor size 44040192 bytes, new threshold 2 (max threshold 15)
[2023-07-14T23:32:28.774+0000][67][info ][gc,mmu      ] GC(13) MMU target violated: 201.0ms (200.0ms/201.0ms)
[2023-07-14T23:32:28.775+0000][67][info ][gc,phases   ] GC(13)   Pre Evacuate Collection Set: 0.3ms
[2023-07-14T23:32:28.776+0000][67][info ][gc,phases   ] GC(13)   Merge Heap Roots: 0.3ms
[2023-07-14T23:32:28.777+0000][67][info ][gc,phases   ] GC(13)   Evacuate Collection Set: 229.7ms
[2023-07-14T23:32:28.778+0000][67][info ][gc,phases   ] GC(13)   Post Evacuate Collection Set: 3.3ms
[2023-07-14T23:32:28.779+0000][67][info ][gc,phases   ] GC(13)   Other: 3.0ms
[2023-07-14T23:32:28.779+0000][67][trace][gc,age      ] GC(13) Age table with threshold 2 (max threshold 15)
[2023-07-14T23:32:28.781+0000][67][trace][gc,age      ] GC(13) - age   1:    2246080 bytes,    2246080 total
[2023-07-14T23:32:28.782+0000][67][trace][gc,age      ] GC(13) - age   2:   33267400 bytes,   35513480 total
[2023-07-14T23:32:28.783+0000][67][info ][gc,heap     ] GC(13) Eden regions: 148->0(173)
[2023-07-14T23:32:28.784+0000][67][info ][gc,heap     ] GC(13) Survivor regions: 20->11(21)
[2023-07-14T23:32:28.784+0000][67][info ][gc,heap     ] GC(13) Old regions: 7->17
[2023-07-14T23:32:28.785+0000][67][info ][gc,heap     ] GC(13) Archive regions: 2->2
[2023-07-14T23:32:28.786+0000][67][info ][gc,heap     ] GC(13) Humongous regions: 0->0
[2023-07-14T23:32:28.787+0000][67][info ][gc,metaspace] GC(13) Metaspace: 133109K(136512K)->133109K(136512K) NonClass: 115674K(117440K)->115674K(117440K) Class: 17435K(19072K)->17435K(19072K)
[2023-07-14T23:32:28.788+0000][67][info ][gc          ] GC(13) Pause Young (Normal) (G1 Evacuation Pause) 703M->113M(3932M) 249.576ms
[2023-07-14T23:32:28.788+0000][67][info ][gc,cpu      ] GC(13) User=0.28s Sys=0.09s Real=0.25s
[2023-07-14T23:32:28.790+0000][67][info ][safepoint   ] Safepoint "G1CollectForAllocation", Time since last: 210720237 ns, Reaching safepoint: 152798 ns, At safepoint: 251748627 ns, Total: 251901425 ns
[2023-07-14T23:32:30.515+0000][67][info ][safepoint   ] Safepoint "Cleanup", Time since last: 1724706765 ns, Reaching safepoint: 581827 ns, At safepoint: 37876 ns, Total: 619703 ns
[2023-07-14T23:32:32.517+0000][67][info ][safepoint   ] Safepoint "Cleanup", Time since last: 2001892850 ns, Reaching safepoint: 185391 ns, At safepoint: 3572 ns, Total: 188963 ns
[2023-07-14T23:32:33.676+0000][67][info ][safepoint   ] Safepoint "Cleanup", Time since last: 1159051896 ns, Reaching safepoint: 188352 ns, At safepoint: 28871 ns, Total: 217223 ns
[2023-07-14T23:32:36.747+0000][67][info ][safepoint   ] Safepoint "Cleanup", Time since last: 3070668863 ns, Reaching safepoint: 187073 ns, At safepoint: 4324 ns, Total: 191397 ns
[2023-07-14T23:32:38.750+0000][67][info ][safepoint   ] Safepoint "Cleanup", Time since last: 2001978031 ns, Reaching safepoint: 509438 ns, At safepoint: 10025 ns, Total: 519463 ns
[2023-07-14T23:32:39.964+0000][67][info ][safepoint   ] Safepoint "Cleanup", Time since last: 1213607830 ns, Reaching safepoint: 157239 ns, At safepoint: 34410 ns, Total: 191649 ns
[2023-07-14T23:32:45.205+0000][67][info ][safepoint   ] Safepoint "Cleanup", Time since last: 5241348700 ns, Reaching safepoint: 260086 ns, At safepoint: 34162 ns, Total: 294248 ns
[2023-07-14T23:32:46.368+0000][67][info ][safepoint   ] Safepoint "Cleanup", Time since last: 1161875664 ns, Reaching safepoint: 1040583 ns, At safepoint: 9218 ns, Total: 1049801 ns
[2023-07-14T23:32:47.589+0000][67][info ][safepoint   ] Safepoint "Cleanup", Time since last: 1221138735 ns, Reaching safepoint: 150636 ns, At safepoint: 4356 ns, Total: 154992 ns
[2023-07-14T23:32:48.591+0000][67][info ][safepoint   ] Safepoint "Cleanup", Time since last: 1001252270 ns, Reaching safepoint: 415387 ns, At safepoint: 5866 ns, Total: 421253 ns
[2023-07-14T23:32:51.199+0000][67][info ][safepoint   ] Safepoint "Cleanup", Time since last: 2607888772 ns, Reaching safepoint: 123665 ns, At safepoint: 10155 ns, Total: 133820 ns
[2023-07-14T23:32:52.867+0000][67][info ][safepoint   ] Safepoint "Cleanup", Time since last: 1667401025 ns, Reaching safepoint: 139604 ns, At safepoint: 2942 ns, Total: 142546 ns
[2023-07-14T23:32:53.869+0000][67][info ][safepoint   ] Safepoint "Cleanup", Time since last: 1001742818 ns, Reaching safepoint: 190766 ns, At safepoint: 3413 ns, Total: 194179 ns
[2023-07-14T23:32:54.870+0000][67][info ][safepoint   ] Safepoint "Cleanup", Time since last: 1000948029 ns, Reaching safepoint: 232923 ns, At safepoint: 3102 ns, Total: 236025 ns
[2023-07-14T23:32:56.872+0000][67][info ][safepoint   ] Safepoint "Cleanup", Time since last: 2001043501 ns, Reaching safepoint: 188238 ns, At safepoint: 2874 ns, Total: 191112 ns
[2023-07-14T23:32:58.062+0000][67][info ][safepoint   ] Safepoint "Cleanup", Time since last: 1189416150 ns, Reaching safepoint: 104779 ns, At safepoint: 27491 ns, Total: 132270 ns
[2023-07-14T23:32:59.256+0000][67][info ][safepoint   ] Safepoint "Cleanup", Time since last: 1193348078 ns, Reaching safepoint: 278957 ns, At safepoint: 17898 ns, Total: 296855 ns
[2023-07-14T23:33:00.257+0000][67][info ][safepoint   ] Safepoint "Cleanup", Time since last: 1001197947 ns, Reaching safepoint: 182191 ns, At safepoint: 4275 ns, Total: 186466 ns
[2023-07-14T23:33:01.258+0000][67][info ][safepoint   ] Safepoint "Cleanup", Time since last: 1001419760 ns, Reaching safepoint: 174583 ns, At safepoint: 8280 ns, Total: 182863 ns
[2023-07-14T23:33:03.209+0000][67][info ][safepoint   ] Safepoint "Cleanup", Time since last: 1950671552 ns, Reaching safepoint: 193589 ns, At safepoint: 30019 ns, Total: 223608 ns
[2023-07-14T23:33:04.352+0000][67][info ][safepoint   ] Safepoint "Cleanup", Time since last: 1142172170 ns, Reaching safepoint: 94114 ns, At safepoint: 3879 ns, Total: 97993 ns
[2023-07-14T23:33:06.505+0000][67][info ][safepoint   ] Safepoint "Cleanup", Time since last: 2152732941 ns, Reaching safepoint: 480956 ns, At safepoint: 23469 ns, Total: 504425 ns
[2023-07-14T23:33:07.737+0000][67][info ][safepoint   ] Safepoint "Cleanup", Time since last: 1231841388 ns, Reaching safepoint: 262599 ns, At safepoint: 16613 ns, Total: 279212 ns
[2023-07-14T23:33:08.739+0000][67][info ][safepoint   ] Safepoint "Cleanup", Time since last: 1001844045 ns, Reaching safepoint: 407783 ns, At safepoint: 7073 ns, Total: 414856 ns
[2023-07-14T23:33:09.751+0000][67][info ][safepoint   ] Safepoint "Cleanup", Time since last: 1011233399 ns, Reaching safepoint: 168088 ns, At safepoint: 52325 ns, Total: 220413 ns
[2023-07-14T23:33:10.784+0000][67][info ][safepoint   ] Safepoint "Cleanup", Time since last: 1033181385 ns, Reaching safepoint: 257384 ns, At safepoint: 4685 ns, Total: 262069 ns
[2023-07-14T23:33:11.786+0000][67][info ][safepoint   ] Safepoint "Cleanup", Time since last: 1001373677 ns, Reaching safepoint: 174518 ns, At safepoint: 3764 ns, Total: 178282 ns
[2023-07-14T23:33:12.787+0000][67][info ][safepoint   ] Safepoint "Cleanup", Time since last: 1001293573 ns, Reaching safepoint: 224193 ns, At safepoint: 2774 ns, Total: 226967 ns
[2023-07-14T23:33:15.192+0000][67][info ][safepoint   ] Safepoint "Cleanup", Time since last: 2405024393 ns, Reaching safepoint: 195577 ns, At safepoint: 10105 ns, Total: 205682 ns
[2023-07-14T23:33:17.057+0000][67][info ][safepoint   ] Safepoint "Cleanup", Time since last: 1864624693 ns, Reaching safepoint: 190222 ns, At safepoint: 3302 ns, Total: 193524 ns
[2023-07-14T23:33:19.088+0000][67][info ][safepoint   ] Safepoint "Cleanup", Time since last: 2030414435 ns, Reaching safepoint: 192193 ns, At safepoint: 8000 ns, Total: 200193 ns
[2023-07-14T23:33:21.091+0000][67][info ][safepoint   ] Safepoint "Cleanup", Time since last: 2002879787 ns, Reaching safepoint: 374481 ns, At safepoint: 13821 ns, Total: 388302 ns
[2023-07-14T23:33:22.541+0000][67][info ][safepoint   ] Safepoint "Cleanup", Time since last: 1449959401 ns, Reaching safepoint: 204755 ns, At safepoint: 41680 ns, Total: 246435 ns
[2023-07-14T23:33:24.464+0000][67][info ][safepoint   ] Safepoint "Cleanup", Time since last: 1922709130 ns, Reaching safepoint: 193322 ns, At safepoint: 4007 ns, Total: 197329 ns
[2023-07-14T23:33:27.195+0000][67][info ][safepoint   ] Safepoint "Cleanup", Time since last: 2729801605 ns, Reaching safepoint: 93341 ns, At safepoint: 2569 ns, Total: 95910 ns
[2023-07-14T23:33:28.690+0000][67][info ][safepoint   ] Safepoint "Cleanup", Time since last: 1494831091 ns, Reaching safepoint: 355467 ns, At safepoint: 4296 ns, Total: 359763 ns
[2023-07-14T23:33:30.692+0000][67][info ][safepoint   ] Safepoint "Cleanup", Time since last: 2001361502 ns, Reaching safepoint: 161014 ns, At safepoint: 5064 ns, Total: 166078 ns
[2023-07-14T23:33:31.694+0000][67][info ][safepoint   ] Safepoint "Cleanup", Time since last: 1001456111 ns, Reaching safepoint: 250454 ns, At safepoint: 11022 ns, Total: 261476 ns
[2023-07-14T23:33:32.698+0000][67][info ][safepoint   ] Safepoint "Cleanup", Time since last: 1004130022 ns, Reaching safepoint: 400365 ns, At safepoint: 8854 ns, Total: 409219 ns
[2023-07-14T23:33:33.885+0000][67][info ][safepoint   ] Safepoint "Cleanup", Time since last: 1186772810 ns, Reaching safepoint: 393776 ns, At safepoint: 33492 ns, Total: 427268 ns
[2023-07-14T23:33:34.952+0000][67][info ][safepoint   ] Safepoint "Cleanup", Time since last: 1066111469 ns, Reaching safepoint: 251277 ns, At safepoint: 3586 ns, Total: 254863 ns
[2023-07-14T23:33:36.953+0000][67][info ][safepoint   ] Safepoint "Cleanup", Time since last: 2001210717 ns, Reaching safepoint: 390856 ns, At safepoint: 8550 ns, Total: 399406 ns
[2023-07-14T23:33:39.241+0000][67][info ][safepoint   ] Safepoint "Cleanup", Time since last: 2287200844 ns, Reaching safepoint: 222962 ns, At safepoint: 8544 ns, Total: 231506 ns
[2023-07-14T23:33:40.242+0000][67][info ][safepoint   ] Safepoint "Cleanup", Time since last: 1001019672 ns, Reaching safepoint: 123872 ns, At safepoint: 137209 ns, Total: 261081 ns
[2023-07-14T23:33:41.286+0000][67][info ][safepoint   ] Safepoint "Cleanup", Time since last: 1042531894 ns, Reaching safepoint: 1013406 ns, At safepoint: 21596 ns, Total: 1035002 ns
[2023-07-14T23:33:42.289+0000][67][info ][safepoint   ] Safepoint "Cleanup", Time since last: 1003276775 ns, Reaching safepoint: 608135 ns, At safepoint: 10145 ns, Total: 618280 ns
[2023-07-14T23:33:45.196+0000][67][info ][safepoint   ] Safepoint "Cleanup", Time since last: 2906402603 ns, Reaching safepoint: 209442 ns, At safepoint: 31778 ns, Total: 241220 ns
[2023-07-14T23:33:46.355+0000][67][info ][safepoint   ] Safepoint "Cleanup", Time since last: 1157883871 ns, Reaching safepoint: 558408 ns, At safepoint: 10469 ns, Total: 568877 ns
[2023-07-14T23:33:47.615+0000][67][info ][safepoint   ] Safepoint "Cleanup", Time since last: 1259919462 ns, Reaching safepoint: 534556 ns, At safepoint: 8844 ns, Total: 543400 ns
[2023-07-14T23:33:48.618+0000][67][info ][safepoint   ] Safepoint "Cleanup", Time since last: 1002871498 ns, Reaching safepoint: 508993 ns, At safepoint: 15855 ns, Total: 524848 ns
[2023-07-14T23:33:51.207+0000][67][info ][safepoint   ] Safepoint "Cleanup", Time since last: 2588851622 ns, Reaching safepoint: 161662 ns, At safepoint: 26995 ns, Total: 188657 ns
[2023-07-14T23:33:52.982+0000][67][info ][safepoint   ] Safepoint "Cleanup", Time since last: 1774280369 ns, Reaching safepoint: 368341 ns, At safepoint: 7355 ns, Total: 375696 ns
[2023-07-14T23:33:53.985+0000][67][info ][safepoint   ] Safepoint "Cleanup", Time since last: 1002630478 ns, Reaching safepoint: 686259 ns, At safepoint: 23583 ns, Total: 709842 ns
[2023-07-14T23:33:54.989+0000][67][info ][safepoint   ] Safepoint "Cleanup", Time since last: 1002598644 ns, Reaching safepoint: 552235 ns, At safepoint: 20210 ns, Total: 572445 ns
[2023-07-14T23:33:56.993+0000][67][info ][safepoint   ] Safepoint "Cleanup", Time since last: 2002993717 ns, Reaching safepoint: 449974 ns, At safepoint: 17259 ns, Total: 467233 ns
[2023-07-14T23:33:58.146+0000][67][info ][safepoint   ] Safepoint "Cleanup", Time since last: 1152676200 ns, Reaching safepoint: 134380 ns, At safepoint: 64335 ns, Total: 198715 ns
[2023-07-14T23:33:59.203+0000][67][info ][safepoint   ] Safepoint "Cleanup", Time since last: 1056561227 ns, Reaching safepoint: 214486 ns, At safepoint: 11733 ns, Total: 226219 ns
[2023-07-14T23:34:01.205+0000][67][info ][safepoint   ] Safepoint "Cleanup", Time since last: 2001979621 ns, Reaching safepoint: 891577 ns, At safepoint: 22077 ns, Total: 913654 ns
[2023-07-14T23:34:03.190+0000][67][info ][safepoint   ] Safepoint "Cleanup", Time since last: 1984175522 ns, Reaching safepoint: 219542 ns, At safepoint: 29888 ns, Total: 249430 ns
[2023-07-14T23:34:04.322+0000][67][info ][safepoint   ] Safepoint "Cleanup", Time since last: 1131583370 ns, Reaching safepoint: 349562 ns, At safepoint: 12589 ns, Total: 362151 ns
[2023-07-14T23:34:06.486+0000][67][info ][safepoint   ] Safepoint "Cleanup", Time since last: 2164261299 ns, Reaching safepoint: 190852 ns, At safepoint: 10852 ns, Total: 201704 ns
[2023-07-14T23:34:09.267+0000][67][info ][safepoint   ] Safepoint "Cleanup", Time since last: 2780069521 ns, Reaching safepoint: 265079 ns, At safepoint: 38135 ns, Total: 303214 ns
[2023-07-14T23:34:10.882+0000][67][info ][safepoint   ] Safepoint "Cleanup", Time since last: 1615542965 ns, Reaching safepoint: 93284 ns, At safepoint: 4611 ns, Total: 97895 ns
[2023-07-14T23:34:12.230+0000][67][info ][safepoint   ] Safepoint "Cleanup", Time since last: 1347408682 ns, Reaching safepoint: 108949 ns, At safepoint: 3828 ns, Total: 112777 ns
[2023-07-14T23:34:15.232+0000][67][info ][safepoint   ] Safepoint "Cleanup", Time since last: 3001653758 ns, Reaching safepoint: 257569 ns, At safepoint: 13234 ns, Total: 270803 ns
[2023-07-14T23:34:16.519+0000][67][info ][safepoint   ] Safepoint "Cleanup", Time since last: 1287690524 ns, Reaching safepoint: 95229 ns, At safepoint: 14257 ns, Total: 109486 ns
[2023-07-14T23:34:17.738+0000][67][info ][safepoint   ] Safepoint "Cleanup", Time since last: 1218816697 ns, Reaching safepoint: 112624 ns, At safepoint: 3493 ns, Total: 116117 ns
[2023-07-14T23:34:18.740+0000][67][info ][safepoint   ] Safepoint "Cleanup", Time since last: 1001350290 ns, Reaching safepoint: 81432 ns, At safepoint: 5503 ns, Total: 86935 ns
[2023-07-14T23:34:19.741+0000][67][info ][safepoint   ] Safepoint "Cleanup", Time since last: 1001099520 ns, Reaching safepoint: 60665 ns, At safepoint: 3453 ns, Total: 64118 ns
[2023-07-14T23:34:21.206+0000][67][info ][safepoint   ] Safepoint "Cleanup", Time since last: 1465181211 ns, Reaching safepoint: 208419 ns, At safepoint: 7440 ns, Total: 215859 ns
[2023-07-14T23:34:23.018+0000][67][info ][safepoint   ] Safepoint "Cleanup", Time since last: 1811434648 ns, Reaching safepoint: 328183 ns, At safepoint: 14297 ns, Total: 342480 ns
[2023-07-14T23:34:24.021+0000][67][info ][safepoint   ] Safepoint "Cleanup", Time since last: 1002547736 ns, Reaching safepoint: 185988 ns, At safepoint: 4356 ns, Total: 190344 ns
[2023-07-14T23:34:25.024+0000][67][info ][safepoint   ] Safepoint "Cleanup", Time since last: 1002149319 ns, Reaching safepoint: 863573 ns, At safepoint: 17268 ns, Total: 880841 ns
[2023-07-14T23:34:28.249+0000][67][info ][safepoint   ] Safepoint "Cleanup", Time since last: 3223843670 ns, Reaching safepoint: 166509 ns, At safepoint: 28092 ns, Total: 194601 ns
[2023-07-14T23:34:30.314+0000][67][info ][safepoint   ] Safepoint "Cleanup", Time since last: 2065240560 ns, Reaching safepoint: 128348 ns, At safepoint: 4162 ns, Total: 132510 ns
[2023-07-14T23:34:32.316+0000][67][info ][safepoint   ] Safepoint "Cleanup", Time since last: 2001915224 ns, Reaching safepoint: 227605 ns, At safepoint: 7707 ns, Total: 235312 ns
[2023-07-14T23:34:33.353+0000][67][info ][safepoint   ] Safepoint "Cleanup", Time since last: 1036279510 ns, Reaching safepoint: 369413 ns, At safepoint: 29041 ns, Total: 398454 ns
[2023-07-14T23:34:34.506+0000][67][info ][safepoint   ] Safepoint "Cleanup", Time since last: 1152891959 ns, Reaching safepoint: 248435 ns, At safepoint: 38635 ns, Total: 287070 ns
[2023-07-14T23:34:36.571+0000][67][info ][safepoint   ] Safepoint "Cleanup", Time since last: 2063587844 ns, Reaching safepoint: 844341 ns, At safepoint: 21875 ns, Total: 866216 ns
[2023-07-14T23:34:39.211+0000][67][info ][safepoint   ] Safepoint "Cleanup", Time since last: 2640045686 ns, Reaching safepoint: 164996 ns, At safepoint: 3973 ns, Total: 168969 ns
[2023-07-14T23:34:40.946+0000][67][info ][safepoint   ] Safepoint "Cleanup", Time since last: 1734153779 ns, Reaching safepoint: 349921 ns, At safepoint: 66398 ns, Total: 416319 ns
[2023-07-14T23:34:42.959+0000][67][info ][safepoint   ] Safepoint "Cleanup", Time since last: 2012032950 ns, Reaching safepoint: 929594 ns, At safepoint: 29894 ns, Total: 959488 ns
[2023-07-14T23:34:45.209+0000][67][info ][safepoint   ] Safepoint "Cleanup", Time since last: 2250621842 ns, Reaching safepoint: 193670 ns, At safepoint: 5137 ns, Total: 198807 ns
[2023-07-14T23:34:47.196+0000][67][info ][safepoint   ] Safepoint "Cleanup", Time since last: 1985730865 ns, Reaching safepoint: 502872 ns, At safepoint: 21983 ns, Total: 524855 ns
[2023-07-14T23:34:51.202+0000][67][info ][safepoint   ] Safepoint "Cleanup", Time since last: 4005965149 ns, Reaching safepoint: 306487 ns, At safepoint: 8234 ns, Total: 314721 ns
[2023-07-14T23:34:52.351+0000][67][info ][safepoint   ] Safepoint "Cleanup", Time since last: 1148929331 ns, Reaching safepoint: 257518 ns, At safepoint: 4306 ns, Total: 261824 ns
[2023-07-14T23:34:53.491+0000][67][info ][safepoint   ] Safepoint "Cleanup", Time since last: 1139610493 ns, Reaching safepoint: 286126 ns, At safepoint: 5946 ns, Total: 292072 ns
[2023-07-14T23:34:57.208+0000][67][info ][safepoint   ] Safepoint "Cleanup", Time since last: 3715729681 ns, Reaching safepoint: 183920 ns, At safepoint: 33845 ns, Total: 217765 ns
[2023-07-14T23:34:58.775+0000][67][info ][safepoint   ] Safepoint "Cleanup", Time since last: 1566494150 ns, Reaching safepoint: 435970 ns, At safepoint: 16567 ns, Total: 452537 ns
[2023-07-14T23:34:59.778+0000][67][info ][safepoint   ] Safepoint "Cleanup", Time since last: 1002770492 ns, Reaching safepoint: 229646 ns, At safepoint: 5840 ns, Total: 235486 ns
[2023-07-14T23:35:00.972+0000][67][info ][safepoint   ] Safepoint "Cleanup", Time since last: 1194096187 ns, Reaching safepoint: 303530 ns, At safepoint: 53987 ns, Total: 357517 ns
[2023-07-14T23:35:01.889+0000][67][info ][safepoint   ] Safepoint "ICBufferFull", Time since last: 916391506 ns, Reaching safepoint: 440341 ns, At safepoint: 75731 ns, Total: 516072 ns
[2023-07-14T23:35:02.839+0000][67][info ][safepoint   ] Safepoint "ICBufferFull", Time since last: 949541373 ns, Reaching safepoint: 282792 ns, At safepoint: 81475 ns, Total: 364267 ns
[2023-07-14T23:35:03.444+0000][67][info ][safepoint   ] Safepoint "ICBufferFull", Time since last: 604598347 ns, Reaching safepoint: 221737 ns, At safepoint: 5522 ns, Total: 227259 ns
[2023-07-14T23:35:05.091+0000][67][info ][safepoint   ] Safepoint "Cleanup", Time since last: 1646318403 ns, Reaching safepoint: 584627 ns, At safepoint: 27803 ns, Total: 612430 ns
[2023-07-14T23:35:06.093+0000][67][info ][safepoint   ] Safepoint "Cleanup", Time since last: 1002289071 ns, Reaching safepoint: 152999 ns, At safepoint: 5535 ns, Total: 158534 ns
[2023-07-14T23:35:07.095+0000][67][info ][safepoint   ] Safepoint "Cleanup", Time since last: 1001838079 ns, Reaching safepoint: 266784 ns, At safepoint: 13432 ns, Total: 280216 ns
[2023-07-14T23:35:08.097+0000][67][info ][safepoint   ] Safepoint "Cleanup", Time since last: 1001600990 ns, Reaching safepoint: 126456 ns, At safepoint: 3358 ns, Total: 129814 ns
[2023-07-14T23:35:09.230+0000][67][info ][safepoint   ] Safepoint "Cleanup", Time since last: 1132186054 ns, Reaching safepoint: 234206 ns, At safepoint: 38799 ns, Total: 273005 ns
[2023-07-14T23:35:10.341+0000][67][info ][safepoint   ] Safepoint "Cleanup", Time since last: 1111151945 ns, Reaching safepoint: 150215 ns, At safepoint: 35419 ns, Total: 185634 ns
[2023-07-14T23:35:11.508+0000][67][info ][safepoint   ] Safepoint "Cleanup", Time since last: 1165859684 ns, Reaching safepoint: 622953 ns, At safepoint: 261762 ns, Total: 884715 ns
[2023-07-14T23:35:12.511+0000][67][info ][safepoint   ] Safepoint "Cleanup", Time since last: 1002520504 ns, Reaching safepoint: 760025 ns, At safepoint: 24697 ns, Total: 784722 ns
[2023-07-14T23:35:15.214+0000][67][info ][safepoint   ] Safepoint "Cleanup", Time since last: 2703111052 ns, Reaching safepoint: 161955 ns, At safepoint: 26247 ns, Total: 188202 ns
[2023-07-14T23:35:16.725+0000][67][info ][safepoint   ] Safepoint "Cleanup", Time since last: 1510635839 ns, Reaching safepoint: 296969 ns, At safepoint: 16850 ns, Total: 313819 ns
[2023-07-14T23:35:18.728+0000][67][info ][safepoint   ] Safepoint "Cleanup", Time since last: 2002469492 ns, Reaching safepoint: 266167 ns, At safepoint: 3424 ns, Total: 269591 ns
[2023-07-14T23:35:21.214+0000][67][info ][safepoint   ] Safepoint "Cleanup", Time since last: 2486229399 ns, Reaching safepoint: 172840 ns, At safepoint: 26716 ns, Total: 199556 ns
[2023-07-14T23:35:23.001+0000][67][info ][safepoint   ] Safepoint "Cleanup", Time since last: 1786387529 ns, Reaching safepoint: 465640 ns, At safepoint: 16460 ns, Total: 482100 ns
[2023-07-14T23:35:24.004+0000][67][info ][safepoint   ] Safepoint "Cleanup", Time since last: 1002390830 ns, Reaching safepoint: 265131 ns, At safepoint: 38110 ns, Total: 303241 ns
[2023-07-14T23:35:27.224+0000][67][info ][safepoint   ] Safepoint "Cleanup", Time since last: 3218500798 ns, Reaching safepoint: 255265 ns, At safepoint: 34523 ns, Total: 289788 ns
[2023-07-14T23:35:28.385+0000][67][info ][safepoint   ] Safepoint "Cleanup", Time since last: 1161420366 ns, Reaching safepoint: 290616 ns, At safepoint: 6113 ns, Total: 296729 ns
[2023-07-14T23:35:29.554+0000][67][info ][safepoint   ] Safepoint "Cleanup", Time since last: 1168556644 ns, Reaching safepoint: 346695 ns, At safepoint: 5555 ns, Total: 352250 ns
[2023-07-14T23:35:32.558+0000][67][info ][safepoint   ] Safepoint "Cleanup", Time since last: 3003408065 ns, Reaching safepoint: 393725 ns, At safepoint: 18254 ns, Total: 411979 ns
[2023-07-14T23:35:33.776+0000][67][info ][safepoint   ] Safepoint "Cleanup", Time since last: 1217251672 ns, Reaching safepoint: 226810 ns, At safepoint: 47473 ns, Total: 274283 ns
[2023-07-14T23:35:34.935+0000][67][info ][safepoint   ] Safepoint "Cleanup", Time since last: 1158771490 ns, Reaching safepoint: 530016 ns, At safepoint: 67387 ns, Total: 597403 ns
[2023-07-14T23:35:36.947+0000][67][info ][safepoint   ] Safepoint "Cleanup", Time since last: 2012305716 ns, Reaching safepoint: 305930 ns, At safepoint: 7424 ns, Total: 313354 ns
[2023-07-14T23:35:38.511+0000][67][info ][safepoint   ] Safepoint "Cleanup", Time since last: 1562804078 ns, Reaching safepoint: 627434 ns, At safepoint: 12324 ns, Total: 639758 ns
[2023-07-14T23:35:40.115+0000][67][info ][safepoint   ] Safepoint "Cleanup", Time since last: 1603834150 ns, Reaching safepoint: 220693 ns, At safepoint: 41577 ns, Total: 262270 ns
[2023-07-14T23:35:42.173+0000][67][info ][safepoint   ] Safepoint "Cleanup", Time since last: 2057283845 ns, Reaching safepoint: 567719 ns, At safepoint: 9312 ns, Total: 577031 ns
[2023-07-14T23:35:46.345+0000][67][info ][safepoint   ] Safepoint "Cleanup", Time since last: 4171783566 ns, Reaching safepoint: 300166 ns, At safepoint: 36358 ns, Total: 336524 ns
[2023-07-14T23:35:51.219+0000][67][info ][safepoint   ] Safepoint "Cleanup", Time since last: 4873890484 ns, Reaching safepoint: 176235 ns, At safepoint: 28108 ns, Total: 204343 ns
[2023-07-14T23:35:52.696+0000][67][info ][safepoint   ] Safepoint "Cleanup", Time since last: 1475803383 ns, Reaching safepoint: 947136 ns, At safepoint: 25134 ns, Total: 972270 ns
[2023-07-14T23:35:53.701+0000][67][info ][safepoint   ] Safepoint "Cleanup", Time since last: 1004573256 ns, Reaching safepoint: 671890 ns, At safepoint: 11445 ns, Total: 683335 ns
[2023-07-14T23:35:54.704+0000][67][info ][safepoint   ] Safepoint "Cleanup", Time since last: 1002522409 ns, Reaching safepoint: 604392 ns, At safepoint: 26270 ns, Total: 630662 ns
[2023-07-14T23:35:57.364+0000][67][info ][safepoint   ] Safepoint "Cleanup", Time since last: 2658184872 ns, Reaching safepoint: 212081 ns, At safepoint: 60203 ns, Total: 272284 ns
[2023-07-14T23:35:58.991+0000][67][info ][safepoint   ] Safepoint "Cleanup", Time since last: 1626193726 ns, Reaching safepoint: 623590 ns, At safepoint: 10434 ns, Total: 634024 ns
[2023-07-14T23:36:00.994+0000][67][info ][safepoint   ] Safepoint "Cleanup", Time since last: 2002961880 ns, Reaching safepoint: 608598 ns, At safepoint: 9608 ns, Total: 618206 ns
[2023-07-14T23:36:01.998+0000][67][info ][safepoint   ] Safepoint "Cleanup", Time since last: 1002792403 ns, Reaching safepoint: 709059 ns, At safepoint: 9626 ns, Total: 718685 ns
[2023-07-14T23:36:03.371+0000][67][info ][safepoint   ] Safepoint "Cleanup", Time since last: 1372830945 ns, Reaching safepoint: 186669 ns, At safepoint: 36187 ns, Total: 222856 ns
[2023-07-14T23:36:05.344+0000][67][info ][safepoint   ] Safepoint "Cleanup", Time since last: 1972039808 ns, Reaching safepoint: 610136 ns, At safepoint: 137982 ns, Total: 748118 ns
[2023-07-14T23:36:10.359+0000][67][info ][safepoint   ] Safepoint "Cleanup", Time since last: 5014762197 ns, Reaching safepoint: 691915 ns, At safepoint: 10869 ns, Total: 702784 ns
[2023-07-14T23:36:15.226+0000][67][info ][safepoint   ] Safepoint "Cleanup", Time since last: 4866992162 ns, Reaching safepoint: 132857 ns, At safepoint: 39230 ns, Total: 172087 ns
[2023-07-14T23:36:16.831+0000][67][info ][safepoint   ] Safepoint "Cleanup", Time since last: 1604240439 ns, Reaching safepoint: 568649 ns, At safepoint: 10198 ns, Total: 578847 ns
[2023-07-14T23:36:18.835+0000][67][info ][safepoint   ] Safepoint "Cleanup", Time since last: 2003264744 ns, Reaching safepoint: 733237 ns, At safepoint: 14232 ns, Total: 747469 ns
[2023-07-14T23:36:21.235+0000][67][info ][safepoint   ] Safepoint "Cleanup", Time since last: 2399790085 ns, Reaching safepoint: 214433 ns, At safepoint: 5232 ns, Total: 219665 ns
[2023-07-14T23:36:22.771+0000][67][info ][gc,start    ] GC(14) Pause Young (Normal) (G1 Evacuation Pause)
[2023-07-14T23:36:22.772+0000][67][info ][gc,task     ] GC(14) Using 6 workers of 6 for evacuation
[2023-07-14T23:36:22.773+0000][67][debug][gc,age      ] GC(14) Desired survivor size 48234496 bytes, new threshold 15 (max threshold 15)
[2023-07-14T23:36:22.796+0000][67][info ][gc,phases   ] GC(14)   Pre Evacuate Collection Set: 0.3ms
[2023-07-14T23:36:22.798+0000][67][info ][gc,phases   ] GC(14)   Merge Heap Roots: 0.2ms
[2023-07-14T23:36:22.799+0000][67][info ][gc,phases   ] GC(14)   Evacuate Collection Set: 18.3ms
[2023-07-14T23:36:22.800+0000][67][info ][gc,phases   ] GC(14)   Post Evacuate Collection Set: 3.5ms
[2023-07-14T23:36:22.802+0000][67][info ][gc,phases   ] GC(14)   Other: 2.2ms
[2023-07-14T23:36:22.803+0000][67][trace][gc,age      ] GC(14) Age table with threshold 15 (max threshold 15)
[2023-07-14T23:36:22.804+0000][67][trace][gc,age      ] GC(14) - age   1:    3691048 bytes,    3691048 total
[2023-07-14T23:36:22.805+0000][67][trace][gc,age      ] GC(14) - age   2:     600112 bytes,    4291160 total
[2023-07-14T23:36:22.806+0000][67][trace][gc,age      ] GC(14) - age   3:   32903656 bytes,   37194816 total
[2023-07-14T23:36:22.807+0000][67][info ][gc,heap     ] GC(14) Eden regions: 173->0(578)
[2023-07-14T23:36:22.808+0000][67][info ][gc,heap     ] GC(14) Survivor regions: 11->11(23)
[2023-07-14T23:36:22.809+0000][67][info ][gc,heap     ] GC(14) Old regions: 17->17
[2023-07-14T23:36:22.810+0000][67][info ][gc,heap     ] GC(14) Archive regions: 2->2
[2023-07-14T23:36:22.810+0000][67][info ][gc,heap     ] GC(14) Humongous regions: 0->0
[2023-07-14T23:36:22.811+0000][67][info ][gc,metaspace] GC(14) Metaspace: 135885K(139328K)->135885K(139328K) NonClass: 118192K(120000K)->118192K(120000K) Class: 17692K(19328K)->17692K(19328K)
[2023-07-14T23:36:22.812+0000][67][info ][gc          ] GC(14) Pause Young (Normal) (G1 Evacuation Pause) 805M->112M(3932M) 41.134ms
[2023-07-14T23:36:22.813+0000][67][info ][gc,cpu      ] GC(14) User=0.12s Sys=0.00s Real=0.04s
[2023-07-14T23:36:22.814+0000][67][info ][safepoint   ] Safepoint "G1CollectForAllocation", Time since last: 1535463669 ns, Reaching safepoint: 241830 ns, At safepoint: 42925587 ns, Total: 43167417 ns
[2023-07-14T23:36:23.968+0000][67][info ][safepoint   ] Safepoint "Cleanup", Time since last: 1153459916 ns, Reaching safepoint: 317653 ns, At safepoint: 46749 ns, Total: 364402 ns
[2023-07-14T23:36:25.238+0000][67][info ][safepoint   ] Safepoint "Cleanup", Time since last: 1269550533 ns, Reaching safepoint: 686406 ns, At safepoint: 11735 ns, Total: 698141 ns
[2023-07-14T23:36:27.217+0000][67][info ][safepoint   ] Safepoint "Cleanup", Time since last: 1978758901 ns, Reaching safepoint: 156687 ns, At safepoint: 28733 ns, Total: 185420 ns
[2023-07-14T23:36:28.727+0000][67][info ][safepoint   ] Safepoint "Cleanup", Time since last: 1508648358 ns, Reaching safepoint: 603483 ns, At safepoint: 10628 ns, Total: 614111 ns
[2023-07-14T23:36:30.924+0000][67][info ][safepoint   ] Safepoint "Cleanup", Time since last: 2197055192 ns, Reaching safepoint: 381322 ns, At safepoint: 18995 ns, Total: 400317 ns
[2023-07-14T23:36:31.975+0000][67][info ][safepoint   ] Safepoint "Cleanup", Time since last: 1051055368 ns, Reaching safepoint: 123481 ns, At safepoint: 35011 ns, Total: 158492 ns
[2023-07-14T23:36:33.220+0000][67][info ][safepoint   ] Safepoint "Cleanup", Time since last: 1244171160 ns, Reaching safepoint: 226532 ns, At safepoint: 34360 ns, Total: 260892 ns
[2023-07-14T23:36:34.337+0000][67][info ][safepoint   ] Safepoint "Cleanup", Time since last: 1117038969 ns, Reaching safepoint: 133480 ns, At safepoint: 38522 ns, Total: 172002 ns
[2023-07-14T23:36:35.364+0000][67][info ][safepoint   ] Safepoint "Cleanup", Time since last: 1026790429 ns, Reaching safepoint: 210719 ns, At safepoint: 14580 ns, Total: 225299 ns
[2023-07-14T23:36:36.366+0000][67][info ][safepoint   ] Safepoint "Cleanup", Time since last: 1001750816 ns, Reaching safepoint: 254255 ns, At safepoint: 7141 ns, Total: 261396 ns
[2023-07-14T23:36:38.732+0000][67][info ][safepoint   ] Safepoint "Cleanup", Time since last: 2365676028 ns, Reaching safepoint: 184702 ns, At safepoint: 3591 ns, Total: 188293 ns
[2023-07-14T23:36:40.393+0000][67][info ][safepoint   ] Safepoint "Cleanup", Time since last: 1660791485 ns, Reaching safepoint: 145416 ns, At safepoint: 9873 ns, Total: 155289 ns
[2023-07-14T23:36:41.471+0000][67][info ][safepoint   ] Safepoint "Cleanup", Time since last: 1077662150 ns, Reaching safepoint: 532835 ns, At safepoint: 8931 ns, Total: 541766 ns
[2023-07-14T23:36:45.261+0000][67][info ][safepoint   ] Safepoint "Cleanup", Time since last: 3790190550 ns, Reaching safepoint: 207240 ns, At safepoint: 48311 ns, Total: 255551 ns
[2023-07-14T23:36:46.691+0000][67][info ][safepoint   ] Safepoint "Cleanup", Time since last: 1429022736 ns, Reaching safepoint: 181375 ns, At safepoint: 39051 ns, Total: 220426 ns
[2023-07-14T23:36:48.746+0000][67][info ][safepoint   ] Safepoint "Cleanup", Time since last: 2054172704 ns, Reaching safepoint: 745483 ns, At safepoint: 24900 ns, Total: 770383 ns
[2023-07-14T23:36:50.749+0000][67][info ][safepoint   ] Safepoint "Cleanup", Time since last: 2003016862 ns, Reaching safepoint: 311342 ns, At safepoint: 7457 ns, Total: 318799 ns
[2023-07-14T23:36:51.973+0000][67][info ][safepoint   ] Safepoint "Cleanup", Time since last: 1223274231 ns, Reaching safepoint: 297646 ns, At safepoint: 59519 ns, Total: 357165 ns
[2023-07-14T23:36:53.202+0000][67][info ][safepoint   ] Safepoint "Cleanup", Time since last: 1229160561 ns, Reaching safepoint: 239636 ns, At safepoint: 4600 ns, Total: 244236 ns
[2023-07-14T23:36:54.205+0000][67][info ][safepoint   ] Safepoint "Cleanup", Time since last: 1002061840 ns, Reaching safepoint: 395371 ns, At safepoint: 19236 ns, Total: 414607 ns
[2023-07-14T23:36:55.208+0000][67][info ][safepoint   ] Safepoint "Cleanup", Time since last: 1002854502 ns, Reaching safepoint: 519484 ns, At safepoint: 8351 ns, Total: 527835 ns
[2023-07-14T23:36:57.226+0000][67][info ][safepoint   ] Safepoint "Cleanup", Time since last: 2016788562 ns, Reaching safepoint: 40787 ns, At safepoint: 38049 ns, Total: 78836 ns
[2023-07-14T23:37:00.423+0000][67][info ][safepoint   ] Safepoint "Cleanup", Time since last: 3196855528 ns, Reaching safepoint: 531646 ns, At safepoint: 9475 ns, Total: 541121 ns
[2023-07-14T23:37:02.427+0000][67][info ][safepoint   ] Safepoint "Cleanup", Time since last: 2003439679 ns, Reaching safepoint: 750846 ns, At safepoint: 22166 ns, Total: 773012 ns
[2023-07-14T23:37:03.619+0000][67][info ][safepoint   ] Safepoint "Cleanup", Time since last: 1191737580 ns, Reaching safepoint: 217127 ns, At safepoint: 29614 ns, Total: 246741 ns
[2023-07-14T23:37:04.676+0000][67][info ][safepoint   ] Safepoint "Cleanup", Time since last: 1056155524 ns, Reaching safepoint: 424662 ns, At safepoint: 13452 ns, Total: 438114 ns
[2023-07-14T23:37:06.679+0000][67][info ][safepoint   ] Safepoint "Cleanup", Time since last: 2002100253 ns, Reaching safepoint: 623701 ns, At safepoint: 10071 ns, Total: 633772 ns
[2023-07-14T23:37:08.919+0000][67][info ][safepoint   ] Safepoint "Cleanup", Time since last: 2240420094 ns, Reaching safepoint: 295328 ns, At safepoint: 6953 ns, Total: 302281 ns
[2023-07-14T23:37:09.923+0000][67][info ][safepoint   ] Safepoint "Cleanup", Time since last: 1003766858 ns, Reaching safepoint: 184993 ns, At safepoint: 28538 ns, Total: 213531 ns
[2023-07-14T23:37:12.957+0000][67][info ][safepoint   ] Safepoint "Cleanup", Time since last: 3032729383 ns, Reaching safepoint: 628922 ns, At safepoint: 25816 ns, Total: 654738 ns
[2023-07-14T23:37:15.373+0000][67][info ][safepoint   ] Safepoint "Cleanup", Time since last: 2415881259 ns, Reaching safepoint: 169099 ns, At safepoint: 27187 ns, Total: 196286 ns
[2023-07-14T23:37:16.400+0000][67][info ][safepoint   ] Safepoint "Cleanup", Time since last: 1026895705 ns, Reaching safepoint: 185139 ns, At safepoint: 28696 ns, Total: 213835 ns
[2023-07-14T23:37:18.330+0000][67][info ][safepoint   ] Safepoint "Cleanup", Time since last: 1930126752 ns, Reaching safepoint: 394308 ns, At safepoint: 8033 ns, Total: 402341 ns
[2023-07-14T23:37:20.334+0000][67][info ][safepoint   ] Safepoint "Cleanup", Time since last: 2002798345 ns, Reaching safepoint: 593922 ns, At safepoint: 23853 ns, Total: 617775 ns
[2023-07-14T23:37:21.334+0000][67][info ][safepoint   ] Safepoint "Cleanup", Time since last: 1000101896 ns, Reaching safepoint: 191094 ns, At safepoint: 32003 ns, Total: 223097 ns
[2023-07-14T23:37:22.343+0000][67][info ][safepoint   ] Safepoint "Cleanup", Time since last: 1008207802 ns, Reaching safepoint: 501831 ns, At safepoint: 86282 ns, Total: 588113 ns
[2023-07-14T23:37:25.585+0000][67][info ][safepoint   ] Safepoint "Cleanup", Time since last: 3241444896 ns, Reaching safepoint: 461013 ns, At safepoint: 9867 ns, Total: 470880 ns
[2023-07-14T23:37:27.247+0000][67][info ][safepoint   ] Safepoint "Cleanup", Time since last: 1674521217 ns, Reaching safepoint: 110703 ns, At safepoint: 3790 ns, Total: 114493 ns
[2023-07-14T23:37:28.830+0000][67][info ][safepoint   ] Safepoint "Cleanup", Time since last: 1582224652 ns, Reaching safepoint: 681530 ns, At safepoint: 22893 ns, Total: 704423 ns
[2023-07-14T23:37:32.836+0000][67][info ][safepoint   ] Safepoint "Cleanup", Time since last: 4005366632 ns, Reaching safepoint: 675982 ns, At safepoint: 12747 ns, Total: 688729 ns
[2023-07-14T23:37:34.038+0000][67][info ][safepoint   ] Safepoint "Cleanup", Time since last: 1201662073 ns, Reaching safepoint: 172633 ns, At safepoint: 4439 ns, Total: 177072 ns
[2023-07-14T23:37:36.102+0000][67][info ][safepoint   ] Safepoint "Cleanup", Time since last: 2063846532 ns, Reaching safepoint: 288516 ns, At safepoint: 13790 ns, Total: 302306 ns
[2023-07-14T23:37:37.105+0000][67][info ][safepoint   ] Safepoint "Cleanup", Time since last: 1002114656 ns, Reaching safepoint: 231575 ns, At safepoint: 17169 ns, Total: 248744 ns
[2023-07-14T23:37:39.164+0000][67][info ][safepoint   ] Safepoint "Cleanup", Time since last: 2059254474 ns, Reaching safepoint: 107309 ns, At safepoint: 5431 ns, Total: 112740 ns
[2023-07-14T23:37:40.305+0000][67][info ][safepoint   ] Safepoint "Cleanup", Time since last: 1140931305 ns, Reaching safepoint: 187080 ns, At safepoint: 33036 ns, Total: 220116 ns
[2023-07-14T23:37:41.374+0000][67][info ][safepoint   ] Safepoint "Cleanup", Time since last: 1068929967 ns, Reaching safepoint: 326808 ns, At safepoint: 11404 ns, Total: 338212 ns
[2023-07-14T23:37:45.130+0000][67][info ][safepoint   ] Safepoint "Cleanup", Time since last: 3754611255 ns, Reaching safepoint: 475205 ns, At safepoint: 107089 ns, Total: 582294 ns
[2023-07-14T23:37:46.780+0000][67][info ][safepoint   ] Safepoint "Cleanup", Time since last: 1650407015 ns, Reaching safepoint: 506534 ns, At safepoint: 17504 ns, Total: 524038 ns
[2023-07-14T23:37:51.243+0000][67][info ][safepoint   ] Safepoint "Cleanup", Time since last: 4462764654 ns, Reaching safepoint: 190086 ns, At safepoint: 33589 ns, Total: 223675 ns
[2023-07-14T23:37:57.211+0000][67][info ][safepoint   ] Safepoint "Cleanup", Time since last: 5973937131 ns, Reaching safepoint: 196091 ns, At safepoint: 6181 ns, Total: 202272 ns
[2023-07-14T23:37:58.348+0000][67][info ][safepoint   ] Safepoint "Cleanup", Time since last: 1137249699 ns, Reaching safepoint: 284279 ns, At safepoint: 12388 ns, Total: 296667 ns
[2023-07-14T23:38:01.091+0000][67][info ][safepoint   ] Safepoint "Cleanup", Time since last: 2741975995 ns, Reaching safepoint: 602886 ns, At safepoint: 23356 ns, Total: 626242 ns
[2023-07-14T23:38:03.095+0000][67][info ][safepoint   ] Safepoint "Cleanup", Time since last: 2003865716 ns, Reaching safepoint: 374425 ns, At safepoint: 5636 ns, Total: 380061 ns
[2023-07-14T23:38:04.746+0000][67][info ][safepoint   ] Safepoint "Cleanup", Time since last: 1650136280 ns, Reaching safepoint: 322370 ns, At safepoint: 15454 ns, Total: 337824 ns
[2023-07-14T23:38:06.750+0000][67][info ][safepoint   ] Safepoint "Cleanup", Time since last: 2003359455 ns, Reaching safepoint: 548523 ns, At safepoint: 9900 ns, Total: 558423 ns
[2023-07-14T23:38:09.231+0000][67][info ][safepoint   ] Safepoint "Cleanup", Time since last: 2481557169 ns, Reaching safepoint: 165828 ns, At safepoint: 14876 ns, Total: 180704 ns
[2023-07-14T23:38:11.114+0000][67][info ][safepoint   ] Safepoint "Cleanup", Time since last: 1881829154 ns, Reaching safepoint: 610831 ns, At safepoint: 21357 ns, Total: 632188 ns
[2023-07-14T23:38:15.117+0000][67][info ][safepoint   ] Safepoint "Cleanup", Time since last: 4003010254 ns, Reaching safepoint: 302053 ns, At safepoint: 11129 ns, Total: 313182 ns
[2023-07-14T23:38:16.274+0000][67][info ][safepoint   ] Safepoint "Cleanup", Time since last: 1157033454 ns, Reaching safepoint: 211664 ns, At safepoint: 29286 ns, Total: 240950 ns
[2023-07-14T23:38:18.330+0000][67][info ][safepoint   ] Safepoint "Cleanup", Time since last: 2055728408 ns, Reaching safepoint: 367620 ns, At safepoint: 7274 ns, Total: 374894 ns
[2023-07-14T23:38:20.334+0000][67][info ][safepoint   ] Safepoint "Cleanup", Time since last: 2002630433 ns, Reaching safepoint: 542724 ns, At safepoint: 8875 ns, Total: 551599 ns
[2023-07-14T23:38:21.353+0000][67][info ][safepoint   ] Safepoint "Cleanup", Time since last: 1019146222 ns, Reaching safepoint: 355067 ns, At safepoint: 74634 ns, Total: 429701 ns
[2023-07-14T23:38:22.519+0000][67][info ][safepoint   ] Safepoint "Cleanup", Time since last: 1165948435 ns, Reaching safepoint: 174407 ns, At safepoint: 5863 ns, Total: 180270 ns
[2023-07-14T23:38:23.965+0000][67][info ][safepoint   ] Safepoint "Cleanup", Time since last: 1445396845 ns, Reaching safepoint: 253677 ns, At safepoint: 11158 ns, Total: 264835 ns
[2023-07-14T23:38:27.226+0000][67][info ][safepoint   ] Safepoint "Cleanup", Time since last: 3262610305 ns, Reaching safepoint: 212663 ns, At safepoint: 11773 ns, Total: 224436 ns
[2023-07-14T23:38:29.219+0000][67][info ][safepoint   ] Safepoint "Cleanup", Time since last: 1992356052 ns, Reaching safepoint: 280402 ns, At safepoint: 5148 ns, Total: 285550 ns
[2023-07-14T23:38:31.221+0000][67][info ][safepoint   ] Safepoint "Cleanup", Time since last: 2001788366 ns, Reaching safepoint: 377364 ns, At safepoint: 15835 ns, Total: 393199 ns
[2023-07-14T23:38:33.215+0000][67][info ][safepoint   ] Safepoint "Cleanup", Time since last: 1994024438 ns, Reaching safepoint: 173277 ns, At safepoint: 33030 ns, Total: 206307 ns
[2023-07-14T23:38:34.457+0000][67][info ][safepoint   ] Safepoint "Cleanup", Time since last: 1241934678 ns, Reaching safepoint: 221657 ns, At safepoint: 27641 ns, Total: 249298 ns
[2023-07-14T23:38:36.627+0000][67][info ][safepoint   ] Safepoint "Cleanup", Time since last: 2168531980 ns, Reaching safepoint: 670631 ns, At safepoint: 24944 ns, Total: 695575 ns
[2023-07-14T23:38:39.786+0000][67][info ][safepoint   ] Safepoint "Cleanup", Time since last: 3159039991 ns, Reaching safepoint: 174339 ns, At safepoint: 30097 ns, Total: 204436 ns
[2023-07-14T23:38:41.847+0000][67][info ][safepoint   ] Safepoint "Cleanup", Time since last: 2061147304 ns, Reaching safepoint: 254771 ns, At safepoint: 4546 ns, Total: 259317 ns
[2023-07-14T23:38:42.850+0000][67][info ][safepoint   ] Safepoint "Cleanup", Time since last: 1001962971 ns, Reaching safepoint: 436502 ns, At safepoint: 26958 ns, Total: 463460 ns
[2023-07-14T23:38:46.046+0000][67][info ][safepoint   ] Safepoint "Cleanup", Time since last: 3196666014 ns, Reaching safepoint: 171901 ns, At safepoint: 4409 ns, Total: 176310 ns
[2023-07-14T23:38:47.128+0000][67][info ][safepoint   ] Safepoint "Cleanup", Time since last: 1080608582 ns, Reaching safepoint: 652346 ns, At safepoint: 11571 ns, Total: 663917 ns
[2023-07-14T23:38:48.132+0000][67][info ][safepoint   ] Safepoint "Cleanup", Time since last: 1003124706 ns, Reaching safepoint: 657388 ns, At safepoint: 10311 ns, Total: 667699 ns
[2023-07-14T23:38:51.135+0000][67][info ][safepoint   ] Safepoint "Cleanup", Time since last: 3002951244 ns, Reaching safepoint: 146837 ns, At safepoint: 4570 ns, Total: 151407 ns
[2023-07-14T23:38:57.357+0000][67][info ][safepoint   ] Safepoint "Cleanup", Time since last: 6220350157 ns, Reaching safepoint: 227725 ns, At safepoint: 30798 ns, Total: 258523 ns
[2023-07-14T23:38:58.834+0000][67][info ][safepoint   ] Safepoint "Cleanup", Time since last: 1476643760 ns, Reaching safepoint: 70838 ns, At safepoint: 35569 ns, Total: 106407 ns
[2023-07-14T23:38:59.971+0000][67][info ][safepoint   ] Safepoint "Cleanup", Time since last: 1136454050 ns, Reaching safepoint: 803657 ns, At safepoint: 58263 ns, Total: 861920 ns
[2023-07-14T23:39:01.975+0000][67][info ][safepoint   ] Safepoint "Cleanup", Time since last: 2003002918 ns, Reaching safepoint: 525357 ns, At safepoint: 9182 ns, Total: 534539 ns
[2023-07-14T23:39:03.235+0000][67][info ][safepoint   ] Safepoint "Cleanup", Time since last: 1259614882 ns, Reaching safepoint: 250658 ns, At safepoint: 34213 ns, Total: 284871 ns
[2023-07-14T23:39:04.696+0000][67][info ][safepoint   ] Safepoint "Cleanup", Time since last: 1460524540 ns, Reaching safepoint: 113334 ns, At safepoint: 35184 ns, Total: 148518 ns
[2023-07-14T23:39:05.753+0000][67][info ][safepoint   ] Safepoint "Cleanup", Time since last: 1057249570 ns, Reaching safepoint: 414738 ns, At safepoint: 19523 ns, Total: 434261 ns
[2023-07-14T23:39:06.757+0000][67][info ][safepoint   ] Safepoint "Cleanup", Time since last: 1002687904 ns, Reaching safepoint: 617673 ns, At safepoint: 9728 ns, Total: 627401 ns
[2023-07-14T23:39:09.242+0000][67][info ][safepoint   ] Safepoint "Cleanup", Time since last: 2485509596 ns, Reaching safepoint: 105827 ns, At safepoint: 52721 ns, Total: 158548 ns
[2023-07-14T23:39:10.381+0000][67][info ][safepoint   ] Safepoint "Cleanup", Time since last: 1138630620 ns, Reaching safepoint: 224355 ns, At safepoint: 29074 ns, Total: 253429 ns
[2023-07-14T23:39:11.448+0000][67][info ][safepoint   ] Safepoint "Cleanup", Time since last: 1066234896 ns, Reaching safepoint: 344939 ns, At safepoint: 5926 ns, Total: 350865 ns
[2023-07-14T23:39:15.670+0000][67][info ][safepoint   ] Safepoint "Cleanup", Time since last: 4222458056 ns, Reaching safepoint: 259219 ns, At safepoint: 11583 ns, Total: 270802 ns
[2023-07-14T23:39:18.740+0000][67][info ][safepoint   ] Safepoint "Cleanup", Time since last: 3068593668 ns, Reaching safepoint: 560056 ns, At safepoint: 18085 ns, Total: 578141 ns
[2023-07-14T23:39:21.284+0000][67][info ][safepoint   ] Safepoint "Cleanup", Time since last: 2544021711 ns, Reaching safepoint: 188908 ns, At safepoint: 37343 ns, Total: 226251 ns
[2023-07-14T23:39:22.288+0000][67][info ][safepoint   ] Safepoint "Cleanup", Time since last: 1004403292 ns, Reaching safepoint: 123115 ns, At safepoint: 36703 ns, Total: 159818 ns
[2023-07-14T23:39:24.142+0000][67][info ][safepoint   ] Safepoint "Cleanup", Time since last: 1852204750 ns, Reaching safepoint: 709485 ns, At safepoint: 257201 ns, Total: 966686 ns
[2023-07-14T23:39:26.145+0000][67][info ][safepoint   ] Safepoint "Cleanup", Time since last: 2003477628 ns, Reaching safepoint: 227324 ns, At safepoint: 4067 ns, Total: 231391 ns
[2023-07-14T23:39:34.681+0000][67][info ][safepoint   ] Safepoint "Cleanup", Time since last: 8533967123 ns, Reaching safepoint: 459310 ns, At safepoint: 7580 ns, Total: 466890 ns
[2023-07-14T23:39:36.055+0000][67][info ][safepoint   ] Safepoint "Cleanup", Time since last: 1374270179 ns, Reaching safepoint: 433594 ns, At safepoint: 7256 ns, Total: 440850 ns
[2023-07-14T23:39:37.060+0000][67][info ][safepoint   ] Safepoint "Cleanup", Time since last: 1004232705 ns, Reaching safepoint: 308657 ns, At safepoint: 8126 ns, Total: 316783 ns
[2023-07-14T23:39:40.175+0000][67][info ][safepoint   ] Safepoint "Cleanup", Time since last: 3115236897 ns, Reaching safepoint: 227452 ns, At safepoint: 39308 ns, Total: 266760 ns
[2023-07-14T23:39:41.239+0000][67][info ][safepoint   ] Safepoint "Cleanup", Time since last: 1063337182 ns, Reaching safepoint: 345859 ns, At safepoint: 6399 ns, Total: 352258 ns
[2023-07-14T23:39:42.242+0000][67][info ][safepoint   ] Safepoint "Cleanup", Time since last: 1002608981 ns, Reaching safepoint: 531416 ns, At safepoint: 10459 ns, Total: 541875 ns
[2023-07-14T23:39:45.226+0000][67][info ][safepoint   ] Safepoint "Cleanup", Time since last: 2983682006 ns, Reaching safepoint: 198386 ns, At safepoint: 46500 ns, Total: 244886 ns
[2023-07-14T23:39:46.372+0000][67][info ][safepoint   ] Safepoint "Cleanup", Time since last: 1144806151 ns, Reaching safepoint: 632996 ns, At safepoint: 12859 ns, Total: 645855 ns
[2023-07-14T23:39:47.602+0000][67][info ][safepoint   ] Safepoint "Cleanup", Time since last: 1230032733 ns, Reaching safepoint: 119996 ns, At safepoint: 17001 ns, Total: 136997 ns
[2023-07-14T23:39:53.874+0000][67][info ][safepoint   ] Safepoint "Cleanup", Time since last: 6271767930 ns, Reaching safepoint: 127510 ns, At safepoint: 5209 ns, Total: 132719 ns
[2023-07-14T23:39:54.876+0000][67][info ][safepoint   ] Safepoint "Cleanup", Time since last: 1001442195 ns, Reaching safepoint: 606995 ns, At safepoint: 25493 ns, Total: 632488 ns
[2023-07-14T23:39:56.880+0000][67][info ][safepoint   ] Safepoint "Cleanup", Time since last: 2003246325 ns, Reaching safepoint: 664051 ns, At safepoint: 15560 ns, Total: 679611 ns
[2023-07-14T23:39:58.083+0000][67][info ][safepoint   ] Safepoint "Cleanup", Time since last: 1202329609 ns, Reaching safepoint: 146426 ns, At safepoint: 59652 ns, Total: 206078 ns
[2023-07-14T23:40:00.143+0000][67][info ][safepoint   ] Safepoint "Cleanup", Time since last: 2059357680 ns, Reaching safepoint: 477809 ns, At safepoint: 10182 ns, Total: 487991 ns
[2023-07-14T23:40:05.321+0000][67][info ][safepoint   ] Safepoint "Cleanup", Time since last: 5177998273 ns, Reaching safepoint: 284893 ns, At safepoint: 30582 ns, Total: 315475 ns
[2023-07-14T23:40:06.385+0000][67][info ][safepoint   ] Safepoint "Cleanup", Time since last: 1063045164 ns, Reaching safepoint: 363357 ns, At safepoint: 21565 ns, Total: 384922 ns
[2023-07-14T23:40:09.251+0000][67][info ][safepoint   ] Safepoint "Cleanup", Time since last: 2865777931 ns, Reaching safepoint: 217682 ns, At safepoint: 39198 ns, Total: 256880 ns
[2023-07-14T23:40:11.969+0000][67][info ][safepoint   ] Safepoint "Cleanup", Time since last: 2718142398 ns, Reaching safepoint: 132992 ns, At safepoint: 113423 ns, Total: 246415 ns
[2023-07-14T23:40:15.243+0000][67][info ][safepoint   ] Safepoint "Cleanup", Time since last: 3273425183 ns, Reaching safepoint: 335385 ns, At safepoint: 34687 ns, Total: 370072 ns
[2023-07-14T23:40:17.195+0000][67][info ][safepoint   ] Safepoint "Cleanup", Time since last: 1951866067 ns, Reaching safepoint: 228273 ns, At safepoint: 8904 ns, Total: 237177 ns
[2023-07-14T23:40:21.199+0000][67][info ][safepoint   ] Safepoint "Cleanup", Time since last: 4003957682 ns, Reaching safepoint: 238974 ns, At safepoint: 7091 ns, Total: 246065 ns
[2023-07-14T23:40:22.363+0000][67][info ][safepoint   ] Safepoint "Cleanup", Time since last: 1163873111 ns, Reaching safepoint: 190331 ns, At safepoint: 36819 ns, Total: 227150 ns
[2023-07-14T23:40:33.241+0000][67][info ][safepoint   ] Safepoint "Cleanup", Time since last: 10877006545 ns, Reaching safepoint: 240495 ns, At safepoint: 30475 ns, Total: 270970 ns
[2023-07-14T23:40:36.982+0000][67][info ][safepoint   ] Safepoint "Cleanup", Time since last: 3740066362 ns, Reaching safepoint: 355514 ns, At safepoint: 15502 ns, Total: 371016 ns
[2023-07-14T23:40:39.480+0000][67][info ][safepoint   ] Safepoint "Cleanup", Time since last: 2498491761 ns, Reaching safepoint: 161407 ns, At safepoint: 49471 ns, Total: 210878 ns
[2023-07-14T23:40:41.336+0000][67][info ][safepoint   ] Safepoint "Cleanup", Time since last: 1854504869 ns, Reaching safepoint: 725366 ns, At safepoint: 27449 ns, Total: 752815 ns
[2023-07-14T23:40:42.339+0000][67][info ][safepoint   ] Safepoint "Cleanup", Time since last: 1003300936 ns, Reaching safepoint: 446202 ns, At safepoint: 8766 ns, Total: 454968 ns
[2023-07-14T23:40:44.344+0000][67][info ][safepoint   ] Safepoint "Cleanup", Time since last: 2003948334 ns, Reaching safepoint: 636811 ns, At safepoint: 10881 ns, Total: 647692 ns
[2023-07-14T23:40:45.390+0000][67][info ][safepoint   ] Safepoint "Cleanup", Time since last: 1046251226 ns, Reaching safepoint: 185666 ns, At safepoint: 27338 ns, Total: 213004 ns
[2023-07-14T23:40:47.584+0000][67][info ][safepoint   ] Safepoint "Cleanup", Time since last: 2193431369 ns, Reaching safepoint: 399730 ns, At safepoint: 14981 ns, Total: 414711 ns
[2023-07-14T23:40:57.240+0000][67][info ][safepoint   ] Safepoint "Cleanup", Time since last: 9655161904 ns, Reaching safepoint: 183139 ns, At safepoint: 41926 ns, Total: 225065 ns
[2023-07-14T23:41:03.156+0000][67][info ][safepoint   ] Safepoint "Cleanup", Time since last: 5915956191 ns, Reaching safepoint: 154672 ns, At safepoint: 3567 ns, Total: 158239 ns
[2023-07-14T23:41:04.360+0000][67][info ][safepoint   ] Safepoint "Cleanup", Time since last: 1203515334 ns, Reaching safepoint: 188717 ns, At safepoint: 29494 ns, Total: 218211 ns
[2023-07-14T23:41:06.527+0000][67][info ][safepoint   ] Safepoint "Cleanup", Time since last: 2166178459 ns, Reaching safepoint: 507138 ns, At safepoint: 6996 ns, Total: 514134 ns
[2023-07-14T23:41:09.261+0000][67][info ][safepoint   ] Safepoint "Cleanup", Time since last: 2733904185 ns, Reaching safepoint: 185764 ns, At safepoint: 29440 ns, Total: 215204 ns
[2023-07-14T23:41:10.762+0000][67][info ][safepoint   ] Safepoint "Cleanup", Time since last: 1500963741 ns, Reaching safepoint: 335530 ns, At safepoint: 13009 ns, Total: 348539 ns
[2023-07-14T23:41:15.710+0000][67][info ][safepoint   ] Safepoint "Cleanup", Time since last: 4947395651 ns, Reaching safepoint: 175516 ns, At safepoint: 32030 ns, Total: 207546 ns
[2023-07-14T23:41:17.025+0000][67][info ][safepoint   ] Safepoint "Cleanup", Time since last: 1314417397 ns, Reaching safepoint: 486142 ns, At safepoint: 23988 ns, Total: 510130 ns
[2023-07-14T23:41:18.830+0000][67][info ][safepoint   ] Safepoint "Cleanup", Time since last: 1805233375 ns, Reaching safepoint: 192822 ns, At safepoint: 40465 ns, Total: 233287 ns
[2023-07-14T23:41:21.248+0000][67][info ][safepoint   ] Safepoint "Cleanup", Time since last: 2417050848 ns, Reaching safepoint: 194021 ns, At safepoint: 27197 ns, Total: 221218 ns
[2023-07-14T23:41:22.272+0000][67][info ][safepoint   ] Safepoint "Cleanup", Time since last: 1024376660 ns, Reaching safepoint: 207612 ns, At safepoint: 28252 ns, Total: 235864 ns
[2023-07-14T23:41:23.303+0000][67][info ][safepoint   ] Safepoint "Cleanup", Time since last: 1030458952 ns, Reaching safepoint: 491847 ns, At safepoint: 15452 ns, Total: 507299 ns
[2023-07-14T23:41:24.375+0000][67][info ][safepoint   ] Safepoint "Cleanup", Time since last: 1071129597 ns, Reaching safepoint: 212436 ns, At safepoint: 33567 ns, Total: 246003 ns
[2023-07-14T23:41:25.376+0000][67][info ][safepoint   ] Safepoint "Cleanup", Time since last: 1000926943 ns, Reaching safepoint: 524440 ns, At safepoint: 14567 ns, Total: 539007 ns
[2023-07-14T23:41:26.559+0000][67][info ][safepoint   ] Safepoint "Cleanup", Time since last: 1181825886 ns, Reaching safepoint: 232717 ns, At safepoint: 4747 ns, Total: 237464 ns
[2023-07-14T23:41:27.580+0000][67][info ][safepoint   ] Safepoint "Cleanup", Time since last: 1020480054 ns, Reaching safepoint: 135389 ns, At safepoint: 40201 ns, Total: 175590 ns
[2023-07-14T23:41:28.954+0000][67][info ][safepoint   ] Safepoint "Cleanup", Time since last: 1374471602 ns, Reaching safepoint: 240397 ns, At safepoint: 12787 ns, Total: 253184 ns
[2023-07-14T23:41:30.492+0000][67][info ][safepoint   ] Safepoint "Cleanup", Time since last: 1537254216 ns, Reaching safepoint: 493035 ns, At safepoint: 19248 ns, Total: 512283 ns
[2023-07-14T23:41:33.285+0000][67][info ][safepoint   ] Safepoint "Cleanup", Time since last: 2792776247 ns, Reaching safepoint: 198619 ns, At safepoint: 41018 ns, Total: 239637 ns
[2023-07-14T23:41:35.171+0000][67][info ][safepoint   ] Safepoint "Cleanup", Time since last: 1885007978 ns, Reaching safepoint: 464761 ns, At safepoint: 11231 ns, Total: 475992 ns
[2023-07-14T23:41:36.192+0000][67][info ][safepoint   ] Safepoint "Cleanup", Time since last: 1021328248 ns, Reaching safepoint: 305685 ns, At safepoint: 6506 ns, Total: 312191 ns
[2023-07-14T23:41:39.195+0000][67][info ][safepoint   ] Safepoint "Cleanup", Time since last: 3002676638 ns, Reaching safepoint: 164721 ns, At safepoint: 6508 ns, Total: 171229 ns
[2023-07-14T23:41:40.373+0000][67][info ][safepoint   ] Safepoint "Cleanup", Time since last: 1177856005 ns, Reaching safepoint: 237680 ns, At safepoint: 38620 ns, Total: 276300 ns
[2023-07-14T23:41:43.436+0000][67][info ][safepoint   ] Safepoint "Cleanup", Time since last: 3062490249 ns, Reaching safepoint: 320644 ns, At safepoint: 7158 ns, Total: 327802 ns
[2023-07-14T23:41:45.281+0000][67][info ][safepoint   ] Safepoint "Cleanup", Time since last: 1845016757 ns, Reaching safepoint: 36093 ns, At safepoint: 66889 ns, Total: 102982 ns
[2023-07-14T23:41:46.728+0000][67][info ][safepoint   ] Safepoint "Cleanup", Time since last: 1446209920 ns, Reaching safepoint: 452745 ns, At safepoint: 17878 ns, Total: 470623 ns
[2023-07-14T23:41:47.983+0000][67][info ][safepoint   ] Safepoint "Cleanup", Time since last: 1253851366 ns, Reaching safepoint: 697488 ns, At safepoint: 24597 ns, Total: 722085 ns
[2023-07-14T23:41:48.986+0000][67][info ][safepoint   ] Safepoint "Cleanup", Time since last: 1002737283 ns, Reaching safepoint: 819633 ns, At safepoint: 24122 ns, Total: 843755 ns
[2023-07-14T23:41:51.235+0000][67][info ][safepoint   ] Safepoint "Cleanup", Time since last: 2249048043 ns, Reaching safepoint: 164354 ns, At safepoint: 102650 ns, Total: 267004 ns
[2023-07-14T23:41:52.321+0000][67][info ][safepoint   ] Safepoint "Cleanup", Time since last: 1085223502 ns, Reaching safepoint: 175008 ns, At safepoint: 27872 ns, Total: 202880 ns
[2023-07-14T23:41:54.328+0000][67][info ][safepoint   ] Safepoint "Cleanup", Time since last: 2006352765 ns, Reaching safepoint: 675594 ns, At safepoint: 25943 ns, Total: 701537 ns
[2023-07-14T23:41:57.251+0000][67][info ][safepoint   ] Safepoint "Cleanup", Time since last: 2921568531 ns, Reaching safepoint: 180953 ns, At safepoint: 30396 ns, Total: 211349 ns
[2023-07-14T23:41:58.533+0000][67][info ][safepoint   ] Safepoint "Cleanup", Time since last: 1282408977 ns, Reaching safepoint: 222049 ns, At safepoint: 104583 ns, Total: 326632 ns
[2023-07-14T23:41:59.567+0000][67][info ][safepoint   ] Safepoint "Cleanup", Time since last: 1032805663 ns, Reaching safepoint: 396120 ns, At safepoint: 14521 ns, Total: 410641 ns
[2023-07-14T23:42:03.405+0000][67][info ][safepoint   ] Safepoint "Cleanup", Time since last: 3838543825 ns, Reaching safepoint: 180863 ns, At safepoint: 78212 ns, Total: 259075 ns
[2023-07-14T23:42:06.835+0000][67][info ][safepoint   ] Safepoint "Cleanup", Time since last: 3429317051 ns, Reaching safepoint: 376429 ns, At safepoint: 15951 ns, Total: 392380 ns
[2023-07-14T23:42:09.343+0000][67][info ][safepoint   ] Safepoint "Cleanup", Time since last: 2507189632 ns, Reaching safepoint: 252838 ns, At safepoint: 36691 ns, Total: 289529 ns
[2023-07-14T23:42:12.649+0000][67][info ][safepoint   ] Safepoint "Cleanup", Time since last: 3306034700 ns, Reaching safepoint: 255623 ns, At safepoint: 40462 ns, Total: 296085 ns
[2023-07-14T23:42:14.016+0000][67][info ][safepoint   ] Safepoint "Cleanup", Time since last: 1366853369 ns, Reaching safepoint: 174593 ns, At safepoint: 57167 ns, Total: 231760 ns
[2023-07-14T23:42:16.298+0000][67][info ][safepoint   ] Safepoint "Cleanup", Time since last: 2282212807 ns, Reaching safepoint: 214536 ns, At safepoint: 28116 ns, Total: 242652 ns
[2023-07-14T23:42:17.461+0000][67][info ][safepoint   ] Safepoint "Cleanup", Time since last: 1162142798 ns, Reaching safepoint: 205629 ns, At safepoint: 44990 ns, Total: 250619 ns
[2023-07-14T23:42:21.262+0000][67][info ][safepoint   ] Safepoint "Cleanup", Time since last: 3800773492 ns, Reaching safepoint: 222659 ns, At safepoint: 34080 ns, Total: 256739 ns
[2023-07-14T23:42:24.964+0000][67][info ][safepoint   ] Safepoint "Cleanup", Time since last: 3702160837 ns, Reaching safepoint: 300734 ns, At safepoint: 6648 ns, Total: 307382 ns
[2023-07-14T23:42:26.970+0000][67][info ][safepoint   ] Safepoint "Cleanup", Time since last: 2004251325 ns, Reaching safepoint: 466811 ns, At safepoint: 27199 ns, Total: 494010 ns
[2023-07-14T23:42:28.150+0000][67][info ][safepoint   ] Safepoint "Cleanup", Time since last: 1180004465 ns, Reaching safepoint: 165038 ns, At safepoint: 30320 ns, Total: 195358 ns
[2023-07-14T23:42:29.210+0000][67][info ][safepoint   ] Safepoint "Cleanup", Time since last: 1059706964 ns, Reaching safepoint: 171207 ns, At safepoint: 6096 ns, Total: 177303 ns
[2023-07-14T23:42:30.498+0000][67][info ][safepoint   ] Safepoint "Cleanup", Time since last: 1287769575 ns, Reaching safepoint: 248016 ns, At safepoint: 5453 ns, Total: 253469 ns
[2023-07-14T23:42:31.501+0000][67][info ][safepoint   ] Safepoint "Cleanup", Time since last: 1002510920 ns, Reaching safepoint: 305772 ns, At safepoint: 4594 ns, Total: 310366 ns
[2023-07-14T23:42:33.252+0000][67][info ][safepoint   ] Safepoint "Cleanup", Time since last: 1750694515 ns, Reaching safepoint: 161602 ns, At safepoint: 39678 ns, Total: 201280 ns
[2023-07-14T23:42:34.381+0000][67][info ][safepoint   ] Safepoint "Cleanup", Time since last: 1128672341 ns, Reaching safepoint: 182380 ns, At safepoint: 10529 ns, Total: 192909 ns
[2023-07-14T23:42:36.469+0000][67][info ][safepoint   ] Safepoint "Cleanup", Time since last: 2087688968 ns, Reaching safepoint: 308104 ns, At safepoint: 5482 ns, Total: 313586 ns
[2023-07-14T23:42:39.412+0000][67][info ][safepoint   ] Safepoint "Cleanup", Time since last: 2942747464 ns, Reaching safepoint: 233175 ns, At safepoint: 51715 ns, Total: 284890 ns
[2023-07-14T23:42:40.848+0000][67][info ][safepoint   ] Safepoint "Cleanup", Time since last: 1436772750 ns, Reaching safepoint: 51298 ns, At safepoint: 3042 ns, Total: 54340 ns
[2023-07-14T23:42:41.861+0000][67][info ][safepoint   ] Safepoint "Cleanup", Time since last: 1012369218 ns, Reaching safepoint: 247318 ns, At safepoint: 12646 ns, Total: 259964 ns
[2023-07-14T23:42:42.863+0000][67][info ][safepoint   ] Safepoint "Cleanup", Time since last: 1001703996 ns, Reaching safepoint: 237290 ns, At safepoint: 5047 ns, Total: 242337 ns
[2023-07-14T23:42:43.865+0000][67][info ][safepoint   ] Safepoint "Cleanup", Time since last: 1001622712 ns, Reaching safepoint: 290446 ns, At safepoint: 4682 ns, Total: 295128 ns
[2023-07-14T23:42:45.241+0000][67][info ][safepoint   ] Safepoint "Cleanup", Time since last: 1376092054 ns, Reaching safepoint: 241702 ns, At safepoint: 35534 ns, Total: 277236 ns
[2023-07-14T23:42:46.694+0000][67][info ][safepoint   ] Safepoint "Cleanup", Time since last: 1452743596 ns, Reaching safepoint: 224491 ns, At safepoint: 29727 ns, Total: 254218 ns
[2023-07-14T23:42:48.175+0000][67][info ][safepoint   ] Safepoint "Cleanup", Time since last: 1480175495 ns, Reaching safepoint: 733437 ns, At safepoint: 23838 ns, Total: 757275 ns
[2023-07-14T23:42:49.483+0000][67][info ][safepoint   ] Safepoint "Cleanup", Time since last: 1307066839 ns, Reaching safepoint: 311004 ns, At safepoint: 13212 ns, Total: 324216 ns
[2023-07-14T23:42:50.485+0000][67][info ][safepoint   ] Safepoint "Cleanup", Time since last: 1002157830 ns, Reaching safepoint: 399193 ns, At safepoint: 25962 ns, Total: 425155 ns
[2023-07-14T23:42:51.617+0000][67][info ][safepoint   ] Safepoint "Cleanup", Time since last: 1130899610 ns, Reaching safepoint: 579370 ns, At safepoint: 50909 ns, Total: 630279 ns
[2023-07-14T23:42:52.681+0000][67][info ][safepoint   ] Safepoint "Cleanup", Time since last: 1063753127 ns, Reaching safepoint: 862356 ns, At safepoint: 54129 ns, Total: 916485 ns
[2023-07-14T23:42:53.956+0000][67][info ][safepoint   ] Safepoint "Cleanup", Time since last: 1274041836 ns, Reaching safepoint: 226264 ns, At safepoint: 11575 ns, Total: 237839 ns
[2023-07-14T23:42:54.958+0000][67][info ][safepoint   ] Safepoint "Cleanup", Time since last: 1001528614 ns, Reaching safepoint: 446076 ns, At safepoint: 20978 ns, Total: 467054 ns
[2023-07-14T23:42:56.962+0000][67][info ][safepoint   ] Safepoint "Cleanup", Time since last: 2002952083 ns, Reaching safepoint: 438255 ns, At safepoint: 23175 ns, Total: 461430 ns
[2023-07-14T23:42:58.064+0000][67][info ][safepoint   ] Safepoint "Cleanup", Time since last: 1101827623 ns, Reaching safepoint: 111156 ns, At safepoint: 62917 ns, Total: 174073 ns
[2023-07-14T23:42:59.206+0000][67][info ][safepoint   ] Safepoint "Cleanup", Time since last: 1142186648 ns, Reaching safepoint: 113394 ns, At safepoint: 4779 ns, Total: 118173 ns
[2023-07-14T23:43:00.217+0000][67][info ][safepoint   ] Safepoint "Cleanup", Time since last: 1010056110 ns, Reaching safepoint: 561267 ns, At safepoint: 25429 ns, Total: 586696 ns
[2023-07-14T23:43:01.220+0000][67][info ][safepoint   ] Safepoint "Cleanup", Time since last: 1003085217 ns, Reaching safepoint: 270284 ns, At safepoint: 4775 ns, Total: 275059 ns
[2023-07-14T23:43:03.222+0000][67][info ][safepoint   ] Safepoint "Cleanup", Time since last: 2001899972 ns, Reaching safepoint: 263262 ns, At safepoint: 15183 ns, Total: 278445 ns
[2023-07-14T23:43:05.111+0000][67][info ][safepoint   ] Safepoint "Cleanup", Time since last: 1887254746 ns, Reaching safepoint: 959349 ns, At safepoint: 26215 ns, Total: 985564 ns
[2023-07-14T23:43:06.114+0000][67][info ][safepoint   ] Safepoint "Cleanup", Time since last: 1003522816 ns, Reaching safepoint: 315041 ns, At safepoint: 13964 ns, Total: 329005 ns
[2023-07-14T23:43:07.450+0000][67][info ][safepoint   ] Safepoint "Cleanup", Time since last: 1334833390 ns, Reaching safepoint: 444242 ns, At safepoint: 18530 ns, Total: 462772 ns
[2023-07-14T23:43:09.511+0000][67][info ][safepoint   ] Safepoint "Cleanup", Time since last: 2061518010 ns, Reaching safepoint: 212292 ns, At safepoint: 10885 ns, Total: 223177 ns
[2023-07-14T23:43:10.713+0000][67][info ][safepoint   ] Safepoint "Cleanup", Time since last: 1201556697 ns, Reaching safepoint: 327857 ns, At safepoint: 61368 ns, Total: 389225 ns
[2023-07-14T23:43:11.726+0000][67][info ][safepoint   ] Safepoint "Cleanup", Time since last: 1012605727 ns, Reaching safepoint: 190493 ns, At safepoint: 9142 ns, Total: 199635 ns
[2023-07-14T23:43:13.094+0000][67][info ][safepoint   ] Safepoint "Cleanup", Time since last: 1367459106 ns, Reaching safepoint: 183589 ns, At safepoint: 3741 ns, Total: 187330 ns
[2023-07-14T23:43:14.096+0000][67][info ][safepoint   ] Safepoint "Cleanup", Time since last: 1001837159 ns, Reaching safepoint: 450142 ns, At safepoint: 8370 ns, Total: 458512 ns
[2023-07-14T23:43:18.275+0000][67][info ][safepoint   ] Safepoint "Cleanup", Time since last: 4178076212 ns, Reaching safepoint: 315987 ns, At safepoint: 12931 ns, Total: 328918 ns
[2023-07-14T23:43:19.278+0000][67][info ][safepoint   ] Safepoint "Cleanup", Time since last: 1002792257 ns, Reaching safepoint: 340574 ns, At safepoint: 16617 ns, Total: 357191 ns
[2023-07-14T23:43:22.203+0000][67][info ][safepoint   ] Safepoint "Cleanup", Time since last: 2924995184 ns, Reaching safepoint: 68335 ns, At safepoint: 31469 ns, Total: 99804 ns
[2023-07-14T23:43:23.547+0000][67][info ][safepoint   ] Safepoint "Cleanup", Time since last: 1343691530 ns, Reaching safepoint: 198838 ns, At safepoint: 5233 ns, Total: 204071 ns
[2023-07-14T23:43:24.549+0000][67][info ][safepoint   ] Safepoint "Cleanup", Time since last: 1001822313 ns, Reaching safepoint: 440837 ns, At safepoint: 15672 ns, Total: 456509 ns
[2023-07-14T23:43:27.735+0000][67][info ][safepoint   ] Safepoint "Cleanup", Time since last: 3185159375 ns, Reaching safepoint: 198746 ns, At safepoint: 35809 ns, Total: 234555 ns
[2023-07-14T23:43:28.757+0000][67][info ][safepoint   ] Safepoint "Cleanup", Time since last: 1021381231 ns, Reaching safepoint: 152081 ns, At safepoint: 170765 ns, Total: 322846 ns
[2023-07-14T23:43:30.608+0000][67][info ][safepoint   ] Safepoint "Cleanup", Time since last: 1850190021 ns, Reaching safepoint: 609195 ns, At safepoint: 25574 ns, Total: 634769 ns
[2023-07-14T23:43:33.273+0000][67][info ][safepoint   ] Safepoint "Cleanup", Time since last: 2664824272 ns, Reaching safepoint: 213570 ns, At safepoint: 27663 ns, Total: 241233 ns
[2023-07-14T23:43:34.363+0000][67][info ][safepoint   ] Safepoint "Cleanup", Time since last: 1089683688 ns, Reaching safepoint: 306704 ns, At safepoint: 64318 ns, Total: 371022 ns
[2023-07-14T23:43:35.365+0000][67][info ][safepoint   ] Safepoint "Cleanup", Time since last: 1001843568 ns, Reaching safepoint: 226473 ns, At safepoint: 10365 ns, Total: 236838 ns
[2023-07-14T23:43:36.908+0000][67][info ][safepoint   ] Safepoint "Cleanup", Time since last: 1541706273 ns, Reaching safepoint: 859852 ns, At safepoint: 45053 ns, Total: 904905 ns
[2023-07-14T23:43:41.939+0000][67][info ][safepoint   ] Safepoint "Cleanup", Time since last: 5031400274 ns, Reaching safepoint: 422451 ns, At safepoint: 12444 ns, Total: 434895 ns
[2023-07-14T23:43:47.188+0000][67][info ][safepoint   ] Safepoint "Cleanup", Time since last: 5248577181 ns, Reaching safepoint: 298862 ns, At safepoint: 17982 ns, Total: 316844 ns
[2023-07-14T23:43:48.190+0000][67][info ][safepoint   ] Safepoint "Cleanup", Time since last: 1001821185 ns, Reaching safepoint: 237641 ns, At safepoint: 5058 ns, Total: 242699 ns
[2023-07-14T23:43:51.403+0000][67][info ][safepoint   ] Safepoint "Cleanup", Time since last: 3212658893 ns, Reaching safepoint: 226429 ns, At safepoint: 25538 ns, Total: 251967 ns
[2023-07-14T23:43:52.421+0000][67][info ][safepoint   ] Safepoint "Cleanup", Time since last: 1017661613 ns, Reaching safepoint: 183585 ns, At safepoint: 31118 ns, Total: 214703 ns
[2023-07-14T23:43:53.452+0000][67][info ][safepoint   ] Safepoint "Cleanup", Time since last: 1030145223 ns, Reaching safepoint: 339662 ns, At safepoint: 8104 ns, Total: 347766 ns
[2023-07-14T23:43:54.454+0000][67][info ][safepoint   ] Safepoint "Cleanup", Time since last: 1002500911 ns, Reaching safepoint: 238601 ns, At safepoint: 12628 ns, Total: 251229 ns
[2023-07-14T23:43:58.816+0000][67][info ][safepoint   ] Safepoint "Cleanup", Time since last: 4359872025 ns, Reaching safepoint: 240625 ns, At safepoint: 57500 ns, Total: 298125 ns
[2023-07-14T23:44:00.828+0000][67][info ][safepoint   ] Safepoint "Cleanup", Time since last: 2012245931 ns, Reaching safepoint: 233093 ns, At safepoint: 5188 ns, Total: 238281 ns
[2023-07-14T23:44:03.984+0000][67][info ][safepoint   ] Safepoint "Cleanup", Time since last: 3155998113 ns, Reaching safepoint: 127159 ns, At safepoint: 53368 ns, Total: 180527 ns
[2023-07-14T23:44:10.420+0000][67][info ][safepoint   ] Safepoint "Cleanup", Time since last: 6435847292 ns, Reaching safepoint: 378623 ns, At safepoint: 56550 ns, Total: 435173 ns
[2023-07-14T23:44:16.978+0000][67][info ][safepoint   ] Safepoint "Cleanup", Time since last: 6556977135 ns, Reaching safepoint: 949584 ns, At safepoint: 30182 ns, Total: 979766 ns
[2023-07-14T23:44:20.988+0000][67][info ][safepoint   ] Safepoint "Cleanup", Time since last: 4009762511 ns, Reaching safepoint: 282665 ns, At safepoint: 5296 ns, Total: 287961 ns
[2023-07-14T23:44:27.412+0000][67][info ][safepoint   ] Safepoint "Cleanup", Time since last: 6422370001 ns, Reaching safepoint: 207617 ns, At safepoint: 27887 ns, Total: 235504 ns
[2023-07-14T23:44:28.557+0000][67][info ][safepoint   ] Safepoint "Cleanup", Time since last: 1144986046 ns, Reaching safepoint: 182688 ns, At safepoint: 33685 ns, Total: 216373 ns
[2023-07-14T23:44:33.399+0000][67][info ][safepoint   ] Safepoint "Cleanup", Time since last: 4841564750 ns, Reaching safepoint: 183505 ns, At safepoint: 27220 ns, Total: 210725 ns
[2023-07-14T23:44:36.403+0000][67][info ][safepoint   ] Safepoint "Cleanup", Time since last: 3004273961 ns, Reaching safepoint: 359585 ns, At safepoint: 6916 ns, Total: 366501 ns
[2023-07-14T23:44:41.206+0000][67][info ][safepoint   ] Safepoint "Cleanup", Time since last: 4802394032 ns, Reaching safepoint: 183983 ns, At safepoint: 5964 ns, Total: 189947 ns
[2023-07-14T23:44:44.071+0000][67][info ][safepoint   ] Safepoint "Cleanup", Time since last: 2864611872 ns, Reaching safepoint: 599822 ns, At safepoint: 10281 ns, Total: 610103 ns
[2023-07-14T23:44:45.282+0000][67][info ][safepoint   ] Safepoint "Cleanup", Time since last: 1210645575 ns, Reaching safepoint: 131913 ns, At safepoint: 47435 ns, Total: 179348 ns
[2023-07-14T23:44:46.408+0000][67][info ][safepoint   ] Safepoint "Cleanup", Time since last: 1126012615 ns, Reaching safepoint: 179853 ns, At safepoint: 28816 ns, Total: 208669 ns
[2023-07-14T23:44:51.268+0000][67][info ][safepoint   ] Safepoint "Cleanup", Time since last: 4860122612 ns, Reaching safepoint: 184755 ns, At safepoint: 8028 ns, Total: 192783 ns
[2023-07-14T23:44:56.853+0000][67][info ][safepoint   ] Safepoint "Cleanup", Time since last: 5583223721 ns, Reaching safepoint: 727210 ns, At safepoint: 32192 ns, Total: 759402 ns
[2023-07-14T23:44:59.081+0000][67][info ][safepoint   ] Safepoint "Cleanup", Time since last: 2226753370 ns, Reaching safepoint: 733019 ns, At safepoint: 29679 ns, Total: 762698 ns
[2023-07-14T23:45:07.309+0000][67][info ][safepoint   ] Safepoint "Cleanup", Time since last: 8227899299 ns, Reaching safepoint: 361925 ns, At safepoint: 7530 ns, Total: 369455 ns
[2023-07-14T23:45:09.283+0000][67][info ][safepoint   ] Safepoint "Cleanup", Time since last: 1974311922 ns, Reaching safepoint: 161243 ns, At safepoint: 40536 ns, Total: 201779 ns
[2023-07-14T23:45:10.827+0000][67][info ][safepoint   ] Safepoint "Cleanup", Time since last: 1543366131 ns, Reaching safepoint: 640911 ns, At safepoint: 10185 ns, Total: 651096 ns
[2023-07-14T23:45:19.088+0000][67][info ][safepoint   ] Safepoint "Cleanup", Time since last: 8260259475 ns, Reaching safepoint: 672534 ns, At safepoint: 10702 ns, Total: 683236 ns
[2023-07-14T23:45:21.447+0000][67][info ][safepoint   ] Safepoint "Cleanup", Time since last: 2358803742 ns, Reaching safepoint: 192467 ns, At safepoint: 55547 ns, Total: 248014 ns
[2023-07-14T23:45:22.541+0000][67][info ][safepoint   ] Safepoint "Cleanup", Time since last: 1093755778 ns, Reaching safepoint: 250281 ns, At safepoint: 34499 ns, Total: 284780 ns
[2023-07-14T23:45:24.549+0000][67][info ][safepoint   ] Safepoint "Cleanup", Time since last: 2006902251 ns, Reaching safepoint: 454639 ns, At safepoint: 9399 ns, Total: 464038 ns
[2023-07-14T23:45:26.554+0000][67][info ][safepoint   ] Safepoint "Cleanup", Time since last: 2003773965 ns, Reaching safepoint: 718138 ns, At safepoint: 12362 ns, Total: 730500 ns
[2023-07-14T23:45:27.713+0000][67][info ][safepoint   ] Safepoint "Cleanup", Time since last: 1158230619 ns, Reaching safepoint: 127105 ns, At safepoint: 43792 ns, Total: 170897 ns
[2023-07-14T23:45:29.712+0000][67][info ][safepoint   ] Safepoint "Cleanup", Time since last: 1998732207 ns, Reaching safepoint: 741171 ns, At safepoint: 34337 ns, Total: 775508 ns
[2023-07-14T23:45:36.133+0000][67][info ][safepoint   ] Safepoint "Cleanup", Time since last: 6420450782 ns, Reaching safepoint: 380014 ns, At safepoint: 7008 ns, Total: 387022 ns
[2023-07-14T23:45:42.359+0000][67][info ][safepoint   ] Safepoint "Cleanup", Time since last: 6225956460 ns, Reaching safepoint: 448419 ns, At safepoint: 10526 ns, Total: 458945 ns
[2023-07-14T23:45:44.364+0000][67][info ][safepoint   ] Safepoint "Cleanup", Time since last: 2003471855 ns, Reaching safepoint: 661073 ns, At safepoint: 26452 ns, Total: 687525 ns
[2023-07-14T23:45:46.567+0000][67][info ][safepoint   ] Safepoint "Cleanup", Time since last: 2203246854 ns, Reaching safepoint: 215403 ns, At safepoint: 28472 ns, Total: 243875 ns
[2023-07-14T23:45:47.727+0000][67][info ][safepoint   ] Safepoint "Cleanup", Time since last: 1159520010 ns, Reaching safepoint: 95529 ns, At safepoint: 42475 ns, Total: 138004 ns
[2023-07-14T23:45:51.288+0000][67][info ][safepoint   ] Safepoint "Cleanup", Time since last: 3561406934 ns, Reaching safepoint: 190628 ns, At safepoint: 35286 ns, Total: 225914 ns
[2023-07-14T23:45:52.998+0000][67][info ][safepoint   ] Safepoint "Cleanup", Time since last: 1708819077 ns, Reaching safepoint: 635579 ns, At safepoint: 28031 ns, Total: 663610 ns
[2023-07-14T23:45:54.002+0000][67][info ][safepoint   ] Safepoint "Cleanup", Time since last: 1003621511 ns, Reaching safepoint: 360542 ns, At safepoint: 12682 ns, Total: 373224 ns
[2023-07-14T23:45:55.004+0000][67][info ][safepoint   ] Safepoint "Cleanup", Time since last: 1001507372 ns, Reaching safepoint: 511540 ns, At safepoint: 23089 ns, Total: 534629 ns
[2023-07-14T23:45:57.008+0000][67][info ][safepoint   ] Safepoint "Cleanup", Time since last: 2002712725 ns, Reaching safepoint: 300535 ns, At safepoint: 6267 ns, Total: 306802 ns
[2023-07-14T23:45:58.204+0000][67][info ][safepoint   ] Safepoint "Cleanup", Time since last: 1196108112 ns, Reaching safepoint: 343039 ns, At safepoint: 67974 ns, Total: 411013 ns
[2023-07-14T23:46:01.278+0000][67][info ][safepoint   ] Safepoint "Cleanup", Time since last: 3073418976 ns, Reaching safepoint: 427166 ns, At safepoint: 6682 ns, Total: 433848 ns
[2023-07-14T23:46:03.279+0000][67][info ][safepoint   ] Safepoint "Cleanup", Time since last: 2000913928 ns, Reaching safepoint: 239925 ns, At safepoint: 28318 ns, Total: 268243 ns
[2023-07-14T23:46:04.334+0000][67][info ][safepoint   ] Safepoint "Cleanup", Time since last: 1054789882 ns, Reaching safepoint: 93152 ns, At safepoint: 27616 ns, Total: 120768 ns
[2023-07-14T23:46:09.302+0000][67][info ][safepoint   ] Safepoint "Cleanup", Time since last: 4967914873 ns, Reaching safepoint: 171616 ns, At safepoint: 35051 ns, Total: 206667 ns
[2023-07-14T23:46:12.600+0000][67][info ][safepoint   ] Safepoint "Cleanup", Time since last: 3297947903 ns, Reaching safepoint: 159296 ns, At safepoint: 29013 ns, Total: 188309 ns
[2023-07-14T23:46:14.446+0000][67][info ][safepoint   ] Safepoint "Cleanup", Time since last: 1845611312 ns, Reaching safepoint: 232089 ns, At safepoint: 33601 ns, Total: 265690 ns
[2023-07-14T23:46:15.457+0000][67][info ][safepoint   ] Safepoint "Cleanup", Time since last: 1010645485 ns, Reaching safepoint: 154862 ns, At safepoint: 49771 ns, Total: 204633 ns
[2023-07-14T23:46:17.214+0000][67][info ][safepoint   ] Safepoint "Cleanup", Time since last: 1756345746 ns, Reaching safepoint: 321992 ns, At safepoint: 5173 ns, Total: 327165 ns
[2023-07-14T23:46:21.217+0000][67][info ][safepoint   ] Safepoint "Cleanup", Time since last: 4002605752 ns, Reaching safepoint: 189709 ns, At safepoint: 38233 ns, Total: 227942 ns
[2023-07-14T23:46:24.429+0000][67][info ][safepoint   ] Safepoint "Cleanup", Time since last: 3212065933 ns, Reaching safepoint: 254609 ns, At safepoint: 9562 ns, Total: 264171 ns
[2023-07-14T23:46:28.468+0000][67][info ][safepoint   ] Safepoint "Cleanup", Time since last: 4037715612 ns, Reaching safepoint: 445457 ns, At safepoint: 15694 ns, Total: 461151 ns
[2023-07-14T23:46:30.694+0000][67][info ][safepoint   ] Safepoint "Cleanup", Time since last: 2225492130 ns, Reaching safepoint: 503621 ns, At safepoint: 16330 ns, Total: 519951 ns
[2023-07-14T23:46:31.696+0000][67][info ][safepoint   ] Safepoint "Cleanup", Time since last: 1002077363 ns, Reaching safepoint: 258510 ns, At safepoint: 15134 ns, Total: 273644 ns
[2023-07-14T23:46:33.304+0000][67][info ][safepoint   ] Safepoint "Cleanup", Time since last: 1607941255 ns, Reaching safepoint: 168533 ns, At safepoint: 81337 ns, Total: 249870 ns
[2023-07-14T23:46:34.959+0000][67][info ][safepoint   ] Safepoint "Cleanup", Time since last: 1654329316 ns, Reaching safepoint: 273978 ns, At safepoint: 53157 ns, Total: 327135 ns
[2023-07-14T23:46:36.346+0000][67][info ][safepoint   ] Safepoint "Cleanup", Time since last: 1386073177 ns, Reaching safepoint: 978445 ns, At safepoint: 22498 ns, Total: 1000943 ns
[2023-07-14T23:46:39.302+0000][67][info ][safepoint   ] Safepoint "Cleanup", Time since last: 2955554751 ns, Reaching safepoint: 237407 ns, At safepoint: 49672 ns, Total: 287079 ns
[2023-07-14T23:46:40.413+0000][67][info ][safepoint   ] Safepoint "Cleanup", Time since last: 1110872277 ns, Reaching safepoint: 225643 ns, At safepoint: 41142 ns, Total: 266785 ns
[2023-07-14T23:46:45.320+0000][67][info ][safepoint   ] Safepoint "Cleanup", Time since last: 4906846358 ns, Reaching safepoint: 204213 ns, At safepoint: 30902 ns, Total: 235115 ns
[2023-07-14T23:46:51.297+0000][67][info ][safepoint   ] Safepoint "Cleanup", Time since last: 5976878077 ns, Reaching safepoint: 187236 ns, At safepoint: 36485 ns, Total: 223721 ns
[2023-07-14T23:46:52.970+0000][67][info ][safepoint   ] Safepoint "Cleanup", Time since last: 1672156420 ns, Reaching safepoint: 420544 ns, At safepoint: 12991 ns, Total: 433535 ns
[2023-07-14T23:46:59.228+0000][67][info ][safepoint   ] Safepoint "Cleanup", Time since last: 6256769379 ns, Reaching safepoint: 236679 ns, At safepoint: 4401 ns, Total: 241080 ns
[2023-07-14T23:47:02.231+0000][67][info ][safepoint   ] Safepoint "Cleanup", Time since last: 3002777618 ns, Reaching safepoint: 358033 ns, At safepoint: 6286 ns, Total: 364319 ns
[2023-07-14T23:47:04.446+0000][67][info ][safepoint   ] Safepoint "Cleanup", Time since last: 2214863069 ns, Reaching safepoint: 147403 ns, At safepoint: 30042 ns, Total: 177445 ns
[2023-07-14T23:47:09.539+0000][67][info ][safepoint   ] Safepoint "Cleanup", Time since last: 5092540137 ns, Reaching safepoint: 270648 ns, At safepoint: 82529 ns, Total: 353177 ns
[2023-07-14T23:47:10.968+0000][67][info ][safepoint   ] Safepoint "Cleanup", Time since last: 1428886329 ns, Reaching safepoint: 190102 ns, At safepoint: 3910 ns, Total: 194012 ns
[2023-07-14T23:47:12.285+0000][67][info ][safepoint   ] Safepoint "Cleanup", Time since last: 1316229022 ns, Reaching safepoint: 396620 ns, At safepoint: 16648 ns, Total: 413268 ns
[2023-07-14T23:47:13.288+0000][67][info ][safepoint   ] Safepoint "Cleanup", Time since last: 1002616465 ns, Reaching safepoint: 356649 ns, At safepoint: 9267 ns, Total: 365916 ns
[2023-07-14T23:47:16.524+0000][67][info ][safepoint   ] Safepoint "Cleanup", Time since last: 3236562572 ns, Reaching safepoint: 143284 ns, At safepoint: 48219 ns, Total: 191503 ns
[2023-07-14T23:47:21.302+0000][67][info ][safepoint   ] Safepoint "Cleanup", Time since last: 4777016760 ns, Reaching safepoint: 251143 ns, At safepoint: 29909 ns, Total: 281052 ns
[2023-07-14T23:47:23.895+0000][67][info ][safepoint   ] Safepoint "Cleanup", Time since last: 2592727433 ns, Reaching safepoint: 180859 ns, At safepoint: 16838 ns, Total: 197697 ns
[2023-07-14T23:47:24.897+0000][67][info ][safepoint   ] Safepoint "Cleanup", Time since last: 1001557684 ns, Reaching safepoint: 612928 ns, At safepoint: 12131 ns, Total: 625059 ns
[2023-07-14T23:47:31.184+0000][67][info ][safepoint   ] Safepoint "Cleanup", Time since last: 6285310130 ns, Reaching safepoint: 666569 ns, At safepoint: 11562 ns, Total: 678131 ns
[2023-07-14T23:47:33.535+0000][67][info ][safepoint   ] Safepoint "Cleanup", Time since last: 2350774521 ns, Reaching safepoint: 177203 ns, At safepoint: 32280 ns, Total: 209483 ns
[2023-07-14T23:47:34.545+0000][67][info ][safepoint   ] Safepoint "Cleanup", Time since last: 1009703265 ns, Reaching safepoint: 153181 ns, At safepoint: 5011 ns, Total: 158192 ns
[2023-07-14T23:47:36.802+0000][67][info ][safepoint   ] Safepoint "Cleanup", Time since last: 2257365885 ns, Reaching safepoint: 595739 ns, At safepoint: 9562 ns, Total: 605301 ns
[2023-07-14T23:47:42.770+0000][67][info ][safepoint   ] Safepoint "Cleanup", Time since last: 5967135785 ns, Reaching safepoint: 349201 ns, At safepoint: 6807 ns, Total: 356008 ns
[2023-07-14T23:47:43.773+0000][67][info ][safepoint   ] Safepoint "Cleanup", Time since last: 1003060452 ns, Reaching safepoint: 285375 ns, At safepoint: 15035 ns, Total: 300410 ns
[2023-07-14T23:47:45.275+0000][67][info ][safepoint   ] Safepoint "Cleanup", Time since last: 1501455609 ns, Reaching safepoint: 167490 ns, At safepoint: 4341 ns, Total: 171831 ns
[2023-07-14T23:47:47.067+0000][67][info ][safepoint   ] Safepoint "Cleanup", Time since last: 1792119927 ns, Reaching safepoint: 299208 ns, At safepoint: 4370 ns, Total: 303578 ns
[2023-07-14T23:47:53.425+0000][67][info ][safepoint   ] Safepoint "Cleanup", Time since last: 6356859187 ns, Reaching safepoint: 253826 ns, At safepoint: 11617 ns, Total: 265443 ns
[2023-07-14T23:47:54.427+0000][67][info ][safepoint   ] Safepoint "Cleanup", Time since last: 1001808546 ns, Reaching safepoint: 370651 ns, At safepoint: 15543 ns, Total: 386194 ns
[2023-07-14T23:47:55.429+0000][67][info ][safepoint   ] Safepoint "Cleanup", Time since last: 1001779156 ns, Reaching safepoint: 338841 ns, At safepoint: 5586 ns, Total: 344427 ns
[2023-07-14T23:47:57.344+0000][67][info ][safepoint   ] Safepoint "Cleanup", Time since last: 1914007803 ns, Reaching safepoint: 230673 ns, At safepoint: 52623 ns, Total: 283296 ns
[2023-07-14T23:47:58.401+0000][67][info ][safepoint   ] Safepoint "Cleanup", Time since last: 1057067717 ns, Reaching safepoint: 210405 ns, At safepoint: 28575 ns, Total: 238980 ns
[2023-07-14T23:48:03.304+0000][67][info ][safepoint   ] Safepoint "Cleanup", Time since last: 4902518180 ns, Reaching safepoint: 219396 ns, At safepoint: 10194 ns, Total: 229590 ns
[2023-07-14T23:48:05.388+0000][67][info ][safepoint   ] Safepoint "Cleanup", Time since last: 2083622753 ns, Reaching safepoint: 233329 ns, At safepoint: 4556 ns, Total: 237885 ns
[2023-07-14T23:48:06.390+0000][67][info ][safepoint   ] Safepoint "Cleanup", Time since last: 1001897647 ns, Reaching safepoint: 215040 ns, At safepoint: 4622 ns, Total: 219662 ns
[2023-07-14T23:48:07.393+0000][67][info ][safepoint   ] Safepoint "Cleanup", Time since last: 1001923000 ns, Reaching safepoint: 654802 ns, At safepoint: 11237 ns, Total: 666039 ns
[2023-07-14T23:48:09.356+0000][67][info ][gc,start    ] GC(15) Pause Young (Normal) (G1 Evacuation Pause)
[2023-07-14T23:48:09.358+0000][67][info ][gc,task     ] GC(15) Using 6 workers of 6 for evacuation
[2023-07-14T23:48:09.360+0000][67][debug][gc,age      ] GC(15) Desired survivor size 155189248 bytes, new threshold 15 (max threshold 15)
[2023-07-14T23:48:09.408+0000][67][info ][gc,phases   ] GC(15)   Pre Evacuate Collection Set: 0.4ms
[2023-07-14T23:48:09.409+0000][67][info ][gc,phases   ] GC(15)   Merge Heap Roots: 0.2ms
[2023-07-14T23:48:09.410+0000][67][info ][gc,phases   ] GC(15)   Evacuate Collection Set: 40.5ms
[2023-07-14T23:48:09.411+0000][67][info ][gc,phases   ] GC(15)   Post Evacuate Collection Set: 4.6ms
[2023-07-14T23:48:09.413+0000][67][info ][gc,phases   ] GC(15)   Other: 3.9ms
[2023-07-14T23:48:09.414+0000][67][trace][gc,age      ] GC(15) Age table with threshold 15 (max threshold 15)
[2023-07-14T23:48:09.415+0000][67][trace][gc,age      ] GC(15) - age   1:    5596560 bytes,    5596560 total
[2023-07-14T23:48:09.416+0000][67][trace][gc,age      ] GC(15) - age   2:    1079192 bytes,    6675752 total
[2023-07-14T23:48:09.417+0000][67][trace][gc,age      ] GC(15) - age   3:     149456 bytes,    6825208 total
[2023-07-14T23:48:09.418+0000][67][trace][gc,age      ] GC(15) - age   4:   32576296 bytes,   39401504 total
[2023-07-14T23:48:09.419+0000][67][info ][gc,heap     ] GC(15) Eden regions: 578->0(578)
[2023-07-14T23:48:09.420+0000][67][info ][gc,heap     ] GC(15) Survivor regions: 11->11(74)
[2023-07-14T23:48:09.421+0000][67][info ][gc,heap     ] GC(15) Old regions: 17->17
[2023-07-14T23:48:09.422+0000][67][info ][gc,heap     ] GC(15) Archive regions: 2->2
[2023-07-14T23:48:09.423+0000][67][info ][gc,heap     ] GC(15) Humongous regions: 0->0
[2023-07-14T23:48:09.423+0000][67][info ][gc,metaspace] GC(15) Metaspace: 137503K(140992K)->137503K(140992K) NonClass: 119703K(121472K)->119703K(121472K) Class: 17800K(19520K)->17800K(19520K)
[2023-07-14T23:48:09.424+0000][67][info ][gc          ] GC(15) Pause Young (Normal) (G1 Evacuation Pause) 2424M->113M(3932M) 68.319ms
[2023-07-14T23:48:09.426+0000][67][info ][gc,cpu      ] GC(15) User=0.24s Sys=0.00s Real=0.07s
[2023-07-14T23:48:09.427+0000][67][info ][safepoint   ] Safepoint "G1CollectForAllocation", Time since last: 1963204643 ns, Reaching safepoint: 257855 ns, At safepoint: 70670250 ns, Total: 70928105 ns
[2023-07-14T23:48:10.605+0000][67][info ][safepoint   ] Safepoint "Cleanup", Time since last: 1178454834 ns, Reaching safepoint: 140755 ns, At safepoint: 26614 ns, Total: 167369 ns
[2023-07-14T23:48:12.791+0000][67][info ][safepoint   ] Safepoint "Cleanup", Time since last: 2185233907 ns, Reaching safepoint: 354258 ns, At safepoint: 8130 ns, Total: 362388 ns
[2023-07-14T23:48:15.305+0000][67][info ][safepoint   ] Safepoint "Cleanup", Time since last: 2514067238 ns, Reaching safepoint: 201092 ns, At safepoint: 35182 ns, Total: 236274 ns
[2023-07-14T23:48:16.967+0000][67][info ][safepoint   ] Safepoint "Cleanup", Time since last: 1661617752 ns, Reaching safepoint: 270503 ns, At safepoint: 15047 ns, Total: 285550 ns
[2023-07-14T23:48:22.441+0000][67][info ][safepoint   ] Safepoint "Cleanup", Time since last: 5473802536 ns, Reaching safepoint: 100020 ns, At safepoint: 85490 ns, Total: 185510 ns
[2023-07-14T23:48:24.347+0000][67][info ][safepoint   ] Safepoint "Cleanup", Time since last: 1905809270 ns, Reaching safepoint: 343398 ns, At safepoint: 6784 ns, Total: 350182 ns
[2023-07-14T23:48:27.306+0000][67][info ][safepoint   ] Safepoint "Cleanup", Time since last: 2957875716 ns, Reaching safepoint: 204464 ns, At safepoint: 36526 ns, Total: 240990 ns
[2023-07-14T23:48:30.607+0000][67][info ][safepoint   ] Safepoint "Cleanup", Time since last: 3300690232 ns, Reaching safepoint: 512643 ns, At safepoint: 16818 ns, Total: 529461 ns
[2023-07-14T23:48:31.610+0000][67][info ][safepoint   ] Safepoint "Cleanup", Time since last: 1002645065 ns, Reaching safepoint: 227378 ns, At safepoint: 5555 ns, Total: 232933 ns
[2023-07-14T23:48:32.613+0000][67][info ][safepoint   ] Safepoint "Cleanup", Time since last: 1001837478 ns, Reaching safepoint: 322180 ns, At safepoint: 8218 ns, Total: 330398 ns
[2023-07-14T23:48:33.812+0000][67][info ][safepoint   ] Safepoint "Cleanup", Time since last: 1199100699 ns, Reaching safepoint: 201405 ns, At safepoint: 31627 ns, Total: 233032 ns
[2023-07-14T23:48:36.886+0000][67][info ][safepoint   ] Safepoint "Cleanup", Time since last: 3073605463 ns, Reaching safepoint: 358702 ns, At safepoint: 6629 ns, Total: 365331 ns
[2023-07-14T23:48:39.338+0000][67][info ][safepoint   ] Safepoint "Cleanup", Time since last: 2451690691 ns, Reaching safepoint: 220370 ns, At safepoint: 33001 ns, Total: 253371 ns
[2023-07-14T23:48:41.173+0000][67][info ][safepoint   ] Safepoint "Cleanup", Time since last: 1834477388 ns, Reaching safepoint: 491937 ns, At safepoint: 19059 ns, Total: 510996 ns
[2023-07-14T23:48:43.175+0000][67][info ][safepoint   ] Safepoint "Cleanup", Time since last: 2002051096 ns, Reaching safepoint: 332930 ns, At safepoint: 5783 ns, Total: 338713 ns
[2023-07-14T23:48:49.468+0000][67][info ][safepoint   ] Safepoint "Cleanup", Time since last: 6292028382 ns, Reaching safepoint: 400050 ns, At safepoint: 10078 ns, Total: 410128 ns
[2023-07-14T23:48:51.439+0000][67][info ][safepoint   ] Safepoint "Cleanup", Time since last: 1970817299 ns, Reaching safepoint: 176665 ns, At safepoint: 27237 ns, Total: 203902 ns
[2023-07-14T23:48:51.810+0000][67][info ][safepoint   ] Safepoint "ICBufferFull", Time since last: 370958828 ns, Reaching safepoint: 245223 ns, At safepoint: 39548 ns, Total: 284771 ns
[2023-07-14T23:48:52.972+0000][67][info ][safepoint   ] Safepoint "Cleanup", Time since last: 1161944627 ns, Reaching safepoint: 359071 ns, At safepoint: 4734 ns, Total: 363805 ns
[2023-07-14T23:48:53.974+0000][67][info ][safepoint   ] Safepoint "Cleanup", Time since last: 1001988210 ns, Reaching safepoint: 337433 ns, At safepoint: 7021 ns, Total: 344454 ns
[2023-07-14T23:48:54.978+0000][67][info ][safepoint   ] Safepoint "Cleanup", Time since last: 1002391161 ns, Reaching safepoint: 620438 ns, At safepoint: 24907 ns, Total: 645345 ns
[2023-07-14T23:48:56.981+0000][67][info ][safepoint   ] Safepoint "Cleanup", Time since last: 2002811973 ns, Reaching safepoint: 273524 ns, At safepoint: 5568 ns, Total: 279092 ns
[2023-07-14T23:48:58.182+0000][67][info ][safepoint   ] Safepoint "Cleanup", Time since last: 1200053305 ns, Reaching safepoint: 276449 ns, At safepoint: 33672 ns, Total: 310121 ns
[2023-07-14T23:49:03.253+0000][67][info ][safepoint   ] Safepoint "Cleanup", Time since last: 5070914232 ns, Reaching safepoint: 223215 ns, At safepoint: 5116 ns, Total: 228331 ns
[2023-07-14T23:49:04.439+0000][67][info ][safepoint   ] Safepoint "Cleanup", Time since last: 1186168086 ns, Reaching safepoint: 117372 ns, At safepoint: 9753 ns, Total: 127125 ns
[2023-07-14T23:49:05.521+0000][67][info ][safepoint   ] Safepoint "Cleanup", Time since last: 1081523814 ns, Reaching safepoint: 673087 ns, At safepoint: 25230 ns, Total: 698317 ns
[2023-07-14T23:49:06.525+0000][67][info ][safepoint   ] Safepoint "Cleanup", Time since last: 1003534145 ns, Reaching safepoint: 282584 ns, At safepoint: 48986 ns, Total: 331570 ns
[2023-07-14T23:49:09.338+0000][67][info ][safepoint   ] Safepoint "Cleanup", Time since last: 2812608670 ns, Reaching safepoint: 185760 ns, At safepoint: 34353 ns, Total: 220113 ns
[2023-07-14T23:49:10.777+0000][67][info ][safepoint   ] Safepoint "Cleanup", Time since last: 1439168085 ns, Reaching safepoint: 438985 ns, At safepoint: 8887 ns, Total: 447872 ns
[2023-07-14T23:49:14.783+0000][67][info ][safepoint   ] Safepoint "Cleanup", Time since last: 4004966462 ns, Reaching safepoint: 240975 ns, At safepoint: 4717 ns, Total: 245692 ns
[2023-07-14T23:49:15.991+0000][67][info ][safepoint   ] Safepoint "Cleanup", Time since last: 1208234888 ns, Reaching safepoint: 201039 ns, At safepoint: 35001 ns, Total: 236040 ns
[2023-07-14T23:49:17.155+0000][67][info ][safepoint   ] Safepoint "Cleanup", Time since last: 1163176753 ns, Reaching safepoint: 217498 ns, At safepoint: 5178 ns, Total: 222676 ns
[2023-07-14T23:49:18.619+0000][67][info ][safepoint   ] Safepoint "Cleanup", Time since last: 1464094221 ns, Reaching safepoint: 122711 ns, At safepoint: 5513 ns, Total: 128224 ns
[2023-07-14T23:49:21.311+0000][67][info ][safepoint   ] Safepoint "Cleanup", Time since last: 2691993982 ns, Reaching safepoint: 186855 ns, At safepoint: 26747 ns, Total: 213602 ns
[2023-07-14T23:49:22.336+0000][67][info ][safepoint   ] Safepoint "Cleanup", Time since last: 1024425757 ns, Reaching safepoint: 235335 ns, At safepoint: 12408 ns, Total: 247743 ns
[2023-07-14T23:49:24.397+0000][67][info ][safepoint   ] Safepoint "Cleanup", Time since last: 2060782232 ns, Reaching safepoint: 544392 ns, At safepoint: 10553 ns, Total: 554945 ns
[2023-07-14T23:49:28.453+0000][67][info ][safepoint   ] Safepoint "Cleanup", Time since last: 4054186164 ns, Reaching safepoint: 468687 ns, At safepoint: 25096 ns, Total: 493783 ns
[2023-07-14T23:49:29.655+0000][67][info ][safepoint   ] Safepoint "Cleanup", Time since last: 1201599726 ns, Reaching safepoint: 700947 ns, At safepoint: 10050 ns, Total: 710997 ns
[2023-07-14T23:49:33.321+0000][67][info ][safepoint   ] Safepoint "Cleanup", Time since last: 3664973956 ns, Reaching safepoint: 206160 ns, At safepoint: 42342 ns, Total: 248502 ns
[2023-07-14T23:49:34.915+0000][67][info ][safepoint   ] Safepoint "Cleanup", Time since last: 1593789120 ns, Reaching safepoint: 694050 ns, At safepoint: 25107 ns, Total: 719157 ns
[2023-07-14T23:49:36.919+0000][67][info ][safepoint   ] Safepoint "Cleanup", Time since last: 2003106246 ns, Reaching safepoint: 494210 ns, At safepoint: 9621 ns, Total: 503831 ns
[2023-07-14T23:49:39.321+0000][67][info ][safepoint   ] Safepoint "Cleanup", Time since last: 2402532590 ns, Reaching safepoint: 233589 ns, At safepoint: 15947 ns, Total: 249536 ns
[2023-07-14T23:49:41.175+0000][67][info ][safepoint   ] Safepoint "Cleanup", Time since last: 1853298756 ns, Reaching safepoint: 333914 ns, At safepoint: 5637 ns, Total: 339551 ns
[2023-07-14T23:49:42.177+0000][67][info ][safepoint   ] Safepoint "Cleanup", Time since last: 1001888743 ns, Reaching safepoint: 284373 ns, At safepoint: 14042 ns, Total: 298415 ns
[2023-07-14T23:49:45.563+0000][67][info ][safepoint   ] Safepoint "Cleanup", Time since last: 3385700256 ns, Reaching safepoint: 155879 ns, At safepoint: 30099 ns, Total: 185978 ns
[2023-07-14T23:49:47.523+0000][67][info ][safepoint   ] Safepoint "Cleanup", Time since last: 1958371607 ns, Reaching safepoint: 1019823 ns, At safepoint: 26426 ns, Total: 1046249 ns
[2023-07-14T23:49:53.978+0000][67][info ][safepoint   ] Safepoint "Cleanup", Time since last: 6455487778 ns, Reaching safepoint: 404388 ns, At safepoint: 22284 ns, Total: 426672 ns
[2023-07-14T23:50:01.074+0000][67][info ][safepoint   ] Safepoint "Cleanup", Time since last: 7095144631 ns, Reaching safepoint: 51407 ns, At safepoint: 4245 ns, Total: 55652 ns
[2023-07-14T23:50:02.274+0000][67][info ][safepoint   ] Safepoint "Cleanup", Time since last: 1199903124 ns, Reaching safepoint: 364241 ns, At safepoint: 52352 ns, Total: 416593 ns
[2023-07-14T23:50:03.134+0000][67][info ][gc,heap,exit] Heap
[2023-07-14T23:50:03.135+0000][67][info ][gc,heap,exit]  garbage-first heap   total 4026368K, used 541697K [0x000000070a400000, 0x0000000800000000)
[2023-07-14T23:50:03.136+0000][67][info ][gc,heap,exit]   region size 4096K, 115 young (471040K), 11 survivors (45056K)
[2023-07-14T23:50:03.137+0000][67][info ][gc,heap,exit]  Metaspace       used 138070K, committed 141504K, reserved 1179648K
[2023-07-14T23:50:03.138+0000][67][info ][gc,heap,exit]   class space    used 17891K, committed 19584K, reserved 1048576K
