[2023-07-18T00:52:49.409+0000][67][info][gc,init] CardTable entry size: 512
[2023-07-18T00:52:49.412+0000][67][info][gc     ] Using G1
[2023-07-18T00:52:51.241+0000][67][info][gc,init] Version: 19.0.2+7-44 (release)
[2023-07-18T00:52:51.243+0000][67][info][gc,init] CPUs: 6 total, 6 available
[2023-07-18T00:52:51.245+0000][67][info][gc,init] Memory: 7859M
[2023-07-18T00:52:51.246+0000][67][info][gc,init] Large Page Support: Disabled
[2023-07-18T00:52:51.248+0000][67][info][gc,init] NUMA Support: Disabled
[2023-07-18T00:52:51.249+0000][67][info][gc,init] Compressed Oops: Enabled (Zero based)
[2023-07-18T00:52:51.251+0000][67][info][gc,init] Heap Region Size: 4M
[2023-07-18T00:52:51.252+0000][67][info][gc,init] Heap Min Capacity: 3932M
[2023-07-18T00:52:51.254+0000][67][info][gc,init] Heap Initial Capacity: 3932M
[2023-07-18T00:52:51.255+0000][67][info][gc,init] Heap Max Capacity: 3932M
[2023-07-18T00:52:51.257+0000][67][info][gc,init] Pre-touch: Enabled
[2023-07-18T00:52:51.258+0000][67][info][gc,init] Parallel Workers: 6
[2023-07-18T00:52:51.260+0000][67][info][gc,init] Concurrent Workers: 2
[2023-07-18T00:52:51.261+0000][67][info][gc,init] Concurrent Refinement Workers: 6
[2023-07-18T00:52:51.262+0000][67][info][gc,init] Periodic GC: Disabled
[2023-07-18T00:52:51.264+0000][67][info][gc,metaspace] CDS archive(s) mapped at: [0x0000000800000000-0x0000000800c4f000-0x0000000800c4f000), size 12906496, SharedBaseAddress: 0x0000000800000000, ArchiveRelocationMode: 0.
[2023-07-18T00:52:51.265+0000][67][info][gc,metaspace] Compressed class space mapped at: 0x0000000801000000-0x0000000841000000, reserved size: 1073741824
[2023-07-18T00:52:51.267+0000][67][info][gc,metaspace] Narrow klass base: 0x0000000800000000, Narrow klass shift: 0, Narrow klass range: 0x100000000
[2023-07-18T00:52:51.776+0000][67][info][safepoint   ] Safepoint "ICBufferFull", Time since last: 496911326 ns, Reaching safepoint: 1031764 ns, At safepoint: 10889 ns, Total: 1042653 ns
[2023-07-18T00:52:52.642+0000][67][info][safepoint   ] Safepoint "ICBufferFull", Time since last: 865194695 ns, Reaching safepoint: 818438 ns, At safepoint: 52415 ns, Total: 870853 ns
[2023-07-18T00:52:53.593+0000][67][info][safepoint   ] Safepoint "ICBufferFull", Time since last: 950481357 ns, Reaching safepoint: 311735 ns, At safepoint: 160730 ns, Total: 472465 ns
[2023-07-18T00:52:54.484+0000][67][info][safepoint   ] Safepoint "ICBufferFull", Time since last: 891102092 ns, Reaching safepoint: 307893 ns, At safepoint: 11873 ns, Total: 319766 ns
[2023-07-18T00:52:55.212+0000][67][info][safepoint   ] Safepoint "ICBufferFull", Time since last: 727710537 ns, Reaching safepoint: 225998 ns, At safepoint: 4803 ns, Total: 230801 ns
[2023-07-18T00:52:55.800+0000][67][info][gc,start    ] GC(0) Pause Young (Normal) (G1 Evacuation Pause)
[2023-07-18T00:52:55.802+0000][67][info][gc,task     ] GC(0) Using 6 workers of 6 for evacuation
[2023-07-18T00:52:55.803+0000][67][debug][gc,age      ] GC(0) Desired survivor size 14680064 bytes, new threshold 15 (max threshold 15)
[2023-07-18T00:52:55.821+0000][67][info ][gc,phases   ] GC(0)   Pre Evacuate Collection Set: 0.7ms
[2023-07-18T00:52:55.824+0000][67][info ][gc,phases   ] GC(0)   Merge Heap Roots: 1.2ms
[2023-07-18T00:52:55.826+0000][67][info ][gc,phases   ] GC(0)   Evacuate Collection Set: 11.2ms
[2023-07-18T00:52:55.827+0000][67][info ][gc,phases   ] GC(0)   Post Evacuate Collection Set: 3.8ms
[2023-07-18T00:52:55.828+0000][67][info ][gc,phases   ] GC(0)   Other: 2.7ms
[2023-07-18T00:52:55.830+0000][67][trace][gc,age      ] GC(0) Age table with threshold 15 (max threshold 15)
[2023-07-18T00:52:55.831+0000][67][trace][gc,age      ] GC(0) - age   1:   11240984 bytes,   11240984 total
[2023-07-18T00:52:55.832+0000][67][info ][gc,heap     ] GC(0) Eden regions: 49->0(46)
[2023-07-18T00:52:55.834+0000][67][info ][gc,heap     ] GC(0) Survivor regions: 0->3(7)
[2023-07-18T00:52:55.835+0000][67][info ][gc,heap     ] GC(0) Old regions: 0->0
[2023-07-18T00:52:55.837+0000][67][info ][gc,heap     ] GC(0) Archive regions: 2->2
[2023-07-18T00:52:55.838+0000][67][info ][gc,heap     ] GC(0) Humongous regions: 0->0
[2023-07-18T00:52:55.840+0000][67][info ][gc,metaspace] GC(0) Metaspace: 17760K(18240K)->17760K(18240K) NonClass: 15770K(16000K)->15770K(16000K) Class: 1990K(2240K)->1990K(2240K)
[2023-07-18T00:52:55.842+0000][67][info ][gc          ] GC(0) Pause Young (Normal) (G1 Evacuation Pause) 199M->14M(3932M) 41.384ms
[2023-07-18T00:52:55.843+0000][67][info ][gc,cpu      ] GC(0) User=0.03s Sys=0.00s Real=0.04s
[2023-07-18T00:52:55.845+0000][67][info ][safepoint   ] Safepoint "G1CollectForAllocation", Time since last: 587725802 ns, Reaching safepoint: 392612 ns, At safepoint: 44591744 ns, Total: 44984356 ns
[2023-07-18T00:52:56.417+0000][67][info ][gc,start    ] GC(1) Pause Young (Concurrent Start) (Metadata GC Threshold)
[2023-07-18T00:52:56.418+0000][67][info ][gc,task     ] GC(1) Using 6 workers of 6 for evacuation
[2023-07-18T00:52:56.420+0000][67][debug][gc,age      ] GC(1) Desired survivor size 14680064 bytes, new threshold 15 (max threshold 15)
[2023-07-18T00:52:56.437+0000][67][info ][gc,phases   ] GC(1)   Pre Evacuate Collection Set: 0.4ms
[2023-07-18T00:52:56.438+0000][67][info ][gc,phases   ] GC(1)   Merge Heap Roots: 0.3ms
[2023-07-18T00:52:56.439+0000][67][info ][gc,phases   ] GC(1)   Evacuate Collection Set: 13.9ms
[2023-07-18T00:52:56.440+0000][67][info ][gc,phases   ] GC(1)   Post Evacuate Collection Set: 1.1ms
[2023-07-18T00:52:56.441+0000][67][info ][gc,phases   ] GC(1)   Other: 2.8ms
[2023-07-18T00:52:56.442+0000][67][trace][gc,age      ] GC(1) Age table with threshold 15 (max threshold 15)
[2023-07-18T00:52:56.443+0000][67][trace][gc,age      ] GC(1) - age   1:    1092216 bytes,    1092216 total
[2023-07-18T00:52:56.445+0000][67][trace][gc,age      ] GC(1) - age   2:    9744576 bytes,   10836792 total
[2023-07-18T00:52:56.446+0000][67][info ][gc,heap     ] GC(1) Eden regions: 15->0(46)
[2023-07-18T00:52:56.447+0000][67][info ][gc,heap     ] GC(1) Survivor regions: 3->3(7)
[2023-07-18T00:52:56.448+0000][67][info ][gc,heap     ] GC(1) Old regions: 0->0
[2023-07-18T00:52:56.450+0000][67][info ][gc,heap     ] GC(1) Archive regions: 2->2
[2023-07-18T00:52:56.451+0000][67][info ][gc,heap     ] GC(1) Humongous regions: 0->0
[2023-07-18T00:52:56.453+0000][67][info ][gc,metaspace] GC(1) Metaspace: 21019K(21504K)->21019K(21504K) NonClass: 18704K(18944K)->18704K(18944K) Class: 2314K(2560K)->2314K(2560K)
[2023-07-18T00:52:56.454+0000][67][info ][gc          ] GC(1) Pause Young (Concurrent Start) (Metadata GC Threshold) 74M->15M(3932M) 37.070ms
[2023-07-18T00:52:56.455+0000][67][info ][gc,cpu      ] GC(1) User=0.03s Sys=0.00s Real=0.03s
[2023-07-18T00:52:56.455+0000][67][info ][gc          ] GC(2) Concurrent Mark Cycle
[2023-07-18T00:52:56.458+0000][67][info ][gc,marking  ] GC(2) Concurrent Clear Claimed Marks
[2023-07-18T00:52:56.458+0000][67][info ][gc,marking  ] GC(2) Concurrent Clear Claimed Marks 0.788ms
[2023-07-18T00:52:56.460+0000][67][info ][gc,marking  ] GC(2) Concurrent Scan Root Regions
[2023-07-18T00:52:56.457+0000][67][info ][safepoint   ] Safepoint "CollectForMetadataAllocation", Time since last: 571811858 ns, Reaching safepoint: 121423 ns, At safepoint: 40026241 ns, Total: 40147664 ns
[2023-07-18T00:52:56.465+0000][67][info ][gc,marking  ] GC(2) Concurrent Scan Root Regions 5.017ms
[2023-07-18T00:52:56.466+0000][67][info ][gc,marking  ] GC(2) Concurrent Mark
[2023-07-18T00:52:56.467+0000][67][info ][gc,marking  ] GC(2) Concurrent Mark From Roots
[2023-07-18T00:52:56.468+0000][67][info ][gc,task     ] GC(2) Using 2 workers of 2 for marking
[2023-07-18T00:52:56.480+0000][67][info ][gc,marking  ] GC(2) Concurrent Mark From Roots 12.538ms
[2023-07-18T00:52:56.481+0000][67][info ][gc,marking  ] GC(2) Concurrent Preclean
[2023-07-18T00:52:56.482+0000][67][info ][gc,marking  ] GC(2) Concurrent Preclean 0.997ms
[2023-07-18T00:52:56.484+0000][67][info ][gc,start    ] GC(2) Pause Remark
[2023-07-18T00:52:56.495+0000][67][info ][gc          ] GC(2) Pause Remark 18M->18M(3932M) 11.144ms
[2023-07-18T00:52:56.496+0000][67][info ][gc,cpu      ] GC(2) User=0.02s Sys=0.00s Real=0.01s
[2023-07-18T00:52:56.498+0000][67][info ][safepoint   ] Safepoint "G1PauseRemark", Time since last: 26339997 ns, Reaching safepoint: 423624 ns, At safepoint: 14603502 ns, Total: 15027126 ns
[2023-07-18T00:52:56.499+0000][67][info ][gc,marking  ] GC(2) Concurrent Mark 33.217ms
[2023-07-18T00:52:56.500+0000][67][info ][gc,marking  ] GC(2) Concurrent Rebuild Remembered Sets
[2023-07-18T00:52:56.501+0000][67][info ][gc,marking  ] GC(2) Concurrent Rebuild Remembered Sets 0.662ms
[2023-07-18T00:52:56.503+0000][67][info ][gc,start    ] GC(2) Pause Cleanup
[2023-07-18T00:52:56.505+0000][67][info ][gc          ] GC(2) Pause Cleanup 18M->18M(3932M) 1.786ms
[2023-07-18T00:52:56.506+0000][67][info ][gc,cpu      ] GC(2) User=0.00s Sys=0.00s Real=0.00s
[2023-07-18T00:52:56.507+0000][67][info ][safepoint   ] Safepoint "G1PauseCleanup", Time since last: 4435764 ns, Reaching safepoint: 578042 ns, At safepoint: 4356588 ns, Total: 4934630 ns
[2023-07-18T00:52:56.509+0000][67][info ][gc,marking  ] GC(2) Concurrent Cleanup for Next Mark
[2023-07-18T00:52:56.514+0000][67][info ][gc,marking  ] GC(2) Concurrent Cleanup for Next Mark 5.304ms
[2023-07-18T00:52:56.516+0000][67][info ][gc          ] GC(2) Concurrent Mark Cycle 60.359ms
[2023-07-18T00:52:57.512+0000][67][info ][safepoint   ] Safepoint "Cleanup", Time since last: 1004354151 ns, Reaching safepoint: 267872 ns, At safepoint: 2558 ns, Total: 270430 ns
[2023-07-18T00:52:58.099+0000][67][info ][gc,start    ] GC(3) Pause Young (Normal) (G1 Evacuation Pause)
[2023-07-18T00:52:58.101+0000][67][info ][gc,task     ] GC(3) Using 6 workers of 6 for evacuation
[2023-07-18T00:52:58.102+0000][67][debug][gc,age      ] GC(3) Desired survivor size 14680064 bytes, new threshold 15 (max threshold 15)
[2023-07-18T00:52:58.142+0000][67][info ][gc,phases   ] GC(3)   Pre Evacuate Collection Set: 0.3ms
[2023-07-18T00:52:58.145+0000][67][info ][gc,phases   ] GC(3)   Merge Heap Roots: 0.1ms
[2023-07-18T00:52:58.146+0000][67][info ][gc,phases   ] GC(3)   Evacuate Collection Set: 29.8ms
[2023-07-18T00:52:58.148+0000][67][info ][gc,phases   ] GC(3)   Post Evacuate Collection Set: 8.3ms
[2023-07-18T00:52:58.149+0000][67][info ][gc,phases   ] GC(3)   Other: 3.2ms
[2023-07-18T00:52:58.169+0000][67][trace][gc,age      ] GC(3) Age table with threshold 15 (max threshold 15)
[2023-07-18T00:52:58.180+0000][67][trace][gc,age      ] GC(3) - age   1:    6975800 bytes,    6975800 total
[2023-07-18T00:52:58.186+0000][67][trace][gc,age      ] GC(3) - age   2:    1063328 bytes,    8039128 total
[2023-07-18T00:52:58.187+0000][67][trace][gc,age      ] GC(3) - age   3:    9736640 bytes,   17775768 total
[2023-07-18T00:52:58.191+0000][67][info ][gc,heap     ] GC(3) Eden regions: 46->0(75)
[2023-07-18T00:52:58.193+0000][67][info ][gc,heap     ] GC(3) Survivor regions: 3->5(7)
[2023-07-18T00:52:58.200+0000][67][info ][gc,heap     ] GC(3) Old regions: 0->0
[2023-07-18T00:52:58.202+0000][67][info ][gc,heap     ] GC(3) Archive regions: 2->2
[2023-07-18T00:52:58.204+0000][67][info ][gc,heap     ] GC(3) Humongous regions: 0->0
[2023-07-18T00:52:58.205+0000][67][info ][gc,metaspace] GC(3) Metaspace: 25424K(25984K)->25424K(25984K) NonClass: 22508K(22784K)->22508K(22784K) Class: 2915K(3200K)->2915K(3200K)
[2023-07-18T00:52:58.207+0000][67][info ][gc          ] GC(3) Pause Young (Normal) (G1 Evacuation Pause) 199M->21M(3932M) 107.746ms
[2023-07-18T00:52:58.208+0000][67][info ][gc,cpu      ] GC(3) User=0.11s Sys=0.01s Real=0.11s
[2023-07-18T00:52:58.213+0000][67][info ][safepoint   ] Safepoint "G1CollectForAllocation", Time since last: 586412594 ns, Reaching safepoint: 278576 ns, At safepoint: 113691779 ns, Total: 113970355 ns
[2023-07-18T00:52:59.326+0000][67][info ][safepoint   ] Safepoint "ICBufferFull", Time since last: 1113337457 ns, Reaching safepoint: 216561 ns, At safepoint: 4874 ns, Total: 221435 ns
[2023-07-18T00:52:59.922+0000][67][info ][gc,start    ] GC(4) Pause Young (Normal) (G1 Evacuation Pause)
[2023-07-18T00:52:59.923+0000][67][info ][gc,task     ] GC(4) Using 6 workers of 6 for evacuation
[2023-07-18T00:52:59.924+0000][67][debug][gc,age      ] GC(4) Desired survivor size 20971520 bytes, new threshold 15 (max threshold 15)
[2023-07-18T00:52:59.960+0000][67][info ][gc,phases   ] GC(4)   Pre Evacuate Collection Set: 0.3ms
[2023-07-18T00:52:59.962+0000][67][info ][gc,phases   ] GC(4)   Merge Heap Roots: 0.1ms
[2023-07-18T00:52:59.963+0000][67][info ][gc,phases   ] GC(4)   Evacuate Collection Set: 23.7ms
[2023-07-18T00:52:59.964+0000][67][info ][gc,phases   ] GC(4)   Post Evacuate Collection Set: 2.6ms
[2023-07-18T00:52:59.966+0000][67][info ][gc,phases   ] GC(4)   Other: 10.5ms
[2023-07-18T00:52:59.968+0000][67][trace][gc,age      ] GC(4) Age table with threshold 15 (max threshold 15)
[2023-07-18T00:52:59.969+0000][67][trace][gc,age      ] GC(4) - age   1:    5108952 bytes,    5108952 total
[2023-07-18T00:52:59.971+0000][67][trace][gc,age      ] GC(4) - age   2:    5176984 bytes,   10285936 total
[2023-07-18T00:52:59.973+0000][67][trace][gc,age      ] GC(4) - age   3:    1062992 bytes,   11348928 total
[2023-07-18T00:52:59.974+0000][67][trace][gc,age      ] GC(4) - age   4:    9732480 bytes,   21081408 total
[2023-07-18T00:52:59.976+0000][67][info ][gc,heap     ] GC(4) Eden regions: 75->0(123)
[2023-07-18T00:52:59.977+0000][67][info ][gc,heap     ] GC(4) Survivor regions: 5->6(10)
[2023-07-18T00:52:59.978+0000][67][info ][gc,heap     ] GC(4) Old regions: 0->0
[2023-07-18T00:52:59.979+0000][67][info ][gc,heap     ] GC(4) Archive regions: 2->2
[2023-07-18T00:52:59.981+0000][67][info ][gc,heap     ] GC(4) Humongous regions: 0->0
[2023-07-18T00:52:59.982+0000][67][info ][gc,metaspace] GC(4) Metaspace: 31207K(31872K)->31207K(31872K) NonClass: 27665K(28032K)->27665K(28032K) Class: 3542K(3840K)->3542K(3840K)
[2023-07-18T00:52:59.983+0000][67][info ][gc          ] GC(4) Pause Young (Normal) (G1 Evacuation Pause) 321M->25M(3932M) 61.058ms
[2023-07-18T00:52:59.984+0000][67][info ][gc,cpu      ] GC(4) User=0.06s Sys=0.01s Real=0.06s
[2023-07-18T00:52:59.985+0000][67][info ][safepoint   ] Safepoint "G1CollectForAllocation", Time since last: 595235325 ns, Reaching safepoint: 393140 ns, At safepoint: 62964903 ns, Total: 63358043 ns
[2023-07-18T00:53:00.987+0000][67][info ][safepoint   ] Safepoint "Cleanup", Time since last: 1001870618 ns, Reaching safepoint: 454511 ns, At safepoint: 15320 ns, Total: 469831 ns
[2023-07-18T00:53:01.472+0000][67][info ][gc,start    ] GC(5) Pause Young (Normal) (G1 Evacuation Pause)
[2023-07-18T00:53:01.473+0000][67][info ][gc,task     ] GC(5) Using 6 workers of 6 for evacuation
[2023-07-18T00:53:01.475+0000][67][debug][gc,age      ] GC(5) Desired survivor size 35651584 bytes, new threshold 15 (max threshold 15)
[2023-07-18T00:53:01.520+0000][67][info ][gc,phases   ] GC(5)   Pre Evacuate Collection Set: 0.3ms
[2023-07-18T00:53:01.522+0000][67][info ][gc,phases   ] GC(5)   Merge Heap Roots: 0.2ms
[2023-07-18T00:53:01.523+0000][67][info ][gc,phases   ] GC(5)   Evacuate Collection Set: 35.2ms
[2023-07-18T00:53:01.525+0000][67][info ][gc,phases   ] GC(5)   Post Evacuate Collection Set: 8.0ms
[2023-07-18T00:53:01.526+0000][67][info ][gc,phases   ] GC(5)   Other: 2.6ms
[2023-07-18T00:53:01.527+0000][67][trace][gc,age      ] GC(5) Age table with threshold 15 (max threshold 15)
[2023-07-18T00:53:01.529+0000][67][trace][gc,age      ] GC(5) - age   1:    6372792 bytes,    6372792 total
[2023-07-18T00:53:01.530+0000][67][trace][gc,age      ] GC(5) - age   2:    4457728 bytes,   10830520 total
[2023-07-18T00:53:01.532+0000][67][trace][gc,age      ] GC(5) - age   3:    5173872 bytes,   16004392 total
[2023-07-18T00:53:01.533+0000][67][trace][gc,age      ] GC(5) - age   4:    1061296 bytes,   17065688 total
[2023-07-18T00:53:01.534+0000][67][trace][gc,age      ] GC(5) - age   5:    9697920 bytes,   26763608 total
[2023-07-18T00:53:01.536+0000][67][info ][gc,heap     ] GC(5) Eden regions: 123->0(582)
[2023-07-18T00:53:01.537+0000][67][info ][gc,heap     ] GC(5) Survivor regions: 6->7(17)
[2023-07-18T00:53:01.538+0000][67][info ][gc,heap     ] GC(5) Old regions: 0->0
[2023-07-18T00:53:01.539+0000][67][info ][gc,heap     ] GC(5) Archive regions: 2->2
[2023-07-18T00:53:01.542+0000][67][info ][gc,heap     ] GC(5) Humongous regions: 0->0
[2023-07-18T00:53:01.543+0000][67][info ][gc,metaspace] GC(5) Metaspace: 33443K(34304K)->33443K(34304K) NonClass: 29606K(30080K)->29606K(30080K) Class: 3837K(4224K)->3837K(4224K)
[2023-07-18T00:53:01.544+0000][67][info ][gc          ] GC(5) Pause Young (Normal) (G1 Evacuation Pause) 517M->31M(3932M) 72.094ms
[2023-07-18T00:53:01.545+0000][67][info ][gc,cpu      ] GC(5) User=0.10s Sys=0.00s Real=0.07s
[2023-07-18T00:53:01.547+0000][67][info ][safepoint   ] Safepoint "G1CollectForAllocation", Time since last: 484556720 ns, Reaching safepoint: 210568 ns, At safepoint: 75053487 ns, Total: 75264055 ns
[2023-07-18T00:53:02.314+0000][67][info ][gc,start    ] GC(6) Pause Young (Concurrent Start) (Metadata GC Threshold)
[2023-07-18T00:53:02.316+0000][67][info ][gc,task     ] GC(6) Using 6 workers of 6 for evacuation
[2023-07-18T00:53:02.318+0000][67][debug][gc,age      ] GC(6) Desired survivor size 155189248 bytes, new threshold 15 (max threshold 15)
[2023-07-18T00:53:02.338+0000][67][info ][gc,phases   ] GC(6)   Pre Evacuate Collection Set: 1.2ms
[2023-07-18T00:53:02.340+0000][67][info ][gc,phases   ] GC(6)   Merge Heap Roots: 0.4ms
[2023-07-18T00:53:02.341+0000][67][info ][gc,phases   ] GC(6)   Evacuate Collection Set: 14.1ms
[2023-07-18T00:53:02.342+0000][67][info ][gc,phases   ] GC(6)   Post Evacuate Collection Set: 2.9ms
[2023-07-18T00:53:02.343+0000][67][info ][gc,phases   ] GC(6)   Other: 3.7ms
[2023-07-18T00:53:02.344+0000][67][trace][gc,age      ] GC(6) Age table with threshold 15 (max threshold 15)
[2023-07-18T00:53:02.345+0000][67][trace][gc,age      ] GC(6) - age   1:    3779880 bytes,    3779880 total
[2023-07-18T00:53:02.346+0000][67][trace][gc,age      ] GC(6) - age   2:    6071688 bytes,    9851568 total
[2023-07-18T00:53:02.348+0000][67][trace][gc,age      ] GC(6) - age   3:    4442600 bytes,   14294168 total
[2023-07-18T00:53:02.349+0000][67][trace][gc,age      ] GC(6) - age   4:    5161624 bytes,   19455792 total
[2023-07-18T00:53:02.350+0000][67][trace][gc,age      ] GC(6) - age   5:    1059552 bytes,   20515344 total
[2023-07-18T00:53:02.352+0000][67][trace][gc,age      ] GC(6) - age   6:    9578824 bytes,   30094168 total
[2023-07-18T00:53:02.353+0000][67][info ][gc,heap     ] GC(6) Eden regions: 46->0(581)
[2023-07-18T00:53:02.355+0000][67][info ][gc,heap     ] GC(6) Survivor regions: 7->8(74)
[2023-07-18T00:53:02.356+0000][67][info ][gc,heap     ] GC(6) Old regions: 0->0
[2023-07-18T00:53:02.358+0000][67][info ][gc,heap     ] GC(6) Archive regions: 2->2
[2023-07-18T00:53:02.359+0000][67][info ][gc,heap     ] GC(6) Humongous regions: 0->0
[2023-07-18T00:53:02.360+0000][67][info ][gc,metaspace] GC(6) Metaspace: 35433K(36288K)->35433K(36288K) NonClass: 31351K(31872K)->31351K(31872K) Class: 4081K(4416K)->4081K(4416K)
[2023-07-18T00:53:02.361+0000][67][info ][gc          ] GC(6) Pause Young (Concurrent Start) (Metadata GC Threshold) 213M->34M(3932M) 46.720ms
[2023-07-18T00:53:02.362+0000][67][info ][gc          ] GC(7) Concurrent Mark Cycle
[2023-07-18T00:53:02.363+0000][67][info ][gc,marking  ] GC(7) Concurrent Clear Claimed Marks
[2023-07-18T00:53:02.364+0000][67][info ][gc,marking  ] GC(7) Concurrent Clear Claimed Marks 1.086ms
[2023-07-18T00:53:02.366+0000][67][info ][gc,marking  ] GC(7) Concurrent Scan Root Regions
[2023-07-18T00:53:02.362+0000][67][info ][gc,cpu      ] GC(6) User=0.06s Sys=0.01s Real=0.05s
[2023-07-18T00:53:02.379+0000][67][info ][safepoint   ] Safepoint "CollectForMetadataAllocation", Time since last: 767241439 ns, Reaching safepoint: 228899 ns, At safepoint: 65042739 ns, Total: 65271638 ns
[2023-07-18T00:53:02.380+0000][67][info ][gc,marking  ] GC(7) Concurrent Scan Root Regions 13.997ms
[2023-07-18T00:53:02.382+0000][67][info ][gc,marking  ] GC(7) Concurrent Mark
[2023-07-18T00:53:02.383+0000][67][info ][gc,marking  ] GC(7) Concurrent Mark From Roots
[2023-07-18T00:53:02.384+0000][67][info ][gc,task     ] GC(7) Using 2 workers of 2 for marking
[2023-07-18T00:53:02.387+0000][67][info ][gc,marking  ] GC(7) Concurrent Mark From Roots 4.251ms
[2023-07-18T00:53:02.390+0000][67][info ][gc,marking  ] GC(7) Concurrent Preclean
[2023-07-18T00:53:02.391+0000][67][info ][gc,marking  ] GC(7) Concurrent Preclean 1.351ms
[2023-07-18T00:53:02.393+0000][67][info ][gc,start    ] GC(7) Pause Remark
[2023-07-18T00:53:02.403+0000][67][info ][gc          ] GC(7) Pause Remark 38M->38M(3932M) 9.664ms
[2023-07-18T00:53:02.404+0000][67][info ][gc,cpu      ] GC(7) User=0.01s Sys=0.00s Real=0.01s
[2023-07-18T00:53:02.405+0000][67][info ][safepoint   ] Safepoint "G1PauseRemark", Time since last: 13322279 ns, Reaching safepoint: 468559 ns, At safepoint: 11923232 ns, Total: 12391791 ns
[2023-07-18T00:53:02.406+0000][67][info ][gc,marking  ] GC(7) Concurrent Mark 24.238ms
[2023-07-18T00:53:02.407+0000][67][info ][gc,marking  ] GC(7) Concurrent Rebuild Remembered Sets
[2023-07-18T00:53:02.409+0000][67][info ][gc,marking  ] GC(7) Concurrent Rebuild Remembered Sets 1.740ms
[2023-07-18T00:53:02.412+0000][67][info ][gc,start    ] GC(7) Pause Cleanup
[2023-07-18T00:53:02.413+0000][67][info ][gc          ] GC(7) Pause Cleanup 38M->38M(3932M) 1.124ms
[2023-07-18T00:53:02.414+0000][67][info ][gc,cpu      ] GC(7) User=0.00s Sys=0.00s Real=0.00s
[2023-07-18T00:53:02.416+0000][67][info ][safepoint   ] Safepoint "G1PauseCleanup", Time since last: 6571830 ns, Reaching safepoint: 332991 ns, At safepoint: 3913606 ns, Total: 4246597 ns
[2023-07-18T00:53:02.417+0000][67][info ][gc,marking  ] GC(7) Concurrent Cleanup for Next Mark
[2023-07-18T00:53:02.424+0000][67][info ][gc,marking  ] GC(7) Concurrent Cleanup for Next Mark 6.484ms
[2023-07-18T00:53:02.425+0000][67][info ][gc          ] GC(7) Concurrent Mark Cycle 63.212ms
[2023-07-18T00:53:03.648+0000][67][info ][safepoint   ] Safepoint "ICBufferFull", Time since last: 1230700312 ns, Reaching safepoint: 1049916 ns, At safepoint: 11834 ns, Total: 1061750 ns
[2023-07-18T00:53:04.365+0000][67][info ][safepoint   ] Safepoint "ICBufferFull", Time since last: 711837691 ns, Reaching safepoint: 5288761 ns, At safepoint: 54612 ns, Total: 5343373 ns
[2023-07-18T00:53:05.371+0000][67][info ][safepoint   ] Safepoint "Cleanup", Time since last: 1002612760 ns, Reaching safepoint: 3213316 ns, At safepoint: 15730 ns, Total: 3229046 ns
[2023-07-18T00:53:06.456+0000][67][info ][safepoint   ] Safepoint "Cleanup", Time since last: 1085237257 ns, Reaching safepoint: 160425 ns, At safepoint: 9119 ns, Total: 169544 ns
[2023-07-18T00:53:07.458+0000][67][info ][safepoint   ] Safepoint "Cleanup", Time since last: 1001979264 ns, Reaching safepoint: 240831 ns, At safepoint: 41253 ns, Total: 282084 ns
[2023-07-18T00:53:08.460+0000][67][info ][safepoint   ] Safepoint "Cleanup", Time since last: 1001351925 ns, Reaching safepoint: 125538 ns, At safepoint: 5755 ns, Total: 131293 ns
[2023-07-18T00:53:09.647+0000][67][info ][gc,start    ] GC(8) Pause Young (Concurrent Start) (Metadata GC Threshold)
[2023-07-18T00:53:09.648+0000][67][info ][gc,task     ] GC(8) Using 6 workers of 6 for evacuation
[2023-07-18T00:53:09.652+0000][67][debug][gc,age      ] GC(8) Desired survivor size 155189248 bytes, new threshold 15 (max threshold 15)
[2023-07-18T00:53:09.686+0000][67][info ][gc,phases   ] GC(8)   Pre Evacuate Collection Set: 0.5ms
[2023-07-18T00:53:09.688+0000][67][info ][gc,phases   ] GC(8)   Merge Heap Roots: 0.3ms
[2023-07-18T00:53:09.689+0000][67][info ][gc,phases   ] GC(8)   Evacuate Collection Set: 27.5ms
[2023-07-18T00:53:09.691+0000][67][info ][gc,phases   ] GC(8)   Post Evacuate Collection Set: 4.4ms
[2023-07-18T00:53:09.692+0000][67][info ][gc,phases   ] GC(8)   Other: 5.2ms
[2023-07-18T00:53:09.694+0000][67][trace][gc,age      ] GC(8) Age table with threshold 15 (max threshold 15)
[2023-07-18T00:53:09.695+0000][67][trace][gc,age      ] GC(8) - age   1:   24993960 bytes,   24993960 total
[2023-07-18T00:53:09.696+0000][67][trace][gc,age      ] GC(8) - age   2:    3721512 bytes,   28715472 total
[2023-07-18T00:53:09.697+0000][67][trace][gc,age      ] GC(8) - age   3:    6041440 bytes,   34756912 total
[2023-07-18T00:53:09.699+0000][67][trace][gc,age      ] GC(8) - age   4:    4430008 bytes,   39186920 total
[2023-07-18T00:53:09.702+0000][67][trace][gc,age      ] GC(8) - age   5:    5132800 bytes,   44319720 total
[2023-07-18T00:53:09.703+0000][67][trace][gc,age      ] GC(8) - age   6:    1055216 bytes,   45374936 total
[2023-07-18T00:53:09.704+0000][67][trace][gc,age      ] GC(8) - age   7:    9509608 bytes,   54884544 total
[2023-07-18T00:53:09.705+0000][67][info ][gc,heap     ] GC(8) Eden regions: 114->0(392)
[2023-07-18T00:53:09.706+0000][67][info ][gc,heap     ] GC(8) Survivor regions: 8->14(74)
[2023-07-18T00:53:09.707+0000][67][info ][gc,heap     ] GC(8) Old regions: 0->0
[2023-07-18T00:53:09.709+0000][67][info ][gc,heap     ] GC(8) Archive regions: 2->2
[2023-07-18T00:53:09.710+0000][67][info ][gc,heap     ] GC(8) Humongous regions: 0->0
[2023-07-18T00:53:09.711+0000][67][info ][gc,metaspace] GC(8) Metaspace: 59344K(60736K)->59344K(60736K) NonClass: 51983K(52800K)->51983K(52800K) Class: 7361K(7936K)->7361K(7936K)
[2023-07-18T00:53:09.713+0000][67][info ][gc          ] GC(8) Pause Young (Concurrent Start) (Metadata GC Threshold) 490M->59M(3932M) 65.851ms
[2023-07-18T00:53:09.714+0000][67][info ][gc,cpu      ] GC(8) User=0.14s Sys=0.00s Real=0.06s
[2023-07-18T00:53:09.714+0000][67][info ][gc          ] GC(9) Concurrent Mark Cycle
[2023-07-18T00:53:09.716+0000][67][info ][gc,marking  ] GC(9) Concurrent Clear Claimed Marks
[2023-07-18T00:53:09.717+0000][67][info ][gc,marking  ] GC(9) Concurrent Clear Claimed Marks 1.133ms
[2023-07-18T00:53:09.719+0000][67][info ][gc,marking  ] GC(9) Concurrent Scan Root Regions
[2023-07-18T00:53:09.724+0000][67][info ][safepoint   ] Safepoint "CollectForMetadataAllocation", Time since last: 1185842906 ns, Reaching safepoint: 1023731 ns, At safepoint: 77753592 ns, Total: 78777323 ns
[2023-07-18T00:53:09.758+0000][67][info ][gc,marking  ] GC(9) Concurrent Scan Root Regions 39.706ms
[2023-07-18T00:53:09.760+0000][67][info ][gc,marking  ] GC(9) Concurrent Mark
[2023-07-18T00:53:09.762+0000][67][info ][gc,marking  ] GC(9) Concurrent Mark From Roots
[2023-07-18T00:53:09.764+0000][67][info ][gc,task     ] GC(9) Using 2 workers of 2 for marking
[2023-07-18T00:53:09.769+0000][67][info ][gc,marking  ] GC(9) Concurrent Mark From Roots 6.935ms
[2023-07-18T00:53:09.770+0000][67][info ][gc,marking  ] GC(9) Concurrent Preclean
[2023-07-18T00:53:09.771+0000][67][info ][gc,marking  ] GC(9) Concurrent Preclean 1.577ms
[2023-07-18T00:53:09.774+0000][67][info ][gc,start    ] GC(9) Pause Remark
[2023-07-18T00:53:09.782+0000][67][info ][gc          ] GC(9) Pause Remark 63M->63M(3932M) 8.148ms
[2023-07-18T00:53:09.783+0000][67][info ][gc,cpu      ] GC(9) User=0.02s Sys=0.00s Real=0.01s
[2023-07-18T00:53:09.785+0000][67][info ][safepoint   ] Safepoint "G1PauseRemark", Time since last: 48498457 ns, Reaching safepoint: 705816 ns, At safepoint: 11055231 ns, Total: 11761047 ns
[2023-07-18T00:53:09.786+0000][67][info ][gc,marking  ] GC(9) Concurrent Mark 25.596ms
[2023-07-18T00:53:09.787+0000][67][info ][gc,marking  ] GC(9) Concurrent Rebuild Remembered Sets
[2023-07-18T00:53:09.788+0000][67][info ][gc,marking  ] GC(9) Concurrent Rebuild Remembered Sets 0.914ms
[2023-07-18T00:53:09.789+0000][67][info ][gc,start    ] GC(9) Pause Cleanup
[2023-07-18T00:53:09.790+0000][67][info ][gc          ] GC(9) Pause Cleanup 63M->63M(3932M) 1.118ms
[2023-07-18T00:53:09.792+0000][67][info ][gc,cpu      ] GC(9) User=0.00s Sys=0.00s Real=0.00s
[2023-07-18T00:53:09.793+0000][67][info ][safepoint   ] Safepoint "G1PauseCleanup", Time since last: 4491006 ns, Reaching safepoint: 29998 ns, At safepoint: 3365684 ns, Total: 3395682 ns
[2023-07-18T00:53:09.794+0000][67][info ][gc,marking  ] GC(9) Concurrent Cleanup for Next Mark
[2023-07-18T00:53:09.800+0000][67][info ][gc,marking  ] GC(9) Concurrent Cleanup for Next Mark 6.184ms
[2023-07-18T00:53:09.801+0000][67][info ][gc          ] GC(9) Concurrent Mark Cycle 87.718ms
[2023-07-18T00:53:10.838+0000][67][info ][safepoint   ] Safepoint "Cleanup", Time since last: 1043045354 ns, Reaching safepoint: 2101019 ns, At safepoint: 11492 ns, Total: 2112511 ns
[2023-07-18T00:53:11.845+0000][67][info ][safepoint   ] Safepoint "Cleanup", Time since last: 1006109148 ns, Reaching safepoint: 468283 ns, At safepoint: 10230 ns, Total: 478513 ns
[2023-07-18T00:53:13.425+0000][67][info ][safepoint   ] Safepoint "Cleanup", Time since last: 1577936924 ns, Reaching safepoint: 1740165 ns, At safepoint: 66962 ns, Total: 1807127 ns
[2023-07-18T00:53:15.061+0000][67][info ][safepoint   ] Safepoint "Cleanup", Time since last: 1631436737 ns, Reaching safepoint: 4487212 ns, At safepoint: 78178 ns, Total: 4565390 ns
[2023-07-18T00:53:16.063+0000][67][info ][safepoint   ] Safepoint "Cleanup", Time since last: 1002444937 ns, Reaching safepoint: 277795 ns, At safepoint: 7510 ns, Total: 285305 ns
[2023-07-18T00:53:17.203+0000][67][info ][safepoint   ] Safepoint "Cleanup", Time since last: 1136909258 ns, Reaching safepoint: 2914924 ns, At safepoint: 52226 ns, Total: 2967150 ns
[2023-07-18T00:53:17.828+0000][67][info ][gc,start    ] GC(10) Pause Young (Concurrent Start) (Metadata GC Threshold)
[2023-07-18T00:53:17.829+0000][67][info ][gc,task     ] GC(10) Using 6 workers of 6 for evacuation
[2023-07-18T00:53:17.831+0000][67][debug][gc,age      ] GC(10) Desired survivor size 106954752 bytes, new threshold 15 (max threshold 15)
[2023-07-18T00:53:17.959+0000][67][info ][gc,phases   ] GC(10)   Pre Evacuate Collection Set: 0.8ms
[2023-07-18T00:53:17.960+0000][67][info ][gc,phases   ] GC(10)   Merge Heap Roots: 0.1ms
[2023-07-18T00:53:17.961+0000][67][info ][gc,phases   ] GC(10)   Evacuate Collection Set: 114.2ms
[2023-07-18T00:53:17.963+0000][67][info ][gc,phases   ] GC(10)   Post Evacuate Collection Set: 11.5ms
[2023-07-18T00:53:17.964+0000][67][info ][gc,phases   ] GC(10)   Other: 2.4ms
[2023-07-18T00:53:17.965+0000][67][trace][gc,age      ] GC(10) Age table with threshold 15 (max threshold 15)
[2023-07-18T00:53:17.966+0000][67][trace][gc,age      ] GC(10) - age   1:   16002720 bytes,   16002720 total
[2023-07-18T00:53:17.967+0000][67][trace][gc,age      ] GC(10) - age   2:   24453640 bytes,   40456360 total
[2023-07-18T00:53:17.967+0000][67][trace][gc,age      ] GC(10) - age   3:    3710880 bytes,   44167240 total
[2023-07-18T00:53:17.968+0000][67][trace][gc,age      ] GC(10) - age   4:    5986920 bytes,   50154160 total
[2023-07-18T00:53:17.970+0000][67][trace][gc,age      ] GC(10) - age   5:    4403704 bytes,   54557864 total
[2023-07-18T00:53:17.970+0000][67][trace][gc,age      ] GC(10) - age   6:    5114928 bytes,   59672792 total
[2023-07-18T00:53:17.971+0000][67][trace][gc,age      ] GC(10) - age   7:    1049016 bytes,   60721808 total
[2023-07-18T00:53:17.972+0000][67][trace][gc,age      ] GC(10) - age   8:    9486232 bytes,   70208040 total
[2023-07-18T00:53:17.974+0000][67][info ][gc,heap     ] GC(10) Eden regions: 115->0(59)
[2023-07-18T00:53:17.975+0000][67][info ][gc,heap     ] GC(10) Survivor regions: 14->18(51)
[2023-07-18T00:53:17.976+0000][67][info ][gc,heap     ] GC(10) Old regions: 0->0
[2023-07-18T00:53:17.977+0000][67][info ][gc,heap     ] GC(10) Archive regions: 2->2
[2023-07-18T00:53:17.978+0000][67][info ][gc,heap     ] GC(10) Humongous regions: 0->0
[2023-07-18T00:53:17.979+0000][67][info ][gc,metaspace] GC(10) Metaspace: 99277K(101568K)->99277K(101568K) NonClass: 86358K(87552K)->86358K(87552K) Class: 12919K(14016K)->12919K(14016K)
[2023-07-18T00:53:17.980+0000][67][info ][gc          ] GC(10) Pause Young (Concurrent Start) (Metadata GC Threshold) 519M->75M(3932M) 152.478ms
[2023-07-18T00:53:17.981+0000][67][info ][gc,cpu      ] GC(10) User=0.22s Sys=0.00s Real=0.15s
[2023-07-18T00:53:17.982+0000][67][info ][safepoint   ] Safepoint "CollectForMetadataAllocation", Time since last: 624303232 ns, Reaching safepoint: 257198 ns, At safepoint: 154475965 ns, Total: 154733163 ns
[2023-07-18T00:53:17.981+0000][67][info ][gc          ] GC(11) Concurrent Mark Cycle
[2023-07-18T00:53:17.993+0000][67][info ][gc,marking  ] GC(11) Concurrent Clear Claimed Marks
[2023-07-18T00:53:17.995+0000][67][info ][gc,marking  ] GC(11) Concurrent Clear Claimed Marks 2.688ms
[2023-07-18T00:53:17.997+0000][67][info ][gc,marking  ] GC(11) Concurrent Scan Root Regions
[2023-07-18T00:53:18.062+0000][67][info ][gc,marking  ] GC(11) Concurrent Scan Root Regions 64.688ms
[2023-07-18T00:53:18.067+0000][67][info ][gc,marking  ] GC(11) Concurrent Mark
[2023-07-18T00:53:18.068+0000][67][info ][gc,marking  ] GC(11) Concurrent Mark From Roots
[2023-07-18T00:53:18.070+0000][67][info ][gc,task     ] GC(11) Using 2 workers of 2 for marking
[2023-07-18T00:53:18.088+0000][67][info ][gc,marking  ] GC(11) Concurrent Mark From Roots 19.647ms
[2023-07-18T00:53:18.090+0000][67][info ][gc,marking  ] GC(11) Concurrent Preclean
[2023-07-18T00:53:18.091+0000][67][info ][gc,marking  ] GC(11) Concurrent Preclean 1.535ms
[2023-07-18T00:53:18.093+0000][67][info ][gc,start    ] GC(11) Pause Remark
[2023-07-18T00:53:18.112+0000][67][info ][gc          ] GC(11) Pause Remark 83M->83M(3932M) 19.009ms
[2023-07-18T00:53:18.114+0000][67][info ][gc,cpu      ] GC(11) User=0.04s Sys=0.00s Real=0.02s
[2023-07-18T00:53:18.115+0000][67][info ][safepoint   ] Safepoint "G1PauseRemark", Time since last: 110219494 ns, Reaching safepoint: 804173 ns, At safepoint: 21924405 ns, Total: 22728578 ns
[2023-07-18T00:53:18.116+0000][67][info ][gc,marking  ] GC(11) Concurrent Mark 49.303ms
[2023-07-18T00:53:18.117+0000][67][info ][gc,marking  ] GC(11) Concurrent Rebuild Remembered Sets
[2023-07-18T00:53:18.118+0000][67][info ][gc,marking  ] GC(11) Concurrent Rebuild Remembered Sets 1.106ms
[2023-07-18T00:53:18.134+0000][67][info ][gc,start    ] GC(11) Pause Cleanup
[2023-07-18T00:53:18.136+0000][67][info ][gc          ] GC(11) Pause Cleanup 83M->83M(3932M) 1.427ms
[2023-07-18T00:53:18.139+0000][67][info ][gc,cpu      ] GC(11) User=0.00s Sys=0.00s Real=0.01s
[2023-07-18T00:53:18.141+0000][67][info ][safepoint   ] Safepoint "G1PauseCleanup", Time since last: 4589451 ns, Reaching safepoint: 14394986 ns, At safepoint: 6638259 ns, Total: 21033245 ns
[2023-07-18T00:53:18.144+0000][67][info ][gc,marking  ] GC(11) Concurrent Cleanup for Next Mark
[2023-07-18T00:53:18.151+0000][67][info ][gc,marking  ] GC(11) Concurrent Cleanup for Next Mark 6.325ms
[2023-07-18T00:53:18.157+0000][67][info ][gc          ] GC(11) Concurrent Mark Cycle 175.188ms
[2023-07-18T00:53:19.145+0000][67][info ][safepoint   ] Safepoint "Cleanup", Time since last: 1003694067 ns, Reaching safepoint: 280895 ns, At safepoint: 4178 ns, Total: 285073 ns
[2023-07-18T00:53:20.206+0000][67][info ][safepoint   ] Safepoint "ICBufferFull", Time since last: 1059253794 ns, Reaching safepoint: 1730419 ns, At safepoint: 10815 ns, Total: 1741234 ns
[2023-07-18T00:53:20.620+0000][67][info ][safepoint   ] Safepoint "ICBufferFull", Time since last: 414043510 ns, Reaching safepoint: 219440 ns, At safepoint: 2885 ns, Total: 222325 ns
[2023-07-18T00:53:22.303+0000][67][info ][safepoint   ] Safepoint "ICBufferFull", Time since last: 1682082918 ns, Reaching safepoint: 442224 ns, At safepoint: 12553 ns, Total: 454777 ns
[2023-07-18T00:53:23.578+0000][67][info ][safepoint   ] Safepoint "Cleanup", Time since last: 1274065808 ns, Reaching safepoint: 954225 ns, At safepoint: 51510 ns, Total: 1005735 ns
[2023-07-18T00:53:25.038+0000][67][info ][safepoint   ] Safepoint "ICBufferFull", Time since last: 1459569241 ns, Reaching safepoint: 461780 ns, At safepoint: 16601 ns, Total: 478381 ns
[2023-07-18T00:53:26.014+0000][67][info ][safepoint   ] Safepoint "ICBufferFull", Time since last: 974138666 ns, Reaching safepoint: 1822205 ns, At safepoint: 85500 ns, Total: 1907705 ns
[2023-07-18T00:53:26.667+0000][67][info ][safepoint   ] Safepoint "ICBufferFull", Time since last: 652110614 ns, Reaching safepoint: 1217008 ns, At safepoint: 35245 ns, Total: 1252253 ns
[2023-07-18T00:53:27.925+0000][67][info ][safepoint   ] Safepoint "ICBufferFull", Time since last: 1257333168 ns, Reaching safepoint: 268884 ns, At safepoint: 17366 ns, Total: 286250 ns
[2023-07-18T00:53:27.930+0000][67][info ][safepoint   ] Safepoint "ICBufferFull", Time since last: 5075028 ns, Reaching safepoint: 275196 ns, At safepoint: 20306 ns, Total: 295502 ns
[2023-07-18T00:53:28.349+0000][67][info ][gc,start    ] GC(12) Pause Young (Normal) (G1 Evacuation Pause)
[2023-07-18T00:53:28.355+0000][67][info ][gc,task     ] GC(12) Using 6 workers of 6 for evacuation
[2023-07-18T00:53:28.357+0000][67][debug][gc,age      ] GC(12) Desired survivor size 20971520 bytes, new threshold 2 (max threshold 15)
[2023-07-18T00:53:28.511+0000][67][info ][gc,phases   ] GC(12)   Pre Evacuate Collection Set: 1.3ms
[2023-07-18T00:53:28.512+0000][67][info ][gc,phases   ] GC(12)   Merge Heap Roots: 1.5ms
[2023-07-18T00:53:28.513+0000][67][info ][gc,phases   ] GC(12)   Evacuate Collection Set: 135.1ms
[2023-07-18T00:53:28.514+0000][67][info ][gc,phases   ] GC(12)   Post Evacuate Collection Set: 13.7ms
[2023-07-18T00:53:28.515+0000][67][info ][gc,phases   ] GC(12)   Other: 4.4ms
[2023-07-18T00:53:28.517+0000][67][trace][gc,age      ] GC(12) Age table with threshold 2 (max threshold 15)
[2023-07-18T00:53:28.518+0000][67][trace][gc,age      ] GC(12) - age   1:   22853280 bytes,   22853280 total
[2023-07-18T00:53:28.519+0000][67][trace][gc,age      ] GC(12) - age   2:   13764344 bytes,   36617624 total
[2023-07-18T00:53:28.520+0000][67][info ][gc,heap     ] GC(12) Eden regions: 59->0(251)
[2023-07-18T00:53:28.520+0000][67][info ][gc,heap     ] GC(12) Survivor regions: 18->10(10)
[2023-07-18T00:53:28.521+0000][67][info ][gc,heap     ] GC(12) Old regions: 0->15
[2023-07-18T00:53:28.522+0000][67][info ][gc,heap     ] GC(12) Archive regions: 2->2
[2023-07-18T00:53:28.523+0000][67][info ][gc,heap     ] GC(12) Humongous regions: 0->0
[2023-07-18T00:53:28.524+0000][67][info ][gc,metaspace] GC(12) Metaspace: 119913K(123072K)->119913K(123072K) NonClass: 103981K(105536K)->103981K(105536K) Class: 15932K(17536K)->15932K(17536K)
[2023-07-18T00:53:28.525+0000][67][info ][gc          ] GC(12) Pause Young (Normal) (G1 Evacuation Pause) 311M->100M(3932M) 176.178ms
[2023-07-18T00:53:28.527+0000][67][info ][gc,cpu      ] GC(12) User=0.33s Sys=0.01s Real=0.17s
[2023-07-18T00:53:28.528+0000][67][info ][safepoint   ] Safepoint "G1CollectForAllocation", Time since last: 418939024 ns, Reaching safepoint: 88015 ns, At safepoint: 178773227 ns, Total: 178861242 ns
[2023-07-18T00:53:29.623+0000][67][info ][safepoint   ] Safepoint "Cleanup", Time since last: 1093689835 ns, Reaching safepoint: 971468 ns, At safepoint: 31121 ns, Total: 1002589 ns
[2023-07-18T00:53:30.878+0000][67][info ][safepoint   ] Safepoint "Cleanup", Time since last: 1254303990 ns, Reaching safepoint: 731296 ns, At safepoint: 137222 ns, Total: 868518 ns
[2023-07-18T00:53:32.045+0000][67][info ][safepoint   ] Safepoint "Cleanup", Time since last: 1166588180 ns, Reaching safepoint: 309664 ns, At safepoint: 14880 ns, Total: 324544 ns
[2023-07-18T00:53:33.515+0000][67][info ][safepoint   ] Safepoint "Cleanup", Time since last: 1469321014 ns, Reaching safepoint: 1477365 ns, At safepoint: 30389 ns, Total: 1507754 ns
[2023-07-18T00:53:34.999+0000][67][info ][safepoint   ] Safepoint "Cleanup", Time since last: 1483611511 ns, Reaching safepoint: 242746 ns, At safepoint: 17779 ns, Total: 260525 ns
[2023-07-18T00:53:35.988+0000][67][info ][safepoint   ] Safepoint "ICBufferFull", Time since last: 988583157 ns, Reaching safepoint: 205990 ns, At safepoint: 88166 ns, Total: 294156 ns
[2023-07-18T00:53:36.888+0000][67][info ][safepoint   ] Safepoint "ICBufferFull", Time since last: 899899907 ns, Reaching safepoint: 238112 ns, At safepoint: 11868 ns, Total: 249980 ns
[2023-07-18T00:53:37.802+0000][67][info ][safepoint   ] Safepoint "ICBufferFull", Time since last: 902204456 ns, Reaching safepoint: 11021101 ns, At safepoint: 33777 ns, Total: 11054878 ns
[2023-07-18T00:53:38.543+0000][67][info ][safepoint   ] Safepoint "ICBufferFull", Time since last: 738483131 ns, Reaching safepoint: 3224140 ns, At safepoint: 71643 ns, Total: 3295783 ns
[2023-07-18T00:53:39.567+0000][67][info ][safepoint   ] Safepoint "ICBufferFull", Time since last: 1023601690 ns, Reaching safepoint: 294518 ns, At safepoint: 16679 ns, Total: 311197 ns
[2023-07-18T00:53:39.878+0000][67][info ][safepoint   ] Safepoint "ICBufferFull", Time since last: 304679006 ns, Reaching safepoint: 6297770 ns, At safepoint: 29467 ns, Total: 6327237 ns
[2023-07-18T00:53:40.790+0000][67][info ][safepoint   ] Safepoint "ICBufferFull", Time since last: 911385717 ns, Reaching safepoint: 385098 ns, At safepoint: 12302 ns, Total: 397400 ns
[2023-07-18T00:53:42.048+0000][67][info ][safepoint   ] Safepoint "Cleanup", Time since last: 1258030720 ns, Reaching safepoint: 78075 ns, At safepoint: 40367 ns, Total: 118442 ns
[2023-07-18T00:53:43.010+0000][67][info ][safepoint   ] Safepoint "ICBufferFull", Time since last: 960961271 ns, Reaching safepoint: 366134 ns, At safepoint: 15115 ns, Total: 381249 ns
[2023-07-18T00:53:44.769+0000][67][info ][safepoint   ] Safepoint "Cleanup", Time since last: 1758990290 ns, Reaching safepoint: 177319 ns, At safepoint: 22859 ns, Total: 200178 ns
[2023-07-18T00:53:46.021+0000][67][info ][safepoint   ] Safepoint "Cleanup", Time since last: 1252089331 ns, Reaching safepoint: 414255 ns, At safepoint: 113193 ns, Total: 527448 ns
[2023-07-18T00:53:47.052+0000][67][info ][safepoint   ] Safepoint "Cleanup", Time since last: 1024823116 ns, Reaching safepoint: 6042913 ns, At safepoint: 98229 ns, Total: 6141142 ns
[2023-07-18T00:53:47.066+0000][67][info ][safepoint   ] Safepoint "ICBufferFull", Time since last: 13783669 ns, Reaching safepoint: 162428 ns, At safepoint: 70698 ns, Total: 233126 ns
[2023-07-18T00:53:47.080+0000][67][info ][safepoint   ] Safepoint "ICBufferFull", Time since last: 9857748 ns, Reaching safepoint: 4091406 ns, At safepoint: 175230 ns, Total: 4266636 ns
[2023-07-18T00:53:47.089+0000][67][info ][safepoint   ] Safepoint "ICBufferFull", Time since last: 2114442 ns, Reaching safepoint: 6369009 ns, At safepoint: 124813 ns, Total: 6493822 ns
[2023-07-18T00:53:48.304+0000][67][info ][safepoint   ] Safepoint "Cleanup", Time since last: 1117654306 ns, Reaching safepoint: 61551155 ns, At safepoint: 36020591 ns, Total: 97571746 ns
[2023-07-18T00:53:49.317+0000][67][info ][safepoint   ] Safepoint "Cleanup", Time since last: 1011566691 ns, Reaching safepoint: 499596 ns, At safepoint: 179510 ns, Total: 679106 ns
[2023-07-18T00:53:50.258+0000][67][info ][safepoint   ] Safepoint "ICBufferFull", Time since last: 929448237 ns, Reaching safepoint: 12038810 ns, At safepoint: 69830 ns, Total: 12108640 ns
[2023-07-18T00:53:50.637+0000][67][info ][safepoint   ] Safepoint "ICBufferFull", Time since last: 370417998 ns, Reaching safepoint: 8803395 ns, At safepoint: 34779 ns, Total: 8838174 ns
[2023-07-18T00:53:51.464+0000][67][info ][safepoint   ] Safepoint "ICBufferFull", Time since last: 826078076 ns, Reaching safepoint: 630001 ns, At safepoint: 66679 ns, Total: 696680 ns
[2023-07-18T00:53:52.555+0000][67][info ][safepoint   ] Safepoint "Cleanup", Time since last: 1090274088 ns, Reaching safepoint: 297871 ns, At safepoint: 24940 ns, Total: 322811 ns
[2023-07-18T00:53:53.519+0000][67][info ][safepoint   ] Safepoint "ICBufferFull", Time since last: 963772297 ns, Reaching safepoint: 306957 ns, At safepoint: 10369 ns, Total: 317326 ns
[2023-07-18T00:53:54.251+0000][67][info ][safepoint   ] Safepoint "ICBufferFull", Time since last: 732254097 ns, Reaching safepoint: 194318 ns, At safepoint: 86263 ns, Total: 280581 ns
[2023-07-18T00:53:55.361+0000][67][info ][safepoint   ] Safepoint "Cleanup", Time since last: 1108807696 ns, Reaching safepoint: 1035146 ns, At safepoint: 25324 ns, Total: 1060470 ns
[2023-07-18T00:53:56.447+0000][67][info ][safepoint   ] Safepoint "Cleanup", Time since last: 1084422343 ns, Reaching safepoint: 1486508 ns, At safepoint: 70699 ns, Total: 1557207 ns
[2023-07-18T00:53:57.510+0000][67][info ][safepoint   ] Safepoint "Cleanup", Time since last: 1062515488 ns, Reaching safepoint: 452827 ns, At safepoint: 53828 ns, Total: 506655 ns
[2023-07-18T00:53:58.740+0000][67][info ][safepoint   ] Safepoint "Cleanup", Time since last: 1228538877 ns, Reaching safepoint: 1273166 ns, At safepoint: 82219 ns, Total: 1355385 ns
[2023-07-18T00:53:59.742+0000][67][info ][safepoint   ] Safepoint "Cleanup", Time since last: 1001019684 ns, Reaching safepoint: 297335 ns, At safepoint: 106869 ns, Total: 404204 ns
[2023-07-18T00:54:00.761+0000][67][info ][safepoint   ] Safepoint "Cleanup", Time since last: 1019679241 ns, Reaching safepoint: 236833 ns, At safepoint: 8092 ns, Total: 244925 ns
[2023-07-18T00:54:01.784+0000][67][info ][safepoint   ] Safepoint "Cleanup", Time since last: 1022666725 ns, Reaching safepoint: 124482 ns, At safepoint: 16426 ns, Total: 140908 ns
[2023-07-18T00:54:02.806+0000][67][info ][safepoint   ] Safepoint "Cleanup", Time since last: 1021443248 ns, Reaching safepoint: 296656 ns, At safepoint: 16679 ns, Total: 313335 ns
[2023-07-18T00:54:03.910+0000][67][info ][safepoint   ] Safepoint "Cleanup", Time since last: 1104084520 ns, Reaching safepoint: 188068 ns, At safepoint: 82940 ns, Total: 271008 ns
[2023-07-18T00:54:05.157+0000][67][info ][safepoint   ] Safepoint "Cleanup", Time since last: 1245831047 ns, Reaching safepoint: 292847 ns, At safepoint: 21140 ns, Total: 313987 ns
[2023-07-18T00:54:06.664+0000][67][info ][safepoint   ] Safepoint "Cleanup", Time since last: 1506866579 ns, Reaching safepoint: 229994 ns, At safepoint: 9064 ns, Total: 239058 ns
[2023-07-18T00:54:08.169+0000][67][info ][safepoint   ] Safepoint "Cleanup", Time since last: 1505499213 ns, Reaching safepoint: 202188 ns, At safepoint: 5110 ns, Total: 207298 ns
[2023-07-18T00:54:10.121+0000][67][info ][safepoint   ] Safepoint "Cleanup", Time since last: 1951621044 ns, Reaching safepoint: 397820 ns, At safepoint: 14304 ns, Total: 412124 ns
[2023-07-18T00:54:11.197+0000][67][info ][safepoint   ] Safepoint "Cleanup", Time since last: 1075002731 ns, Reaching safepoint: 215346 ns, At safepoint: 56596 ns, Total: 271942 ns
[2023-07-18T00:54:12.330+0000][67][info ][safepoint   ] Safepoint "Cleanup", Time since last: 1132557978 ns, Reaching safepoint: 297639 ns, At safepoint: 174081 ns, Total: 471720 ns
[2023-07-18T00:54:13.469+0000][67][info ][safepoint   ] Safepoint "Cleanup", Time since last: 1138308787 ns, Reaching safepoint: 248157 ns, At safepoint: 13108 ns, Total: 261265 ns
[2023-07-18T00:54:14.470+0000][67][info ][safepoint   ] Safepoint "Cleanup", Time since last: 1001692162 ns, Reaching safepoint: 173772 ns, At safepoint: 4492 ns, Total: 178264 ns
[2023-07-18T00:54:15.472+0000][67][info ][safepoint   ] Safepoint "Cleanup", Time since last: 1001665622 ns, Reaching safepoint: 304836 ns, At safepoint: 16616 ns, Total: 321452 ns
[2023-07-18T00:54:16.475+0000][67][info ][safepoint   ] Safepoint "Cleanup", Time since last: 1002382222 ns, Reaching safepoint: 253668 ns, At safepoint: 20978 ns, Total: 274646 ns
[2023-07-18T00:54:17.845+0000][67][info ][safepoint   ] Safepoint "Cleanup", Time since last: 1369834812 ns, Reaching safepoint: 490612 ns, At safepoint: 52470 ns, Total: 543082 ns
[2023-07-18T00:54:18.941+0000][67][info ][safepoint   ] Safepoint "Cleanup", Time since last: 1095195139 ns, Reaching safepoint: 320729 ns, At safepoint: 16685 ns, Total: 337414 ns
[2023-07-18T00:54:20.625+0000][67][info ][safepoint   ] Safepoint "Cleanup", Time since last: 1683722930 ns, Reaching safepoint: 357423 ns, At safepoint: 6666 ns, Total: 364089 ns
[2023-07-18T00:54:21.628+0000][67][info ][safepoint   ] Safepoint "Cleanup", Time since last: 1002219352 ns, Reaching safepoint: 318419 ns, At safepoint: 11889 ns, Total: 330308 ns
[2023-07-18T00:54:23.080+0000][67][info ][safepoint   ] Safepoint "Cleanup", Time since last: 1451706799 ns, Reaching safepoint: 273372 ns, At safepoint: 53626 ns, Total: 326998 ns
[2023-07-18T00:54:24.227+0000][67][info ][safepoint   ] Safepoint "Cleanup", Time since last: 1147009729 ns, Reaching safepoint: 267692 ns, At safepoint: 7269 ns, Total: 274961 ns
[2023-07-18T00:54:25.240+0000][67][info ][safepoint   ] Safepoint "Cleanup", Time since last: 1012414949 ns, Reaching safepoint: 398442 ns, At safepoint: 13143 ns, Total: 411585 ns
[2023-07-18T00:54:26.242+0000][67][info ][safepoint   ] Safepoint "Cleanup", Time since last: 1002353831 ns, Reaching safepoint: 303320 ns, At safepoint: 9433 ns, Total: 312753 ns
[2023-07-18T00:54:27.245+0000][67][info ][safepoint   ] Safepoint "Cleanup", Time since last: 1002334344 ns, Reaching safepoint: 359994 ns, At safepoint: 108032 ns, Total: 468026 ns
[2023-07-18T00:54:28.250+0000][67][info ][safepoint   ] Safepoint "Cleanup", Time since last: 1003950942 ns, Reaching safepoint: 294820 ns, At safepoint: 12362 ns, Total: 307182 ns
[2023-07-18T00:54:29.314+0000][67][info ][safepoint   ] Safepoint "Cleanup", Time since last: 1063655565 ns, Reaching safepoint: 369979 ns, At safepoint: 42318 ns, Total: 412297 ns
[2023-07-18T00:54:29.324+0000][67][info ][gc,start    ] GC(13) Pause Young (Normal) (G1 Evacuation Pause)
[2023-07-18T00:54:29.326+0000][67][info ][gc,task     ] GC(13) Using 6 workers of 6 for evacuation
[2023-07-18T00:54:29.327+0000][67][debug][gc,age      ] GC(13) Desired survivor size 69206016 bytes, new threshold 15 (max threshold 15)
[2023-07-18T00:54:29.361+0000][67][info ][gc,phases   ] GC(13)   Pre Evacuate Collection Set: 0.6ms
[2023-07-18T00:54:29.362+0000][67][info ][gc,phases   ] GC(13)   Merge Heap Roots: 0.3ms
[2023-07-18T00:54:29.364+0000][67][info ][gc,phases   ] GC(13)   Evacuate Collection Set: 26.3ms
[2023-07-18T00:54:29.365+0000][67][info ][gc,phases   ] GC(13)   Post Evacuate Collection Set: 4.9ms
[2023-07-18T00:54:29.367+0000][67][info ][gc,phases   ] GC(13)   Other: 2.8ms
[2023-07-18T00:54:29.368+0000][67][trace][gc,age      ] GC(13) Age table with threshold 15 (max threshold 15)
[2023-07-18T00:54:29.369+0000][67][trace][gc,age      ] GC(13) - age   1:   20408472 bytes,   20408472 total
[2023-07-18T00:54:29.371+0000][67][trace][gc,age      ] GC(13) - age   2:   21160376 bytes,   41568848 total
[2023-07-18T00:54:29.372+0000][67][trace][gc,age      ] GC(13) - age   3:   13676352 bytes,   55245200 total
[2023-07-18T00:54:29.374+0000][67][info ][gc,heap     ] GC(13) Eden regions: 251->0(244)
[2023-07-18T00:54:29.375+0000][67][info ][gc,heap     ] GC(13) Survivor regions: 10->15(33)
[2023-07-18T00:54:29.376+0000][67][info ][gc,heap     ] GC(13) Old regions: 15->15
[2023-07-18T00:54:29.377+0000][67][info ][gc,heap     ] GC(13) Archive regions: 2->2
[2023-07-18T00:54:29.378+0000][67][info ][gc,heap     ] GC(13) Humongous regions: 0->0
[2023-07-18T00:54:29.379+0000][67][info ][gc,metaspace] GC(13) Metaspace: 132192K(135552K)->132192K(135552K) NonClass: 114813K(116544K)->114813K(116544K) Class: 17379K(19008K)->17379K(19008K)
[2023-07-18T00:54:29.380+0000][67][info ][gc          ] GC(13) Pause Young (Normal) (G1 Evacuation Pause) 1104M->120M(3932M) 56.013ms
[2023-07-18T00:54:29.382+0000][67][info ][gc,cpu      ] GC(13) User=0.15s Sys=0.00s Real=0.06s
[2023-07-18T00:54:29.384+0000][67][info ][safepoint   ] Safepoint "G1CollectForAllocation", Time since last: 10278791 ns, Reaching safepoint: 412099 ns, At safepoint: 59571959 ns, Total: 59984058 ns
[2023-07-18T00:54:30.413+0000][67][info ][safepoint   ] Safepoint "Cleanup", Time since last: 1028615632 ns, Reaching safepoint: 530272 ns, At safepoint: 132679 ns, Total: 662951 ns
[2023-07-18T00:54:31.755+0000][67][info ][safepoint   ] Safepoint "Cleanup", Time since last: 1341690256 ns, Reaching safepoint: 336784 ns, At safepoint: 21934 ns, Total: 358718 ns
[2023-07-18T00:54:32.758+0000][67][info ][safepoint   ] Safepoint "Cleanup", Time since last: 1002319931 ns, Reaching safepoint: 528875 ns, At safepoint: 11566 ns, Total: 540441 ns
[2023-07-18T00:54:33.821+0000][67][info ][safepoint   ] Safepoint "Cleanup", Time since last: 1061921448 ns, Reaching safepoint: 495688 ns, At safepoint: 145729 ns, Total: 641417 ns
[2023-07-18T00:54:35.090+0000][67][info ][safepoint   ] Safepoint "Cleanup", Time since last: 1268269994 ns, Reaching safepoint: 869654 ns, At safepoint: 24861 ns, Total: 894515 ns
[2023-07-18T00:54:36.118+0000][67][info ][safepoint   ] Safepoint "Cleanup", Time since last: 1027337481 ns, Reaching safepoint: 510282 ns, At safepoint: 73542 ns, Total: 583824 ns
[2023-07-18T00:54:37.129+0000][67][info ][safepoint   ] Safepoint "Cleanup", Time since last: 1009813746 ns, Reaching safepoint: 866711 ns, At safepoint: 90294 ns, Total: 957005 ns
[2023-07-18T00:54:38.248+0000][67][info ][safepoint   ] Safepoint "Cleanup", Time since last: 1119040619 ns, Reaching safepoint: 369996 ns, At safepoint: 54709 ns, Total: 424705 ns
[2023-07-18T00:54:40.254+0000][67][info ][safepoint   ] Safepoint "Cleanup", Time since last: 2005125317 ns, Reaching safepoint: 508246 ns, At safepoint: 20097 ns, Total: 528343 ns
[2023-07-18T00:54:41.294+0000][67][info ][safepoint   ] Safepoint "Cleanup", Time since last: 1040021612 ns, Reaching safepoint: 300223 ns, At safepoint: 43301 ns, Total: 343524 ns
[2023-07-18T00:54:42.429+0000][67][info ][safepoint   ] Safepoint "Cleanup", Time since last: 1133804649 ns, Reaching safepoint: 342991 ns, At safepoint: 62639 ns, Total: 405630 ns
[2023-07-18T00:54:44.166+0000][67][info ][safepoint   ] Safepoint "Cleanup", Time since last: 1736670509 ns, Reaching safepoint: 683017 ns, At safepoint: 25667 ns, Total: 708684 ns
[2023-07-18T00:54:45.169+0000][67][info ][safepoint   ] Safepoint "Cleanup", Time since last: 1003067154 ns, Reaching safepoint: 368282 ns, At safepoint: 17404 ns, Total: 385686 ns
[2023-07-18T00:54:47.173+0000][67][info ][safepoint   ] Safepoint "Cleanup", Time since last: 2002738870 ns, Reaching safepoint: 238975 ns, At safepoint: 175708 ns, Total: 414683 ns
[2023-07-18T00:54:48.418+0000][67][info ][safepoint   ] Safepoint "Cleanup", Time since last: 1244731300 ns, Reaching safepoint: 490007 ns, At safepoint: 59408 ns, Total: 549415 ns
[2023-07-18T00:54:49.507+0000][67][info ][safepoint   ] Safepoint "Cleanup", Time since last: 1089513760 ns, Reaching safepoint: 83732 ns, At safepoint: 3074 ns, Total: 86806 ns
[2023-07-18T00:54:50.811+0000][67][info ][safepoint   ] Safepoint "Cleanup", Time since last: 1303122285 ns, Reaching safepoint: 369441 ns, At safepoint: 6816 ns, Total: 376257 ns
[2023-07-18T00:54:52.395+0000][67][info ][safepoint   ] Safepoint "Cleanup", Time since last: 1583513413 ns, Reaching safepoint: 300021 ns, At safepoint: 46366 ns, Total: 346387 ns
[2023-07-18T00:54:53.530+0000][67][info ][safepoint   ] Safepoint "ICBufferFull", Time since last: 1134895979 ns, Reaching safepoint: 390287 ns, At safepoint: 55278 ns, Total: 445565 ns
[2023-07-18T00:54:55.204+0000][67][info ][safepoint   ] Safepoint "Cleanup", Time since last: 1673106828 ns, Reaching safepoint: 474939 ns, At safepoint: 13644 ns, Total: 488583 ns
[2023-07-18T00:54:56.206+0000][67][info ][safepoint   ] Safepoint "Cleanup", Time since last: 1001989976 ns, Reaching safepoint: 262152 ns, At safepoint: 14090 ns, Total: 276242 ns
[2023-07-18T00:54:57.208+0000][67][info ][safepoint   ] Safepoint "Cleanup", Time since last: 1002288234 ns, Reaching safepoint: 138026 ns, At safepoint: 6717 ns, Total: 144743 ns
[2023-07-18T00:54:58.211+0000][67][info ][safepoint   ] Safepoint "Cleanup", Time since last: 1002506626 ns, Reaching safepoint: 204014 ns, At safepoint: 6382 ns, Total: 210396 ns
[2023-07-18T00:54:59.305+0000][67][info ][safepoint   ] Safepoint "Cleanup", Time since last: 1093204028 ns, Reaching safepoint: 304810 ns, At safepoint: 53141 ns, Total: 357951 ns
[2023-07-18T00:55:00.315+0000][67][info ][safepoint   ] Safepoint "Cleanup", Time since last: 1010376394 ns, Reaching safepoint: 133626 ns, At safepoint: 62270 ns, Total: 195896 ns
[2023-07-18T00:55:01.904+0000][67][info ][safepoint   ] Safepoint "Cleanup", Time since last: 1588157574 ns, Reaching safepoint: 213748 ns, At safepoint: 4745 ns, Total: 218493 ns
[2023-07-18T00:55:02.906+0000][67][info ][safepoint   ] Safepoint "Cleanup", Time since last: 1001673889 ns, Reaching safepoint: 347785 ns, At safepoint: 13374 ns, Total: 361159 ns
[2023-07-18T00:55:03.908+0000][67][info ][safepoint   ] Safepoint "Cleanup", Time since last: 1001816404 ns, Reaching safepoint: 314768 ns, At safepoint: 18637 ns, Total: 333405 ns
[2023-07-18T00:55:04.909+0000][67][info ][safepoint   ] Safepoint "Cleanup", Time since last: 1001289204 ns, Reaching safepoint: 181187 ns, At safepoint: 9965 ns, Total: 191152 ns
[2023-07-18T00:55:06.163+0000][67][info ][safepoint   ] Safepoint "Cleanup", Time since last: 1253502783 ns, Reaching safepoint: 174673 ns, At safepoint: 56664 ns, Total: 231337 ns
[2023-07-18T00:55:07.273+0000][67][info ][safepoint   ] Safepoint "Cleanup", Time since last: 1109289989 ns, Reaching safepoint: 474372 ns, At safepoint: 55591 ns, Total: 529963 ns
[2023-07-18T00:55:08.276+0000][67][info ][safepoint   ] Safepoint "Cleanup", Time since last: 1002805259 ns, Reaching safepoint: 439419 ns, At safepoint: 28987 ns, Total: 468406 ns
[2023-07-18T00:55:09.281+0000][67][info ][safepoint   ] Safepoint "Cleanup", Time since last: 1004428294 ns, Reaching safepoint: 302863 ns, At safepoint: 4473 ns, Total: 307336 ns
[2023-07-18T00:55:10.306+0000][67][info ][safepoint   ] Safepoint "Cleanup", Time since last: 1020917959 ns, Reaching safepoint: 1364564 ns, At safepoint: 2465468 ns, Total: 3830032 ns
[2023-07-18T00:55:11.446+0000][67][info ][safepoint   ] Safepoint "Cleanup", Time since last: 1139743297 ns, Reaching safepoint: 275361 ns, At safepoint: 78693 ns, Total: 354054 ns
[2023-07-18T00:55:12.448+0000][67][info ][safepoint   ] Safepoint "Cleanup", Time since last: 1001462871 ns, Reaching safepoint: 273280 ns, At safepoint: 16629 ns, Total: 289909 ns
[2023-07-18T00:55:13.450+0000][67][info ][safepoint   ] Safepoint "Cleanup", Time since last: 1002074138 ns, Reaching safepoint: 259015 ns, At safepoint: 51432 ns, Total: 310447 ns
[2023-07-18T00:55:15.114+0000][67][info ][safepoint   ] Safepoint "Cleanup", Time since last: 1663801102 ns, Reaching safepoint: 327064 ns, At safepoint: 12430 ns, Total: 339494 ns
[2023-07-18T00:55:16.425+0000][67][info ][safepoint   ] Safepoint "Cleanup", Time since last: 1310265932 ns, Reaching safepoint: 237562 ns, At safepoint: 184279 ns, Total: 421841 ns
[2023-07-18T00:55:17.440+0000][67][info ][safepoint   ] Safepoint "Cleanup", Time since last: 1015034173 ns, Reaching safepoint: 265308 ns, At safepoint: 72551 ns, Total: 337859 ns
[2023-07-18T00:55:18.448+0000][67][info ][safepoint   ] Safepoint "Cleanup", Time since last: 1007085999 ns, Reaching safepoint: 266423 ns, At safepoint: 40861 ns, Total: 307284 ns
[2023-07-18T00:55:19.500+0000][67][info ][safepoint   ] Safepoint "Cleanup", Time since last: 1051552836 ns, Reaching safepoint: 314527 ns, At safepoint: 17826 ns, Total: 332353 ns
[2023-07-18T00:55:20.502+0000][67][info ][safepoint   ] Safepoint "Cleanup", Time since last: 1001966497 ns, Reaching safepoint: 286239 ns, At safepoint: 16354 ns, Total: 302593 ns
[2023-07-18T00:55:22.505+0000][67][info ][safepoint   ] Safepoint "Cleanup", Time since last: 2002206269 ns, Reaching safepoint: 307931 ns, At safepoint: 5896 ns, Total: 313827 ns
[2023-07-18T00:55:23.917+0000][67][info ][safepoint   ] Safepoint "Cleanup", Time since last: 1412450482 ns, Reaching safepoint: 264891 ns, At safepoint: 113094 ns, Total: 377985 ns
[2023-07-18T00:55:25.046+0000][67][info ][safepoint   ] Safepoint "Cleanup", Time since last: 1128245362 ns, Reaching safepoint: 698475 ns, At safepoint: 27457 ns, Total: 725932 ns
[2023-07-18T00:55:26.050+0000][67][info ][safepoint   ] Safepoint "Cleanup", Time since last: 1003081979 ns, Reaching safepoint: 500483 ns, At safepoint: 12088 ns, Total: 512571 ns
[2023-07-18T00:55:27.053+0000][67][info ][safepoint   ] Safepoint "Cleanup", Time since last: 1002781463 ns, Reaching safepoint: 548085 ns, At safepoint: 11721 ns, Total: 559806 ns
[2023-07-18T00:55:28.057+0000][67][info ][safepoint   ] Safepoint "Cleanup", Time since last: 1003727667 ns, Reaching safepoint: 278906 ns, At safepoint: 19983 ns, Total: 298889 ns
[2023-07-18T00:55:29.082+0000][67][info ][safepoint   ] Safepoint "Cleanup", Time since last: 1024369376 ns, Reaching safepoint: 243232 ns, At safepoint: 64701 ns, Total: 307933 ns
[2023-07-18T00:55:30.298+0000][67][info ][safepoint   ] Safepoint "Cleanup", Time since last: 1215395390 ns, Reaching safepoint: 126906 ns, At safepoint: 5210 ns, Total: 132116 ns
[2023-07-18T00:55:32.551+0000][67][info ][safepoint   ] Safepoint "Cleanup", Time since last: 2252915685 ns, Reaching safepoint: 879486 ns, At safepoint: 26255 ns, Total: 905741 ns
[2023-07-18T00:55:33.556+0000][67][info ][safepoint   ] Safepoint "Cleanup", Time since last: 1003638695 ns, Reaching safepoint: 672827 ns, At safepoint: 26956 ns, Total: 699783 ns
[2023-07-18T00:55:34.560+0000][67][info ][safepoint   ] Safepoint "Cleanup", Time since last: 1004197271 ns, Reaching safepoint: 397291 ns, At safepoint: 6348 ns, Total: 403639 ns
[2023-07-18T00:55:35.864+0000][67][info ][safepoint   ] Safepoint "Cleanup", Time since last: 1303410778 ns, Reaching safepoint: 259550 ns, At safepoint: 41919 ns, Total: 301469 ns
[2023-07-18T00:55:36.966+0000][67][info ][safepoint   ] Safepoint "Cleanup", Time since last: 1101973218 ns, Reaching safepoint: 363464 ns, At safepoint: 5933 ns, Total: 369397 ns
[2023-07-18T00:55:37.969+0000][67][info ][safepoint   ] Safepoint "Cleanup", Time since last: 1002296727 ns, Reaching safepoint: 154571 ns, At safepoint: 18472 ns, Total: 173043 ns
[2023-07-18T00:55:38.975+0000][67][info ][safepoint   ] Safepoint "Cleanup", Time since last: 1005996459 ns, Reaching safepoint: 531806 ns, At safepoint: 17371 ns, Total: 549177 ns
[2023-07-18T00:55:39.978+0000][67][info ][safepoint   ] Safepoint "Cleanup", Time since last: 1001920068 ns, Reaching safepoint: 353775 ns, At safepoint: 15622 ns, Total: 369397 ns
[2023-07-18T00:55:40.980+0000][67][info ][safepoint   ] Safepoint "Cleanup", Time since last: 1001976530 ns, Reaching safepoint: 232597 ns, At safepoint: 23527 ns, Total: 256124 ns
[2023-07-18T00:55:42.316+0000][67][info ][safepoint   ] Safepoint "Cleanup", Time since last: 1335293882 ns, Reaching safepoint: 193505 ns, At safepoint: 61437 ns, Total: 254942 ns
[2023-07-18T00:55:43.599+0000][67][info ][safepoint   ] Safepoint "Cleanup", Time since last: 1283198247 ns, Reaching safepoint: 460056 ns, At safepoint: 23983 ns, Total: 484039 ns
[2023-07-18T00:55:44.602+0000][67][info ][safepoint   ] Safepoint "Cleanup", Time since last: 1001927523 ns, Reaching safepoint: 429298 ns, At safepoint: 16517 ns, Total: 445815 ns
[2023-07-18T00:55:47.557+0000][67][info ][safepoint   ] Safepoint "Cleanup", Time since last: 2947985168 ns, Reaching safepoint: 6913709 ns, At safepoint: 121315 ns, Total: 7035024 ns
[2023-07-18T00:55:48.623+0000][67][info ][safepoint   ] Safepoint "Cleanup", Time since last: 1065834449 ns, Reaching safepoint: 297151 ns, At safepoint: 48993 ns, Total: 346144 ns
[2023-07-18T00:55:49.625+0000][67][info ][safepoint   ] Safepoint "Cleanup", Time since last: 1001464915 ns, Reaching safepoint: 525104 ns, At safepoint: 74470 ns, Total: 599574 ns
[2023-07-18T00:55:50.978+0000][67][info ][safepoint   ] Safepoint "Cleanup", Time since last: 1352577570 ns, Reaching safepoint: 342468 ns, At safepoint: 17398 ns, Total: 359866 ns
[2023-07-18T00:55:52.368+0000][67][info ][safepoint   ] Safepoint "Cleanup", Time since last: 1390056957 ns, Reaching safepoint: 363840 ns, At safepoint: 55992 ns, Total: 419832 ns
[2023-07-18T00:55:53.384+0000][67][info ][safepoint   ] Safepoint "Cleanup", Time since last: 1015312076 ns, Reaching safepoint: 248150 ns, At safepoint: 32302 ns, Total: 280452 ns
[2023-07-18T00:55:54.406+0000][67][info ][safepoint   ] Safepoint "Cleanup", Time since last: 1022043373 ns, Reaching safepoint: 232582 ns, At safepoint: 14649 ns, Total: 247231 ns
[2023-07-18T00:55:56.082+0000][67][info ][safepoint   ] Safepoint "Cleanup", Time since last: 1675265313 ns, Reaching safepoint: 265929 ns, At safepoint: 5169 ns, Total: 271098 ns
[2023-07-18T00:55:57.361+0000][67][info ][safepoint   ] Safepoint "Cleanup", Time since last: 1278672581 ns, Reaching safepoint: 347164 ns, At safepoint: 5995 ns, Total: 353159 ns
[2023-07-18T00:55:58.487+0000][67][info ][safepoint   ] Safepoint "Cleanup", Time since last: 1125478844 ns, Reaching safepoint: 297792 ns, At safepoint: 49156 ns, Total: 346948 ns
[2023-07-18T00:55:59.527+0000][67][info ][safepoint   ] Safepoint "Cleanup", Time since last: 1040561790 ns, Reaching safepoint: 259187 ns, At safepoint: 18367 ns, Total: 277554 ns
[2023-07-18T00:56:01.131+0000][67][info ][safepoint   ] Safepoint "Cleanup", Time since last: 1603702592 ns, Reaching safepoint: 323842 ns, At safepoint: 16119 ns, Total: 339961 ns
[2023-07-18T00:56:02.134+0000][67][info ][safepoint   ] Safepoint "Cleanup", Time since last: 1001806115 ns, Reaching safepoint: 347270 ns, At safepoint: 7568 ns, Total: 354838 ns
[2023-07-18T00:56:04.137+0000][67][info ][safepoint   ] Safepoint "Cleanup", Time since last: 2003171757 ns, Reaching safepoint: 306425 ns, At safepoint: 26139 ns, Total: 332564 ns
[2023-07-18T00:56:05.143+0000][67][info ][safepoint   ] Safepoint "Cleanup", Time since last: 1005881121 ns, Reaching safepoint: 188956 ns, At safepoint: 91747 ns, Total: 280703 ns
[2023-07-18T00:56:06.279+0000][67][info ][safepoint   ] Safepoint "Cleanup", Time since last: 1135118440 ns, Reaching safepoint: 342410 ns, At safepoint: 9958 ns, Total: 352368 ns
[2023-07-18T00:56:07.759+0000][67][info ][safepoint   ] Safepoint "Cleanup", Time since last: 1480555215 ns, Reaching safepoint: 108483 ns, At safepoint: 47807 ns, Total: 156290 ns
[2023-07-18T00:56:08.773+0000][67][info ][safepoint   ] Safepoint "Cleanup", Time since last: 1013172099 ns, Reaching safepoint: 353970 ns, At safepoint: 6486 ns, Total: 360456 ns
[2023-07-18T00:56:09.775+0000][67][info ][safepoint   ] Safepoint "Cleanup", Time since last: 1001780414 ns, Reaching safepoint: 296594 ns, At safepoint: 5805 ns, Total: 302399 ns
[2023-07-18T00:56:11.085+0000][67][info ][safepoint   ] Safepoint "Cleanup", Time since last: 1309523012 ns, Reaching safepoint: 188347 ns, At safepoint: 67084 ns, Total: 255431 ns
[2023-07-18T00:56:12.096+0000][67][info ][safepoint   ] Safepoint "Cleanup", Time since last: 1010203003 ns, Reaching safepoint: 638739 ns, At safepoint: 56627 ns, Total: 695366 ns
[2023-07-18T00:56:14.156+0000][67][info ][safepoint   ] Safepoint "Cleanup", Time since last: 2060064072 ns, Reaching safepoint: 255145 ns, At safepoint: 5836 ns, Total: 260981 ns
[2023-07-18T00:56:15.161+0000][67][info ][safepoint   ] Safepoint "Cleanup", Time since last: 1004593946 ns, Reaching safepoint: 266913 ns, At safepoint: 5714 ns, Total: 272627 ns
[2023-07-18T00:56:17.112+0000][67][info ][safepoint   ] Safepoint "Cleanup", Time since last: 1950906645 ns, Reaching safepoint: 344709 ns, At safepoint: 60952 ns, Total: 405661 ns
[2023-07-18T00:56:18.350+0000][67][info ][safepoint   ] Safepoint "Cleanup", Time since last: 1237666685 ns, Reaching safepoint: 195204 ns, At safepoint: 7144 ns, Total: 202348 ns
[2023-07-18T00:56:19.615+0000][67][info ][safepoint   ] Safepoint "Cleanup", Time since last: 1264306994 ns, Reaching safepoint: 126270 ns, At safepoint: 4801 ns, Total: 131071 ns
[2023-07-18T00:56:20.617+0000][67][info ][safepoint   ] Safepoint "Cleanup", Time since last: 1002063563 ns, Reaching safepoint: 320238 ns, At safepoint: 18112 ns, Total: 338350 ns
[2023-07-18T00:56:22.620+0000][67][info ][safepoint   ] Safepoint "Cleanup", Time since last: 2002115634 ns, Reaching safepoint: 402361 ns, At safepoint: 25790 ns, Total: 428151 ns
[2023-07-18T00:56:23.927+0000][67][info ][safepoint   ] Safepoint "Cleanup", Time since last: 1306851086 ns, Reaching safepoint: 264399 ns, At safepoint: 42710 ns, Total: 307109 ns
[2023-07-18T00:56:25.015+0000][67][info ][safepoint   ] Safepoint "Cleanup", Time since last: 1087813866 ns, Reaching safepoint: 610638 ns, At safepoint: 33098 ns, Total: 643736 ns
[2023-07-18T00:56:26.018+0000][67][info ][safepoint   ] Safepoint "Cleanup", Time since last: 1002394364 ns, Reaching safepoint: 306130 ns, At safepoint: 9568 ns, Total: 315698 ns
[2023-07-18T00:56:27.773+0000][67][info ][safepoint   ] Safepoint "Cleanup", Time since last: 1754246081 ns, Reaching safepoint: 353750 ns, At safepoint: 44589 ns, Total: 398339 ns
[2023-07-18T00:56:28.883+0000][67][info ][safepoint   ] Safepoint "Cleanup", Time since last: 1110266530 ns, Reaching safepoint: 196092 ns, At safepoint: 19797 ns, Total: 215889 ns
[2023-07-18T00:56:30.347+0000][67][info ][safepoint   ] Safepoint "Cleanup", Time since last: 1463498755 ns, Reaching safepoint: 183471 ns, At safepoint: 177055 ns, Total: 360526 ns
[2023-07-18T00:56:32.463+0000][67][info ][safepoint   ] Safepoint "Cleanup", Time since last: 2116085504 ns, Reaching safepoint: 353445 ns, At safepoint: 6576 ns, Total: 360021 ns
[2023-07-18T00:56:33.467+0000][67][info ][safepoint   ] Safepoint "Cleanup", Time since last: 1003135168 ns, Reaching safepoint: 82633 ns, At safepoint: 13372 ns, Total: 96005 ns
[2023-07-18T00:56:35.119+0000][67][info ][safepoint   ] Safepoint "Cleanup", Time since last: 1652497813 ns, Reaching safepoint: 329015 ns, At safepoint: 18873 ns, Total: 347888 ns
[2023-07-18T00:56:36.153+0000][67][info ][safepoint   ] Safepoint "Cleanup", Time since last: 1033110834 ns, Reaching safepoint: 154058 ns, At safepoint: 8068 ns, Total: 162126 ns
[2023-07-18T00:56:37.164+0000][67][info ][safepoint   ] Safepoint "Cleanup", Time since last: 1010764775 ns, Reaching safepoint: 283192 ns, At safepoint: 6620 ns, Total: 289812 ns
[2023-07-18T00:56:38.166+0000][67][info ][safepoint   ] Safepoint "Cleanup", Time since last: 1001837158 ns, Reaching safepoint: 302763 ns, At safepoint: 15533 ns, Total: 318296 ns
[2023-07-18T00:56:39.168+0000][67][info ][safepoint   ] Safepoint "Cleanup", Time since last: 1001881131 ns, Reaching safepoint: 212695 ns, At safepoint: 5253 ns, Total: 217948 ns
[2023-07-18T00:56:41.070+0000][67][info ][safepoint   ] Safepoint "Cleanup", Time since last: 1900937826 ns, Reaching safepoint: 263646 ns, At safepoint: 117710 ns, Total: 381356 ns
[2023-07-18T00:56:42.331+0000][67][info ][safepoint   ] Safepoint "Cleanup", Time since last: 1261169426 ns, Reaching safepoint: 233808 ns, At safepoint: 17442 ns, Total: 251250 ns
[2023-07-18T00:56:43.607+0000][67][info ][safepoint   ] Safepoint "Cleanup", Time since last: 1275287211 ns, Reaching safepoint: 274792 ns, At safepoint: 23497 ns, Total: 298289 ns
[2023-07-18T00:56:44.609+0000][67][info ][safepoint   ] Safepoint "Cleanup", Time since last: 1002109098 ns, Reaching safepoint: 259629 ns, At safepoint: 15550 ns, Total: 275179 ns
[2023-07-18T00:56:46.611+0000][67][info ][safepoint   ] Safepoint "Cleanup", Time since last: 2002167269 ns, Reaching safepoint: 86334 ns, At safepoint: 4857 ns, Total: 91191 ns
[2023-07-18T00:56:47.947+0000][67][info ][safepoint   ] Safepoint "Cleanup", Time since last: 1335381076 ns, Reaching safepoint: 208066 ns, At safepoint: 13617 ns, Total: 221683 ns
[2023-07-18T00:56:48.950+0000][67][info ][safepoint   ] Safepoint "Cleanup", Time since last: 1002304935 ns, Reaching safepoint: 513378 ns, At safepoint: 17951 ns, Total: 531329 ns
[2023-07-18T00:56:50.107+0000][67][info ][safepoint   ] Safepoint "Cleanup", Time since last: 1156115400 ns, Reaching safepoint: 541574 ns, At safepoint: 11184 ns, Total: 552758 ns
[2023-07-18T00:56:53.111+0000][67][info ][safepoint   ] Safepoint "Cleanup", Time since last: 3003956866 ns, Reaching safepoint: 397398 ns, At safepoint: 15393 ns, Total: 412791 ns
[2023-07-18T00:56:54.455+0000][67][info ][safepoint   ] Safepoint "Cleanup", Time since last: 1343359885 ns, Reaching safepoint: 225637 ns, At safepoint: 82863 ns, Total: 308500 ns
[2023-07-18T00:56:55.563+0000][67][info ][safepoint   ] Safepoint "Cleanup", Time since last: 1108210746 ns, Reaching safepoint: 220088 ns, At safepoint: 16848 ns, Total: 236936 ns
[2023-07-18T00:56:56.565+0000][67][info ][safepoint   ] Safepoint "Cleanup", Time since last: 1002037865 ns, Reaching safepoint: 318660 ns, At safepoint: 6079 ns, Total: 324739 ns
[2023-07-18T00:56:57.568+0000][67][info ][safepoint   ] Safepoint "Cleanup", Time since last: 1001976343 ns, Reaching safepoint: 408035 ns, At safepoint: 6062 ns, Total: 414097 ns
[2023-07-18T00:56:59.080+0000][67][info ][safepoint   ] Safepoint "Cleanup", Time since last: 1512075413 ns, Reaching safepoint: 230406 ns, At safepoint: 15176 ns, Total: 245582 ns
[2023-07-18T00:57:00.349+0000][67][info ][safepoint   ] Safepoint "Cleanup", Time since last: 1268284031 ns, Reaching safepoint: 207385 ns, At safepoint: 11404 ns, Total: 218789 ns
[2023-07-18T00:57:02.200+0000][67][info ][safepoint   ] Safepoint "Cleanup", Time since last: 1851209048 ns, Reaching safepoint: 260432 ns, At safepoint: 6636 ns, Total: 267068 ns
[2023-07-18T00:57:04.202+0000][67][info ][safepoint   ] Safepoint "Cleanup", Time since last: 2001938049 ns, Reaching safepoint: 371757 ns, At safepoint: 7323 ns, Total: 379080 ns
[2023-07-18T00:57:06.189+0000][67][info ][safepoint   ] Safepoint "Cleanup", Time since last: 1986231681 ns, Reaching safepoint: 318477 ns, At safepoint: 6047 ns, Total: 324524 ns
[2023-07-18T00:57:07.577+0000][67][info ][safepoint   ] Safepoint "Cleanup", Time since last: 1387482889 ns, Reaching safepoint: 217286 ns, At safepoint: 18883 ns, Total: 236169 ns
[2023-07-18T00:57:08.579+0000][67][info ][safepoint   ] Safepoint "Cleanup", Time since last: 1002300333 ns, Reaching safepoint: 385660 ns, At safepoint: 37961 ns, Total: 423621 ns
[2023-07-18T00:57:09.582+0000][67][info ][safepoint   ] Safepoint "Cleanup", Time since last: 1002290492 ns, Reaching safepoint: 359229 ns, At safepoint: 16117 ns, Total: 375346 ns
[2023-07-18T00:57:10.584+0000][67][info ][safepoint   ] Safepoint "Cleanup", Time since last: 1001968755 ns, Reaching safepoint: 307342 ns, At safepoint: 13355 ns, Total: 320697 ns
[2023-07-18T00:57:11.924+0000][67][info ][safepoint   ] Safepoint "Cleanup", Time since last: 1338627855 ns, Reaching safepoint: 411303 ns, At safepoint: 70185 ns, Total: 481488 ns
[2023-07-18T00:57:13.013+0000][67][info ][safepoint   ] Safepoint "Cleanup", Time since last: 1088276544 ns, Reaching safepoint: 617035 ns, At safepoint: 17370 ns, Total: 634405 ns
[2023-07-18T00:57:15.015+0000][67][info ][safepoint   ] Safepoint "Cleanup", Time since last: 2002378716 ns, Reaching safepoint: 424321 ns, At safepoint: 16861 ns, Total: 441182 ns
[2023-07-18T00:57:17.018+0000][67][info ][safepoint   ] Safepoint "Cleanup", Time since last: 2002209765 ns, Reaching safepoint: 307290 ns, At safepoint: 15669 ns, Total: 322959 ns
[2023-07-18T00:57:18.359+0000][67][info ][safepoint   ] Safepoint "Cleanup", Time since last: 1330717183 ns, Reaching safepoint: 9517527 ns, At safepoint: 604699 ns, Total: 10122226 ns
[2023-07-18T00:57:19.752+0000][67][info ][safepoint   ] Safepoint "Cleanup", Time since last: 1393416617 ns, Reaching safepoint: 173625 ns, At safepoint: 5205 ns, Total: 178830 ns
[2023-07-18T00:57:20.755+0000][67][info ][safepoint   ] Safepoint "Cleanup", Time since last: 1001963271 ns, Reaching safepoint: 299343 ns, At safepoint: 9894 ns, Total: 309237 ns
[2023-07-18T00:57:22.757+0000][67][info ][safepoint   ] Safepoint "Cleanup", Time since last: 2002288555 ns, Reaching safepoint: 319626 ns, At safepoint: 15059 ns, Total: 334685 ns
[2023-07-18T00:57:24.154+0000][67][info ][safepoint   ] Safepoint "Cleanup", Time since last: 1396528842 ns, Reaching safepoint: 278830 ns, At safepoint: 21741 ns, Total: 300571 ns
[2023-07-18T00:57:25.287+0000][67][info ][safepoint   ] Safepoint "Cleanup", Time since last: 1132503551 ns, Reaching safepoint: 159673 ns, At safepoint: 5137 ns, Total: 164810 ns
[2023-07-18T00:57:26.289+0000][67][info ][safepoint   ] Safepoint "Cleanup", Time since last: 1002015984 ns, Reaching safepoint: 322436 ns, At safepoint: 4674 ns, Total: 327110 ns
[2023-07-18T00:57:28.806+0000][67][info ][safepoint   ] Safepoint "Cleanup", Time since last: 2516426365 ns, Reaching safepoint: 136283 ns, At safepoint: 4520 ns, Total: 140803 ns
[2023-07-18T00:57:29.878+0000][67][info ][safepoint   ] Safepoint "Cleanup", Time since last: 1072219623 ns, Reaching safepoint: 198271 ns, At safepoint: 17189 ns, Total: 215460 ns
[2023-07-18T00:57:32.061+0000][67][info ][safepoint   ] Safepoint "Cleanup", Time since last: 2182718608 ns, Reaching safepoint: 192179 ns, At safepoint: 4910 ns, Total: 197089 ns
[2023-07-18T00:57:34.064+0000][67][info ][safepoint   ] Safepoint "Cleanup", Time since last: 2002210305 ns, Reaching safepoint: 587472 ns, At safepoint: 31321 ns, Total: 618793 ns
[2023-07-18T00:57:35.067+0000][67][info ][safepoint   ] Safepoint "Cleanup", Time since last: 1002396815 ns, Reaching safepoint: 343906 ns, At safepoint: 17278 ns, Total: 361184 ns
[2023-07-18T00:57:36.286+0000][67][info ][safepoint   ] Safepoint "Cleanup", Time since last: 1218623565 ns, Reaching safepoint: 440539 ns, At safepoint: 72191 ns, Total: 512730 ns
[2023-07-18T00:57:37.402+0000][67][info ][safepoint   ] Safepoint "Cleanup", Time since last: 1116200655 ns, Reaching safepoint: 280348 ns, At safepoint: 6348 ns, Total: 286696 ns
[2023-07-18T00:57:38.406+0000][67][info ][safepoint   ] Safepoint "Cleanup", Time since last: 1003465580 ns, Reaching safepoint: 597302 ns, At safepoint: 19052 ns, Total: 616354 ns
[2023-07-18T00:57:40.409+0000][67][info ][safepoint   ] Safepoint "Cleanup", Time since last: 2002195730 ns, Reaching safepoint: 254248 ns, At safepoint: 6171 ns, Total: 260419 ns
[2023-07-18T00:57:41.544+0000][67][info ][safepoint   ] Safepoint "Cleanup", Time since last: 1197930742 ns, Reaching safepoint: 479208 ns, At safepoint: 77468 ns, Total: 556676 ns
[2023-07-18T00:57:42.546+0000][67][info ][safepoint   ] Safepoint "Cleanup", Time since last: 1001836300 ns, Reaching safepoint: 227825 ns, At safepoint: 6659 ns, Total: 234484 ns
[2023-07-18T00:57:44.825+0000][67][info ][safepoint   ] Safepoint "Cleanup", Time since last: 2278299456 ns, Reaching safepoint: 418689 ns, At safepoint: 12670 ns, Total: 431359 ns
[2023-07-18T00:57:46.828+0000][67][info ][safepoint   ] Safepoint "Cleanup", Time since last: 2002335133 ns, Reaching safepoint: 399324 ns, At safepoint: 88691 ns, Total: 488015 ns
[2023-07-18T00:57:48.215+0000][67][info ][safepoint   ] Safepoint "Cleanup", Time since last: 1386943355 ns, Reaching safepoint: 210502 ns, At safepoint: 51824 ns, Total: 262326 ns
[2023-07-18T00:57:53.668+0000][67][info ][safepoint   ] Safepoint "Cleanup", Time since last: 5452715853 ns, Reaching safepoint: 301087 ns, At safepoint: 53556 ns, Total: 354643 ns
[2023-07-18T00:57:54.945+0000][67][info ][safepoint   ] Safepoint "Cleanup", Time since last: 1276838913 ns, Reaching safepoint: 323660 ns, At safepoint: 52332 ns, Total: 375992 ns
[2023-07-18T00:57:55.958+0000][67][info ][safepoint   ] Safepoint "Cleanup", Time since last: 1012671462 ns, Reaching safepoint: 304654 ns, At safepoint: 8002 ns, Total: 312656 ns
[2023-07-18T00:57:58.281+0000][67][info ][safepoint   ] Safepoint "Cleanup", Time since last: 2322068902 ns, Reaching safepoint: 290220 ns, At safepoint: 27837 ns, Total: 318057 ns
[2023-07-18T00:57:59.290+0000][67][info ][safepoint   ] Safepoint "Cleanup", Time since last: 1008872077 ns, Reaching safepoint: 92457 ns, At safepoint: 3313 ns, Total: 95770 ns
[2023-07-18T00:58:00.297+0000][67][info ][safepoint   ] Safepoint "Cleanup", Time since last: 1007146528 ns, Reaching safepoint: 296474 ns, At safepoint: 69210 ns, Total: 365684 ns
[2023-07-18T00:58:02.310+0000][67][info ][safepoint   ] Safepoint "Cleanup", Time since last: 2012166135 ns, Reaching safepoint: 387727 ns, At safepoint: 19758 ns, Total: 407485 ns
[2023-07-18T00:58:03.338+0000][67][info ][safepoint   ] Safepoint "Cleanup", Time since last: 1028301824 ns, Reaching safepoint: 280478 ns, At safepoint: 5211 ns, Total: 285689 ns
[2023-07-18T00:58:04.341+0000][67][info ][safepoint   ] Safepoint "Cleanup", Time since last: 1002037920 ns, Reaching safepoint: 525115 ns, At safepoint: 29653 ns, Total: 554768 ns
[2023-07-18T00:58:05.350+0000][67][info ][safepoint   ] Safepoint "Cleanup", Time since last: 1009429302 ns, Reaching safepoint: 121622 ns, At safepoint: 6180 ns, Total: 127802 ns
[2023-07-18T00:58:07.753+0000][67][info ][safepoint   ] Safepoint "Cleanup", Time since last: 2402575964 ns, Reaching safepoint: 355667 ns, At safepoint: 19250 ns, Total: 374917 ns
[2023-07-18T00:58:08.756+0000][67][info ][safepoint   ] Safepoint "Cleanup", Time since last: 1002082634 ns, Reaching safepoint: 279010 ns, At safepoint: 6665 ns, Total: 285675 ns
[2023-07-18T00:58:09.758+0000][67][info ][safepoint   ] Safepoint "Cleanup", Time since last: 1002140153 ns, Reaching safepoint: 446926 ns, At safepoint: 19324 ns, Total: 466250 ns
[2023-07-18T00:58:11.035+0000][67][info ][safepoint   ] Safepoint "Cleanup", Time since last: 1275796102 ns, Reaching safepoint: 176347 ns, At safepoint: 18562 ns, Total: 194909 ns
[2023-07-18T00:58:12.100+0000][67][info ][safepoint   ] Safepoint "Cleanup", Time since last: 1064635769 ns, Reaching safepoint: 230349 ns, At safepoint: 8314 ns, Total: 238663 ns
[2023-07-18T00:58:14.194+0000][67][info ][safepoint   ] Safepoint "Cleanup", Time since last: 2093726743 ns, Reaching safepoint: 255254 ns, At safepoint: 17956 ns, Total: 273210 ns
[2023-07-18T00:58:17.064+0000][67][info ][safepoint   ] Safepoint "Cleanup", Time since last: 2869825874 ns, Reaching safepoint: 363858 ns, At safepoint: 13855 ns, Total: 377713 ns
[2023-07-18T00:58:22.661+0000][67][info ][safepoint   ] Safepoint "Cleanup", Time since last: 5596781794 ns, Reaching safepoint: 398510 ns, At safepoint: 16763 ns, Total: 415273 ns
[2023-07-18T00:58:23.686+0000][67][info ][safepoint   ] Safepoint "Cleanup", Time since last: 1025066718 ns, Reaching safepoint: 360578 ns, At safepoint: 53222 ns, Total: 413800 ns
[2023-07-18T00:58:25.270+0000][67][info ][safepoint   ] Safepoint "Cleanup", Time since last: 1583474854 ns, Reaching safepoint: 464469 ns, At safepoint: 7152 ns, Total: 471621 ns
[2023-07-18T00:58:26.272+0000][67][info ][safepoint   ] Safepoint "Cleanup", Time since last: 1001788488 ns, Reaching safepoint: 284581 ns, At safepoint: 5565 ns, Total: 290146 ns
[2023-07-18T00:58:27.275+0000][67][info ][safepoint   ] Safepoint "Cleanup", Time since last: 1001801546 ns, Reaching safepoint: 254647 ns, At safepoint: 4800 ns, Total: 259447 ns
[2023-07-18T00:58:29.028+0000][67][info ][safepoint   ] Safepoint "Cleanup", Time since last: 1752612003 ns, Reaching safepoint: 627085 ns, At safepoint: 66348 ns, Total: 693433 ns
[2023-07-18T00:58:30.668+0000][67][info ][safepoint   ] Safepoint "Cleanup", Time since last: 1639455743 ns, Reaching safepoint: 204723 ns, At safepoint: 94020 ns, Total: 298743 ns
[2023-07-18T00:58:32.138+0000][67][info ][safepoint   ] Safepoint "Cleanup", Time since last: 1470153385 ns, Reaching safepoint: 165943 ns, At safepoint: 16310 ns, Total: 182253 ns
[2023-07-18T00:58:33.145+0000][67][info ][safepoint   ] Safepoint "Cleanup", Time since last: 1006055057 ns, Reaching safepoint: 578858 ns, At safepoint: 14732 ns, Total: 593590 ns
[2023-07-18T00:58:35.008+0000][67][info ][safepoint   ] Safepoint "Cleanup", Time since last: 1862915069 ns, Reaching safepoint: 337763 ns, At safepoint: 104495 ns, Total: 442258 ns
[2023-07-18T00:58:36.107+0000][67][info ][safepoint   ] Safepoint "Cleanup", Time since last: 1098231426 ns, Reaching safepoint: 410500 ns, At safepoint: 77902 ns, Total: 488402 ns
[2023-07-18T00:58:37.797+0000][67][info ][safepoint   ] Safepoint "Cleanup", Time since last: 1690356414 ns, Reaching safepoint: 319771 ns, At safepoint: 5766 ns, Total: 325537 ns
[2023-07-18T00:58:38.799+0000][67][info ][safepoint   ] Safepoint "Cleanup", Time since last: 1001740089 ns, Reaching safepoint: 320920 ns, At safepoint: 10181 ns, Total: 331101 ns
[2023-07-18T00:58:41.107+0000][67][info ][safepoint   ] Safepoint "Cleanup", Time since last: 2307793459 ns, Reaching safepoint: 160373 ns, At safepoint: 56397 ns, Total: 216770 ns
[2023-07-18T00:58:43.022+0000][67][info ][safepoint   ] Safepoint "Cleanup", Time since last: 1912564155 ns, Reaching safepoint: 1833958 ns, At safepoint: 526602 ns, Total: 2360560 ns
[2023-07-18T00:58:44.025+0000][67][info ][safepoint   ] Safepoint "Cleanup", Time since last: 1003266057 ns, Reaching safepoint: 313121 ns, At safepoint: 5592 ns, Total: 318713 ns
[2023-07-18T00:58:47.030+0000][67][info ][safepoint   ] Safepoint "Cleanup", Time since last: 3002649843 ns, Reaching safepoint: 1767564 ns, At safepoint: 109246 ns, Total: 1876810 ns
[2023-07-18T00:58:48.173+0000][67][info ][safepoint   ] Safepoint "Cleanup", Time since last: 1143338735 ns, Reaching safepoint: 316917 ns, At safepoint: 57714 ns, Total: 374631 ns
[2023-07-18T00:58:52.681+0000][67][info ][safepoint   ] Safepoint "Cleanup", Time since last: 4506844917 ns, Reaching safepoint: 350381 ns, At safepoint: 17251 ns, Total: 367632 ns
[2023-07-18T00:58:53.850+0000][67][info ][safepoint   ] Safepoint "Cleanup", Time since last: 1168810249 ns, Reaching safepoint: 679576 ns, At safepoint: 169953 ns, Total: 849529 ns
[2023-07-18T00:58:54.854+0000][67][info ][safepoint   ] Safepoint "Cleanup", Time since last: 1002953199 ns, Reaching safepoint: 624477 ns, At safepoint: 21573 ns, Total: 646050 ns
[2023-07-18T00:58:55.858+0000][67][info ][gc,start    ] GC(14) Pause Young (Normal) (G1 Evacuation Pause)
[2023-07-18T00:58:55.861+0000][67][info ][gc,task     ] GC(14) Using 6 workers of 6 for evacuation
[2023-07-18T00:58:55.863+0000][67][debug][gc,age      ] GC(14) Desired survivor size 69206016 bytes, new threshold 15 (max threshold 15)
[2023-07-18T00:58:56.084+0000][67][info ][gc,mmu      ] GC(14) MMU target violated: 201.0ms (200.0ms/201.0ms)
[2023-07-18T00:58:56.086+0000][67][info ][gc,phases   ] GC(14)   Pre Evacuate Collection Set: 1.6ms
[2023-07-18T00:58:56.087+0000][67][info ][gc,phases   ] GC(14)   Merge Heap Roots: 0.3ms
[2023-07-18T00:58:56.088+0000][67][info ][gc,phases   ] GC(14)   Evacuate Collection Set: 209.4ms
[2023-07-18T00:58:56.090+0000][67][info ][gc,phases   ] GC(14)   Post Evacuate Collection Set: 6.2ms
[2023-07-18T00:58:56.091+0000][67][info ][gc,phases   ] GC(14)   Other: 6.7ms
[2023-07-18T00:58:56.092+0000][67][trace][gc,age      ] GC(14) Age table with threshold 15 (max threshold 15)
[2023-07-18T00:58:56.093+0000][67][trace][gc,age      ] GC(14) - age   1:    5281296 bytes,    5281296 total
[2023-07-18T00:58:56.095+0000][67][trace][gc,age      ] GC(14) - age   2:   12098864 bytes,   17380160 total
[2023-07-18T00:58:56.096+0000][67][trace][gc,age      ] GC(14) - age   3:   20922576 bytes,   38302736 total
[2023-07-18T00:58:56.098+0000][67][trace][gc,age      ] GC(14) - age   4:   13676096 bytes,   51978832 total
[2023-07-18T00:58:56.099+0000][67][info ][gc,heap     ] GC(14) Eden regions: 244->0(95)
[2023-07-18T00:58:56.100+0000][67][info ][gc,heap     ] GC(14) Survivor regions: 15->15(33)
[2023-07-18T00:58:56.101+0000][67][info ][gc,heap     ] GC(14) Old regions: 15->15
[2023-07-18T00:58:56.102+0000][67][info ][gc,heap     ] GC(14) Archive regions: 2->2
[2023-07-18T00:58:56.103+0000][67][info ][gc,heap     ] GC(14) Humongous regions: 0->0
[2023-07-18T00:58:56.105+0000][67][info ][gc,metaspace] GC(14) Metaspace: 135910K(139264K)->135910K(139264K) NonClass: 118238K(119936K)->118238K(119936K) Class: 17671K(19328K)->17671K(19328K)
[2023-07-18T00:58:56.106+0000][67][info ][gc          ] GC(14) Pause Young (Normal) (G1 Evacuation Pause) 1096M->119M(3932M) 248.642ms
[2023-07-18T00:58:56.107+0000][67][info ][gc,cpu      ] GC(14) User=1.01s Sys=0.07s Real=0.25s
[2023-07-18T00:58:56.109+0000][67][info ][safepoint   ] Safepoint "G1CollectForAllocation", Time since last: 998895863 ns, Reaching safepoint: 158329 ns, At safepoint: 255949608 ns, Total: 256107937 ns
[2023-07-18T00:58:57.457+0000][67][info ][safepoint   ] Safepoint "Cleanup", Time since last: 1347789270 ns, Reaching safepoint: 186843 ns, At safepoint: 9787 ns, Total: 196630 ns
[2023-07-18T00:58:58.680+0000][67][info ][safepoint   ] Safepoint "Cleanup", Time since last: 1223306465 ns, Reaching safepoint: 130698 ns, At safepoint: 69162 ns, Total: 199860 ns
[2023-07-18T00:58:59.687+0000][67][info ][safepoint   ] Safepoint "Cleanup", Time since last: 1006537245 ns, Reaching safepoint: 357129 ns, At safepoint: 87895 ns, Total: 445024 ns
[2023-07-18T00:59:00.753+0000][67][info ][safepoint   ] Safepoint "Cleanup", Time since last: 1065386374 ns, Reaching safepoint: 571322 ns, At safepoint: 56018 ns, Total: 627340 ns
[2023-07-18T00:59:01.840+0000][67][info ][safepoint   ] Safepoint "Cleanup", Time since last: 1085752325 ns, Reaching safepoint: 405815 ns, At safepoint: 83572 ns, Total: 489387 ns
[2023-07-18T00:59:02.843+0000][67][info ][safepoint   ] Safepoint "Cleanup", Time since last: 1003072568 ns, Reaching safepoint: 283647 ns, At safepoint: 5521 ns, Total: 289168 ns
[2023-07-18T00:59:04.845+0000][67][info ][safepoint   ] Safepoint "Cleanup", Time since last: 2002205160 ns, Reaching safepoint: 166907 ns, At safepoint: 9039 ns, Total: 175946 ns
[2023-07-18T00:59:05.918+0000][67][info ][safepoint   ] Safepoint "Cleanup", Time since last: 1072847425 ns, Reaching safepoint: 97949 ns, At safepoint: 121485 ns, Total: 219434 ns
[2023-07-18T00:59:07.511+0000][67][info ][safepoint   ] Safepoint "Cleanup", Time since last: 1591946026 ns, Reaching safepoint: 387761 ns, At safepoint: 6249 ns, Total: 394010 ns
[2023-07-18T00:59:11.304+0000][67][info ][safepoint   ] Safepoint "Cleanup", Time since last: 3792827737 ns, Reaching safepoint: 108421 ns, At safepoint: 5018 ns, Total: 113439 ns
[2023-07-18T00:59:12.456+0000][67][info ][safepoint   ] Safepoint "Cleanup", Time since last: 1151641570 ns, Reaching safepoint: 217829 ns, At safepoint: 82304 ns, Total: 300133 ns
[2023-07-18T00:59:14.301+0000][67][info ][safepoint   ] Safepoint "Cleanup", Time since last: 1844535387 ns, Reaching safepoint: 204284 ns, At safepoint: 9415 ns, Total: 213699 ns
[2023-07-18T00:59:17.145+0000][67][info ][safepoint   ] Safepoint "Cleanup", Time since last: 2844393016 ns, Reaching safepoint: 342311 ns, At safepoint: 11578 ns, Total: 353889 ns
[2023-07-18T00:59:18.257+0000][67][info ][safepoint   ] Safepoint "Cleanup", Time since last: 1111070583 ns, Reaching safepoint: 627107 ns, At safepoint: 10493 ns, Total: 637600 ns
[2023-07-18T00:59:19.665+0000][67][info ][safepoint   ] Safepoint "Cleanup", Time since last: 1407610171 ns, Reaching safepoint: 353510 ns, At safepoint: 7163 ns, Total: 360673 ns
[2023-07-18T00:59:20.668+0000][67][info ][safepoint   ] Safepoint "Cleanup", Time since last: 1002322438 ns, Reaching safepoint: 275763 ns, At safepoint: 88422 ns, Total: 364185 ns
[2023-07-18T00:59:21.670+0000][67][info ][safepoint   ] Safepoint "Cleanup", Time since last: 1001748573 ns, Reaching safepoint: 303833 ns, At safepoint: 4860 ns, Total: 308693 ns
[2023-07-18T00:59:23.034+0000][67][info ][safepoint   ] Safepoint "Cleanup", Time since last: 1363621765 ns, Reaching safepoint: 372901 ns, At safepoint: 55689 ns, Total: 428590 ns
[2023-07-18T00:59:24.045+0000][67][info ][safepoint   ] Safepoint "Cleanup", Time since last: 1010921142 ns, Reaching safepoint: 239649 ns, At safepoint: 53073 ns, Total: 292722 ns
[2023-07-18T00:59:25.090+0000][67][info ][safepoint   ] Safepoint "Cleanup", Time since last: 1044705695 ns, Reaching safepoint: 276968 ns, At safepoint: 4692 ns, Total: 281660 ns
[2023-07-18T00:59:26.092+0000][67][info ][safepoint   ] Safepoint "Cleanup", Time since last: 1002017167 ns, Reaching safepoint: 282448 ns, At safepoint: 15400 ns, Total: 297848 ns
[2023-07-18T00:59:27.439+0000][67][info ][safepoint   ] Safepoint "Cleanup", Time since last: 1346378316 ns, Reaching safepoint: 342091 ns, At safepoint: 7369 ns, Total: 349460 ns
[2023-07-18T00:59:29.051+0000][67][info ][safepoint   ] Safepoint "Cleanup", Time since last: 1612066770 ns, Reaching safepoint: 215863 ns, At safepoint: 42930 ns, Total: 258793 ns
[2023-07-18T00:59:30.297+0000][67][info ][safepoint   ] Safepoint "Cleanup", Time since last: 1245271989 ns, Reaching safepoint: 529617 ns, At safepoint: 17159 ns, Total: 546776 ns
[2023-07-18T00:59:31.569+0000][67][info ][safepoint   ] Safepoint "Cleanup", Time since last: 1271757534 ns, Reaching safepoint: 291239 ns, At safepoint: 18704 ns, Total: 309943 ns
[2023-07-18T00:59:32.572+0000][67][info ][safepoint   ] Safepoint "Cleanup", Time since last: 1002385647 ns, Reaching safepoint: 468431 ns, At safepoint: 42454 ns, Total: 510885 ns
[2023-07-18T00:59:35.041+0000][67][info ][safepoint   ] Safepoint "Cleanup", Time since last: 2468905689 ns, Reaching safepoint: 235059 ns, At safepoint: 78742 ns, Total: 313801 ns
[2023-07-18T00:59:36.991+0000][67][info ][safepoint   ] Safepoint "Cleanup", Time since last: 1949233725 ns, Reaching safepoint: 309886 ns, At safepoint: 5823 ns, Total: 315709 ns
[2023-07-18T00:59:39.993+0000][67][info ][safepoint   ] Safepoint "Cleanup", Time since last: 3002130084 ns, Reaching safepoint: 299256 ns, At safepoint: 6365 ns, Total: 305621 ns
[2023-07-18T00:59:40.996+0000][67][info ][safepoint   ] Safepoint "Cleanup", Time since last: 1002094180 ns, Reaching safepoint: 399142 ns, At safepoint: 17410 ns, Total: 416552 ns
[2023-07-18T00:59:42.381+0000][67][info ][safepoint   ] Safepoint "Cleanup", Time since last: 1385143134 ns, Reaching safepoint: 112374 ns, At safepoint: 57945 ns, Total: 170319 ns
[2023-07-18T00:59:44.112+0000][67][info ][safepoint   ] Safepoint "Cleanup", Time since last: 1729910503 ns, Reaching safepoint: 908358 ns, At safepoint: 112413 ns, Total: 1020771 ns
[2023-07-18T00:59:47.117+0000][67][info ][safepoint   ] Safepoint "Cleanup", Time since last: 3003687598 ns, Reaching safepoint: 1173796 ns, At safepoint: 248617 ns, Total: 1422413 ns
[2023-07-18T00:59:48.983+0000][67][info ][safepoint   ] Safepoint "Cleanup", Time since last: 1865869293 ns, Reaching safepoint: 421125 ns, At safepoint: 47211 ns, Total: 468336 ns
[2023-07-18T00:59:50.274+0000][67][info ][safepoint   ] Safepoint "Cleanup", Time since last: 1289784009 ns, Reaching safepoint: 404845 ns, At safepoint: 16910 ns, Total: 421755 ns
[2023-07-18T00:59:51.276+0000][67][info ][safepoint   ] Safepoint "Cleanup", Time since last: 1001929554 ns, Reaching safepoint: 320797 ns, At safepoint: 21858 ns, Total: 342655 ns
[2023-07-18T00:59:53.309+0000][67][info ][safepoint   ] Safepoint "Cleanup", Time since last: 2032950629 ns, Reaching safepoint: 306788 ns, At safepoint: 50145 ns, Total: 356933 ns
[2023-07-18T00:59:54.752+0000][67][info ][safepoint   ] Safepoint "Cleanup", Time since last: 1442481652 ns, Reaching safepoint: 281132 ns, At safepoint: 5543 ns, Total: 286675 ns
[2023-07-18T00:59:55.784+0000][67][info ][safepoint   ] Safepoint "Cleanup", Time since last: 1031247921 ns, Reaching safepoint: 396779 ns, At safepoint: 14905 ns, Total: 411684 ns
[2023-07-18T00:59:56.847+0000][67][info ][safepoint   ] Safepoint "Cleanup", Time since last: 1062698371 ns, Reaching safepoint: 303912 ns, At safepoint: 52536 ns, Total: 356448 ns
[2023-07-18T00:59:57.849+0000][67][info ][safepoint   ] Safepoint "Cleanup", Time since last: 1001909624 ns, Reaching safepoint: 153215 ns, At safepoint: 4156 ns, Total: 157371 ns
[2023-07-18T00:59:59.046+0000][67][info ][safepoint   ] Safepoint "Cleanup", Time since last: 1196577968 ns, Reaching safepoint: 326000 ns, At safepoint: 60422 ns, Total: 386422 ns
[2023-07-18T01:00:00.149+0000][67][info ][safepoint   ] Safepoint "Cleanup", Time since last: 1103102296 ns, Reaching safepoint: 400453 ns, At safepoint: 4658 ns, Total: 405111 ns
[2023-07-18T01:00:01.589+0000][67][info ][safepoint   ] Safepoint "Cleanup", Time since last: 1439851284 ns, Reaching safepoint: 394106 ns, At safepoint: 5990 ns, Total: 400096 ns
[2023-07-18T01:00:02.591+0000][67][info ][safepoint   ] Safepoint "Cleanup", Time since last: 1001666041 ns, Reaching safepoint: 338656 ns, At safepoint: 14883 ns, Total: 353539 ns
[2023-07-18T01:00:05.268+0000][67][info ][safepoint   ] Safepoint "Cleanup", Time since last: 2676855140 ns, Reaching safepoint: 51198 ns, At safepoint: 5933 ns, Total: 57131 ns
[2023-07-18T01:00:06.269+0000][67][info ][safepoint   ] Safepoint "Cleanup", Time since last: 1000371014 ns, Reaching safepoint: 52030 ns, At safepoint: 4278 ns, Total: 56308 ns
[2023-07-18T01:00:11.028+0000][67][info ][safepoint   ] Safepoint "Cleanup", Time since last: 4758551605 ns, Reaching safepoint: 363515 ns, At safepoint: 48272 ns, Total: 411787 ns
[2023-07-18T01:00:12.683+0000][67][info ][safepoint   ] Safepoint "Cleanup", Time since last: 1654383093 ns, Reaching safepoint: 910655 ns, At safepoint: 25593 ns, Total: 936248 ns
[2023-07-18T01:00:14.055+0000][67][info ][safepoint   ] Safepoint "Cleanup", Time since last: 1371509359 ns, Reaching safepoint: 348685 ns, At safepoint: 6982 ns, Total: 355667 ns
[2023-07-18T01:00:15.058+0000][67][info ][safepoint   ] Safepoint "Cleanup", Time since last: 1002783689 ns, Reaching safepoint: 400071 ns, At safepoint: 19002 ns, Total: 419073 ns
[2023-07-18T01:00:17.005+0000][67][info ][safepoint   ] Safepoint "Cleanup", Time since last: 1946455942 ns, Reaching safepoint: 134162 ns, At safepoint: 40754 ns, Total: 174916 ns
[2023-07-18T01:00:18.098+0000][67][info ][safepoint   ] Safepoint "Cleanup", Time since last: 1092445414 ns, Reaching safepoint: 510873 ns, At safepoint: 18070 ns, Total: 528943 ns
[2023-07-18T01:00:19.459+0000][67][info ][safepoint   ] Safepoint "Cleanup", Time since last: 1361013496 ns, Reaching safepoint: 378596 ns, At safepoint: 16611 ns, Total: 395207 ns
[2023-07-18T01:00:20.463+0000][67][info ][safepoint   ] Safepoint "Cleanup", Time since last: 1003742815 ns, Reaching safepoint: 542631 ns, At safepoint: 13890 ns, Total: 556521 ns
[2023-07-18T01:00:21.466+0000][67][info ][safepoint   ] Safepoint "Cleanup", Time since last: 1002214034 ns, Reaching safepoint: 369869 ns, At safepoint: 73879 ns, Total: 443748 ns
[2023-07-18T01:00:23.022+0000][67][info ][safepoint   ] Safepoint "Cleanup", Time since last: 1555696561 ns, Reaching safepoint: 304348 ns, At safepoint: 54180 ns, Total: 358528 ns
[2023-07-18T01:00:24.863+0000][67][info ][safepoint   ] Safepoint "Cleanup", Time since last: 1841237837 ns, Reaching safepoint: 287615 ns, At safepoint: 5669 ns, Total: 293284 ns
[2023-07-18T01:00:25.866+0000][67][info ][safepoint   ] Safepoint "Cleanup", Time since last: 1001825764 ns, Reaching safepoint: 339034 ns, At safepoint: 7034 ns, Total: 346068 ns
[2023-07-18T01:00:27.361+0000][67][info ][safepoint   ] Safepoint "Cleanup", Time since last: 1494743619 ns, Reaching safepoint: 184620 ns, At safepoint: 4805 ns, Total: 189425 ns
[2023-07-18T01:00:28.372+0000][67][info ][safepoint   ] Safepoint "Cleanup", Time since last: 1010750732 ns, Reaching safepoint: 392409 ns, At safepoint: 24834 ns, Total: 417243 ns
[2023-07-18T01:00:29.556+0000][67][info ][safepoint   ] Safepoint "Cleanup", Time since last: 1184315352 ns, Reaching safepoint: 339323 ns, At safepoint: 67037 ns, Total: 406360 ns
[2023-07-18T01:00:31.462+0000][67][info ][safepoint   ] Safepoint "Cleanup", Time since last: 1905462145 ns, Reaching safepoint: 413653 ns, At safepoint: 7423 ns, Total: 421076 ns
[2023-07-18T01:00:32.465+0000][67][info ][safepoint   ] Safepoint "Cleanup", Time since last: 1002323315 ns, Reaching safepoint: 196412 ns, At safepoint: 14656 ns, Total: 211068 ns
[2023-07-18T01:00:34.309+0000][67][info ][safepoint   ] Safepoint "Cleanup", Time since last: 1843941738 ns, Reaching safepoint: 383801 ns, At safepoint: 16508 ns, Total: 400309 ns
[2023-07-18T01:00:35.701+0000][67][info ][safepoint   ] Safepoint "Cleanup", Time since last: 1391270046 ns, Reaching safepoint: 345359 ns, At safepoint: 51672 ns, Total: 397031 ns
[2023-07-18T01:00:38.797+0000][67][info ][safepoint   ] Safepoint "Cleanup", Time since last: 3095804904 ns, Reaching safepoint: 288541 ns, At safepoint: 8189 ns, Total: 296730 ns
[2023-07-18T01:00:42.167+0000][67][info ][safepoint   ] Safepoint "Cleanup", Time since last: 3369932666 ns, Reaching safepoint: 43211 ns, At safepoint: 2263 ns, Total: 45474 ns
[2023-07-18T01:00:43.272+0000][67][info ][safepoint   ] Safepoint "Cleanup", Time since last: 1105156732 ns, Reaching safepoint: 417387 ns, At safepoint: 5686 ns, Total: 423073 ns
[2023-07-18T01:00:44.275+0000][67][info ][safepoint   ] Safepoint "Cleanup", Time since last: 1002298591 ns, Reaching safepoint: 387883 ns, At safepoint: 11608 ns, Total: 399491 ns
[2023-07-18T01:00:46.904+0000][67][info ][gc,start    ] GC(15) Pause Young (Normal) (G1 Evacuation Pause)
[2023-07-18T01:00:46.906+0000][67][info ][gc,task     ] GC(15) Using 6 workers of 6 for evacuation
[2023-07-18T01:00:46.908+0000][67][debug][gc,age      ] GC(15) Desired survivor size 29360128 bytes, new threshold 3 (max threshold 15)
[2023-07-18T01:00:47.206+0000][67][info ][gc,mmu      ] GC(15) MMU target violated: 201.0ms (200.0ms/201.0ms)
[2023-07-18T01:00:47.208+0000][67][info ][gc,phases   ] GC(15)   Pre Evacuate Collection Set: 4.9ms
[2023-07-18T01:00:47.209+0000][67][info ][gc,phases   ] GC(15)   Merge Heap Roots: 0.5ms
[2023-07-18T01:00:47.210+0000][67][info ][gc,phases   ] GC(15)   Evacuate Collection Set: 286.8ms
[2023-07-18T01:00:47.211+0000][67][info ][gc,phases   ] GC(15)   Post Evacuate Collection Set: 4.4ms
[2023-07-18T01:00:47.212+0000][67][info ][gc,phases   ] GC(15)   Other: 5.8ms
[2023-07-18T01:00:47.213+0000][67][trace][gc,age      ] GC(15) Age table with threshold 3 (max threshold 15)
[2023-07-18T01:00:47.215+0000][67][trace][gc,age      ] GC(15) - age   1:    2441360 bytes,    2441360 total
[2023-07-18T01:00:47.218+0000][67][trace][gc,age      ] GC(15) - age   2:    2450776 bytes,    4892136 total
[2023-07-18T01:00:47.219+0000][67][trace][gc,age      ] GC(15) - age   3:   12036808 bytes,   16928944 total
[2023-07-18T01:00:47.220+0000][67][info ][gc,heap     ] GC(15) Eden regions: 95->0(379)
[2023-07-18T01:00:47.221+0000][67][info ][gc,heap     ] GC(15) Survivor regions: 15->5(14)
[2023-07-18T01:00:47.222+0000][67][info ][gc,heap     ] GC(15) Old regions: 15->24
[2023-07-18T01:00:47.223+0000][67][info ][gc,heap     ] GC(15) Archive regions: 2->2
[2023-07-18T01:00:47.224+0000][67][info ][gc,heap     ] GC(15) Humongous regions: 0->0
[2023-07-18T01:00:47.225+0000][67][info ][gc,metaspace] GC(15) Metaspace: 136410K(139776K)->136410K(139776K) NonClass: 118727K(120448K)->118727K(120448K) Class: 17683K(19328K)->17683K(19328K)
[2023-07-18T01:00:47.227+0000][67][info ][gc          ] GC(15) Pause Young (Normal) (G1 Evacuation Pause) 499M->116M(3932M) 323.436ms
[2023-07-18T01:00:47.228+0000][67][info ][gc,cpu      ] GC(15) User=0.40s Sys=0.14s Real=0.33s
[2023-07-18T01:00:47.229+0000][67][info ][safepoint   ] Safepoint "G1CollectForAllocation", Time since last: 2627833478 ns, Reaching safepoint: 681997 ns, At safepoint: 325945821 ns, Total: 326627818 ns
[2023-07-18T01:00:48.597+0000][67][info ][safepoint   ] Safepoint "Cleanup", Time since last: 1367126790 ns, Reaching safepoint: 201335 ns, At safepoint: 5585 ns, Total: 206920 ns
[2023-07-18T01:00:52.695+0000][67][info ][safepoint   ] Safepoint "Cleanup", Time since last: 4098346791 ns, Reaching safepoint: 321162 ns, At safepoint: 7507 ns, Total: 328669 ns
[2023-07-18T01:00:54.342+0000][67][info ][safepoint   ] Safepoint "Cleanup", Time since last: 1645945196 ns, Reaching safepoint: 121010 ns, At safepoint: 4864 ns, Total: 125874 ns
[2023-07-18T01:00:55.459+0000][67][info ][safepoint   ] Safepoint "Cleanup", Time since last: 1116895791 ns, Reaching safepoint: 252078 ns, At safepoint: 56449 ns, Total: 308527 ns
[2023-07-18T01:00:56.491+0000][67][info ][safepoint   ] Safepoint "Cleanup", Time since last: 1032089061 ns, Reaching safepoint: 386987 ns, At safepoint: 12607 ns, Total: 399594 ns
[2023-07-18T01:00:57.705+0000][67][info ][safepoint   ] Safepoint "Cleanup", Time since last: 1213635531 ns, Reaching safepoint: 427657 ns, At safepoint: 10878 ns, Total: 438535 ns
[2023-07-18T01:00:59.048+0000][67][info ][safepoint   ] Safepoint "Cleanup", Time since last: 1342751585 ns, Reaching safepoint: 260796 ns, At safepoint: 9620 ns, Total: 270416 ns
[2023-07-18T01:01:00.188+0000][67][info ][safepoint   ] Safepoint "Cleanup", Time since last: 1139248731 ns, Reaching safepoint: 348405 ns, At safepoint: 63562 ns, Total: 411967 ns
[2023-07-18T01:01:02.284+0000][67][info ][safepoint   ] Safepoint "Cleanup", Time since last: 2095546466 ns, Reaching safepoint: 312795 ns, At safepoint: 23661 ns, Total: 336456 ns
[2023-07-18T01:01:05.044+0000][67][info ][safepoint   ] Safepoint "Cleanup", Time since last: 2759738382 ns, Reaching safepoint: 278163 ns, At safepoint: 89942 ns, Total: 368105 ns
[2023-07-18T01:01:06.762+0000][67][info ][safepoint   ] Safepoint "Cleanup", Time since last: 1717563823 ns, Reaching safepoint: 535109 ns, At safepoint: 26984 ns, Total: 562093 ns
[2023-07-18T01:01:07.765+0000][67][info ][safepoint   ] Safepoint "Cleanup", Time since last: 1002505211 ns, Reaching safepoint: 393199 ns, At safepoint: 11507 ns, Total: 404706 ns
[2023-07-18T01:01:11.019+0000][67][info ][safepoint   ] Safepoint "Cleanup", Time since last: 3254002837 ns, Reaching safepoint: 290767 ns, At safepoint: 44961 ns, Total: 335728 ns
[2023-07-18T01:01:12.066+0000][67][info ][safepoint   ] Safepoint "Cleanup", Time since last: 1046386458 ns, Reaching safepoint: 339066 ns, At safepoint: 51015 ns, Total: 390081 ns
[2023-07-18T01:01:17.059+0000][67][info ][safepoint   ] Safepoint "Cleanup", Time since last: 4992137100 ns, Reaching safepoint: 413378 ns, At safepoint: 56995 ns, Total: 470373 ns
[2023-07-18T01:01:18.317+0000][67][info ][safepoint   ] Safepoint "Cleanup", Time since last: 1258016780 ns, Reaching safepoint: 685939 ns, At safepoint: 38381 ns, Total: 724320 ns
[2023-07-18T01:01:19.590+0000][67][info ][safepoint   ] Safepoint "Cleanup", Time since last: 1272049906 ns, Reaching safepoint: 356735 ns, At safepoint: 88042 ns, Total: 444777 ns
[2023-07-18T01:01:20.593+0000][67][info ][safepoint   ] Safepoint "Cleanup", Time since last: 1002284407 ns, Reaching safepoint: 417837 ns, At safepoint: 93730 ns, Total: 511567 ns
[2023-07-18T01:01:23.048+0000][67][info ][safepoint   ] Safepoint "Cleanup", Time since last: 2454734965 ns, Reaching safepoint: 338897 ns, At safepoint: 136090 ns, Total: 474987 ns
[2023-07-18T01:01:24.147+0000][67][info ][safepoint   ] Safepoint "Cleanup", Time since last: 1099233205 ns, Reaching safepoint: 227557 ns, At safepoint: 86742 ns, Total: 314299 ns
[2023-07-18T01:01:35.773+0000][67][info ][safepoint   ] Safepoint "Cleanup", Time since last: 11625731643 ns, Reaching safepoint: 321341 ns, At safepoint: 53001 ns, Total: 374342 ns
[2023-07-18T01:01:41.273+0000][67][info ][safepoint   ] Safepoint "Cleanup", Time since last: 5498983768 ns, Reaching safepoint: 264778 ns, At safepoint: 40809 ns, Total: 305587 ns
[2023-07-18T01:01:44.265+0000][67][info ][safepoint   ] Safepoint "Cleanup", Time since last: 2992145658 ns, Reaching safepoint: 583045 ns, At safepoint: 10953 ns, Total: 593998 ns
[2023-07-18T01:01:45.907+0000][67][info ][safepoint   ] Safepoint "Cleanup", Time since last: 1640964618 ns, Reaching safepoint: 410484 ns, At safepoint: 47163 ns, Total: 457647 ns
[2023-07-18T01:01:46.997+0000][67][info ][safepoint   ] Safepoint "Cleanup", Time since last: 1089741338 ns, Reaching safepoint: 328352 ns, At safepoint: 70094 ns, Total: 398446 ns
[2023-07-18T01:01:48.433+0000][67][info ][safepoint   ] Safepoint "Cleanup", Time since last: 1435619825 ns, Reaching safepoint: 348902 ns, At safepoint: 11442 ns, Total: 360344 ns
[2023-07-18T01:01:49.836+0000][67][info ][safepoint   ] Safepoint "Cleanup", Time since last: 1403367325 ns, Reaching safepoint: 127659 ns, At safepoint: 124229 ns, Total: 251888 ns
[2023-07-18T01:01:53.122+0000][67][info ][safepoint   ] Safepoint "Cleanup", Time since last: 3284997906 ns, Reaching safepoint: 483004 ns, At safepoint: 72017 ns, Total: 555021 ns
[2023-07-18T01:01:54.217+0000][67][info ][safepoint   ] Safepoint "Cleanup", Time since last: 1094916592 ns, Reaching safepoint: 332339 ns, At safepoint: 6952 ns, Total: 339291 ns
[2023-07-18T01:01:55.584+0000][67][info ][safepoint   ] Safepoint "Cleanup", Time since last: 1365919972 ns, Reaching safepoint: 441227 ns, At safepoint: 17189 ns, Total: 458416 ns
[2023-07-18T01:01:56.586+0000][67][info ][safepoint   ] Safepoint "Cleanup", Time since last: 1002184560 ns, Reaching safepoint: 419891 ns, At safepoint: 17097 ns, Total: 436988 ns
[2023-07-18T01:02:01.988+0000][67][info ][safepoint   ] Safepoint "Cleanup", Time since last: 5401708935 ns, Reaching safepoint: 401669 ns, At safepoint: 15234 ns, Total: 416903 ns
[2023-07-18T01:02:04.992+0000][67][info ][safepoint   ] Safepoint "Cleanup", Time since last: 3002952146 ns, Reaching safepoint: 409670 ns, At safepoint: 14267 ns, Total: 423937 ns
[2023-07-18T01:02:08.439+0000][67][info ][safepoint   ] Safepoint "Cleanup", Time since last: 3446903731 ns, Reaching safepoint: 343349 ns, At safepoint: 7614 ns, Total: 350963 ns
[2023-07-18T01:02:09.442+0000][67][info ][safepoint   ] Safepoint "Cleanup", Time since last: 1002563959 ns, Reaching safepoint: 359780 ns, At safepoint: 6488 ns, Total: 366268 ns
[2023-07-18T01:02:10.445+0000][67][info ][safepoint   ] Safepoint "Cleanup", Time since last: 1002637462 ns, Reaching safepoint: 342525 ns, At safepoint: 6378 ns, Total: 348903 ns
[2023-07-18T01:02:11.786+0000][67][info ][safepoint   ] Safepoint "Cleanup", Time since last: 1341168175 ns, Reaching safepoint: 104353 ns, At safepoint: 5267 ns, Total: 109620 ns
[2023-07-18T01:02:12.877+0000][67][info ][safepoint   ] Safepoint "Cleanup", Time since last: 1091097108 ns, Reaching safepoint: 172719 ns, At safepoint: 14270 ns, Total: 186989 ns
[2023-07-18T01:02:13.880+0000][67][info ][safepoint   ] Safepoint "Cleanup", Time since last: 1002071225 ns, Reaching safepoint: 421182 ns, At safepoint: 5815 ns, Total: 426997 ns
[2023-07-18T01:02:14.884+0000][67][info ][safepoint   ] Safepoint "Cleanup", Time since last: 1003227128 ns, Reaching safepoint: 716980 ns, At safepoint: 23685 ns, Total: 740665 ns
[2023-07-18T01:02:17.276+0000][67][info ][safepoint   ] Safepoint "Cleanup", Time since last: 2391278270 ns, Reaching safepoint: 250810 ns, At safepoint: 41335 ns, Total: 292145 ns
[2023-07-18T01:02:18.279+0000][67][info ][safepoint   ] Safepoint "Cleanup", Time since last: 1002802677 ns, Reaching safepoint: 432244 ns, At safepoint: 71275 ns, Total: 503519 ns
[2023-07-18T01:02:19.432+0000][67][info ][safepoint   ] Safepoint "Cleanup", Time since last: 1153253562 ns, Reaching safepoint: 341111 ns, At safepoint: 7231 ns, Total: 348342 ns
[2023-07-18T01:02:20.435+0000][67][info ][safepoint   ] Safepoint "Cleanup", Time since last: 1002607057 ns, Reaching safepoint: 374598 ns, At safepoint: 16230 ns, Total: 390828 ns
[2023-07-18T01:02:23.032+0000][67][info ][safepoint   ] Safepoint "Cleanup", Time since last: 2596486278 ns, Reaching safepoint: 280092 ns, At safepoint: 48227 ns, Total: 328319 ns
[2023-07-18T01:02:26.754+0000][67][info ][safepoint   ] Safepoint "Cleanup", Time since last: 3721903151 ns, Reaching safepoint: 339126 ns, At safepoint: 6995 ns, Total: 346121 ns
[2023-07-18T01:02:29.038+0000][67][info ][safepoint   ] Safepoint "Cleanup", Time since last: 2283519321 ns, Reaching safepoint: 375326 ns, At safepoint: 47995 ns, Total: 423321 ns
[2023-07-18T01:02:30.049+0000][67][info ][safepoint   ] Safepoint "Cleanup", Time since last: 1010630680 ns, Reaching safepoint: 164292 ns, At safepoint: 167637 ns, Total: 331929 ns
[2023-07-18T01:02:31.593+0000][67][info ][safepoint   ] Safepoint "Cleanup", Time since last: 1543632336 ns, Reaching safepoint: 347465 ns, At safepoint: 7235 ns, Total: 354700 ns
[2023-07-18T01:02:35.054+0000][67][info ][safepoint   ] Safepoint "Cleanup", Time since last: 3460044414 ns, Reaching safepoint: 382289 ns, At safepoint: 19022 ns, Total: 401311 ns
[2023-07-18T01:02:37.532+0000][67][info ][safepoint   ] Safepoint "Cleanup", Time since last: 2477866525 ns, Reaching safepoint: 659977 ns, At safepoint: 24634 ns, Total: 684611 ns
[2023-07-18T01:02:41.836+0000][67][info ][safepoint   ] Safepoint "Cleanup", Time since last: 4303590021 ns, Reaching safepoint: 280721 ns, At safepoint: 51344 ns, Total: 332065 ns
[2023-07-18T01:02:43.084+0000][67][info ][safepoint   ] Safepoint "Cleanup", Time since last: 1247583837 ns, Reaching safepoint: 279668 ns, At safepoint: 112855 ns, Total: 392523 ns
[2023-07-18T01:02:47.071+0000][67][info ][safepoint   ] Safepoint "Cleanup", Time since last: 3986568138 ns, Reaching safepoint: 359709 ns, At safepoint: 58107 ns, Total: 417816 ns
[2023-07-18T01:02:48.171+0000][67][info ][safepoint   ] Safepoint "Cleanup", Time since last: 1099546650 ns, Reaching safepoint: 296958 ns, At safepoint: 6457 ns, Total: 303415 ns
[2023-07-18T01:02:49.412+0000][67][info ][safepoint   ] Safepoint "Cleanup", Time since last: 1240770875 ns, Reaching safepoint: 279664 ns, At safepoint: 4812 ns, Total: 284476 ns
[2023-07-18T01:02:50.414+0000][67][info ][safepoint   ] Safepoint "Cleanup", Time since last: 1002195625 ns, Reaching safepoint: 304204 ns, At safepoint: 6427 ns, Total: 310631 ns
[2023-07-18T01:02:52.417+0000][67][info ][safepoint   ] Safepoint "Cleanup", Time since last: 2002453023 ns, Reaching safepoint: 634218 ns, At safepoint: 11476 ns, Total: 645694 ns
[2023-07-18T01:02:53.734+0000][67][info ][safepoint   ] Safepoint "Cleanup", Time since last: 1316022868 ns, Reaching safepoint: 384727 ns, At safepoint: 44120 ns, Total: 428847 ns
[2023-07-18T01:02:54.830+0000][67][info ][safepoint   ] Safepoint "Cleanup", Time since last: 1095841116 ns, Reaching safepoint: 371065 ns, At safepoint: 18038 ns, Total: 389103 ns
[2023-07-18T01:02:56.833+0000][67][info ][safepoint   ] Safepoint "Cleanup", Time since last: 2002659236 ns, Reaching safepoint: 347698 ns, At safepoint: 6891 ns, Total: 354589 ns
[2023-07-18T01:02:59.045+0000][67][info ][safepoint   ] Safepoint "Cleanup", Time since last: 2211985386 ns, Reaching safepoint: 155517 ns, At safepoint: 52776 ns, Total: 208293 ns
[2023-07-18T01:03:00.165+0000][67][info ][safepoint   ] Safepoint "Cleanup", Time since last: 1118740795 ns, Reaching safepoint: 578351 ns, At safepoint: 71769 ns, Total: 650120 ns
[2023-07-18T01:03:05.051+0000][67][info ][safepoint   ] Safepoint "Cleanup", Time since last: 4886300347 ns, Reaching safepoint: 69687 ns, At safepoint: 65071 ns, Total: 134758 ns
[2023-07-18T01:03:06.715+0000][67][info ][safepoint   ] Safepoint "Cleanup", Time since last: 1663014613 ns, Reaching safepoint: 359064 ns, At safepoint: 7034 ns, Total: 366098 ns
[2023-07-18T01:03:08.718+0000][67][info ][safepoint   ] Safepoint "Cleanup", Time since last: 2002946761 ns, Reaching safepoint: 194414 ns, At safepoint: 5160 ns, Total: 199574 ns
[2023-07-18T01:03:11.095+0000][67][info ][safepoint   ] Safepoint "Cleanup", Time since last: 2377207190 ns, Reaching safepoint: 303278 ns, At safepoint: 97492 ns, Total: 400770 ns
[2023-07-18T01:03:12.096+0000][67][info ][safepoint   ] Safepoint "Cleanup", Time since last: 1000631112 ns, Reaching safepoint: 355424 ns, At safepoint: 11874 ns, Total: 367298 ns
[2023-07-18T01:03:13.254+0000][67][info ][safepoint   ] Safepoint "Cleanup", Time since last: 1156906597 ns, Reaching safepoint: 600511 ns, At safepoint: 8567 ns, Total: 609078 ns
[2023-07-18T01:03:14.934+0000][67][info ][safepoint   ] Safepoint "Cleanup", Time since last: 1679694547 ns, Reaching safepoint: 398591 ns, At safepoint: 25544 ns, Total: 424135 ns
[2023-07-18T01:03:19.960+0000][67][info ][safepoint   ] Safepoint "Cleanup", Time since last: 5025966269 ns, Reaching safepoint: 267004 ns, At safepoint: 4845 ns, Total: 271849 ns
[2023-07-18T01:03:21.963+0000][67][info ][safepoint   ] Safepoint "Cleanup", Time since last: 2002269618 ns, Reaching safepoint: 464120 ns, At safepoint: 26595 ns, Total: 490715 ns
[2023-07-18T01:03:22.462+0000][67][info ][safepoint   ] Safepoint "ICBufferFull", Time since last: 498714576 ns, Reaching safepoint: 418635 ns, At safepoint: 13996 ns, Total: 432631 ns
[2023-07-18T01:03:24.179+0000][67][info ][safepoint   ] Safepoint "Cleanup", Time since last: 1716926226 ns, Reaching safepoint: 390179 ns, At safepoint: 5783 ns, Total: 395962 ns
[2023-07-18T01:03:25.326+0000][67][info ][safepoint   ] Safepoint "Cleanup", Time since last: 1146652754 ns, Reaching safepoint: 416110 ns, At safepoint: 6353 ns, Total: 422463 ns
[2023-07-18T01:03:26.329+0000][67][info ][safepoint   ] Safepoint "Cleanup", Time since last: 1002470105 ns, Reaching safepoint: 575625 ns, At safepoint: 15638 ns, Total: 591263 ns
[2023-07-18T01:03:29.084+0000][67][info ][safepoint   ] Safepoint "Cleanup", Time since last: 2754019845 ns, Reaching safepoint: 317640 ns, At safepoint: 45602 ns, Total: 363242 ns
[2023-07-18T01:03:30.727+0000][67][info ][safepoint   ] Safepoint "Cleanup", Time since last: 1642596928 ns, Reaching safepoint: 394692 ns, At safepoint: 18387 ns, Total: 413079 ns
[2023-07-18T01:03:31.730+0000][67][info ][safepoint   ] Safepoint "Cleanup", Time since last: 1002434538 ns, Reaching safepoint: 517035 ns, At safepoint: 10880 ns, Total: 527915 ns
[2023-07-18T01:03:32.733+0000][67][info ][safepoint   ] Safepoint "Cleanup", Time since last: 1002541577 ns, Reaching safepoint: 465211 ns, At safepoint: 6515 ns, Total: 471726 ns
[2023-07-18T01:03:35.045+0000][67][info ][safepoint   ] Safepoint "Cleanup", Time since last: 2311577473 ns, Reaching safepoint: 335913 ns, At safepoint: 48891 ns, Total: 384804 ns
[2023-07-18T01:03:36.440+0000][67][info ][safepoint   ] Safepoint "Cleanup", Time since last: 1394751989 ns, Reaching safepoint: 249394 ns, At safepoint: 47622 ns, Total: 297016 ns
[2023-07-18T01:03:37.697+0000][67][info ][safepoint   ] Safepoint "Cleanup", Time since last: 1257347212 ns, Reaching safepoint: 271297 ns, At safepoint: 5251 ns, Total: 276548 ns
[2023-07-18T01:03:38.700+0000][67][info ][safepoint   ] Safepoint "Cleanup", Time since last: 1002043156 ns, Reaching safepoint: 524305 ns, At safepoint: 10383 ns, Total: 534688 ns
[2023-07-18T01:03:41.057+0000][67][info ][safepoint   ] Safepoint "Cleanup", Time since last: 2357166407 ns, Reaching safepoint: 259328 ns, At safepoint: 5794 ns, Total: 265122 ns
[2023-07-18T01:03:43.040+0000][67][info ][safepoint   ] Safepoint "Cleanup", Time since last: 1982185785 ns, Reaching safepoint: 613592 ns, At safepoint: 9771 ns, Total: 623363 ns
[2023-07-18T01:03:44.043+0000][67][info ][safepoint   ] Safepoint "Cleanup", Time since last: 1002692299 ns, Reaching safepoint: 412385 ns, At safepoint: 6595 ns, Total: 418980 ns
[2023-07-18T01:03:46.046+0000][67][info ][safepoint   ] Safepoint "Cleanup", Time since last: 2002692785 ns, Reaching safepoint: 281660 ns, At safepoint: 6662 ns, Total: 288322 ns
[2023-07-18T01:03:47.048+0000][67][info ][safepoint   ] Safepoint "Cleanup", Time since last: 1001751821 ns, Reaching safepoint: 397905 ns, At safepoint: 25046 ns, Total: 422951 ns
[2023-07-18T01:03:48.364+0000][67][info ][safepoint   ] Safepoint "Cleanup", Time since last: 1315348147 ns, Reaching safepoint: 55125 ns, At safepoint: 54258 ns, Total: 109383 ns
[2023-07-18T01:03:52.456+0000][67][info ][safepoint   ] Safepoint "Cleanup", Time since last: 4091739828 ns, Reaching safepoint: 897223 ns, At safepoint: 23963 ns, Total: 921186 ns
[2023-07-18T01:03:53.745+0000][67][info ][safepoint   ] Safepoint "Cleanup", Time since last: 1288199040 ns, Reaching safepoint: 234822 ns, At safepoint: 76026 ns, Total: 310848 ns
[2023-07-18T01:03:56.059+0000][67][info ][safepoint   ] Safepoint "Cleanup", Time since last: 2313468306 ns, Reaching safepoint: 246615 ns, At safepoint: 47400 ns, Total: 294015 ns
[2023-07-18T01:03:57.147+0000][67][info ][safepoint   ] Safepoint "Cleanup", Time since last: 1088316212 ns, Reaching safepoint: 251558 ns, At safepoint: 57835 ns, Total: 309393 ns
[2023-07-18T01:03:58.553+0000][67][info ][safepoint   ] Safepoint "Cleanup", Time since last: 1405780469 ns, Reaching safepoint: 220795 ns, At safepoint: 58981 ns, Total: 279776 ns
[2023-07-18T01:04:00.000+0000][67][info ][safepoint   ] Safepoint "Cleanup", Time since last: 1446680227 ns, Reaching safepoint: 172976 ns, At safepoint: 20141 ns, Total: 193117 ns
[2023-07-18T01:04:01.102+0000][67][info ][safepoint   ] Safepoint "Cleanup", Time since last: 1101619862 ns, Reaching safepoint: 268111 ns, At safepoint: 4749 ns, Total: 272860 ns
[2023-07-18T01:04:02.104+0000][67][info ][safepoint   ] Safepoint "Cleanup", Time since last: 1001844752 ns, Reaching safepoint: 440028 ns, At safepoint: 21268 ns, Total: 461296 ns
[2023-07-18T01:04:07.524+0000][67][info ][safepoint   ] Safepoint "Cleanup", Time since last: 5419356547 ns, Reaching safepoint: 358722 ns, At safepoint: 7251 ns, Total: 365973 ns
[2023-07-18T01:04:08.527+0000][67][info ][safepoint   ] Safepoint "Cleanup", Time since last: 1002818956 ns, Reaching safepoint: 326035 ns, At safepoint: 4992 ns, Total: 331027 ns
[2023-07-18T01:04:10.530+0000][67][info ][safepoint   ] Safepoint "Cleanup", Time since last: 2002215630 ns, Reaching safepoint: 397366 ns, At safepoint: 17164 ns, Total: 414530 ns
[2023-07-18T01:04:11.827+0000][67][info ][safepoint   ] Safepoint "Cleanup", Time since last: 1296146490 ns, Reaching safepoint: 282747 ns, At safepoint: 59828 ns, Total: 342575 ns
[2023-07-18T01:04:14.917+0000][67][info ][safepoint   ] Safepoint "Cleanup", Time since last: 3090678320 ns, Reaching safepoint: 297905 ns, At safepoint: 7273 ns, Total: 305178 ns
[2023-07-18T01:04:18.234+0000][67][info ][safepoint   ] Safepoint "Cleanup", Time since last: 3315962671 ns, Reaching safepoint: 178899 ns, At safepoint: 5440 ns, Total: 184339 ns
[2023-07-18T01:04:19.492+0000][67][info ][safepoint   ] Safepoint "Cleanup", Time since last: 1258100174 ns, Reaching safepoint: 442966 ns, At safepoint: 145520 ns, Total: 588486 ns
[2023-07-18T01:04:20.507+0000][67][info ][safepoint   ] Safepoint "Cleanup", Time since last: 1014165746 ns, Reaching safepoint: 632900 ns, At safepoint: 10825 ns, Total: 643725 ns
[2023-07-18T01:04:30.142+0000][67][info ][safepoint   ] Safepoint "Cleanup", Time since last: 9634692113 ns, Reaching safepoint: 302965 ns, At safepoint: 12498 ns, Total: 315463 ns
[2023-07-18T01:04:37.005+0000][67][info ][safepoint   ] Safepoint "Cleanup", Time since last: 6862461665 ns, Reaching safepoint: 213758 ns, At safepoint: 47434 ns, Total: 261192 ns
[2023-07-18T01:04:38.039+0000][67][info ][safepoint   ] Safepoint "Cleanup", Time since last: 1033634487 ns, Reaching safepoint: 314562 ns, At safepoint: 17487 ns, Total: 332049 ns
[2023-07-18T01:04:40.041+0000][67][info ][safepoint   ] Safepoint "Cleanup", Time since last: 2002188467 ns, Reaching safepoint: 194846 ns, At safepoint: 5538 ns, Total: 200384 ns
[2023-07-18T01:04:41.043+0000][67][info ][safepoint   ] Safepoint "Cleanup", Time since last: 1001945923 ns, Reaching safepoint: 407386 ns, At safepoint: 16938 ns, Total: 424324 ns
[2023-07-18T01:04:42.696+0000][67][info ][safepoint   ] Safepoint "Cleanup", Time since last: 1652571383 ns, Reaching safepoint: 266782 ns, At safepoint: 53234 ns, Total: 320016 ns
[2023-07-18T01:04:44.574+0000][67][info ][safepoint   ] Safepoint "Cleanup", Time since last: 1877821048 ns, Reaching safepoint: 302833 ns, At safepoint: 9937 ns, Total: 312770 ns
[2023-07-18T01:04:45.583+0000][67][info ][safepoint   ] Safepoint "Cleanup", Time since last: 1008592242 ns, Reaching safepoint: 434912 ns, At safepoint: 62187 ns, Total: 497099 ns
[2023-07-18T01:04:47.134+0000][67][info ][safepoint   ] Safepoint "Cleanup", Time since last: 1541995928 ns, Reaching safepoint: 8392589 ns, At safepoint: 111383 ns, Total: 8503972 ns
[2023-07-18T01:04:50.110+0000][67][info ][safepoint   ] Safepoint "Cleanup", Time since last: 2975723579 ns, Reaching safepoint: 335358 ns, At safepoint: 5291 ns, Total: 340649 ns
[2023-07-18T01:04:55.978+0000][67][info ][safepoint   ] Safepoint "Cleanup", Time since last: 5867988545 ns, Reaching safepoint: 355583 ns, At safepoint: 6777 ns, Total: 362360 ns
[2023-07-18T01:04:58.982+0000][67][info ][safepoint   ] Safepoint "Cleanup", Time since last: 3003336898 ns, Reaching safepoint: 222316 ns, At safepoint: 61169 ns, Total: 283485 ns
[2023-07-18T01:05:00.184+0000][67][info ][safepoint   ] Safepoint "Cleanup", Time since last: 1201901244 ns, Reaching safepoint: 355751 ns, At safepoint: 6921 ns, Total: 362672 ns
[2023-07-18T01:05:02.777+0000][67][info ][safepoint   ] Safepoint "Cleanup", Time since last: 2592408196 ns, Reaching safepoint: 359817 ns, At safepoint: 52500 ns, Total: 412317 ns
[2023-07-18T01:05:03.798+0000][67][info ][safepoint   ] Safepoint "Cleanup", Time since last: 1020761018 ns, Reaching safepoint: 337806 ns, At safepoint: 56946 ns, Total: 394752 ns
[2023-07-18T01:05:05.063+0000][67][info ][safepoint   ] Safepoint "Cleanup", Time since last: 1264635384 ns, Reaching safepoint: 281776 ns, At safepoint: 56731 ns, Total: 338507 ns
[2023-07-18T01:05:06.120+0000][67][info ][safepoint   ] Safepoint "Cleanup", Time since last: 1056828828 ns, Reaching safepoint: 270013 ns, At safepoint: 54147 ns, Total: 324160 ns
[2023-07-18T01:05:07.931+0000][67][info ][safepoint   ] Safepoint "Cleanup", Time since last: 1810062325 ns, Reaching safepoint: 280813 ns, At safepoint: 8897 ns, Total: 289710 ns
[2023-07-18T01:05:09.519+0000][67][info ][safepoint   ] Safepoint "Cleanup", Time since last: 1587715537 ns, Reaching safepoint: 263708 ns, At safepoint: 6838 ns, Total: 270546 ns
[2023-07-18T01:05:10.521+0000][67][info ][safepoint   ] Safepoint "Cleanup", Time since last: 1002349353 ns, Reaching safepoint: 137767 ns, At safepoint: 4723 ns, Total: 142490 ns
[2023-07-18T01:05:12.157+0000][67][info ][safepoint   ] Safepoint "Cleanup", Time since last: 1635236774 ns, Reaching safepoint: 415153 ns, At safepoint: 16671 ns, Total: 431824 ns
[2023-07-18T01:05:15.265+0000][67][info ][safepoint   ] Safepoint "Cleanup", Time since last: 3107465993 ns, Reaching safepoint: 858920 ns, At safepoint: 66649 ns, Total: 925569 ns
[2023-07-18T01:05:17.571+0000][67][info ][safepoint   ] Safepoint "Cleanup", Time since last: 2305949239 ns, Reaching safepoint: 249927 ns, At safepoint: 41484 ns, Total: 291411 ns
[2023-07-18T01:05:19.032+0000][67][info ][safepoint   ] Safepoint "Cleanup", Time since last: 1460760210 ns, Reaching safepoint: 262737 ns, At safepoint: 41269 ns, Total: 304006 ns
[2023-07-18T01:05:20.039+0000][67][info ][safepoint   ] Safepoint "Cleanup", Time since last: 1006762748 ns, Reaching safepoint: 236906 ns, At safepoint: 5987 ns, Total: 242893 ns
[2023-07-18T01:05:23.042+0000][67][info ][safepoint   ] Safepoint "Cleanup", Time since last: 3002669457 ns, Reaching safepoint: 379435 ns, At safepoint: 14748 ns, Total: 394183 ns
[2023-07-18T01:05:24.155+0000][67][info ][safepoint   ] Safepoint "Cleanup", Time since last: 1111981797 ns, Reaching safepoint: 618303 ns, At safepoint: 9907 ns, Total: 628210 ns
[2023-07-18T01:05:29.073+0000][67][info ][safepoint   ] Safepoint "Cleanup", Time since last: 4917216110 ns, Reaching safepoint: 320922 ns, At safepoint: 44499 ns, Total: 365421 ns
[2023-07-18T01:05:30.177+0000][67][info ][safepoint   ] Safepoint "Cleanup", Time since last: 1103673706 ns, Reaching safepoint: 409138 ns, At safepoint: 54146 ns, Total: 463284 ns
[2023-07-18T01:05:32.057+0000][67][info ][safepoint   ] Safepoint "Cleanup", Time since last: 1879964675 ns, Reaching safepoint: 539979 ns, At safepoint: 10039 ns, Total: 550018 ns
[2023-07-18T01:05:36.177+0000][67][info ][safepoint   ] Safepoint "Cleanup", Time since last: 4119040713 ns, Reaching safepoint: 307669 ns, At safepoint: 5188 ns, Total: 312857 ns
[2023-07-18T01:05:37.391+0000][67][info ][safepoint   ] Safepoint "Cleanup", Time since last: 1213287963 ns, Reaching safepoint: 545552 ns, At safepoint: 26556 ns, Total: 572108 ns
[2023-07-18T01:05:38.394+0000][67][info ][safepoint   ] Safepoint "Cleanup", Time since last: 1003194215 ns, Reaching safepoint: 570119 ns, At safepoint: 12622 ns, Total: 582741 ns
[2023-07-18T01:05:40.399+0000][67][info ][safepoint   ] Safepoint "Cleanup", Time since last: 2003908034 ns, Reaching safepoint: 290178 ns, At safepoint: 5714 ns, Total: 295892 ns
[2023-07-18T01:05:41.678+0000][67][info ][safepoint   ] Safepoint "Cleanup", Time since last: 1279917774 ns, Reaching safepoint: 327047 ns, At safepoint: 58541 ns, Total: 385588 ns
[2023-07-18T01:05:47.306+0000][67][info ][safepoint   ] Safepoint "Cleanup", Time since last: 5627348870 ns, Reaching safepoint: 346002 ns, At safepoint: 141690 ns, Total: 487692 ns
[2023-07-18T01:05:48.519+0000][67][info ][safepoint   ] Safepoint "Cleanup", Time since last: 1212019918 ns, Reaching safepoint: 649737 ns, At safepoint: 89271 ns, Total: 739008 ns
[2023-07-18T01:05:50.758+0000][67][info ][safepoint   ] Safepoint "Cleanup", Time since last: 2237868180 ns, Reaching safepoint: 626466 ns, At safepoint: 11275 ns, Total: 637741 ns
[2023-07-18T01:05:53.074+0000][67][info ][safepoint   ] Safepoint "Cleanup", Time since last: 2315922210 ns, Reaching safepoint: 321070 ns, At safepoint: 48632 ns, Total: 369702 ns
[2023-07-18T01:05:54.094+0000][67][info ][safepoint   ] Safepoint "Cleanup", Time since last: 1020571117 ns, Reaching safepoint: 90946 ns, At safepoint: 4936 ns, Total: 95882 ns
[2023-07-18T01:05:59.544+0000][67][info ][safepoint   ] Safepoint "Cleanup", Time since last: 5449491877 ns, Reaching safepoint: 297324 ns, At safepoint: 44273 ns, Total: 341597 ns
[2023-07-18T01:06:05.093+0000][67][info ][safepoint   ] Safepoint "Cleanup", Time since last: 5548543715 ns, Reaching safepoint: 284746 ns, At safepoint: 43064 ns, Total: 327810 ns
[2023-07-18T01:06:07.049+0000][67][info ][safepoint   ] Safepoint "Cleanup", Time since last: 1955587971 ns, Reaching safepoint: 468030 ns, At safepoint: 19549 ns, Total: 487579 ns
[2023-07-18T01:06:08.053+0000][67][info ][safepoint   ] Safepoint "Cleanup", Time since last: 1003013301 ns, Reaching safepoint: 289196 ns, At safepoint: 6816 ns, Total: 296012 ns
[2023-07-18T01:06:11.056+0000][67][info ][safepoint   ] Safepoint "Cleanup", Time since last: 3002533960 ns, Reaching safepoint: 492720 ns, At safepoint: 57903 ns, Total: 550623 ns
[2023-07-18T01:06:17.061+0000][67][info ][safepoint   ] Safepoint "Cleanup", Time since last: 6004397839 ns, Reaching safepoint: 387990 ns, At safepoint: 81974 ns, Total: 469964 ns
[2023-07-18T01:06:18.832+0000][67][info ][safepoint   ] Safepoint "Cleanup", Time since last: 1770736430 ns, Reaching safepoint: 619556 ns, At safepoint: 15917 ns, Total: 635473 ns
[2023-07-18T01:06:19.835+0000][67][info ][safepoint   ] Safepoint "Cleanup", Time since last: 1002540145 ns, Reaching safepoint: 517196 ns, At safepoint: 26869 ns, Total: 544065 ns
[2023-07-18T01:06:23.079+0000][67][info ][safepoint   ] Safepoint "Cleanup", Time since last: 3243483548 ns, Reaching safepoint: 230296 ns, At safepoint: 15927 ns, Total: 246223 ns
[2023-07-18T01:06:24.145+0000][67][info ][safepoint   ] Safepoint "Cleanup", Time since last: 1065791324 ns, Reaching safepoint: 368848 ns, At safepoint: 45047 ns, Total: 413895 ns
[2023-07-18T01:06:25.388+0000][67][info ][safepoint   ] Safepoint "Cleanup", Time since last: 1242689823 ns, Reaching safepoint: 276329 ns, At safepoint: 122835 ns, Total: 399164 ns
[2023-07-18T01:06:26.403+0000][67][info ][safepoint   ] Safepoint "Cleanup", Time since last: 1014382235 ns, Reaching safepoint: 394950 ns, At safepoint: 14714 ns, Total: 409664 ns
[2023-07-18T01:06:28.407+0000][67][info ][safepoint   ] Safepoint "Cleanup", Time since last: 2003286071 ns, Reaching safepoint: 401744 ns, At safepoint: 7258 ns, Total: 409002 ns
[2023-07-18T01:06:29.674+0000][67][info ][safepoint   ] Safepoint "Cleanup", Time since last: 1266842671 ns, Reaching safepoint: 403729 ns, At safepoint: 21156 ns, Total: 424885 ns
[2023-07-18T01:06:30.802+0000][67][info ][safepoint   ] Safepoint "Cleanup", Time since last: 1127094877 ns, Reaching safepoint: 693142 ns, At safepoint: 12670 ns, Total: 705812 ns
[2023-07-18T01:06:32.805+0000][67][info ][safepoint   ] Safepoint "Cleanup", Time since last: 2002780427 ns, Reaching safepoint: 294159 ns, At safepoint: 6109 ns, Total: 300268 ns
[2023-07-18T01:06:34.152+0000][67][info ][safepoint   ] Safepoint "Cleanup", Time since last: 1346654991 ns, Reaching safepoint: 246911 ns, At safepoint: 40616 ns, Total: 287527 ns
[2023-07-18T01:06:35.154+0000][67][info ][safepoint   ] Safepoint "Cleanup", Time since last: 1001421465 ns, Reaching safepoint: 604862 ns, At safepoint: 273970 ns, Total: 878832 ns
[2023-07-18T01:06:36.155+0000][67][info ][safepoint   ] Safepoint "Cleanup", Time since last: 1000731443 ns, Reaching safepoint: 289213 ns, At safepoint: 42015 ns, Total: 331228 ns
[2023-07-18T01:06:37.324+0000][67][info ][safepoint   ] Safepoint "Cleanup", Time since last: 1168378195 ns, Reaching safepoint: 101044 ns, At safepoint: 3868 ns, Total: 104912 ns
[2023-07-18T01:06:38.582+0000][67][info ][safepoint   ] Safepoint "Cleanup", Time since last: 1257795569 ns, Reaching safepoint: 404252 ns, At safepoint: 7605 ns, Total: 411857 ns
[2023-07-18T01:06:39.585+0000][67][info ][safepoint   ] Safepoint "Cleanup", Time since last: 1002304810 ns, Reaching safepoint: 453784 ns, At safepoint: 15873 ns, Total: 469657 ns
[2023-07-18T01:06:41.079+0000][67][info ][safepoint   ] Safepoint "Cleanup", Time since last: 1494896057 ns, Reaching safepoint: 256852 ns, At safepoint: 56534 ns, Total: 313386 ns
[2023-07-18T01:06:42.288+0000][67][info ][safepoint   ] Safepoint "Cleanup", Time since last: 1208051519 ns, Reaching safepoint: 289156 ns, At safepoint: 6794 ns, Total: 295950 ns
[2023-07-18T01:06:44.602+0000][67][info ][safepoint   ] Safepoint "Cleanup", Time since last: 2313639287 ns, Reaching safepoint: 482469 ns, At safepoint: 16292 ns, Total: 498761 ns
[2023-07-18T01:06:47.177+0000][67][info ][safepoint   ] Safepoint "Cleanup", Time since last: 2574028121 ns, Reaching safepoint: 435112 ns, At safepoint: 53022 ns, Total: 488134 ns
[2023-07-18T01:06:53.283+0000][67][info ][safepoint   ] Safepoint "Cleanup", Time since last: 6106152936 ns, Reaching safepoint: 265019 ns, At safepoint: 49043 ns, Total: 314062 ns
[2023-07-18T01:06:54.429+0000][67][info ][safepoint   ] Safepoint "Cleanup", Time since last: 1145551274 ns, Reaching safepoint: 209260 ns, At safepoint: 49943 ns, Total: 259203 ns
[2023-07-18T01:06:56.672+0000][67][info ][safepoint   ] Safepoint "Cleanup", Time since last: 2242866889 ns, Reaching safepoint: 659216 ns, At safepoint: 11406 ns, Total: 670622 ns
[2023-07-18T01:07:01.998+0000][67][info ][safepoint   ] Safepoint "Cleanup", Time since last: 5324967746 ns, Reaching safepoint: 556644 ns, At safepoint: 11529 ns, Total: 568173 ns
[2023-07-18T01:07:05.002+0000][67][info ][safepoint   ] Safepoint "Cleanup", Time since last: 3003457891 ns, Reaching safepoint: 241720 ns, At safepoint: 83272 ns, Total: 324992 ns
[2023-07-18T01:07:07.451+0000][67][info ][safepoint   ] Safepoint "Cleanup", Time since last: 2448556703 ns, Reaching safepoint: 382157 ns, At safepoint: 15643 ns, Total: 397800 ns
[2023-07-18T01:07:09.454+0000][67][info ][safepoint   ] Safepoint "Cleanup", Time since last: 2002809886 ns, Reaching safepoint: 538276 ns, At safepoint: 9144 ns, Total: 547420 ns
[2023-07-18T01:07:10.457+0000][67][info ][safepoint   ] Safepoint "Cleanup", Time since last: 1002643578 ns, Reaching safepoint: 121449 ns, At safepoint: 5394 ns, Total: 126843 ns
[2023-07-18T01:07:12.851+0000][67][info ][safepoint   ] Safepoint "Cleanup", Time since last: 2393696919 ns, Reaching safepoint: 266925 ns, At safepoint: 15580 ns, Total: 282505 ns
[2023-07-18T01:07:14.854+0000][67][info ][safepoint   ] Safepoint "Cleanup", Time since last: 2002594518 ns, Reaching safepoint: 567814 ns, At safepoint: 26003 ns, Total: 593817 ns
[2023-07-18T01:07:18.631+0000][67][info ][safepoint   ] Safepoint "Cleanup", Time since last: 3777003391 ns, Reaching safepoint: 167321 ns, At safepoint: 74094 ns, Total: 241415 ns
[2023-07-18T01:07:20.424+0000][67][info ][safepoint   ] Safepoint "Cleanup", Time since last: 1792742950 ns, Reaching safepoint: 446936 ns, At safepoint: 61105 ns, Total: 508041 ns
[2023-07-18T01:07:21.428+0000][67][info ][safepoint   ] Safepoint "Cleanup", Time since last: 1003356268 ns, Reaching safepoint: 291238 ns, At safepoint: 7129 ns, Total: 298367 ns
[2023-07-18T01:07:23.654+0000][67][info ][safepoint   ] Safepoint "Cleanup", Time since last: 2225504389 ns, Reaching safepoint: 595241 ns, At safepoint: 20920 ns, Total: 616161 ns
[2023-07-18T01:07:32.193+0000][67][info ][safepoint   ] Safepoint "Cleanup", Time since last: 8538829786 ns, Reaching safepoint: 313571 ns, At safepoint: 4812 ns, Total: 318383 ns
[2023-07-18T01:07:33.196+0000][67][info ][safepoint   ] Safepoint "Cleanup", Time since last: 1002328255 ns, Reaching safepoint: 644076 ns, At safepoint: 10349 ns, Total: 654425 ns
[2023-07-18T01:07:35.097+0000][67][info ][safepoint   ] Safepoint "Cleanup", Time since last: 1900147143 ns, Reaching safepoint: 273283 ns, At safepoint: 45206 ns, Total: 318489 ns
[2023-07-18T01:07:37.670+0000][67][info ][safepoint   ] Safepoint "Cleanup", Time since last: 2573521604 ns, Reaching safepoint: 298186 ns, At safepoint: 13709 ns, Total: 311895 ns
[2023-07-18T01:07:42.038+0000][67][info ][safepoint   ] Safepoint "Cleanup", Time since last: 4367374215 ns, Reaching safepoint: 456633 ns, At safepoint: 119744 ns, Total: 576377 ns
[2023-07-18T01:07:47.075+0000][67][info ][safepoint   ] Safepoint "Cleanup", Time since last: 5036196280 ns, Reaching safepoint: 176722 ns, At safepoint: 8944 ns, Total: 185666 ns
[2023-07-18T01:07:48.382+0000][67][info ][safepoint   ] Safepoint "Cleanup", Time since last: 1307433978 ns, Reaching safepoint: 172301 ns, At safepoint: 41722 ns, Total: 214023 ns
[2023-07-18T01:07:49.629+0000][67][info ][safepoint   ] Safepoint "Cleanup", Time since last: 1245865817 ns, Reaching safepoint: 507387 ns, At safepoint: 19607 ns, Total: 526994 ns
[2023-07-18T01:07:53.090+0000][67][info ][safepoint   ] Safepoint "Cleanup", Time since last: 3461273850 ns, Reaching safepoint: 259096 ns, At safepoint: 71768 ns, Total: 330864 ns
[2023-07-18T01:07:54.940+0000][67][info ][safepoint   ] Safepoint "Cleanup", Time since last: 1849641675 ns, Reaching safepoint: 340263 ns, At safepoint: 5732 ns, Total: 345995 ns
[2023-07-18T01:07:55.944+0000][67][info ][safepoint   ] Safepoint "Cleanup", Time since last: 1002915410 ns, Reaching safepoint: 524597 ns, At safepoint: 9350 ns, Total: 533947 ns
[2023-07-18T01:08:00.268+0000][67][info ][safepoint   ] Safepoint "Cleanup", Time since last: 4323533038 ns, Reaching safepoint: 282807 ns, At safepoint: 48291 ns, Total: 331098 ns
[2023-07-18T01:08:05.079+0000][67][info ][safepoint   ] Safepoint "Cleanup", Time since last: 4811383089 ns, Reaching safepoint: 240656 ns, At safepoint: 48402 ns, Total: 289058 ns
[2023-07-18T01:08:06.758+0000][67][info ][safepoint   ] Safepoint "Cleanup", Time since last: 1677916883 ns, Reaching safepoint: 282389 ns, At safepoint: 5122 ns, Total: 287511 ns
[2023-07-18T01:08:09.761+0000][67][info ][safepoint   ] Safepoint "Cleanup", Time since last: 3002687316 ns, Reaching safepoint: 236479 ns, At safepoint: 4312 ns, Total: 240791 ns
[2023-07-18T01:08:13.315+0000][67][info ][safepoint   ] Safepoint "Cleanup", Time since last: 3554322817 ns, Reaching safepoint: 292179 ns, At safepoint: 7845 ns, Total: 300024 ns
[2023-07-18T01:08:17.114+0000][67][info ][safepoint   ] Safepoint "Cleanup", Time since last: 3798959860 ns, Reaching safepoint: 262704 ns, At safepoint: 45490 ns, Total: 308194 ns
[2023-07-18T01:08:21.364+0000][67][info ][safepoint   ] Safepoint "Cleanup", Time since last: 4241661113 ns, Reaching safepoint: 7670784 ns, At safepoint: 312204 ns, Total: 7982988 ns
[2023-07-18T01:08:22.367+0000][67][info ][safepoint   ] Safepoint "Cleanup", Time since last: 1002607438 ns, Reaching safepoint: 365274 ns, At safepoint: 7196 ns, Total: 372470 ns
[2023-07-18T01:08:24.202+0000][67][info ][safepoint   ] Safepoint "Cleanup", Time since last: 1835195285 ns, Reaching safepoint: 260908 ns, At safepoint: 9688 ns, Total: 270596 ns
[2023-07-18T01:08:25.445+0000][67][info ][safepoint   ] Safepoint "Cleanup", Time since last: 1242733309 ns, Reaching safepoint: 393889 ns, At safepoint: 54453 ns, Total: 448342 ns
[2023-07-18T01:08:27.212+0000][67][info ][safepoint   ] Safepoint "Cleanup", Time since last: 1766007067 ns, Reaching safepoint: 463722 ns, At safepoint: 14423 ns, Total: 478145 ns
[2023-07-18T01:08:29.146+0000][67][info ][safepoint   ] Safepoint "Cleanup", Time since last: 1933439007 ns, Reaching safepoint: 680946 ns, At safepoint: 97172 ns, Total: 778118 ns
[2023-07-18T01:08:30.835+0000][67][info ][safepoint   ] Safepoint "Cleanup", Time since last: 1688421616 ns, Reaching safepoint: 314800 ns, At safepoint: 5312 ns, Total: 320112 ns
[2023-07-18T01:08:32.838+0000][67][info ][safepoint   ] Safepoint "Cleanup", Time since last: 2002013030 ns, Reaching safepoint: 661435 ns, At safepoint: 8866 ns, Total: 670301 ns
[2023-07-18T01:08:33.840+0000][67][info ][safepoint   ] Safepoint "Cleanup", Time since last: 1002183836 ns, Reaching safepoint: 488297 ns, At safepoint: 25418 ns, Total: 513715 ns
[2023-07-18T01:08:34.917+0000][67][info ][safepoint   ] Safepoint "Cleanup", Time since last: 1076628902 ns, Reaching safepoint: 133885 ns, At safepoint: 6352 ns, Total: 140237 ns
[2023-07-18T01:08:36.147+0000][67][info ][safepoint   ] Safepoint "Cleanup", Time since last: 1230072563 ns, Reaching safepoint: 307362 ns, At safepoint: 72855 ns, Total: 380217 ns
[2023-07-18T01:08:37.416+0000][67][info ][safepoint   ] Safepoint "Cleanup", Time since last: 1268264062 ns, Reaching safepoint: 211477 ns, At safepoint: 53676 ns, Total: 265153 ns
[2023-07-18T01:08:38.427+0000][67][info ][safepoint   ] Safepoint "Cleanup", Time since last: 1010939391 ns, Reaching safepoint: 525557 ns, At safepoint: 11354 ns, Total: 536911 ns
[2023-07-18T01:08:41.084+0000][67][info ][safepoint   ] Safepoint "Cleanup", Time since last: 2656108560 ns, Reaching safepoint: 406712 ns, At safepoint: 69724 ns, Total: 476436 ns
[2023-07-18T01:08:42.750+0000][67][info ][safepoint   ] Safepoint "Cleanup", Time since last: 1665478531 ns, Reaching safepoint: 617965 ns, At safepoint: 11342 ns, Total: 629307 ns
[2023-07-18T01:08:44.753+0000][67][info ][safepoint   ] Safepoint "Cleanup", Time since last: 2003015086 ns, Reaching safepoint: 300624 ns, At safepoint: 7283 ns, Total: 307907 ns
[2023-07-18T01:08:47.419+0000][67][info ][safepoint   ] Safepoint "Cleanup", Time since last: 2665602682 ns, Reaching safepoint: 250410 ns, At safepoint: 47970 ns, Total: 298380 ns
[2023-07-18T01:08:50.236+0000][67][info ][safepoint   ] Safepoint "Cleanup", Time since last: 2815928917 ns, Reaching safepoint: 652512 ns, At safepoint: 15673 ns, Total: 668185 ns
[2023-07-18T01:08:51.239+0000][67][info ][safepoint   ] Safepoint "Cleanup", Time since last: 1002488730 ns, Reaching safepoint: 450123 ns, At safepoint: 20373 ns, Total: 470496 ns
[2023-07-18T01:08:53.571+0000][67][info ][safepoint   ] Safepoint "Cleanup", Time since last: 2331915108 ns, Reaching safepoint: 297994 ns, At safepoint: 118509 ns, Total: 416503 ns
[2023-07-18T01:08:59.071+0000][67][info ][safepoint   ] Safepoint "Cleanup", Time since last: 5499304220 ns, Reaching safepoint: 314210 ns, At safepoint: 15332 ns, Total: 329542 ns
[2023-07-18T01:09:00.362+0000][67][info ][safepoint   ] Safepoint "Cleanup", Time since last: 1290436557 ns, Reaching safepoint: 290800 ns, At safepoint: 158722 ns, Total: 449522 ns
[2023-07-18T01:09:01.784+0000][67][info ][safepoint   ] Safepoint "Cleanup", Time since last: 1422587590 ns, Reaching safepoint: 170518 ns, At safepoint: 51795 ns, Total: 222313 ns
[2023-07-18T01:09:02.814+0000][67][info ][safepoint   ] Safepoint "Cleanup", Time since last: 1029115598 ns, Reaching safepoint: 234368 ns, At safepoint: 41194 ns, Total: 275562 ns
[2023-07-18T01:09:05.056+0000][67][info ][safepoint   ] Safepoint "Cleanup", Time since last: 2241630539 ns, Reaching safepoint: 239830 ns, At safepoint: 17086 ns, Total: 256916 ns
[2023-07-18T01:09:05.058+0000][67][info ][gc,start    ] GC(16) Pause Young (Normal) (G1 Evacuation Pause)
[2023-07-18T01:09:05.059+0000][67][info ][gc,task     ] GC(16) Using 6 workers of 6 for evacuation
[2023-07-18T01:09:05.060+0000][67][debug][gc,age      ] GC(16) Desired survivor size 100663296 bytes, new threshold 15 (max threshold 15)
[2023-07-18T01:09:05.076+0000][67][info ][gc,phases   ] GC(16)   Pre Evacuate Collection Set: 0.4ms
[2023-07-18T01:09:05.078+0000][67][info ][gc,phases   ] GC(16)   Merge Heap Roots: 0.6ms
[2023-07-18T01:09:05.079+0000][67][info ][gc,phases   ] GC(16)   Evacuate Collection Set: 10.2ms
[2023-07-18T01:09:05.080+0000][67][info ][gc,phases   ] GC(16)   Post Evacuate Collection Set: 3.6ms
[2023-07-18T01:09:05.081+0000][67][info ][gc,phases   ] GC(16)   Other: 2.1ms
[2023-07-18T01:09:05.082+0000][67][trace][gc,age      ] GC(16) Age table with threshold 15 (max threshold 15)
[2023-07-18T01:09:05.083+0000][67][trace][gc,age      ] GC(16) - age   1:    2317288 bytes,    2317288 total
[2023-07-18T01:09:05.085+0000][67][trace][gc,age      ] GC(16) - age   2:     389320 bytes,    2706608 total
[2023-07-18T01:09:05.086+0000][67][trace][gc,age      ] GC(16) - age   3:    2056664 bytes,    4763272 total
[2023-07-18T01:09:05.087+0000][67][trace][gc,age      ] GC(16) - age   4:   12002072 bytes,   16765344 total
[2023-07-18T01:09:05.089+0000][67][info ][gc,heap     ] GC(16) Eden regions: 379->0(584)
[2023-07-18T01:09:05.090+0000][67][info ][gc,heap     ] GC(16) Survivor regions: 5->5(48)
[2023-07-18T01:09:05.091+0000][67][info ][gc,heap     ] GC(16) Old regions: 24->24
[2023-07-18T01:09:05.092+0000][67][info ][gc,heap     ] GC(16) Archive regions: 2->2
[2023-07-18T01:09:05.093+0000][67][info ][gc,heap     ] GC(16) Humongous regions: 0->0
[2023-07-18T01:09:05.094+0000][67][info ][gc,metaspace] GC(16) Metaspace: 137481K(140800K)->137481K(140800K) NonClass: 119710K(121408K)->119710K(121408K) Class: 17771K(19392K)->17771K(19392K)
[2023-07-18T01:09:05.095+0000][67][info ][gc          ] GC(16) Pause Young (Normal) (G1 Evacuation Pause) 1632M->114M(3932M) 37.170ms
[2023-07-18T01:09:05.096+0000][67][info ][gc,cpu      ] GC(16) User=0.07s Sys=0.00s Real=0.04s
[2023-07-18T01:09:05.098+0000][67][info ][safepoint   ] Safepoint "G1CollectForAllocation", Time since last: 1733675 ns, Reaching safepoint: 273007 ns, At safepoint: 39852404 ns, Total: 40125411 ns
[2023-07-18T01:09:06.246+0000][67][info ][safepoint   ] Safepoint "Cleanup", Time since last: 1147706820 ns, Reaching safepoint: 448997 ns, At safepoint: 54095 ns, Total: 503092 ns
[2023-07-18T01:09:07.337+0000][67][info ][safepoint   ] Safepoint "Cleanup", Time since last: 1091116145 ns, Reaching safepoint: 528792 ns, At safepoint: 9929 ns, Total: 538721 ns
[2023-07-18T01:09:11.100+0000][67][info ][safepoint   ] Safepoint "Cleanup", Time since last: 3762523986 ns, Reaching safepoint: 279824 ns, At safepoint: 49452 ns, Total: 329276 ns
[2023-07-18T01:09:12.760+0000][67][info ][safepoint   ] Safepoint "Cleanup", Time since last: 1659536162 ns, Reaching safepoint: 413184 ns, At safepoint: 7465 ns, Total: 420649 ns
[2023-07-18T01:09:13.763+0000][67][info ][safepoint   ] Safepoint "Cleanup", Time since last: 1002816513 ns, Reaching safepoint: 481687 ns, At safepoint: 70350 ns, Total: 552037 ns
[2023-07-18T01:09:14.766+0000][67][info ][safepoint   ] Safepoint "Cleanup", Time since last: 1002653628 ns, Reaching safepoint: 362700 ns, At safepoint: 17326 ns, Total: 380026 ns
[2023-07-18T01:09:17.093+0000][67][info ][safepoint   ] Safepoint "Cleanup", Time since last: 2326614689 ns, Reaching safepoint: 339946 ns, At safepoint: 42831 ns, Total: 382777 ns
[2023-07-18T01:09:18.113+0000][67][info ][safepoint   ] Safepoint "Cleanup", Time since last: 1019762610 ns, Reaching safepoint: 171781 ns, At safepoint: 10867 ns, Total: 182648 ns
[2023-07-18T01:09:19.841+0000][67][info ][safepoint   ] Safepoint "Cleanup", Time since last: 1726948339 ns, Reaching safepoint: 497895 ns, At safepoint: 26610 ns, Total: 524505 ns
[2023-07-18T01:09:20.845+0000][67][info ][safepoint   ] Safepoint "Cleanup", Time since last: 1003663391 ns, Reaching safepoint: 235710 ns, At safepoint: 5724 ns, Total: 241434 ns
[2023-07-18T01:09:22.848+0000][67][info ][safepoint   ] Safepoint "Cleanup", Time since last: 2002484644 ns, Reaching safepoint: 339649 ns, At safepoint: 7434 ns, Total: 347083 ns
[2023-07-18T01:09:24.293+0000][67][info ][safepoint   ] Safepoint "Cleanup", Time since last: 1444593993 ns, Reaching safepoint: 373310 ns, At safepoint: 6490 ns, Total: 379800 ns
[2023-07-18T01:09:25.732+0000][67][info ][safepoint   ] Safepoint "Cleanup", Time since last: 1438972248 ns, Reaching safepoint: 393872 ns, At safepoint: 83717 ns, Total: 477589 ns
[2023-07-18T01:09:26.744+0000][67][info ][safepoint   ] Safepoint "Cleanup", Time since last: 1011924282 ns, Reaching safepoint: 492414 ns, At safepoint: 21291 ns, Total: 513705 ns
[2023-07-18T01:09:29.969+0000][67][info ][safepoint   ] Safepoint "Cleanup", Time since last: 3223924610 ns, Reaching safepoint: 244722 ns, At safepoint: 56488 ns, Total: 301210 ns
[2023-07-18T01:09:31.058+0000][67][info ][safepoint   ] Safepoint "Cleanup", Time since last: 1088471260 ns, Reaching safepoint: 340781 ns, At safepoint: 6449 ns, Total: 347230 ns
[2023-07-18T01:09:35.061+0000][67][info ][safepoint   ] Safepoint "Cleanup", Time since last: 4002889427 ns, Reaching safepoint: 115945 ns, At safepoint: 3683 ns, Total: 119628 ns
[2023-07-18T01:09:38.102+0000][67][info ][safepoint   ] Safepoint "Cleanup", Time since last: 3040594302 ns, Reaching safepoint: 373544 ns, At safepoint: 58488 ns, Total: 432032 ns
[2023-07-18T01:09:39.130+0000][67][info ][safepoint   ] Safepoint "Cleanup", Time since last: 1028631148 ns, Reaching safepoint: 166263 ns, At safepoint: 59502 ns, Total: 225765 ns
[2023-07-18T01:09:40.831+0000][67][info ][safepoint   ] Safepoint "Cleanup", Time since last: 1699284794 ns, Reaching safepoint: 655145 ns, At safepoint: 155781 ns, Total: 810926 ns
[2023-07-18T01:09:41.833+0000][67][info ][safepoint   ] Safepoint "Cleanup", Time since last: 1002003488 ns, Reaching safepoint: 277931 ns, At safepoint: 49551 ns, Total: 327482 ns
[2023-07-18T01:09:43.836+0000][67][info ][safepoint   ] Safepoint "Cleanup", Time since last: 2003220444 ns, Reaching safepoint: 336613 ns, At safepoint: 5283 ns, Total: 341896 ns
[2023-07-18T01:09:46.839+0000][67][info ][safepoint   ] Safepoint "Cleanup", Time since last: 3002703120 ns, Reaching safepoint: 395340 ns, At safepoint: 13947 ns, Total: 409287 ns
[2023-07-18T01:09:53.481+0000][67][info ][safepoint   ] Safepoint "Cleanup", Time since last: 6641718096 ns, Reaching safepoint: 138699 ns, At safepoint: 7494 ns, Total: 146193 ns
[2023-07-18T01:10:05.192+0000][67][info ][safepoint   ] Safepoint "Cleanup", Time since last: 11710962300 ns, Reaching safepoint: 165808 ns, At safepoint: 44433 ns, Total: 210241 ns
[2023-07-18T01:10:12.184+0000][67][info ][safepoint   ] Safepoint "Cleanup", Time since last: 6991923300 ns, Reaching safepoint: 469187 ns, At safepoint: 15602 ns, Total: 484789 ns
[2023-07-18T01:10:13.543+0000][67][info ][safepoint   ] Safepoint "Cleanup", Time since last: 1357988602 ns, Reaching safepoint: 970518 ns, At safepoint: 16839 ns, Total: 987357 ns
[2023-07-18T01:10:14.595+0000][67][info ][safepoint   ] Safepoint "Cleanup", Time since last: 1051536917 ns, Reaching safepoint: 251058 ns, At safepoint: 50954 ns, Total: 302012 ns
[2023-07-18T01:10:16.116+0000][67][info ][safepoint   ] Safepoint "Cleanup", Time since last: 1520640120 ns, Reaching safepoint: 314416 ns, At safepoint: 7661 ns, Total: 322077 ns
[2023-07-18T01:10:17.119+0000][67][info ][safepoint   ] Safepoint "Cleanup", Time since last: 1002440824 ns, Reaching safepoint: 170887 ns, At safepoint: 11847 ns, Total: 182734 ns
[2023-07-18T01:10:21.530+0000][67][info ][safepoint   ] Safepoint "Cleanup", Time since last: 4410749979 ns, Reaching safepoint: 355096 ns, At safepoint: 14840 ns, Total: 369936 ns
[2023-07-18T01:10:23.755+0000][67][info ][safepoint   ] Safepoint "Cleanup", Time since last: 2224627387 ns, Reaching safepoint: 436145 ns, At safepoint: 52388 ns, Total: 488533 ns
[2023-07-18T01:10:24.856+0000][67][info ][safepoint   ] Safepoint "Cleanup", Time since last: 1101099813 ns, Reaching safepoint: 260654 ns, At safepoint: 5547 ns, Total: 266201 ns
[2023-07-18T01:10:26.859+0000][67][info ][safepoint   ] Safepoint "Cleanup", Time since last: 2001879266 ns, Reaching safepoint: 401044 ns, At safepoint: 26312 ns, Total: 427356 ns
[2023-07-18T01:10:35.579+0000][67][info ][safepoint   ] Safepoint "Cleanup", Time since last: 8719601694 ns, Reaching safepoint: 320200 ns, At safepoint: 114484 ns, Total: 434684 ns
[2023-07-18T01:10:36.950+0000][67][info ][safepoint   ] Safepoint "Cleanup", Time since last: 1371260122 ns, Reaching safepoint: 281733 ns, At safepoint: 68703 ns, Total: 350436 ns
[2023-07-18T01:10:41.117+0000][67][info ][safepoint   ] Safepoint "Cleanup", Time since last: 4166084325 ns, Reaching safepoint: 329346 ns, At safepoint: 56890 ns, Total: 386236 ns
[2023-07-18T01:10:42.217+0000][67][info ][safepoint   ] Safepoint "Cleanup", Time since last: 1099981019 ns, Reaching safepoint: 452405 ns, At safepoint: 10359 ns, Total: 462764 ns
[2023-07-18T01:10:43.558+0000][67][info ][safepoint   ] Safepoint "Cleanup", Time since last: 1340584301 ns, Reaching safepoint: 359496 ns, At safepoint: 7031 ns, Total: 366527 ns
[2023-07-18T01:10:47.420+0000][67][info ][safepoint   ] Safepoint "Cleanup", Time since last: 3860975713 ns, Reaching safepoint: 186122 ns, At safepoint: 73430 ns, Total: 259552 ns
[2023-07-18T01:10:51.951+0000][67][info ][safepoint   ] Safepoint "Cleanup", Time since last: 4531242746 ns, Reaching safepoint: 231588 ns, At safepoint: 5466 ns, Total: 237054 ns
[2023-07-18T01:10:53.325+0000][67][info ][safepoint   ] Safepoint "Cleanup", Time since last: 1373996871 ns, Reaching safepoint: 311637 ns, At safepoint: 41038 ns, Total: 352675 ns
[2023-07-18T01:10:59.642+0000][67][info ][safepoint   ] Safepoint "Cleanup", Time since last: 6316257742 ns, Reaching safepoint: 363882 ns, At safepoint: 50837 ns, Total: 414719 ns
[2023-07-18T01:11:00.889+0000][67][info ][safepoint   ] Safepoint "Cleanup", Time since last: 1246674568 ns, Reaching safepoint: 336052 ns, At safepoint: 15767 ns, Total: 351819 ns
[2023-07-18T01:11:03.877+0000][67][info ][safepoint   ] Safepoint "Cleanup", Time since last: 2987076865 ns, Reaching safepoint: 333790 ns, At safepoint: 53628 ns, Total: 387418 ns
[2023-07-18T01:11:04.929+0000][67][info ][safepoint   ] Safepoint "Cleanup", Time since last: 1052104183 ns, Reaching safepoint: 476220 ns, At safepoint: 11300 ns, Total: 487520 ns
[2023-07-18T01:11:08.214+0000][67][info ][safepoint   ] Safepoint "Cleanup", Time since last: 3284435016 ns, Reaching safepoint: 435892 ns, At safepoint: 13962 ns, Total: 449854 ns
[2023-07-18T01:11:11.182+0000][67][info ][safepoint   ] Safepoint "Cleanup", Time since last: 2968236036 ns, Reaching safepoint: 273831 ns, At safepoint: 60578 ns, Total: 334409 ns
[2023-07-18T01:11:12.384+0000][67][info ][safepoint   ] Safepoint "Cleanup", Time since last: 1201384769 ns, Reaching safepoint: 531515 ns, At safepoint: 16013 ns, Total: 547528 ns
[2023-07-18T01:11:17.149+0000][67][info ][safepoint   ] Safepoint "Cleanup", Time since last: 4763921613 ns, Reaching safepoint: 171992 ns, At safepoint: 62433 ns, Total: 234425 ns
[2023-07-18T01:11:19.020+0000][67][info ][safepoint   ] Safepoint "Cleanup", Time since last: 1871549851 ns, Reaching safepoint: 287401 ns, At safepoint: 5026 ns, Total: 292427 ns
[2023-07-18T01:11:22.024+0000][67][info ][safepoint   ] Safepoint "Cleanup", Time since last: 3002684094 ns, Reaching safepoint: 512204 ns, At safepoint: 10167 ns, Total: 522371 ns
[2023-07-18T01:11:23.026+0000][67][info ][safepoint   ] Safepoint "Cleanup", Time since last: 1002135344 ns, Reaching safepoint: 59244 ns, At safepoint: 2807 ns, Total: 62051 ns
[2023-07-18T01:11:24.331+0000][67][info ][safepoint   ] Safepoint "Cleanup", Time since last: 1304790731 ns, Reaching safepoint: 364259 ns, At safepoint: 16168 ns, Total: 380427 ns
[2023-07-18T01:11:25.428+0000][67][info ][safepoint   ] Safepoint "Cleanup", Time since last: 1096501564 ns, Reaching safepoint: 203372 ns, At safepoint: 4996 ns, Total: 208368 ns
[2023-07-18T01:11:26.430+0000][67][info ][safepoint   ] Safepoint "Cleanup", Time since last: 1002139035 ns, Reaching safepoint: 542997 ns, At safepoint: 23829 ns, Total: 566826 ns
[2023-07-18T01:11:29.124+0000][67][info ][safepoint   ] Safepoint "Cleanup", Time since last: 2693668361 ns, Reaching safepoint: 302709 ns, At safepoint: 67098 ns, Total: 369807 ns
[2023-07-18T01:11:31.002+0000][67][info ][safepoint   ] Safepoint "Cleanup", Time since last: 1877324195 ns, Reaching safepoint: 171309 ns, At safepoint: 4233 ns, Total: 175542 ns
[2023-07-18T01:11:35.005+0000][67][info ][safepoint   ] Safepoint "Cleanup", Time since last: 4002409314 ns, Reaching safepoint: 178362 ns, At safepoint: 13438 ns, Total: 191800 ns
[2023-07-18T01:11:41.626+0000][67][info ][safepoint   ] Safepoint "Cleanup", Time since last: 6621738347 ns, Reaching safepoint: 174398 ns, At safepoint: 78601 ns, Total: 252999 ns
[2023-07-18T01:11:45.156+0000][67][info ][safepoint   ] Safepoint "Cleanup", Time since last: 3528630161 ns, Reaching safepoint: 750927 ns, At safepoint: 33351 ns, Total: 784278 ns
[2023-07-18T01:11:46.159+0000][67][info ][safepoint   ] Safepoint "Cleanup", Time since last: 1002796138 ns, Reaching safepoint: 563082 ns, At safepoint: 35349 ns, Total: 598431 ns
[2023-07-18T01:11:47.163+0000][67][info ][safepoint   ] Safepoint "Cleanup", Time since last: 1003125700 ns, Reaching safepoint: 664065 ns, At safepoint: 62392 ns, Total: 726457 ns
[2023-07-18T01:11:48.333+0000][67][info ][safepoint   ] Safepoint "Cleanup", Time since last: 1170251172 ns, Reaching safepoint: 202470 ns, At safepoint: 12428 ns, Total: 214898 ns
[2023-07-18T01:11:53.129+0000][67][info ][safepoint   ] Safepoint "Cleanup", Time since last: 4795622134 ns, Reaching safepoint: 267918 ns, At safepoint: 43071 ns, Total: 310989 ns
[2023-07-18T01:11:55.106+0000][67][info ][safepoint   ] Safepoint "Cleanup", Time since last: 1976108403 ns, Reaching safepoint: 718368 ns, At safepoint: 28861 ns, Total: 747229 ns
[2023-07-18T01:12:05.127+0000][67][info ][safepoint   ] Safepoint "Cleanup", Time since last: 10020437159 ns, Reaching safepoint: 240903 ns, At safepoint: 51589 ns, Total: 292492 ns
[2023-07-18T01:12:07.804+0000][67][info ][safepoint   ] Safepoint "Cleanup", Time since last: 2676130095 ns, Reaching safepoint: 601911 ns, At safepoint: 11291 ns, Total: 613202 ns
[2023-07-18T01:12:09.808+0000][67][info ][safepoint   ] Safepoint "Cleanup", Time since last: 2003371185 ns, Reaching safepoint: 969981 ns, At safepoint: 24850 ns, Total: 994831 ns
[2023-07-18T01:12:18.349+0000][67][info ][safepoint   ] Safepoint "Cleanup", Time since last: 8540679891 ns, Reaching safepoint: 471325 ns, At safepoint: 15588 ns, Total: 486913 ns
[2023-07-18T01:12:19.772+0000][67][info ][safepoint   ] Safepoint "Cleanup", Time since last: 1422516606 ns, Reaching safepoint: 280683 ns, At safepoint: 56625 ns, Total: 337308 ns
[2023-07-18T01:12:23.131+0000][67][info ][safepoint   ] Safepoint "Cleanup", Time since last: 3359210821 ns, Reaching safepoint: 68862 ns, At safepoint: 3316 ns, Total: 72178 ns
[2023-07-18T01:12:24.597+0000][67][info ][safepoint   ] Safepoint "Cleanup", Time since last: 1465627607 ns, Reaching safepoint: 207694 ns, At safepoint: 15812 ns, Total: 223506 ns
[2023-07-18T01:12:32.487+0000][67][info ][safepoint   ] Safepoint "Cleanup", Time since last: 7889081415 ns, Reaching safepoint: 600323 ns, At safepoint: 10517 ns, Total: 610840 ns
[2023-07-18T01:12:35.118+0000][67][info ][safepoint   ] Safepoint "Cleanup", Time since last: 2630513858 ns, Reaching safepoint: 319699 ns, At safepoint: 45802 ns, Total: 365501 ns
[2023-07-18T01:12:36.877+0000][67][info ][safepoint   ] Safepoint "Cleanup", Time since last: 1759412130 ns, Reaching safepoint: 186112 ns, At safepoint: 5677 ns, Total: 191789 ns
[2023-07-18T01:12:41.137+0000][67][info ][safepoint   ] Safepoint "Cleanup", Time since last: 4259966353 ns, Reaching safepoint: 324626 ns, At safepoint: 45574 ns, Total: 370200 ns
[2023-07-18T01:12:47.142+0000][67][info ][safepoint   ] Safepoint "Cleanup", Time since last: 6004421430 ns, Reaching safepoint: 71293 ns, At safepoint: 77995 ns, Total: 149288 ns
[2023-07-18T01:12:48.588+0000][67][info ][safepoint   ] Safepoint "Cleanup", Time since last: 1445859513 ns, Reaching safepoint: 83244 ns, At safepoint: 8695 ns, Total: 91939 ns
[2023-07-18T01:12:49.861+0000][67][info ][safepoint   ] Safepoint "Cleanup", Time since last: 1272578569 ns, Reaching safepoint: 419239 ns, At safepoint: 15035 ns, Total: 434274 ns
[2023-07-18T01:12:55.210+0000][67][info ][safepoint   ] Safepoint "Cleanup", Time since last: 5348908532 ns, Reaching safepoint: 352206 ns, At safepoint: 6910 ns, Total: 359116 ns
[2023-07-18T01:12:59.144+0000][67][info ][safepoint   ] Safepoint "Cleanup", Time since last: 3933556444 ns, Reaching safepoint: 289861 ns, At safepoint: 55202 ns, Total: 345063 ns
[2023-07-18T01:13:05.371+0000][67][info ][safepoint   ] Safepoint "Cleanup", Time since last: 6226499490 ns, Reaching safepoint: 315043 ns, At safepoint: 42532 ns, Total: 357575 ns
[2023-07-18T01:13:11.021+0000][67][info ][safepoint   ] Safepoint "Cleanup", Time since last: 5651807348 ns, Reaching safepoint: 172467 ns, At safepoint: 4861 ns, Total: 177328 ns
[2023-07-18T01:13:16.669+0000][67][info ][safepoint   ] Safepoint "Cleanup", Time since last: 5647431393 ns, Reaching safepoint: 300133 ns, At safepoint: 34574 ns, Total: 334707 ns
[2023-07-18T01:13:17.826+0000][67][info ][safepoint   ] Safepoint "Cleanup", Time since last: 1156936111 ns, Reaching safepoint: 247391 ns, At safepoint: 43055 ns, Total: 290446 ns
[2023-07-18T01:13:20.914+0000][67][info ][safepoint   ] Safepoint "Cleanup", Time since last: 3087511683 ns, Reaching safepoint: 315355 ns, At safepoint: 5567 ns, Total: 320922 ns
[2023-07-18T01:13:23.011+0000][67][info ][safepoint   ] Safepoint "Cleanup", Time since last: 2096798806 ns, Reaching safepoint: 227264 ns, At safepoint: 23245 ns, Total: 250509 ns
[2023-07-18T01:13:24.213+0000][67][info ][safepoint   ] Safepoint "Cleanup", Time since last: 1201842274 ns, Reaching safepoint: 233728 ns, At safepoint: 62820 ns, Total: 296548 ns
[2023-07-18T01:13:25.753+0000][67][info ][safepoint   ] Safepoint "Cleanup", Time since last: 1539675604 ns, Reaching safepoint: 236431 ns, At safepoint: 54226 ns, Total: 290657 ns
[2023-07-18T01:13:26.756+0000][67][info ][safepoint   ] Safepoint "Cleanup", Time since last: 1001971595 ns, Reaching safepoint: 499523 ns, At safepoint: 17388 ns, Total: 516911 ns
[2023-07-18T01:13:30.402+0000][67][info ][safepoint   ] Safepoint "Cleanup", Time since last: 3645787122 ns, Reaching safepoint: 228942 ns, At safepoint: 8986 ns, Total: 237928 ns
[2023-07-18T01:13:31.740+0000][67][info ][safepoint   ] Safepoint "Cleanup", Time since last: 1337599081 ns, Reaching safepoint: 350458 ns, At safepoint: 42317 ns, Total: 392775 ns
[2023-07-18T01:13:32.742+0000][67][info ][safepoint   ] Safepoint "Cleanup", Time since last: 1001833900 ns, Reaching safepoint: 335508 ns, At safepoint: 6243 ns, Total: 341751 ns
[2023-07-18T01:13:35.721+0000][67][info ][safepoint   ] Safepoint "Cleanup", Time since last: 2978717691 ns, Reaching safepoint: 97033 ns, At safepoint: 6558 ns, Total: 103591 ns
[2023-07-18T01:13:39.198+0000][67][info ][safepoint   ] Safepoint "Cleanup", Time since last: 3477253035 ns, Reaching safepoint: 371305 ns, At safepoint: 15347 ns, Total: 386652 ns
[2023-07-18T01:13:41.158+0000][67][info ][safepoint   ] Safepoint "Cleanup", Time since last: 1965396118 ns, Reaching safepoint: 403107 ns, At safepoint: 57038 ns, Total: 460145 ns
[2023-07-18T01:13:42.533+0000][67][info ][safepoint   ] Safepoint "Cleanup", Time since last: 1374121791 ns, Reaching safepoint: 429659 ns, At safepoint: 46890 ns, Total: 476549 ns
[2023-07-18T01:13:47.198+0000][67][info ][safepoint   ] Safepoint "Cleanup", Time since last: 4664139488 ns, Reaching safepoint: 892930 ns, At safepoint: 71440 ns, Total: 964370 ns
[2023-07-18T01:13:49.167+0000][67][info ][safepoint   ] Safepoint "Cleanup", Time since last: 1969186178 ns, Reaching safepoint: 238468 ns, At safepoint: 4826 ns, Total: 243294 ns
[2023-07-18T01:13:54.386+0000][67][info ][safepoint   ] Safepoint "Cleanup", Time since last: 5217663342 ns, Reaching safepoint: 687970 ns, At safepoint: 12344 ns, Total: 700314 ns
[2023-07-18T01:13:55.681+0000][67][info ][safepoint   ] Safepoint "Cleanup", Time since last: 1295138064 ns, Reaching safepoint: 289924 ns, At safepoint: 18857 ns, Total: 308781 ns
[2023-07-18T01:14:02.096+0000][67][info ][safepoint   ] Safepoint "Cleanup", Time since last: 6414606979 ns, Reaching safepoint: 291770 ns, At safepoint: 5878 ns, Total: 297648 ns
[2023-07-18T01:14:03.383+0000][67][info ][safepoint   ] Safepoint "Cleanup", Time since last: 1287255486 ns, Reaching safepoint: 68944 ns, At safepoint: 3365 ns, Total: 72309 ns
[2023-07-18T01:14:04.704+0000][67][info ][safepoint   ] Safepoint "Cleanup", Time since last: 1320389618 ns, Reaching safepoint: 287226 ns, At safepoint: 58581 ns, Total: 345807 ns
[2023-07-18T01:14:07.927+0000][67][info ][safepoint   ] Safepoint "Cleanup", Time since last: 3222947797 ns, Reaching safepoint: 178199 ns, At safepoint: 11622 ns, Total: 189821 ns
[2023-07-18T01:14:09.387+0000][67][info ][safepoint   ] Safepoint "Cleanup", Time since last: 1459243140 ns, Reaching safepoint: 454702 ns, At safepoint: 10712 ns, Total: 465414 ns
[2023-07-18T01:14:10.391+0000][67][info ][safepoint   ] Safepoint "Cleanup", Time since last: 1003711754 ns, Reaching safepoint: 551937 ns, At safepoint: 72269 ns, Total: 624206 ns
[2023-07-18T01:14:11.412+0000][67][info ][safepoint   ] Safepoint "Cleanup", Time since last: 1021739402 ns, Reaching safepoint: 103591 ns, At safepoint: 82034 ns, Total: 185625 ns
[2023-07-18T01:14:12.415+0000][67][info ][safepoint   ] Safepoint "Cleanup", Time since last: 1003257774 ns, Reaching safepoint: 139166 ns, At safepoint: 4736 ns, Total: 143902 ns
[2023-07-18T01:14:17.741+0000][67][info ][safepoint   ] Safepoint "Cleanup", Time since last: 5325032750 ns, Reaching safepoint: 377138 ns, At safepoint: 59973 ns, Total: 437111 ns
[2023-07-18T01:14:22.200+0000][67][info ][safepoint   ] Safepoint "Cleanup", Time since last: 4458368538 ns, Reaching safepoint: 566951 ns, At safepoint: 10627 ns, Total: 577578 ns
[2023-07-18T01:14:23.204+0000][67][info ][safepoint   ] Safepoint "Cleanup", Time since last: 1004051701 ns, Reaching safepoint: 362136 ns, At safepoint: 13265 ns, Total: 375401 ns
[2023-07-18T01:14:24.470+0000][67][info ][safepoint   ] Safepoint "Cleanup", Time since last: 1266242520 ns, Reaching safepoint: 107928 ns, At safepoint: 52689 ns, Total: 160617 ns
[2023-07-18T01:14:25.722+0000][67][info ][safepoint   ] Safepoint "Cleanup", Time since last: 1250998306 ns, Reaching safepoint: 391916 ns, At safepoint: 58388 ns, Total: 450304 ns
[2023-07-18T01:14:26.734+0000][67][info ][safepoint   ] Safepoint "Cleanup", Time since last: 1012089984 ns, Reaching safepoint: 314060 ns, At safepoint: 5301 ns, Total: 319361 ns
[2023-07-18T01:14:29.957+0000][67][info ][safepoint   ] Safepoint "Cleanup", Time since last: 3222000058 ns, Reaching safepoint: 233784 ns, At safepoint: 17616 ns, Total: 251400 ns
[2023-07-18T01:14:32.554+0000][67][info ][safepoint   ] Safepoint "Cleanup", Time since last: 2596770831 ns, Reaching safepoint: 326046 ns, At safepoint: 13284 ns, Total: 339330 ns
[2023-07-18T01:14:35.145+0000][67][info ][safepoint   ] Safepoint "Cleanup", Time since last: 2590757177 ns, Reaching safepoint: 247079 ns, At safepoint: 45178 ns, Total: 292257 ns
[2023-07-18T01:14:41.726+0000][67][info ][safepoint   ] Safepoint "Cleanup", Time since last: 6580704344 ns, Reaching safepoint: 377167 ns, At safepoint: 52880 ns, Total: 430047 ns
[2023-07-18T01:14:44.819+0000][67][info ][safepoint   ] Safepoint "Cleanup", Time since last: 3092367045 ns, Reaching safepoint: 453884 ns, At safepoint: 10807 ns, Total: 464691 ns
[2023-07-18T01:14:47.138+0000][67][info ][safepoint   ] Safepoint "Cleanup", Time since last: 2318966433 ns, Reaching safepoint: 269570 ns, At safepoint: 79530 ns, Total: 349100 ns
[2023-07-18T01:14:48.183+0000][67][info ][safepoint   ] Safepoint "Cleanup", Time since last: 1044220487 ns, Reaching safepoint: 132094 ns, At safepoint: 49941 ns, Total: 182035 ns
[2023-07-18T01:14:53.606+0000][67][info ][safepoint   ] Safepoint "Cleanup", Time since last: 5423213082 ns, Reaching safepoint: 96137 ns, At safepoint: 42632 ns, Total: 138769 ns
[2023-07-18T01:14:54.636+0000][67][info ][safepoint   ] Safepoint "Cleanup", Time since last: 1029401283 ns, Reaching safepoint: 351049 ns, At safepoint: 54336 ns, Total: 405385 ns
[2023-07-18T01:14:55.837+0000][67][info ][safepoint   ] Safepoint "Cleanup", Time since last: 1200526348 ns, Reaching safepoint: 342369 ns, At safepoint: 7138 ns, Total: 349507 ns
[2023-07-18T01:15:11.891+0000][67][info ][safepoint   ] Safepoint "Cleanup", Time since last: 16054024345 ns, Reaching safepoint: 269173 ns, At safepoint: 48826 ns, Total: 317999 ns
[2023-07-18T01:15:17.144+0000][67][info ][safepoint   ] Safepoint "Cleanup", Time since last: 5253219835 ns, Reaching safepoint: 413222 ns, At safepoint: 63839 ns, Total: 477061 ns
[2023-07-18T01:15:18.687+0000][67][info ][safepoint   ] Safepoint "Cleanup", Time since last: 1542885342 ns, Reaching safepoint: 137129 ns, At safepoint: 64640 ns, Total: 201769 ns
[2023-07-18T01:15:20.570+0000][67][info ][safepoint   ] Safepoint "Cleanup", Time since last: 1881584138 ns, Reaching safepoint: 572227 ns, At safepoint: 23455 ns, Total: 595682 ns
[2023-07-18T01:15:22.574+0000][67][info ][safepoint   ] Safepoint "Cleanup", Time since last: 2003456886 ns, Reaching safepoint: 513562 ns, At safepoint: 9935 ns, Total: 523497 ns
[2023-07-18T01:15:25.892+0000][67][info ][safepoint   ] Safepoint "Cleanup", Time since last: 3317658357 ns, Reaching safepoint: 343350 ns, At safepoint: 6736 ns, Total: 350086 ns
[2023-07-18T01:15:28.896+0000][67][info ][safepoint   ] Safepoint "Cleanup", Time since last: 3003415316 ns, Reaching safepoint: 553788 ns, At safepoint: 25666 ns, Total: 579454 ns
[2023-07-18T01:15:30.186+0000][67][info ][safepoint   ] Safepoint "Cleanup", Time since last: 1289925700 ns, Reaching safepoint: 338809 ns, At safepoint: 87070 ns, Total: 425879 ns
[2023-07-18T01:15:31.199+0000][67][info ][safepoint   ] Safepoint "Cleanup", Time since last: 1012811131 ns, Reaching safepoint: 180890 ns, At safepoint: 53349 ns, Total: 234239 ns
[2023-07-18T01:15:35.347+0000][67][info ][safepoint   ] Safepoint "Cleanup", Time since last: 4148177257 ns, Reaching safepoint: 265671 ns, At safepoint: 43085 ns, Total: 308756 ns
[2023-07-18T01:15:36.699+0000][67][info ][safepoint   ] Safepoint "Cleanup", Time since last: 1351043777 ns, Reaching safepoint: 1011764 ns, At safepoint: 32845 ns, Total: 1044609 ns
[2023-07-18T01:15:38.096+0000][67][info ][safepoint   ] Safepoint "Cleanup", Time since last: 1396369673 ns, Reaching safepoint: 566315 ns, At safepoint: 25529 ns, Total: 591844 ns
[2023-07-18T01:15:41.104+0000][67][info ][safepoint   ] Safepoint "Cleanup", Time since last: 3004458937 ns, Reaching safepoint: 194387 ns, At safepoint: 4624 ns, Total: 199011 ns
[2023-07-18T01:15:42.820+0000][67][info ][safepoint   ] Safepoint "Cleanup", Time since last: 1715611693 ns, Reaching safepoint: 323305 ns, At safepoint: 43145 ns, Total: 366450 ns
[2023-07-18T01:15:47.160+0000][67][info ][safepoint   ] Safepoint "Cleanup", Time since last: 4340241069 ns, Reaching safepoint: 247645 ns, At safepoint: 40566 ns, Total: 288211 ns
[2023-07-18T01:15:48.935+0000][67][info ][safepoint   ] Safepoint "Cleanup", Time since last: 1774638643 ns, Reaching safepoint: 312564 ns, At safepoint: 8031 ns, Total: 320595 ns
[2023-07-18T01:15:56.311+0000][67][info ][safepoint   ] Safepoint "Cleanup", Time since last: 7375656448 ns, Reaching safepoint: 564248 ns, At safepoint: 10739 ns, Total: 574987 ns
[2023-07-18T01:16:00.950+0000][67][info ][safepoint   ] Safepoint "Cleanup", Time since last: 4638094214 ns, Reaching safepoint: 325289 ns, At safepoint: 43459 ns, Total: 368748 ns
[2023-07-18T01:16:02.825+0000][67][info ][safepoint   ] Safepoint "Cleanup", Time since last: 1874163975 ns, Reaching safepoint: 615883 ns, At safepoint: 26841 ns, Total: 642724 ns
[2023-07-18T01:16:03.828+0000][67][info ][safepoint   ] Safepoint "Cleanup", Time since last: 1002913332 ns, Reaching safepoint: 536538 ns, At safepoint: 11759 ns, Total: 548297 ns
[2023-07-18T01:16:05.160+0000][67][info ][safepoint   ] Safepoint "Cleanup", Time since last: 1332135587 ns, Reaching safepoint: 300538 ns, At safepoint: 42064 ns, Total: 342602 ns
[2023-07-18T01:16:07.123+0000][67][info ][safepoint   ] Safepoint "Cleanup", Time since last: 1961725584 ns, Reaching safepoint: 407993 ns, At safepoint: 7404 ns, Total: 415397 ns
[2023-07-18T01:16:11.124+0000][67][info ][safepoint   ] Safepoint "Cleanup", Time since last: 4003462176 ns, Reaching safepoint: 105934 ns, At safepoint: 3741 ns, Total: 109675 ns
[2023-07-18T01:16:24.295+0000][67][info ][safepoint   ] Safepoint "Cleanup", Time since last: 13170807429 ns, Reaching safepoint: 181062 ns, At safepoint: 138592 ns, Total: 319654 ns
[2023-07-18T01:16:29.162+0000][67][info ][safepoint   ] Safepoint "Cleanup", Time since last: 4867203025 ns, Reaching safepoint: 400137 ns, At safepoint: 54645 ns, Total: 454782 ns
[2023-07-18T01:16:30.767+0000][67][info ][safepoint   ] Safepoint "Cleanup", Time since last: 1603958177 ns, Reaching safepoint: 920421 ns, At safepoint: 23662 ns, Total: 944083 ns
[2023-07-18T01:16:36.452+0000][67][info ][safepoint   ] Safepoint "Cleanup", Time since last: 5684825109 ns, Reaching safepoint: 312235 ns, At safepoint: 59456 ns, Total: 371691 ns
[2023-07-18T01:16:41.167+0000][67][info ][safepoint   ] Safepoint "Cleanup", Time since last: 4713823439 ns, Reaching safepoint: 376811 ns, At safepoint: 71321 ns, Total: 448132 ns
[2023-07-18T01:16:42.260+0000][67][info ][safepoint   ] Safepoint "Cleanup", Time since last: 1092452889 ns, Reaching safepoint: 653055 ns, At safepoint: 13352 ns, Total: 666407 ns
[2023-07-18T01:16:43.665+0000][67][info ][safepoint   ] Safepoint "Cleanup", Time since last: 1405128685 ns, Reaching safepoint: 279044 ns, At safepoint: 5508 ns, Total: 284552 ns
[2023-07-18T01:16:47.669+0000][67][info ][safepoint   ] Safepoint "Cleanup", Time since last: 4003253961 ns, Reaching safepoint: 329951 ns, At safepoint: 68605 ns, Total: 398556 ns
[2023-07-18T01:16:48.970+0000][67][info ][safepoint   ] Safepoint "Cleanup", Time since last: 1301036865 ns, Reaching safepoint: 269381 ns, At safepoint: 57289 ns, Total: 326670 ns
[2023-07-18T01:16:50.068+0000][67][info ][safepoint   ] Safepoint "Cleanup", Time since last: 1097894031 ns, Reaching safepoint: 365637 ns, At safepoint: 10003 ns, Total: 375640 ns
[2023-07-18T01:16:53.365+0000][67][info ][safepoint   ] Safepoint "Cleanup", Time since last: 3295998761 ns, Reaching safepoint: 408018 ns, At safepoint: 51113 ns, Total: 459131 ns
[2023-07-18T01:16:54.367+0000][67][info ][safepoint   ] Safepoint "Cleanup", Time since last: 1001570861 ns, Reaching safepoint: 273325 ns, At safepoint: 46954 ns, Total: 320279 ns
[2023-07-18T01:16:56.450+0000][67][info ][safepoint   ] Safepoint "Cleanup", Time since last: 2083043467 ns, Reaching safepoint: 473843 ns, At safepoint: 26240 ns, Total: 500083 ns
[2023-07-18T01:16:59.771+0000][67][info ][safepoint   ] Safepoint "Cleanup", Time since last: 3320518852 ns, Reaching safepoint: 150285 ns, At safepoint: 8578 ns, Total: 158863 ns
[2023-07-18T01:17:05.172+0000][67][info ][safepoint   ] Safepoint "Cleanup", Time since last: 5400143731 ns, Reaching safepoint: 319345 ns, At safepoint: 106021 ns, Total: 425366 ns
[2023-07-18T01:17:17.204+0000][67][info ][safepoint   ] Safepoint "Cleanup", Time since last: 12032305458 ns, Reaching safepoint: 272506 ns, At safepoint: 96238 ns, Total: 368744 ns
[2023-07-18T01:17:41.173+0000][67][info ][safepoint   ] Safepoint "Cleanup", Time since last: 23968543527 ns, Reaching safepoint: 304129 ns, At safepoint: 45989 ns, Total: 350118 ns
[2023-07-18T01:17:43.306+0000][67][info ][safepoint   ] Safepoint "Cleanup", Time since last: 2132909113 ns, Reaching safepoint: 442673 ns, At safepoint: 30128 ns, Total: 472801 ns
[2023-07-18T01:17:47.180+0000][67][info ][safepoint   ] Safepoint "Cleanup", Time since last: 3873436699 ns, Reaching safepoint: 242311 ns, At safepoint: 48321 ns, Total: 290632 ns
[2023-07-18T01:17:48.402+0000][67][info ][safepoint   ] Safepoint "Cleanup", Time since last: 1221230446 ns, Reaching safepoint: 487791 ns, At safepoint: 22704 ns, Total: 510495 ns
[2023-07-18T01:17:53.989+0000][67][info ][safepoint   ] Safepoint "Cleanup", Time since last: 5587249455 ns, Reaching safepoint: 154830 ns, At safepoint: 53926 ns, Total: 208756 ns
[2023-07-18T01:17:55.240+0000][67][info ][safepoint   ] Safepoint "Cleanup", Time since last: 1250497971 ns, Reaching safepoint: 62169 ns, At safepoint: 2711 ns, Total: 64880 ns
[2023-07-18T01:18:09.017+0000][67][info ][safepoint   ] Safepoint "Cleanup", Time since last: 13776791000 ns, Reaching safepoint: 633440 ns, At safepoint: 26897 ns, Total: 660337 ns
[2023-07-18T01:18:11.021+0000][67][info ][safepoint   ] Safepoint "Cleanup", Time since last: 2003433674 ns, Reaching safepoint: 384668 ns, At safepoint: 12856 ns, Total: 397524 ns
[2023-07-18T01:18:12.320+0000][67][info ][safepoint   ] Safepoint "Cleanup", Time since last: 1298710792 ns, Reaching safepoint: 147155 ns, At safepoint: 54172 ns, Total: 201327 ns
[2023-07-18T01:18:22.305+0000][67][info ][safepoint   ] Safepoint "Cleanup", Time since last: 9984774108 ns, Reaching safepoint: 301062 ns, At safepoint: 5993 ns, Total: 307055 ns
[2023-07-18T01:18:23.652+0000][67][info ][safepoint   ] Safepoint "Cleanup", Time since last: 1347097828 ns, Reaching safepoint: 295983 ns, At safepoint: 42478 ns, Total: 338461 ns
[2023-07-18T01:18:29.192+0000][67][info ][safepoint   ] Safepoint "Cleanup", Time since last: 5539022082 ns, Reaching safepoint: 467028 ns, At safepoint: 59574 ns, Total: 526602 ns
[2023-07-18T01:18:33.671+0000][67][info ][safepoint   ] Safepoint "Cleanup", Time since last: 4479070339 ns, Reaching safepoint: 331954 ns, At safepoint: 6441 ns, Total: 338395 ns
[2023-07-18T01:18:47.429+0000][67][info ][safepoint   ] Safepoint "Cleanup", Time since last: 13757223773 ns, Reaching safepoint: 324254 ns, At safepoint: 76608 ns, Total: 400862 ns
[2023-07-18T01:18:48.618+0000][67][info ][safepoint   ] Safepoint "Cleanup", Time since last: 1189454391 ns, Reaching safepoint: 102114 ns, At safepoint: 82530 ns, Total: 184644 ns
[2023-07-18T01:18:50.095+0000][67][info ][safepoint   ] Safepoint "Cleanup", Time since last: 1476858261 ns, Reaching safepoint: 167223 ns, At safepoint: 65223 ns, Total: 232446 ns
[2023-07-18T01:18:57.433+0000][67][info ][safepoint   ] Safepoint "Cleanup", Time since last: 7336827513 ns, Reaching safepoint: 700772 ns, At safepoint: 24420 ns, Total: 725192 ns
[2023-07-18T01:18:59.196+0000][67][info ][safepoint   ] Safepoint "Cleanup", Time since last: 1762478143 ns, Reaching safepoint: 357034 ns, At safepoint: 55560 ns, Total: 412594 ns
[2023-07-18T01:19:00.820+0000][67][info ][safepoint   ] Safepoint "Cleanup", Time since last: 1623490656 ns, Reaching safepoint: 459526 ns, At safepoint: 10032 ns, Total: 469558 ns
[2023-07-18T01:19:06.125+0000][67][info ][safepoint   ] Safepoint "Cleanup", Time since last: 5304684755 ns, Reaching safepoint: 189537 ns, At safepoint: 54921 ns, Total: 244458 ns
[2023-07-18T01:19:07.207+0000][67][info ][safepoint   ] Safepoint "Cleanup", Time since last: 1081846305 ns, Reaching safepoint: 131135 ns, At safepoint: 4187 ns, Total: 135322 ns
[2023-07-18T01:19:08.314+0000][67][info ][safepoint   ] Safepoint "Cleanup", Time since last: 1106199317 ns, Reaching safepoint: 583896 ns, At safepoint: 57358 ns, Total: 641254 ns
[2023-07-18T01:19:11.180+0000][67][info ][safepoint   ] Safepoint "Cleanup", Time since last: 2865787240 ns, Reaching safepoint: 243257 ns, At safepoint: 45069 ns, Total: 288326 ns
[2023-07-18T01:19:12.384+0000][67][info ][safepoint   ] Safepoint "Cleanup", Time since last: 1203805237 ns, Reaching safepoint: 285438 ns, At safepoint: 42094 ns, Total: 327532 ns
[2023-07-18T01:19:14.258+0000][67][info ][safepoint   ] Safepoint "Cleanup", Time since last: 1873813305 ns, Reaching safepoint: 663282 ns, At safepoint: 11280 ns, Total: 674562 ns
[2023-07-18T01:19:26.010+0000][67][info ][gc,start    ] GC(17) Pause Young (Normal) (G1 Evacuation Pause)
[2023-07-18T01:19:26.013+0000][67][info ][gc,task     ] GC(17) Using 6 workers of 6 for evacuation
[2023-07-18T01:19:26.014+0000][67][debug][gc,age      ] GC(17) Desired survivor size 155189248 bytes, new threshold 15 (max threshold 15)
[2023-07-18T01:19:26.042+0000][67][info ][gc,phases   ] GC(17)   Pre Evacuate Collection Set: 0.6ms
[2023-07-18T01:19:26.044+0000][67][info ][gc,phases   ] GC(17)   Merge Heap Roots: 0.4ms
[2023-07-18T01:19:26.046+0000][67][info ][gc,phases   ] GC(17)   Evacuate Collection Set: 21.0ms
[2023-07-18T01:19:26.047+0000][67][info ][gc,phases   ] GC(17)   Post Evacuate Collection Set: 4.2ms
[2023-07-18T01:19:26.048+0000][67][info ][gc,phases   ] GC(17)   Other: 3.1ms
[2023-07-18T01:19:26.050+0000][67][trace][gc,age      ] GC(17) Age table with threshold 15 (max threshold 15)
[2023-07-18T01:19:26.051+0000][67][trace][gc,age      ] GC(17) - age   1:    3440408 bytes,    3440408 total
[2023-07-18T01:19:26.052+0000][67][trace][gc,age      ] GC(17) - age   2:     767440 bytes,    4207848 total
[2023-07-18T01:19:26.054+0000][67][trace][gc,age      ] GC(17) - age   3:     364696 bytes,    4572544 total
[2023-07-18T01:19:26.055+0000][67][trace][gc,age      ] GC(17) - age   4:    1769656 bytes,    6342200 total
[2023-07-18T01:19:26.056+0000][67][trace][gc,age      ] GC(17) - age   5:   11973000 bytes,   18315200 total
[2023-07-18T01:19:26.057+0000][67][info ][gc,heap     ] GC(17) Eden regions: 584->0(584)
[2023-07-18T01:19:26.058+0000][67][info ][gc,heap     ] GC(17) Survivor regions: 5->5(74)
[2023-07-18T01:19:26.059+0000][67][info ][gc,heap     ] GC(17) Old regions: 24->24
[2023-07-18T01:19:26.060+0000][67][info ][gc,heap     ] GC(17) Archive regions: 2->2
[2023-07-18T01:19:26.061+0000][67][info ][gc,heap     ] GC(17) Humongous regions: 0->0
[2023-07-18T01:19:26.062+0000][67][info ][gc,metaspace] GC(17) Metaspace: 138480K(141824K)->138480K(141824K) NonClass: 120608K(122304K)->120608K(122304K) Class: 17872K(19520K)->17872K(19520K)
[2023-07-18T01:19:26.063+0000][67][info ][gc          ] GC(17) Pause Young (Normal) (G1 Evacuation Pause) 2450M->115M(3932M) 52.884ms
[2023-07-18T01:19:26.064+0000][67][info ][gc,cpu      ] GC(17) User=0.12s Sys=0.01s Real=0.06s
[2023-07-18T01:19:26.065+0000][67][info ][safepoint   ] Safepoint "G1CollectForAllocation", Time since last: 11751483915 ns, Reaching safepoint: 433328 ns, At safepoint: 55033049 ns, Total: 55466377 ns
[2023-07-18T01:19:30.335+0000][67][info ][safepoint   ] Safepoint "Cleanup", Time since last: 4268884340 ns, Reaching safepoint: 298822 ns, At safepoint: 54824 ns, Total: 353646 ns
[2023-07-18T01:19:32.418+0000][67][info ][safepoint   ] Safepoint "Cleanup", Time since last: 2082872860 ns, Reaching safepoint: 560988 ns, At safepoint: 121208 ns, Total: 682196 ns
[2023-07-18T01:19:35.215+0000][67][info ][safepoint   ] Safepoint "Cleanup", Time since last: 2796452783 ns, Reaching safepoint: 62139 ns, At safepoint: 4687 ns, Total: 66826 ns
[2023-07-18T01:19:37.841+0000][67][info ][safepoint   ] Safepoint "Cleanup", Time since last: 2625885211 ns, Reaching safepoint: 355856 ns, At safepoint: 6682 ns, Total: 362538 ns
[2023-07-18T01:19:47.252+0000][67][info ][safepoint   ] Safepoint "Cleanup", Time since last: 9411291360 ns, Reaching safepoint: 222377 ns, At safepoint: 56445 ns, Total: 278822 ns
[2023-07-18T01:19:48.484+0000][67][info ][safepoint   ] Safepoint "Cleanup", Time since last: 1230987020 ns, Reaching safepoint: 326418 ns, At safepoint: 16728 ns, Total: 343146 ns
[2023-07-18T01:20:00.420+0000][67][info ][safepoint   ] Safepoint "Cleanup", Time since last: 11936442589 ns, Reaching safepoint: 216588 ns, At safepoint: 8828 ns, Total: 225416 ns
[2023-07-18T01:20:07.258+0000][67][info ][safepoint   ] Safepoint "Cleanup", Time since last: 6836999226 ns, Reaching safepoint: 295135 ns, At safepoint: 62219 ns, Total: 357354 ns
[2023-07-18T01:20:08.270+0000][67][info ][safepoint   ] Safepoint "Cleanup", Time since last: 1011635933 ns, Reaching safepoint: 384316 ns, At safepoint: 18702 ns, Total: 403018 ns
[2023-07-18T01:20:17.237+0000][67][info ][safepoint   ] Safepoint "Cleanup", Time since last: 8964050405 ns, Reaching safepoint: 285973 ns, At safepoint: 53882 ns, Total: 339855 ns
[2023-07-18T01:20:19.066+0000][67][info ][safepoint   ] Safepoint "Cleanup", Time since last: 1828830581 ns, Reaching safepoint: 288272 ns, At safepoint: 6803 ns, Total: 295075 ns
[2023-07-18T01:20:24.405+0000][67][info ][safepoint   ] Safepoint "Cleanup", Time since last: 5338230988 ns, Reaching safepoint: 341362 ns, At safepoint: 50111 ns, Total: 391473 ns
[2023-07-18T01:20:35.415+0000][67][info ][safepoint   ] Safepoint "Cleanup", Time since last: 11009953852 ns, Reaching safepoint: 370655 ns, At safepoint: 51402 ns, Total: 422057 ns
[2023-07-18T01:20:37.451+0000][67][info ][safepoint   ] Safepoint "Cleanup", Time since last: 2035426512 ns, Reaching safepoint: 702799 ns, At safepoint: 17320 ns, Total: 720119 ns
[2023-07-18T01:20:38.454+0000][67][info ][safepoint   ] Safepoint "Cleanup", Time since last: 1002599194 ns, Reaching safepoint: 399933 ns, At safepoint: 34425 ns, Total: 434358 ns
[2023-07-18T01:20:47.161+0000][67][info ][safepoint   ] Safepoint "Cleanup", Time since last: 8709690550 ns, Reaching safepoint: 236355 ns, At safepoint: 12835 ns, Total: 249190 ns
[2023-07-18T01:21:02.522+0000][67][info ][safepoint   ] Safepoint "Cleanup", Time since last: 15360761092 ns, Reaching safepoint: 517536 ns, At safepoint: 11225 ns, Total: 528761 ns
[2023-07-18T01:21:04.528+0000][67][info ][safepoint   ] Safepoint "Cleanup", Time since last: 2004977828 ns, Reaching safepoint: 419456 ns, At safepoint: 6917 ns, Total: 426373 ns
[2023-07-18T01:21:07.865+0000][67][info ][safepoint   ] Safepoint "Cleanup", Time since last: 3336400180 ns, Reaching safepoint: 533769 ns, At safepoint: 17943 ns, Total: 551712 ns
[2023-07-18T01:21:12.163+0000][67][info ][safepoint   ] Safepoint "Cleanup", Time since last: 4298397977 ns, Reaching safepoint: 299154 ns, At safepoint: 55394 ns, Total: 354548 ns
[2023-07-18T01:21:17.213+0000][67][info ][safepoint   ] Safepoint "Cleanup", Time since last: 5049941677 ns, Reaching safepoint: 72538 ns, At safepoint: 85590 ns, Total: 158128 ns
[2023-07-18T01:21:20.660+0000][67][info ][safepoint   ] Safepoint "Cleanup", Time since last: 3445722054 ns, Reaching safepoint: 669469 ns, At safepoint: 11509 ns, Total: 680978 ns
[2023-07-18T01:21:23.973+0000][67][info ][safepoint   ] Safepoint "Cleanup", Time since last: 3312446301 ns, Reaching safepoint: 328660 ns, At safepoint: 59834 ns, Total: 388494 ns
[2023-07-18T01:21:25.213+0000][67][info ][safepoint   ] Safepoint "Cleanup", Time since last: 1240332311 ns, Reaching safepoint: 539649 ns, At safepoint: 14877 ns, Total: 554526 ns
[2023-07-18T01:21:27.229+0000][67][info ][safepoint   ] Safepoint "Cleanup", Time since last: 2014694006 ns, Reaching safepoint: 386423 ns, At safepoint: 7570 ns, Total: 393993 ns
[2023-07-18T01:21:32.543+0000][67][info ][safepoint   ] Safepoint "Cleanup", Time since last: 5313918724 ns, Reaching safepoint: 507493 ns, At safepoint: 25327 ns, Total: 532820 ns
[2023-07-18T01:21:40.932+0000][67][info ][safepoint   ] Safepoint "Cleanup", Time since last: 8388886889 ns, Reaching safepoint: 352135 ns, At safepoint: 6011 ns, Total: 358146 ns
[2023-07-18T01:21:47.324+0000][67][info ][safepoint   ] Safepoint "Cleanup", Time since last: 6391473796 ns, Reaching safepoint: 220767 ns, At safepoint: 11580 ns, Total: 232347 ns
[2023-07-18T01:21:53.648+0000][67][info ][safepoint   ] Safepoint "Cleanup", Time since last: 6323579525 ns, Reaching safepoint: 267491 ns, At safepoint: 42238 ns, Total: 309729 ns
[2023-07-18T01:22:00.395+0000][67][info ][safepoint   ] Safepoint "Cleanup", Time since last: 6747083552 ns, Reaching safepoint: 340707 ns, At safepoint: 5615 ns, Total: 346322 ns
[2023-07-18T01:22:11.194+0000][67][info ][safepoint   ] Safepoint "Cleanup", Time since last: 10798843565 ns, Reaching safepoint: 109747 ns, At safepoint: 6614 ns, Total: 116361 ns
[2023-07-18T01:22:14.363+0000][67][info ][safepoint   ] Safepoint "Cleanup", Time since last: 3168097664 ns, Reaching safepoint: 415492 ns, At safepoint: 6887 ns, Total: 422379 ns
[2023-07-18T01:22:18.124+0000][67][info ][safepoint   ] Safepoint "Cleanup", Time since last: 3761377808 ns, Reaching safepoint: 320595 ns, At safepoint: 44482 ns, Total: 365077 ns
[2023-07-18T01:22:28.556+0000][67][info ][safepoint   ] Safepoint "Cleanup", Time since last: 10431531185 ns, Reaching safepoint: 555297 ns, At safepoint: 18305 ns, Total: 573602 ns
[2023-07-18T01:22:35.203+0000][67][info ][safepoint   ] Safepoint "Cleanup", Time since last: 6646189345 ns, Reaching safepoint: 163642 ns, At safepoint: 52953 ns, Total: 216595 ns
[2023-07-18T01:22:41.252+0000][67][info ][safepoint   ] Safepoint "Cleanup", Time since last: 6048473207 ns, Reaching safepoint: 291960 ns, At safepoint: 43327 ns, Total: 335287 ns
[2023-07-18T01:22:43.007+0000][67][info ][safepoint   ] Safepoint "Cleanup", Time since last: 1754710890 ns, Reaching safepoint: 194695 ns, At safepoint: 62630 ns, Total: 257325 ns
[2023-07-18T01:22:44.880+0000][67][info ][safepoint   ] Safepoint "Cleanup", Time since last: 1872529286 ns, Reaching safepoint: 1082464 ns, At safepoint: 24474 ns, Total: 1106938 ns
[2023-07-18T01:22:46.883+0000][67][info ][safepoint   ] Safepoint "Cleanup", Time since last: 2002499555 ns, Reaching safepoint: 356347 ns, At safepoint: 6756 ns, Total: 363103 ns
[2023-07-18T01:22:48.117+0000][67][info ][safepoint   ] Safepoint "Cleanup", Time since last: 1233342683 ns, Reaching safepoint: 201786 ns, At safepoint: 23683 ns, Total: 225469 ns
[2023-07-18T01:22:53.213+0000][67][info ][safepoint   ] Safepoint "Cleanup", Time since last: 5096654346 ns, Reaching safepoint: 89653 ns, At safepoint: 2793 ns, Total: 92446 ns
[2023-07-18T01:22:54.556+0000][67][info ][safepoint   ] Safepoint "Cleanup", Time since last: 1342361297 ns, Reaching safepoint: 186540 ns, At safepoint: 52528 ns, Total: 239068 ns
[2023-07-18T01:22:59.425+0000][67][info ][safepoint   ] Safepoint "Cleanup", Time since last: 4868722783 ns, Reaching safepoint: 251200 ns, At safepoint: 41584 ns, Total: 292784 ns
[2023-07-18T01:23:05.201+0000][67][info ][safepoint   ] Safepoint "Cleanup", Time since last: 5775369127 ns, Reaching safepoint: 287449 ns, At safepoint: 50516 ns, Total: 337965 ns
[2023-07-18T01:23:11.706+0000][67][info ][safepoint   ] Safepoint "Cleanup", Time since last: 6505281182 ns, Reaching safepoint: 250553 ns, At safepoint: 51715 ns, Total: 302268 ns
[2023-07-18T01:23:24.412+0000][67][info ][safepoint   ] Safepoint "Cleanup", Time since last: 12705498937 ns, Reaching safepoint: 289086 ns, At safepoint: 12942 ns, Total: 302028 ns
[2023-07-18T01:23:29.046+0000][67][info ][safepoint   ] Safepoint "Cleanup", Time since last: 4632952689 ns, Reaching safepoint: 347269 ns, At safepoint: 81580 ns, Total: 428849 ns
[2023-07-18T01:23:30.903+0000][67][info ][safepoint   ] Safepoint "Cleanup", Time since last: 1856725312 ns, Reaching safepoint: 699295 ns, At safepoint: 16534 ns, Total: 715829 ns
[2023-07-18T01:23:34.908+0000][67][info ][safepoint   ] Safepoint "Cleanup", Time since last: 4003966977 ns, Reaching safepoint: 1040271 ns, At safepoint: 32338 ns, Total: 1072609 ns
[2023-07-18T01:23:36.245+0000][67][info ][safepoint   ] Safepoint "Cleanup", Time since last: 1336569065 ns, Reaching safepoint: 302466 ns, At safepoint: 54892 ns, Total: 357358 ns
[2023-07-18T01:23:37.528+0000][67][info ][safepoint   ] Safepoint "Cleanup", Time since last: 1282033081 ns, Reaching safepoint: 599133 ns, At safepoint: 12438 ns, Total: 611571 ns
[2023-07-18T01:23:42.849+0000][67][info ][safepoint   ] Safepoint "Cleanup", Time since last: 5321856492 ns, Reaching safepoint: 115612 ns, At safepoint: 5452 ns, Total: 121064 ns
[2023-07-18T01:23:46.853+0000][67][info ][safepoint   ] Safepoint "Cleanup", Time since last: 4002749655 ns, Reaching safepoint: 508159 ns, At safepoint: 43790 ns, Total: 551949 ns
[2023-07-18T01:23:48.170+0000][67][info ][safepoint   ] Safepoint "Cleanup", Time since last: 1316994676 ns, Reaching safepoint: 390956 ns, At safepoint: 65704 ns, Total: 456660 ns
[2023-07-18T01:23:49.273+0000][67][info ][safepoint   ] Safepoint "Cleanup", Time since last: 1102436300 ns, Reaching safepoint: 344318 ns, At safepoint: 6750 ns, Total: 351068 ns
[2023-07-18T01:23:52.546+0000][67][info ][safepoint   ] Safepoint "Cleanup", Time since last: 3272254611 ns, Reaching safepoint: 462874 ns, At safepoint: 224677 ns, Total: 687551 ns
[2023-07-18T01:23:54.458+0000][67][info ][safepoint   ] Safepoint "Cleanup", Time since last: 1911867415 ns, Reaching safepoint: 838232 ns, At safepoint: 15172 ns, Total: 853404 ns
[2023-07-18T01:23:59.258+0000][67][info ][safepoint   ] Safepoint "Cleanup", Time since last: 4799606503 ns, Reaching safepoint: 41032 ns, At safepoint: 2309 ns, Total: 43341 ns
[2023-07-18T01:24:00.375+0000][67][info ][safepoint   ] Safepoint "Cleanup", Time since last: 1116103433 ns, Reaching safepoint: 228875 ns, At safepoint: 55174 ns, Total: 284049 ns
[2023-07-18T01:24:02.249+0000][67][info ][safepoint   ] Safepoint "Cleanup", Time since last: 1874232109 ns, Reaching safepoint: 354252 ns, At safepoint: 5942 ns, Total: 360194 ns
[2023-07-18T01:24:08.914+0000][67][info ][safepoint   ] Safepoint "Cleanup", Time since last: 6664964998 ns, Reaching safepoint: 343732 ns, At safepoint: 60783 ns, Total: 404515 ns
[2023-07-18T01:24:11.220+0000][67][info ][safepoint   ] Safepoint "Cleanup", Time since last: 2305026191 ns, Reaching safepoint: 257420 ns, At safepoint: 60723 ns, Total: 318143 ns
[2023-07-18T01:24:12.750+0000][67][info ][safepoint   ] Safepoint "Cleanup", Time since last: 1529828048 ns, Reaching safepoint: 382567 ns, At safepoint: 12268 ns, Total: 394835 ns
[2023-07-18T01:24:17.573+0000][67][info ][safepoint   ] Safepoint "Cleanup", Time since last: 4822395801 ns, Reaching safepoint: 162615 ns, At safepoint: 63896 ns, Total: 226511 ns
[2023-07-18T01:24:23.222+0000][67][info ][safepoint   ] Safepoint "Cleanup", Time since last: 5649176513 ns, Reaching safepoint: 354798 ns, At safepoint: 47913 ns, Total: 402711 ns
[2023-07-18T01:24:25.010+0000][67][info ][safepoint   ] Safepoint "Cleanup", Time since last: 1787791793 ns, Reaching safepoint: 441963 ns, At safepoint: 9704 ns, Total: 451667 ns
[2023-07-18T01:24:35.967+0000][67][info ][safepoint   ] Safepoint "Cleanup", Time since last: 10956611418 ns, Reaching safepoint: 245397 ns, At safepoint: 41557 ns, Total: 286954 ns
[2023-07-18T01:24:41.438+0000][67][info ][safepoint   ] Safepoint "Cleanup", Time since last: 5470176765 ns, Reaching safepoint: 261896 ns, At safepoint: 64725 ns, Total: 326621 ns
[2023-07-18T01:24:54.320+0000][67][info ][safepoint   ] Safepoint "Cleanup", Time since last: 12882214033 ns, Reaching safepoint: 609573 ns, At safepoint: 25812 ns, Total: 635385 ns
[2023-07-18T01:24:59.317+0000][67][info ][safepoint   ] Safepoint "Cleanup", Time since last: 4996271307 ns, Reaching safepoint: 309458 ns, At safepoint: 42561 ns, Total: 352019 ns
[2023-07-18T01:25:06.822+0000][67][info ][safepoint   ] Safepoint "Cleanup", Time since last: 7504747403 ns, Reaching safepoint: 97210 ns, At safepoint: 5456 ns, Total: 102666 ns
[2023-07-18T01:25:14.941+0000][67][info ][safepoint   ] Safepoint "Cleanup", Time since last: 8118485985 ns, Reaching safepoint: 932445 ns, At safepoint: 9671 ns, Total: 942116 ns
[2023-07-18T01:25:18.615+0000][67][info ][safepoint   ] Safepoint "Cleanup", Time since last: 3673881152 ns, Reaching safepoint: 146020 ns, At safepoint: 60913 ns, Total: 206933 ns
[2023-07-18T01:25:30.911+0000][67][info ][safepoint   ] Safepoint "Cleanup", Time since last: 12294981402 ns, Reaching safepoint: 365238 ns, At safepoint: 88260 ns, Total: 453498 ns
[2023-07-18T01:25:47.303+0000][67][info ][safepoint   ] Safepoint "Cleanup", Time since last: 16391816598 ns, Reaching safepoint: 198823 ns, At safepoint: 84891 ns, Total: 283714 ns
[2023-07-18T01:25:48.515+0000][67][info ][safepoint   ] Safepoint "Cleanup", Time since last: 1211919701 ns, Reaching safepoint: 538573 ns, At safepoint: 11049 ns, Total: 549622 ns
[2023-07-18T01:25:55.176+0000][67][info ][safepoint   ] Safepoint "Cleanup", Time since last: 6659859191 ns, Reaching safepoint: 561826 ns, At safepoint: 16134 ns, Total: 577960 ns
[2023-07-18T01:26:24.454+0000][67][info ][safepoint   ] Safepoint "Cleanup", Time since last: 29278516156 ns, Reaching safepoint: 267469 ns, At safepoint: 43614 ns, Total: 311083 ns
[2023-07-18T01:26:41.709+0000][67][info ][safepoint   ] Safepoint "Cleanup", Time since last: 17254157223 ns, Reaching safepoint: 178914 ns, At safepoint: 52618 ns, Total: 231532 ns
[2023-07-18T01:26:47.186+0000][67][info ][safepoint   ] Safepoint "Cleanup", Time since last: 5477132955 ns, Reaching safepoint: 240962 ns, At safepoint: 18450 ns, Total: 259412 ns
[2023-07-18T01:27:11.191+0000][67][info ][safepoint   ] Safepoint "Cleanup", Time since last: 24004715569 ns, Reaching safepoint: 426172 ns, At safepoint: 116065 ns, Total: 542237 ns
[2023-07-18T01:27:17.925+0000][67][info ][safepoint   ] Safepoint "Cleanup", Time since last: 6733639837 ns, Reaching safepoint: 198095 ns, At safepoint: 17641 ns, Total: 215736 ns
[2023-07-18T01:27:22.017+0000][67][info ][safepoint   ] Safepoint "Cleanup", Time since last: 4091571093 ns, Reaching safepoint: 371746 ns, At safepoint: 6827 ns, Total: 378573 ns
[2023-07-18T01:27:59.267+0000][67][info ][safepoint   ] Safepoint "Cleanup", Time since last: 37249566111 ns, Reaching safepoint: 187651 ns, At safepoint: 56660 ns, Total: 244311 ns
[2023-07-18T01:28:15.190+0000][67][info ][safepoint   ] Safepoint "Cleanup", Time since last: 15923362199 ns, Reaching safepoint: 289757 ns, At safepoint: 12247 ns, Total: 302004 ns
[2023-07-18T01:28:17.193+0000][67][info ][safepoint   ] Safepoint "Cleanup", Time since last: 2002304049 ns, Reaching safepoint: 402724 ns, At safepoint: 14013 ns, Total: 416737 ns
[2023-07-18T01:28:18.361+0000][67][info ][safepoint   ] Safepoint "Cleanup", Time since last: 1168197184 ns, Reaching safepoint: 212560 ns, At safepoint: 5723 ns, Total: 218283 ns
[2023-07-18T01:28:19.569+0000][67][info ][safepoint   ] Safepoint "Cleanup", Time since last: 1206803797 ns, Reaching safepoint: 609090 ns, At safepoint: 28660 ns, Total: 637750 ns
[2023-07-18T01:28:29.726+0000][67][info ][safepoint   ] Safepoint "Cleanup", Time since last: 10157303213 ns, Reaching safepoint: 153139 ns, At safepoint: 5682 ns, Total: 158821 ns
[2023-07-18T01:28:47.353+0000][67][info ][safepoint   ] Safepoint "Cleanup", Time since last: 17551442245 ns, Reaching safepoint: 420583 ns, At safepoint: 99770 ns, Total: 520353 ns
[2023-07-18T01:28:54.428+0000][67][info ][safepoint   ] Safepoint "Cleanup", Time since last: 7074143422 ns, Reaching safepoint: 167551 ns, At safepoint: 46527 ns, Total: 214078 ns
[2023-07-18T01:28:55.629+0000][67][info ][safepoint   ] Safepoint "Cleanup", Time since last: 1201470439 ns, Reaching safepoint: 280547 ns, At safepoint: 9419 ns, Total: 289966 ns
[2023-07-18T01:28:59.358+0000][67][info ][safepoint   ] Safepoint "Cleanup", Time since last: 3727861868 ns, Reaching safepoint: 370373 ns, At safepoint: 56002 ns, Total: 426375 ns
[2023-07-18T01:29:12.589+0000][67][info ][safepoint   ] Safepoint "Cleanup", Time since last: 13230459750 ns, Reaching safepoint: 238083 ns, At safepoint: 81170 ns, Total: 319253 ns
[2023-07-18T01:29:17.305+0000][67][info ][safepoint   ] Safepoint "Cleanup", Time since last: 4715937061 ns, Reaching safepoint: 284814 ns, At safepoint: 13436 ns, Total: 298250 ns
[2023-07-18T01:29:18.485+0000][67][info ][safepoint   ] Safepoint "Cleanup", Time since last: 1178776343 ns, Reaching safepoint: 583942 ns, At safepoint: 96430 ns, Total: 680372 ns
[2023-07-18T01:29:19.792+0000][67][info ][safepoint   ] Safepoint "Cleanup", Time since last: 1306673107 ns, Reaching safepoint: 310100 ns, At safepoint: 15896 ns, Total: 325996 ns
[2023-07-18T01:29:23.348+0000][67][info ][safepoint   ] Safepoint "Cleanup", Time since last: 3555836679 ns, Reaching safepoint: 333751 ns, At safepoint: 54416 ns, Total: 388167 ns
[2023-07-18T01:29:27.106+0000][67][info ][safepoint   ] Safepoint "Cleanup", Time since last: 3758060116 ns, Reaching safepoint: 523475 ns, At safepoint: 10107 ns, Total: 533582 ns
[2023-07-18T01:29:29.558+0000][67][info ][safepoint   ] Safepoint "Cleanup", Time since last: 2451394015 ns, Reaching safepoint: 250009 ns, At safepoint: 40638 ns, Total: 290647 ns
[2023-07-18T01:29:35.372+0000][67][info ][safepoint   ] Safepoint "Cleanup", Time since last: 5813482036 ns, Reaching safepoint: 255581 ns, At safepoint: 41346 ns, Total: 296927 ns
[2023-07-18T01:29:43.051+0000][67][info ][safepoint   ] Safepoint "Cleanup", Time since last: 7678187256 ns, Reaching safepoint: 101226 ns, At safepoint: 17961 ns, Total: 119187 ns
[2023-07-18T01:29:44.837+0000][67][info ][safepoint   ] Safepoint "Cleanup", Time since last: 1786140436 ns, Reaching safepoint: 425944 ns, At safepoint: 20885 ns, Total: 446829 ns
[2023-07-18T01:29:47.369+0000][67][info ][safepoint   ] Safepoint "Cleanup", Time since last: 2531488837 ns, Reaching safepoint: 384833 ns, At safepoint: 60571 ns, Total: 445404 ns
[2023-07-18T01:30:00.922+0000][67][info ][safepoint   ] Safepoint "Cleanup", Time since last: 13552603514 ns, Reaching safepoint: 350067 ns, At safepoint: 6000 ns, Total: 356067 ns
[2023-07-18T01:30:06.954+0000][67][info ][safepoint   ] Safepoint "Cleanup", Time since last: 6030960566 ns, Reaching safepoint: 299818 ns, At safepoint: 52428 ns, Total: 352246 ns
[2023-07-18T01:30:12.052+0000][67][info ][safepoint   ] Safepoint "Cleanup", Time since last: 5097274475 ns, Reaching safepoint: 359761 ns, At safepoint: 52925 ns, Total: 412686 ns
[2023-07-18T01:30:17.360+0000][67][info ][safepoint   ] Safepoint "Cleanup", Time since last: 5307434168 ns, Reaching safepoint: 435048 ns, At safepoint: 53227 ns, Total: 488275 ns
[2023-07-18T01:30:35.330+0000][67][info ][safepoint   ] Safepoint "Cleanup", Time since last: 17970166520 ns, Reaching safepoint: 121835 ns, At safepoint: 14533 ns, Total: 136368 ns
[2023-07-18T01:30:36.674+0000][67][info ][safepoint   ] Safepoint "Cleanup", Time since last: 1343773176 ns, Reaching safepoint: 303098 ns, At safepoint: 46562 ns, Total: 349660 ns
[2023-07-18T01:30:47.235+0000][67][info ][safepoint   ] Safepoint "Cleanup", Time since last: 10560575478 ns, Reaching safepoint: 250897 ns, At safepoint: 5862 ns, Total: 256759 ns
[2023-07-18T01:30:55.069+0000][67][info ][safepoint   ] Safepoint "Cleanup", Time since last: 7833133998 ns, Reaching safepoint: 630083 ns, At safepoint: 10526 ns, Total: 640609 ns
[2023-07-18T01:30:59.375+0000][67][info ][safepoint   ] Safepoint "Cleanup", Time since last: 4305157845 ns, Reaching safepoint: 262316 ns, At safepoint: 43031 ns, Total: 305347 ns
[2023-07-18T01:31:01.107+0000][67][info ][safepoint   ] Safepoint "Cleanup", Time since last: 1731848051 ns, Reaching safepoint: 270958 ns, At safepoint: 62517 ns, Total: 333475 ns
[2023-07-18T01:31:02.980+0000][67][info ][safepoint   ] Safepoint "Cleanup", Time since last: 1872630652 ns, Reaching safepoint: 931160 ns, At safepoint: 9137 ns, Total: 940297 ns
[2023-07-18T01:31:11.571+0000][67][info ][safepoint   ] Safepoint "Cleanup", Time since last: 8589426331 ns, Reaching safepoint: 303394 ns, At safepoint: 42095 ns, Total: 345489 ns
[2023-07-18T01:31:18.026+0000][67][info ][safepoint   ] Safepoint "Cleanup", Time since last: 6454573648 ns, Reaching safepoint: 472905 ns, At safepoint: 87704 ns, Total: 560609 ns
[2023-07-18T01:31:29.766+0000][67][info ][safepoint   ] Safepoint "Cleanup", Time since last: 11739433639 ns, Reaching safepoint: 450593 ns, At safepoint: 91007 ns, Total: 541600 ns
[2023-07-18T01:31:30.779+0000][67][info ][safepoint   ] Safepoint "Cleanup", Time since last: 1012865914 ns, Reaching safepoint: 245024 ns, At safepoint: 41279 ns, Total: 286303 ns
[2023-07-18T01:31:32.024+0000][67][info ][safepoint   ] Safepoint "Cleanup", Time since last: 1243977507 ns, Reaching safepoint: 1080367 ns, At safepoint: 21823 ns, Total: 1102190 ns
[2023-07-18T01:31:41.337+0000][67][info ][safepoint   ] Safepoint "Cleanup", Time since last: 9312103292 ns, Reaching safepoint: 151953 ns, At safepoint: 4351 ns, Total: 156304 ns
[2023-07-18T01:31:42.617+0000][67][info ][safepoint   ] Safepoint "Cleanup", Time since last: 1280431135 ns, Reaching safepoint: 278221 ns, At safepoint: 15055 ns, Total: 293276 ns
[2023-07-18T01:31:47.502+0000][67][info ][safepoint   ] Safepoint "Cleanup", Time since last: 4884426554 ns, Reaching safepoint: 484095 ns, At safepoint: 55161 ns, Total: 539256 ns
[2023-07-18T01:32:14.793+0000][67][info ][safepoint   ] Safepoint "Cleanup", Time since last: 27289480835 ns, Reaching safepoint: 352531 ns, At safepoint: 6585 ns, Total: 359116 ns
[2023-07-18T01:32:19.209+0000][67][info ][safepoint   ] Safepoint "Cleanup", Time since last: 4415575903 ns, Reaching safepoint: 306186 ns, At safepoint: 5416 ns, Total: 311602 ns
[2023-07-18T01:32:23.846+0000][67][info ][safepoint   ] Safepoint "Cleanup", Time since last: 4637329015 ns, Reaching safepoint: 263961 ns, At safepoint: 47143 ns, Total: 311104 ns
[2023-07-18T01:32:25.757+0000][67][info ][safepoint   ] Safepoint "Cleanup", Time since last: 1910425291 ns, Reaching safepoint: 612481 ns, At safepoint: 33798 ns, Total: 646279 ns
[2023-07-18T01:32:29.402+0000][67][info ][safepoint   ] Safepoint "Cleanup", Time since last: 3644616776 ns, Reaching safepoint: 318347 ns, At safepoint: 123633 ns, Total: 441980 ns
[2023-07-18T01:32:35.993+0000][67][info ][gc,start    ] GC(18) Pause Young (Normal) (G1 Evacuation Pause)
[2023-07-18T01:32:35.995+0000][67][info ][gc,task     ] GC(18) Using 6 workers of 6 for evacuation
[2023-07-18T01:32:35.997+0000][67][debug][gc,age      ] GC(18) Desired survivor size 155189248 bytes, new threshold 15 (max threshold 15)
[2023-07-18T01:32:36.016+0000][67][info ][gc,phases   ] GC(18)   Pre Evacuate Collection Set: 1.9ms
[2023-07-18T01:32:36.018+0000][67][info ][gc,phases   ] GC(18)   Merge Heap Roots: 0.5ms
[2023-07-18T01:32:36.019+0000][67][info ][gc,phases   ] GC(18)   Evacuate Collection Set: 10.3ms
[2023-07-18T01:32:36.021+0000][67][info ][gc,phases   ] GC(18)   Post Evacuate Collection Set: 4.9ms
[2023-07-18T01:32:36.022+0000][67][info ][gc,phases   ] GC(18)   Other: 3.1ms
[2023-07-18T01:32:36.023+0000][67][trace][gc,age      ] GC(18) Age table with threshold 15 (max threshold 15)
[2023-07-18T01:32:36.024+0000][67][trace][gc,age      ] GC(18) - age   1:    1721648 bytes,    1721648 total
[2023-07-18T01:32:36.025+0000][67][trace][gc,age      ] GC(18) - age   2:    1519416 bytes,    3241064 total
[2023-07-18T01:32:36.026+0000][67][trace][gc,age      ] GC(18) - age   3:     732776 bytes,    3973840 total
[2023-07-18T01:32:36.028+0000][67][trace][gc,age      ] GC(18) - age   4:     121960 bytes,    4095800 total
[2023-07-18T01:32:36.029+0000][67][trace][gc,age      ] GC(18) - age   5:    1363784 bytes,    5459584 total
[2023-07-18T01:32:36.030+0000][67][trace][gc,age      ] GC(18) - age   6:   11972560 bytes,   17432144 total
[2023-07-18T01:32:36.033+0000][67][info ][gc,heap     ] GC(18) Eden regions: 584->0(584)
[2023-07-18T01:32:36.034+0000][67][info ][gc,heap     ] GC(18) Survivor regions: 5->5(74)
[2023-07-18T01:32:36.035+0000][67][info ][gc,heap     ] GC(18) Old regions: 24->24
[2023-07-18T01:32:36.036+0000][67][info ][gc,heap     ] GC(18) Archive regions: 2->2
[2023-07-18T01:32:36.038+0000][67][info ][gc,heap     ] GC(18) Humongous regions: 0->0
[2023-07-18T01:32:36.039+0000][67][info ][gc,metaspace] GC(18) Metaspace: 138655K(142016K)->138655K(142016K) NonClass: 120779K(122496K)->120779K(122496K) Class: 17876K(19520K)->17876K(19520K)
[2023-07-18T01:32:36.040+0000][67][info ][gc          ] GC(18) Pause Young (Normal) (G1 Evacuation Pause) 2451M->114M(3932M) 46.210ms
[2023-07-18T01:32:36.041+0000][67][info ][gc,cpu      ] GC(18) User=0.08s Sys=0.01s Real=0.05s
[2023-07-18T01:32:36.042+0000][67][info ][safepoint   ] Safepoint "G1CollectForAllocation", Time since last: 6590638792 ns, Reaching safepoint: 336407 ns, At safepoint: 48758426 ns, Total: 49094833 ns
[2023-07-18T01:32:47.410+0000][67][info ][safepoint   ] Safepoint "Cleanup", Time since last: 11367320288 ns, Reaching safepoint: 147150 ns, At safepoint: 56090 ns, Total: 203240 ns
[2023-07-18T01:32:48.554+0000][67][info ][safepoint   ] Safepoint "Cleanup", Time since last: 1143451296 ns, Reaching safepoint: 330523 ns, At safepoint: 86425 ns, Total: 416948 ns
[2023-07-18T01:33:00.038+0000][67][info ][safepoint   ] Safepoint "Cleanup", Time since last: 11483567077 ns, Reaching safepoint: 206143 ns, At safepoint: 103611 ns, Total: 309754 ns
[2023-07-18T01:33:17.856+0000][67][info ][safepoint   ] Safepoint "Cleanup", Time since last: 17817755908 ns, Reaching safepoint: 423243 ns, At safepoint: 42902 ns, Total: 466145 ns
[2023-07-18T01:33:22.443+0000][67][info ][safepoint   ] Safepoint "Cleanup", Time since last: 4586210879 ns, Reaching safepoint: 666209 ns, At safepoint: 30148 ns, Total: 696357 ns
[2023-07-18T01:33:24.708+0000][67][info ][safepoint   ] Safepoint "Cleanup", Time since last: 2264410421 ns, Reaching safepoint: 278086 ns, At safepoint: 57503 ns, Total: 335589 ns
[2023-07-18T01:33:25.786+0000][67][info ][safepoint   ] Safepoint "Cleanup", Time since last: 1077228077 ns, Reaching safepoint: 290897 ns, At safepoint: 7246 ns, Total: 298143 ns
[2023-07-18T01:33:42.281+0000][67][info ][safepoint   ] Safepoint "Cleanup", Time since last: 16493840902 ns, Reaching safepoint: 186227 ns, At safepoint: 50596 ns, Total: 236823 ns
[2023-07-18T01:33:45.480+0000][67][info ][safepoint   ] Safepoint "Cleanup", Time since last: 3198709497 ns, Reaching safepoint: 384632 ns, At safepoint: 15406 ns, Total: 400038 ns
[2023-07-18T01:34:14.417+0000][67][info ][safepoint   ] Safepoint "Cleanup", Time since last: 28937049282 ns, Reaching safepoint: 164200 ns, At safepoint: 51955 ns, Total: 216155 ns
[2023-07-18T01:34:16.070+0000][67][info ][safepoint   ] Safepoint "Cleanup", Time since last: 1652311818 ns, Reaching safepoint: 601524 ns, At safepoint: 11518 ns, Total: 613042 ns
[2023-07-18T01:34:24.543+0000][67][info ][safepoint   ] Safepoint "Cleanup", Time since last: 8472442124 ns, Reaching safepoint: 447336 ns, At safepoint: 29088 ns, Total: 476424 ns
[2023-07-18T01:34:50.927+0000][67][info ][safepoint   ] Safepoint "Cleanup", Time since last: 26383144863 ns, Reaching safepoint: 614080 ns, At safepoint: 11281 ns, Total: 625361 ns
[2023-07-18T01:34:59.423+0000][67][info ][safepoint   ] Safepoint "Cleanup", Time since last: 8494891935 ns, Reaching safepoint: 308424 ns, At safepoint: 116017 ns, Total: 424441 ns
[2023-07-18T01:35:02.834+0000][67][info ][safepoint   ] Safepoint "Cleanup", Time since last: 3411406416 ns, Reaching safepoint: 439777 ns, At safepoint: 22187 ns, Total: 461964 ns
[2023-07-18T01:35:15.269+0000][67][info ][safepoint   ] Safepoint "Cleanup", Time since last: 12433560162 ns, Reaching safepoint: 273201 ns, At safepoint: 5625 ns, Total: 278826 ns
[2023-07-18T01:35:17.435+0000][67][info ][safepoint   ] Safepoint "Cleanup", Time since last: 2166308861 ns, Reaching safepoint: 367974 ns, At safepoint: 10216 ns, Total: 378190 ns
[2023-07-18T01:35:19.270+0000][67][info ][safepoint   ] Safepoint "Cleanup", Time since last: 1834179783 ns, Reaching safepoint: 92587 ns, At safepoint: 10472 ns, Total: 103059 ns
[2023-07-18T01:35:39.573+0000][67][info ][safepoint   ] Safepoint "Cleanup", Time since last: 20302485054 ns, Reaching safepoint: 466755 ns, At safepoint: 10175 ns, Total: 476930 ns
[2023-07-18T01:35:42.314+0000][67][info ][safepoint   ] Safepoint "Cleanup", Time since last: 2740606180 ns, Reaching safepoint: 265869 ns, At safepoint: 14632 ns, Total: 280501 ns
[2023-07-18T01:35:47.427+0000][67][info ][safepoint   ] Safepoint "Cleanup", Time since last: 5112352933 ns, Reaching safepoint: 260769 ns, At safepoint: 47198 ns, Total: 307967 ns
[2023-07-18T01:35:57.192+0000][67][info ][safepoint   ] Safepoint "Cleanup", Time since last: 9764472128 ns, Reaching safepoint: 299776 ns, At safepoint: 6692 ns, Total: 306468 ns
[2023-07-18T01:36:05.629+0000][67][info ][safepoint   ] Safepoint "Cleanup", Time since last: 8437502525 ns, Reaching safepoint: 332886 ns, At safepoint: 86531 ns, Total: 419417 ns
[2023-07-18T01:36:07.272+0000][67][info ][safepoint   ] Safepoint "Cleanup", Time since last: 1641833571 ns, Reaching safepoint: 261574 ns, At safepoint: 51043 ns, Total: 312617 ns
[2023-07-18T01:36:08.485+0000][67][info ][safepoint   ] Safepoint "Cleanup", Time since last: 1213173536 ns, Reaching safepoint: 254616 ns, At safepoint: 6202 ns, Total: 260818 ns
[2023-07-18T01:36:09.488+0000][67][info ][safepoint   ] Safepoint "Cleanup", Time since last: 1002055938 ns, Reaching safepoint: 395941 ns, At safepoint: 16583 ns, Total: 412524 ns
[2023-07-18T01:36:11.425+0000][67][info ][safepoint   ] Safepoint "Cleanup", Time since last: 1936765822 ns, Reaching safepoint: 510526 ns, At safepoint: 54733 ns, Total: 565259 ns
[2023-07-18T01:36:24.517+0000][67][info ][safepoint   ] Safepoint "Cleanup", Time since last: 13091519428 ns, Reaching safepoint: 274409 ns, At safepoint: 47241 ns, Total: 321650 ns
[2023-07-18T01:36:47.238+0000][67][info ][safepoint   ] Safepoint "Cleanup", Time since last: 22720216137 ns, Reaching safepoint: 302275 ns, At safepoint: 13266 ns, Total: 315541 ns
[2023-07-18T01:37:14.761+0000][67][info ][safepoint   ] Safepoint "Cleanup", Time since last: 27521754671 ns, Reaching safepoint: 274510 ns, At safepoint: 5085 ns, Total: 279595 ns
[2023-07-18T01:37:17.466+0000][67][info ][safepoint   ] Safepoint "Cleanup", Time since last: 2705148439 ns, Reaching safepoint: 462275 ns, At safepoint: 48521 ns, Total: 510796 ns
[2023-07-18T01:37:18.647+0000][67][info ][safepoint   ] Safepoint "Cleanup", Time since last: 1180185294 ns, Reaching safepoint: 362960 ns, At safepoint: 70797 ns, Total: 433757 ns
[2023-07-18T01:37:20.365+0000][67][info ][safepoint   ] Safepoint "Cleanup", Time since last: 1718021749 ns, Reaching safepoint: 358052 ns, At safepoint: 17131 ns, Total: 375183 ns
[2023-07-18T01:37:27.697+0000][67][info ][safepoint   ] Safepoint "Cleanup", Time since last: 7331038355 ns, Reaching safepoint: 360023 ns, At safepoint: 6394 ns, Total: 366417 ns
[2023-07-18T01:37:30.693+0000][67][info ][safepoint   ] Safepoint "Cleanup", Time since last: 2996247112 ns, Reaching safepoint: 526606 ns, At safepoint: 58074 ns, Total: 584680 ns
[2023-07-18T01:37:32.093+0000][67][info ][safepoint   ] Safepoint "Cleanup", Time since last: 1398666991 ns, Reaching safepoint: 392225 ns, At safepoint: 17018 ns, Total: 409243 ns
[2023-07-18T01:37:33.649+0000][67][info ][safepoint   ] Safepoint "Cleanup", Time since last: 1556517996 ns, Reaching safepoint: 373986 ns, At safepoint: 16513 ns, Total: 390499 ns
[2023-07-18T01:37:35.448+0000][67][info ][safepoint   ] Safepoint "Cleanup", Time since last: 1798113185 ns, Reaching safepoint: 265809 ns, At safepoint: 51041 ns, Total: 316850 ns
[2023-07-18T01:37:39.890+0000][67][info ][safepoint   ] Safepoint "Cleanup", Time since last: 4442122829 ns, Reaching safepoint: 236990 ns, At safepoint: 17713 ns, Total: 254703 ns
[2023-07-18T01:37:41.450+0000][67][info ][safepoint   ] Safepoint "Cleanup", Time since last: 1559103418 ns, Reaching safepoint: 270628 ns, At safepoint: 43256 ns, Total: 313884 ns
[2023-07-18T01:37:44.843+0000][67][info ][safepoint   ] Safepoint "Cleanup", Time since last: 3392576207 ns, Reaching safepoint: 353288 ns, At safepoint: 43459 ns, Total: 396747 ns
[2023-07-18T01:37:46.936+0000][67][info ][safepoint   ] Safepoint "Cleanup", Time since last: 2092499654 ns, Reaching safepoint: 522681 ns, At safepoint: 9865 ns, Total: 532546 ns
[2023-07-18T01:37:47.937+0000][67][info ][safepoint   ] Safepoint "Cleanup", Time since last: 1000274208 ns, Reaching safepoint: 402935 ns, At safepoint: 45548 ns, Total: 448483 ns
[2023-07-18T01:37:57.863+0000][67][info ][safepoint   ] Safepoint "Cleanup", Time since last: 9925408179 ns, Reaching safepoint: 538370 ns, At safepoint: 90302 ns, Total: 628672 ns
[2023-07-18T01:37:59.043+0000][67][info ][safepoint   ] Safepoint "Cleanup", Time since last: 1179796425 ns, Reaching safepoint: 146986 ns, At safepoint: 60280 ns, Total: 207266 ns
[2023-07-18T01:38:00.556+0000][67][info ][safepoint   ] Safepoint "Cleanup", Time since last: 1512273741 ns, Reaching safepoint: 337836 ns, At safepoint: 9476 ns, Total: 347312 ns
[2023-07-18T01:38:05.488+0000][67][info ][safepoint   ] Safepoint "Cleanup", Time since last: 4931702612 ns, Reaching safepoint: 438807 ns, At safepoint: 52701 ns, Total: 491508 ns
[2023-07-18T01:38:09.118+0000][67][info ][safepoint   ] Safepoint "Cleanup", Time since last: 3629925712 ns, Reaching safepoint: 439608 ns, At safepoint: 16396 ns, Total: 456004 ns
[2023-07-18T01:38:10.130+0000][67][info ][safepoint   ] Safepoint "Cleanup", Time since last: 1011118787 ns, Reaching safepoint: 953971 ns, At safepoint: 24035 ns, Total: 978006 ns
[2023-07-18T01:38:11.445+0000][67][info ][safepoint   ] Safepoint "Cleanup", Time since last: 1313779319 ns, Reaching safepoint: 172725 ns, At safepoint: 44719 ns, Total: 217444 ns
[2023-07-18T01:38:12.448+0000][67][info ][safepoint   ] Safepoint "Cleanup", Time since last: 1002913271 ns, Reaching safepoint: 281310 ns, At safepoint: 41159 ns, Total: 322469 ns
[2023-07-18T01:38:23.511+0000][67][info ][safepoint   ] Safepoint "Cleanup", Time since last: 11062711892 ns, Reaching safepoint: 689005 ns, At safepoint: 60449 ns, Total: 749454 ns
[2023-07-18T01:38:25.343+0000][67][info ][safepoint   ] Safepoint "Cleanup", Time since last: 1830835932 ns, Reaching safepoint: 267049 ns, At safepoint: 5250 ns, Total: 272299 ns
[2023-07-18T01:38:38.326+0000][67][info ][safepoint   ] Safepoint "Cleanup", Time since last: 12982583480 ns, Reaching safepoint: 520507 ns, At safepoint: 10182 ns, Total: 530689 ns
[2023-07-18T01:38:40.330+0000][67][info ][safepoint   ] Safepoint "Cleanup", Time since last: 2003671586 ns, Reaching safepoint: 503483 ns, At safepoint: 15631 ns, Total: 519114 ns
[2023-07-18T01:38:46.880+0000][67][info ][safepoint   ] Safepoint "Cleanup", Time since last: 6548990635 ns, Reaching safepoint: 483012 ns, At safepoint: 22656 ns, Total: 505668 ns
[2023-07-18T01:38:47.939+0000][67][info ][safepoint   ] Safepoint "Cleanup", Time since last: 1059171372 ns, Reaching safepoint: 247913 ns, At safepoint: 57481 ns, Total: 305394 ns
[2023-07-18T01:38:54.547+0000][67][info ][safepoint   ] Safepoint "Cleanup", Time since last: 6607111397 ns, Reaching safepoint: 347401 ns, At safepoint: 67533 ns, Total: 414934 ns
[2023-07-18T01:39:11.911+0000][67][info ][safepoint   ] Safepoint "Cleanup", Time since last: 17363599611 ns, Reaching safepoint: 249281 ns, At safepoint: 78230 ns, Total: 327511 ns
[2023-07-18T01:39:14.389+0000][67][info ][safepoint   ] Safepoint "Cleanup", Time since last: 2477854002 ns, Reaching safepoint: 365379 ns, At safepoint: 15436 ns, Total: 380815 ns
[2023-07-18T01:39:15.675+0000][67][info ][safepoint   ] Safepoint "Cleanup", Time since last: 1285031691 ns, Reaching safepoint: 365263 ns, At safepoint: 52881 ns, Total: 418144 ns
[2023-07-18T01:39:18.101+0000][67][info ][safepoint   ] Safepoint "Cleanup", Time since last: 2426288462 ns, Reaching safepoint: 192260 ns, At safepoint: 97907 ns, Total: 290167 ns
[2023-07-18T01:39:19.477+0000][67][info ][safepoint   ] Safepoint "Cleanup", Time since last: 1375108843 ns, Reaching safepoint: 272136 ns, At safepoint: 63960 ns, Total: 336096 ns
[2023-07-18T01:39:20.930+0000][67][info ][safepoint   ] Safepoint "Cleanup", Time since last: 1453004322 ns, Reaching safepoint: 283501 ns, At safepoint: 16074 ns, Total: 299575 ns
[2023-07-18T01:39:22.031+0000][67][info ][safepoint   ] Safepoint "Cleanup", Time since last: 1100466863 ns, Reaching safepoint: 520692 ns, At safepoint: 11182 ns, Total: 531874 ns
[2023-07-18T01:39:23.266+0000][67][info ][safepoint   ] Safepoint "Cleanup", Time since last: 1234003396 ns, Reaching safepoint: 247453 ns, At safepoint: 50596 ns, Total: 298049 ns
[2023-07-18T01:39:24.573+0000][67][info ][safepoint   ] Safepoint "Cleanup", Time since last: 1307569881 ns, Reaching safepoint: 275061 ns, At safepoint: 5124 ns, Total: 280185 ns
[2023-07-18T01:39:25.775+0000][67][info ][safepoint   ] Safepoint "Cleanup", Time since last: 1200540759 ns, Reaching safepoint: 584429 ns, At safepoint: 26962 ns, Total: 611391 ns
[2023-07-18T01:39:26.777+0000][67][info ][safepoint   ] Safepoint "Cleanup", Time since last: 1002576301 ns, Reaching safepoint: 342240 ns, At safepoint: 6450 ns, Total: 348690 ns
[2023-07-18T01:39:27.781+0000][67][info ][safepoint   ] Safepoint "Cleanup", Time since last: 1002699540 ns, Reaching safepoint: 1122078 ns, At safepoint: 29579 ns, Total: 1151657 ns
[2023-07-18T01:39:29.465+0000][67][info ][safepoint   ] Safepoint "Cleanup", Time since last: 1683036551 ns, Reaching safepoint: 292532 ns, At safepoint: 104400 ns, Total: 396932 ns
[2023-07-18T01:39:31.178+0000][67][info ][safepoint   ] Safepoint "Cleanup", Time since last: 1713309935 ns, Reaching safepoint: 272749 ns, At safepoint: 4552 ns, Total: 277301 ns
[2023-07-18T01:39:33.181+0000][67][info ][safepoint   ] Safepoint "Cleanup", Time since last: 2002405580 ns, Reaching safepoint: 627503 ns, At safepoint: 11423 ns, Total: 638926 ns
[2023-07-18T01:39:35.865+0000][67][info ][safepoint   ] Safepoint "Cleanup", Time since last: 2683419981 ns, Reaching safepoint: 347196 ns, At safepoint: 45368 ns, Total: 392564 ns
[2023-07-18T01:39:39.768+0000][67][info ][safepoint   ] Safepoint "Cleanup", Time since last: 3902923823 ns, Reaching safepoint: 328347 ns, At safepoint: 20524 ns, Total: 348871 ns
[2023-07-18T01:39:45.767+0000][67][info ][safepoint   ] Safepoint "Cleanup", Time since last: 5997622063 ns, Reaching safepoint: 314060 ns, At safepoint: 46996 ns, Total: 361056 ns
[2023-07-18T01:39:47.470+0000][67][info ][safepoint   ] Safepoint "Cleanup", Time since last: 1702827350 ns, Reaching safepoint: 264351 ns, At safepoint: 42505 ns, Total: 306856 ns
[2023-07-18T01:39:54.667+0000][67][info ][safepoint   ] Safepoint "Cleanup", Time since last: 7196536030 ns, Reaching safepoint: 294976 ns, At safepoint: 22909 ns, Total: 317885 ns
[2023-07-18T01:40:00.605+0000][67][info ][safepoint   ] Safepoint "Cleanup", Time since last: 5938059622 ns, Reaching safepoint: 65869 ns, At safepoint: 26146 ns, Total: 92015 ns
[2023-07-18T01:40:02.478+0000][67][info ][safepoint   ] Safepoint "Cleanup", Time since last: 1872905343 ns, Reaching safepoint: 392778 ns, At safepoint: 19154 ns, Total: 411932 ns
[2023-07-18T01:40:05.481+0000][67][info ][safepoint   ] Safepoint "Cleanup", Time since last: 3003009244 ns, Reaching safepoint: 330001 ns, At safepoint: 7585 ns, Total: 337586 ns
[2023-07-18T01:40:06.594+0000][67][info ][safepoint   ] Safepoint "Cleanup", Time since last: 1112170261 ns, Reaching safepoint: 413368 ns, At safepoint: 56177 ns, Total: 469545 ns
[2023-07-18T01:40:09.814+0000][67][info ][safepoint   ] Safepoint "Cleanup", Time since last: 3219389770 ns, Reaching safepoint: 340165 ns, At safepoint: 5899 ns, Total: 346064 ns
[2023-07-18T01:40:11.491+0000][67][info ][safepoint   ] Safepoint "Cleanup", Time since last: 1676448149 ns, Reaching safepoint: 138957 ns, At safepoint: 89654 ns, Total: 228611 ns
[2023-07-18T01:40:14.861+0000][67][info ][safepoint   ] Safepoint "Cleanup", Time since last: 3369603459 ns, Reaching safepoint: 322707 ns, At safepoint: 81763 ns, Total: 404470 ns
[2023-07-18T01:40:18.493+0000][67][info ][safepoint   ] Safepoint "Cleanup", Time since last: 3630888873 ns, Reaching safepoint: 347629 ns, At safepoint: 42531 ns, Total: 390160 ns
[2023-07-18T01:40:22.679+0000][67][info ][safepoint   ] Safepoint "Cleanup", Time since last: 4186245234 ns, Reaching safepoint: 356109 ns, At safepoint: 68042 ns, Total: 424151 ns
[2023-07-18T01:40:23.698+0000][67][info ][safepoint   ] Safepoint "Cleanup", Time since last: 1018544146 ns, Reaching safepoint: 310339 ns, At safepoint: 41942 ns, Total: 352281 ns
[2023-07-18T01:40:29.822+0000][67][info ][safepoint   ] Safepoint "Cleanup", Time since last: 6123594350 ns, Reaching safepoint: 532924 ns, At safepoint: 225993 ns, Total: 758917 ns
[2023-07-18T01:40:30.907+0000][67][info ][safepoint   ] Safepoint "Cleanup", Time since last: 1084283885 ns, Reaching safepoint: 370080 ns, At safepoint: 44343 ns, Total: 414423 ns
[2023-07-18T01:40:32.909+0000][67][info ][safepoint   ] Safepoint "Cleanup", Time since last: 2001829472 ns, Reaching safepoint: 370911 ns, At safepoint: 15953 ns, Total: 386864 ns
[2023-07-18T01:40:39.746+0000][67][info ][safepoint   ] Safepoint "Cleanup", Time since last: 6835807659 ns, Reaching safepoint: 298024 ns, At safepoint: 5698 ns, Total: 303722 ns
[2023-07-18T01:40:41.489+0000][67][info ][safepoint   ] Safepoint "Cleanup", Time since last: 1742941164 ns, Reaching safepoint: 247544 ns, At safepoint: 62496 ns, Total: 310040 ns
[2023-07-18T01:40:43.177+0000][67][info ][safepoint   ] Safepoint "Cleanup", Time since last: 1686971841 ns, Reaching safepoint: 439519 ns, At safepoint: 6599 ns, Total: 446118 ns
[2023-07-18T01:40:45.579+0000][67][info ][safepoint   ] Safepoint "Cleanup", Time since last: 2401497439 ns, Reaching safepoint: 539371 ns, At safepoint: 77495 ns, Total: 616866 ns
[2023-07-18T01:40:47.282+0000][67][info ][safepoint   ] Safepoint "Cleanup", Time since last: 1702610573 ns, Reaching safepoint: 443026 ns, At safepoint: 18964 ns, Total: 461990 ns
[2023-07-18T01:40:48.500+0000][67][info ][safepoint   ] Safepoint "Cleanup", Time since last: 1218171463 ns, Reaching safepoint: 199996 ns, At safepoint: 75635 ns, Total: 275631 ns
[2023-07-18T01:40:53.550+0000][67][info ][safepoint   ] Safepoint "Cleanup", Time since last: 5048850601 ns, Reaching safepoint: 450918 ns, At safepoint: 28912 ns, Total: 479830 ns
[2023-07-18T01:40:55.158+0000][67][info ][safepoint   ] Safepoint "Cleanup", Time since last: 1607688373 ns, Reaching safepoint: 337650 ns, At safepoint: 5529 ns, Total: 343179 ns
[2023-07-18T01:40:56.188+0000][67][info ][safepoint   ] Safepoint "Cleanup", Time since last: 1030024223 ns, Reaching safepoint: 201673 ns, At safepoint: 6045 ns, Total: 207718 ns
[2023-07-18T01:40:59.079+0000][67][info ][safepoint   ] Safepoint "Cleanup", Time since last: 2891154339 ns, Reaching safepoint: 231454 ns, At safepoint: 64773 ns, Total: 296227 ns
[2023-07-18T01:41:00.720+0000][67][info ][safepoint   ] Safepoint "Cleanup", Time since last: 1639994053 ns, Reaching safepoint: 309488 ns, At safepoint: 7312 ns, Total: 316800 ns
[2023-07-18T01:41:03.604+0000][67][info ][safepoint   ] Safepoint "Cleanup", Time since last: 2884190369 ns, Reaching safepoint: 68290 ns, At safepoint: 13789 ns, Total: 82079 ns
[2023-07-18T01:41:04.632+0000][67][info ][safepoint   ] Safepoint "Cleanup", Time since last: 1028116915 ns, Reaching safepoint: 161152 ns, At safepoint: 15719 ns, Total: 176871 ns
[2023-07-18T01:41:08.432+0000][67][info ][safepoint   ] Safepoint "Cleanup", Time since last: 3799547983 ns, Reaching safepoint: 435036 ns, At safepoint: 18254 ns, Total: 453290 ns
[2023-07-18T01:41:25.753+0000][67][info ][safepoint   ] Safepoint "Cleanup", Time since last: 17318995585 ns, Reaching safepoint: 904126 ns, At safepoint: 26361 ns, Total: 930487 ns
[2023-07-18T01:41:35.869+0000][67][info ][safepoint   ] Safepoint "Cleanup", Time since last: 10115398605 ns, Reaching safepoint: 501704 ns, At safepoint: 61230 ns, Total: 562934 ns
[2023-07-18T01:41:36.877+0000][67][info ][safepoint   ] Safepoint "Cleanup", Time since last: 1007589618 ns, Reaching safepoint: 130217 ns, At safepoint: 42493 ns, Total: 172710 ns
[2023-07-18T01:41:38.141+0000][67][info ][safepoint   ] Safepoint "Cleanup", Time since last: 1263215198 ns, Reaching safepoint: 988306 ns, At safepoint: 23949 ns, Total: 1012255 ns
[2023-07-18T01:41:39.144+0000][67][info ][safepoint   ] Safepoint "Cleanup", Time since last: 1003259237 ns, Reaching safepoint: 421093 ns, At safepoint: 23175 ns, Total: 444268 ns
[2023-07-18T01:41:40.853+0000][67][info ][safepoint   ] Safepoint "Cleanup", Time since last: 1708145286 ns, Reaching safepoint: 681662 ns, At safepoint: 24335 ns, Total: 705997 ns
[2023-07-18T01:41:42.009+0000][67][info ][safepoint   ] Safepoint "Cleanup", Time since last: 1154562641 ns, Reaching safepoint: 422277 ns, At safepoint: 55694 ns, Total: 477971 ns
[2023-07-18T01:41:47.471+0000][67][info ][safepoint   ] Safepoint "Cleanup", Time since last: 5461918040 ns, Reaching safepoint: 252513 ns, At safepoint: 13687 ns, Total: 266200 ns
[2023-07-18T01:41:49.989+0000][67][info ][safepoint   ] Safepoint "Cleanup", Time since last: 2517433393 ns, Reaching safepoint: 448895 ns, At safepoint: 8560 ns, Total: 457455 ns
[2023-07-18T01:41:50.992+0000][67][info ][safepoint   ] Safepoint "Cleanup", Time since last: 1002672465 ns, Reaching safepoint: 593840 ns, At safepoint: 11443 ns, Total: 605283 ns
[2023-07-18T01:41:53.485+0000][67][info ][safepoint   ] Safepoint "Cleanup", Time since last: 2492327431 ns, Reaching safepoint: 500437 ns, At safepoint: 56632 ns, Total: 557069 ns
[2023-07-18T01:41:55.378+0000][67][info ][safepoint   ] Safepoint "Cleanup", Time since last: 1892518860 ns, Reaching safepoint: 412532 ns, At safepoint: 12038 ns, Total: 424570 ns
[2023-07-18T01:41:56.381+0000][67][info ][safepoint   ] Safepoint "Cleanup", Time since last: 1002345927 ns, Reaching safepoint: 644596 ns, At safepoint: 13017 ns, Total: 657613 ns
[2023-07-18T01:41:57.384+0000][67][info ][safepoint   ] Safepoint "Cleanup", Time since last: 1002730948 ns, Reaching safepoint: 299084 ns, At safepoint: 17282 ns, Total: 316366 ns
[2023-07-18T01:41:58.386+0000][67][info ][safepoint   ] Safepoint "Cleanup", Time since last: 1002116293 ns, Reaching safepoint: 324777 ns, At safepoint: 14981 ns, Total: 339758 ns
[2023-07-18T01:41:59.389+0000][67][info ][safepoint   ] Safepoint "Cleanup", Time since last: 1002095217 ns, Reaching safepoint: 102514 ns, At safepoint: 9968 ns, Total: 112482 ns
[2023-07-18T01:42:00.422+0000][67][info ][safepoint   ] Safepoint "Cleanup", Time since last: 1033354140 ns, Reaching safepoint: 207401 ns, At safepoint: 58855 ns, Total: 266256 ns
[2023-07-18T01:42:01.423+0000][67][info ][safepoint   ] Safepoint "Cleanup", Time since last: 1000184195 ns, Reaching safepoint: 283973 ns, At safepoint: 8504 ns, Total: 292477 ns
[2023-07-18T01:42:03.038+0000][67][info ][safepoint   ] Safepoint "Cleanup", Time since last: 1615294475 ns, Reaching safepoint: 351127 ns, At safepoint: 6365 ns, Total: 357492 ns
[2023-07-18T01:42:05.329+0000][67][info ][safepoint   ] Safepoint "Cleanup", Time since last: 2290003805 ns, Reaching safepoint: 322574 ns, At safepoint: 5767 ns, Total: 328341 ns
[2023-07-18T01:42:09.384+0000][67][info ][safepoint   ] Safepoint "Cleanup", Time since last: 4055350393 ns, Reaching safepoint: 240586 ns, At safepoint: 5410 ns, Total: 245996 ns
[2023-07-18T01:42:17.472+0000][67][info ][safepoint   ] Safepoint "Cleanup", Time since last: 8086780516 ns, Reaching safepoint: 281392 ns, At safepoint: 53618 ns, Total: 335010 ns
[2023-07-18T01:42:19.180+0000][67][info ][safepoint   ] Safepoint "Cleanup", Time since last: 1707681492 ns, Reaching safepoint: 738136 ns, At safepoint: 32451 ns, Total: 770587 ns
[2023-07-18T01:42:29.744+0000][67][info ][safepoint   ] Safepoint "Cleanup", Time since last: 10563349685 ns, Reaching safepoint: 344154 ns, At safepoint: 47469 ns, Total: 391623 ns
[2023-07-18T01:42:30.870+0000][67][info ][safepoint   ] Safepoint "Cleanup", Time since last: 1125339831 ns, Reaching safepoint: 147947 ns, At safepoint: 55530 ns, Total: 203477 ns
[2023-07-18T01:42:32.622+0000][67][info ][safepoint   ] Safepoint "Cleanup", Time since last: 1751743282 ns, Reaching safepoint: 310208 ns, At safepoint: 52757 ns, Total: 362965 ns
[2023-07-18T01:42:45.520+0000][67][info ][safepoint   ] Safepoint "Cleanup", Time since last: 12897138493 ns, Reaching safepoint: 312220 ns, At safepoint: 9503 ns, Total: 321723 ns
[2023-07-18T01:42:46.547+0000][67][info ][safepoint   ] Safepoint "Cleanup", Time since last: 1027424754 ns, Reaching safepoint: 348695 ns, At safepoint: 71080 ns, Total: 419775 ns
[2023-07-18T01:42:47.550+0000][67][info ][safepoint   ] Safepoint "Cleanup", Time since last: 1002368169 ns, Reaching safepoint: 343002 ns, At safepoint: 43838 ns, Total: 386840 ns
[2023-07-18T01:42:49.236+0000][67][info ][safepoint   ] Safepoint "Cleanup", Time since last: 1685524472 ns, Reaching safepoint: 150587 ns, At safepoint: 54512 ns, Total: 205099 ns
[2023-07-18T01:42:53.480+0000][67][info ][safepoint   ] Safepoint "Cleanup", Time since last: 4243738176 ns, Reaching safepoint: 289846 ns, At safepoint: 52058 ns, Total: 341904 ns
[2023-07-18T01:42:54.604+0000][67][info ][safepoint   ] Safepoint "Cleanup", Time since last: 1123947459 ns, Reaching safepoint: 154981 ns, At safepoint: 47397 ns, Total: 202378 ns
[2023-07-18T01:42:59.475+0000][67][info ][safepoint   ] Safepoint "Cleanup", Time since last: 4870131225 ns, Reaching safepoint: 377865 ns, At safepoint: 59853 ns, Total: 437718 ns
[2023-07-18T01:43:05.501+0000][67][info ][safepoint   ] Safepoint "Cleanup", Time since last: 6025741852 ns, Reaching safepoint: 306937 ns, At safepoint: 54027 ns, Total: 360964 ns
[2023-07-18T01:43:11.490+0000][67][info ][safepoint   ] Safepoint "Cleanup", Time since last: 5988447258 ns, Reaching safepoint: 591390 ns, At safepoint: 54095 ns, Total: 645485 ns
[2023-07-18T01:43:23.893+0000][67][info ][safepoint   ] Safepoint "Cleanup", Time since last: 12402915923 ns, Reaching safepoint: 283492 ns, At safepoint: 67242 ns, Total: 350734 ns
[2023-07-18T01:43:47.465+0000][67][info ][gc,start    ] GC(19) Pause Young (Normal) (G1 Evacuation Pause)
[2023-07-18T01:43:47.466+0000][67][info ][gc,task     ] GC(19) Using 6 workers of 6 for evacuation
[2023-07-18T01:43:47.467+0000][67][debug][gc,age      ] GC(19) Desired survivor size 155189248 bytes, new threshold 15 (max threshold 15)
[2023-07-18T01:43:47.485+0000][67][info ][gc,phases   ] GC(19)   Pre Evacuate Collection Set: 0.3ms
[2023-07-18T01:43:47.486+0000][67][info ][gc,phases   ] GC(19)   Merge Heap Roots: 0.2ms
[2023-07-18T01:43:47.487+0000][67][info ][gc,phases   ] GC(19)   Evacuate Collection Set: 11.6ms
[2023-07-18T01:43:47.489+0000][67][info ][gc,phases   ] GC(19)   Post Evacuate Collection Set: 3.8ms
[2023-07-18T01:43:47.490+0000][67][info ][gc,phases   ] GC(19)   Other: 2.4ms
[2023-07-18T01:43:47.492+0000][67][trace][gc,age      ] GC(19) Age table with threshold 15 (max threshold 15)
[2023-07-18T01:43:47.493+0000][67][trace][gc,age      ] GC(19) - age   1:    4840856 bytes,    4840856 total
[2023-07-18T01:43:47.494+0000][67][trace][gc,age      ] GC(19) - age   2:     188544 bytes,    5029400 total
[2023-07-18T01:43:47.495+0000][67][trace][gc,age      ] GC(19) - age   3:    1120320 bytes,    6149720 total
[2023-07-18T01:43:47.496+0000][67][trace][gc,age      ] GC(19) - age   4:     531672 bytes,    6681392 total
[2023-07-18T01:43:47.497+0000][67][trace][gc,age      ] GC(19) - age   5:     120912 bytes,    6802304 total
[2023-07-18T01:43:47.499+0000][67][trace][gc,age      ] GC(19) - age   6:    1361504 bytes,    8163808 total
[2023-07-18T01:43:47.500+0000][67][trace][gc,age      ] GC(19) - age   7:   11971024 bytes,   20134832 total
[2023-07-18T01:43:47.501+0000][67][info ][gc,heap     ] GC(19) Eden regions: 584->0(583)
[2023-07-18T01:43:47.502+0000][67][info ][gc,heap     ] GC(19) Survivor regions: 5->6(74)
[2023-07-18T01:43:47.503+0000][67][info ][gc,heap     ] GC(19) Old regions: 24->24
[2023-07-18T01:43:47.504+0000][67][info ][gc,heap     ] GC(19) Archive regions: 2->2
[2023-07-18T01:43:47.505+0000][67][info ][gc,heap     ] GC(19) Humongous regions: 0->0
[2023-07-18T01:43:47.507+0000][67][info ][gc,metaspace] GC(19) Metaspace: 139239K(142592K)->139239K(142592K) NonClass: 121317K(123008K)->121317K(123008K) Class: 17922K(19584K)->17922K(19584K)
[2023-07-18T01:43:47.508+0000][67][info ][gc          ] GC(19) Pause Young (Normal) (G1 Evacuation Pause) 2450M->118M(3932M) 43.063ms
[2023-07-18T01:43:47.510+0000][67][info ][gc,cpu      ] GC(19) User=0.07s Sys=0.00s Real=0.04s
[2023-07-18T01:43:47.511+0000][67][info ][safepoint   ] Safepoint "G1CollectForAllocation", Time since last: 23565836848 ns, Reaching safepoint: 527944 ns, At safepoint: 45822399 ns, Total: 46350343 ns
[2023-07-18T01:43:48.515+0000][67][info ][safepoint   ] Safepoint "Cleanup", Time since last: 1004157198 ns, Reaching safepoint: 293318 ns, At safepoint: 45379 ns, Total: 338697 ns
[2023-07-18T01:43:53.507+0000][67][info ][safepoint   ] Safepoint "Cleanup", Time since last: 4990902886 ns, Reaching safepoint: 348033 ns, At safepoint: 54552 ns, Total: 402585 ns
[2023-07-18T01:43:54.928+0000][67][info ][safepoint   ] Safepoint "Cleanup", Time since last: 1420579409 ns, Reaching safepoint: 203754 ns, At safepoint: 44955 ns, Total: 248709 ns
[2023-07-18T01:44:02.486+0000][67][info ][safepoint   ] Safepoint "Cleanup", Time since last: 7558483040 ns, Reaching safepoint: 341452 ns, At safepoint: 53875 ns, Total: 395327 ns
[2023-07-18T01:44:05.512+0000][67][info ][safepoint   ] Safepoint "Cleanup", Time since last: 3025715354 ns, Reaching safepoint: 282217 ns, At safepoint: 8379 ns, Total: 290596 ns
[2023-07-18T01:44:20.840+0000][67][info ][safepoint   ] Safepoint "Cleanup", Time since last: 15325901172 ns, Reaching safepoint: 150162 ns, At safepoint: 4672 ns, Total: 154834 ns
[2023-07-18T01:44:21.979+0000][67][info ][safepoint   ] Safepoint "Cleanup", Time since last: 1139025869 ns, Reaching safepoint: 240612 ns, At safepoint: 215524 ns, Total: 456136 ns
[2023-07-18T01:44:28.810+0000][67][info ][safepoint   ] Safepoint "Cleanup", Time since last: 6830756249 ns, Reaching safepoint: 233024 ns, At safepoint: 12728 ns, Total: 245752 ns
[2023-07-18T01:44:40.042+0000][67][info ][safepoint   ] Safepoint "Cleanup", Time since last: 11231610191 ns, Reaching safepoint: 465872 ns, At safepoint: 22409 ns, Total: 488281 ns
[2023-07-18T01:44:44.429+0000][67][info ][safepoint   ] Safepoint "Cleanup", Time since last: 4385231091 ns, Reaching safepoint: 528324 ns, At safepoint: 8993 ns, Total: 537317 ns
[2023-07-18T01:44:47.433+0000][67][info ][safepoint   ] Safepoint "Cleanup", Time since last: 3003630000 ns, Reaching safepoint: 127625 ns, At safepoint: 7010 ns, Total: 134635 ns
[2023-07-18T01:44:53.538+0000][67][info ][safepoint   ] Safepoint "Cleanup", Time since last: 6105224852 ns, Reaching safepoint: 183850 ns, At safepoint: 69148 ns, Total: 252998 ns
[2023-07-18T01:45:00.612+0000][67][info ][safepoint   ] Safepoint "Cleanup", Time since last: 7073398371 ns, Reaching safepoint: 353729 ns, At safepoint: 55996 ns, Total: 409725 ns
[2023-07-18T01:45:06.062+0000][67][info ][safepoint   ] Safepoint "Cleanup", Time since last: 5450278154 ns, Reaching safepoint: 129011 ns, At safepoint: 40705 ns, Total: 169716 ns
[2023-07-18T01:45:18.739+0000][67][info ][safepoint   ] Safepoint "Cleanup", Time since last: 12675966205 ns, Reaching safepoint: 157125 ns, At safepoint: 7548 ns, Total: 164673 ns
[2023-07-18T01:45:20.985+0000][67][info ][safepoint   ] Safepoint "Cleanup", Time since last: 2245656439 ns, Reaching safepoint: 503291 ns, At safepoint: 9689 ns, Total: 512980 ns
[2023-07-18T01:45:41.740+0000][67][info ][safepoint   ] Safepoint "Cleanup", Time since last: 20753795260 ns, Reaching safepoint: 267939 ns, At safepoint: 42497 ns, Total: 310436 ns
[2023-07-18T01:45:43.646+0000][67][info ][safepoint   ] Safepoint "Cleanup", Time since last: 1905726398 ns, Reaching safepoint: 742631 ns, At safepoint: 25983 ns, Total: 768614 ns
[2023-07-18T01:45:47.555+0000][67][info ][safepoint   ] Safepoint "Cleanup", Time since last: 3907990624 ns, Reaching safepoint: 313574 ns, At safepoint: 46444 ns, Total: 360018 ns
[2023-07-18T01:46:08.374+0000][67][info ][safepoint   ] Safepoint "Cleanup", Time since last: 20819491056 ns, Reaching safepoint: 200704 ns, At safepoint: 5194 ns, Total: 205898 ns
[2023-07-18T01:46:11.527+0000][67][info ][safepoint   ] Safepoint "Cleanup", Time since last: 3151538995 ns, Reaching safepoint: 126903 ns, At safepoint: 7941 ns, Total: 134844 ns
[2023-07-18T01:46:17.747+0000][67][info ][safepoint   ] Safepoint "Cleanup", Time since last: 6219639083 ns, Reaching safepoint: 359751 ns, At safepoint: 78613 ns, Total: 438364 ns
[2023-07-18T01:46:47.390+0000][67][info ][safepoint   ] Safepoint "Cleanup", Time since last: 29642661994 ns, Reaching safepoint: 304660 ns, At safepoint: 45547 ns, Total: 350207 ns
[2023-07-18T01:46:55.164+0000][67][info ][safepoint   ] Safepoint "Cleanup", Time since last: 7773371197 ns, Reaching safepoint: 232169 ns, At safepoint: 5669 ns, Total: 237838 ns
[2023-07-18T01:47:08.096+0000][67][info ][safepoint   ] Safepoint "Cleanup", Time since last: 12932044668 ns, Reaching safepoint: 391232 ns, At safepoint: 59000 ns, Total: 450232 ns
[2023-07-18T01:47:17.599+0000][67][info ][safepoint   ] Safepoint "Cleanup", Time since last: 9501841102 ns, Reaching safepoint: 295142 ns, At safepoint: 64942 ns, Total: 360084 ns
[2023-07-18T01:47:18.735+0000][67][info ][safepoint   ] Safepoint "Cleanup", Time since last: 1135886866 ns, Reaching safepoint: 308397 ns, At safepoint: 73099 ns, Total: 381496 ns
[2023-07-18T01:47:22.090+0000][67][info ][safepoint   ] Safepoint "Cleanup", Time since last: 3354171511 ns, Reaching safepoint: 312041 ns, At safepoint: 54751 ns, Total: 366792 ns
[2023-07-18T01:47:24.127+0000][67][info ][safepoint   ] Safepoint "Cleanup", Time since last: 2036398439 ns, Reaching safepoint: 209995 ns, At safepoint: 56698 ns, Total: 266693 ns
[2023-07-18T01:47:27.219+0000][67][info ][safepoint   ] Safepoint "Cleanup", Time since last: 3091933378 ns, Reaching safepoint: 639305 ns, At safepoint: 10551 ns, Total: 649856 ns
[2023-07-18T01:47:39.182+0000][67][info ][safepoint   ] Safepoint "Cleanup", Time since last: 11962251965 ns, Reaching safepoint: 405007 ns, At safepoint: 6974 ns, Total: 411981 ns
[2023-07-18T01:47:47.497+0000][67][info ][safepoint   ] Safepoint "Cleanup", Time since last: 8313790577 ns, Reaching safepoint: 381105 ns, At safepoint: 17436 ns, Total: 398541 ns
[2023-07-18T01:48:01.071+0000][67][info ][safepoint   ] Safepoint "Cleanup", Time since last: 13573763580 ns, Reaching safepoint: 295224 ns, At safepoint: 48114 ns, Total: 343338 ns
[2023-07-18T01:48:17.550+0000][67][info ][safepoint   ] Safepoint "Cleanup", Time since last: 16478734648 ns, Reaching safepoint: 300033 ns, At safepoint: 52614 ns, Total: 352647 ns
[2023-07-18T01:48:54.004+0000][67][info ][safepoint   ] Safepoint "Cleanup", Time since last: 36452948411 ns, Reaching safepoint: 230829 ns, At safepoint: 55197 ns, Total: 286026 ns
[2023-07-18T01:49:24.299+0000][67][info ][safepoint   ] Safepoint "Cleanup", Time since last: 30294311076 ns, Reaching safepoint: 330511 ns, At safepoint: 45808 ns, Total: 376319 ns
[2023-07-18T01:49:29.599+0000][67][info ][safepoint   ] Safepoint "Cleanup", Time since last: 5298474158 ns, Reaching safepoint: 643468 ns, At safepoint: 73607 ns, Total: 717075 ns
[2023-07-18T01:49:41.609+0000][67][info ][safepoint   ] Safepoint "Cleanup", Time since last: 12008956257 ns, Reaching safepoint: 76402 ns, At safepoint: 50528 ns, Total: 126930 ns
[2023-07-18T01:49:43.597+0000][67][info ][safepoint   ] Safepoint "Cleanup", Time since last: 1987672417 ns, Reaching safepoint: 528675 ns, At safepoint: 29176 ns, Total: 557851 ns
[2023-07-18T01:50:09.427+0000][67][info ][safepoint   ] Safepoint "Cleanup", Time since last: 25829125109 ns, Reaching safepoint: 827764 ns, At safepoint: 31704 ns, Total: 859468 ns
[2023-07-18T01:50:29.612+0000][67][info ][safepoint   ] Safepoint "Cleanup", Time since last: 20184182334 ns, Reaching safepoint: 384627 ns, At safepoint: 74088 ns, Total: 458715 ns
[2023-07-18T01:50:30.739+0000][67][info ][safepoint   ] Safepoint "Cleanup", Time since last: 1126494249 ns, Reaching safepoint: 276204 ns, At safepoint: 38856 ns, Total: 315060 ns
[2023-07-18T01:50:39.922+0000][67][info ][safepoint   ] Safepoint "Cleanup", Time since last: 9182321511 ns, Reaching safepoint: 730923 ns, At safepoint: 37317 ns, Total: 768240 ns
[2023-07-18T01:50:42.210+0000][67][info ][safepoint   ] Safepoint "Cleanup", Time since last: 2287958130 ns, Reaching safepoint: 289101 ns, At safepoint: 48669 ns, Total: 337770 ns
[2023-07-18T01:50:43.305+0000][67][info ][safepoint   ] Safepoint "Cleanup", Time since last: 1093873835 ns, Reaching safepoint: 631073 ns, At safepoint: 11881 ns, Total: 642954 ns
[2023-07-18T01:50:47.310+0000][67][info ][safepoint   ] Safepoint "Cleanup", Time since last: 4003832600 ns, Reaching safepoint: 791868 ns, At safepoint: 29034 ns, Total: 820902 ns
[2023-07-18T01:50:54.399+0000][67][info ][safepoint   ] Safepoint "Cleanup", Time since last: 7089321509 ns, Reaching safepoint: 381351 ns, At safepoint: 64843 ns, Total: 446194 ns
[2023-07-18T01:50:59.980+0000][67][info ][safepoint   ] Safepoint "Cleanup", Time since last: 5580699749 ns, Reaching safepoint: 220612 ns, At safepoint: 53273 ns, Total: 273885 ns
[2023-07-18T01:51:17.612+0000][67][info ][safepoint   ] Safepoint "Cleanup", Time since last: 17630195100 ns, Reaching safepoint: 316442 ns, At safepoint: 51199 ns, Total: 367641 ns
[2023-07-18T01:51:38.531+0000][67][info ][safepoint   ] Safepoint "Cleanup", Time since last: 20918838031 ns, Reaching safepoint: 439670 ns, At safepoint: 10908 ns, Total: 450578 ns
[2023-07-18T01:51:47.277+0000][67][info ][safepoint   ] Safepoint "Cleanup", Time since last: 8742853329 ns, Reaching safepoint: 1894711 ns, At safepoint: 332920 ns, Total: 2227631 ns
[2023-07-18T01:51:48.555+0000][67][info ][safepoint   ] Safepoint "Cleanup", Time since last: 1277932509 ns, Reaching safepoint: 314246 ns, At safepoint: 41993 ns, Total: 356239 ns
[2023-07-18T01:52:12.419+0000][67][info ][safepoint   ] Safepoint "Cleanup", Time since last: 23862623584 ns, Reaching safepoint: 354170 ns, At safepoint: 58254 ns, Total: 412424 ns
[2023-07-18T01:52:13.693+0000][67][info ][safepoint   ] Safepoint "Cleanup", Time since last: 1273956664 ns, Reaching safepoint: 823299 ns, At safepoint: 38411 ns, Total: 861710 ns
[2023-07-18T01:52:14.697+0000][67][info ][safepoint   ] Safepoint "Cleanup", Time since last: 1002743625 ns, Reaching safepoint: 444992 ns, At safepoint: 11086 ns, Total: 456078 ns
[2023-07-18T01:52:44.762+0000][67][info ][safepoint   ] Safepoint "Cleanup", Time since last: 30064205765 ns, Reaching safepoint: 283969 ns, At safepoint: 18393 ns, Total: 302362 ns
[2023-07-18T01:52:45.765+0000][67][info ][safepoint   ] Safepoint "Cleanup", Time since last: 1002705236 ns, Reaching safepoint: 413987 ns, At safepoint: 35205 ns, Total: 449192 ns
[2023-07-18T01:52:46.768+0000][67][info ][safepoint   ] Safepoint "Cleanup", Time since last: 1002995392 ns, Reaching safepoint: 287834 ns, At safepoint: 6493 ns, Total: 294327 ns
[2023-07-18T01:52:47.889+0000][67][info ][safepoint   ] Safepoint "Cleanup", Time since last: 1120439587 ns, Reaching safepoint: 331331 ns, At safepoint: 58141 ns, Total: 389472 ns
[2023-07-18T01:52:48.891+0000][67][info ][safepoint   ] Safepoint "Cleanup", Time since last: 1002167630 ns, Reaching safepoint: 207003 ns, At safepoint: 4454 ns, Total: 211457 ns
[2023-07-18T01:52:50.265+0000][67][info ][safepoint   ] Safepoint "Cleanup", Time since last: 1373269677 ns, Reaching safepoint: 275985 ns, At safepoint: 14319 ns, Total: 290304 ns
[2023-07-18T01:52:51.590+0000][67][info ][safepoint   ] Safepoint "Cleanup", Time since last: 1324417203 ns, Reaching safepoint: 444024 ns, At safepoint: 21832 ns, Total: 465856 ns
[2023-07-18T01:52:52.593+0000][67][info ][safepoint   ] Safepoint "Cleanup", Time since last: 1003142458 ns, Reaching safepoint: 512598 ns, At safepoint: 15485 ns, Total: 528083 ns
[2023-07-18T01:52:54.840+0000][67][info ][safepoint   ] Safepoint "Cleanup", Time since last: 2245985622 ns, Reaching safepoint: 273397 ns, At safepoint: 26600 ns, Total: 299997 ns
[2023-07-18T01:52:56.087+0000][67][info ][safepoint   ] Safepoint "Cleanup", Time since last: 1247072076 ns, Reaching safepoint: 267125 ns, At safepoint: 5476 ns, Total: 272601 ns
[2023-07-18T01:52:59.639+0000][67][info ][safepoint   ] Safepoint "Cleanup", Time since last: 3551491697 ns, Reaching safepoint: 94811 ns, At safepoint: 15182 ns, Total: 109993 ns
[2023-07-18T01:53:02.475+0000][67][info ][safepoint   ] Safepoint "Cleanup", Time since last: 2835641687 ns, Reaching safepoint: 262494 ns, At safepoint: 4977 ns, Total: 267471 ns
[2023-07-18T01:53:05.994+0000][67][info ][safepoint   ] Safepoint "Cleanup", Time since last: 3518948659 ns, Reaching safepoint: 223016 ns, At safepoint: 48285 ns, Total: 271301 ns
[2023-07-18T01:53:09.053+0000][67][info ][safepoint   ] Safepoint "Cleanup", Time since last: 3059019134 ns, Reaching safepoint: 450831 ns, At safepoint: 15506 ns, Total: 466337 ns
[2023-07-18T01:53:11.624+0000][67][info ][safepoint   ] Safepoint "Cleanup", Time since last: 2569282844 ns, Reaching safepoint: 237694 ns, At safepoint: 57194 ns, Total: 294888 ns
[2023-07-18T01:53:13.229+0000][67][info ][safepoint   ] Safepoint "Cleanup", Time since last: 1604734486 ns, Reaching safepoint: 244371 ns, At safepoint: 47711 ns, Total: 292082 ns
[2023-07-18T01:53:22.844+0000][67][info ][safepoint   ] Safepoint "Cleanup", Time since last: 9615331446 ns, Reaching safepoint: 535240 ns, At safepoint: 9781 ns, Total: 545021 ns
[2023-07-18T01:53:24.221+0000][67][info ][safepoint   ] Safepoint "Cleanup", Time since last: 1376079141 ns, Reaching safepoint: 283346 ns, At safepoint: 67220 ns, Total: 350566 ns
[2023-07-18T01:53:25.222+0000][67][info ][safepoint   ] Safepoint "Cleanup", Time since last: 1000721098 ns, Reaching safepoint: 446201 ns, At safepoint: 53027 ns, Total: 499228 ns
[2023-07-18T01:53:26.340+0000][67][info ][safepoint   ] Safepoint "Cleanup", Time since last: 1117167967 ns, Reaching safepoint: 314751 ns, At safepoint: 17261 ns, Total: 332012 ns
[2023-07-18T01:53:30.930+0000][67][info ][safepoint   ] Safepoint "Cleanup", Time since last: 4589920872 ns, Reaching safepoint: 241499 ns, At safepoint: 44357 ns, Total: 285856 ns
[2023-07-18T01:53:32.798+0000][67][info ][safepoint   ] Safepoint "Cleanup", Time since last: 1867813888 ns, Reaching safepoint: 744046 ns, At safepoint: 9945 ns, Total: 753991 ns
[2023-07-18T01:53:35.642+0000][67][info ][safepoint   ] Safepoint "Cleanup", Time since last: 2843565262 ns, Reaching safepoint: 187678 ns, At safepoint: 64417 ns, Total: 252095 ns
[2023-07-18T01:53:38.120+0000][67][info ][safepoint   ] Safepoint "Cleanup", Time since last: 2477488383 ns, Reaching safepoint: 383146 ns, At safepoint: 15957 ns, Total: 399103 ns
[2023-07-18T01:53:41.123+0000][67][info ][safepoint   ] Safepoint "Cleanup", Time since last: 3002649456 ns, Reaching safepoint: 615167 ns, At safepoint: 9208 ns, Total: 624375 ns
[2023-07-18T01:53:47.586+0000][67][info ][safepoint   ] Safepoint "Cleanup", Time since last: 6461795096 ns, Reaching safepoint: 302463 ns, At safepoint: 16421 ns, Total: 318884 ns
[2023-07-18T01:53:48.866+0000][67][info ][safepoint   ] Safepoint "Cleanup", Time since last: 1279568357 ns, Reaching safepoint: 244010 ns, At safepoint: 12325 ns, Total: 256335 ns
[2023-07-18T01:53:53.531+0000][67][info ][safepoint   ] Safepoint "Cleanup", Time since last: 4665458229 ns, Reaching safepoint: 256963 ns, At safepoint: 14709 ns, Total: 271672 ns
[2023-07-18T01:53:55.414+0000][67][info ][safepoint   ] Safepoint "Cleanup", Time since last: 1882496790 ns, Reaching safepoint: 602477 ns, At safepoint: 11076 ns, Total: 613553 ns
[2023-07-18T01:53:59.836+0000][67][info ][safepoint   ] Safepoint "Cleanup", Time since last: 4420942116 ns, Reaching safepoint: 121276 ns, At safepoint: 4841 ns, Total: 126117 ns
[2023-07-18T01:54:00.950+0000][67][info ][safepoint   ] Safepoint "Cleanup", Time since last: 1113530197 ns, Reaching safepoint: 435614 ns, At safepoint: 43659 ns, Total: 479273 ns
[2023-07-18T01:54:09.290+0000][67][info ][safepoint   ] Safepoint "Cleanup", Time since last: 8340123128 ns, Reaching safepoint: 306872 ns, At safepoint: 16588 ns, Total: 323460 ns
[2023-07-18T01:54:13.677+0000][67][info ][safepoint   ] Safepoint "Cleanup", Time since last: 4385411335 ns, Reaching safepoint: 401919 ns, At safepoint: 6426 ns, Total: 408345 ns
[2023-07-18T01:54:14.680+0000][67][info ][safepoint   ] Safepoint "Cleanup", Time since last: 1002308053 ns, Reaching safepoint: 604942 ns, At safepoint: 10011 ns, Total: 614953 ns
[2023-07-18T01:54:24.423+0000][67][info ][safepoint   ] Safepoint "Cleanup", Time since last: 9743670899 ns, Reaching safepoint: 186824 ns, At safepoint: 61792 ns, Total: 248616 ns
[2023-07-18T01:54:25.675+0000][67][info ][safepoint   ] Safepoint "Cleanup", Time since last: 1250744958 ns, Reaching safepoint: 396597 ns, At safepoint: 53158 ns, Total: 449755 ns
[2023-07-18T01:54:27.769+0000][67][info ][safepoint   ] Safepoint "Cleanup", Time since last: 2093732500 ns, Reaching safepoint: 415346 ns, At safepoint: 53596 ns, Total: 468942 ns
[2023-07-18T01:54:41.674+0000][67][info ][safepoint   ] Safepoint "Cleanup", Time since last: 13904775996 ns, Reaching safepoint: 266294 ns, At safepoint: 17910 ns, Total: 284204 ns
[2023-07-18T01:54:47.358+0000][67][info ][safepoint   ] Safepoint "Cleanup", Time since last: 5683739015 ns, Reaching safepoint: 280951 ns, At safepoint: 6935 ns, Total: 287886 ns
[2023-07-18T01:54:48.668+0000][67][info ][safepoint   ] Safepoint "Cleanup", Time since last: 1309748827 ns, Reaching safepoint: 249968 ns, At safepoint: 126837 ns, Total: 376805 ns
[2023-07-18T01:54:55.313+0000][67][info ][safepoint   ] Safepoint "Cleanup", Time since last: 6644448241 ns, Reaching safepoint: 208041 ns, At safepoint: 5973 ns, Total: 214014 ns
[2023-07-18T01:54:56.316+0000][67][info ][safepoint   ] Safepoint "Cleanup", Time since last: 1002109159 ns, Reaching safepoint: 426886 ns, At safepoint: 7584 ns, Total: 434470 ns
[2023-07-18T01:55:00.614+0000][67][info ][safepoint   ] Safepoint "Cleanup", Time since last: 4298097753 ns, Reaching safepoint: 361876 ns, At safepoint: 63976 ns, Total: 425852 ns
[2023-07-18T01:55:05.695+0000][67][info ][safepoint   ] Safepoint "Cleanup", Time since last: 5080575500 ns, Reaching safepoint: 267028 ns, At safepoint: 137629 ns, Total: 404657 ns
[2023-07-18T01:55:12.086+0000][67][info ][safepoint   ] Safepoint "Cleanup", Time since last: 6390427849 ns, Reaching safepoint: 146910 ns, At safepoint: 7455 ns, Total: 154365 ns
[2023-07-18T01:55:15.257+0000][67][info ][safepoint   ] Safepoint "Cleanup", Time since last: 3170506413 ns, Reaching safepoint: 357842 ns, At safepoint: 61709 ns, Total: 419551 ns
[2023-07-18T01:55:20.634+0000][67][info ][safepoint   ] Safepoint "Cleanup", Time since last: 5376730873 ns, Reaching safepoint: 288294 ns, At safepoint: 8133 ns, Total: 296427 ns
[2023-07-18T01:55:22.637+0000][67][info ][safepoint   ] Safepoint "Cleanup", Time since last: 2002546067 ns, Reaching safepoint: 338755 ns, At safepoint: 14236 ns, Total: 352991 ns
[2023-07-18T01:55:25.116+0000][67][info ][safepoint   ] Safepoint "Cleanup", Time since last: 2478177343 ns, Reaching safepoint: 329481 ns, At safepoint: 73653 ns, Total: 403134 ns
[2023-07-18T01:55:32.246+0000][67][info ][gc,start    ] GC(20) Pause Young (Normal) (G1 Evacuation Pause)
[2023-07-18T01:55:32.248+0000][67][info ][gc,task     ] GC(20) Using 6 workers of 6 for evacuation
[2023-07-18T01:55:32.250+0000][67][debug][gc,age      ] GC(20) Desired survivor size 155189248 bytes, new threshold 15 (max threshold 15)
[2023-07-18T01:55:32.282+0000][67][info ][gc,phases   ] GC(20)   Pre Evacuate Collection Set: 1.0ms
[2023-07-18T01:55:32.284+0000][67][info ][gc,phases   ] GC(20)   Merge Heap Roots: 0.4ms
[2023-07-18T01:55:32.286+0000][67][info ][gc,phases   ] GC(20)   Evacuate Collection Set: 24.5ms
[2023-07-18T01:55:32.287+0000][67][info ][gc,phases   ] GC(20)   Post Evacuate Collection Set: 4.7ms
[2023-07-18T01:55:32.289+0000][67][info ][gc,phases   ] GC(20)   Other: 3.5ms
[2023-07-18T01:55:32.292+0000][67][trace][gc,age      ] GC(20) Age table with threshold 15 (max threshold 15)
[2023-07-18T01:55:32.294+0000][67][trace][gc,age      ] GC(20) - age   1:    3134872 bytes,    3134872 total
[2023-07-18T01:55:32.312+0000][67][trace][gc,age      ] GC(20) - age   2:    1653360 bytes,    4788232 total
[2023-07-18T01:55:32.316+0000][67][trace][gc,age      ] GC(20) - age   3:     103120 bytes,    4891352 total
[2023-07-18T01:55:32.317+0000][67][trace][gc,age      ] GC(20) - age   4:    1118408 bytes,    6009760 total
[2023-07-18T01:55:32.319+0000][67][trace][gc,age      ] GC(20) - age   5:     529840 bytes,    6539600 total
[2023-07-18T01:55:32.320+0000][67][trace][gc,age      ] GC(20) - age   6:     120912 bytes,    6660512 total
[2023-07-18T01:55:32.322+0000][67][trace][gc,age      ] GC(20) - age   7:    1331024 bytes,    7991536 total
[2023-07-18T01:55:32.323+0000][67][trace][gc,age      ] GC(20) - age   8:   11936312 bytes,   19927848 total
[2023-07-18T01:55:32.325+0000][67][info ][gc,heap     ] GC(20) Eden regions: 583->0(583)
[2023-07-18T01:55:32.327+0000][67][info ][gc,heap     ] GC(20) Survivor regions: 6->6(74)
[2023-07-18T01:55:32.328+0000][67][info ][gc,heap     ] GC(20) Old regions: 24->24
[2023-07-18T01:55:32.330+0000][67][info ][gc,heap     ] GC(20) Archive regions: 2->2
[2023-07-18T01:55:32.331+0000][67][info ][gc,heap     ] GC(20) Humongous regions: 0->0
[2023-07-18T01:55:32.333+0000][67][info ][gc,metaspace] GC(20) Metaspace: 139506K(142848K)->139506K(142848K) NonClass: 121574K(123264K)->121574K(123264K) Class: 17931K(19584K)->17931K(19584K)
[2023-07-18T01:55:32.334+0000][67][info ][gc          ] GC(20) Pause Young (Normal) (G1 Evacuation Pause) 2450M->117M(3932M) 87.713ms
[2023-07-18T01:55:32.335+0000][67][info ][gc,cpu      ] GC(20) User=0.16s Sys=0.00s Real=0.09s
[2023-07-18T01:55:32.337+0000][67][info ][safepoint   ] Safepoint "G1CollectForAllocation", Time since last: 7129564051 ns, Reaching safepoint: 596557 ns, At safepoint: 90607935 ns, Total: 91204492 ns
[2023-07-18T01:55:42.368+0000][67][info ][safepoint   ] Safepoint "Cleanup", Time since last: 10030774372 ns, Reaching safepoint: 195891 ns, At safepoint: 54467 ns, Total: 250358 ns
[2023-07-18T01:55:47.168+0000][67][info ][safepoint   ] Safepoint "Cleanup", Time since last: 4799077778 ns, Reaching safepoint: 624607 ns, At safepoint: 11776 ns, Total: 636383 ns
[2023-07-18T01:55:48.388+0000][67][info ][safepoint   ] Safepoint "Cleanup", Time since last: 1219294105 ns, Reaching safepoint: 502694 ns, At safepoint: 55325 ns, Total: 558019 ns
[2023-07-18T01:55:53.490+0000][67][info ][safepoint   ] Safepoint "Cleanup", Time since last: 5101419788 ns, Reaching safepoint: 384662 ns, At safepoint: 128239 ns, Total: 512901 ns
[2023-07-18T01:55:55.853+0000][67][info ][safepoint   ] Safepoint "Cleanup", Time since last: 2362603958 ns, Reaching safepoint: 591936 ns, At safepoint: 10548 ns, Total: 602484 ns
[2023-07-18T01:56:05.646+0000][67][info ][safepoint   ] Safepoint "Cleanup", Time since last: 9792593831 ns, Reaching safepoint: 468483 ns, At safepoint: 14501 ns, Total: 482984 ns
[2023-07-18T01:56:41.545+0000][67][info ][safepoint   ] Safepoint "Cleanup", Time since last: 35897934092 ns, Reaching safepoint: 268019 ns, At safepoint: 4636 ns, Total: 272655 ns
[2023-07-18T01:56:47.290+0000][67][info ][safepoint   ] Safepoint "Cleanup", Time since last: 5744703026 ns, Reaching safepoint: 283909 ns, At safepoint: 6373 ns, Total: 290282 ns
[2023-07-18T01:56:49.293+0000][67][info ][safepoint   ] Safepoint "Cleanup", Time since last: 2002021709 ns, Reaching safepoint: 194713 ns, At safepoint: 4948 ns, Total: 199661 ns
[2023-07-18T01:57:26.582+0000][67][info ][safepoint   ] Safepoint "Cleanup", Time since last: 37288638183 ns, Reaching safepoint: 282814 ns, At safepoint: 5300 ns, Total: 288114 ns
[2023-07-18T01:57:35.004+0000][67][info ][safepoint   ] Safepoint "Cleanup", Time since last: 8421346592 ns, Reaching safepoint: 455702 ns, At safepoint: 11157 ns, Total: 466859 ns
[2023-07-18T01:57:47.686+0000][67][info ][safepoint   ] Safepoint "Cleanup", Time since last: 12680874451 ns, Reaching safepoint: 248754 ns, At safepoint: 56630 ns, Total: 305384 ns
[2023-07-18T01:58:00.893+0000][67][info ][safepoint   ] Safepoint "Cleanup", Time since last: 13206911376 ns, Reaching safepoint: 336493 ns, At safepoint: 20870 ns, Total: 357363 ns
[2023-07-18T01:58:11.906+0000][67][info ][safepoint   ] Safepoint "Cleanup", Time since last: 11012521578 ns, Reaching safepoint: 221334 ns, At safepoint: 79940 ns, Total: 301274 ns
[2023-07-18T01:58:22.612+0000][67][info ][safepoint   ] Safepoint "Cleanup", Time since last: 10705437957 ns, Reaching safepoint: 434848 ns, At safepoint: 8458 ns, Total: 443306 ns
[2023-07-18T01:58:47.293+0000][67][info ][safepoint   ] Safepoint "Cleanup", Time since last: 24721776213 ns, Reaching safepoint: 417948 ns, At safepoint: 5463 ns, Total: 423411 ns
[2023-07-18T01:58:48.517+0000][67][info ][safepoint   ] Safepoint "Cleanup", Time since last: 1223603294 ns, Reaching safepoint: 260074 ns, At safepoint: 64198 ns, Total: 324272 ns
[2023-07-18T01:58:56.991+0000][67][info ][safepoint   ] Safepoint "Cleanup", Time since last: 8473805418 ns, Reaching safepoint: 285655 ns, At safepoint: 5029 ns, Total: 290684 ns
[2023-07-18T01:59:00.328+0000][67][info ][safepoint   ] Safepoint "Cleanup", Time since last: 3335836165 ns, Reaching safepoint: 392815 ns, At safepoint: 91634 ns, Total: 484449 ns
[2023-07-18T01:59:12.087+0000][67][info ][safepoint   ] Safepoint "Cleanup", Time since last: 11764956918 ns, Reaching safepoint: 179369 ns, At safepoint: 63926 ns, Total: 243295 ns
[2023-07-18T01:59:13.521+0000][67][info ][safepoint   ] Safepoint "Cleanup", Time since last: 1432709635 ns, Reaching safepoint: 468913 ns, At safepoint: 144135 ns, Total: 613048 ns
[2023-07-18T01:59:14.852+0000][67][info ][safepoint   ] Safepoint "Cleanup", Time since last: 1330628761 ns, Reaching safepoint: 290770 ns, At safepoint: 12648 ns, Total: 303418 ns
[2023-07-18T01:59:17.651+0000][67][info ][safepoint   ] Safepoint "Cleanup", Time since last: 2798893550 ns, Reaching safepoint: 288030 ns, At safepoint: 63814 ns, Total: 351844 ns
[2023-07-18T01:59:21.869+0000][67][info ][safepoint   ] Safepoint "Cleanup", Time since last: 4217898632 ns, Reaching safepoint: 506839 ns, At safepoint: 21507 ns, Total: 528346 ns
[2023-07-18T01:59:29.657+0000][67][info ][safepoint   ] Safepoint "Cleanup", Time since last: 7786977358 ns, Reaching safepoint: 396270 ns, At safepoint: 54947 ns, Total: 451217 ns
[2023-07-18T01:59:30.744+0000][67][info ][safepoint   ] Safepoint "Cleanup", Time since last: 1087360358 ns, Reaching safepoint: 97380 ns, At safepoint: 93987 ns, Total: 191367 ns
[2023-07-18T01:59:32.858+0000][67][info ][safepoint   ] Safepoint "Cleanup", Time since last: 2113530960 ns, Reaching safepoint: 595816 ns, At safepoint: 10278 ns, Total: 606094 ns
[2023-07-18T01:59:43.651+0000][67][info ][safepoint   ] Safepoint "Cleanup", Time since last: 10792831471 ns, Reaching safepoint: 541595 ns, At safepoint: 14145 ns, Total: 555740 ns
[2023-07-18T01:59:47.645+0000][67][info ][safepoint   ] Safepoint "Cleanup", Time since last: 3992861782 ns, Reaching safepoint: 403020 ns, At safepoint: 67575 ns, Total: 470595 ns
[2023-07-18T01:59:54.891+0000][67][info ][safepoint   ] Safepoint "Cleanup", Time since last: 7245411379 ns, Reaching safepoint: 319293 ns, At safepoint: 243628 ns, Total: 562921 ns
[2023-07-18T01:59:56.757+0000][67][info ][safepoint   ] Safepoint "Cleanup", Time since last: 1865413318 ns, Reaching safepoint: 667808 ns, At safepoint: 10885 ns, Total: 678693 ns
[2023-07-18T02:00:21.778+0000][67][info ][safepoint   ] Safepoint "Cleanup", Time since last: 25020549681 ns, Reaching safepoint: 588209 ns, At safepoint: 19861 ns, Total: 608070 ns
[2023-07-18T02:00:24.750+0000][67][info ][safepoint   ] Safepoint "Cleanup", Time since last: 2971511457 ns, Reaching safepoint: 716186 ns, At safepoint: 27037 ns, Total: 743223 ns
[2023-07-18T02:00:26.106+0000][67][info ][safepoint   ] Safepoint "Cleanup", Time since last: 1355556558 ns, Reaching safepoint: 469185 ns, At safepoint: 10961 ns, Total: 480146 ns
[2023-07-18T02:00:42.203+0000][67][info ][safepoint   ] Safepoint "Cleanup", Time since last: 16095697967 ns, Reaching safepoint: 280609 ns, At safepoint: 44734 ns, Total: 325343 ns
[2023-07-18T02:01:11.659+0000][67][info ][safepoint   ] Safepoint "Cleanup", Time since last: 29455431828 ns, Reaching safepoint: 385497 ns, At safepoint: 53970 ns, Total: 439467 ns
[2023-07-18T02:01:26.600+0000][67][info ][safepoint   ] Safepoint "Cleanup", Time since last: 14940583301 ns, Reaching safepoint: 321823 ns, At safepoint: 6059 ns, Total: 327882 ns
[2023-07-18T02:01:47.356+0000][67][info ][safepoint   ] Safepoint "Cleanup", Time since last: 20755862295 ns, Reaching safepoint: 351186 ns, At safepoint: 7374 ns, Total: 358560 ns
[2023-07-18T02:02:30.085+0000][67][info ][safepoint   ] Safepoint "Cleanup", Time since last: 42727912970 ns, Reaching safepoint: 242814 ns, At safepoint: 67068 ns, Total: 309882 ns
[2023-07-18T02:02:36.522+0000][67][info ][safepoint   ] Safepoint "Cleanup", Time since last: 6436436195 ns, Reaching safepoint: 355231 ns, At safepoint: 52829 ns, Total: 408060 ns
[2023-07-18T02:02:39.084+0000][67][info ][safepoint   ] Safepoint "Cleanup", Time since last: 2561634064 ns, Reaching safepoint: 403980 ns, At safepoint: 20409 ns, Total: 424389 ns
[2023-07-18T02:02:41.678+0000][67][info ][safepoint   ] Safepoint "Cleanup", Time since last: 2593520149 ns, Reaching safepoint: 363854 ns, At safepoint: 77446 ns, Total: 441300 ns
[2023-07-18T02:02:47.032+0000][67][info ][safepoint   ] Safepoint "Cleanup", Time since last: 5352790529 ns, Reaching safepoint: 316211 ns, At safepoint: 23530 ns, Total: 339741 ns
[2023-07-18T02:02:53.692+0000][67][info ][safepoint   ] Safepoint "Cleanup", Time since last: 6660414879 ns, Reaching safepoint: 210324 ns, At safepoint: 77571 ns, Total: 287895 ns
[2023-07-18T02:03:00.238+0000][67][info ][safepoint   ] Safepoint "Cleanup", Time since last: 6545841830 ns, Reaching safepoint: 299562 ns, At safepoint: 48083 ns, Total: 347645 ns
[2023-07-18T02:03:22.604+0000][67][info ][safepoint   ] Safepoint "Cleanup", Time since last: 22365067391 ns, Reaching safepoint: 348450 ns, At safepoint: 5565 ns, Total: 354015 ns
[2023-07-18T02:03:23.607+0000][67][info ][safepoint   ] Safepoint "Cleanup", Time since last: 1002867526 ns, Reaching safepoint: 342409 ns, At safepoint: 16349 ns, Total: 358758 ns
[2023-07-18T02:03:25.178+0000][67][info ][safepoint   ] Safepoint "Cleanup", Time since last: 1569747467 ns, Reaching safepoint: 245166 ns, At safepoint: 40186 ns, Total: 285352 ns
[2023-07-18T02:03:29.922+0000][67][info ][safepoint   ] Safepoint "Cleanup", Time since last: 4743866568 ns, Reaching safepoint: 295383 ns, At safepoint: 52421 ns, Total: 347804 ns
[2023-07-18T02:03:36.803+0000][67][info ][safepoint   ] Safepoint "Cleanup", Time since last: 6881055824 ns, Reaching safepoint: 250149 ns, At safepoint: 67946 ns, Total: 318095 ns
[2023-07-18T02:03:41.898+0000][67][info ][safepoint   ] Safepoint "Cleanup", Time since last: 5094144253 ns, Reaching safepoint: 442033 ns, At safepoint: 51399 ns, Total: 493432 ns
[2023-07-18T02:03:43.356+0000][67][info ][safepoint   ] Safepoint "Cleanup", Time since last: 1457688348 ns, Reaching safepoint: 360038 ns, At safepoint: 9473 ns, Total: 369511 ns
[2023-07-18T02:03:44.009+0000][67][info ][gc,heap,exit] Heap
[2023-07-18T02:03:44.011+0000][67][info ][gc,heap,exit]  garbage-first heap   total 4026368K, used 1649602K [0x000000070a400000, 0x0000000800000000)
[2023-07-18T02:03:44.012+0000][67][info ][gc,heap,exit]   region size 4096K, 380 young (1556480K), 6 survivors (24576K)
[2023-07-18T02:03:44.014+0000][67][info ][gc,heap,exit]  Metaspace       used 139892K, committed 143360K, reserved 1179648K
[2023-07-18T02:03:44.015+0000][67][info ][gc,heap,exit]   class space    used 17991K, committed 19712K, reserved 1048576K
