[2023-07-14T21:48:50.767+0000][68][info][gc,init] CardTable entry size: 512
[2023-07-14T21:48:50.768+0000][68][info][gc     ] Using G1
[2023-07-14T21:48:51.799+0000][68][info][gc,init] Version: 19.0.2+7-44 (release)
[2023-07-14T21:48:51.801+0000][68][info][gc,init] CPUs: 6 total, 6 available
[2023-07-14T21:48:51.802+0000][68][info][gc,init] Memory: 7859M
[2023-07-14T21:48:51.803+0000][68][info][gc,init] Large Page Support: Disabled
[2023-07-14T21:48:51.804+0000][68][info][gc,init] NUMA Support: Disabled
[2023-07-14T21:48:51.805+0000][68][info][gc,init] Compressed Oops: Enabled (Zero based)
[2023-07-14T21:48:51.806+0000][68][info][gc,init] Heap Region Size: 4M
[2023-07-14T21:48:51.807+0000][68][info][gc,init] Heap Min Capacity: 3932M
[2023-07-14T21:48:51.807+0000][68][info][gc,init] Heap Initial Capacity: 3932M
[2023-07-14T21:48:51.808+0000][68][info][gc,init] Heap Max Capacity: 3932M
[2023-07-14T21:48:51.809+0000][68][info][gc,init] Pre-touch: Enabled
[2023-07-14T21:48:51.810+0000][68][info][gc,init] Parallel Workers: 6
[2023-07-14T21:48:51.811+0000][68][info][gc,init] Concurrent Workers: 2
[2023-07-14T21:48:51.812+0000][68][info][gc,init] Concurrent Refinement Workers: 6
[2023-07-14T21:48:51.813+0000][68][info][gc,init] Periodic GC: Disabled
[2023-07-14T21:48:51.814+0000][68][info][gc,metaspace] CDS archive(s) mapped at: [0x0000000800000000-0x0000000800c4f000-0x0000000800c4f000), size 12906496, SharedBaseAddress: 0x0000000800000000, ArchiveRelocationMode: 0.
[2023-07-14T21:48:51.815+0000][68][info][gc,metaspace] Compressed class space mapped at: 0x0000000801000000-0x0000000841000000, reserved size: 1073741824
[2023-07-14T21:48:51.816+0000][68][info][gc,metaspace] Narrow klass base: 0x0000000800000000, Narrow klass shift: 0, Narrow klass range: 0x100000000
[2023-07-14T21:48:52.575+0000][68][info][safepoint   ] Safepoint "ICBufferFull", Time since last: 741289427 ns, Reaching safepoint: 260920 ns, At safepoint: 35044 ns, Total: 295964 ns
[2023-07-14T21:48:53.320+0000][68][info][safepoint   ] Safepoint "ICBufferFull", Time since last: 744842963 ns, Reaching safepoint: 526599 ns, At safepoint: 43856 ns, Total: 570455 ns
[2023-07-14T21:48:54.121+0000][68][info][safepoint   ] Safepoint "ICBufferFull", Time since last: 800105172 ns, Reaching safepoint: 129311 ns, At safepoint: 4853 ns, Total: 134164 ns
[2023-07-14T21:48:54.840+0000][68][info][safepoint   ] Safepoint "ICBufferFull", Time since last: 718787536 ns, Reaching safepoint: 504538 ns, At safepoint: 49926 ns, Total: 554464 ns
[2023-07-14T21:48:56.087+0000][68][info][safepoint   ] Safepoint "ICBufferFull", Time since last: 1245872017 ns, Reaching safepoint: 612056 ns, At safepoint: 5277 ns, Total: 617333 ns
[2023-07-14T21:48:56.882+0000][68][info][safepoint   ] Safepoint "ICBufferFull", Time since last: 793255349 ns, Reaching safepoint: 2515777 ns, At safepoint: 9228 ns, Total: 2525005 ns
[2023-07-14T21:48:57.068+0000][68][info][gc,start    ] GC(0) Pause Young (Normal) (G1 Evacuation Pause)
[2023-07-14T21:48:57.069+0000][68][info][gc,task     ] GC(0) Using 6 workers of 6 for evacuation
[2023-07-14T21:48:57.071+0000][68][debug][gc,age      ] GC(0) Desired survivor size 14680064 bytes, new threshold 15 (max threshold 15)
[2023-07-14T21:48:57.088+0000][68][info ][gc,phases   ] GC(0)   Pre Evacuate Collection Set: 0.4ms
[2023-07-14T21:48:57.091+0000][68][info ][gc,phases   ] GC(0)   Merge Heap Roots: 2.1ms
[2023-07-14T21:48:57.092+0000][68][info ][gc,phases   ] GC(0)   Evacuate Collection Set: 11.2ms
[2023-07-14T21:48:57.093+0000][68][info ][gc,phases   ] GC(0)   Post Evacuate Collection Set: 2.5ms
[2023-07-14T21:48:57.094+0000][68][info ][gc,phases   ] GC(0)   Other: 2.6ms
[2023-07-14T21:48:57.095+0000][68][trace][gc,age      ] GC(0) Age table with threshold 15 (max threshold 15)
[2023-07-14T21:48:57.096+0000][68][trace][gc,age      ] GC(0) - age   1:   10857808 bytes,   10857808 total
[2023-07-14T21:48:57.097+0000][68][info ][gc,heap     ] GC(0) Eden regions: 49->0(46)
[2023-07-14T21:48:57.099+0000][68][info ][gc,heap     ] GC(0) Survivor regions: 0->3(7)
[2023-07-14T21:48:57.100+0000][68][info ][gc,heap     ] GC(0) Old regions: 0->0
[2023-07-14T21:48:57.103+0000][68][info ][gc,heap     ] GC(0) Archive regions: 2->2
[2023-07-14T21:48:57.104+0000][68][info ][gc,heap     ] GC(0) Humongous regions: 0->0
[2023-07-14T21:48:57.105+0000][68][info ][gc,metaspace] GC(0) Metaspace: 17766K(18240K)->17766K(18240K) NonClass: 15775K(16000K)->15775K(16000K) Class: 1991K(2240K)->1991K(2240K)
[2023-07-14T21:48:57.106+0000][68][info ][gc          ] GC(0) Pause Young (Normal) (G1 Evacuation Pause) 199M->15M(3932M) 38.033ms
[2023-07-14T21:48:57.108+0000][68][info ][gc,cpu      ] GC(0) User=0.04s Sys=0.00s Real=0.04s
[2023-07-14T21:48:57.109+0000][68][info ][safepoint   ] Safepoint "G1CollectForAllocation", Time since last: 185323516 ns, Reaching safepoint: 194888 ns, At safepoint: 40868660 ns, Total: 41063548 ns
[2023-07-14T21:48:57.706+0000][68][info ][gc,start    ] GC(1) Pause Young (Concurrent Start) (Metadata GC Threshold)
[2023-07-14T21:48:57.708+0000][68][info ][gc,task     ] GC(1) Using 6 workers of 6 for evacuation
[2023-07-14T21:48:57.709+0000][68][debug][gc,age      ] GC(1) Desired survivor size 14680064 bytes, new threshold 15 (max threshold 15)
[2023-07-14T21:48:57.717+0000][68][info ][gc,phases   ] GC(1)   Pre Evacuate Collection Set: 0.6ms
[2023-07-14T21:48:57.718+0000][68][info ][gc,phases   ] GC(1)   Merge Heap Roots: 0.1ms
[2023-07-14T21:48:57.719+0000][68][info ][gc,phases   ] GC(1)   Evacuate Collection Set: 5.6ms
[2023-07-14T21:48:57.720+0000][68][info ][gc,phases   ] GC(1)   Post Evacuate Collection Set: 0.8ms
[2023-07-14T21:48:57.721+0000][68][info ][gc,phases   ] GC(1)   Other: 2.1ms
[2023-07-14T21:48:57.722+0000][68][trace][gc,age      ] GC(1) Age table with threshold 15 (max threshold 15)
[2023-07-14T21:48:57.723+0000][68][trace][gc,age      ] GC(1) - age   1:    1091504 bytes,    1091504 total
[2023-07-14T21:48:57.724+0000][68][trace][gc,age      ] GC(1) - age   2:    9745632 bytes,   10837136 total
[2023-07-14T21:48:57.725+0000][68][info ][gc,heap     ] GC(1) Eden regions: 15->0(46)
[2023-07-14T21:48:57.727+0000][68][info ][gc,heap     ] GC(1) Survivor regions: 3->3(7)
[2023-07-14T21:48:57.728+0000][68][info ][gc,heap     ] GC(1) Old regions: 0->0
[2023-07-14T21:48:57.729+0000][68][info ][gc,heap     ] GC(1) Archive regions: 2->2
[2023-07-14T21:48:57.730+0000][68][info ][gc,heap     ] GC(1) Humongous regions: 0->0
[2023-07-14T21:48:57.731+0000][68][info ][gc,metaspace] GC(1) Metaspace: 21024K(21504K)->21024K(21504K) NonClass: 18710K(18944K)->18710K(18944K) Class: 2314K(2560K)->2314K(2560K)
[2023-07-14T21:48:57.733+0000][68][info ][gc          ] GC(1) Pause Young (Concurrent Start) (Metadata GC Threshold) 75M->15M(3932M) 26.078ms
[2023-07-14T21:48:57.734+0000][68][info ][gc,cpu      ] GC(1) User=0.02s Sys=0.00s Real=0.03s
[2023-07-14T21:48:57.735+0000][68][info ][safepoint   ] Safepoint "CollectForMetadataAllocation", Time since last: 597573746 ns, Reaching safepoint: 159068 ns, At safepoint: 28849685 ns, Total: 29008753 ns
[2023-07-14T21:48:57.734+0000][68][info ][gc          ] GC(2) Concurrent Mark Cycle
[2023-07-14T21:48:57.739+0000][68][info ][gc,marking  ] GC(2) Concurrent Clear Claimed Marks
[2023-07-14T21:48:57.740+0000][68][info ][gc,marking  ] GC(2) Concurrent Clear Claimed Marks 0.957ms
[2023-07-14T21:48:57.741+0000][68][info ][gc,marking  ] GC(2) Concurrent Scan Root Regions
[2023-07-14T21:48:57.751+0000][68][info ][gc,marking  ] GC(2) Concurrent Scan Root Regions 10.436ms
[2023-07-14T21:48:57.752+0000][68][info ][gc,marking  ] GC(2) Concurrent Mark
[2023-07-14T21:48:57.753+0000][68][info ][gc,marking  ] GC(2) Concurrent Mark From Roots
[2023-07-14T21:48:57.754+0000][68][info ][gc,task     ] GC(2) Using 2 workers of 2 for marking
[2023-07-14T21:48:57.759+0000][68][info ][gc,marking  ] GC(2) Concurrent Mark From Roots 5.457ms
[2023-07-14T21:48:57.760+0000][68][info ][gc,marking  ] GC(2) Concurrent Preclean
[2023-07-14T21:48:57.761+0000][68][info ][gc,marking  ] GC(2) Concurrent Preclean 1.110ms
[2023-07-14T21:48:57.762+0000][68][info ][safepoint   ] Safepoint "CollectForMetadataAllocation", Time since last: 26950354 ns, Reaching safepoint: 94344 ns, At safepoint: 65452 ns, Total: 159796 ns
[2023-07-14T21:48:57.767+0000][68][info ][gc,start    ] GC(2) Pause Remark
[2023-07-14T21:48:57.774+0000][68][info ][gc          ] GC(2) Pause Remark 18M->18M(3932M) 7.132ms
[2023-07-14T21:48:57.775+0000][68][info ][gc,cpu      ] GC(2) User=0.01s Sys=0.00s Real=0.01s
[2023-07-14T21:48:57.776+0000][68][info ][safepoint   ] Safepoint "G1PauseRemark", Time since last: 3965689 ns, Reaching safepoint: 454533 ns, At safepoint: 9375721 ns, Total: 9830254 ns
[2023-07-14T21:48:57.777+0000][68][info ][gc,marking  ] GC(2) Concurrent Mark 24.635ms
[2023-07-14T21:48:57.778+0000][68][info ][gc,marking  ] GC(2) Concurrent Rebuild Remembered Sets
[2023-07-14T21:48:57.779+0000][68][info ][gc,marking  ] GC(2) Concurrent Rebuild Remembered Sets 1.117ms
[2023-07-14T21:48:57.781+0000][68][info ][gc,start    ] GC(2) Pause Cleanup
[2023-07-14T21:48:57.782+0000][68][info ][gc          ] GC(2) Pause Cleanup 18M->18M(3932M) 1.072ms
[2023-07-14T21:48:57.783+0000][68][info ][gc,cpu      ] GC(2) User=0.00s Sys=0.00s Real=0.01s
[2023-07-14T21:48:57.784+0000][68][info ][safepoint   ] Safepoint "G1PauseCleanup", Time since last: 4810239 ns, Reaching safepoint: 331369 ns, At safepoint: 2911710 ns, Total: 3243079 ns
[2023-07-14T21:48:57.785+0000][68][info ][gc,marking  ] GC(2) Concurrent Cleanup for Next Mark
[2023-07-14T21:48:57.790+0000][68][info ][gc,marking  ] GC(2) Concurrent Cleanup for Next Mark 4.956ms
[2023-07-14T21:48:57.792+0000][68][info ][gc          ] GC(2) Concurrent Mark Cycle 57.622ms
[2023-07-14T21:48:58.716+0000][68][info ][safepoint   ] Safepoint "ICBufferFull", Time since last: 930890748 ns, Reaching safepoint: 423378 ns, At safepoint: 6322 ns, Total: 429700 ns
[2023-07-14T21:48:59.070+0000][68][info ][gc,start    ] GC(3) Pause Young (Normal) (G1 Evacuation Pause)
[2023-07-14T21:48:59.071+0000][68][info ][gc,task     ] GC(3) Using 6 workers of 6 for evacuation
[2023-07-14T21:48:59.072+0000][68][debug][gc,age      ] GC(3) Desired survivor size 14680064 bytes, new threshold 15 (max threshold 15)
[2023-07-14T21:48:59.114+0000][68][info ][gc,phases   ] GC(3)   Pre Evacuate Collection Set: 0.3ms
[2023-07-14T21:48:59.115+0000][68][info ][gc,phases   ] GC(3)   Merge Heap Roots: 0.1ms
[2023-07-14T21:48:59.117+0000][68][info ][gc,phases   ] GC(3)   Evacuate Collection Set: 34.3ms
[2023-07-14T21:48:59.118+0000][68][info ][gc,phases   ] GC(3)   Post Evacuate Collection Set: 5.9ms
[2023-07-14T21:48:59.119+0000][68][info ][gc,phases   ] GC(3)   Other: 2.4ms
[2023-07-14T21:48:59.123+0000][68][trace][gc,age      ] GC(3) Age table with threshold 15 (max threshold 15)
[2023-07-14T21:48:59.124+0000][68][trace][gc,age      ] GC(3) - age   1:    6593024 bytes,    6593024 total
[2023-07-14T21:48:59.125+0000][68][trace][gc,age      ] GC(3) - age   2:    1062760 bytes,    7655784 total
[2023-07-14T21:48:59.127+0000][68][trace][gc,age      ] GC(3) - age   3:    9737984 bytes,   17393768 total
[2023-07-14T21:48:59.128+0000][68][info ][gc,heap     ] GC(3) Eden regions: 46->0(81)
[2023-07-14T21:48:59.129+0000][68][info ][gc,heap     ] GC(3) Survivor regions: 3->5(7)
[2023-07-14T21:48:59.130+0000][68][info ][gc,heap     ] GC(3) Old regions: 0->0
[2023-07-14T21:48:59.131+0000][68][info ][gc,heap     ] GC(3) Archive regions: 2->2
[2023-07-14T21:48:59.132+0000][68][info ][gc,heap     ] GC(3) Humongous regions: 0->0
[2023-07-14T21:48:59.133+0000][68][info ][gc,metaspace] GC(3) Metaspace: 25357K(25984K)->25357K(25984K) NonClass: 22451K(22784K)->22451K(22784K) Class: 2905K(3200K)->2905K(3200K)
[2023-07-14T21:48:59.135+0000][68][info ][gc          ] GC(3) Pause Young (Normal) (G1 Evacuation Pause) 199M->21M(3932M) 64.827ms
[2023-07-14T21:48:59.135+0000][68][info ][gc,cpu      ] GC(3) User=0.10s Sys=0.00s Real=0.07s
[2023-07-14T21:48:59.137+0000][68][info ][safepoint   ] Safepoint "G1CollectForAllocation", Time since last: 354023173 ns, Reaching safepoint: 130521 ns, At safepoint: 66882185 ns, Total: 67012706 ns
[2023-07-14T21:48:59.982+0000][68][info ][safepoint   ] Safepoint "ICBufferFull", Time since last: 844930468 ns, Reaching safepoint: 202984 ns, At safepoint: 4246 ns, Total: 207230 ns
[2023-07-14T21:49:00.910+0000][68][info ][gc,start    ] GC(4) Pause Young (Normal) (G1 Evacuation Pause)
[2023-07-14T21:49:00.912+0000][68][info ][gc,task     ] GC(4) Using 6 workers of 6 for evacuation
[2023-07-14T21:49:00.913+0000][68][debug][gc,age      ] GC(4) Desired survivor size 23068672 bytes, new threshold 15 (max threshold 15)
[2023-07-14T21:49:00.935+0000][68][info ][gc,phases   ] GC(4)   Pre Evacuate Collection Set: 0.4ms
[2023-07-14T21:49:00.940+0000][68][info ][gc,phases   ] GC(4)   Merge Heap Roots: 0.1ms
[2023-07-14T21:49:00.943+0000][68][info ][gc,phases   ] GC(4)   Evacuate Collection Set: 15.4ms
[2023-07-14T21:49:00.944+0000][68][info ][gc,phases   ] GC(4)   Post Evacuate Collection Set: 5.1ms
[2023-07-14T21:49:00.945+0000][68][info ][gc,phases   ] GC(4)   Other: 2.6ms
[2023-07-14T21:49:00.946+0000][68][trace][gc,age      ] GC(4) Age table with threshold 15 (max threshold 15)
[2023-07-14T21:49:00.947+0000][68][trace][gc,age      ] GC(4) - age   1:    6224224 bytes,    6224224 total
[2023-07-14T21:49:00.948+0000][68][trace][gc,age      ] GC(4) - age   2:    5126848 bytes,   11351072 total
[2023-07-14T21:49:00.950+0000][68][trace][gc,age      ] GC(4) - age   3:    1062424 bytes,   12413496 total
[2023-07-14T21:49:00.951+0000][68][trace][gc,age      ] GC(4) - age   4:    9733808 bytes,   22147304 total
[2023-07-14T21:49:00.952+0000][68][info ][gc,heap     ] GC(4) Eden regions: 81->0(351)
[2023-07-14T21:49:00.955+0000][68][info ][gc,heap     ] GC(4) Survivor regions: 5->6(11)
[2023-07-14T21:49:00.957+0000][68][info ][gc,heap     ] GC(4) Old regions: 0->0
[2023-07-14T21:49:00.958+0000][68][info ][gc,heap     ] GC(4) Archive regions: 2->2
[2023-07-14T21:49:00.960+0000][68][info ][gc,heap     ] GC(4) Humongous regions: 0->0
[2023-07-14T21:49:00.961+0000][68][info ][gc,metaspace] GC(4) Metaspace: 31293K(31936K)->31293K(31936K) NonClass: 27740K(28096K)->27740K(28096K) Class: 3553K(3840K)->3553K(3840K)
[2023-07-14T21:49:00.962+0000][68][info ][gc          ] GC(4) Pause Young (Normal) (G1 Evacuation Pause) 345M->27M(3932M) 51.414ms
[2023-07-14T21:49:00.963+0000][68][info ][gc,cpu      ] GC(4) User=0.10s Sys=0.01s Real=0.06s
[2023-07-14T21:49:00.965+0000][68][info ][safepoint   ] Safepoint "G1CollectForAllocation", Time since last: 928229955 ns, Reaching safepoint: 431575 ns, At safepoint: 54522825 ns, Total: 54954400 ns
[2023-07-14T21:49:01.969+0000][68][info ][safepoint   ] Safepoint "Cleanup", Time since last: 1003798744 ns, Reaching safepoint: 250324 ns, At safepoint: 40574 ns, Total: 290898 ns
[2023-07-14T21:49:02.979+0000][68][info ][safepoint   ] Safepoint "Cleanup", Time since last: 1002149111 ns, Reaching safepoint: 8225312 ns, At safepoint: 87268 ns, Total: 8312580 ns
[2023-07-14T21:49:03.143+0000][68][info ][gc,start    ] GC(5) Pause Young (Concurrent Start) (Metadata GC Threshold)
[2023-07-14T21:49:03.144+0000][68][info ][gc,task     ] GC(5) Using 6 workers of 6 for evacuation
[2023-07-14T21:49:03.146+0000][68][debug][gc,age      ] GC(5) Desired survivor size 94371840 bytes, new threshold 15 (max threshold 15)
[2023-07-14T21:49:03.177+0000][68][info ][gc,phases   ] GC(5)   Pre Evacuate Collection Set: 1.1ms
[2023-07-14T21:49:03.179+0000][68][info ][gc,phases   ] GC(5)   Merge Heap Roots: 0.1ms
[2023-07-14T21:49:03.180+0000][68][info ][gc,phases   ] GC(5)   Evacuate Collection Set: 23.7ms
[2023-07-14T21:49:03.182+0000][68][info ][gc,phases   ] GC(5)   Post Evacuate Collection Set: 4.6ms
[2023-07-14T21:49:03.187+0000][68][info ][gc,phases   ] GC(5)   Other: 3.2ms
[2023-07-14T21:49:03.187+0000][68][trace][gc,age      ] GC(5) Age table with threshold 15 (max threshold 15)
[2023-07-14T21:49:03.188+0000][68][trace][gc,age      ] GC(5) - age   1:    8975032 bytes,    8975032 total
[2023-07-14T21:49:03.189+0000][68][trace][gc,age      ] GC(5) - age   2:    5348784 bytes,   14323816 total
[2023-07-14T21:49:03.190+0000][68][trace][gc,age      ] GC(5) - age   3:    5111520 bytes,   19435336 total
[2023-07-14T21:49:03.193+0000][68][trace][gc,age      ] GC(5) - age   4:    1059000 bytes,   20494336 total
[2023-07-14T21:49:03.194+0000][68][trace][gc,age      ] GC(5) - age   5:    9579848 bytes,   30074184 total
[2023-07-14T21:49:03.196+0000][68][info ][gc,heap     ] GC(5) Eden regions: 164->0(150)
[2023-07-14T21:49:03.197+0000][68][info ][gc,heap     ] GC(5) Survivor regions: 6->8(45)
[2023-07-14T21:49:03.198+0000][68][info ][gc,heap     ] GC(5) Old regions: 0->0
[2023-07-14T21:49:03.199+0000][68][info ][gc,heap     ] GC(5) Archive regions: 2->2
[2023-07-14T21:49:03.200+0000][68][info ][gc,heap     ] GC(5) Humongous regions: 0->0
[2023-07-14T21:49:03.201+0000][68][info ][gc,metaspace] GC(5) Metaspace: 35603K(36480K)->35603K(36480K) NonClass: 31508K(32000K)->31508K(32000K) Class: 4095K(4480K)->4095K(4480K)
[2023-07-14T21:49:03.201+0000][68][info ][gc          ] GC(5) Pause Young (Concurrent Start) (Metadata GC Threshold) 681M->34M(3932M) 58.675ms
[2023-07-14T21:49:03.202+0000][68][info ][gc,cpu      ] GC(5) User=0.05s Sys=0.01s Real=0.05s
[2023-07-14T21:49:03.203+0000][68][info ][gc          ] GC(6) Concurrent Mark Cycle
[2023-07-14T21:49:03.204+0000][68][info ][gc,marking  ] GC(6) Concurrent Clear Claimed Marks
[2023-07-14T21:49:03.208+0000][68][info ][gc,marking  ] GC(6) Concurrent Clear Claimed Marks 3.225ms
[2023-07-14T21:49:03.209+0000][68][info ][gc,marking  ] GC(6) Concurrent Scan Root Regions
[2023-07-14T21:49:03.204+0000][68][info ][safepoint   ] Safepoint "CollectForMetadataAllocation", Time since last: 163042317 ns, Reaching safepoint: 72441 ns, At safepoint: 61200182 ns, Total: 61272623 ns
[2023-07-14T21:49:03.216+0000][68][info ][gc,marking  ] GC(6) Concurrent Scan Root Regions 7.085ms
[2023-07-14T21:49:03.217+0000][68][info ][gc,marking  ] GC(6) Concurrent Mark
[2023-07-14T21:49:03.219+0000][68][info ][gc,marking  ] GC(6) Concurrent Mark From Roots
[2023-07-14T21:49:03.220+0000][68][info ][gc,task     ] GC(6) Using 2 workers of 2 for marking
[2023-07-14T21:49:03.224+0000][68][info ][gc,marking  ] GC(6) Concurrent Mark From Roots 5.129ms
[2023-07-14T21:49:03.225+0000][68][info ][gc,marking  ] GC(6) Concurrent Preclean
[2023-07-14T21:49:03.226+0000][68][info ][gc,marking  ] GC(6) Concurrent Preclean 1.290ms
[2023-07-14T21:49:03.228+0000][68][info ][gc,start    ] GC(6) Pause Remark
[2023-07-14T21:49:03.238+0000][68][info ][gc          ] GC(6) Pause Remark 38M->38M(3932M) 9.847ms
[2023-07-14T21:49:03.242+0000][68][info ][gc,cpu      ] GC(6) User=0.01s Sys=0.00s Real=0.02s
[2023-07-14T21:49:03.244+0000][68][info ][safepoint   ] Safepoint "G1PauseRemark", Time since last: 23444181 ns, Reaching safepoint: 642489 ns, At safepoint: 16118845 ns, Total: 16761334 ns
[2023-07-14T21:49:03.245+0000][68][info ][gc,marking  ] GC(6) Concurrent Mark 27.960ms
[2023-07-14T21:49:03.246+0000][68][info ][gc,marking  ] GC(6) Concurrent Rebuild Remembered Sets
[2023-07-14T21:49:03.247+0000][68][info ][gc,marking  ] GC(6) Concurrent Rebuild Remembered Sets 1.226ms
[2023-07-14T21:49:03.249+0000][68][info ][gc,start    ] GC(6) Pause Cleanup
[2023-07-14T21:49:03.250+0000][68][info ][gc          ] GC(6) Pause Cleanup 38M->38M(3932M) 1.616ms
[2023-07-14T21:49:03.252+0000][68][info ][gc,cpu      ] GC(6) User=0.00s Sys=0.00s Real=0.00s
[2023-07-14T21:49:03.253+0000][68][info ][safepoint   ] Safepoint "G1PauseCleanup", Time since last: 4379240 ns, Reaching safepoint: 317276 ns, At safepoint: 4123034 ns, Total: 4440310 ns
[2023-07-14T21:49:03.254+0000][68][info ][gc,marking  ] GC(6) Concurrent Cleanup for Next Mark
[2023-07-14T21:49:03.260+0000][68][info ][gc,marking  ] GC(6) Concurrent Cleanup for Next Mark 5.929ms
[2023-07-14T21:49:03.262+0000][68][info ][gc          ] GC(6) Concurrent Mark Cycle 58.687ms
[2023-07-14T21:49:04.464+0000][68][info ][safepoint   ] Safepoint "ICBufferFull", Time since last: 1210542120 ns, Reaching safepoint: 598634 ns, At safepoint: 8022 ns, Total: 606656 ns
[2023-07-14T21:49:04.874+0000][68][info ][safepoint   ] Safepoint "ICBufferFull", Time since last: 409839853 ns, Reaching safepoint: 256705 ns, At safepoint: 7086 ns, Total: 263791 ns
[2023-07-14T21:49:05.879+0000][68][info ][safepoint   ] Safepoint "Cleanup", Time since last: 1002398244 ns, Reaching safepoint: 2692219 ns, At safepoint: 13671 ns, Total: 2705890 ns
[2023-07-14T21:49:07.132+0000][68][info ][safepoint   ] Safepoint "Cleanup", Time since last: 1252838064 ns, Reaching safepoint: 183856 ns, At safepoint: 42506 ns, Total: 226362 ns
[2023-07-14T21:49:08.135+0000][68][info ][safepoint   ] Safepoint "Cleanup", Time since last: 1002071566 ns, Reaching safepoint: 243533 ns, At safepoint: 7044 ns, Total: 250577 ns
[2023-07-14T21:49:09.136+0000][68][info ][safepoint   ] Safepoint "Cleanup", Time since last: 1001276226 ns, Reaching safepoint: 297429 ns, At safepoint: 6862 ns, Total: 304291 ns
[2023-07-14T21:49:09.817+0000][68][info ][safepoint   ] Safepoint "ICBufferFull", Time since last: 679907269 ns, Reaching safepoint: 505964 ns, At safepoint: 40109 ns, Total: 546073 ns
[2023-07-14T21:49:10.257+0000][68][info ][gc,start    ] GC(7) Pause Young (Concurrent Start) (Metadata GC Threshold)
[2023-07-14T21:49:10.258+0000][68][info ][gc,task     ] GC(7) Using 6 workers of 6 for evacuation
[2023-07-14T21:49:10.259+0000][68][debug][gc,age      ] GC(7) Desired survivor size 41943040 bytes, new threshold 15 (max threshold 15)
[2023-07-14T21:49:10.317+0000][68][info ][gc,phases   ] GC(7)   Pre Evacuate Collection Set: 0.5ms
[2023-07-14T21:49:10.319+0000][68][info ][gc,phases   ] GC(7)   Merge Heap Roots: 0.2ms
[2023-07-14T21:49:10.320+0000][68][info ][gc,phases   ] GC(7)   Evacuate Collection Set: 50.8ms
[2023-07-14T21:49:10.321+0000][68][info ][gc,phases   ] GC(7)   Post Evacuate Collection Set: 5.2ms
[2023-07-14T21:49:10.322+0000][68][info ][gc,phases   ] GC(7)   Other: 2.2ms
[2023-07-14T21:49:10.323+0000][68][trace][gc,age      ] GC(7) Age table with threshold 15 (max threshold 15)
[2023-07-14T21:49:10.324+0000][68][trace][gc,age      ] GC(7) - age   1:   25108480 bytes,   25108480 total
[2023-07-14T21:49:10.326+0000][68][trace][gc,age      ] GC(7) - age   2:    8874664 bytes,   33983144 total
[2023-07-14T21:49:10.327+0000][68][trace][gc,age      ] GC(7) - age   3:    5334960 bytes,   39318104 total
[2023-07-14T21:49:10.328+0000][68][trace][gc,age      ] GC(7) - age   4:    5082312 bytes,   44400416 total
[2023-07-14T21:49:10.329+0000][68][trace][gc,age      ] GC(7) - age   5:    1054568 bytes,   45454984 total
[2023-07-14T21:49:10.331+0000][68][trace][gc,age      ] GC(7) - age   6:    9510824 bytes,   54965808 total
[2023-07-14T21:49:10.332+0000][68][info ][gc,heap     ] GC(7) Eden regions: 115->0(107)
[2023-07-14T21:49:10.334+0000][68][info ][gc,heap     ] GC(7) Survivor regions: 8->14(20)
[2023-07-14T21:49:10.335+0000][68][info ][gc,heap     ] GC(7) Old regions: 0->0
[2023-07-14T21:49:10.336+0000][68][info ][gc,heap     ] GC(7) Archive regions: 2->2
[2023-07-14T21:49:10.337+0000][68][info ][gc,heap     ] GC(7) Humongous regions: 0->0
[2023-07-14T21:49:10.338+0000][68][info ][gc,metaspace] GC(7) Metaspace: 59698K(61056K)->59698K(61056K) NonClass: 52263K(53056K)->52263K(53056K) Class: 7434K(8000K)->7434K(8000K)
[2023-07-14T21:49:10.339+0000][68][info ][gc          ] GC(7) Pause Young (Concurrent Start) (Metadata GC Threshold) 492M->58M(3932M) 81.773ms
[2023-07-14T21:49:10.340+0000][68][info ][gc,cpu      ] GC(7) User=0.13s Sys=0.00s Real=0.08s
[2023-07-14T21:49:10.340+0000][68][info ][gc          ] GC(8) Concurrent Mark Cycle
[2023-07-14T21:49:10.346+0000][68][info ][gc,marking  ] GC(8) Concurrent Clear Claimed Marks
[2023-07-14T21:49:10.347+0000][68][info ][gc,marking  ] GC(8) Concurrent Clear Claimed Marks 1.239ms
[2023-07-14T21:49:10.348+0000][68][info ][gc,marking  ] GC(8) Concurrent Scan Root Regions
[2023-07-14T21:49:10.346+0000][68][info ][safepoint   ] Safepoint "CollectForMetadataAllocation", Time since last: 440124776 ns, Reaching safepoint: 241549 ns, At safepoint: 88807228 ns, Total: 89048777 ns
[2023-07-14T21:49:10.375+0000][68][info ][gc,marking  ] GC(8) Concurrent Scan Root Regions 27.142ms
[2023-07-14T21:49:10.376+0000][68][info ][gc,marking  ] GC(8) Concurrent Mark
[2023-07-14T21:49:10.378+0000][68][info ][gc,marking  ] GC(8) Concurrent Mark From Roots
[2023-07-14T21:49:10.379+0000][68][info ][gc,task     ] GC(8) Using 2 workers of 2 for marking
[2023-07-14T21:49:10.381+0000][68][info ][gc,marking  ] GC(8) Concurrent Mark From Roots 2.908ms
[2023-07-14T21:49:10.382+0000][68][info ][gc,marking  ] GC(8) Concurrent Preclean
[2023-07-14T21:49:10.383+0000][68][info ][gc,marking  ] GC(8) Concurrent Preclean 0.995ms
[2023-07-14T21:49:10.385+0000][68][info ][gc,start    ] GC(8) Pause Remark
[2023-07-14T21:49:10.395+0000][68][info ][gc          ] GC(8) Pause Remark 61M->61M(3932M) 10.681ms
[2023-07-14T21:49:10.396+0000][68][info ][gc,cpu      ] GC(8) User=0.01s Sys=0.00s Real=0.01s
[2023-07-14T21:49:10.398+0000][68][info ][safepoint   ] Safepoint "G1PauseRemark", Time since last: 38596027 ns, Reaching safepoint: 282787 ns, At safepoint: 12912113 ns, Total: 13194900 ns
[2023-07-14T21:49:10.398+0000][68][info ][gc,marking  ] GC(8) Concurrent Mark 22.102ms
[2023-07-14T21:49:10.399+0000][68][info ][gc,marking  ] GC(8) Concurrent Rebuild Remembered Sets
[2023-07-14T21:49:10.400+0000][68][info ][gc,marking  ] GC(8) Concurrent Rebuild Remembered Sets 0.996ms
[2023-07-14T21:49:10.402+0000][68][info ][gc,start    ] GC(8) Pause Cleanup
[2023-07-14T21:49:10.403+0000][68][info ][gc          ] GC(8) Pause Cleanup 61M->61M(3932M) 1.328ms
[2023-07-14T21:49:10.404+0000][68][info ][gc,cpu      ] GC(8) User=0.00s Sys=0.00s Real=0.01s
[2023-07-14T21:49:10.405+0000][68][info ][safepoint   ] Safepoint "G1PauseCleanup", Time since last: 3759990 ns, Reaching safepoint: 260140 ns, At safepoint: 3679876 ns, Total: 3940016 ns
[2023-07-14T21:49:10.406+0000][68][info ][gc,marking  ] GC(8) Concurrent Cleanup for Next Mark
[2023-07-14T21:49:10.411+0000][68][info ][gc,marking  ] GC(8) Concurrent Cleanup for Next Mark 4.545ms
[2023-07-14T21:49:10.412+0000][68][info ][gc          ] GC(8) Concurrent Mark Cycle 71.747ms
[2023-07-14T21:49:11.407+0000][68][info ][safepoint   ] Safepoint "Cleanup", Time since last: 1000911998 ns, Reaching safepoint: 523276 ns, At safepoint: 10733 ns, Total: 534009 ns
[2023-07-14T21:49:12.462+0000][68][info ][safepoint   ] Safepoint "Cleanup", Time since last: 1054056906 ns, Reaching safepoint: 1172844 ns, At safepoint: 6372 ns, Total: 1179216 ns
[2023-07-14T21:49:13.495+0000][68][info ][safepoint   ] Safepoint "Cleanup", Time since last: 1032222700 ns, Reaching safepoint: 413126 ns, At safepoint: 79428 ns, Total: 492554 ns
[2023-07-14T21:49:14.571+0000][68][info ][safepoint   ] Safepoint "Cleanup", Time since last: 1075446728 ns, Reaching safepoint: 379902 ns, At safepoint: 17120 ns, Total: 397022 ns
[2023-07-14T21:49:15.886+0000][68][info ][safepoint   ] Safepoint "Cleanup", Time since last: 1314519356 ns, Reaching safepoint: 444078 ns, At safepoint: 38579 ns, Total: 482657 ns
[2023-07-14T21:49:16.134+0000][68][info ][gc,start    ] GC(9) Pause Young (Normal) (G1 Evacuation Pause)
[2023-07-14T21:49:16.136+0000][68][info ][gc,task     ] GC(9) Using 6 workers of 6 for evacuation
[2023-07-14T21:49:16.137+0000][68][debug][gc,age      ] GC(9) Desired survivor size 33554432 bytes, new threshold 2 (max threshold 15)
[2023-07-14T21:49:16.189+0000][68][info ][gc,phases   ] GC(9)   Pre Evacuate Collection Set: 0.4ms
[2023-07-14T21:49:16.191+0000][68][info ][gc,phases   ] GC(9)   Merge Heap Roots: 0.1ms
[2023-07-14T21:49:16.192+0000][68][info ][gc,phases   ] GC(9)   Evacuate Collection Set: 43.7ms
[2023-07-14T21:49:16.192+0000][68][info ][gc,phases   ] GC(9)   Post Evacuate Collection Set: 6.1ms
[2023-07-14T21:49:16.194+0000][68][info ][gc,phases   ] GC(9)   Other: 3.1ms
[2023-07-14T21:49:16.194+0000][68][trace][gc,age      ] GC(9) Age table with threshold 2 (max threshold 15)
[2023-07-14T21:49:16.196+0000][68][trace][gc,age      ] GC(9) - age   1:   14961064 bytes,   14961064 total
[2023-07-14T21:49:16.197+0000][68][trace][gc,age      ] GC(9) - age   2:   24559696 bytes,   39520760 total
[2023-07-14T21:49:16.198+0000][68][info ][gc,heap     ] GC(9) Eden regions: 107->0(143)
[2023-07-14T21:49:16.199+0000][68][info ][gc,heap     ] GC(9) Survivor regions: 14->11(16)
[2023-07-14T21:49:16.200+0000][68][info ][gc,heap     ] GC(9) Old regions: 0->8
[2023-07-14T21:49:16.201+0000][68][info ][gc,heap     ] GC(9) Archive regions: 2->2
[2023-07-14T21:49:16.202+0000][68][info ][gc,heap     ] GC(9) Humongous regions: 0->0
[2023-07-14T21:49:16.203+0000][68][info ][gc,metaspace] GC(9) Metaspace: 97418K(99520K)->97418K(99520K) NonClass: 84787K(85952K)->84787K(85952K) Class: 12630K(13568K)->12630K(13568K)
[2023-07-14T21:49:16.204+0000][68][info ][gc          ] GC(9) Pause Young (Normal) (G1 Evacuation Pause) 486M->74M(3932M) 69.496ms
[2023-07-14T21:49:16.205+0000][68][info ][gc,cpu      ] GC(9) User=0.16s Sys=0.00s Real=0.07s
[2023-07-14T21:49:16.207+0000][68][info ][safepoint   ] Safepoint "G1CollectForAllocation", Time since last: 247837800 ns, Reaching safepoint: 155692 ns, At safepoint: 73028624 ns, Total: 73184316 ns
[2023-07-14T21:49:16.423+0000][68][info ][gc,start    ] GC(10) Pause Young (Concurrent Start) (Metadata GC Threshold)
[2023-07-14T21:49:16.424+0000][68][info ][gc,task     ] GC(10) Using 6 workers of 6 for evacuation
[2023-07-14T21:49:16.426+0000][68][debug][gc,age      ] GC(10) Desired survivor size 41943040 bytes, new threshold 15 (max threshold 15)
[2023-07-14T21:49:16.470+0000][68][info ][gc,phases   ] GC(10)   Pre Evacuate Collection Set: 0.8ms
[2023-07-14T21:49:16.471+0000][68][info ][gc,phases   ] GC(10)   Merge Heap Roots: 0.1ms
[2023-07-14T21:49:16.472+0000][68][info ][gc,phases   ] GC(10)   Evacuate Collection Set: 38.2ms
[2023-07-14T21:49:16.472+0000][68][info ][gc,phases   ] GC(10)   Post Evacuate Collection Set: 3.4ms
[2023-07-14T21:49:16.474+0000][68][info ][gc,phases   ] GC(10)   Other: 2.8ms
[2023-07-14T21:49:16.474+0000][68][trace][gc,age      ] GC(10) Age table with threshold 15 (max threshold 15)
[2023-07-14T21:49:16.475+0000][68][trace][gc,age      ] GC(10) - age   1:    1308000 bytes,    1308000 total
[2023-07-14T21:49:16.477+0000][68][trace][gc,age      ] GC(10) - age   2:   14562648 bytes,   15870648 total
[2023-07-14T21:49:16.478+0000][68][trace][gc,age      ] GC(10) - age   3:   24557280 bytes,   40427928 total
[2023-07-14T21:49:16.480+0000][68][info ][gc,heap     ] GC(10) Eden regions: 6->0(169)
[2023-07-14T21:49:16.481+0000][68][info ][gc,heap     ] GC(10) Survivor regions: 11->11(20)
[2023-07-14T21:49:16.482+0000][68][info ][gc,heap     ] GC(10) Old regions: 8->8
[2023-07-14T21:49:16.483+0000][68][info ][gc,heap     ] GC(10) Archive regions: 2->2
[2023-07-14T21:49:16.484+0000][68][info ][gc,heap     ] GC(10) Humongous regions: 0->0
[2023-07-14T21:49:16.485+0000][68][info ][gc,metaspace] GC(10) Metaspace: 99746K(102208K)->99746K(102208K) NonClass: 86727K(88064K)->86727K(88064K) Class: 13019K(14144K)->13019K(14144K)
[2023-07-14T21:49:16.486+0000][68][info ][gc          ] GC(10) Pause Young (Concurrent Start) (Metadata GC Threshold) 98M->75M(3932M) 63.443ms
[2023-07-14T21:49:16.487+0000][68][info ][gc,cpu      ] GC(10) User=0.12s Sys=0.00s Real=0.07s
[2023-07-14T21:49:16.487+0000][68][info ][gc          ] GC(11) Concurrent Mark Cycle
[2023-07-14T21:49:16.489+0000][68][info ][gc,marking  ] GC(11) Concurrent Clear Claimed Marks
[2023-07-14T21:49:16.490+0000][68][info ][gc,marking  ] GC(11) Concurrent Clear Claimed Marks 1.599ms
[2023-07-14T21:49:16.491+0000][68][info ][gc,marking  ] GC(11) Concurrent Scan Root Regions
[2023-07-14T21:49:16.488+0000][68][info ][safepoint   ] Safepoint "CollectForMetadataAllocation", Time since last: 215417345 ns, Reaching safepoint: 157192 ns, At safepoint: 65438307 ns, Total: 65595499 ns
[2023-07-14T21:49:16.513+0000][68][info ][gc,marking  ] GC(11) Concurrent Scan Root Regions 22.069ms
[2023-07-14T21:49:16.514+0000][68][info ][gc,marking  ] GC(11) Concurrent Mark
[2023-07-14T21:49:16.515+0000][68][info ][gc,marking  ] GC(11) Concurrent Mark From Roots
[2023-07-14T21:49:16.516+0000][68][info ][gc,task     ] GC(11) Using 2 workers of 2 for marking
[2023-07-14T21:49:16.543+0000][68][info ][gc,marking  ] GC(11) Concurrent Mark From Roots 27.347ms
[2023-07-14T21:49:16.545+0000][68][info ][gc,marking  ] GC(11) Concurrent Preclean
[2023-07-14T21:49:16.547+0000][68][info ][gc,marking  ] GC(11) Concurrent Preclean 1.539ms
[2023-07-14T21:49:16.549+0000][68][info ][gc,start    ] GC(11) Pause Remark
[2023-07-14T21:49:16.571+0000][68][info ][gc          ] GC(11) Pause Remark 81M->81M(3932M) 21.722ms
[2023-07-14T21:49:16.572+0000][68][info ][gc,cpu      ] GC(11) User=0.03s Sys=0.00s Real=0.02s
[2023-07-14T21:49:16.573+0000][68][info ][safepoint   ] Safepoint "G1PauseRemark", Time since last: 60249763 ns, Reaching safepoint: 346938 ns, At safepoint: 24349259 ns, Total: 24696197 ns
[2023-07-14T21:49:16.579+0000][68][info ][gc,marking  ] GC(11) Concurrent Mark 64.600ms
[2023-07-14T21:49:16.580+0000][68][info ][gc,marking  ] GC(11) Concurrent Rebuild Remembered Sets
[2023-07-14T21:49:16.604+0000][68][info ][gc,marking  ] GC(11) Concurrent Rebuild Remembered Sets 23.890ms
[2023-07-14T21:49:16.605+0000][68][info ][gc,start    ] GC(11) Pause Cleanup
[2023-07-14T21:49:16.607+0000][68][info ][gc          ] GC(11) Pause Cleanup 83M->83M(3932M) 1.636ms
[2023-07-14T21:49:16.608+0000][68][info ][gc,cpu      ] GC(11) User=0.00s Sys=0.00s Real=0.00s
[2023-07-14T21:49:16.610+0000][68][info ][safepoint   ] Safepoint "G1PauseCleanup", Time since last: 31948588 ns, Reaching safepoint: 149211 ns, At safepoint: 4442854 ns, Total: 4592065 ns
[2023-07-14T21:49:16.611+0000][68][info ][gc,marking  ] GC(11) Concurrent Cleanup for Next Mark
[2023-07-14T21:49:16.617+0000][68][info ][gc,marking  ] GC(11) Concurrent Cleanup for Next Mark 5.818ms
[2023-07-14T21:49:16.618+0000][68][info ][gc          ] GC(11) Concurrent Mark Cycle 130.410ms
[2023-07-14T21:49:17.846+0000][68][info ][safepoint   ] Safepoint "Cleanup", Time since last: 1235144207 ns, Reaching safepoint: 718052 ns, At safepoint: 49624 ns, Total: 767676 ns
[2023-07-14T21:49:18.137+0000][68][info ][safepoint   ] Safepoint "ICBufferFull", Time since last: 291261929 ns, Reaching safepoint: 288776 ns, At safepoint: 7065 ns, Total: 295841 ns
[2023-07-14T21:49:18.330+0000][68][info ][safepoint   ] Safepoint "ICBufferFull", Time since last: 192874594 ns, Reaching safepoint: 180281 ns, At safepoint: 83724 ns, Total: 264005 ns
[2023-07-14T21:49:19.064+0000][68][info ][safepoint   ] Safepoint "ICBufferFull", Time since last: 732983875 ns, Reaching safepoint: 1055232 ns, At safepoint: 101690 ns, Total: 1156922 ns
[2023-07-14T21:49:19.888+0000][68][info ][safepoint   ] Safepoint "ICBufferFull", Time since last: 823133068 ns, Reaching safepoint: 407647 ns, At safepoint: 95324 ns, Total: 502971 ns
[2023-07-14T21:49:20.448+0000][68][info ][safepoint   ] Safepoint "ICBufferFull", Time since last: 559274046 ns, Reaching safepoint: 872146 ns, At safepoint: 234206 ns, Total: 1106352 ns
[2023-07-14T21:49:20.906+0000][68][info ][safepoint   ] Safepoint "ICBufferFull", Time since last: 452556593 ns, Reaching safepoint: 4774350 ns, At safepoint: 140965 ns, Total: 4915315 ns
[2023-07-14T21:49:20.913+0000][68][info ][safepoint   ] Safepoint "ICBufferFull", Time since last: 5512866 ns, Reaching safepoint: 1117818 ns, At safepoint: 65817 ns, Total: 1183635 ns
[2023-07-14T21:49:21.253+0000][68][info ][safepoint   ] Safepoint "ICBufferFull", Time since last: 339844794 ns, Reaching safepoint: 760219 ns, At safepoint: 21286 ns, Total: 781505 ns
[2023-07-14T21:49:21.589+0000][68][info ][safepoint   ] Safepoint "ICBufferFull", Time since last: 335055614 ns, Reaching safepoint: 423640 ns, At safepoint: 284839 ns, Total: 708479 ns
[2023-07-14T21:49:22.224+0000][68][info ][safepoint   ] Safepoint "ICBufferFull", Time since last: 634604568 ns, Reaching safepoint: 436162 ns, At safepoint: 82056 ns, Total: 518218 ns
[2023-07-14T21:49:23.274+0000][68][info ][safepoint   ] Safepoint "ICBufferFull", Time since last: 1049124805 ns, Reaching safepoint: 265848 ns, At safepoint: 99954 ns, Total: 365802 ns
[2023-07-14T21:49:24.129+0000][68][info ][safepoint   ] Safepoint "ICBufferFull", Time since last: 855507525 ns, Reaching safepoint: 312341 ns, At safepoint: 19311 ns, Total: 331652 ns
[2023-07-14T21:49:25.283+0000][68][info ][safepoint   ] Safepoint "ICBufferFull", Time since last: 1152730985 ns, Reaching safepoint: 304425 ns, At safepoint: 48942 ns, Total: 353367 ns
[2023-07-14T21:49:26.310+0000][68][info ][safepoint   ] Safepoint "Cleanup", Time since last: 1027124463 ns, Reaching safepoint: 353775 ns, At safepoint: 53215 ns, Total: 406990 ns
[2023-07-14T21:49:27.053+0000][68][info ][safepoint   ] Safepoint "ICBufferFull", Time since last: 742836280 ns, Reaching safepoint: 321681 ns, At safepoint: 53368 ns, Total: 375049 ns
[2023-07-14T21:49:28.233+0000][68][info ][safepoint   ] Safepoint "Cleanup", Time since last: 1179664802 ns, Reaching safepoint: 420040 ns, At safepoint: 10717 ns, Total: 430757 ns
[2023-07-14T21:49:29.458+0000][68][info ][safepoint   ] Safepoint "Cleanup", Time since last: 1224457769 ns, Reaching safepoint: 146108 ns, At safepoint: 3737 ns, Total: 149845 ns
[2023-07-14T21:49:30.844+0000][68][info ][safepoint   ] Safepoint "Cleanup", Time since last: 1385210947 ns, Reaching safepoint: 379528 ns, At safepoint: 30221 ns, Total: 409749 ns
[2023-07-14T21:49:31.846+0000][68][info ][safepoint   ] Safepoint "Cleanup", Time since last: 1002297075 ns, Reaching safepoint: 189760 ns, At safepoint: 5343 ns, Total: 195103 ns
[2023-07-14T21:49:32.849+0000][68][info ][safepoint   ] Safepoint "Cleanup", Time since last: 1001776507 ns, Reaching safepoint: 523641 ns, At safepoint: 136672 ns, Total: 660313 ns
[2023-07-14T21:49:32.921+0000][68][info ][safepoint   ] Safepoint "ICBufferFull", Time since last: 71901622 ns, Reaching safepoint: 223430 ns, At safepoint: 120087 ns, Total: 343517 ns
[2023-07-14T21:49:32.926+0000][68][info ][safepoint   ] Safepoint "ICBufferFull", Time since last: 4855742 ns, Reaching safepoint: 75798 ns, At safepoint: 4353 ns, Total: 80151 ns
[2023-07-14T21:49:32.932+0000][68][info ][safepoint   ] Safepoint "ICBufferFull", Time since last: 5392513 ns, Reaching safepoint: 417371 ns, At safepoint: 13581 ns, Total: 430952 ns
[2023-07-14T21:49:32.939+0000][68][info ][safepoint   ] Safepoint "ICBufferFull", Time since last: 6876009 ns, Reaching safepoint: 203908 ns, At safepoint: 68229 ns, Total: 272137 ns
[2023-07-14T21:49:32.941+0000][68][info ][safepoint   ] Safepoint "ICBufferFull", Time since last: 1837988 ns, Reaching safepoint: 276855 ns, At safepoint: 46238 ns, Total: 323093 ns
[2023-07-14T21:49:33.864+0000][68][info ][safepoint   ] Safepoint "ICBufferFull", Time since last: 922488340 ns, Reaching safepoint: 210862 ns, At safepoint: 59996 ns, Total: 270858 ns
[2023-07-14T21:49:35.067+0000][68][info ][safepoint   ] Safepoint "Cleanup", Time since last: 1202756258 ns, Reaching safepoint: 409170 ns, At safepoint: 29973 ns, Total: 439143 ns
[2023-07-14T21:49:35.964+0000][68][info ][safepoint   ] Safepoint "ICBufferFull", Time since last: 897120040 ns, Reaching safepoint: 356436 ns, At safepoint: 74496 ns, Total: 430932 ns
[2023-07-14T21:49:37.087+0000][68][info ][safepoint   ] Safepoint "ICBufferFull", Time since last: 1122693569 ns, Reaching safepoint: 213046 ns, At safepoint: 13823 ns, Total: 226869 ns
[2023-07-14T21:49:38.523+0000][68][info ][safepoint   ] Safepoint "Cleanup", Time since last: 1435100830 ns, Reaching safepoint: 373912 ns, At safepoint: 13916 ns, Total: 387828 ns
[2023-07-14T21:49:39.793+0000][68][info ][safepoint   ] Safepoint "Cleanup", Time since last: 1269316575 ns, Reaching safepoint: 553136 ns, At safepoint: 10535 ns, Total: 563671 ns
[2023-07-14T21:49:40.797+0000][68][info ][safepoint   ] Safepoint "Cleanup", Time since last: 1003837118 ns, Reaching safepoint: 207698 ns, At safepoint: 15304 ns, Total: 223002 ns
[2023-07-14T21:49:41.999+0000][68][info ][safepoint   ] Safepoint "Cleanup", Time since last: 1201819677 ns, Reaching safepoint: 239460 ns, At safepoint: 62050 ns, Total: 301510 ns
[2023-07-14T21:49:43.016+0000][68][info ][safepoint   ] Safepoint "Cleanup", Time since last: 1017261066 ns, Reaching safepoint: 313977 ns, At safepoint: 13039 ns, Total: 327016 ns
[2023-07-14T21:49:44.095+0000][68][info ][safepoint   ] Safepoint "Cleanup", Time since last: 1078624408 ns, Reaching safepoint: 109223 ns, At safepoint: 3733 ns, Total: 112956 ns
[2023-07-14T21:49:45.101+0000][68][info ][safepoint   ] Safepoint "Cleanup", Time since last: 1004884141 ns, Reaching safepoint: 184228 ns, At safepoint: 16841 ns, Total: 201069 ns
[2023-07-14T21:49:46.103+0000][68][info ][safepoint   ] Safepoint "Cleanup", Time since last: 1001850637 ns, Reaching safepoint: 345248 ns, At safepoint: 7242 ns, Total: 352490 ns
[2023-07-14T21:49:47.105+0000][68][info ][safepoint   ] Safepoint "Cleanup", Time since last: 1002537766 ns, Reaching safepoint: 210095 ns, At safepoint: 3606 ns, Total: 213701 ns
[2023-07-14T21:49:48.338+0000][68][info ][safepoint   ] Safepoint "Cleanup", Time since last: 1232409029 ns, Reaching safepoint: 180097 ns, At safepoint: 31471 ns, Total: 211568 ns
[2023-07-14T21:49:49.339+0000][68][info ][safepoint   ] Safepoint "Cleanup", Time since last: 1000936715 ns, Reaching safepoint: 221587 ns, At safepoint: 5059 ns, Total: 226646 ns
[2023-07-14T21:49:50.577+0000][68][info ][safepoint   ] Safepoint "Cleanup", Time since last: 1237321074 ns, Reaching safepoint: 255997 ns, At safepoint: 49995 ns, Total: 305992 ns
[2023-07-14T21:49:51.587+0000][68][info ][safepoint   ] Safepoint "Cleanup", Time since last: 1009828498 ns, Reaching safepoint: 440664 ns, At safepoint: 16682 ns, Total: 457346 ns
[2023-07-14T21:49:52.591+0000][68][info ][safepoint   ] Safepoint "Cleanup", Time since last: 1002845829 ns, Reaching safepoint: 608735 ns, At safepoint: 11065 ns, Total: 619800 ns
[2023-07-14T21:49:53.595+0000][68][info ][safepoint   ] Safepoint "Cleanup", Time since last: 1002834116 ns, Reaching safepoint: 1070047 ns, At safepoint: 17080 ns, Total: 1087127 ns
[2023-07-14T21:49:54.745+0000][68][info ][safepoint   ] Safepoint "Cleanup", Time since last: 1150360375 ns, Reaching safepoint: 269148 ns, At safepoint: 49835 ns, Total: 318983 ns
[2023-07-14T21:49:55.801+0000][68][info ][safepoint   ] Safepoint "Cleanup", Time since last: 1055403622 ns, Reaching safepoint: 308913 ns, At safepoint: 6510 ns, Total: 315423 ns
[2023-07-14T21:49:56.804+0000][68][info ][safepoint   ] Safepoint "Cleanup", Time since last: 1002841036 ns, Reaching safepoint: 585511 ns, At safepoint: 11502 ns, Total: 597013 ns
[2023-07-14T21:49:57.807+0000][68][info ][safepoint   ] Safepoint "Cleanup", Time since last: 1002712821 ns, Reaching safepoint: 205051 ns, At safepoint: 5939 ns, Total: 210990 ns
[2023-07-14T21:49:58.810+0000][68][info ][safepoint   ] Safepoint "Cleanup", Time since last: 1001796081 ns, Reaching safepoint: 673931 ns, At safepoint: 11978 ns, Total: 685909 ns
[2023-07-14T21:49:59.993+0000][68][info ][safepoint   ] Safepoint "Cleanup", Time since last: 1182732487 ns, Reaching safepoint: 166455 ns, At safepoint: 29112 ns, Total: 195567 ns
[2023-07-14T21:50:01.018+0000][68][info ][safepoint   ] Safepoint "Cleanup", Time since last: 1024737326 ns, Reaching safepoint: 168478 ns, At safepoint: 27057 ns, Total: 195535 ns
[2023-07-14T21:50:02.079+0000][68][info ][safepoint   ] Safepoint "Cleanup", Time since last: 1060678851 ns, Reaching safepoint: 180072 ns, At safepoint: 13892 ns, Total: 193964 ns
[2023-07-14T21:50:03.080+0000][68][info ][safepoint   ] Safepoint "Cleanup", Time since last: 1001709543 ns, Reaching safepoint: 179456 ns, At safepoint: 4697 ns, Total: 184153 ns
[2023-07-14T21:50:06.074+0000][68][info ][safepoint   ] Safepoint "Cleanup", Time since last: 2993429419 ns, Reaching safepoint: 119635 ns, At safepoint: 40429 ns, Total: 160064 ns
[2023-07-14T21:50:07.218+0000][68][info ][safepoint   ] Safepoint "Cleanup", Time since last: 1143253991 ns, Reaching safepoint: 482437 ns, At safepoint: 12732 ns, Total: 495169 ns
[2023-07-14T21:50:08.379+0000][68][info ][safepoint   ] Safepoint "Cleanup", Time since last: 1160639805 ns, Reaching safepoint: 340997 ns, At safepoint: 7159 ns, Total: 348156 ns
[2023-07-14T21:50:09.382+0000][68][info ][safepoint   ] Safepoint "Cleanup", Time since last: 1002925598 ns, Reaching safepoint: 345620 ns, At safepoint: 6805 ns, Total: 352425 ns
[2023-07-14T21:50:10.385+0000][68][info ][safepoint   ] Safepoint "Cleanup", Time since last: 1002481712 ns, Reaching safepoint: 336850 ns, At safepoint: 7034 ns, Total: 343884 ns
[2023-07-14T21:50:11.389+0000][68][info ][safepoint   ] Safepoint "Cleanup", Time since last: 1003924881 ns, Reaching safepoint: 464032 ns, At safepoint: 7675 ns, Total: 471707 ns
[2023-07-14T21:50:12.577+0000][68][info ][safepoint   ] Safepoint "Cleanup", Time since last: 1187193942 ns, Reaching safepoint: 148329 ns, At safepoint: 28620 ns, Total: 176949 ns
[2023-07-14T21:50:13.633+0000][68][info ][safepoint   ] Safepoint "Cleanup", Time since last: 1055688182 ns, Reaching safepoint: 506035 ns, At safepoint: 10337 ns, Total: 516372 ns
[2023-07-14T21:50:15.199+0000][68][info ][safepoint   ] Safepoint "Cleanup", Time since last: 1566174708 ns, Reaching safepoint: 589385 ns, At safepoint: 10773 ns, Total: 600158 ns
[2023-07-14T21:50:16.202+0000][68][info ][safepoint   ] Safepoint "Cleanup", Time since last: 1002717379 ns, Reaching safepoint: 243934 ns, At safepoint: 4692 ns, Total: 248626 ns
[2023-07-14T21:50:18.010+0000][68][info ][safepoint   ] Safepoint "Cleanup", Time since last: 1807217241 ns, Reaching safepoint: 183710 ns, At safepoint: 29060 ns, Total: 212770 ns
[2023-07-14T21:50:19.010+0000][68][info ][safepoint   ] Safepoint "Cleanup", Time since last: 1000210197 ns, Reaching safepoint: 125745 ns, At safepoint: 5293 ns, Total: 131038 ns
[2023-07-14T21:50:20.012+0000][68][info ][safepoint   ] Safepoint "Cleanup", Time since last: 1001167119 ns, Reaching safepoint: 491146 ns, At safepoint: 158237 ns, Total: 649383 ns
[2023-07-14T21:50:21.283+0000][68][info ][safepoint   ] Safepoint "Cleanup", Time since last: 1270562029 ns, Reaching safepoint: 545726 ns, At safepoint: 55006 ns, Total: 600732 ns
[2023-07-14T21:50:22.564+0000][68][info ][safepoint   ] Safepoint "ICBufferFull", Time since last: 1280259881 ns, Reaching safepoint: 335850 ns, At safepoint: 13729 ns, Total: 349579 ns
[2023-07-14T21:50:23.574+0000][68][info ][safepoint   ] Safepoint "Cleanup", Time since last: 1010210939 ns, Reaching safepoint: 279973 ns, At safepoint: 15051 ns, Total: 295024 ns
[2023-07-14T21:50:24.117+0000][68][info ][safepoint   ] Safepoint "ICBufferFull", Time since last: 542211208 ns, Reaching safepoint: 650313 ns, At safepoint: 126247 ns, Total: 776560 ns
[2023-07-14T21:50:25.602+0000][68][info ][safepoint   ] Safepoint "Cleanup", Time since last: 1484421247 ns, Reaching safepoint: 450813 ns, At safepoint: 68523 ns, Total: 519336 ns
[2023-07-14T21:50:27.183+0000][68][info ][safepoint   ] Safepoint "Cleanup", Time since last: 1580161722 ns, Reaching safepoint: 307690 ns, At safepoint: 6401 ns, Total: 314091 ns
[2023-07-14T21:50:28.581+0000][68][info ][safepoint   ] Safepoint "Cleanup", Time since last: 1398154531 ns, Reaching safepoint: 319101 ns, At safepoint: 10388 ns, Total: 329489 ns
[2023-07-14T21:50:29.883+0000][68][info ][safepoint   ] Safepoint "Cleanup", Time since last: 1300940920 ns, Reaching safepoint: 370058 ns, At safepoint: 84801 ns, Total: 454859 ns
[2023-07-14T21:50:31.146+0000][68][info ][safepoint   ] Safepoint "Cleanup", Time since last: 1263316432 ns, Reaching safepoint: 256051 ns, At safepoint: 45219 ns, Total: 301270 ns
[2023-07-14T21:50:32.215+0000][68][info ][safepoint   ] Safepoint "Cleanup", Time since last: 1067393957 ns, Reaching safepoint: 1082201 ns, At safepoint: 26801 ns, Total: 1109002 ns
[2023-07-14T21:50:33.219+0000][68][info ][safepoint   ] Safepoint "Cleanup", Time since last: 1003688550 ns, Reaching safepoint: 243743 ns, At safepoint: 8633 ns, Total: 252376 ns
[2023-07-14T21:50:35.236+0000][68][info ][safepoint   ] Safepoint "Cleanup", Time since last: 2017162969 ns, Reaching safepoint: 261249 ns, At safepoint: 15166 ns, Total: 276415 ns
[2023-07-14T21:50:36.272+0000][68][info ][safepoint   ] Safepoint "Cleanup", Time since last: 1035211048 ns, Reaching safepoint: 415275 ns, At safepoint: 46067 ns, Total: 461342 ns
[2023-07-14T21:50:37.761+0000][68][info ][safepoint   ] Safepoint "Cleanup", Time since last: 1488806791 ns, Reaching safepoint: 154062 ns, At safepoint: 28056 ns, Total: 182118 ns
[2023-07-14T21:50:38.902+0000][68][info ][safepoint   ] Safepoint "Cleanup", Time since last: 1141157329 ns, Reaching safepoint: 422243 ns, At safepoint: 8564 ns, Total: 430807 ns
[2023-07-14T21:50:40.906+0000][68][info ][safepoint   ] Safepoint "Cleanup", Time since last: 2003035446 ns, Reaching safepoint: 374179 ns, At safepoint: 15127 ns, Total: 389306 ns
[2023-07-14T21:50:41.909+0000][68][info ][safepoint   ] Safepoint "Cleanup", Time since last: 1002480614 ns, Reaching safepoint: 439135 ns, At safepoint: 158606 ns, Total: 597741 ns
[2023-07-14T21:50:43.066+0000][68][info ][safepoint   ] Safepoint "Cleanup", Time since last: 1157233678 ns, Reaching safepoint: 145464 ns, At safepoint: 30874 ns, Total: 176338 ns
[2023-07-14T21:50:44.152+0000][68][info ][safepoint   ] Safepoint "Cleanup", Time since last: 1085176650 ns, Reaching safepoint: 332139 ns, At safepoint: 7209 ns, Total: 339348 ns
[2023-07-14T21:50:45.155+0000][68][info ][safepoint   ] Safepoint "Cleanup", Time since last: 1002358167 ns, Reaching safepoint: 207217 ns, At safepoint: 13496 ns, Total: 220713 ns
[2023-07-14T21:50:46.157+0000][68][info ][safepoint   ] Safepoint "Cleanup", Time since last: 1001410703 ns, Reaching safepoint: 634548 ns, At safepoint: 10058 ns, Total: 644606 ns
[2023-07-14T21:50:47.161+0000][68][info ][safepoint   ] Safepoint "Cleanup", Time since last: 1003321099 ns, Reaching safepoint: 243251 ns, At safepoint: 4703 ns, Total: 247954 ns
[2023-07-14T21:50:48.372+0000][68][info ][safepoint   ] Safepoint "Cleanup", Time since last: 1211351714 ns, Reaching safepoint: 123436 ns, At safepoint: 28035 ns, Total: 151471 ns
[2023-07-14T21:50:49.611+0000][68][info ][safepoint   ] Safepoint "Cleanup", Time since last: 1238955573 ns, Reaching safepoint: 197651 ns, At safepoint: 27491 ns, Total: 225142 ns
[2023-07-14T21:50:50.669+0000][68][info ][safepoint   ] Safepoint "Cleanup", Time since last: 1057417402 ns, Reaching safepoint: 291542 ns, At safepoint: 3385 ns, Total: 294927 ns
[2023-07-14T21:50:51.671+0000][68][info ][safepoint   ] Safepoint "Cleanup", Time since last: 1001675223 ns, Reaching safepoint: 139361 ns, At safepoint: 3450 ns, Total: 142811 ns
[2023-07-14T21:50:53.673+0000][68][info ][safepoint   ] Safepoint "Cleanup", Time since last: 2001752440 ns, Reaching safepoint: 286375 ns, At safepoint: 4708 ns, Total: 291083 ns
[2023-07-14T21:50:54.851+0000][68][info ][safepoint   ] Safepoint "Cleanup", Time since last: 1177593703 ns, Reaching safepoint: 271219 ns, At safepoint: 38895 ns, Total: 310114 ns
[2023-07-14T21:50:56.911+0000][68][info ][safepoint   ] Safepoint "Cleanup", Time since last: 2060431764 ns, Reaching safepoint: 209973 ns, At safepoint: 4468 ns, Total: 214441 ns
[2023-07-14T21:50:59.914+0000][68][info ][safepoint   ] Safepoint "Cleanup", Time since last: 3002023604 ns, Reaching safepoint: 172220 ns, At safepoint: 8443 ns, Total: 180663 ns
[2023-07-14T21:51:01.120+0000][68][info ][safepoint   ] Safepoint "Cleanup", Time since last: 1206051726 ns, Reaching safepoint: 143004 ns, At safepoint: 70708 ns, Total: 213712 ns
[2023-07-14T21:51:01.649+0000][68][info ][gc,start    ] GC(12) Pause Young (Normal) (G1 Evacuation Pause)
[2023-07-14T21:51:01.651+0000][68][info ][gc,task     ] GC(12) Using 6 workers of 6 for evacuation
[2023-07-14T21:51:01.652+0000][68][debug][gc,age      ] GC(12) Desired survivor size 58720256 bytes, new threshold 15 (max threshold 15)
[2023-07-14T21:51:01.694+0000][68][info ][gc,phases   ] GC(12)   Pre Evacuate Collection Set: 0.4ms
[2023-07-14T21:51:01.695+0000][68][info ][gc,phases   ] GC(12)   Merge Heap Roots: 0.3ms
[2023-07-14T21:51:01.696+0000][68][info ][gc,phases   ] GC(12)   Evacuate Collection Set: 35.3ms
[2023-07-14T21:51:01.697+0000][68][info ][gc,phases   ] GC(12)   Post Evacuate Collection Set: 4.7ms
[2023-07-14T21:51:01.698+0000][68][info ][gc,phases   ] GC(12)   Other: 2.6ms
[2023-07-14T21:51:01.699+0000][68][trace][gc,age      ] GC(12) Age table with threshold 15 (max threshold 15)
[2023-07-14T21:51:01.700+0000][68][trace][gc,age      ] GC(12) - age   1:   38757056 bytes,   38757056 total
[2023-07-14T21:51:01.702+0000][68][trace][gc,age      ] GC(12) - age   2:    1232984 bytes,   39990040 total
[2023-07-14T21:51:01.703+0000][68][trace][gc,age      ] GC(12) - age   3:   13969112 bytes,   53959152 total
[2023-07-14T21:51:01.704+0000][68][trace][gc,age      ] GC(12) - age   4:   24409656 bytes,   78368808 total
[2023-07-14T21:51:01.704+0000][68][info ][gc,heap     ] GC(12) Eden regions: 209->0(178)
[2023-07-14T21:51:01.705+0000][68][info ][gc,heap     ] GC(12) Survivor regions: 11->20(28)
[2023-07-14T21:51:01.706+0000][68][info ][gc,heap     ] GC(12) Old regions: 8->8
[2023-07-14T21:51:01.707+0000][68][info ][gc,heap     ] GC(12) Archive regions: 2->2
[2023-07-14T21:51:01.708+0000][68][info ][gc,heap     ] GC(12) Humongous regions: 0->0
[2023-07-14T21:51:01.708+0000][68][info ][gc,metaspace] GC(12) Metaspace: 133729K(137280K)->133729K(137280K) NonClass: 116051K(117888K)->116051K(117888K) Class: 17678K(19392K)->17678K(19392K)
[2023-07-14T21:51:01.709+0000][68][info ][gc          ] GC(12) Pause Young (Normal) (G1 Evacuation Pause) 911M->112M(3932M) 60.343ms
[2023-07-14T21:51:01.710+0000][68][info ][gc,cpu      ] GC(12) User=0.17s Sys=0.00s Real=0.06s
[2023-07-14T21:51:01.711+0000][68][info ][safepoint   ] Safepoint "G1CollectForAllocation", Time since last: 528545632 ns, Reaching safepoint: 338480 ns, At safepoint: 62087106 ns, Total: 62425586 ns
[2023-07-14T21:51:02.712+0000][68][info ][safepoint   ] Safepoint "Cleanup", Time since last: 1001104782 ns, Reaching safepoint: 263910 ns, At safepoint: 13763 ns, Total: 277673 ns
[2023-07-14T21:51:03.714+0000][68][info ][safepoint   ] Safepoint "Cleanup", Time since last: 1001585507 ns, Reaching safepoint: 319615 ns, At safepoint: 30556 ns, Total: 350171 ns
[2023-07-14T21:51:05.716+0000][68][info ][safepoint   ] Safepoint "Cleanup", Time since last: 2001482644 ns, Reaching safepoint: 176130 ns, At safepoint: 4432 ns, Total: 180562 ns
[2023-07-14T21:51:07.275+0000][68][info ][safepoint   ] Safepoint "Cleanup", Time since last: 1558744492 ns, Reaching safepoint: 149153 ns, At safepoint: 40019 ns, Total: 189172 ns
[2023-07-14T21:51:08.353+0000][68][info ][safepoint   ] Safepoint "Cleanup", Time since last: 1077719333 ns, Reaching safepoint: 711256 ns, At safepoint: 34440 ns, Total: 745696 ns
[2023-07-14T21:51:09.356+0000][68][info ][safepoint   ] Safepoint "Cleanup", Time since last: 1002072571 ns, Reaching safepoint: 306053 ns, At safepoint: 6146 ns, Total: 312199 ns
[2023-07-14T21:51:12.001+0000][68][info ][safepoint   ] Safepoint "Cleanup", Time since last: 2644708760 ns, Reaching safepoint: 266940 ns, At safepoint: 37203 ns, Total: 304143 ns
[2023-07-14T21:51:13.850+0000][68][info ][safepoint   ] Safepoint "Cleanup", Time since last: 1848854151 ns, Reaching safepoint: 252815 ns, At safepoint: 3332 ns, Total: 256147 ns
[2023-07-14T21:51:15.861+0000][68][info ][safepoint   ] Safepoint "Cleanup", Time since last: 2002052021 ns, Reaching safepoint: 158647 ns, At safepoint: 3359 ns, Total: 162006 ns
[2023-07-14T21:51:17.863+0000][68][info ][safepoint   ] Safepoint "Cleanup", Time since last: 2001719176 ns, Reaching safepoint: 310889 ns, At safepoint: 19798 ns, Total: 330687 ns
[2023-07-14T21:51:19.077+0000][68][info ][safepoint   ] Safepoint "Cleanup", Time since last: 1214432249 ns, Reaching safepoint: 167617 ns, At safepoint: 27738 ns, Total: 195355 ns
[2023-07-14T21:51:20.143+0000][68][info ][safepoint   ] Safepoint "Cleanup", Time since last: 1064657657 ns, Reaching safepoint: 514600 ns, At safepoint: 7229 ns, Total: 521829 ns
[2023-07-14T21:51:21.145+0000][68][info ][safepoint   ] Safepoint "Cleanup", Time since last: 1002268944 ns, Reaching safepoint: 206865 ns, At safepoint: 4268 ns, Total: 211133 ns
[2023-07-14T21:51:22.147+0000][68][info ][safepoint   ] Safepoint "Cleanup", Time since last: 1001519558 ns, Reaching safepoint: 618241 ns, At safepoint: 32680 ns, Total: 650921 ns
[2023-07-14T21:51:23.152+0000][68][info ][safepoint   ] Safepoint "Cleanup", Time since last: 1004124969 ns, Reaching safepoint: 629511 ns, At safepoint: 12927 ns, Total: 642438 ns
[2023-07-14T21:51:24.360+0000][68][info ][safepoint   ] Safepoint "Cleanup", Time since last: 1207669430 ns, Reaching safepoint: 433791 ns, At safepoint: 56820 ns, Total: 490611 ns
[2023-07-14T21:51:25.618+0000][68][info ][safepoint   ] Safepoint "Cleanup", Time since last: 1257443903 ns, Reaching safepoint: 178933 ns, At safepoint: 28060 ns, Total: 206993 ns
[2023-07-14T21:51:26.760+0000][68][info ][safepoint   ] Safepoint "Cleanup", Time since last: 1142356940 ns, Reaching safepoint: 180866 ns, At safepoint: 2804 ns, Total: 183670 ns
[2023-07-14T21:51:27.763+0000][68][info ][safepoint   ] Safepoint "Cleanup", Time since last: 1002048895 ns, Reaching safepoint: 194395 ns, At safepoint: 4400 ns, Total: 198795 ns
[2023-07-14T21:51:28.764+0000][68][info ][safepoint   ] Safepoint "Cleanup", Time since last: 1001272908 ns, Reaching safepoint: 314914 ns, At safepoint: 17946 ns, Total: 332860 ns
[2023-07-14T21:51:29.999+0000][68][info ][safepoint   ] Safepoint "Cleanup", Time since last: 1234789980 ns, Reaching safepoint: 125271 ns, At safepoint: 38950 ns, Total: 164221 ns
[2023-07-14T21:51:31.002+0000][68][info ][safepoint   ] Safepoint "Cleanup", Time since last: 1002471311 ns, Reaching safepoint: 287845 ns, At safepoint: 96894 ns, Total: 384739 ns
[2023-07-14T21:51:32.013+0000][68][info ][safepoint   ] Safepoint "Cleanup", Time since last: 1010417886 ns, Reaching safepoint: 213437 ns, At safepoint: 4229 ns, Total: 217666 ns
[2023-07-14T21:51:33.014+0000][68][info ][safepoint   ] Safepoint "Cleanup", Time since last: 1001365053 ns, Reaching safepoint: 200078 ns, At safepoint: 6249 ns, Total: 206327 ns
[2023-07-14T21:51:34.016+0000][68][info ][safepoint   ] Safepoint "Cleanup", Time since last: 1001230572 ns, Reaching safepoint: 176023 ns, At safepoint: 3892 ns, Total: 179915 ns
[2023-07-14T21:51:36.049+0000][68][info ][safepoint   ] Safepoint "Cleanup", Time since last: 2032682412 ns, Reaching safepoint: 260009 ns, At safepoint: 125469 ns, Total: 385478 ns
[2023-07-14T21:51:37.281+0000][68][info ][safepoint   ] Safepoint "Cleanup", Time since last: 1232022894 ns, Reaching safepoint: 112656 ns, At safepoint: 32087 ns, Total: 144743 ns
[2023-07-14T21:51:38.723+0000][68][info ][safepoint   ] Safepoint "Cleanup", Time since last: 1442088835 ns, Reaching safepoint: 141625 ns, At safepoint: 43963 ns, Total: 185588 ns
[2023-07-14T21:51:39.730+0000][68][info ][safepoint   ] Safepoint "Cleanup", Time since last: 1006496006 ns, Reaching safepoint: 185222 ns, At safepoint: 10193 ns, Total: 195415 ns
[2023-07-14T21:51:42.002+0000][68][info ][safepoint   ] Safepoint "Cleanup", Time since last: 2271805948 ns, Reaching safepoint: 143519 ns, At safepoint: 35329 ns, Total: 178848 ns
[2023-07-14T21:51:43.709+0000][68][info ][safepoint   ] Safepoint "Cleanup", Time since last: 1706850051 ns, Reaching safepoint: 185460 ns, At safepoint: 3774 ns, Total: 189234 ns
[2023-07-14T21:51:45.721+0000][68][info ][safepoint   ] Safepoint "Cleanup", Time since last: 2001474616 ns, Reaching safepoint: 244498 ns, At safepoint: 4258 ns, Total: 248756 ns
[2023-07-14T21:51:48.028+0000][68][info ][safepoint   ] Safepoint "Cleanup", Time since last: 2306890173 ns, Reaching safepoint: 94917 ns, At safepoint: 77461 ns, Total: 172378 ns
[2023-07-14T21:51:49.195+0000][68][info ][safepoint   ] Safepoint "Cleanup", Time since last: 1166713469 ns, Reaching safepoint: 449960 ns, At safepoint: 35869 ns, Total: 485829 ns
[2023-07-14T21:51:51.112+0000][68][info ][safepoint   ] Safepoint "Cleanup", Time since last: 1916370410 ns, Reaching safepoint: 326781 ns, At safepoint: 16652 ns, Total: 343433 ns
[2023-07-14T21:51:54.114+0000][68][info ][safepoint   ] Safepoint "Cleanup", Time since last: 3001969473 ns, Reaching safepoint: 260992 ns, At safepoint: 50707 ns, Total: 311699 ns
[2023-07-14T21:51:55.313+0000][68][info ][safepoint   ] Safepoint "Cleanup", Time since last: 1198367627 ns, Reaching safepoint: 149574 ns, At safepoint: 19068 ns, Total: 168642 ns
[2023-07-14T21:51:56.511+0000][68][info ][safepoint   ] Safepoint "Cleanup", Time since last: 1197682913 ns, Reaching safepoint: 169947 ns, At safepoint: 16826 ns, Total: 186773 ns
[2023-07-14T21:51:58.219+0000][68][info ][safepoint   ] Safepoint "Cleanup", Time since last: 1708065547 ns, Reaching safepoint: 354993 ns, At safepoint: 15347 ns, Total: 370340 ns
[2023-07-14T21:52:00.108+0000][68][info ][safepoint   ] Safepoint "Cleanup", Time since last: 1888660343 ns, Reaching safepoint: 299798 ns, At safepoint: 95504 ns, Total: 395302 ns
[2023-07-14T21:52:01.111+0000][68][info ][safepoint   ] Safepoint "Cleanup", Time since last: 1003057626 ns, Reaching safepoint: 188954 ns, At safepoint: 27770 ns, Total: 216724 ns
[2023-07-14T21:52:02.113+0000][68][info ][safepoint   ] Safepoint "Cleanup", Time since last: 1001002262 ns, Reaching safepoint: 339035 ns, At safepoint: 18700 ns, Total: 357735 ns
[2023-07-14T21:52:03.115+0000][68][info ][safepoint   ] Safepoint "Cleanup", Time since last: 1001833726 ns, Reaching safepoint: 290027 ns, At safepoint: 4239 ns, Total: 294266 ns
[2023-07-14T21:52:06.080+0000][68][info ][safepoint   ] Safepoint "Cleanup", Time since last: 2965314834 ns, Reaching safepoint: 175233 ns, At safepoint: 27494 ns, Total: 202727 ns
[2023-07-14T21:52:07.199+0000][68][info ][safepoint   ] Safepoint "Cleanup", Time since last: 1118637211 ns, Reaching safepoint: 245382 ns, At safepoint: 42646 ns, Total: 288028 ns
[2023-07-14T21:52:08.470+0000][68][info ][safepoint   ] Safepoint "Cleanup", Time since last: 1270181980 ns, Reaching safepoint: 189951 ns, At safepoint: 10569 ns, Total: 200520 ns
[2023-07-14T21:52:09.472+0000][68][info ][safepoint   ] Safepoint "Cleanup", Time since last: 1001822551 ns, Reaching safepoint: 210385 ns, At safepoint: 43850 ns, Total: 254235 ns
[2023-07-14T21:52:11.474+0000][68][info ][safepoint   ] Safepoint "Cleanup", Time since last: 2001474173 ns, Reaching safepoint: 308446 ns, At safepoint: 28214 ns, Total: 336660 ns
[2023-07-14T21:52:12.586+0000][68][info ][safepoint   ] Safepoint "Cleanup", Time since last: 1112054165 ns, Reaching safepoint: 172729 ns, At safepoint: 49830 ns, Total: 222559 ns
[2023-07-14T21:52:13.650+0000][68][info ][safepoint   ] Safepoint "Cleanup", Time since last: 1063874462 ns, Reaching safepoint: 192545 ns, At safepoint: 8255 ns, Total: 200800 ns
[2023-07-14T21:52:15.654+0000][68][info ][safepoint   ] Safepoint "Cleanup", Time since last: 2001654795 ns, Reaching safepoint: 125241 ns, At safepoint: 4960 ns, Total: 130201 ns
[2023-07-14T21:52:17.657+0000][68][info ][safepoint   ] Safepoint "Cleanup", Time since last: 2001995569 ns, Reaching safepoint: 691618 ns, At safepoint: 9844 ns, Total: 701462 ns
[2023-07-14T21:52:18.908+0000][68][info ][safepoint   ] Safepoint "Cleanup", Time since last: 1250785607 ns, Reaching safepoint: 187920 ns, At safepoint: 27610 ns, Total: 215530 ns
[2023-07-14T21:52:20.063+0000][68][info ][safepoint   ] Safepoint "Cleanup", Time since last: 1155016549 ns, Reaching safepoint: 256036 ns, At safepoint: 4524 ns, Total: 260560 ns
[2023-07-14T21:52:21.064+0000][68][info ][safepoint   ] Safepoint "Cleanup", Time since last: 1000987572 ns, Reaching safepoint: 275698 ns, At safepoint: 35181 ns, Total: 310879 ns
[2023-07-14T21:52:23.066+0000][68][info ][safepoint   ] Safepoint "Cleanup", Time since last: 2002091649 ns, Reaching safepoint: 170725 ns, At safepoint: 26110 ns, Total: 196835 ns
[2023-07-14T21:52:24.068+0000][68][info ][safepoint   ] Safepoint "Cleanup", Time since last: 1001260277 ns, Reaching safepoint: 186660 ns, At safepoint: 87139 ns, Total: 273799 ns
[2023-07-14T21:52:25.180+0000][68][info ][safepoint   ] Safepoint "Cleanup", Time since last: 1112135430 ns, Reaching safepoint: 125645 ns, At safepoint: 3828 ns, Total: 129473 ns
[2023-07-14T21:52:26.303+0000][68][info ][safepoint   ] Safepoint "Cleanup", Time since last: 1122321823 ns, Reaching safepoint: 195840 ns, At safepoint: 4589 ns, Total: 200429 ns
[2023-07-14T21:52:27.304+0000][68][info ][safepoint   ] Safepoint "Cleanup", Time since last: 1001222501 ns, Reaching safepoint: 192022 ns, At safepoint: 4764 ns, Total: 196786 ns
[2023-07-14T21:52:28.306+0000][68][info ][safepoint   ] Safepoint "Cleanup", Time since last: 1001279882 ns, Reaching safepoint: 200703 ns, At safepoint: 4643 ns, Total: 205346 ns
[2023-07-14T21:52:29.308+0000][68][info ][safepoint   ] Safepoint "Cleanup", Time since last: 1001902812 ns, Reaching safepoint: 190686 ns, At safepoint: 4486 ns, Total: 195172 ns
[2023-07-14T21:52:30.516+0000][68][info ][safepoint   ] Safepoint "Cleanup", Time since last: 1208220482 ns, Reaching safepoint: 149983 ns, At safepoint: 4064 ns, Total: 154047 ns
[2023-07-14T21:52:32.608+0000][68][info ][safepoint   ] Safepoint "Cleanup", Time since last: 2090647749 ns, Reaching safepoint: 752148 ns, At safepoint: 39049 ns, Total: 791197 ns
[2023-07-14T21:52:33.611+0000][68][info ][safepoint   ] Safepoint "Cleanup", Time since last: 1002806735 ns, Reaching safepoint: 524957 ns, At safepoint: 274328 ns, Total: 799285 ns
[2023-07-14T21:52:35.615+0000][68][info ][safepoint   ] Safepoint "Cleanup", Time since last: 2003237310 ns, Reaching safepoint: 680142 ns, At safepoint: 10736 ns, Total: 690878 ns
[2023-07-14T21:52:36.836+0000][68][info ][safepoint   ] Safepoint "Cleanup", Time since last: 1220670004 ns, Reaching safepoint: 225921 ns, At safepoint: 38127 ns, Total: 264048 ns
[2023-07-14T21:52:37.867+0000][68][info ][safepoint   ] Safepoint "Cleanup", Time since last: 1030176701 ns, Reaching safepoint: 204935 ns, At safepoint: 36746 ns, Total: 241681 ns
[2023-07-14T21:52:39.782+0000][68][info ][safepoint   ] Safepoint "Cleanup", Time since last: 1914844190 ns, Reaching safepoint: 483490 ns, At safepoint: 18741 ns, Total: 502231 ns
[2023-07-14T21:52:40.790+0000][68][info ][safepoint   ] Safepoint "Cleanup", Time since last: 1007704490 ns, Reaching safepoint: 150427 ns, At safepoint: 3048 ns, Total: 153475 ns
[2023-07-14T21:52:42.019+0000][68][info ][safepoint   ] Safepoint "Cleanup", Time since last: 1229298696 ns, Reaching safepoint: 76309 ns, At safepoint: 34215 ns, Total: 110524 ns
[2023-07-14T21:52:43.102+0000][68][info ][safepoint   ] Safepoint "Cleanup", Time since last: 1083196489 ns, Reaching safepoint: 106713 ns, At safepoint: 29133 ns, Total: 135846 ns
[2023-07-14T21:52:44.324+0000][68][info ][safepoint   ] Safepoint "Cleanup", Time since last: 1221033403 ns, Reaching safepoint: 50984 ns, At safepoint: 35213 ns, Total: 86197 ns
[2023-07-14T21:52:47.333+0000][68][info ][safepoint   ] Safepoint "Cleanup", Time since last: 3008381188 ns, Reaching safepoint: 173763 ns, At safepoint: 3849 ns, Total: 177612 ns
[2023-07-14T21:52:48.385+0000][68][info ][safepoint   ] Safepoint "Cleanup", Time since last: 1052004194 ns, Reaching safepoint: 221163 ns, At safepoint: 66970 ns, Total: 288133 ns
[2023-07-14T21:52:49.448+0000][68][info ][safepoint   ] Safepoint "Cleanup", Time since last: 1062438219 ns, Reaching safepoint: 215434 ns, At safepoint: 46624 ns, Total: 262058 ns
[2023-07-14T21:52:51.562+0000][68][info ][safepoint   ] Safepoint "Cleanup", Time since last: 2113511785 ns, Reaching safepoint: 909482 ns, At safepoint: 33429 ns, Total: 942911 ns
[2023-07-14T21:52:53.566+0000][68][info ][safepoint   ] Safepoint "Cleanup", Time since last: 2003543637 ns, Reaching safepoint: 224586 ns, At safepoint: 10905 ns, Total: 235491 ns
[2023-07-14T21:52:54.791+0000][68][info ][safepoint   ] Safepoint "Cleanup", Time since last: 1224806317 ns, Reaching safepoint: 91999 ns, At safepoint: 37480 ns, Total: 129479 ns
[2023-07-14T21:52:55.857+0000][68][info ][safepoint   ] Safepoint "Cleanup", Time since last: 1065946929 ns, Reaching safepoint: 201713 ns, At safepoint: 10159 ns, Total: 211872 ns
[2023-07-14T21:52:58.859+0000][68][info ][safepoint   ] Safepoint "Cleanup", Time since last: 3001431386 ns, Reaching safepoint: 292113 ns, At safepoint: 3747 ns, Total: 295860 ns
[2023-07-14T21:53:00.017+0000][68][info ][safepoint   ] Safepoint "Cleanup", Time since last: 1158145881 ns, Reaching safepoint: 293907 ns, At safepoint: 41949 ns, Total: 335856 ns
[2023-07-14T21:53:01.058+0000][68][info ][safepoint   ] Safepoint "Cleanup", Time since last: 1040499684 ns, Reaching safepoint: 211269 ns, At safepoint: 26949 ns, Total: 238218 ns
[2023-07-14T21:53:02.116+0000][68][info ][safepoint   ] Safepoint "Cleanup", Time since last: 1057449020 ns, Reaching safepoint: 450703 ns, At safepoint: 26301 ns, Total: 477004 ns
[2023-07-14T21:53:03.118+0000][68][info ][safepoint   ] Safepoint "Cleanup", Time since last: 1001246599 ns, Reaching safepoint: 180031 ns, At safepoint: 3617 ns, Total: 183648 ns
[2023-07-14T21:53:06.023+0000][68][info ][safepoint   ] Safepoint "Cleanup", Time since last: 2904871138 ns, Reaching safepoint: 106771 ns, At safepoint: 28051 ns, Total: 134822 ns
[2023-07-14T21:53:07.190+0000][68][info ][safepoint   ] Safepoint "Cleanup", Time since last: 1167211272 ns, Reaching safepoint: 198936 ns, At safepoint: 5479 ns, Total: 204415 ns
[2023-07-14T21:53:08.993+0000][68][info ][safepoint   ] Safepoint "Cleanup", Time since last: 1803282514 ns, Reaching safepoint: 192787 ns, At safepoint: 3782 ns, Total: 196569 ns
[2023-07-14T21:53:11.995+0000][68][info ][safepoint   ] Safepoint "Cleanup", Time since last: 3001366673 ns, Reaching safepoint: 175605 ns, At safepoint: 3707 ns, Total: 179312 ns
[2023-07-14T21:53:13.769+0000][68][info ][safepoint   ] Safepoint "Cleanup", Time since last: 1773563747 ns, Reaching safepoint: 333227 ns, At safepoint: 5824 ns, Total: 339051 ns
[2023-07-14T21:53:15.772+0000][68][info ][safepoint   ] Safepoint "Cleanup", Time since last: 2002434620 ns, Reaching safepoint: 374192 ns, At safepoint: 17038 ns, Total: 391230 ns
[2023-07-14T21:53:16.775+0000][68][info ][safepoint   ] Safepoint "Cleanup", Time since last: 1002419393 ns, Reaching safepoint: 443186 ns, At safepoint: 16257 ns, Total: 459443 ns
[2023-07-14T21:53:17.778+0000][68][info ][safepoint   ] Safepoint "Cleanup", Time since last: 1002533266 ns, Reaching safepoint: 521860 ns, At safepoint: 11885 ns, Total: 533745 ns
[2023-07-14T21:53:18.921+0000][68][info ][safepoint   ] Safepoint "Cleanup", Time since last: 1142744789 ns, Reaching safepoint: 173335 ns, At safepoint: 36526 ns, Total: 209861 ns
[2023-07-14T21:53:19.985+0000][68][info ][safepoint   ] Safepoint "Cleanup", Time since last: 1063126901 ns, Reaching safepoint: 226690 ns, At safepoint: 6263 ns, Total: 232953 ns
[2023-07-14T21:53:20.986+0000][68][info ][safepoint   ] Safepoint "Cleanup", Time since last: 1001434497 ns, Reaching safepoint: 126139 ns, At safepoint: 4058 ns, Total: 130197 ns
[2023-07-14T21:53:23.988+0000][68][info ][safepoint   ] Safepoint "Cleanup", Time since last: 3001740996 ns, Reaching safepoint: 169850 ns, At safepoint: 6136 ns, Total: 175986 ns
[2023-07-14T21:53:25.180+0000][68][info ][safepoint   ] Safepoint "Cleanup", Time since last: 1191728713 ns, Reaching safepoint: 181043 ns, At safepoint: 27851 ns, Total: 208894 ns
[2023-07-14T21:53:27.247+0000][68][info ][safepoint   ] Safepoint "Cleanup", Time since last: 2067142544 ns, Reaching safepoint: 327773 ns, At safepoint: 4397 ns, Total: 332170 ns
[2023-07-14T21:53:28.249+0000][68][info ][safepoint   ] Safepoint "Cleanup", Time since last: 1001321206 ns, Reaching safepoint: 114171 ns, At safepoint: 3710 ns, Total: 117881 ns
[2023-07-14T21:53:30.016+0000][68][info ][safepoint   ] Safepoint "Cleanup", Time since last: 1766817495 ns, Reaching safepoint: 158559 ns, At safepoint: 27020 ns, Total: 185579 ns
[2023-07-14T21:53:31.192+0000][68][info ][safepoint   ] Safepoint "Cleanup", Time since last: 1176377648 ns, Reaching safepoint: 132243 ns, At safepoint: 11800 ns, Total: 144043 ns
[2023-07-14T21:53:32.465+0000][68][info ][safepoint   ] Safepoint "Cleanup", Time since last: 1272004383 ns, Reaching safepoint: 405197 ns, At safepoint: 21752 ns, Total: 426949 ns
[2023-07-14T21:53:33.468+0000][68][info ][safepoint   ] Safepoint "Cleanup", Time since last: 1002442343 ns, Reaching safepoint: 277363 ns, At safepoint: 4864 ns, Total: 282227 ns
[2023-07-14T21:53:35.470+0000][68][info ][safepoint   ] Safepoint "Cleanup", Time since last: 2001619270 ns, Reaching safepoint: 322889 ns, At safepoint: 12180 ns, Total: 335069 ns
[2023-07-14T21:53:36.725+0000][68][info ][safepoint   ] Safepoint "Cleanup", Time since last: 1255059069 ns, Reaching safepoint: 241142 ns, At safepoint: 72164 ns, Total: 313306 ns
[2023-07-14T21:53:37.947+0000][68][info ][safepoint   ] Safepoint "Cleanup", Time since last: 1220600100 ns, Reaching safepoint: 804609 ns, At safepoint: 435249 ns, Total: 1239858 ns
[2023-07-14T21:53:39.370+0000][68][info ][safepoint   ] Safepoint "Cleanup", Time since last: 1422456418 ns, Reaching safepoint: 502001 ns, At safepoint: 21868 ns, Total: 523869 ns
[2023-07-14T21:53:43.091+0000][68][info ][safepoint   ] Safepoint "Cleanup", Time since last: 3721098834 ns, Reaching safepoint: 87383 ns, At safepoint: 12334 ns, Total: 99717 ns
[2023-07-14T21:53:44.251+0000][68][info ][safepoint   ] Safepoint "Cleanup", Time since last: 1159387896 ns, Reaching safepoint: 234338 ns, At safepoint: 3461 ns, Total: 237799 ns
[2023-07-14T21:53:45.253+0000][68][info ][safepoint   ] Safepoint "Cleanup", Time since last: 1001142504 ns, Reaching safepoint: 181209 ns, At safepoint: 3574 ns, Total: 184783 ns
[2023-07-14T21:53:48.028+0000][68][info ][safepoint   ] Safepoint "Cleanup", Time since last: 2774961294 ns, Reaching safepoint: 347042 ns, At safepoint: 36648 ns, Total: 383690 ns
[2023-07-14T21:53:49.516+0000][68][info ][safepoint   ] Safepoint "Cleanup", Time since last: 1487975260 ns, Reaching safepoint: 319024 ns, At safepoint: 11949 ns, Total: 330973 ns
[2023-07-14T21:53:50.518+0000][68][info ][safepoint   ] Safepoint "Cleanup", Time since last: 1001146176 ns, Reaching safepoint: 297800 ns, At safepoint: 17432 ns, Total: 315232 ns
[2023-07-14T21:53:51.519+0000][68][info ][safepoint   ] Safepoint "Cleanup", Time since last: 1001264030 ns, Reaching safepoint: 380588 ns, At safepoint: 4292 ns, Total: 384880 ns
[2023-07-14T21:53:54.013+0000][68][info ][safepoint   ] Safepoint "Cleanup", Time since last: 2493418934 ns, Reaching safepoint: 245707 ns, At safepoint: 104641 ns, Total: 350348 ns
[2023-07-14T21:53:55.837+0000][68][info ][safepoint   ] Safepoint "Cleanup", Time since last: 1824251723 ns, Reaching safepoint: 118667 ns, At safepoint: 13446 ns, Total: 132113 ns
[2023-07-14T21:53:56.839+0000][68][info ][safepoint   ] Safepoint "Cleanup", Time since last: 1001330517 ns, Reaching safepoint: 244120 ns, At safepoint: 6509 ns, Total: 250629 ns
[2023-07-14T21:54:00.050+0000][68][info ][safepoint   ] Safepoint "Cleanup", Time since last: 3211216280 ns, Reaching safepoint: 165214 ns, At safepoint: 29038 ns, Total: 194252 ns
[2023-07-14T21:54:01.092+0000][68][info ][safepoint   ] Safepoint "Cleanup", Time since last: 1041672957 ns, Reaching safepoint: 207129 ns, At safepoint: 26800 ns, Total: 233929 ns
[2023-07-14T21:54:02.153+0000][68][info ][safepoint   ] Safepoint "Cleanup", Time since last: 1060319095 ns, Reaching safepoint: 238154 ns, At safepoint: 3663 ns, Total: 241817 ns
[2023-07-14T21:54:03.154+0000][68][info ][safepoint   ] Safepoint "Cleanup", Time since last: 1001133321 ns, Reaching safepoint: 177742 ns, At safepoint: 3839 ns, Total: 181581 ns
[2023-07-14T21:54:06.010+0000][68][info ][safepoint   ] Safepoint "Cleanup", Time since last: 2855523900 ns, Reaching safepoint: 184074 ns, At safepoint: 46998 ns, Total: 231072 ns
[2023-07-14T21:54:07.602+0000][68][info ][safepoint   ] Safepoint "Cleanup", Time since last: 1591835320 ns, Reaching safepoint: 127147 ns, At safepoint: 27437 ns, Total: 154584 ns
[2023-07-14T21:54:08.757+0000][68][info ][safepoint   ] Safepoint "Cleanup", Time since last: 1154462642 ns, Reaching safepoint: 358212 ns, At safepoint: 46139 ns, Total: 404351 ns
[2023-07-14T21:54:12.045+0000][68][info ][safepoint   ] Safepoint "Cleanup", Time since last: 3288078854 ns, Reaching safepoint: 146796 ns, At safepoint: 12827 ns, Total: 159623 ns
[2023-07-14T21:54:13.110+0000][68][info ][safepoint   ] Safepoint "Cleanup", Time since last: 1064743364 ns, Reaching safepoint: 171826 ns, At safepoint: 11294 ns, Total: 183120 ns
[2023-07-14T21:54:14.297+0000][68][info ][safepoint   ] Safepoint "Cleanup", Time since last: 1186678697 ns, Reaching safepoint: 165979 ns, At safepoint: 4857 ns, Total: 170836 ns
[2023-07-14T21:54:17.300+0000][68][info ][safepoint   ] Safepoint "Cleanup", Time since last: 3002030157 ns, Reaching safepoint: 214974 ns, At safepoint: 3747 ns, Total: 218721 ns
[2023-07-14T21:54:18.557+0000][68][info ][safepoint   ] Safepoint "Cleanup", Time since last: 1257594789 ns, Reaching safepoint: 155332 ns, At safepoint: 3083 ns, Total: 158415 ns
[2023-07-14T21:54:19.641+0000][68][info ][safepoint   ] Safepoint "Cleanup", Time since last: 1083067411 ns, Reaching safepoint: 237964 ns, At safepoint: 6334 ns, Total: 244298 ns
[2023-07-14T21:54:20.900+0000][68][info ][safepoint   ] Safepoint "Cleanup", Time since last: 1258410817 ns, Reaching safepoint: 222792 ns, At safepoint: 62435 ns, Total: 285227 ns
[2023-07-14T21:54:21.903+0000][68][info ][safepoint   ] Safepoint "Cleanup", Time since last: 1002879393 ns, Reaching safepoint: 274918 ns, At safepoint: 4406 ns, Total: 279324 ns
[2023-07-14T21:54:22.904+0000][68][info ][safepoint   ] Safepoint "Cleanup", Time since last: 1001283144 ns, Reaching safepoint: 186582 ns, At safepoint: 4460 ns, Total: 191042 ns
[2023-07-14T21:54:23.905+0000][68][info ][safepoint   ] Safepoint "Cleanup", Time since last: 1001011694 ns, Reaching safepoint: 201288 ns, At safepoint: 11056 ns, Total: 212344 ns
[2023-07-14T21:54:25.070+0000][68][info ][safepoint   ] Safepoint "Cleanup", Time since last: 1163855272 ns, Reaching safepoint: 330177 ns, At safepoint: 12907 ns, Total: 343084 ns
[2023-07-14T21:54:26.272+0000][68][info ][safepoint   ] Safepoint "Cleanup", Time since last: 1201928545 ns, Reaching safepoint: 63687 ns, At safepoint: 34480 ns, Total: 98167 ns
[2023-07-14T21:54:27.279+0000][68][info ][safepoint   ] Safepoint "Cleanup", Time since last: 1006896642 ns, Reaching safepoint: 291793 ns, At safepoint: 3296 ns, Total: 295089 ns
[2023-07-14T21:54:28.623+0000][68][info ][safepoint   ] Safepoint "Cleanup", Time since last: 1344015362 ns, Reaching safepoint: 53758 ns, At safepoint: 38740 ns, Total: 92498 ns
[2023-07-14T21:54:29.626+0000][68][info ][safepoint   ] Safepoint "Cleanup", Time since last: 1003379192 ns, Reaching safepoint: 234103 ns, At safepoint: 3286 ns, Total: 237389 ns
[2023-07-14T21:54:31.523+0000][68][info ][safepoint   ] Safepoint "Cleanup", Time since last: 1896343115 ns, Reaching safepoint: 183223 ns, At safepoint: 4962 ns, Total: 188185 ns
[2023-07-14T21:54:32.525+0000][68][info ][safepoint   ] Safepoint "Cleanup", Time since last: 1001519980 ns, Reaching safepoint: 172423 ns, At safepoint: 13120 ns, Total: 185543 ns
[2023-07-14T21:54:33.844+0000][68][info ][safepoint   ] Safepoint "Cleanup", Time since last: 1318771684 ns, Reaching safepoint: 683699 ns, At safepoint: 294980 ns, Total: 978679 ns
[2023-07-14T21:54:36.737+0000][68][info ][safepoint   ] Safepoint "Cleanup", Time since last: 2892629200 ns, Reaching safepoint: 195654 ns, At safepoint: 44429 ns, Total: 240083 ns
[2023-07-14T21:54:37.794+0000][68][info ][safepoint   ] Safepoint "Cleanup", Time since last: 1056131369 ns, Reaching safepoint: 606525 ns, At safepoint: 17630 ns, Total: 624155 ns
[2023-07-14T21:54:38.982+0000][68][info ][safepoint   ] Safepoint "Cleanup", Time since last: 1187862452 ns, Reaching safepoint: 314831 ns, At safepoint: 4913 ns, Total: 319744 ns
[2023-07-14T21:54:41.985+0000][68][info ][safepoint   ] Safepoint "Cleanup", Time since last: 3002885766 ns, Reaching safepoint: 244327 ns, At safepoint: 9622 ns, Total: 253949 ns
[2023-07-14T21:54:42.999+0000][68][info ][safepoint   ] Safepoint "Cleanup", Time since last: 1013744022 ns, Reaching safepoint: 154465 ns, At safepoint: 27327 ns, Total: 181792 ns
[2023-07-14T21:54:44.058+0000][68][info ][safepoint   ] Safepoint "Cleanup", Time since last: 1058014285 ns, Reaching safepoint: 882857 ns, At safepoint: 25303 ns, Total: 908160 ns
[2023-07-14T21:54:45.062+0000][68][info ][safepoint   ] Safepoint "Cleanup", Time since last: 1002718715 ns, Reaching safepoint: 258718 ns, At safepoint: 10264 ns, Total: 268982 ns
[2023-07-14T21:54:47.065+0000][68][info ][safepoint   ] Safepoint "Cleanup", Time since last: 2002199030 ns, Reaching safepoint: 863934 ns, At safepoint: 21006 ns, Total: 884940 ns
[2023-07-14T21:54:48.070+0000][68][info ][safepoint   ] Safepoint "Cleanup", Time since last: 1004853368 ns, Reaching safepoint: 203421 ns, At safepoint: 46486 ns, Total: 249907 ns
[2023-07-14T21:54:49.202+0000][68][info ][safepoint   ] Safepoint "Cleanup", Time since last: 1131665598 ns, Reaching safepoint: 239291 ns, At safepoint: 5290 ns, Total: 244581 ns
[2023-07-14T21:54:49.245+0000][68][info ][gc,start    ] GC(13) Pause Young (Normal) (G1 Evacuation Pause)
[2023-07-14T21:54:49.248+0000][68][info ][gc,task     ] GC(13) Using 6 workers of 6 for evacuation
[2023-07-14T21:54:49.249+0000][68][debug][gc,age      ] GC(13) Desired survivor size 52428800 bytes, new threshold 3 (max threshold 15)
[2023-07-14T21:54:49.484+0000][68][info ][gc,mmu      ] GC(13) MMU target violated: 201.0ms (200.0ms/201.0ms)
[2023-07-14T21:54:49.486+0000][68][info ][gc,phases   ] GC(13)   Pre Evacuate Collection Set: 0.8ms
[2023-07-14T21:54:49.487+0000][68][info ][gc,phases   ] GC(13)   Merge Heap Roots: 0.2ms
[2023-07-14T21:54:49.488+0000][68][info ][gc,phases   ] GC(13)   Evacuate Collection Set: 227.8ms
[2023-07-14T21:54:49.489+0000][68][info ][gc,phases   ] GC(13)   Post Evacuate Collection Set: 3.7ms
[2023-07-14T21:54:49.490+0000][68][info ][gc,phases   ] GC(13)   Other: 5.7ms
[2023-07-14T21:54:49.490+0000][68][trace][gc,age      ] GC(13) Age table with threshold 3 (max threshold 15)
[2023-07-14T21:54:49.491+0000][68][trace][gc,age      ] GC(13) - age   1:    2687264 bytes,    2687264 total
[2023-07-14T21:54:49.492+0000][68][trace][gc,age      ] GC(13) - age   2:   34287936 bytes,   36975200 total
[2023-07-14T21:54:49.493+0000][68][trace][gc,age      ] GC(13) - age   3:    1232920 bytes,   38208120 total
[2023-07-14T21:54:49.494+0000][68][info ][gc,heap     ] GC(13) Eden regions: 178->0(181)
[2023-07-14T21:54:49.494+0000][68][info ][gc,heap     ] GC(13) Survivor regions: 20->11(25)
[2023-07-14T21:54:49.495+0000][68][info ][gc,heap     ] GC(13) Old regions: 8->17
[2023-07-14T21:54:49.496+0000][68][info ][gc,heap     ] GC(13) Archive regions: 2->2
[2023-07-14T21:54:49.496+0000][68][info ][gc,heap     ] GC(13) Humongous regions: 0->0
[2023-07-14T21:54:49.497+0000][68][info ][gc,metaspace] GC(13) Metaspace: 135443K(138944K)->135443K(138944K) NonClass: 117760K(119552K)->117760K(119552K) Class: 17683K(19392K)->17683K(19392K)
[2023-07-14T21:54:49.498+0000][68][info ][gc          ] GC(13) Pause Young (Normal) (G1 Evacuation Pause) 824M->113M(3932M) 253.392ms
[2023-07-14T21:54:49.499+0000][68][info ][gc,cpu      ] GC(13) User=0.29s Sys=0.09s Real=0.26s
[2023-07-14T21:54:49.500+0000][68][info ][safepoint   ] Safepoint "G1CollectForAllocation", Time since last: 39478358 ns, Reaching safepoint: 155510 ns, At safepoint: 258109607 ns, Total: 258265117 ns
[2023-07-14T21:54:50.595+0000][68][info ][safepoint   ] Safepoint "Cleanup", Time since last: 1095012103 ns, Reaching safepoint: 720820 ns, At safepoint: 12234 ns, Total: 733054 ns
[2023-07-14T21:54:51.599+0000][68][info ][safepoint   ] Safepoint "Cleanup", Time since last: 1002760790 ns, Reaching safepoint: 545965 ns, At safepoint: 20214 ns, Total: 566179 ns
[2023-07-14T21:54:52.602+0000][68][info ][safepoint   ] Safepoint "Cleanup", Time since last: 1002648691 ns, Reaching safepoint: 278504 ns, At safepoint: 5961 ns, Total: 284465 ns
[2023-07-14T21:54:53.604+0000][68][info ][safepoint   ] Safepoint "Cleanup", Time since last: 1002129476 ns, Reaching safepoint: 247447 ns, At safepoint: 57059 ns, Total: 304506 ns
[2023-07-14T21:54:54.803+0000][68][info ][safepoint   ] Safepoint "Cleanup", Time since last: 1198588866 ns, Reaching safepoint: 227790 ns, At safepoint: 33395 ns, Total: 261185 ns
[2023-07-14T21:54:55.957+0000][68][info ][safepoint   ] Safepoint "Cleanup", Time since last: 1153880801 ns, Reaching safepoint: 509009 ns, At safepoint: 6817 ns, Total: 515826 ns
[2023-07-14T21:54:56.960+0000][68][info ][safepoint   ] Safepoint "Cleanup", Time since last: 1002400616 ns, Reaching safepoint: 360903 ns, At safepoint: 6996 ns, Total: 367899 ns
[2023-07-14T21:55:01.116+0000][68][info ][safepoint   ] Safepoint "Cleanup", Time since last: 4155613065 ns, Reaching safepoint: 244491 ns, At safepoint: 70576 ns, Total: 315067 ns
[2023-07-14T21:55:03.176+0000][68][info ][safepoint   ] Safepoint "Cleanup", Time since last: 2059564870 ns, Reaching safepoint: 607207 ns, At safepoint: 27656 ns, Total: 634863 ns
[2023-07-14T21:55:06.038+0000][68][info ][safepoint   ] Safepoint "Cleanup", Time since last: 2861208517 ns, Reaching safepoint: 149000 ns, At safepoint: 44276 ns, Total: 193276 ns
[2023-07-14T21:55:07.434+0000][68][info ][safepoint   ] Safepoint "Cleanup", Time since last: 1395447247 ns, Reaching safepoint: 614577 ns, At safepoint: 10375 ns, Total: 624952 ns
[2023-07-14T21:55:08.674+0000][68][info ][safepoint   ] Safepoint "Cleanup", Time since last: 1239344940 ns, Reaching safepoint: 634821 ns, At safepoint: 11437 ns, Total: 646258 ns
[2023-07-14T21:55:09.677+0000][68][info ][safepoint   ] Safepoint "Cleanup", Time since last: 1003424356 ns, Reaching safepoint: 279492 ns, At safepoint: 3582 ns, Total: 283074 ns
[2023-07-14T21:55:12.045+0000][68][info ][safepoint   ] Safepoint "Cleanup", Time since last: 2366926573 ns, Reaching safepoint: 174414 ns, At safepoint: 27668 ns, Total: 202082 ns
[2023-07-14T21:55:13.916+0000][68][info ][safepoint   ] Safepoint "Cleanup", Time since last: 1870599520 ns, Reaching safepoint: 568312 ns, At safepoint: 9130 ns, Total: 577442 ns
[2023-07-14T21:55:17.921+0000][68][info ][safepoint   ] Safepoint "Cleanup", Time since last: 4003692622 ns, Reaching safepoint: 300035 ns, At safepoint: 7536 ns, Total: 307571 ns
[2023-07-14T21:55:19.121+0000][68][info ][safepoint   ] Safepoint "Cleanup", Time since last: 1199981887 ns, Reaching safepoint: 294001 ns, At safepoint: 68599 ns, Total: 362600 ns
[2023-07-14T21:55:20.277+0000][68][info ][safepoint   ] Safepoint "Cleanup", Time since last: 1154919438 ns, Reaching safepoint: 912122 ns, At safepoint: 28693 ns, Total: 940815 ns
[2023-07-14T21:55:21.432+0000][68][info ][safepoint   ] Safepoint "Cleanup", Time since last: 1155092969 ns, Reaching safepoint: 197997 ns, At safepoint: 27401 ns, Total: 225398 ns
[2023-07-14T21:55:22.495+0000][68][info ][safepoint   ] Safepoint "Cleanup", Time since last: 1061721228 ns, Reaching safepoint: 922864 ns, At safepoint: 18821 ns, Total: 941685 ns
[2023-07-14T21:55:23.751+0000][68][info ][safepoint   ] Safepoint "Cleanup", Time since last: 1255437683 ns, Reaching safepoint: 788929 ns, At safepoint: 25167 ns, Total: 814096 ns
[2023-07-14T21:55:24.935+0000][68][info ][safepoint   ] Safepoint "Cleanup", Time since last: 1183231334 ns, Reaching safepoint: 163994 ns, At safepoint: 27595 ns, Total: 191589 ns
[2023-07-14T21:55:25.990+0000][68][info ][safepoint   ] Safepoint "Cleanup", Time since last: 1055244080 ns, Reaching safepoint: 362624 ns, At safepoint: 6672 ns, Total: 369296 ns
[2023-07-14T21:55:27.457+0000][68][info ][safepoint   ] Safepoint "Cleanup", Time since last: 1465739281 ns, Reaching safepoint: 1024155 ns, At safepoint: 28368 ns, Total: 1052523 ns
[2023-07-14T21:55:28.626+0000][68][info ][safepoint   ] Safepoint "Cleanup", Time since last: 1167886213 ns, Reaching safepoint: 844876 ns, At safepoint: 26987 ns, Total: 871863 ns
[2023-07-14T21:55:29.630+0000][68][info ][safepoint   ] Safepoint "Cleanup", Time since last: 1004040877 ns, Reaching safepoint: 385706 ns, At safepoint: 20715 ns, Total: 406421 ns
[2023-07-14T21:55:31.197+0000][68][info ][safepoint   ] Safepoint "Cleanup", Time since last: 1566638735 ns, Reaching safepoint: 147375 ns, At safepoint: 34346 ns, Total: 181721 ns
[2023-07-14T21:55:32.258+0000][68][info ][safepoint   ] Safepoint "Cleanup", Time since last: 1060054768 ns, Reaching safepoint: 619995 ns, At safepoint: 10254 ns, Total: 630249 ns
[2023-07-14T21:55:33.260+0000][68][info ][safepoint   ] Safepoint "Cleanup", Time since last: 1002475362 ns, Reaching safepoint: 223975 ns, At safepoint: 3998 ns, Total: 227973 ns
[2023-07-14T21:55:34.263+0000][68][info ][safepoint   ] Safepoint "Cleanup", Time since last: 1001797499 ns, Reaching safepoint: 683252 ns, At safepoint: 30265 ns, Total: 713517 ns
[2023-07-14T21:55:36.281+0000][68][info ][safepoint   ] Safepoint "Cleanup", Time since last: 2017483563 ns, Reaching safepoint: 180858 ns, At safepoint: 29177 ns, Total: 210035 ns
[2023-07-14T21:55:42.082+0000][68][info ][safepoint   ] Safepoint "Cleanup", Time since last: 5800969275 ns, Reaching safepoint: 144112 ns, At safepoint: 6513 ns, Total: 150625 ns
[2023-07-14T21:55:43.838+0000][68][info ][safepoint   ] Safepoint "Cleanup", Time since last: 1755982140 ns, Reaching safepoint: 575020 ns, At safepoint: 25068 ns, Total: 600088 ns
[2023-07-14T21:55:44.841+0000][68][info ][safepoint   ] Safepoint "Cleanup", Time since last: 1002620932 ns, Reaching safepoint: 412448 ns, At safepoint: 6076 ns, Total: 418524 ns
[2023-07-14T21:55:45.844+0000][68][info ][safepoint   ] Safepoint "Cleanup", Time since last: 1001899473 ns, Reaching safepoint: 404123 ns, At safepoint: 16921 ns, Total: 421044 ns
[2023-07-14T21:55:48.051+0000][68][info ][safepoint   ] Safepoint "Cleanup", Time since last: 2207139689 ns, Reaching safepoint: 248269 ns, At safepoint: 29679 ns, Total: 277948 ns
[2023-07-14T21:55:49.057+0000][68][info ][safepoint   ] Safepoint "Cleanup", Time since last: 1005192967 ns, Reaching safepoint: 170618 ns, At safepoint: 31115 ns, Total: 201733 ns
[2023-07-14T21:55:54.037+0000][68][info ][safepoint   ] Safepoint "Cleanup", Time since last: 4980206180 ns, Reaching safepoint: 227450 ns, At safepoint: 36548 ns, Total: 263998 ns
[2023-07-14T21:55:55.169+0000][68][info ][safepoint   ] Safepoint "Cleanup", Time since last: 1130876252 ns, Reaching safepoint: 412636 ns, At safepoint: 7620 ns, Total: 420256 ns
[2023-07-14T21:55:56.341+0000][68][info ][safepoint   ] Safepoint "Cleanup", Time since last: 1172381133 ns, Reaching safepoint: 437747 ns, At safepoint: 10875 ns, Total: 448622 ns
[2023-07-14T21:55:57.345+0000][68][info ][safepoint   ] Safepoint "Cleanup", Time since last: 1003132024 ns, Reaching safepoint: 811945 ns, At safepoint: 24722 ns, Total: 836667 ns
[2023-07-14T21:56:00.047+0000][68][info ][safepoint   ] Safepoint "Cleanup", Time since last: 2701048187 ns, Reaching safepoint: 202331 ns, At safepoint: 34764 ns, Total: 237095 ns
[2023-07-14T21:56:01.699+0000][68][info ][safepoint   ] Safepoint "Cleanup", Time since last: 1651280118 ns, Reaching safepoint: 508209 ns, At safepoint: 147372 ns, Total: 655581 ns
[2023-07-14T21:56:02.710+0000][68][info ][safepoint   ] Safepoint "Cleanup", Time since last: 1011024718 ns, Reaching safepoint: 523424 ns, At safepoint: 10807 ns, Total: 534231 ns
[2023-07-14T21:56:03.713+0000][68][info ][safepoint   ] Safepoint "Cleanup", Time since last: 1002668312 ns, Reaching safepoint: 398077 ns, At safepoint: 17650 ns, Total: 415727 ns
[2023-07-14T21:56:06.049+0000][68][info ][safepoint   ] Safepoint "Cleanup", Time since last: 2335077668 ns, Reaching safepoint: 265762 ns, At safepoint: 32217 ns, Total: 297979 ns
[2023-07-14T21:56:07.935+0000][68][info ][safepoint   ] Safepoint "Cleanup", Time since last: 1885757132 ns, Reaching safepoint: 680215 ns, At safepoint: 27251 ns, Total: 707466 ns
[2023-07-14T21:56:08.938+0000][68][info ][safepoint   ] Safepoint "Cleanup", Time since last: 1002476477 ns, Reaching safepoint: 208193 ns, At safepoint: 4645 ns, Total: 212838 ns
[2023-07-14T21:56:10.940+0000][68][info ][safepoint   ] Safepoint "Cleanup", Time since last: 2002146680 ns, Reaching safepoint: 377787 ns, At safepoint: 13783 ns, Total: 391570 ns
[2023-07-14T21:56:11.942+0000][68][info ][safepoint   ] Safepoint "Cleanup", Time since last: 1001745382 ns, Reaching safepoint: 266580 ns, At safepoint: 10304 ns, Total: 276884 ns
[2023-07-14T21:56:13.133+0000][68][info ][safepoint   ] Safepoint "Cleanup", Time since last: 1190770175 ns, Reaching safepoint: 195950 ns, At safepoint: 32077 ns, Total: 228027 ns
[2023-07-14T21:56:14.188+0000][68][info ][safepoint   ] Safepoint "Cleanup", Time since last: 1054350418 ns, Reaching safepoint: 436321 ns, At safepoint: 32001 ns, Total: 468322 ns
[2023-07-14T21:56:15.193+0000][68][info ][safepoint   ] Safepoint "Cleanup", Time since last: 1003332893 ns, Reaching safepoint: 698044 ns, At safepoint: 115491 ns, Total: 813535 ns
[2023-07-14T21:56:17.199+0000][68][info ][safepoint   ] Safepoint "Cleanup", Time since last: 2004964513 ns, Reaching safepoint: 674915 ns, At safepoint: 11276 ns, Total: 686191 ns
[2023-07-14T21:56:18.262+0000][68][info ][safepoint   ] Safepoint "Cleanup", Time since last: 1062803627 ns, Reaching safepoint: 186334 ns, At safepoint: 29482 ns, Total: 215816 ns
[2023-07-14T21:56:19.264+0000][68][info ][safepoint   ] Safepoint "Cleanup", Time since last: 1001583383 ns, Reaching safepoint: 265929 ns, At safepoint: 8990 ns, Total: 274919 ns
[2023-07-14T21:56:20.445+0000][68][info ][safepoint   ] Safepoint "Cleanup", Time since last: 1181256651 ns, Reaching safepoint: 245932 ns, At safepoint: 4861 ns, Total: 250793 ns
[2023-07-14T21:56:22.448+0000][68][info ][safepoint   ] Safepoint "Cleanup", Time since last: 2002696395 ns, Reaching safepoint: 685068 ns, At safepoint: 11079 ns, Total: 696147 ns
[2023-07-14T21:56:24.057+0000][68][info ][safepoint   ] Safepoint "Cleanup", Time since last: 1608582955 ns, Reaching safepoint: 175480 ns, At safepoint: 75505 ns, Total: 250985 ns
[2023-07-14T21:56:30.038+0000][68][info ][safepoint   ] Safepoint "Cleanup", Time since last: 5980519757 ns, Reaching safepoint: 210883 ns, At safepoint: 35305 ns, Total: 246188 ns
[2023-07-14T21:56:31.062+0000][68][info ][safepoint   ] Safepoint "Cleanup", Time since last: 1023995078 ns, Reaching safepoint: 158702 ns, At safepoint: 53612 ns, Total: 212314 ns
[2023-07-14T21:56:32.069+0000][68][info ][safepoint   ] Safepoint "Cleanup", Time since last: 1005921271 ns, Reaching safepoint: 418646 ns, At safepoint: 13051 ns, Total: 431697 ns
[2023-07-14T21:56:33.071+0000][68][info ][safepoint   ] Safepoint "Cleanup", Time since last: 1001764648 ns, Reaching safepoint: 365741 ns, At safepoint: 7149 ns, Total: 372890 ns
[2023-07-14T21:56:34.074+0000][68][info ][safepoint   ] Safepoint "Cleanup", Time since last: 1002655518 ns, Reaching safepoint: 516639 ns, At safepoint: 10784 ns, Total: 527423 ns
[2023-07-14T21:56:36.048+0000][68][info ][safepoint   ] Safepoint "Cleanup", Time since last: 1973815949 ns, Reaching safepoint: 198339 ns, At safepoint: 35318 ns, Total: 233657 ns
[2023-07-14T21:56:37.182+0000][68][info ][safepoint   ] Safepoint "Cleanup", Time since last: 1133822258 ns, Reaching safepoint: 271608 ns, At safepoint: 13194 ns, Total: 284802 ns
[2023-07-14T21:56:42.190+0000][68][info ][safepoint   ] Safepoint "Cleanup", Time since last: 5007862392 ns, Reaching safepoint: 170369 ns, At safepoint: 36650 ns, Total: 207019 ns
[2023-07-14T21:56:43.551+0000][68][info ][safepoint   ] Safepoint "Cleanup", Time since last: 1359776846 ns, Reaching safepoint: 1044020 ns, At safepoint: 24988 ns, Total: 1069008 ns
[2023-07-14T21:56:45.556+0000][68][info ][safepoint   ] Safepoint "Cleanup", Time since last: 2003481821 ns, Reaching safepoint: 440919 ns, At safepoint: 17297 ns, Total: 458216 ns
[2023-07-14T21:56:47.560+0000][68][info ][safepoint   ] Safepoint "Cleanup", Time since last: 2003103933 ns, Reaching safepoint: 806131 ns, At safepoint: 16040 ns, Total: 822171 ns
[2023-07-14T21:56:48.765+0000][68][info ][safepoint   ] Safepoint "Cleanup", Time since last: 1204895912 ns, Reaching safepoint: 181573 ns, At safepoint: 42950 ns, Total: 224523 ns
[2023-07-14T21:56:49.968+0000][68][info ][safepoint   ] Safepoint "Cleanup", Time since last: 1202635805 ns, Reaching safepoint: 648333 ns, At safepoint: 10716 ns, Total: 659049 ns
[2023-07-14T21:56:52.175+0000][68][info ][safepoint   ] Safepoint "Cleanup", Time since last: 2205829120 ns, Reaching safepoint: 698829 ns, At safepoint: 27665 ns, Total: 726494 ns
[2023-07-14T21:56:54.048+0000][68][info ][safepoint   ] Safepoint "Cleanup", Time since last: 1873287980 ns, Reaching safepoint: 205443 ns, At safepoint: 28165 ns, Total: 233608 ns
[2023-07-14T21:56:55.075+0000][68][info ][safepoint   ] Safepoint "Cleanup", Time since last: 1026144681 ns, Reaching safepoint: 180390 ns, At safepoint: 32178 ns, Total: 212568 ns
[2023-07-14T21:56:56.250+0000][68][info ][safepoint   ] Safepoint "Cleanup", Time since last: 1175425098 ns, Reaching safepoint: 261596 ns, At safepoint: 15178 ns, Total: 276774 ns
[2023-07-14T21:56:57.263+0000][68][info ][safepoint   ] Safepoint "Cleanup", Time since last: 1012263618 ns, Reaching safepoint: 297034 ns, At safepoint: 5792 ns, Total: 302826 ns
[2023-07-14T21:57:00.057+0000][68][info ][safepoint   ] Safepoint "Cleanup", Time since last: 2793622668 ns, Reaching safepoint: 163283 ns, At safepoint: 43899 ns, Total: 207182 ns
[2023-07-14T21:57:01.497+0000][68][info ][safepoint   ] Safepoint "Cleanup", Time since last: 1439878652 ns, Reaching safepoint: 615199 ns, At safepoint: 24121 ns, Total: 639320 ns
[2023-07-14T21:57:02.739+0000][68][info ][safepoint   ] Safepoint "Cleanup", Time since last: 1241043141 ns, Reaching safepoint: 385693 ns, At safepoint: 16699 ns, Total: 402392 ns
[2023-07-14T21:57:03.742+0000][68][info ][safepoint   ] Safepoint "Cleanup", Time since last: 1002835486 ns, Reaching safepoint: 624087 ns, At safepoint: 25333 ns, Total: 649420 ns
[2023-07-14T21:57:04.746+0000][68][info ][safepoint   ] Safepoint "Cleanup", Time since last: 1003137382 ns, Reaching safepoint: 283802 ns, At safepoint: 4861 ns, Total: 288663 ns
[2023-07-14T21:57:05.748+0000][68][info ][safepoint   ] Safepoint "Cleanup", Time since last: 1002299590 ns, Reaching safepoint: 317392 ns, At safepoint: 6693 ns, Total: 324085 ns
[2023-07-14T21:57:06.919+0000][68][info ][safepoint   ] Safepoint "Cleanup", Time since last: 1170597255 ns, Reaching safepoint: 218373 ns, At safepoint: 44234 ns, Total: 262607 ns
[2023-07-14T21:57:07.979+0000][68][info ][safepoint   ] Safepoint "Cleanup", Time since last: 1059273614 ns, Reaching safepoint: 359651 ns, At safepoint: 6654 ns, Total: 366305 ns
[2023-07-14T21:57:11.984+0000][68][info ][safepoint   ] Safepoint "Cleanup", Time since last: 4004717694 ns, Reaching safepoint: 328458 ns, At safepoint: 16234 ns, Total: 344692 ns
[2023-07-14T21:57:13.187+0000][68][info ][safepoint   ] Safepoint "Cleanup", Time since last: 1203213118 ns, Reaching safepoint: 290671 ns, At safepoint: 36060 ns, Total: 326731 ns
[2023-07-14T21:57:18.451+0000][68][info ][safepoint   ] Safepoint "Cleanup", Time since last: 5263126272 ns, Reaching safepoint: 97662 ns, At safepoint: 31872 ns, Total: 129534 ns
[2023-07-14T21:57:19.611+0000][68][info ][safepoint   ] Safepoint "Cleanup", Time since last: 1159792173 ns, Reaching safepoint: 231251 ns, At safepoint: 46774 ns, Total: 278025 ns
[2023-07-14T21:57:20.622+0000][68][info ][safepoint   ] Safepoint "Cleanup", Time since last: 1010248108 ns, Reaching safepoint: 742585 ns, At safepoint: 22823 ns, Total: 765408 ns
[2023-07-14T21:57:24.048+0000][68][info ][safepoint   ] Safepoint "Cleanup", Time since last: 3425385537 ns, Reaching safepoint: 231887 ns, At safepoint: 41417 ns, Total: 273304 ns
[2023-07-14T21:57:30.053+0000][68][info ][safepoint   ] Safepoint "Cleanup", Time since last: 6005118990 ns, Reaching safepoint: 184047 ns, At safepoint: 32440 ns, Total: 216487 ns
[2023-07-14T21:57:32.356+0000][68][info ][safepoint   ] Safepoint "Cleanup", Time since last: 2303027430 ns, Reaching safepoint: 462481 ns, At safepoint: 10727 ns, Total: 473208 ns
[2023-07-14T21:57:33.359+0000][68][info ][safepoint   ] Safepoint "Cleanup", Time since last: 1002624101 ns, Reaching safepoint: 353122 ns, At safepoint: 29788 ns, Total: 382910 ns
[2023-07-14T21:57:36.106+0000][68][info ][safepoint   ] Safepoint "Cleanup", Time since last: 2745826491 ns, Reaching safepoint: 274884 ns, At safepoint: 37536 ns, Total: 312420 ns
[2023-07-14T21:57:37.617+0000][68][info ][safepoint   ] Safepoint "Cleanup", Time since last: 1511196495 ns, Reaching safepoint: 489058 ns, At safepoint: 27680 ns, Total: 516738 ns
[2023-07-14T21:57:42.046+0000][68][info ][safepoint   ] Safepoint "Cleanup", Time since last: 4428898086 ns, Reaching safepoint: 158464 ns, At safepoint: 33190 ns, Total: 191654 ns
[2023-07-14T21:57:43.881+0000][68][info ][safepoint   ] Safepoint "Cleanup", Time since last: 1834591995 ns, Reaching safepoint: 412001 ns, At safepoint: 20729 ns, Total: 432730 ns
[2023-07-14T21:57:48.267+0000][68][info ][safepoint   ] Safepoint "Cleanup", Time since last: 4385038149 ns, Reaching safepoint: 182677 ns, At safepoint: 26607 ns, Total: 209284 ns
[2023-07-14T21:57:50.266+0000][68][info ][safepoint   ] Safepoint "Cleanup", Time since last: 1998883398 ns, Reaching safepoint: 66716 ns, At safepoint: 2884 ns, Total: 69600 ns
[2023-07-14T21:57:54.065+0000][68][info ][safepoint   ] Safepoint "Cleanup", Time since last: 3799089168 ns, Reaching safepoint: 130571 ns, At safepoint: 3183 ns, Total: 133754 ns
[2023-07-14T21:57:57.718+0000][68][info ][safepoint   ] Safepoint "Cleanup", Time since last: 3652271946 ns, Reaching safepoint: 621688 ns, At safepoint: 10080 ns, Total: 631768 ns
[2023-07-14T21:58:00.911+0000][68][info ][safepoint   ] Safepoint "Cleanup", Time since last: 3192811453 ns, Reaching safepoint: 75684 ns, At safepoint: 32400 ns, Total: 108084 ns
[2023-07-14T21:58:02.982+0000][68][info ][safepoint   ] Safepoint "Cleanup", Time since last: 2070790143 ns, Reaching safepoint: 226898 ns, At safepoint: 4787 ns, Total: 231685 ns
[2023-07-14T21:58:03.985+0000][68][info ][safepoint   ] Safepoint "Cleanup", Time since last: 1001984892 ns, Reaching safepoint: 524685 ns, At safepoint: 10588 ns, Total: 535273 ns
[2023-07-14T21:58:05.988+0000][68][info ][safepoint   ] Safepoint "Cleanup", Time since last: 2002608974 ns, Reaching safepoint: 310847 ns, At safepoint: 10066 ns, Total: 320913 ns
[2023-07-14T21:58:07.202+0000][68][info ][safepoint   ] Safepoint "Cleanup", Time since last: 1213535271 ns, Reaching safepoint: 340338 ns, At safepoint: 6651 ns, Total: 346989 ns
[2023-07-14T21:58:08.280+0000][68][info ][safepoint   ] Safepoint "Cleanup", Time since last: 1078325256 ns, Reaching safepoint: 375253 ns, At safepoint: 7328 ns, Total: 382581 ns
[2023-07-14T21:58:12.069+0000][68][info ][safepoint   ] Safepoint "Cleanup", Time since last: 3788114759 ns, Reaching safepoint: 218570 ns, At safepoint: 35020 ns, Total: 253590 ns
[2023-07-14T21:58:13.646+0000][68][info ][safepoint   ] Safepoint "Cleanup", Time since last: 1577249583 ns, Reaching safepoint: 601020 ns, At safepoint: 6803 ns, Total: 607823 ns
[2023-07-14T21:58:15.650+0000][68][info ][safepoint   ] Safepoint "Cleanup", Time since last: 2002883049 ns, Reaching safepoint: 348778 ns, At safepoint: 6121 ns, Total: 354899 ns
[2023-07-14T21:58:17.654+0000][68][info ][safepoint   ] Safepoint "Cleanup", Time since last: 2003177529 ns, Reaching safepoint: 540354 ns, At safepoint: 11725 ns, Total: 552079 ns
[2023-07-14T21:58:18.820+0000][68][info ][safepoint   ] Safepoint "Cleanup", Time since last: 1165991064 ns, Reaching safepoint: 130860 ns, At safepoint: 27785 ns, Total: 158645 ns
[2023-07-14T21:58:19.883+0000][68][info ][safepoint   ] Safepoint "Cleanup", Time since last: 1062037202 ns, Reaching safepoint: 633811 ns, At safepoint: 75896 ns, Total: 709707 ns
[2023-07-14T21:58:21.886+0000][68][info ][safepoint   ] Safepoint "Cleanup", Time since last: 2002952612 ns, Reaching safepoint: 316173 ns, At safepoint: 8408 ns, Total: 324581 ns
[2023-07-14T21:58:23.897+0000][68][info ][safepoint   ] Safepoint "Cleanup", Time since last: 2009851856 ns, Reaching safepoint: 692770 ns, At safepoint: 30003 ns, Total: 722773 ns
[2023-07-14T21:58:25.143+0000][68][info ][safepoint   ] Safepoint "Cleanup", Time since last: 1246191294 ns, Reaching safepoint: 222128 ns, At safepoint: 38265 ns, Total: 260393 ns
[2023-07-14T21:58:27.205+0000][68][info ][safepoint   ] Safepoint "Cleanup", Time since last: 2061201140 ns, Reaching safepoint: 646701 ns, At safepoint: 25764 ns, Total: 672465 ns
[2023-07-14T21:58:30.093+0000][68][info ][safepoint   ] Safepoint "Cleanup", Time since last: 2887392724 ns, Reaching safepoint: 135158 ns, At safepoint: 3800 ns, Total: 138958 ns
[2023-07-14T21:58:31.466+0000][68][info ][safepoint   ] Safepoint "Cleanup", Time since last: 1372783376 ns, Reaching safepoint: 692419 ns, At safepoint: 25742 ns, Total: 718161 ns
[2023-07-14T21:58:32.710+0000][68][info ][safepoint   ] Safepoint "Cleanup", Time since last: 1243152761 ns, Reaching safepoint: 643186 ns, At safepoint: 16504 ns, Total: 659690 ns
[2023-07-14T21:58:33.714+0000][68][info ][safepoint   ] Safepoint "Cleanup", Time since last: 1004005493 ns, Reaching safepoint: 222147 ns, At safepoint: 5084 ns, Total: 227231 ns
[2023-07-14T21:58:36.060+0000][68][info ][safepoint   ] Safepoint "Cleanup", Time since last: 2345020346 ns, Reaching safepoint: 167181 ns, At safepoint: 26954 ns, Total: 194135 ns
[2023-07-14T21:58:38.050+0000][68][info ][safepoint   ] Safepoint "Cleanup", Time since last: 1990342053 ns, Reaching safepoint: 357349 ns, At safepoint: 20756 ns, Total: 378105 ns
[2023-07-14T21:58:43.201+0000][68][info ][safepoint   ] Safepoint "Cleanup", Time since last: 5151079949 ns, Reaching safepoint: 108455 ns, At safepoint: 29073 ns, Total: 137528 ns
[2023-07-14T21:58:48.085+0000][68][info ][safepoint   ] Safepoint "Cleanup", Time since last: 4882163514 ns, Reaching safepoint: 226821 ns, At safepoint: 35223 ns, Total: 262044 ns
[2023-07-14T21:58:49.514+0000][68][info ][safepoint   ] Safepoint "Cleanup", Time since last: 1428637624 ns, Reaching safepoint: 357315 ns, At safepoint: 15214 ns, Total: 372529 ns
[2023-07-14T21:58:50.758+0000][68][info ][safepoint   ] Safepoint "Cleanup", Time since last: 1243922942 ns, Reaching safepoint: 352279 ns, At safepoint: 7857 ns, Total: 360136 ns
[2023-07-14T21:58:52.761+0000][68][info ][safepoint   ] Safepoint "Cleanup", Time since last: 2002919018 ns, Reaching safepoint: 273443 ns, At safepoint: 5738 ns, Total: 279181 ns
[2023-07-14T21:58:54.951+0000][68][info ][safepoint   ] Safepoint "Cleanup", Time since last: 2189097376 ns, Reaching safepoint: 177647 ns, At safepoint: 62192 ns, Total: 239839 ns
[2023-07-14T21:58:55.104+0000][68][info ][gc,start    ] GC(14) Pause Young (Normal) (G1 Evacuation Pause)
[2023-07-14T21:58:55.105+0000][68][info ][gc,task     ] GC(14) Using 6 workers of 6 for evacuation
[2023-07-14T21:58:55.106+0000][68][debug][gc,age      ] GC(14) Desired survivor size 50331648 bytes, new threshold 15 (max threshold 15)
[2023-07-14T21:58:55.134+0000][68][info ][gc,phases   ] GC(14)   Pre Evacuate Collection Set: 0.2ms
[2023-07-14T21:58:55.136+0000][68][info ][gc,phases   ] GC(14)   Merge Heap Roots: 0.2ms
[2023-07-14T21:58:55.137+0000][68][info ][gc,phases   ] GC(14)   Evacuate Collection Set: 23.5ms
[2023-07-14T21:58:55.138+0000][68][info ][gc,phases   ] GC(14)   Post Evacuate Collection Set: 3.5ms
[2023-07-14T21:58:55.139+0000][68][info ][gc,phases   ] GC(14)   Other: 1.6ms
[2023-07-14T21:58:55.140+0000][68][trace][gc,age      ] GC(14) Age table with threshold 15 (max threshold 15)
[2023-07-14T21:58:55.141+0000][68][trace][gc,age      ] GC(14) - age   1:    3332592 bytes,    3332592 total
[2023-07-14T21:58:55.141+0000][68][trace][gc,age      ] GC(14) - age   2:    1046840 bytes,    4379432 total
[2023-07-14T21:58:55.143+0000][68][trace][gc,age      ] GC(14) - age   3:   34258496 bytes,   38637928 total
[2023-07-14T21:58:55.143+0000][68][trace][gc,age      ] GC(14) - age   4:    1232920 bytes,   39870848 total
[2023-07-14T21:58:55.144+0000][68][info ][gc,heap     ] GC(14) Eden regions: 181->0(378)
[2023-07-14T21:58:55.145+0000][68][info ][gc,heap     ] GC(14) Survivor regions: 11->11(24)
[2023-07-14T21:58:55.146+0000][68][info ][gc,heap     ] GC(14) Old regions: 17->17
[2023-07-14T21:58:55.147+0000][68][info ][gc,heap     ] GC(14) Archive regions: 2->2
[2023-07-14T21:58:55.148+0000][68][info ][gc,heap     ] GC(14) Humongous regions: 0->0
[2023-07-14T21:58:55.148+0000][68][info ][gc,metaspace] GC(14) Metaspace: 136313K(139840K)->136313K(139840K) NonClass: 118621K(120448K)->118621K(120448K) Class: 17692K(19392K)->17692K(19392K)
[2023-07-14T21:58:55.149+0000][68][info ][gc          ] GC(14) Pause Young (Normal) (G1 Evacuation Pause) 837M->111M(3932M) 44.625ms
[2023-07-14T21:58:55.150+0000][68][info ][gc,cpu      ] GC(14) User=0.15s Sys=0.00s Real=0.04s
[2023-07-14T21:58:55.151+0000][68][info ][safepoint   ] Safepoint "G1CollectForAllocation", Time since last: 153646069 ns, Reaching safepoint: 196227 ns, At safepoint: 46213307 ns, Total: 46409534 ns
[2023-07-14T21:58:56.153+0000][68][info ][safepoint   ] Safepoint "Cleanup", Time since last: 1001674338 ns, Reaching safepoint: 443513 ns, At safepoint: 19067 ns, Total: 462580 ns
[2023-07-14T21:59:00.243+0000][68][info ][safepoint   ] Safepoint "Cleanup", Time since last: 4090166789 ns, Reaching safepoint: 141959 ns, At safepoint: 28774 ns, Total: 170733 ns
[2023-07-14T21:59:01.285+0000][68][info ][safepoint   ] Safepoint "Cleanup", Time since last: 1041552439 ns, Reaching safepoint: 241109 ns, At safepoint: 35137 ns, Total: 276246 ns
[2023-07-14T21:59:02.437+0000][68][info ][safepoint   ] Safepoint "Cleanup", Time since last: 1152228814 ns, Reaching safepoint: 233513 ns, At safepoint: 13385 ns, Total: 246898 ns
[2023-07-14T21:59:03.439+0000][68][info ][safepoint   ] Safepoint "Cleanup", Time since last: 1001630438 ns, Reaching safepoint: 171762 ns, At safepoint: 4086 ns, Total: 175848 ns
[2023-07-14T21:59:04.442+0000][68][info ][safepoint   ] Safepoint "Cleanup", Time since last: 1001600282 ns, Reaching safepoint: 657094 ns, At safepoint: 14131 ns, Total: 671225 ns
[2023-07-14T21:59:06.088+0000][68][info ][safepoint   ] Safepoint "Cleanup", Time since last: 1646359742 ns, Reaching safepoint: 129733 ns, At safepoint: 27201 ns, Total: 156934 ns
[2023-07-14T21:59:07.650+0000][68][info ][safepoint   ] Safepoint "Cleanup", Time since last: 1561252715 ns, Reaching safepoint: 283948 ns, At safepoint: 5567 ns, Total: 289515 ns
[2023-07-14T21:59:12.056+0000][68][info ][safepoint   ] Safepoint "Cleanup", Time since last: 4406706648 ns, Reaching safepoint: 189686 ns, At safepoint: 27453 ns, Total: 217139 ns
[2023-07-14T21:59:18.075+0000][68][info ][safepoint   ] Safepoint "Cleanup", Time since last: 6018186358 ns, Reaching safepoint: 144016 ns, At safepoint: 30820 ns, Total: 174836 ns
[2023-07-14T21:59:19.153+0000][68][info ][safepoint   ] Safepoint "Cleanup", Time since last: 1077065769 ns, Reaching safepoint: 160879 ns, At safepoint: 29114 ns, Total: 189993 ns
[2023-07-14T21:59:21.211+0000][68][info ][safepoint   ] Safepoint "Cleanup", Time since last: 2057214471 ns, Reaching safepoint: 924086 ns, At safepoint: 25241 ns, Total: 949327 ns
[2023-07-14T21:59:23.215+0000][68][info ][safepoint   ] Safepoint "Cleanup", Time since last: 2003871527 ns, Reaching safepoint: 292999 ns, At safepoint: 6285 ns, Total: 299284 ns
[2023-07-14T21:59:24.227+0000][68][info ][safepoint   ] Safepoint "Cleanup", Time since last: 1011409782 ns, Reaching safepoint: 233016 ns, At safepoint: 27455 ns, Total: 260471 ns
[2023-07-14T21:59:25.648+0000][68][info ][safepoint   ] Safepoint "Cleanup", Time since last: 1420960836 ns, Reaching safepoint: 167955 ns, At safepoint: 4178 ns, Total: 172133 ns
[2023-07-14T21:59:30.065+0000][68][info ][safepoint   ] Safepoint "Cleanup", Time since last: 4417060209 ns, Reaching safepoint: 117425 ns, At safepoint: 33980 ns, Total: 151405 ns
[2023-07-14T21:59:32.018+0000][68][info ][safepoint   ] Safepoint "Cleanup", Time since last: 1952756333 ns, Reaching safepoint: 246026 ns, At safepoint: 5391 ns, Total: 251417 ns
[2023-07-14T21:59:33.021+0000][68][info ][safepoint   ] Safepoint "Cleanup", Time since last: 1002337147 ns, Reaching safepoint: 547933 ns, At safepoint: 10652 ns, Total: 558585 ns
[2023-07-14T21:59:36.025+0000][68][info ][safepoint   ] Safepoint "Cleanup", Time since last: 3003718664 ns, Reaching safepoint: 242879 ns, At safepoint: 8424 ns, Total: 251303 ns
[2023-07-14T21:59:42.086+0000][68][info ][safepoint   ] Safepoint "Cleanup", Time since last: 6061434984 ns, Reaching safepoint: 65643 ns, At safepoint: 3405 ns, Total: 69048 ns
[2023-07-14T21:59:43.596+0000][68][info ][safepoint   ] Safepoint "Cleanup", Time since last: 1509392449 ns, Reaching safepoint: 493909 ns, At safepoint: 22927 ns, Total: 516836 ns
[2023-07-14T21:59:48.075+0000][68][info ][safepoint   ] Safepoint "Cleanup", Time since last: 4477528150 ns, Reaching safepoint: 202200 ns, At safepoint: 28048 ns, Total: 230248 ns
[2023-07-14T21:59:50.004+0000][68][info ][safepoint   ] Safepoint "Cleanup", Time since last: 1929311413 ns, Reaching safepoint: 216879 ns, At safepoint: 11989 ns, Total: 228868 ns
[2023-07-14T21:59:58.236+0000][68][info ][safepoint   ] Safepoint "Cleanup", Time since last: 8232071252 ns, Reaching safepoint: 245644 ns, At safepoint: 7861 ns, Total: 253505 ns
[2023-07-14T22:00:01.295+0000][68][info ][safepoint   ] Safepoint "Cleanup", Time since last: 3058177773 ns, Reaching safepoint: 359299 ns, At safepoint: 7503 ns, Total: 366802 ns
[2023-07-14T22:00:02.491+0000][68][info ][safepoint   ] Safepoint "Cleanup", Time since last: 1195375285 ns, Reaching safepoint: 592455 ns, At safepoint: 230426 ns, Total: 822881 ns
[2023-07-14T22:00:03.493+0000][68][info ][safepoint   ] Safepoint "Cleanup", Time since last: 1001662823 ns, Reaching safepoint: 329508 ns, At safepoint: 7078 ns, Total: 336586 ns
[2023-07-14T22:00:06.072+0000][68][info ][safepoint   ] Safepoint "Cleanup", Time since last: 2578289447 ns, Reaching safepoint: 264194 ns, At safepoint: 28019 ns, Total: 292213 ns
[2023-07-14T22:00:07.751+0000][68][info ][safepoint   ] Safepoint "Cleanup", Time since last: 1678671263 ns, Reaching safepoint: 365657 ns, At safepoint: 6088 ns, Total: 371745 ns
[2023-07-14T22:00:15.020+0000][68][info ][safepoint   ] Safepoint "Cleanup", Time since last: 7268582262 ns, Reaching safepoint: 553171 ns, At safepoint: 43732 ns, Total: 596903 ns
[2023-07-14T22:00:18.024+0000][68][info ][safepoint   ] Safepoint "Cleanup", Time since last: 3003013956 ns, Reaching safepoint: 89777 ns, At safepoint: 10169 ns, Total: 99946 ns
[2023-07-14T22:00:19.213+0000][68][info ][safepoint   ] Safepoint "Cleanup", Time since last: 1188432731 ns, Reaching safepoint: 185526 ns, At safepoint: 33012 ns, Total: 218538 ns
[2023-07-14T22:00:22.366+0000][68][info ][safepoint   ] Safepoint "Cleanup", Time since last: 3152672674 ns, Reaching safepoint: 242011 ns, At safepoint: 31923 ns, Total: 273934 ns
[2023-07-14T22:00:23.597+0000][68][info ][safepoint   ] Safepoint "Cleanup", Time since last: 1230875738 ns, Reaching safepoint: 364493 ns, At safepoint: 6483 ns, Total: 370976 ns
[2023-07-14T22:00:25.402+0000][68][info ][safepoint   ] Safepoint "Cleanup", Time since last: 1804900114 ns, Reaching safepoint: 140965 ns, At safepoint: 27604 ns, Total: 168569 ns
[2023-07-14T22:00:26.683+0000][68][info ][safepoint   ] Safepoint "Cleanup", Time since last: 1280627924 ns, Reaching safepoint: 425831 ns, At safepoint: 52524 ns, Total: 478355 ns
[2023-07-14T22:00:30.112+0000][68][info ][safepoint   ] Safepoint "Cleanup", Time since last: 3429170701 ns, Reaching safepoint: 73411 ns, At safepoint: 11833 ns, Total: 85244 ns
[2023-07-14T22:00:32.103+0000][68][info ][safepoint   ] Safepoint "Cleanup", Time since last: 1989853463 ns, Reaching safepoint: 426964 ns, At safepoint: 16854 ns, Total: 443818 ns
[2023-07-14T22:00:33.106+0000][68][info ][safepoint   ] Safepoint "Cleanup", Time since last: 1002740624 ns, Reaching safepoint: 886911 ns, At safepoint: 23745 ns, Total: 910656 ns
[2023-07-14T22:00:36.096+0000][68][info ][safepoint   ] Safepoint "Cleanup", Time since last: 2989963648 ns, Reaching safepoint: 91005 ns, At safepoint: 28564 ns, Total: 119569 ns
[2023-07-14T22:00:38.350+0000][68][info ][safepoint   ] Safepoint "Cleanup", Time since last: 2253785050 ns, Reaching safepoint: 315679 ns, At safepoint: 6504 ns, Total: 322183 ns
[2023-07-14T22:00:41.354+0000][68][info ][safepoint   ] Safepoint "Cleanup", Time since last: 3003195098 ns, Reaching safepoint: 407284 ns, At safepoint: 7144 ns, Total: 414428 ns
[2023-07-14T22:00:42.370+0000][68][info ][safepoint   ] Safepoint "Cleanup", Time since last: 1016084886 ns, Reaching safepoint: 236910 ns, At safepoint: 33260 ns, Total: 270170 ns
[2023-07-14T22:00:43.709+0000][68][info ][safepoint   ] Safepoint "Cleanup", Time since last: 1337659788 ns, Reaching safepoint: 776519 ns, At safepoint: 36034 ns, Total: 812553 ns
[2023-07-14T22:00:44.714+0000][68][info ][safepoint   ] Safepoint "Cleanup", Time since last: 1004168970 ns, Reaching safepoint: 659499 ns, At safepoint: 142401 ns, Total: 801900 ns
[2023-07-14T22:00:48.859+0000][68][info ][safepoint   ] Safepoint "Cleanup", Time since last: 4145219206 ns, Reaching safepoint: 218237 ns, At safepoint: 31311 ns, Total: 249548 ns
[2023-07-14T22:00:49.918+0000][68][info ][safepoint   ] Safepoint "Cleanup", Time since last: 1058733541 ns, Reaching safepoint: 218715 ns, At safepoint: 3908 ns, Total: 222623 ns
[2023-07-14T22:00:51.920+0000][68][info ][safepoint   ] Safepoint "Cleanup", Time since last: 2001496516 ns, Reaching safepoint: 569086 ns, At safepoint: 25293 ns, Total: 594379 ns
[2023-07-14T22:00:52.924+0000][68][info ][safepoint   ] Safepoint "Cleanup", Time since last: 1003175449 ns, Reaching safepoint: 479044 ns, At safepoint: 7726 ns, Total: 486770 ns
[2023-07-14T22:00:54.093+0000][68][info ][safepoint   ] Safepoint "Cleanup", Time since last: 1168337511 ns, Reaching safepoint: 289234 ns, At safepoint: 39779 ns, Total: 329013 ns
[2023-07-14T22:01:00.087+0000][68][info ][safepoint   ] Safepoint "Cleanup", Time since last: 5994047595 ns, Reaching safepoint: 204620 ns, At safepoint: 42757 ns, Total: 247377 ns
[2023-07-14T22:01:06.872+0000][68][info ][safepoint   ] Safepoint "Cleanup", Time since last: 6784928771 ns, Reaching safepoint: 185995 ns, At safepoint: 31771 ns, Total: 217766 ns
[2023-07-14T22:01:08.808+0000][68][info ][safepoint   ] Safepoint "Cleanup", Time since last: 1935657189 ns, Reaching safepoint: 569611 ns, At safepoint: 24931 ns, Total: 594542 ns
[2023-07-14T22:01:12.093+0000][68][info ][safepoint   ] Safepoint "Cleanup", Time since last: 3284011298 ns, Reaching safepoint: 171169 ns, At safepoint: 58307 ns, Total: 229476 ns
[2023-07-14T22:01:14.038+0000][68][info ][safepoint   ] Safepoint "Cleanup", Time since last: 1944746680 ns, Reaching safepoint: 555307 ns, At safepoint: 13595 ns, Total: 568902 ns
[2023-07-14T22:01:24.092+0000][68][info ][safepoint   ] Safepoint "Cleanup", Time since last: 10052746929 ns, Reaching safepoint: 189962 ns, At safepoint: 35444 ns, Total: 225406 ns
[2023-07-14T22:01:25.552+0000][68][info ][safepoint   ] Safepoint "Cleanup", Time since last: 1460341615 ns, Reaching safepoint: 201266 ns, At safepoint: 4239 ns, Total: 205505 ns
[2023-07-14T22:01:30.112+0000][68][info ][safepoint   ] Safepoint "Cleanup", Time since last: 4559813878 ns, Reaching safepoint: 181966 ns, At safepoint: 39523 ns, Total: 221489 ns
[2023-07-14T22:01:31.809+0000][68][info ][safepoint   ] Safepoint "Cleanup", Time since last: 1696040730 ns, Reaching safepoint: 548385 ns, At safepoint: 11094 ns, Total: 559479 ns
[2023-07-14T22:01:33.813+0000][68][info ][safepoint   ] Safepoint "Cleanup", Time since last: 2003314949 ns, Reaching safepoint: 618749 ns, At safepoint: 10697 ns, Total: 629446 ns
[2023-07-14T22:01:36.164+0000][68][info ][safepoint   ] Safepoint "Cleanup", Time since last: 2350760149 ns, Reaching safepoint: 209130 ns, At safepoint: 35285 ns, Total: 244415 ns
[2023-07-14T22:01:37.199+0000][68][info ][safepoint   ] Safepoint "Cleanup", Time since last: 1034925163 ns, Reaching safepoint: 177807 ns, At safepoint: 26640 ns, Total: 204447 ns
[2023-07-14T22:01:38.206+0000][68][info ][safepoint   ] Safepoint "Cleanup", Time since last: 1006149983 ns, Reaching safepoint: 671150 ns, At safepoint: 15435 ns, Total: 686585 ns
[2023-07-14T22:01:43.222+0000][68][info ][safepoint   ] Safepoint "Cleanup", Time since last: 5015904856 ns, Reaching safepoint: 153173 ns, At safepoint: 3878 ns, Total: 157051 ns
[2023-07-14T22:01:48.101+0000][68][info ][safepoint   ] Safepoint "Cleanup", Time since last: 4878106101 ns, Reaching safepoint: 138816 ns, At safepoint: 27293 ns, Total: 166109 ns
[2023-07-14T22:01:49.671+0000][68][info ][safepoint   ] Safepoint "Cleanup", Time since last: 1569605789 ns, Reaching safepoint: 523323 ns, At safepoint: 10699 ns, Total: 534022 ns
[2023-07-14T22:01:51.675+0000][68][info ][safepoint   ] Safepoint "Cleanup", Time since last: 2003552215 ns, Reaching safepoint: 366884 ns, At safepoint: 6944 ns, Total: 373828 ns
[2023-07-14T22:01:54.093+0000][68][info ][safepoint   ] Safepoint "Cleanup", Time since last: 2417773898 ns, Reaching safepoint: 176985 ns, At safepoint: 35685 ns, Total: 212670 ns
[2023-07-14T22:01:55.938+0000][68][info ][safepoint   ] Safepoint "Cleanup", Time since last: 1843911502 ns, Reaching safepoint: 687031 ns, At safepoint: 9945 ns, Total: 696976 ns
[2023-07-14T22:02:00.106+0000][68][info ][safepoint   ] Safepoint "Cleanup", Time since last: 4168147165 ns, Reaching safepoint: 56811 ns, At safepoint: 41324 ns, Total: 98135 ns
[2023-07-14T22:02:01.386+0000][68][info ][safepoint   ] Safepoint "Cleanup", Time since last: 1280090461 ns, Reaching safepoint: 211394 ns, At safepoint: 89697 ns, Total: 301091 ns
[2023-07-14T22:02:03.308+0000][68][info ][safepoint   ] Safepoint "Cleanup", Time since last: 1921574219 ns, Reaching safepoint: 322428 ns, At safepoint: 16197 ns, Total: 338625 ns
[2023-07-14T22:02:06.106+0000][68][info ][safepoint   ] Safepoint "Cleanup", Time since last: 2797773425 ns, Reaching safepoint: 74104 ns, At safepoint: 2793 ns, Total: 76897 ns
[2023-07-14T22:02:07.536+0000][68][info ][safepoint   ] Safepoint "Cleanup", Time since last: 1429219722 ns, Reaching safepoint: 233865 ns, At safepoint: 4692 ns, Total: 238557 ns
[2023-07-14T22:02:09.769+0000][68][info ][safepoint   ] Safepoint "Cleanup", Time since last: 2233003532 ns, Reaching safepoint: 517214 ns, At safepoint: 70252 ns, Total: 587466 ns
[2023-07-14T22:02:12.097+0000][68][info ][safepoint   ] Safepoint "Cleanup", Time since last: 2327276161 ns, Reaching safepoint: 147267 ns, At safepoint: 34185 ns, Total: 181452 ns
[2023-07-14T22:02:14.010+0000][68][info ][safepoint   ] Safepoint "Cleanup", Time since last: 1913013463 ns, Reaching safepoint: 570320 ns, At safepoint: 25903 ns, Total: 596223 ns
[2023-07-14T22:02:15.013+0000][68][info ][safepoint   ] Safepoint "Cleanup", Time since last: 1002680173 ns, Reaching safepoint: 256303 ns, At safepoint: 6814 ns, Total: 263117 ns
[2023-07-14T22:02:18.017+0000][68][info ][safepoint   ] Safepoint "Cleanup", Time since last: 3002869679 ns, Reaching safepoint: 130775 ns, At safepoint: 10947 ns, Total: 141722 ns
[2023-07-14T22:02:19.217+0000][68][info ][safepoint   ] Safepoint "Cleanup", Time since last: 1199851465 ns, Reaching safepoint: 197624 ns, At safepoint: 80191 ns, Total: 277815 ns
[2023-07-14T22:02:24.113+0000][68][info ][safepoint   ] Safepoint "Cleanup", Time since last: 4895779663 ns, Reaching safepoint: 227755 ns, At safepoint: 31203 ns, Total: 258958 ns
[2023-07-14T22:02:25.665+0000][68][info ][safepoint   ] Safepoint "Cleanup", Time since last: 1551787631 ns, Reaching safepoint: 302690 ns, At safepoint: 71081 ns, Total: 373771 ns
[2023-07-14T22:02:30.104+0000][68][info ][safepoint   ] Safepoint "Cleanup", Time since last: 4438813049 ns, Reaching safepoint: 82898 ns, At safepoint: 62803 ns, Total: 145701 ns
[2023-07-14T22:02:31.912+0000][68][info ][safepoint   ] Safepoint "Cleanup", Time since last: 1807051969 ns, Reaching safepoint: 469775 ns, At safepoint: 10333 ns, Total: 480108 ns
[2023-07-14T22:02:32.915+0000][68][info ][safepoint   ] Safepoint "Cleanup", Time since last: 1003050470 ns, Reaching safepoint: 492812 ns, At safepoint: 19852 ns, Total: 512664 ns
[2023-07-14T22:02:34.918+0000][68][info ][safepoint   ] Safepoint "Cleanup", Time since last: 2002833605 ns, Reaching safepoint: 399954 ns, At safepoint: 19246 ns, Total: 419200 ns
[2023-07-14T22:02:39.228+0000][68][info ][safepoint   ] Safepoint "Cleanup", Time since last: 4308445636 ns, Reaching safepoint: 615465 ns, At safepoint: 11216 ns, Total: 626681 ns
[2023-07-14T22:02:42.113+0000][68][info ][safepoint   ] Safepoint "Cleanup", Time since last: 2885745802 ns, Reaching safepoint: 170785 ns, At safepoint: 28646 ns, Total: 199431 ns
[2023-07-14T22:02:43.491+0000][68][info ][safepoint   ] Safepoint "Cleanup", Time since last: 1376187624 ns, Reaching safepoint: 878541 ns, At safepoint: 9170 ns, Total: 887711 ns
[2023-07-14T22:02:45.724+0000][68][info ][safepoint   ] Safepoint "Cleanup", Time since last: 2232109276 ns, Reaching safepoint: 908295 ns, At safepoint: 24321 ns, Total: 932616 ns
[2023-07-14T22:02:48.098+0000][68][info ][safepoint   ] Safepoint "Cleanup", Time since last: 2373524691 ns, Reaching safepoint: 76288 ns, At safepoint: 37112 ns, Total: 113400 ns
[2023-07-14T22:02:49.152+0000][68][info ][safepoint   ] Safepoint "Cleanup", Time since last: 1053849899 ns, Reaching safepoint: 117270 ns, At safepoint: 29459 ns, Total: 146729 ns
[2023-07-14T22:02:51.082+0000][68][info ][safepoint   ] Safepoint "Cleanup", Time since last: 1929440070 ns, Reaching safepoint: 347640 ns, At safepoint: 4466 ns, Total: 352106 ns
[2023-07-14T22:03:03.792+0000][68][info ][safepoint   ] Safepoint "Cleanup", Time since last: 12709399325 ns, Reaching safepoint: 663491 ns, At safepoint: 23390 ns, Total: 686881 ns
[2023-07-14T22:03:08.038+0000][68][info ][safepoint   ] Safepoint "Cleanup", Time since last: 4245233130 ns, Reaching safepoint: 736534 ns, At safepoint: 26546 ns, Total: 763080 ns
[2023-07-14T22:03:12.251+0000][68][info ][safepoint   ] Safepoint "Cleanup", Time since last: 4212669074 ns, Reaching safepoint: 220690 ns, At safepoint: 27835 ns, Total: 248525 ns
[2023-07-14T22:03:13.275+0000][68][info ][safepoint   ] Safepoint "Cleanup", Time since last: 1024034390 ns, Reaching safepoint: 175888 ns, At safepoint: 29496 ns, Total: 205384 ns
[2023-07-14T22:03:14.406+0000][68][info ][safepoint   ] Safepoint "Cleanup", Time since last: 1130481761 ns, Reaching safepoint: 417522 ns, At safepoint: 336219 ns, Total: 753741 ns
[2023-07-14T22:03:15.418+0000][68][info ][safepoint   ] Safepoint "Cleanup", Time since last: 1010133154 ns, Reaching safepoint: 1064772 ns, At safepoint: 103176 ns, Total: 1167948 ns
[2023-07-14T22:03:19.648+0000][68][info ][safepoint   ] Safepoint "Cleanup", Time since last: 4229192099 ns, Reaching safepoint: 655008 ns, At safepoint: 24377 ns, Total: 679385 ns
[2023-07-14T22:03:23.653+0000][68][info ][safepoint   ] Safepoint "Cleanup", Time since last: 4003798981 ns, Reaching safepoint: 957623 ns, At safepoint: 16737 ns, Total: 974360 ns
[2023-07-14T22:03:24.845+0000][68][info ][safepoint   ] Safepoint "Cleanup", Time since last: 1192660581 ns, Reaching safepoint: 214080 ns, At safepoint: 37797 ns, Total: 251877 ns
[2023-07-14T22:03:25.905+0000][68][info ][safepoint   ] Safepoint "Cleanup", Time since last: 1058218847 ns, Reaching safepoint: 863699 ns, At safepoint: 111699 ns, Total: 975398 ns
[2023-07-14T22:03:26.908+0000][68][info ][safepoint   ] Safepoint "Cleanup", Time since last: 1002842641 ns, Reaching safepoint: 471789 ns, At safepoint: 9607 ns, Total: 481396 ns
[2023-07-14T22:03:33.150+0000][68][info ][safepoint   ] Safepoint "Cleanup", Time since last: 6241887065 ns, Reaching safepoint: 404827 ns, At safepoint: 5134 ns, Total: 409961 ns
[2023-07-14T22:03:36.122+0000][68][info ][safepoint   ] Safepoint "Cleanup", Time since last: 2972008351 ns, Reaching safepoint: 134185 ns, At safepoint: 4235 ns, Total: 138420 ns
[2023-07-14T22:03:37.255+0000][68][info ][safepoint   ] Safepoint "Cleanup", Time since last: 1132625197 ns, Reaching safepoint: 180536 ns, At safepoint: 6097 ns, Total: 186633 ns
[2023-07-14T22:03:38.421+0000][68][info ][safepoint   ] Safepoint "Cleanup", Time since last: 1165358214 ns, Reaching safepoint: 811401 ns, At safepoint: 26069 ns, Total: 837470 ns
[2023-07-14T22:03:42.263+0000][68][info ][safepoint   ] Safepoint "Cleanup", Time since last: 3840869268 ns, Reaching safepoint: 422871 ns, At safepoint: 165026 ns, Total: 587897 ns
[2023-07-14T22:03:43.814+0000][68][info ][safepoint   ] Safepoint "Cleanup", Time since last: 1550604745 ns, Reaching safepoint: 764323 ns, At safepoint: 48080 ns, Total: 812403 ns
[2023-07-14T22:03:45.818+0000][68][info ][safepoint   ] Safepoint "Cleanup", Time since last: 2002909549 ns, Reaching safepoint: 519798 ns, At safepoint: 9330 ns, Total: 529128 ns
[2023-07-14T22:03:48.989+0000][68][info ][safepoint   ] Safepoint "Cleanup", Time since last: 3170422011 ns, Reaching safepoint: 172794 ns, At safepoint: 34557 ns, Total: 207351 ns
[2023-07-14T22:03:50.093+0000][68][info ][safepoint   ] Safepoint "Cleanup", Time since last: 1103498319 ns, Reaching safepoint: 277853 ns, At safepoint: 4595 ns, Total: 282448 ns
[2023-07-14T22:03:53.095+0000][68][info ][safepoint   ] Safepoint "Cleanup", Time since last: 3001919922 ns, Reaching safepoint: 194151 ns, At safepoint: 8847 ns, Total: 202998 ns
[2023-07-14T22:03:54.098+0000][68][info ][safepoint   ] Safepoint "Cleanup", Time since last: 1002506987 ns, Reaching safepoint: 95442 ns, At safepoint: 34185 ns, Total: 129627 ns
[2023-07-14T22:03:55.252+0000][68][info ][safepoint   ] Safepoint "Cleanup", Time since last: 1153962496 ns, Reaching safepoint: 220348 ns, At safepoint: 33315 ns, Total: 253663 ns
[2023-07-14T22:03:56.311+0000][68][info ][safepoint   ] Safepoint "Cleanup", Time since last: 1058329146 ns, Reaching safepoint: 547658 ns, At safepoint: 29696 ns, Total: 577354 ns
[2023-07-14T22:03:57.315+0000][68][info ][safepoint   ] Safepoint "Cleanup", Time since last: 1003455596 ns, Reaching safepoint: 553884 ns, At safepoint: 27255 ns, Total: 581139 ns
[2023-07-14T22:03:58.318+0000][68][info ][safepoint   ] Safepoint "Cleanup", Time since last: 1002668571 ns, Reaching safepoint: 207500 ns, At safepoint: 4987 ns, Total: 212487 ns
[2023-07-14T22:04:00.116+0000][68][info ][safepoint   ] Safepoint "Cleanup", Time since last: 1798011598 ns, Reaching safepoint: 234285 ns, At safepoint: 11368 ns, Total: 245653 ns
[2023-07-14T22:04:01.563+0000][68][info ][safepoint   ] Safepoint "Cleanup", Time since last: 1446472608 ns, Reaching safepoint: 482866 ns, At safepoint: 15725 ns, Total: 498591 ns
[2023-07-14T22:04:03.567+0000][68][info ][safepoint   ] Safepoint "Cleanup", Time since last: 2003180567 ns, Reaching safepoint: 656912 ns, At safepoint: 29665 ns, Total: 686577 ns
[2023-07-14T22:04:05.570+0000][68][info ][safepoint   ] Safepoint "Cleanup", Time since last: 2003061852 ns, Reaching safepoint: 479683 ns, At safepoint: 19455 ns, Total: 499138 ns
[2023-07-14T22:04:06.769+0000][68][info ][safepoint   ] Safepoint "Cleanup", Time since last: 1198034882 ns, Reaching safepoint: 175427 ns, At safepoint: 27619 ns, Total: 203046 ns
[2023-07-14T22:04:07.926+0000][68][info ][safepoint   ] Safepoint "Cleanup", Time since last: 1157451320 ns, Reaching safepoint: 175221 ns, At safepoint: 52011 ns, Total: 227232 ns
[2023-07-14T22:04:13.106+0000][68][info ][safepoint   ] Safepoint "Cleanup", Time since last: 5180010442 ns, Reaching safepoint: 123105 ns, At safepoint: 35026 ns, Total: 158131 ns
[2023-07-14T22:04:15.165+0000][68][info ][safepoint   ] Safepoint "Cleanup", Time since last: 2056790594 ns, Reaching safepoint: 669695 ns, At safepoint: 25821 ns, Total: 695516 ns
[2023-07-14T22:04:16.168+0000][68][info ][safepoint   ] Safepoint "Cleanup", Time since last: 1002562989 ns, Reaching safepoint: 645840 ns, At safepoint: 9903 ns, Total: 655743 ns
[2023-07-14T22:04:18.140+0000][68][info ][safepoint   ] Safepoint "Cleanup", Time since last: 1971608764 ns, Reaching safepoint: 221592 ns, At safepoint: 35581 ns, Total: 257173 ns
[2023-07-14T22:04:19.281+0000][68][info ][safepoint   ] Safepoint "Cleanup", Time since last: 1140281265 ns, Reaching safepoint: 770830 ns, At safepoint: 21941 ns, Total: 792771 ns
[2023-07-14T22:04:25.770+0000][68][info ][safepoint   ] Safepoint "Cleanup", Time since last: 6488301677 ns, Reaching safepoint: 371339 ns, At safepoint: 14209 ns, Total: 385548 ns
[2023-07-14T22:04:30.925+0000][68][info ][safepoint   ] Safepoint "Cleanup", Time since last: 5155673065 ns, Reaching safepoint: 178043 ns, At safepoint: 27707 ns, Total: 205750 ns
[2023-07-14T22:04:32.007+0000][68][info ][safepoint   ] Safepoint "Cleanup", Time since last: 1081017206 ns, Reaching safepoint: 819654 ns, At safepoint: 16719 ns, Total: 836373 ns
[2023-07-14T22:04:33.010+0000][68][info ][safepoint   ] Safepoint "Cleanup", Time since last: 1002665655 ns, Reaching safepoint: 245891 ns, At safepoint: 49661 ns, Total: 295552 ns
[2023-07-14T22:04:34.013+0000][68][info ][safepoint   ] Safepoint "Cleanup", Time since last: 1001812711 ns, Reaching safepoint: 698201 ns, At safepoint: 101807 ns, Total: 800008 ns
[2023-07-14T22:04:36.143+0000][68][info ][safepoint   ] Safepoint "Cleanup", Time since last: 2129568030 ns, Reaching safepoint: 312746 ns, At safepoint: 39242 ns, Total: 351988 ns
[2023-07-14T22:04:37.208+0000][68][info ][safepoint   ] Safepoint "Cleanup", Time since last: 1065152828 ns, Reaching safepoint: 213530 ns, At safepoint: 30339 ns, Total: 243869 ns
[2023-07-14T22:04:42.269+0000][68][info ][safepoint   ] Safepoint "Cleanup", Time since last: 5060457731 ns, Reaching safepoint: 210585 ns, At safepoint: 28524 ns, Total: 239109 ns
[2023-07-14T22:04:43.585+0000][68][info ][safepoint   ] Safepoint "Cleanup", Time since last: 1315210104 ns, Reaching safepoint: 511944 ns, At safepoint: 9810 ns, Total: 521754 ns
[2023-07-14T22:04:45.590+0000][68][info ][safepoint   ] Safepoint "Cleanup", Time since last: 2003641261 ns, Reaching safepoint: 743754 ns, At safepoint: 14815 ns, Total: 758569 ns
[2023-07-14T22:04:54.311+0000][68][info ][safepoint   ] Safepoint "Cleanup", Time since last: 8721111175 ns, Reaching safepoint: 166443 ns, At safepoint: 29207 ns, Total: 195650 ns
[2023-07-14T22:04:56.127+0000][68][info ][safepoint   ] Safepoint "Cleanup", Time since last: 1815749027 ns, Reaching safepoint: 791531 ns, At safepoint: 22266 ns, Total: 813797 ns
[2023-07-14T22:05:01.289+0000][68][info ][safepoint   ] Safepoint "Cleanup", Time since last: 5161176712 ns, Reaching safepoint: 199221 ns, At safepoint: 5017 ns, Total: 204238 ns
[2023-07-14T22:05:02.505+0000][68][info ][safepoint   ] Safepoint "Cleanup", Time since last: 1216029648 ns, Reaching safepoint: 68510 ns, At safepoint: 5398 ns, Total: 73908 ns
[2023-07-14T22:05:06.138+0000][68][info ][safepoint   ] Safepoint "Cleanup", Time since last: 3632521056 ns, Reaching safepoint: 193316 ns, At safepoint: 29298 ns, Total: 222614 ns
[2023-07-14T22:05:07.741+0000][68][info ][safepoint   ] Safepoint "Cleanup", Time since last: 1602582262 ns, Reaching safepoint: 297351 ns, At safepoint: 6763 ns, Total: 304114 ns
[2023-07-14T22:05:12.144+0000][68][info ][safepoint   ] Safepoint "Cleanup", Time since last: 4402742342 ns, Reaching safepoint: 170921 ns, At safepoint: 29329 ns, Total: 200250 ns
[2023-07-14T22:05:14.001+0000][68][info ][safepoint   ] Safepoint "Cleanup", Time since last: 1856884929 ns, Reaching safepoint: 560727 ns, At safepoint: 9960 ns, Total: 570687 ns
[2023-07-14T22:05:18.140+0000][68][info ][safepoint   ] Safepoint "Cleanup", Time since last: 4138422851 ns, Reaching safepoint: 118842 ns, At safepoint: 35225 ns, Total: 154067 ns
[2023-07-14T22:05:19.199+0000][68][info ][safepoint   ] Safepoint "Cleanup", Time since last: 1058930476 ns, Reaching safepoint: 145628 ns, At safepoint: 27090 ns, Total: 172718 ns
[2023-07-14T22:05:21.263+0000][68][info ][safepoint   ] Safepoint "Cleanup", Time since last: 2063206017 ns, Reaching safepoint: 397355 ns, At safepoint: 13362 ns, Total: 410717 ns
[2023-07-14T22:05:23.266+0000][68][info ][safepoint   ] Safepoint "Cleanup", Time since last: 2002339829 ns, Reaching safepoint: 573042 ns, At safepoint: 20712 ns, Total: 593754 ns
[2023-07-14T22:05:25.521+0000][68][info ][safepoint   ] Safepoint "Cleanup", Time since last: 2255063030 ns, Reaching safepoint: 82694 ns, At safepoint: 4488 ns, Total: 87182 ns
[2023-07-14T22:05:26.856+0000][68][info ][safepoint   ] Safepoint "Cleanup", Time since last: 1334789298 ns, Reaching safepoint: 298212 ns, At safepoint: 72767 ns, Total: 370979 ns
[2023-07-14T22:05:28.021+0000][68][info ][safepoint   ] Safepoint "Cleanup", Time since last: 1165002668 ns, Reaching safepoint: 159875 ns, At safepoint: 30814 ns, Total: 190689 ns
[2023-07-14T22:05:29.086+0000][68][info ][safepoint   ] Safepoint "Cleanup", Time since last: 1064303739 ns, Reaching safepoint: 229365 ns, At safepoint: 3816 ns, Total: 233181 ns
[2023-07-14T22:05:30.150+0000][68][info ][safepoint   ] Safepoint "Cleanup", Time since last: 1064224078 ns, Reaching safepoint: 171971 ns, At safepoint: 44739 ns, Total: 216710 ns
[2023-07-14T22:05:31.202+0000][68][info ][safepoint   ] Safepoint "Cleanup", Time since last: 1052031946 ns, Reaching safepoint: 222470 ns, At safepoint: 29937 ns, Total: 252407 ns
[2023-07-14T22:05:33.341+0000][68][info ][safepoint   ] Safepoint "Cleanup", Time since last: 2138061708 ns, Reaching safepoint: 667585 ns, At safepoint: 12283 ns, Total: 679868 ns
[2023-07-14T22:05:36.131+0000][68][info ][safepoint   ] Safepoint "Cleanup", Time since last: 2789302349 ns, Reaching safepoint: 247294 ns, At safepoint: 35033 ns, Total: 282327 ns
[2023-07-14T22:05:37.906+0000][68][info ][safepoint   ] Safepoint "Cleanup", Time since last: 1774483528 ns, Reaching safepoint: 776642 ns, At safepoint: 227984 ns, Total: 1004626 ns
[2023-07-14T22:05:43.413+0000][68][info ][safepoint   ] Safepoint "Cleanup", Time since last: 5506734518 ns, Reaching safepoint: 185748 ns, At safepoint: 35394 ns, Total: 221142 ns
[2023-07-14T22:05:49.458+0000][68][info ][safepoint   ] Safepoint "Cleanup", Time since last: 6043424448 ns, Reaching safepoint: 82548 ns, At safepoint: 35153 ns, Total: 117701 ns
[2023-07-14T22:05:50.521+0000][68][info ][safepoint   ] Safepoint "Cleanup", Time since last: 1063014976 ns, Reaching safepoint: 345012 ns, At safepoint: 12158 ns, Total: 357170 ns
[2023-07-14T22:05:51.525+0000][68][info ][safepoint   ] Safepoint "Cleanup", Time since last: 1003110139 ns, Reaching safepoint: 647150 ns, At safepoint: 11032 ns, Total: 658182 ns
[2023-07-14T22:05:55.801+0000][68][info ][safepoint   ] Safepoint "Cleanup", Time since last: 4275565997 ns, Reaching safepoint: 747306 ns, At safepoint: 18161 ns, Total: 765467 ns
[2023-07-14T22:05:57.805+0000][68][info ][safepoint   ] Safepoint "Cleanup", Time since last: 2003269353 ns, Reaching safepoint: 514197 ns, At safepoint: 9585 ns, Total: 523782 ns
[2023-07-14T22:06:00.150+0000][68][info ][safepoint   ] Safepoint "Cleanup", Time since last: 2344741372 ns, Reaching safepoint: 146255 ns, At safepoint: 34270 ns, Total: 180525 ns
[2023-07-14T22:06:09.377+0000][68][info ][safepoint   ] Safepoint "Cleanup", Time since last: 9226238273 ns, Reaching safepoint: 893847 ns, At safepoint: 25171 ns, Total: 919018 ns
[2023-07-14T22:06:12.278+0000][68][info ][safepoint   ] Safepoint "Cleanup", Time since last: 2901274907 ns, Reaching safepoint: 182486 ns, At safepoint: 80388 ns, Total: 262874 ns
[2023-07-14T22:06:13.756+0000][68][info ][safepoint   ] Safepoint "Cleanup", Time since last: 1476947729 ns, Reaching safepoint: 199446 ns, At safepoint: 7300 ns, Total: 206746 ns
[2023-07-14T22:06:15.749+0000][68][info ][safepoint   ] Safepoint "Cleanup", Time since last: 2002558094 ns, Reaching safepoint: 330231 ns, At safepoint: 94252 ns, Total: 424483 ns
[2023-07-14T22:06:18.902+0000][68][info ][safepoint   ] Safepoint "Cleanup", Time since last: 3153700040 ns, Reaching safepoint: 163681 ns, At safepoint: 37691 ns, Total: 201372 ns
[2023-07-14T22:06:19.960+0000][68][info ][safepoint   ] Safepoint "Cleanup", Time since last: 1057255307 ns, Reaching safepoint: 214907 ns, At safepoint: 13332 ns, Total: 228239 ns
[2023-07-14T22:06:20.962+0000][68][info ][safepoint   ] Safepoint "Cleanup", Time since last: 1001972431 ns, Reaching safepoint: 346394 ns, At safepoint: 11922 ns, Total: 358316 ns
[2023-07-14T22:06:28.223+0000][68][info ][safepoint   ] Safepoint "Cleanup", Time since last: 7260624481 ns, Reaching safepoint: 267362 ns, At safepoint: 13548 ns, Total: 280910 ns
[2023-07-14T22:06:33.509+0000][68][info ][safepoint   ] Safepoint "Cleanup", Time since last: 5284893499 ns, Reaching safepoint: 803332 ns, At safepoint: 24367 ns, Total: 827699 ns
[2023-07-14T22:06:34.512+0000][68][info ][safepoint   ] Safepoint "Cleanup", Time since last: 1003041341 ns, Reaching safepoint: 249386 ns, At safepoint: 4859 ns, Total: 254245 ns
[2023-07-14T22:06:36.447+0000][68][info ][safepoint   ] Safepoint "Cleanup", Time since last: 1934195493 ns, Reaching safepoint: 132961 ns, At safepoint: 31263 ns, Total: 164224 ns
[2023-07-14T22:06:37.608+0000][68][info ][safepoint   ] Safepoint "Cleanup", Time since last: 1160626631 ns, Reaching safepoint: 662521 ns, At safepoint: 28255 ns, Total: 690776 ns
[2023-07-14T22:06:38.881+0000][68][info ][safepoint   ] Safepoint "Cleanup", Time since last: 1273163335 ns, Reaching safepoint: 219141 ns, At safepoint: 67478 ns, Total: 286619 ns
[2023-07-14T22:06:45.120+0000][68][info ][safepoint   ] Safepoint "Cleanup", Time since last: 6238351269 ns, Reaching safepoint: 276066 ns, At safepoint: 26625 ns, Total: 302691 ns
[2023-07-14T22:06:48.103+0000][68][info ][safepoint   ] Safepoint "Cleanup", Time since last: 3005024006 ns, Reaching safepoint: 132454 ns, At safepoint: 14888 ns, Total: 147342 ns
[2023-07-14T22:07:06.324+0000][68][info ][safepoint   ] Safepoint "Cleanup", Time since last: 18219964101 ns, Reaching safepoint: 323464 ns, At safepoint: 60650 ns, Total: 384114 ns
[2023-07-14T22:07:07.324+0000][68][info ][safepoint   ] Safepoint "Cleanup", Time since last: 1000057992 ns, Reaching safepoint: 233481 ns, At safepoint: 28689 ns, Total: 262170 ns
[2023-07-14T22:07:12.121+0000][68][info ][safepoint   ] Safepoint "Cleanup", Time since last: 4797348745 ns, Reaching safepoint: 97281 ns, At safepoint: 11348 ns, Total: 108629 ns
[2023-07-14T22:07:13.548+0000][68][info ][safepoint   ] Safepoint "Cleanup", Time since last: 1425652869 ns, Reaching safepoint: 630279 ns, At safepoint: 10406 ns, Total: 640685 ns
[2023-07-14T22:07:18.975+0000][68][info ][safepoint   ] Safepoint "Cleanup", Time since last: 5429439294 ns, Reaching safepoint: 157338 ns, At safepoint: 5892 ns, Total: 163230 ns
[2023-07-14T22:07:23.034+0000][68][info ][safepoint   ] Safepoint "Cleanup", Time since last: 4058778302 ns, Reaching safepoint: 315911 ns, At safepoint: 6699 ns, Total: 322610 ns
[2023-07-14T22:07:24.036+0000][68][info ][safepoint   ] Safepoint "Cleanup", Time since last: 1002263851 ns, Reaching safepoint: 126505 ns, At safepoint: 12359 ns, Total: 138864 ns
[2023-07-14T22:07:25.237+0000][68][info ][safepoint   ] Safepoint "Cleanup", Time since last: 1200577217 ns, Reaching safepoint: 152247 ns, At safepoint: 4914 ns, Total: 157161 ns
[2023-07-14T22:07:30.128+0000][68][info ][safepoint   ] Safepoint "Cleanup", Time since last: 4890474860 ns, Reaching safepoint: 194318 ns, At safepoint: 14170 ns, Total: 208488 ns
[2023-07-14T22:07:31.655+0000][68][info ][safepoint   ] Safepoint "Cleanup", Time since last: 1526631023 ns, Reaching safepoint: 485386 ns, At safepoint: 11797 ns, Total: 497183 ns
[2023-07-14T22:07:33.853+0000][68][info ][safepoint   ] Safepoint "Cleanup", Time since last: 2197316742 ns, Reaching safepoint: 368952 ns, At safepoint: 6490 ns, Total: 375442 ns
[2023-07-14T22:07:39.094+0000][68][info ][safepoint   ] Safepoint "Cleanup", Time since last: 5240951323 ns, Reaching safepoint: 651781 ns, At safepoint: 25063 ns, Total: 676844 ns
[2023-07-14T22:07:42.099+0000][68][info ][safepoint   ] Safepoint "Cleanup", Time since last: 3004321057 ns, Reaching safepoint: 93028 ns, At safepoint: 8598 ns, Total: 101626 ns
[2023-07-14T22:07:43.258+0000][68][info ][safepoint   ] Safepoint "Cleanup", Time since last: 1158866080 ns, Reaching safepoint: 206301 ns, At safepoint: 3701 ns, Total: 210002 ns
[2023-07-14T22:07:48.558+0000][68][info ][safepoint   ] Safepoint "Cleanup", Time since last: 5300159038 ns, Reaching safepoint: 234033 ns, At safepoint: 39142 ns, Total: 273175 ns
[2023-07-14T22:07:50.619+0000][68][info ][safepoint   ] Safepoint "Cleanup", Time since last: 2060295702 ns, Reaching safepoint: 261219 ns, At safepoint: 13319 ns, Total: 274538 ns
[2023-07-14T22:07:53.622+0000][68][info ][safepoint   ] Safepoint "Cleanup", Time since last: 3002708588 ns, Reaching safepoint: 207927 ns, At safepoint: 4859 ns, Total: 212786 ns
[2023-07-14T22:07:53.998+0000][68][info ][gc,start    ] GC(15) Pause Young (Normal) (G1 Evacuation Pause)
[2023-07-14T22:07:54.000+0000][68][info ][gc,task     ] GC(15) Using 6 workers of 6 for evacuation
[2023-07-14T22:07:54.002+0000][68][debug][gc,age      ] GC(15) Desired survivor size 102760448 bytes, new threshold 15 (max threshold 15)
[2023-07-14T22:07:54.022+0000][68][info ][gc,phases   ] GC(15)   Pre Evacuate Collection Set: 0.4ms
[2023-07-14T22:07:54.023+0000][68][info ][gc,phases   ] GC(15)   Merge Heap Roots: 0.3ms
[2023-07-14T22:07:54.025+0000][68][info ][gc,phases   ] GC(15)   Evacuate Collection Set: 14.5ms
[2023-07-14T22:07:54.026+0000][68][info ][gc,phases   ] GC(15)   Post Evacuate Collection Set: 3.5ms
[2023-07-14T22:07:54.028+0000][68][info ][gc,phases   ] GC(15)   Other: 2.9ms
[2023-07-14T22:07:54.029+0000][68][trace][gc,age      ] GC(15) Age table with threshold 15 (max threshold 15)
[2023-07-14T22:07:54.030+0000][68][trace][gc,age      ] GC(15) - age   1:    2077240 bytes,    2077240 total
[2023-07-14T22:07:54.030+0000][68][trace][gc,age      ] GC(15) - age   2:    1109728 bytes,    3186968 total
[2023-07-14T22:07:54.031+0000][68][trace][gc,age      ] GC(15) - age   3:     415416 bytes,    3602384 total
[2023-07-14T22:07:54.032+0000][68][trace][gc,age      ] GC(15) - age   4:   33960008 bytes,   37562392 total
[2023-07-14T22:07:54.033+0000][68][trace][gc,age      ] GC(15) - age   5:    1232920 bytes,   38795312 total
[2023-07-14T22:07:54.034+0000][68][info ][gc,heap     ] GC(15) Eden regions: 378->0(579)
[2023-07-14T22:07:54.035+0000][68][info ][gc,heap     ] GC(15) Survivor regions: 11->10(49)
[2023-07-14T22:07:54.036+0000][68][info ][gc,heap     ] GC(15) Old regions: 17->17
[2023-07-14T22:07:54.036+0000][68][info ][gc,heap     ] GC(15) Archive regions: 2->2
[2023-07-14T22:07:54.037+0000][68][info ][gc,heap     ] GC(15) Humongous regions: 0->0
[2023-07-14T22:07:54.038+0000][68][info ][gc,metaspace] GC(15) Metaspace: 137124K(140672K)->137124K(140672K) NonClass: 119351K(121152K)->119351K(121152K) Class: 17772K(19520K)->17772K(19520K)
[2023-07-14T22:07:54.039+0000][68][info ][gc          ] GC(15) Pause Young (Normal) (G1 Evacuation Pause) 1623M->109M(3932M) 40.765ms
[2023-07-14T22:07:54.040+0000][68][info ][gc,cpu      ] GC(15) User=0.08s Sys=0.00s Real=0.04s
[2023-07-14T22:07:54.040+0000][68][info ][safepoint   ] Safepoint "G1CollectForAllocation", Time since last: 376171481 ns, Reaching safepoint: 321779 ns, At safepoint: 42415008 ns, Total: 42736787 ns
[2023-07-14T22:07:55.976+0000][68][info ][safepoint   ] Safepoint "Cleanup", Time since last: 1934725461 ns, Reaching safepoint: 534053 ns, At safepoint: 10911 ns, Total: 544964 ns
[2023-07-14T22:08:06.126+0000][68][info ][safepoint   ] Safepoint "Cleanup", Time since last: 10149864000 ns, Reaching safepoint: 101917 ns, At safepoint: 35053 ns, Total: 136970 ns
[2023-07-14T22:08:07.677+0000][68][info ][safepoint   ] Safepoint "Cleanup", Time since last: 1550296846 ns, Reaching safepoint: 509203 ns, At safepoint: 10330 ns, Total: 519533 ns
[2023-07-14T22:08:15.943+0000][68][info ][safepoint   ] Safepoint "Cleanup", Time since last: 8266029339 ns, Reaching safepoint: 319347 ns, At safepoint: 6854 ns, Total: 326201 ns
[2023-07-14T22:08:24.132+0000][68][info ][safepoint   ] Safepoint "Cleanup", Time since last: 8188280124 ns, Reaching safepoint: 185680 ns, At safepoint: 12442 ns, Total: 198122 ns
[2023-07-14T22:08:25.545+0000][68][info ][safepoint   ] Safepoint "Cleanup", Time since last: 1413087469 ns, Reaching safepoint: 574767 ns, At safepoint: 24412 ns, Total: 599179 ns
[2023-07-14T22:08:30.118+0000][68][info ][safepoint   ] Safepoint "Cleanup", Time since last: 4572278377 ns, Reaching safepoint: 172401 ns, At safepoint: 27753 ns, Total: 200154 ns
[2023-07-14T22:08:33.076+0000][68][info ][safepoint   ] Safepoint "Cleanup", Time since last: 2958076906 ns, Reaching safepoint: 362657 ns, At safepoint: 6221 ns, Total: 368878 ns
[2023-07-14T22:08:37.319+0000][68][info ][safepoint   ] Safepoint "Cleanup", Time since last: 4242246161 ns, Reaching safepoint: 254097 ns, At safepoint: 41807 ns, Total: 295904 ns
[2023-07-14T22:08:40.379+0000][68][info ][safepoint   ] Safepoint "Cleanup", Time since last: 3059448838 ns, Reaching safepoint: 885586 ns, At safepoint: 16004 ns, Total: 901590 ns
[2023-07-14T22:08:42.578+0000][68][info ][safepoint   ] Safepoint "Cleanup", Time since last: 2198292695 ns, Reaching safepoint: 156516 ns, At safepoint: 26673 ns, Total: 183189 ns
[2023-07-14T22:08:43.739+0000][68][info ][safepoint   ] Safepoint "Cleanup", Time since last: 1160465861 ns, Reaching safepoint: 503603 ns, At safepoint: 57215 ns, Total: 560818 ns
[2023-07-14T22:08:48.117+0000][68][info ][safepoint   ] Safepoint "Cleanup", Time since last: 4378356275 ns, Reaching safepoint: 203836 ns, At safepoint: 65556 ns, Total: 269392 ns
[2023-07-14T22:08:49.975+0000][68][info ][safepoint   ] Safepoint "Cleanup", Time since last: 1856774274 ns, Reaching safepoint: 963052 ns, At safepoint: 24490 ns, Total: 987542 ns
[2023-07-14T22:08:50.979+0000][68][info ][safepoint   ] Safepoint "Cleanup", Time since last: 1003375332 ns, Reaching safepoint: 239158 ns, At safepoint: 4608 ns, Total: 243766 ns
[2023-07-14T22:08:56.234+0000][68][info ][safepoint   ] Safepoint "Cleanup", Time since last: 5254305148 ns, Reaching safepoint: 513706 ns, At safepoint: 18635 ns, Total: 532341 ns
[2023-07-14T22:09:02.493+0000][68][info ][safepoint   ] Safepoint "Cleanup", Time since last: 6258551740 ns, Reaching safepoint: 916903 ns, At safepoint: 23412 ns, Total: 940315 ns
[2023-07-14T22:09:05.498+0000][68][info ][safepoint   ] Safepoint "Cleanup", Time since last: 3004179778 ns, Reaching safepoint: 296149 ns, At safepoint: 4077 ns, Total: 300226 ns
[2023-07-14T22:09:06.696+0000][68][info ][safepoint   ] Safepoint "Cleanup", Time since last: 1198109415 ns, Reaching safepoint: 87959 ns, At safepoint: 3844 ns, Total: 91803 ns
[2023-07-14T22:09:12.126+0000][68][info ][safepoint   ] Safepoint "Cleanup", Time since last: 5430505529 ns, Reaching safepoint: 197402 ns, At safepoint: 26411 ns, Total: 223813 ns
[2023-07-14T22:09:14.111+0000][68][info ][safepoint   ] Safepoint "Cleanup", Time since last: 1984019229 ns, Reaching safepoint: 549922 ns, At safepoint: 10517 ns, Total: 560439 ns
[2023-07-14T22:09:19.268+0000][68][info ][safepoint   ] Safepoint "Cleanup", Time since last: 5156311622 ns, Reaching safepoint: 72178 ns, At safepoint: 3742 ns, Total: 75920 ns
[2023-07-14T22:09:20.342+0000][68][info ][safepoint   ] Safepoint "Cleanup", Time since last: 1073232106 ns, Reaching safepoint: 551381 ns, At safepoint: 10615 ns, Total: 561996 ns
[2023-07-14T22:09:21.346+0000][68][info ][safepoint   ] Safepoint "Cleanup", Time since last: 1002296625 ns, Reaching safepoint: 975895 ns, At safepoint: 178153 ns, Total: 1154048 ns
[2023-07-14T22:09:27.617+0000][68][info ][safepoint   ] Safepoint "Cleanup", Time since last: 6253967635 ns, Reaching safepoint: 11386981 ns, At safepoint: 6269013 ns, Total: 17655994 ns
[2023-07-14T22:09:30.189+0000][68][info ][safepoint   ] Safepoint "Cleanup", Time since last: 2571353538 ns, Reaching safepoint: 156270 ns, At safepoint: 46574 ns, Total: 202844 ns
[2023-07-14T22:09:31.875+0000][68][info ][safepoint   ] Safepoint "Cleanup", Time since last: 1685024637 ns, Reaching safepoint: 1065502 ns, At safepoint: 24549 ns, Total: 1090051 ns
[2023-07-14T22:09:32.878+0000][68][info ][safepoint   ] Safepoint "Cleanup", Time since last: 1003358479 ns, Reaching safepoint: 148838 ns, At safepoint: 4816 ns, Total: 153654 ns
[2023-07-14T22:09:35.881+0000][68][info ][safepoint   ] Safepoint "Cleanup", Time since last: 3002127007 ns, Reaching safepoint: 499648 ns, At safepoint: 27184 ns, Total: 526832 ns
[2023-07-14T22:09:37.099+0000][68][info ][safepoint   ] Safepoint "Cleanup", Time since last: 1217371604 ns, Reaching safepoint: 187937 ns, At safepoint: 35744 ns, Total: 223681 ns
[2023-07-14T22:09:38.268+0000][68][info ][safepoint   ] Safepoint "Cleanup", Time since last: 1169124002 ns, Reaching safepoint: 141372 ns, At safepoint: 12973 ns, Total: 154345 ns
[2023-07-14T22:09:49.603+0000][68][info ][safepoint   ] Safepoint "Cleanup", Time since last: 11334496265 ns, Reaching safepoint: 191018 ns, At safepoint: 36475 ns, Total: 227493 ns
[2023-07-14T22:09:50.695+0000][68][info ][safepoint   ] Safepoint "Cleanup", Time since last: 1090770431 ns, Reaching safepoint: 596525 ns, At safepoint: 121709 ns, Total: 718234 ns
[2023-07-14T22:10:01.323+0000][68][info ][safepoint   ] Safepoint "Cleanup", Time since last: 10628045699 ns, Reaching safepoint: 638381 ns, At safepoint: 10729 ns, Total: 649110 ns
[2023-07-14T22:10:15.102+0000][68][info ][safepoint   ] Safepoint "Cleanup", Time since last: 13777973702 ns, Reaching safepoint: 1087396 ns, At safepoint: 15718 ns, Total: 1103114 ns
[2023-07-14T22:10:18.109+0000][68][info ][safepoint   ] Safepoint "Cleanup", Time since last: 3005721511 ns, Reaching safepoint: 112051 ns, At safepoint: 9663 ns, Total: 121714 ns
[2023-07-14T22:10:30.149+0000][68][info ][safepoint   ] Safepoint "Cleanup", Time since last: 12039577862 ns, Reaching safepoint: 254163 ns, At safepoint: 40644 ns, Total: 294807 ns
[2023-07-14T22:10:32.009+0000][68][info ][safepoint   ] Safepoint "Cleanup", Time since last: 1859851239 ns, Reaching safepoint: 447855 ns, At safepoint: 10193 ns, Total: 458048 ns
[2023-07-14T22:10:33.307+0000][68][info ][safepoint   ] Safepoint "Cleanup", Time since last: 1297538494 ns, Reaching safepoint: 389278 ns, At safepoint: 66658 ns, Total: 455936 ns
[2023-07-14T22:10:36.132+0000][68][info ][safepoint   ] Safepoint "Cleanup", Time since last: 2824968911 ns, Reaching safepoint: 87520 ns, At safepoint: 36267 ns, Total: 123787 ns
[2023-07-14T22:10:37.419+0000][68][info ][safepoint   ] Safepoint "Cleanup", Time since last: 1286933950 ns, Reaching safepoint: 313411 ns, At safepoint: 30074 ns, Total: 343485 ns
[2023-07-14T22:10:39.476+0000][68][info ][safepoint   ] Safepoint "Cleanup", Time since last: 2056459860 ns, Reaching safepoint: 374347 ns, At safepoint: 16429 ns, Total: 390776 ns
[2023-07-14T22:10:48.147+0000][68][info ][safepoint   ] Safepoint "Cleanup", Time since last: 8670365757 ns, Reaching safepoint: 215071 ns, At safepoint: 40157 ns, Total: 255228 ns
[2023-07-14T22:10:52.002+0000][68][info ][safepoint   ] Safepoint "Cleanup", Time since last: 3853634897 ns, Reaching safepoint: 549682 ns, At safepoint: 10364 ns, Total: 560046 ns
[2023-07-14T22:10:54.425+0000][68][info ][safepoint   ] Safepoint "Cleanup", Time since last: 2423312603 ns, Reaching safepoint: 170861 ns, At safepoint: 27333 ns, Total: 198194 ns
[2023-07-14T22:10:56.366+0000][68][info ][safepoint   ] Safepoint "Cleanup", Time since last: 1940690353 ns, Reaching safepoint: 588735 ns, At safepoint: 25344 ns, Total: 614079 ns
[2023-07-14T22:10:57.369+0000][68][info ][safepoint   ] Safepoint "Cleanup", Time since last: 1002701400 ns, Reaching safepoint: 411836 ns, At safepoint: 16790 ns, Total: 428626 ns
[2023-07-14T22:11:06.996+0000][68][info ][safepoint   ] Safepoint "Cleanup", Time since last: 9626535061 ns, Reaching safepoint: 200005 ns, At safepoint: 20841 ns, Total: 220846 ns
[2023-07-14T22:11:11.056+0000][68][info ][safepoint   ] Safepoint "Cleanup", Time since last: 4059362441 ns, Reaching safepoint: 357361 ns, At safepoint: 17302 ns, Total: 374663 ns
[2023-07-14T22:11:18.445+0000][68][info ][safepoint   ] Safepoint "Cleanup", Time since last: 7388460487 ns, Reaching safepoint: 194449 ns, At safepoint: 33292 ns, Total: 227741 ns
[2023-07-14T22:11:21.886+0000][68][info ][safepoint   ] Safepoint "Cleanup", Time since last: 3440510398 ns, Reaching safepoint: 748453 ns, At safepoint: 30628 ns, Total: 779081 ns
[2023-07-14T22:11:33.508+0000][68][info ][safepoint   ] Safepoint "Cleanup", Time since last: 11621034144 ns, Reaching safepoint: 673616 ns, At safepoint: 104274 ns, Total: 777890 ns
[2023-07-14T22:11:49.285+0000][68][info ][safepoint   ] Safepoint "Cleanup", Time since last: 15776391402 ns, Reaching safepoint: 233262 ns, At safepoint: 7376 ns, Total: 240638 ns
[2023-07-14T22:12:00.168+0000][68][info ][safepoint   ] Safepoint "Cleanup", Time since last: 10882680757 ns, Reaching safepoint: 82562 ns, At safepoint: 29994 ns, Total: 112556 ns
[2023-07-14T22:12:01.936+0000][68][info ][safepoint   ] Safepoint "Cleanup", Time since last: 1767276896 ns, Reaching safepoint: 677815 ns, At safepoint: 24708 ns, Total: 702523 ns
[2023-07-14T22:12:07.144+0000][68][info ][safepoint   ] Safepoint "Cleanup", Time since last: 5207561641 ns, Reaching safepoint: 330974 ns, At safepoint: 40568 ns, Total: 371542 ns
[2023-07-14T22:12:18.172+0000][68][info ][safepoint   ] Safepoint "Cleanup", Time since last: 11022938977 ns, Reaching safepoint: 112141 ns, At safepoint: 3182 ns, Total: 115323 ns
[2023-07-14T22:12:30.169+0000][68][info ][safepoint   ] Safepoint "Cleanup", Time since last: 11996565088 ns, Reaching safepoint: 109596 ns, At safepoint: 29447 ns, Total: 139043 ns
[2023-07-14T22:12:31.773+0000][68][info ][safepoint   ] Safepoint "Cleanup", Time since last: 1604008388 ns, Reaching safepoint: 188303 ns, At safepoint: 28494 ns, Total: 216797 ns
[2023-07-14T22:12:32.911+0000][68][info ][safepoint   ] Safepoint "Cleanup", Time since last: 1137845084 ns, Reaching safepoint: 379837 ns, At safepoint: 17202 ns, Total: 397039 ns
[2023-07-14T22:12:37.069+0000][68][info ][safepoint   ] Safepoint "Cleanup", Time since last: 4157383685 ns, Reaching safepoint: 142897 ns, At safepoint: 5360 ns, Total: 148257 ns
[2023-07-14T22:12:40.052+0000][68][info ][safepoint   ] Safepoint "Cleanup", Time since last: 2982809760 ns, Reaching safepoint: 623262 ns, At safepoint: 10789 ns, Total: 634051 ns
[2023-07-14T22:12:41.056+0000][68][info ][safepoint   ] Safepoint "Cleanup", Time since last: 1002702786 ns, Reaching safepoint: 578947 ns, At safepoint: 27866 ns, Total: 606813 ns
[2023-07-14T22:12:44.385+0000][68][info ][safepoint   ] Safepoint "Cleanup", Time since last: 3328642124 ns, Reaching safepoint: 678515 ns, At safepoint: 25035 ns, Total: 703550 ns
[2023-07-14T22:12:48.303+0000][68][info ][safepoint   ] Safepoint "Cleanup", Time since last: 3921887505 ns, Reaching safepoint: 288808 ns, At safepoint: 27366 ns, Total: 316174 ns
[2023-07-14T22:12:53.645+0000][68][info ][safepoint   ] Safepoint "Cleanup", Time since last: 5341086646 ns, Reaching safepoint: 514539 ns, At safepoint: 10970 ns, Total: 525509 ns
[2023-07-14T22:12:55.135+0000][68][info ][safepoint   ] Safepoint "Cleanup", Time since last: 1489735598 ns, Reaching safepoint: 146095 ns, At safepoint: 26439 ns, Total: 172534 ns
[2023-07-14T22:12:57.056+0000][68][info ][safepoint   ] Safepoint "Cleanup", Time since last: 1921206626 ns, Reaching safepoint: 233577 ns, At safepoint: 12081 ns, Total: 245658 ns
[2023-07-14T22:13:01.224+0000][68][info ][safepoint   ] Safepoint "Cleanup", Time since last: 4168010715 ns, Reaching safepoint: 253068 ns, At safepoint: 11170 ns, Total: 264238 ns
[2023-07-14T22:13:02.303+0000][68][info ][safepoint   ] Safepoint "Cleanup", Time since last: 1078595626 ns, Reaching safepoint: 416201 ns, At safepoint: 8595 ns, Total: 424796 ns
[2023-07-14T22:13:18.169+0000][68][info ][safepoint   ] Safepoint "Cleanup", Time since last: 15865053281 ns, Reaching safepoint: 138367 ns, At safepoint: 34393 ns, Total: 172760 ns
[2023-07-14T22:13:19.226+0000][68][info ][safepoint   ] Safepoint "Cleanup", Time since last: 1056903768 ns, Reaching safepoint: 212132 ns, At safepoint: 44892 ns, Total: 257024 ns
[2023-07-14T22:13:20.383+0000][68][info ][safepoint   ] Safepoint "Cleanup", Time since last: 1156371647 ns, Reaching safepoint: 249191 ns, At safepoint: 70429 ns, Total: 319620 ns
[2023-07-14T22:13:24.553+0000][68][info ][safepoint   ] Safepoint "Cleanup", Time since last: 4169792797 ns, Reaching safepoint: 203516 ns, At safepoint: 45466 ns, Total: 248982 ns
[2023-07-14T22:13:27.613+0000][68][info ][safepoint   ] Safepoint "Cleanup", Time since last: 3059481481 ns, Reaching safepoint: 610654 ns, At safepoint: 24409 ns, Total: 635063 ns
[2023-07-14T22:13:28.616+0000][68][info ][safepoint   ] Safepoint "Cleanup", Time since last: 1002845263 ns, Reaching safepoint: 666382 ns, At safepoint: 11921 ns, Total: 678303 ns
[2023-07-14T22:13:31.875+0000][68][info ][safepoint   ] Safepoint "Cleanup", Time since last: 3258703929 ns, Reaching safepoint: 339748 ns, At safepoint: 6716 ns, Total: 346464 ns
[2023-07-14T22:13:32.879+0000][68][info ][safepoint   ] Safepoint "Cleanup", Time since last: 1002947166 ns, Reaching safepoint: 333989 ns, At safepoint: 11445 ns, Total: 345434 ns
[2023-07-14T22:13:36.184+0000][68][info ][safepoint   ] Safepoint "Cleanup", Time since last: 3305436066 ns, Reaching safepoint: 152911 ns, At safepoint: 49114 ns, Total: 202025 ns
[2023-07-14T22:13:43.352+0000][68][info ][safepoint   ] Safepoint "Cleanup", Time since last: 7167170008 ns, Reaching safepoint: 171899 ns, At safepoint: 31342 ns, Total: 203241 ns
[2023-07-14T22:13:48.194+0000][68][info ][safepoint   ] Safepoint "Cleanup", Time since last: 4841400110 ns, Reaching safepoint: 102976 ns, At safepoint: 36371 ns, Total: 139347 ns
[2023-07-14T22:13:49.815+0000][68][info ][safepoint   ] Safepoint "Cleanup", Time since last: 1620572386 ns, Reaching safepoint: 468392 ns, At safepoint: 18639 ns, Total: 487031 ns
[2023-07-14T22:13:54.968+0000][68][info ][safepoint   ] Safepoint "Cleanup", Time since last: 5152705774 ns, Reaching safepoint: 145376 ns, At safepoint: 31245 ns, Total: 176621 ns
[2023-07-14T22:14:01.250+0000][68][info ][safepoint   ] Safepoint "Cleanup", Time since last: 6282000441 ns, Reaching safepoint: 213242 ns, At safepoint: 36569 ns, Total: 249811 ns
[2023-07-14T22:14:06.190+0000][68][info ][safepoint   ] Safepoint "Cleanup", Time since last: 4940018933 ns, Reaching safepoint: 183096 ns, At safepoint: 28533 ns, Total: 211629 ns
[2023-07-14T22:14:12.175+0000][68][info ][safepoint   ] Safepoint "Cleanup", Time since last: 5984563975 ns, Reaching safepoint: 243540 ns, At safepoint: 39160 ns, Total: 282700 ns
[2023-07-14T22:14:14.146+0000][68][info ][safepoint   ] Safepoint "Cleanup", Time since last: 1970172204 ns, Reaching safepoint: 298781 ns, At safepoint: 22644 ns, Total: 321425 ns
[2023-07-14T22:14:19.295+0000][68][info ][safepoint   ] Safepoint "Cleanup", Time since last: 5148614115 ns, Reaching safepoint: 137158 ns, At safepoint: 54176 ns, Total: 191334 ns
[2023-07-14T22:14:20.352+0000][68][info ][safepoint   ] Safepoint "Cleanup", Time since last: 1056101225 ns, Reaching safepoint: 949793 ns, At safepoint: 21237 ns, Total: 971030 ns
[2023-07-14T22:14:24.196+0000][68][info ][safepoint   ] Safepoint "Cleanup", Time since last: 3843983861 ns, Reaching safepoint: 221953 ns, At safepoint: 36630 ns, Total: 258583 ns
[2023-07-14T22:14:33.091+0000][68][info ][safepoint   ] Safepoint "Cleanup", Time since last: 8894083428 ns, Reaching safepoint: 339289 ns, At safepoint: 6699 ns, Total: 345988 ns
[2023-07-14T22:14:36.577+0000][68][info ][safepoint   ] Safepoint "Cleanup", Time since last: 3485723226 ns, Reaching safepoint: 161233 ns, At safepoint: 28364 ns, Total: 189597 ns
[2023-07-14T22:14:42.194+0000][68][info ][safepoint   ] Safepoint "Cleanup", Time since last: 5617457199 ns, Reaching safepoint: 174975 ns, At safepoint: 45290 ns, Total: 220265 ns
[2023-07-14T22:14:43.669+0000][68][info ][safepoint   ] Safepoint "Cleanup", Time since last: 1474307902 ns, Reaching safepoint: 539582 ns, At safepoint: 10404 ns, Total: 549986 ns
[2023-07-14T22:14:54.195+0000][68][info ][safepoint   ] Safepoint "Cleanup", Time since last: 10525520902 ns, Reaching safepoint: 166501 ns, At safepoint: 34855 ns, Total: 201356 ns
[2023-07-14T22:14:56.184+0000][68][info ][safepoint   ] Safepoint "Cleanup", Time since last: 1988601312 ns, Reaching safepoint: 369876 ns, At safepoint: 7013 ns, Total: 376889 ns
[2023-07-14T22:15:03.739+0000][68][info ][safepoint   ] Safepoint "Cleanup", Time since last: 7554848536 ns, Reaching safepoint: 195277 ns, At safepoint: 40201 ns, Total: 235478 ns
[2023-07-14T22:15:06.195+0000][68][info ][safepoint   ] Safepoint "Cleanup", Time since last: 2455406398 ns, Reaching safepoint: 188019 ns, At safepoint: 28663 ns, Total: 216682 ns
[2023-07-14T22:15:08.056+0000][68][info ][safepoint   ] Safepoint "Cleanup", Time since last: 1860510320 ns, Reaching safepoint: 385327 ns, At safepoint: 6771 ns, Total: 392098 ns
[2023-07-14T22:15:12.203+0000][68][info ][safepoint   ] Safepoint "Cleanup", Time since last: 4146782875 ns, Reaching safepoint: 199751 ns, At safepoint: 30744 ns, Total: 230495 ns
[2023-07-14T22:15:15.315+0000][68][info ][safepoint   ] Safepoint "Cleanup", Time since last: 3111116939 ns, Reaching safepoint: 374559 ns, At safepoint: 6502 ns, Total: 381061 ns
[2023-07-14T22:15:18.214+0000][68][info ][safepoint   ] Safepoint "Cleanup", Time since last: 2898350561 ns, Reaching safepoint: 145238 ns, At safepoint: 36523 ns, Total: 181761 ns
[2023-07-14T22:15:20.074+0000][68][info ][safepoint   ] Safepoint "Cleanup", Time since last: 1860411471 ns, Reaching safepoint: 220532 ns, At safepoint: 27616 ns, Total: 248148 ns
[2023-07-14T22:15:21.926+0000][68][info ][safepoint   ] Safepoint "Cleanup", Time since last: 1851464911 ns, Reaching safepoint: 344767 ns, At safepoint: 7019 ns, Total: 351786 ns
[2023-07-14T22:15:24.197+0000][68][info ][safepoint   ] Safepoint "Cleanup", Time since last: 2270403050 ns, Reaching safepoint: 186651 ns, At safepoint: 33791 ns, Total: 220442 ns
[2023-07-14T22:15:27.150+0000][68][info ][safepoint   ] Safepoint "Cleanup", Time since last: 2953443020 ns, Reaching safepoint: 355312 ns, At safepoint: 6343 ns, Total: 361655 ns
[2023-07-14T22:15:30.154+0000][68][info ][safepoint   ] Safepoint "Cleanup", Time since last: 3003762925 ns, Reaching safepoint: 95124 ns, At safepoint: 3134 ns, Total: 98258 ns
[2023-07-14T22:15:31.332+0000][68][info ][safepoint   ] Safepoint "Cleanup", Time since last: 1177058707 ns, Reaching safepoint: 192651 ns, At safepoint: 3203 ns, Total: 195854 ns
[2023-07-14T22:15:33.203+0000][68][info ][safepoint   ] Safepoint "Cleanup", Time since last: 1870960085 ns, Reaching safepoint: 203297 ns, At safepoint: 44502 ns, Total: 247799 ns
[2023-07-14T22:15:34.665+0000][68][info ][safepoint   ] Safepoint "Cleanup", Time since last: 1461535817 ns, Reaching safepoint: 874173 ns, At safepoint: 18295 ns, Total: 892468 ns
[2023-07-14T22:15:36.216+0000][68][info ][safepoint   ] Safepoint "Cleanup", Time since last: 1550222764 ns, Reaching safepoint: 171955 ns, At safepoint: 27276 ns, Total: 199231 ns
[2023-07-14T22:15:37.383+0000][68][info ][safepoint   ] Safepoint "Cleanup", Time since last: 1166799634 ns, Reaching safepoint: 130360 ns, At safepoint: 3433 ns, Total: 133793 ns
[2023-07-14T22:15:39.309+0000][68][info ][safepoint   ] Safepoint "Cleanup", Time since last: 1925719246 ns, Reaching safepoint: 592902 ns, At safepoint: 14951 ns, Total: 607853 ns
[2023-07-14T22:15:56.034+0000][68][info ][safepoint   ] Safepoint "Cleanup", Time since last: 16724624063 ns, Reaching safepoint: 258257 ns, At safepoint: 7464 ns, Total: 265721 ns
[2023-07-14T22:16:06.215+0000][68][info ][safepoint   ] Safepoint "Cleanup", Time since last: 10180271110 ns, Reaching safepoint: 123136 ns, At safepoint: 35802 ns, Total: 158938 ns
[2023-07-14T22:16:07.690+0000][68][info ][safepoint   ] Safepoint "Cleanup", Time since last: 1474737566 ns, Reaching safepoint: 699326 ns, At safepoint: 30977 ns, Total: 730303 ns
[2023-07-14T22:16:09.898+0000][68][info ][safepoint   ] Safepoint "Cleanup", Time since last: 2207658657 ns, Reaching safepoint: 572440 ns, At safepoint: 35477 ns, Total: 607917 ns
[2023-07-14T22:16:12.214+0000][68][info ][safepoint   ] Safepoint "Cleanup", Time since last: 2315716805 ns, Reaching safepoint: 195635 ns, At safepoint: 35410 ns, Total: 231045 ns
[2023-07-14T22:16:14.122+0000][68][info ][safepoint   ] Safepoint "Cleanup", Time since last: 1906875763 ns, Reaching safepoint: 456889 ns, At safepoint: 7902 ns, Total: 464791 ns
[2023-07-14T22:16:15.125+0000][68][info ][safepoint   ] Safepoint "Cleanup", Time since last: 1002731213 ns, Reaching safepoint: 436482 ns, At safepoint: 8090 ns, Total: 444572 ns
[2023-07-14T22:16:26.093+0000][68][info ][safepoint   ] Safepoint "Cleanup", Time since last: 10967809697 ns, Reaching safepoint: 82042 ns, At safepoint: 8409 ns, Total: 90451 ns
[2023-07-14T22:16:30.219+0000][68][info ][safepoint   ] Safepoint "Cleanup", Time since last: 4125190142 ns, Reaching safepoint: 111032 ns, At safepoint: 35356 ns, Total: 146388 ns
[2023-07-14T22:16:33.190+0000][68][info ][safepoint   ] Safepoint "Cleanup", Time since last: 2970743341 ns, Reaching safepoint: 401858 ns, At safepoint: 19829 ns, Total: 421687 ns
[2023-07-14T22:16:36.194+0000][68][info ][safepoint   ] Safepoint "Cleanup", Time since last: 3003518128 ns, Reaching safepoint: 201934 ns, At safepoint: 6142 ns, Total: 208076 ns
[2023-07-14T22:16:37.324+0000][68][info ][safepoint   ] Safepoint "Cleanup", Time since last: 1130118410 ns, Reaching safepoint: 392029 ns, At safepoint: 217967 ns, Total: 609996 ns
[2023-07-14T22:16:42.742+0000][68][info ][safepoint   ] Safepoint "Cleanup", Time since last: 5417051748 ns, Reaching safepoint: 154079 ns, At safepoint: 26771 ns, Total: 180850 ns
[2023-07-14T22:16:45.803+0000][68][info ][safepoint   ] Safepoint "Cleanup", Time since last: 3059921327 ns, Reaching safepoint: 795118 ns, At safepoint: 33079 ns, Total: 828197 ns
[2023-07-14T22:16:51.058+0000][68][info ][safepoint   ] Safepoint "Cleanup", Time since last: 5254276916 ns, Reaching safepoint: 609625 ns, At safepoint: 29494 ns, Total: 639119 ns
[2023-07-14T22:16:54.215+0000][68][info ][safepoint   ] Safepoint "Cleanup", Time since last: 3156670009 ns, Reaching safepoint: 112478 ns, At safepoint: 28579 ns, Total: 141057 ns
[2023-07-14T22:16:55.246+0000][68][info ][safepoint   ] Safepoint "Cleanup", Time since last: 1031395455 ns, Reaching safepoint: 121501 ns, At safepoint: 37493 ns, Total: 158994 ns
[2023-07-14T22:16:57.398+0000][68][info ][safepoint   ] Safepoint "Cleanup", Time since last: 2151143170 ns, Reaching safepoint: 519980 ns, At safepoint: 10205 ns, Total: 530185 ns
[2023-07-14T22:17:00.554+0000][68][info ][safepoint   ] Safepoint "Cleanup", Time since last: 3155689179 ns, Reaching safepoint: 159483 ns, At safepoint: 27210 ns, Total: 186693 ns
[2023-07-14T22:17:18.359+0000][68][info ][safepoint   ] Safepoint "Cleanup", Time since last: 17804936180 ns, Reaching safepoint: 226537 ns, At safepoint: 5799 ns, Total: 232336 ns
[2023-07-14T22:17:26.179+0000][68][info ][safepoint   ] Safepoint "Cleanup", Time since last: 7819250527 ns, Reaching safepoint: 299907 ns, At safepoint: 6963 ns, Total: 306870 ns
[2023-07-14T22:17:33.445+0000][68][info ][safepoint   ] Safepoint "Cleanup", Time since last: 7265269519 ns, Reaching safepoint: 664009 ns, At safepoint: 25789 ns, Total: 689798 ns
[2023-07-14T22:17:36.644+0000][68][info ][safepoint   ] Safepoint "Cleanup", Time since last: 3198982617 ns, Reaching safepoint: 220374 ns, At safepoint: 55069 ns, Total: 275443 ns
[2023-07-14T22:18:03.810+0000][68][info ][safepoint   ] Safepoint "Cleanup", Time since last: 27164642164 ns, Reaching safepoint: 1047201 ns, At safepoint: 23922 ns, Total: 1071123 ns
[2023-07-14T22:18:09.169+0000][68][info ][safepoint   ] Safepoint "Cleanup", Time since last: 5358106623 ns, Reaching safepoint: 657418 ns, At safepoint: 11147 ns, Total: 668565 ns
[2023-07-14T22:18:13.298+0000][68][info ][safepoint   ] Safepoint "Cleanup", Time since last: 4129070967 ns, Reaching safepoint: 208268 ns, At safepoint: 9196 ns, Total: 217464 ns
[2023-07-14T22:18:16.396+0000][68][info ][safepoint   ] Safepoint "Cleanup", Time since last: 3096762855 ns, Reaching safepoint: 527218 ns, At safepoint: 10505 ns, Total: 537723 ns
[2023-07-14T22:18:18.246+0000][68][info ][safepoint   ] Safepoint "Cleanup", Time since last: 1849373403 ns, Reaching safepoint: 160362 ns, At safepoint: 27076 ns, Total: 187438 ns
[2023-07-14T22:18:20.894+0000][68][info ][safepoint   ] Safepoint "Cleanup", Time since last: 2647618896 ns, Reaching safepoint: 380960 ns, At safepoint: 15415 ns, Total: 396375 ns
[2023-07-14T22:18:25.081+0000][68][info ][safepoint   ] Safepoint "Cleanup", Time since last: 4187388112 ns, Reaching safepoint: 168005 ns, At safepoint: 32683 ns, Total: 200688 ns
[2023-07-14T22:18:28.128+0000][68][info ][safepoint   ] Safepoint "Cleanup", Time since last: 3046356260 ns, Reaching safepoint: 655231 ns, At safepoint: 11512 ns, Total: 666743 ns
[2023-07-14T22:18:31.609+0000][68][info ][safepoint   ] Safepoint "Cleanup", Time since last: 3480442328 ns, Reaching safepoint: 172988 ns, At safepoint: 27478 ns, Total: 200466 ns
[2023-07-14T22:18:33.534+0000][68][info ][safepoint   ] Safepoint "Cleanup", Time since last: 1924791897 ns, Reaching safepoint: 541174 ns, At safepoint: 85070 ns, Total: 626244 ns
[2023-07-14T22:18:42.368+0000][68][info ][safepoint   ] Safepoint "Cleanup", Time since last: 8833771400 ns, Reaching safepoint: 234511 ns, At safepoint: 27290 ns, Total: 261801 ns
[2023-07-14T22:18:44.015+0000][68][info ][safepoint   ] Safepoint "Cleanup", Time since last: 1645736489 ns, Reaching safepoint: 471409 ns, At safepoint: 11881 ns, Total: 483290 ns
[2023-07-14T22:18:48.244+0000][68][info ][safepoint   ] Safepoint "Cleanup", Time since last: 4228370937 ns, Reaching safepoint: 254223 ns, At safepoint: 34838 ns, Total: 289061 ns
[2023-07-14T22:18:49.247+0000][68][info ][safepoint   ] Safepoint "Cleanup", Time since last: 1003066487 ns, Reaching safepoint: 226456 ns, At safepoint: 27529 ns, Total: 253985 ns
[2023-07-14T22:18:50.272+0000][68][info ][safepoint   ] Safepoint "Cleanup", Time since last: 1024783849 ns, Reaching safepoint: 416638 ns, At safepoint: 17301 ns, Total: 433939 ns
[2023-07-14T22:18:55.380+0000][68][info ][safepoint   ] Safepoint "Cleanup", Time since last: 5107387997 ns, Reaching safepoint: 357312 ns, At safepoint: 9296 ns, Total: 366608 ns
[2023-07-14T22:18:56.800+0000][68][info ][safepoint   ] Safepoint "Cleanup", Time since last: 1419057779 ns, Reaching safepoint: 702565 ns, At safepoint: 26182 ns, Total: 728747 ns
[2023-07-14T22:19:07.071+0000][68][info ][safepoint   ] Safepoint "Cleanup", Time since last: 10270628693 ns, Reaching safepoint: 267887 ns, At safepoint: 36217 ns, Total: 304104 ns
[2023-07-14T22:19:30.258+0000][68][info ][safepoint   ] Safepoint "Cleanup", Time since last: 23186347575 ns, Reaching safepoint: 167667 ns, At safepoint: 27391 ns, Total: 195058 ns
[2023-07-14T22:19:33.543+0000][68][info ][safepoint   ] Safepoint "Cleanup", Time since last: 3284387585 ns, Reaching safepoint: 641494 ns, At safepoint: 25040 ns, Total: 666534 ns
[2023-07-14T22:19:42.268+0000][68][info ][safepoint   ] Safepoint "Cleanup", Time since last: 8724621107 ns, Reaching safepoint: 190187 ns, At safepoint: 65483 ns, Total: 255670 ns
[2023-07-14T22:19:44.068+0000][68][info ][safepoint   ] Safepoint "Cleanup", Time since last: 1799722969 ns, Reaching safepoint: 550733 ns, At safepoint: 16084 ns, Total: 566817 ns
[2023-07-14T22:19:49.809+0000][68][info ][safepoint   ] Safepoint "Cleanup", Time since last: 5739955562 ns, Reaching safepoint: 232323 ns, At safepoint: 27092 ns, Total: 259415 ns
[2023-07-14T22:19:51.674+0000][68][info ][safepoint   ] Safepoint "Cleanup", Time since last: 1864866459 ns, Reaching safepoint: 639518 ns, At safepoint: 9804 ns, Total: 649322 ns
[2023-07-14T22:19:54.255+0000][68][info ][safepoint   ] Safepoint "Cleanup", Time since last: 2580085352 ns, Reaching safepoint: 120935 ns, At safepoint: 44647 ns, Total: 165582 ns
[2023-07-14T22:20:14.163+0000][68][info ][safepoint   ] Safepoint "Cleanup", Time since last: 19907865335 ns, Reaching safepoint: 151660 ns, At safepoint: 3603 ns, Total: 155263 ns
[2023-07-14T22:20:19.191+0000][68][info ][safepoint   ] Safepoint "Cleanup", Time since last: 5028131009 ns, Reaching safepoint: 144282 ns, At safepoint: 40197 ns, Total: 184479 ns
[2023-07-14T22:20:33.825+0000][68][info ][safepoint   ] Safepoint "Cleanup", Time since last: 14632945613 ns, Reaching safepoint: 446197 ns, At safepoint: 19466 ns, Total: 465663 ns
[2023-07-14T22:20:37.028+0000][68][info ][safepoint   ] Safepoint "Cleanup", Time since last: 3202670569 ns, Reaching safepoint: 171974 ns, At safepoint: 31341 ns, Total: 203315 ns
[2023-07-14T22:20:38.295+0000][68][info ][safepoint   ] Safepoint "Cleanup", Time since last: 1267059608 ns, Reaching safepoint: 111803 ns, At safepoint: 38061 ns, Total: 149864 ns
[2023-07-14T22:20:39.444+0000][68][info ][safepoint   ] Safepoint "Cleanup", Time since last: 1148136380 ns, Reaching safepoint: 683243 ns, At safepoint: 54461 ns, Total: 737704 ns
[2023-07-14T22:20:42.618+0000][68][info ][safepoint   ] Safepoint "Cleanup", Time since last: 3174501544 ns, Reaching safepoint: 176586 ns, At safepoint: 31771 ns, Total: 208357 ns
[2023-07-14T22:20:43.678+0000][68][info ][safepoint   ] Safepoint "Cleanup", Time since last: 1058705185 ns, Reaching safepoint: 579508 ns, At safepoint: 25313 ns, Total: 604821 ns
[2023-07-14T22:20:44.914+0000][68][info ][safepoint   ] Safepoint "Cleanup", Time since last: 1235500163 ns, Reaching safepoint: 533811 ns, At safepoint: 9642 ns, Total: 543453 ns
[2023-07-14T22:20:48.271+0000][68][info ][safepoint   ] Safepoint "Cleanup", Time since last: 3356822281 ns, Reaching safepoint: 128890 ns, At safepoint: 13999 ns, Total: 142889 ns
[2023-07-14T22:20:50.156+0000][68][info ][safepoint   ] Safepoint "Cleanup", Time since last: 1884298947 ns, Reaching safepoint: 449300 ns, At safepoint: 20626 ns, Total: 469926 ns
[2023-07-14T22:21:00.449+0000][68][info ][safepoint   ] Safepoint "Cleanup", Time since last: 10292175660 ns, Reaching safepoint: 228793 ns, At safepoint: 27799 ns, Total: 256592 ns
[2023-07-14T22:21:01.861+0000][68][info ][safepoint   ] Safepoint "Cleanup", Time since last: 1411904804 ns, Reaching safepoint: 162104 ns, At safepoint: 29008 ns, Total: 191112 ns
[2023-07-14T22:21:06.273+0000][68][info ][safepoint   ] Safepoint "Cleanup", Time since last: 4412204018 ns, Reaching safepoint: 231071 ns, At safepoint: 53952 ns, Total: 285023 ns
[2023-07-14T22:21:08.017+0000][68][info ][safepoint   ] Safepoint "Cleanup", Time since last: 1743174522 ns, Reaching safepoint: 667235 ns, At safepoint: 10914 ns, Total: 678149 ns
[2023-07-14T22:21:19.427+0000][68][info ][safepoint   ] Safepoint "Cleanup", Time since last: 11411546134 ns, Reaching safepoint: 129705 ns, At safepoint: 33813 ns, Total: 163518 ns
[2023-07-14T22:21:24.280+0000][68][info ][safepoint   ] Safepoint "Cleanup", Time since last: 4852464784 ns, Reaching safepoint: 130845 ns, At safepoint: 34591 ns, Total: 165436 ns
[2023-07-14T22:21:24.476+0000][68][info ][gc,start    ] GC(16) Pause Young (Normal) (G1 Evacuation Pause)
[2023-07-14T22:21:24.478+0000][68][info ][gc,task     ] GC(16) Using 6 workers of 6 for evacuation
[2023-07-14T22:21:24.479+0000][68][debug][gc,age      ] GC(16) Desired survivor size 155189248 bytes, new threshold 15 (max threshold 15)
[2023-07-14T22:21:24.510+0000][68][info ][gc,phases   ] GC(16)   Pre Evacuate Collection Set: 1.9ms
[2023-07-14T22:21:24.511+0000][68][info ][gc,phases   ] GC(16)   Merge Heap Roots: 0.5ms
[2023-07-14T22:21:24.512+0000][68][info ][gc,phases   ] GC(16)   Evacuate Collection Set: 21.1ms
[2023-07-14T22:21:24.513+0000][68][info ][gc,phases   ] GC(16)   Post Evacuate Collection Set: 5.8ms
[2023-07-14T22:21:24.515+0000][68][info ][gc,phases   ] GC(16)   Other: 3.0ms
[2023-07-14T22:21:24.516+0000][68][trace][gc,age      ] GC(16) Age table with threshold 15 (max threshold 15)
[2023-07-14T22:21:24.516+0000][68][trace][gc,age      ] GC(16) - age   1:    1897680 bytes,    1897680 total
[2023-07-14T22:21:24.517+0000][68][trace][gc,age      ] GC(16) - age   2:     335720 bytes,    2233400 total
[2023-07-14T22:21:24.518+0000][68][trace][gc,age      ] GC(16) - age   3:    1106392 bytes,    3339792 total
[2023-07-14T22:21:24.519+0000][68][trace][gc,age      ] GC(16) - age   4:     405888 bytes,    3745680 total
[2023-07-14T22:21:24.520+0000][68][trace][gc,age      ] GC(16) - age   5:   33918304 bytes,   37663984 total
[2023-07-14T22:21:24.521+0000][68][trace][gc,age      ] GC(16) - age   6:    1232920 bytes,   38896904 total
[2023-07-14T22:21:24.522+0000][68][info ][gc,heap     ] GC(16) Eden regions: 579->0(578)
[2023-07-14T22:21:24.523+0000][68][info ][gc,heap     ] GC(16) Survivor regions: 10->11(74)
[2023-07-14T22:21:24.524+0000][68][info ][gc,heap     ] GC(16) Old regions: 17->17
[2023-07-14T22:21:24.525+0000][68][info ][gc,heap     ] GC(16) Archive regions: 2->2
[2023-07-14T22:21:24.526+0000][68][info ][gc,heap     ] GC(16) Humongous regions: 0->0
[2023-07-14T22:21:24.526+0000][68][info ][gc,metaspace] GC(16) Metaspace: 137380K(140928K)->137380K(140928K) NonClass: 119605K(121408K)->119605K(121408K) Class: 17775K(19520K)->17775K(19520K)
[2023-07-14T22:21:24.527+0000][68][info ][gc          ] GC(16) Pause Young (Normal) (G1 Evacuation Pause) 2425M->110M(3932M) 51.409ms
[2023-07-14T22:21:24.528+0000][68][info ][gc,cpu      ] GC(16) User=0.15s Sys=0.00s Real=0.05s
[2023-07-14T22:21:24.529+0000][68][info ][safepoint   ] Safepoint "G1CollectForAllocation", Time since last: 195386004 ns, Reaching safepoint: 371542 ns, At safepoint: 53382463 ns, Total: 53754005 ns
[2023-07-14T22:21:27.817+0000][68][info ][safepoint   ] Safepoint "Cleanup", Time since last: 3287459569 ns, Reaching safepoint: 442602 ns, At safepoint: 8101 ns, Total: 450703 ns
[2023-07-14T22:21:30.282+0000][68][info ][safepoint   ] Safepoint "Cleanup", Time since last: 2465151416 ns, Reaching safepoint: 80426 ns, At safepoint: 4994 ns, Total: 85420 ns
[2023-07-14T22:21:33.171+0000][68][info ][safepoint   ] Safepoint "Cleanup", Time since last: 2888104069 ns, Reaching safepoint: 337956 ns, At safepoint: 13599 ns, Total: 351555 ns
[2023-07-14T22:21:37.341+0000][68][info ][safepoint   ] Safepoint "Cleanup", Time since last: 4169897161 ns, Reaching safepoint: 171610 ns, At safepoint: 30469 ns, Total: 202079 ns
[2023-07-14T22:21:45.894+0000][68][info ][safepoint   ] Safepoint "Cleanup", Time since last: 8558279153 ns, Reaching safepoint: 422160 ns, At safepoint: 16655 ns, Total: 438815 ns
[2023-07-14T22:21:49.083+0000][68][info ][safepoint   ] Safepoint "Cleanup", Time since last: 3189282680 ns, Reaching safepoint: 186692 ns, At safepoint: 6178 ns, Total: 192870 ns
[2023-07-14T22:21:53.150+0000][68][info ][safepoint   ] Safepoint "Cleanup", Time since last: 4066066383 ns, Reaching safepoint: 417404 ns, At safepoint: 84381 ns, Total: 501785 ns
[2023-07-14T22:22:00.650+0000][68][info ][safepoint   ] Safepoint "Cleanup", Time since last: 7499736132 ns, Reaching safepoint: 60960 ns, At safepoint: 54567 ns, Total: 115527 ns
[2023-07-14T22:22:03.708+0000][68][info ][safepoint   ] Safepoint "Cleanup", Time since last: 3058383590 ns, Reaching safepoint: 515603 ns, At safepoint: 19907 ns, Total: 535510 ns
[2023-07-14T22:22:06.286+0000][68][info ][safepoint   ] Safepoint "Cleanup", Time since last: 2577283860 ns, Reaching safepoint: 162392 ns, At safepoint: 27206 ns, Total: 189598 ns
[2023-07-14T22:22:20.599+0000][68][info ][safepoint   ] Safepoint "Cleanup", Time since last: 14313078817 ns, Reaching safepoint: 198657 ns, At safepoint: 18324 ns, Total: 216981 ns
[2023-07-14T22:22:24.291+0000][68][info ][safepoint   ] Safepoint "Cleanup", Time since last: 3692164395 ns, Reaching safepoint: 271002 ns, At safepoint: 37303 ns, Total: 308305 ns
[2023-07-14T22:22:25.829+0000][68][info ][safepoint   ] Safepoint "Cleanup", Time since last: 1537247674 ns, Reaching safepoint: 408916 ns, At safepoint: 7182 ns, Total: 416098 ns
[2023-07-14T22:22:33.087+0000][68][info ][safepoint   ] Safepoint "Cleanup", Time since last: 7258100481 ns, Reaching safepoint: 442015 ns, At safepoint: 15310 ns, Total: 457325 ns
[2023-07-14T22:22:38.584+0000][68][info ][safepoint   ] Safepoint "Cleanup", Time since last: 5495948713 ns, Reaching safepoint: 733847 ns, At safepoint: 127719 ns, Total: 861566 ns
[2023-07-14T22:22:48.596+0000][68][info ][safepoint   ] Safepoint "Cleanup", Time since last: 10010922917 ns, Reaching safepoint: 218397 ns, At safepoint: 27316 ns, Total: 245713 ns
[2023-07-14T22:23:13.348+0000][68][info ][safepoint   ] Safepoint "Cleanup", Time since last: 24752192849 ns, Reaching safepoint: 92842 ns, At safepoint: 28071 ns, Total: 120913 ns
[2023-07-14T22:23:20.955+0000][68][info ][safepoint   ] Safepoint "Cleanup", Time since last: 7605346477 ns, Reaching safepoint: 788405 ns, At safepoint: 23606 ns, Total: 812011 ns
[2023-07-14T22:23:24.309+0000][68][info ][safepoint   ] Safepoint "Cleanup", Time since last: 3353569707 ns, Reaching safepoint: 197418 ns, At safepoint: 4770 ns, Total: 202188 ns
[2023-07-14T22:23:26.197+0000][68][info ][safepoint   ] Safepoint "Cleanup", Time since last: 1888157422 ns, Reaching safepoint: 357873 ns, At safepoint: 15970 ns, Total: 373843 ns
[2023-07-14T22:23:30.201+0000][68][info ][safepoint   ] Safepoint "Cleanup", Time since last: 4003475119 ns, Reaching safepoint: 279047 ns, At safepoint: 15696 ns, Total: 294743 ns
[2023-07-14T22:23:33.487+0000][68][info ][safepoint   ] Safepoint "Cleanup", Time since last: 3284923923 ns, Reaching safepoint: 701151 ns, At safepoint: 14546 ns, Total: 715697 ns
[2023-07-14T22:23:36.305+0000][68][info ][safepoint   ] Safepoint "Cleanup", Time since last: 2818526476 ns, Reaching safepoint: 82071 ns, At safepoint: 31301 ns, Total: 113372 ns
[2023-07-14T22:23:37.868+0000][68][info ][safepoint   ] Safepoint "Cleanup", Time since last: 1561666467 ns, Reaching safepoint: 884369 ns, At safepoint: 24562 ns, Total: 908931 ns
[2023-07-14T22:23:42.323+0000][68][info ][safepoint   ] Safepoint "Cleanup", Time since last: 4454879057 ns, Reaching safepoint: 181053 ns, At safepoint: 45016 ns, Total: 226069 ns
[2023-07-14T22:23:49.446+0000][68][info ][safepoint   ] Safepoint "Cleanup", Time since last: 7122174209 ns, Reaching safepoint: 286208 ns, At safepoint: 4617 ns, Total: 290825 ns
[2023-07-14T22:23:54.308+0000][68][info ][safepoint   ] Safepoint "Cleanup", Time since last: 4862344689 ns, Reaching safepoint: 110384 ns, At safepoint: 3924 ns, Total: 114308 ns
[2023-07-14T22:23:55.841+0000][68][info ][safepoint   ] Safepoint "Cleanup", Time since last: 1532247707 ns, Reaching safepoint: 341143 ns, At safepoint: 7138 ns, Total: 348281 ns
[2023-07-14T22:24:00.315+0000][68][info ][safepoint   ] Safepoint "Cleanup", Time since last: 4473853911 ns, Reaching safepoint: 203452 ns, At safepoint: 42556 ns, Total: 246008 ns
[2023-07-14T22:24:02.235+0000][68][info ][safepoint   ] Safepoint "Cleanup", Time since last: 1919985375 ns, Reaching safepoint: 247182 ns, At safepoint: 5404 ns, Total: 252586 ns
[2023-07-14T22:24:06.423+0000][68][info ][safepoint   ] Safepoint "Cleanup", Time since last: 4187356677 ns, Reaching safepoint: 196785 ns, At safepoint: 27552 ns, Total: 224337 ns
[2023-07-14T22:24:26.549+0000][68][info ][safepoint   ] Safepoint "Cleanup", Time since last: 20125628095 ns, Reaching safepoint: 456062 ns, At safepoint: 16552 ns, Total: 472614 ns
[2023-07-14T22:24:33.751+0000][68][info ][safepoint   ] Safepoint "Cleanup", Time since last: 7200935596 ns, Reaching safepoint: 518809 ns, At safepoint: 11267 ns, Total: 530076 ns
[2023-07-14T22:24:36.958+0000][68][info ][safepoint   ] Safepoint "Cleanup", Time since last: 3206786710 ns, Reaching safepoint: 226472 ns, At safepoint: 28031 ns, Total: 254503 ns
[2023-07-14T22:24:57.899+0000][68][info ][safepoint   ] Safepoint "Cleanup", Time since last: 20939945877 ns, Reaching safepoint: 718107 ns, At safepoint: 35835 ns, Total: 753942 ns
[2023-07-14T22:25:08.420+0000][68][info ][safepoint   ] Safepoint "Cleanup", Time since last: 10520481430 ns, Reaching safepoint: 527023 ns, At safepoint: 10635 ns, Total: 537658 ns
[2023-07-14T22:25:12.325+0000][68][info ][safepoint   ] Safepoint "Cleanup", Time since last: 3905223056 ns, Reaching safepoint: 125303 ns, At safepoint: 6822 ns, Total: 132125 ns
[2023-07-14T22:25:13.479+0000][68][info ][safepoint   ] Safepoint "Cleanup", Time since last: 1153352914 ns, Reaching safepoint: 232215 ns, At safepoint: 10150 ns, Total: 242365 ns
[2023-07-14T22:25:14.678+0000][68][info ][safepoint   ] Safepoint "Cleanup", Time since last: 1198637793 ns, Reaching safepoint: 612038 ns, At safepoint: 69689 ns, Total: 681727 ns
[2023-07-14T22:25:18.439+0000][68][info ][safepoint   ] Safepoint "Cleanup", Time since last: 3759995587 ns, Reaching safepoint: 254488 ns, At safepoint: 38623 ns, Total: 293111 ns
[2023-07-14T22:25:20.038+0000][68][info ][safepoint   ] Safepoint "Cleanup", Time since last: 1598494901 ns, Reaching safepoint: 674272 ns, At safepoint: 18787 ns, Total: 693059 ns
[2023-07-14T22:25:24.448+0000][68][info ][safepoint   ] Safepoint "Cleanup", Time since last: 4409303549 ns, Reaching safepoint: 169844 ns, At safepoint: 32430 ns, Total: 202274 ns
[2023-07-14T22:25:26.247+0000][68][info ][safepoint   ] Safepoint "Cleanup", Time since last: 1798956098 ns, Reaching safepoint: 407516 ns, At safepoint: 7054 ns, Total: 414570 ns
[2023-07-14T22:25:33.538+0000][68][info ][safepoint   ] Safepoint "Cleanup", Time since last: 7289748265 ns, Reaching safepoint: 452084 ns, At safepoint: 10598 ns, Total: 462682 ns
[2023-07-14T22:25:39.471+0000][68][info ][safepoint   ] Safepoint "Cleanup", Time since last: 5932937765 ns, Reaching safepoint: 177771 ns, At safepoint: 38494 ns, Total: 216265 ns
[2023-07-14T22:25:41.238+0000][68][info ][safepoint   ] Safepoint "Cleanup", Time since last: 1766694319 ns, Reaching safepoint: 209365 ns, At safepoint: 33267 ns, Total: 242632 ns
[2023-07-14T22:25:42.328+0000][68][info ][safepoint   ] Safepoint "Cleanup", Time since last: 1090546476 ns, Reaching safepoint: 252725 ns, At safepoint: 40225 ns, Total: 292950 ns
[2023-07-14T22:25:43.471+0000][68][info ][safepoint   ] Safepoint "Cleanup", Time since last: 1142576332 ns, Reaching safepoint: 219319 ns, At safepoint: 4008 ns, Total: 223327 ns
[2023-07-14T22:25:45.889+0000][68][info ][safepoint   ] Safepoint "Cleanup", Time since last: 2417092175 ns, Reaching safepoint: 127373 ns, At safepoint: 28975 ns, Total: 156348 ns
[2023-07-14T22:25:50.885+0000][68][info ][safepoint   ] Safepoint "Cleanup", Time since last: 4995589892 ns, Reaching safepoint: 317351 ns, At safepoint: 17097 ns, Total: 334448 ns
[2023-07-14T22:25:54.451+0000][68][info ][safepoint   ] Safepoint "Cleanup", Time since last: 3565766639 ns, Reaching safepoint: 165870 ns, At safepoint: 29360 ns, Total: 195230 ns
[2023-07-14T22:25:56.289+0000][68][info ][safepoint   ] Safepoint "Cleanup", Time since last: 1837871679 ns, Reaching safepoint: 514433 ns, At safepoint: 11311 ns, Total: 525744 ns
[2023-07-14T22:26:01.843+0000][68][info ][safepoint   ] Safepoint "Cleanup", Time since last: 5553835540 ns, Reaching safepoint: 193500 ns, At safepoint: 37200 ns, Total: 230700 ns
[2023-07-14T22:26:33.035+0000][68][info ][safepoint   ] Safepoint "Cleanup", Time since last: 31189835209 ns, Reaching safepoint: 837597 ns, At safepoint: 24631 ns, Total: 862228 ns
[2023-07-14T22:26:36.330+0000][68][info ][safepoint   ] Safepoint "Cleanup", Time since last: 3295294152 ns, Reaching safepoint: 183980 ns, At safepoint: 26829 ns, Total: 210809 ns
[2023-07-14T22:26:43.473+0000][68][info ][safepoint   ] Safepoint "Cleanup", Time since last: 7143012009 ns, Reaching safepoint: 80562 ns, At safepoint: 9357 ns, Total: 89919 ns
[2023-07-14T22:26:46.535+0000][68][info ][safepoint   ] Safepoint "Cleanup", Time since last: 3061131705 ns, Reaching safepoint: 448904 ns, At safepoint: 9935 ns, Total: 458839 ns
[2023-07-14T22:26:51.797+0000][68][info ][safepoint   ] Safepoint "Cleanup", Time since last: 5261022463 ns, Reaching safepoint: 442514 ns, At safepoint: 16149 ns, Total: 458663 ns
[2023-07-14T22:26:54.472+0000][68][info ][safepoint   ] Safepoint "Cleanup", Time since last: 2674985714 ns, Reaching safepoint: 146756 ns, At safepoint: 27706 ns, Total: 174462 ns
[2023-07-14T22:26:57.174+0000][68][info ][safepoint   ] Safepoint "Cleanup", Time since last: 2702146464 ns, Reaching safepoint: 353179 ns, At safepoint: 12349 ns, Total: 365528 ns
[2023-07-14T22:27:00.338+0000][68][info ][safepoint   ] Safepoint "Cleanup", Time since last: 3162784552 ns, Reaching safepoint: 280435 ns, At safepoint: 41005 ns, Total: 321440 ns
[2023-07-14T22:27:02.657+0000][68][info ][safepoint   ] Safepoint "Cleanup", Time since last: 2318406006 ns, Reaching safepoint: 494568 ns, At safepoint: 10952 ns, Total: 505520 ns
[2023-07-14T22:27:06.359+0000][68][info ][safepoint   ] Safepoint "Cleanup", Time since last: 3701873209 ns, Reaching safepoint: 176308 ns, At safepoint: 34314 ns, Total: 210622 ns
[2023-07-14T22:27:07.918+0000][68][info ][safepoint   ] Safepoint "Cleanup", Time since last: 1558621398 ns, Reaching safepoint: 438457 ns, At safepoint: 16931 ns, Total: 455388 ns
[2023-07-14T22:27:12.340+0000][68][info ][safepoint   ] Safepoint "Cleanup", Time since last: 4421728291 ns, Reaching safepoint: 102751 ns, At safepoint: 34775 ns, Total: 137526 ns
[2023-07-14T22:27:33.007+0000][68][info ][safepoint   ] Safepoint "Cleanup", Time since last: 20666231862 ns, Reaching safepoint: 342118 ns, At safepoint: 6558 ns, Total: 348676 ns
[2023-07-14T22:27:36.480+0000][68][info ][safepoint   ] Safepoint "Cleanup", Time since last: 3472858496 ns, Reaching safepoint: 158596 ns, At safepoint: 26706 ns, Total: 185302 ns
[2023-07-14T22:27:38.267+0000][68][info ][safepoint   ] Safepoint "Cleanup", Time since last: 1786854839 ns, Reaching safepoint: 242079 ns, At safepoint: 11728 ns, Total: 253807 ns
[2023-07-14T22:27:48.726+0000][68][info ][safepoint   ] Safepoint "Cleanup", Time since last: 10458817919 ns, Reaching safepoint: 209583 ns, At safepoint: 37744 ns, Total: 247327 ns
[2023-07-14T22:27:49.977+0000][68][info ][safepoint   ] Safepoint "Cleanup", Time since last: 1250403443 ns, Reaching safepoint: 197099 ns, At safepoint: 5727 ns, Total: 202826 ns
[2023-07-14T22:27:51.110+0000][68][info ][safepoint   ] Safepoint "Cleanup", Time since last: 1132879029 ns, Reaching safepoint: 271526 ns, At safepoint: 12656 ns, Total: 284182 ns
[2023-07-14T22:27:55.270+0000][68][info ][safepoint   ] Safepoint "Cleanup", Time since last: 4160116039 ns, Reaching safepoint: 185590 ns, At safepoint: 5240 ns, Total: 190830 ns
[2023-07-14T22:27:56.327+0000][68][info ][safepoint   ] Safepoint "Cleanup", Time since last: 1055880321 ns, Reaching safepoint: 492129 ns, At safepoint: 17719 ns, Total: 509848 ns
[2023-07-14T22:28:03.630+0000][68][info ][safepoint   ] Safepoint "Cleanup", Time since last: 7302327706 ns, Reaching safepoint: 444353 ns, At safepoint: 19550 ns, Total: 463903 ns
[2023-07-14T22:28:13.087+0000][68][info ][safepoint   ] Safepoint "Cleanup", Time since last: 9457426763 ns, Reaching safepoint: 36837 ns, At safepoint: 2494 ns, Total: 39331 ns
[2023-07-14T22:28:19.405+0000][68][info ][safepoint   ] Safepoint "Cleanup", Time since last: 6317036641 ns, Reaching safepoint: 244497 ns, At safepoint: 11032 ns, Total: 255529 ns
[2023-07-14T22:28:24.682+0000][68][info ][safepoint   ] Safepoint "Cleanup", Time since last: 5277188436 ns, Reaching safepoint: 187852 ns, At safepoint: 26835 ns, Total: 214687 ns
[2023-07-14T22:28:31.160+0000][68][info ][safepoint   ] Safepoint "Cleanup", Time since last: 6477063146 ns, Reaching safepoint: 179108 ns, At safepoint: 26855 ns, Total: 205963 ns
[2023-07-14T22:28:33.219+0000][68][info ][safepoint   ] Safepoint "Cleanup", Time since last: 2059010524 ns, Reaching safepoint: 335286 ns, At safepoint: 25488 ns, Total: 360774 ns
[2023-07-14T22:28:42.394+0000][68][info ][safepoint   ] Safepoint "Cleanup", Time since last: 9174903009 ns, Reaching safepoint: 184981 ns, At safepoint: 27151 ns, Total: 212132 ns
[2023-07-14T22:28:55.267+0000][68][info ][safepoint   ] Safepoint "Cleanup", Time since last: 12871927744 ns, Reaching safepoint: 253088 ns, At safepoint: 47358 ns, Total: 300446 ns
[2023-07-14T22:29:00.323+0000][68][info ][safepoint   ] Safepoint "Cleanup", Time since last: 5056072208 ns, Reaching safepoint: 205723 ns, At safepoint: 9858 ns, Total: 215581 ns
[2023-07-14T22:29:06.599+0000][68][info ][safepoint   ] Safepoint "Cleanup", Time since last: 6275098097 ns, Reaching safepoint: 339791 ns, At safepoint: 35017 ns, Total: 374808 ns
[2023-07-14T22:29:07.982+0000][68][info ][safepoint   ] Safepoint "Cleanup", Time since last: 1383292881 ns, Reaching safepoint: 572685 ns, At safepoint: 26344 ns, Total: 599029 ns
[2023-07-14T22:29:19.399+0000][68][info ][safepoint   ] Safepoint "Cleanup", Time since last: 11416076224 ns, Reaching safepoint: 61167 ns, At safepoint: 44446 ns, Total: 105613 ns
[2023-07-14T22:29:29.715+0000][68][info ][safepoint   ] Safepoint "Cleanup", Time since last: 10315558427 ns, Reaching safepoint: 377109 ns, At safepoint: 16419 ns, Total: 393528 ns
[2023-07-14T22:29:33.082+0000][68][info ][safepoint   ] Safepoint "Cleanup", Time since last: 3366011314 ns, Reaching safepoint: 887764 ns, At safepoint: 25369 ns, Total: 913133 ns
[2023-07-14T22:29:34.087+0000][68][info ][safepoint   ] Safepoint "Cleanup", Time since last: 1004214793 ns, Reaching safepoint: 307674 ns, At safepoint: 6625 ns, Total: 314299 ns
[2023-07-14T22:29:36.367+0000][68][info ][safepoint   ] Safepoint "Cleanup", Time since last: 2280177845 ns, Reaching safepoint: 216021 ns, At safepoint: 43011 ns, Total: 259032 ns
[2023-07-14T22:29:39.337+0000][68][info ][safepoint   ] Safepoint "Cleanup", Time since last: 2968984272 ns, Reaching safepoint: 637360 ns, At safepoint: 10398 ns, Total: 647758 ns
[2023-07-14T22:29:42.341+0000][68][info ][safepoint   ] Safepoint "Cleanup", Time since last: 3003777159 ns, Reaching safepoint: 124011 ns, At safepoint: 3323 ns, Total: 127334 ns
[2023-07-14T22:29:43.525+0000][68][info ][safepoint   ] Safepoint "Cleanup", Time since last: 1184342396 ns, Reaching safepoint: 287071 ns, At safepoint: 67127 ns, Total: 354198 ns
[2023-07-14T22:29:50.847+0000][68][info ][safepoint   ] Safepoint "Cleanup", Time since last: 7320483058 ns, Reaching safepoint: 377271 ns, At safepoint: 16727 ns, Total: 393998 ns
[2023-07-14T22:29:56.649+0000][68][info ][safepoint   ] Safepoint "Cleanup", Time since last: 5801906570 ns, Reaching safepoint: 233393 ns, At safepoint: 36814 ns, Total: 270207 ns
[2023-07-14T22:30:06.376+0000][68][info ][safepoint   ] Safepoint "Cleanup", Time since last: 9727218572 ns, Reaching safepoint: 160218 ns, At safepoint: 27210 ns, Total: 187428 ns
[2023-07-14T22:30:12.402+0000][68][info ][safepoint   ] Safepoint "Cleanup", Time since last: 6025904777 ns, Reaching safepoint: 81161 ns, At safepoint: 39998 ns, Total: 121159 ns
[2023-07-14T22:30:21.503+0000][68][info ][safepoint   ] Safepoint "Cleanup", Time since last: 9100150696 ns, Reaching safepoint: 333786 ns, At safepoint: 6364 ns, Total: 340150 ns
[2023-07-14T22:30:24.606+0000][68][info ][safepoint   ] Safepoint "Cleanup", Time since last: 3103119323 ns, Reaching safepoint: 132175 ns, At safepoint: 4104 ns, Total: 136279 ns
[2023-07-14T22:30:25.854+0000][68][info ][safepoint   ] Safepoint "Cleanup", Time since last: 1246812728 ns, Reaching safepoint: 326329 ns, At safepoint: 6105 ns, Total: 332434 ns
[2023-07-14T22:30:27.052+0000][68][info ][safepoint   ] Safepoint "Cleanup", Time since last: 1198106698 ns, Reaching safepoint: 511237 ns, At safepoint: 9512 ns, Total: 520749 ns
[2023-07-14T22:30:31.243+0000][68][info ][safepoint   ] Safepoint "Cleanup", Time since last: 4191002883 ns, Reaching safepoint: 113320 ns, At safepoint: 36467 ns, Total: 149787 ns
[2023-07-14T22:30:33.301+0000][68][info ][safepoint   ] Safepoint "Cleanup", Time since last: 2057274641 ns, Reaching safepoint: 308705 ns, At safepoint: 6701 ns, Total: 315406 ns
[2023-07-14T22:30:48.384+0000][68][info ][safepoint   ] Safepoint "Cleanup", Time since last: 15082420759 ns, Reaching safepoint: 148109 ns, At safepoint: 21597 ns, Total: 169706 ns
[2023-07-14T22:30:50.360+0000][68][info ][safepoint   ] Safepoint "Cleanup", Time since last: 1975143361 ns, Reaching safepoint: 401534 ns, At safepoint: 7481 ns, Total: 409015 ns
[2023-07-14T22:30:51.362+0000][68][info ][safepoint   ] Safepoint "Cleanup", Time since last: 1002503121 ns, Reaching safepoint: 321661 ns, At safepoint: 7611 ns, Total: 329272 ns
[2023-07-14T22:30:57.615+0000][68][info ][safepoint   ] Safepoint "Cleanup", Time since last: 6252529070 ns, Reaching safepoint: 337524 ns, At safepoint: 7332 ns, Total: 344856 ns
[2023-07-14T22:31:12.640+0000][68][info ][safepoint   ] Safepoint "Cleanup", Time since last: 15024254292 ns, Reaching safepoint: 180753 ns, At safepoint: 39654 ns, Total: 220407 ns
[2023-07-14T22:31:14.511+0000][68][info ][safepoint   ] Safepoint "Cleanup", Time since last: 1871331797 ns, Reaching safepoint: 330674 ns, At safepoint: 5353 ns, Total: 336027 ns
[2023-07-14T22:31:15.514+0000][68][info ][safepoint   ] Safepoint "Cleanup", Time since last: 1001460817 ns, Reaching safepoint: 369124 ns, At safepoint: 12171 ns, Total: 381295 ns
[2023-07-14T22:31:33.238+0000][68][info ][safepoint   ] Safepoint "Cleanup", Time since last: 17723714465 ns, Reaching safepoint: 512768 ns, At safepoint: 24971 ns, Total: 537739 ns
[2023-07-14T22:31:36.524+0000][68][info ][safepoint   ] Safepoint "Cleanup", Time since last: 3285287055 ns, Reaching safepoint: 170771 ns, At safepoint: 29581 ns, Total: 200352 ns
[2023-07-14T22:31:37.709+0000][68][info ][safepoint   ] Safepoint "Cleanup", Time since last: 1185279268 ns, Reaching safepoint: 156988 ns, At safepoint: 30430 ns, Total: 187418 ns
[2023-07-14T22:31:42.397+0000][68][info ][safepoint   ] Safepoint "Cleanup", Time since last: 4688075688 ns, Reaching safepoint: 178134 ns, At safepoint: 36043 ns, Total: 214177 ns
[2023-07-14T22:31:45.382+0000][68][info ][safepoint   ] Safepoint "Cleanup", Time since last: 2984095340 ns, Reaching safepoint: 91878 ns, At safepoint: 26817 ns, Total: 118695 ns
[2023-07-14T22:31:47.114+0000][68][info ][safepoint   ] Safepoint "Cleanup", Time since last: 1731594586 ns, Reaching safepoint: 430604 ns, At safepoint: 7750 ns, Total: 438354 ns
[2023-07-14T22:31:48.399+0000][68][info ][safepoint   ] Safepoint "Cleanup", Time since last: 1285216850 ns, Reaching safepoint: 114293 ns, At safepoint: 33702 ns, Total: 147995 ns
[2023-07-14T22:31:49.535+0000][68][info ][safepoint   ] Safepoint "Cleanup", Time since last: 1135203355 ns, Reaching safepoint: 238389 ns, At safepoint: 10167 ns, Total: 248556 ns
[2023-07-14T22:31:50.617+0000][68][info ][safepoint   ] Safepoint "Cleanup", Time since last: 1081914684 ns, Reaching safepoint: 408622 ns, At safepoint: 7753 ns, Total: 416375 ns
[2023-07-14T22:31:51.623+0000][68][info ][safepoint   ] Safepoint "Cleanup", Time since last: 1005850941 ns, Reaching safepoint: 185661 ns, At safepoint: 92577 ns, Total: 278238 ns
[2023-07-14T22:31:52.633+0000][68][info ][safepoint   ] Safepoint "Cleanup", Time since last: 1009529934 ns, Reaching safepoint: 235815 ns, At safepoint: 53686 ns, Total: 289501 ns
[2023-07-14T22:31:54.396+0000][68][info ][safepoint   ] Safepoint "Cleanup", Time since last: 1763270990 ns, Reaching safepoint: 84479 ns, At safepoint: 30881 ns, Total: 115360 ns
[2023-07-14T22:31:55.961+0000][68][info ][safepoint   ] Safepoint "Cleanup", Time since last: 1563726026 ns, Reaching safepoint: 535674 ns, At safepoint: 57041 ns, Total: 592715 ns
[2023-07-14T22:32:00.399+0000][68][info ][safepoint   ] Safepoint "Cleanup", Time since last: 4437878731 ns, Reaching safepoint: 190200 ns, At safepoint: 28028 ns, Total: 218228 ns
[2023-07-14T22:32:02.196+0000][68][info ][safepoint   ] Safepoint "Cleanup", Time since last: 1797239899 ns, Reaching safepoint: 293208 ns, At safepoint: 6664 ns, Total: 299872 ns
[2023-07-14T22:32:04.213+0000][68][info ][safepoint   ] Safepoint "Cleanup", Time since last: 2016158046 ns, Reaching safepoint: 552343 ns, At safepoint: 16593 ns, Total: 568936 ns
[2023-07-14T22:32:07.401+0000][68][info ][safepoint   ] Safepoint "Cleanup", Time since last: 3187771833 ns, Reaching safepoint: 148929 ns, At safepoint: 38632 ns, Total: 187561 ns
[2023-07-14T22:32:13.518+0000][68][info ][safepoint   ] Safepoint "Cleanup", Time since last: 6116120006 ns, Reaching safepoint: 1027053 ns, At safepoint: 26367 ns, Total: 1053420 ns
[2023-07-14T22:32:18.274+0000][68][info ][safepoint   ] Safepoint "Cleanup", Time since last: 4754011613 ns, Reaching safepoint: 705017 ns, At safepoint: 90270 ns, Total: 795287 ns
[2023-07-14T22:32:19.978+0000][68][info ][safepoint   ] Safepoint "Cleanup", Time since last: 1703712337 ns, Reaching safepoint: 255390 ns, At safepoint: 36018 ns, Total: 291408 ns
[2023-07-14T22:32:21.981+0000][68][info ][safepoint   ] Safepoint "Cleanup", Time since last: 2002506404 ns, Reaching safepoint: 846683 ns, At safepoint: 25123 ns, Total: 871806 ns
[2023-07-14T22:32:23.986+0000][68][info ][safepoint   ] Safepoint "Cleanup", Time since last: 2003833650 ns, Reaching safepoint: 678340 ns, At safepoint: 108790 ns, Total: 787130 ns
[2023-07-14T22:32:25.195+0000][68][info ][safepoint   ] Safepoint "Cleanup", Time since last: 1209257727 ns, Reaching safepoint: 150692 ns, At safepoint: 34550 ns, Total: 185242 ns
[2023-07-14T22:32:31.503+0000][68][info ][safepoint   ] Safepoint "Cleanup", Time since last: 6308004419 ns, Reaching safepoint: 173303 ns, At safepoint: 29038 ns, Total: 202341 ns
[2023-07-14T22:32:33.779+0000][68][info ][safepoint   ] Safepoint "Cleanup", Time since last: 2275096075 ns, Reaching safepoint: 651962 ns, At safepoint: 26219 ns, Total: 678181 ns
[2023-07-14T22:32:36.487+0000][68][info ][safepoint   ] Safepoint "Cleanup", Time since last: 2707572454 ns, Reaching safepoint: 227815 ns, At safepoint: 33409 ns, Total: 261224 ns
[2023-07-14T22:32:37.851+0000][68][info ][safepoint   ] Safepoint "Cleanup", Time since last: 1363744650 ns, Reaching safepoint: 536789 ns, At safepoint: 8937 ns, Total: 545726 ns
[2023-07-14T22:33:00.402+0000][68][info ][safepoint   ] Safepoint "Cleanup", Time since last: 22550108067 ns, Reaching safepoint: 166281 ns, At safepoint: 27942 ns, Total: 194223 ns
[2023-07-14T22:33:04.165+0000][68][info ][safepoint   ] Safepoint "Cleanup", Time since last: 3761912237 ns, Reaching safepoint: 641076 ns, At safepoint: 30457 ns, Total: 671533 ns
[2023-07-14T22:33:07.365+0000][68][info ][safepoint   ] Safepoint "Cleanup", Time since last: 3200350928 ns, Reaching safepoint: 148331 ns, At safepoint: 28679 ns, Total: 177010 ns
[2023-07-14T22:33:12.402+0000][68][info ][safepoint   ] Safepoint "Cleanup", Time since last: 5036917401 ns, Reaching safepoint: 224695 ns, At safepoint: 44923 ns, Total: 269618 ns
[2023-07-14T22:33:20.264+0000][68][info ][safepoint   ] Safepoint "Cleanup", Time since last: 7860189809 ns, Reaching safepoint: 408338 ns, At safepoint: 7044 ns, Total: 415382 ns
[2023-07-14T22:33:24.400+0000][68][info ][safepoint   ] Safepoint "Cleanup", Time since last: 4135959318 ns, Reaching safepoint: 170138 ns, At safepoint: 27291 ns, Total: 197429 ns
[2023-07-14T22:33:31.513+0000][68][info ][safepoint   ] Safepoint "Cleanup", Time since last: 7113162889 ns, Reaching safepoint: 159150 ns, At safepoint: 34143 ns, Total: 193293 ns
[2023-07-14T22:33:36.779+0000][68][info ][safepoint   ] Safepoint "Cleanup", Time since last: 5266101354 ns, Reaching safepoint: 253121 ns, At safepoint: 31788 ns, Total: 284909 ns
[2023-07-14T22:33:38.329+0000][68][info ][safepoint   ] Safepoint "Cleanup", Time since last: 1549151306 ns, Reaching safepoint: 147137 ns, At safepoint: 39439 ns, Total: 186576 ns
[2023-07-14T22:34:00.401+0000][68][info ][safepoint   ] Safepoint "Cleanup", Time since last: 22072135655 ns, Reaching safepoint: 114116 ns, At safepoint: 32682 ns, Total: 146798 ns
[2023-07-14T22:34:04.179+0000][68][info ][safepoint   ] Safepoint "Cleanup", Time since last: 3777337070 ns, Reaching safepoint: 460775 ns, At safepoint: 9134 ns, Total: 469909 ns
[2023-07-14T22:34:06.416+0000][68][info ][safepoint   ] Safepoint "Cleanup", Time since last: 2236950523 ns, Reaching safepoint: 182535 ns, At safepoint: 30147 ns, Total: 212682 ns
[2023-07-14T22:34:07.419+0000][68][info ][safepoint   ] Safepoint "Cleanup", Time since last: 1002233660 ns, Reaching safepoint: 216310 ns, At safepoint: 27461 ns, Total: 243771 ns
[2023-07-14T22:34:17.751+0000][68][info ][safepoint   ] Safepoint "Cleanup", Time since last: 10331584325 ns, Reaching safepoint: 395356 ns, At safepoint: 11520 ns, Total: 406876 ns
[2023-07-14T22:34:18.951+0000][68][info ][safepoint   ] Safepoint "Cleanup", Time since last: 1199776273 ns, Reaching safepoint: 62995 ns, At safepoint: 1859 ns, Total: 64854 ns
[2023-07-14T22:34:25.232+0000][68][info ][safepoint   ] Safepoint "Cleanup", Time since last: 6280610779 ns, Reaching safepoint: 143463 ns, At safepoint: 32392 ns, Total: 175855 ns
[2023-07-14T22:34:33.670+0000][68][info ][safepoint   ] Safepoint "Cleanup", Time since last: 8437100769 ns, Reaching safepoint: 607983 ns, At safepoint: 11574 ns, Total: 619557 ns
[2023-07-14T22:34:48.298+0000][68][info ][gc,start    ] GC(17) Pause Young (Normal) (G1 Evacuation Pause)
[2023-07-14T22:34:48.302+0000][68][info ][gc,task     ] GC(17) Using 6 workers of 6 for evacuation
[2023-07-14T22:34:48.303+0000][68][debug][gc,age      ] GC(17) Desired survivor size 155189248 bytes, new threshold 15 (max threshold 15)
[2023-07-14T22:34:48.325+0000][68][info ][gc,phases   ] GC(17)   Pre Evacuate Collection Set: 0.3ms
[2023-07-14T22:34:48.327+0000][68][info ][gc,phases   ] GC(17)   Merge Heap Roots: 0.6ms
[2023-07-14T22:34:48.328+0000][68][info ][gc,phases   ] GC(17)   Evacuate Collection Set: 16.1ms
[2023-07-14T22:34:48.329+0000][68][info ][gc,phases   ] GC(17)   Post Evacuate Collection Set: 3.9ms
[2023-07-14T22:34:48.330+0000][68][info ][gc,phases   ] GC(17)   Other: 2.4ms
[2023-07-14T22:34:48.331+0000][68][trace][gc,age      ] GC(17) Age table with threshold 15 (max threshold 15)
[2023-07-14T22:34:48.332+0000][68][trace][gc,age      ] GC(17) - age   1:    1674768 bytes,    1674768 total
[2023-07-14T22:34:48.333+0000][68][trace][gc,age      ] GC(17) - age   2:     170520 bytes,    1845288 total
[2023-07-14T22:34:48.337+0000][68][trace][gc,age      ] GC(17) - age   3:     238984 bytes,    2084272 total
[2023-07-14T22:34:48.339+0000][68][trace][gc,age      ] GC(17) - age   4:    1106352 bytes,    3190624 total
[2023-07-14T22:34:48.340+0000][68][trace][gc,age      ] GC(17) - age   5:     405704 bytes,    3596328 total
[2023-07-14T22:34:48.341+0000][68][trace][gc,age      ] GC(17) - age   6:   33916200 bytes,   37512528 total
[2023-07-14T22:34:48.342+0000][68][trace][gc,age      ] GC(17) - age   7:    1232792 bytes,   38745320 total
[2023-07-14T22:34:48.343+0000][68][info ][gc,heap     ] GC(17) Eden regions: 578->0(578)
[2023-07-14T22:34:48.344+0000][68][info ][gc,heap     ] GC(17) Survivor regions: 11->11(74)
[2023-07-14T22:34:48.345+0000][68][info ][gc,heap     ] GC(17) Old regions: 17->17
[2023-07-14T22:34:48.346+0000][68][info ][gc,heap     ] GC(17) Archive regions: 2->2
[2023-07-14T22:34:48.347+0000][68][info ][gc,heap     ] GC(17) Humongous regions: 0->0
[2023-07-14T22:34:48.348+0000][68][info ][gc,metaspace] GC(17) Metaspace: 137614K(141120K)->137614K(141120K) NonClass: 119821K(121600K)->119821K(121600K) Class: 17793K(19520K)->17793K(19520K)
[2023-07-14T22:34:48.349+0000][68][info ][gc          ] GC(17) Pause Young (Normal) (G1 Evacuation Pause) 2422M->110M(3932M) 50.708ms
[2023-07-14T22:34:48.350+0000][68][info ][gc,cpu      ] GC(17) User=0.10s Sys=0.00s Real=0.05s
[2023-07-14T22:34:48.351+0000][68][info ][safepoint   ] Safepoint "G1CollectForAllocation", Time since last: 14627565031 ns, Reaching safepoint: 275539 ns, At safepoint: 52698356 ns, Total: 52973895 ns
[2023-07-14T22:34:54.727+0000][68][info ][safepoint   ] Safepoint "Cleanup", Time since last: 6375430337 ns, Reaching safepoint: 111317 ns, At safepoint: 31720 ns, Total: 143037 ns
[2023-07-14T22:35:00.421+0000][68][info ][safepoint   ] Safepoint "Cleanup", Time since last: 5694592901 ns, Reaching safepoint: 146841 ns, At safepoint: 27733 ns, Total: 174574 ns
[2023-07-14T22:35:27.653+0000][68][info ][safepoint   ] Safepoint "Cleanup", Time since last: 27230546865 ns, Reaching safepoint: 548326 ns, At safepoint: 23242 ns, Total: 571568 ns
[2023-07-14T22:35:32.906+0000][68][info ][safepoint   ] Safepoint "Cleanup", Time since last: 5252892516 ns, Reaching safepoint: 175650 ns, At safepoint: 3422 ns, Total: 179072 ns
[2023-07-14T22:35:33.908+0000][68][info ][safepoint   ] Safepoint "Cleanup", Time since last: 1001613823 ns, Reaching safepoint: 403452 ns, At safepoint: 16875 ns, Total: 420327 ns
[2023-07-14T22:35:45.426+0000][68][info ][safepoint   ] Safepoint "Cleanup", Time since last: 11517058472 ns, Reaching safepoint: 96261 ns, At safepoint: 29382 ns, Total: 125643 ns
[2023-07-14T22:35:52.176+0000][68][info ][safepoint   ] Safepoint "Cleanup", Time since last: 6749778319 ns, Reaching safepoint: 522016 ns, At safepoint: 9656 ns, Total: 531672 ns
[2023-07-14T22:35:54.559+0000][68][info ][safepoint   ] Safepoint "Cleanup", Time since last: 2383240941 ns, Reaching safepoint: 183650 ns, At safepoint: 48018 ns, Total: 231668 ns
[2023-07-14T22:36:30.732+0000][68][info ][safepoint   ] Safepoint "Cleanup", Time since last: 36113908090 ns, Reaching safepoint: 173434 ns, At safepoint: 29458 ns, Total: 202892 ns
[2023-07-14T22:36:32.501+0000][68][info ][safepoint   ] Safepoint "Cleanup", Time since last: 1768050718 ns, Reaching safepoint: 551772 ns, At safepoint: 7008 ns, Total: 558780 ns
[2023-07-14T22:36:33.504+0000][68][info ][safepoint   ] Safepoint "Cleanup", Time since last: 1002614187 ns, Reaching safepoint: 393538 ns, At safepoint: 5725 ns, Total: 399263 ns
[2023-07-14T22:36:52.282+0000][68][info ][safepoint   ] Safepoint "Cleanup", Time since last: 18776672189 ns, Reaching safepoint: 488695 ns, At safepoint: 15880 ns, Total: 504575 ns
[2023-07-14T22:36:53.710+0000][68][info ][safepoint   ] Safepoint "Cleanup", Time since last: 1427350241 ns, Reaching safepoint: 688539 ns, At safepoint: 89723 ns, Total: 778262 ns
[2023-07-14T22:36:54.716+0000][68][info ][safepoint   ] Safepoint "Cleanup", Time since last: 1005168844 ns, Reaching safepoint: 215541 ns, At safepoint: 37865 ns, Total: 253406 ns
[2023-07-14T22:36:55.734+0000][68][info ][safepoint   ] Safepoint "Cleanup", Time since last: 1017717513 ns, Reaching safepoint: 105495 ns, At safepoint: 27371 ns, Total: 132866 ns
[2023-07-14T22:37:00.491+0000][68][info ][safepoint   ] Safepoint "Cleanup", Time since last: 4756810015 ns, Reaching safepoint: 155384 ns, At safepoint: 41397 ns, Total: 196781 ns
[2023-07-14T22:37:07.293+0000][68][info ][safepoint   ] Safepoint "Cleanup", Time since last: 6802731213 ns, Reaching safepoint: 82935 ns, At safepoint: 8112 ns, Total: 91047 ns
[2023-07-14T22:37:12.515+0000][68][info ][safepoint   ] Safepoint "Cleanup", Time since last: 5221721849 ns, Reaching safepoint: 204927 ns, At safepoint: 34607 ns, Total: 239534 ns
[2023-07-14T22:37:13.555+0000][68][info ][safepoint   ] Safepoint "Cleanup", Time since last: 1039740948 ns, Reaching safepoint: 228965 ns, At safepoint: 39579 ns, Total: 268544 ns
[2023-07-14T22:37:18.516+0000][68][info ][safepoint   ] Safepoint "Cleanup", Time since last: 4960107544 ns, Reaching safepoint: 345242 ns, At safepoint: 9549 ns, Total: 354791 ns
[2023-07-14T22:37:19.821+0000][68][info ][safepoint   ] Safepoint "Cleanup", Time since last: 1303856424 ns, Reaching safepoint: 308393 ns, At safepoint: 13110 ns, Total: 321503 ns
[2023-07-14T22:37:21.001+0000][68][info ][safepoint   ] Safepoint "Cleanup", Time since last: 1179837874 ns, Reaching safepoint: 282592 ns, At safepoint: 15172 ns, Total: 297764 ns
[2023-07-14T22:37:24.504+0000][68][info ][safepoint   ] Safepoint "Cleanup", Time since last: 3502644249 ns, Reaching safepoint: 198085 ns, At safepoint: 34760 ns, Total: 232845 ns
[2023-07-14T22:37:33.479+0000][68][info ][safepoint   ] Safepoint "Cleanup", Time since last: 8975393192 ns, Reaching safepoint: 407673 ns, At safepoint: 8962 ns, Total: 416635 ns
[2023-07-14T22:37:57.602+0000][68][info ][safepoint   ] Safepoint "Cleanup", Time since last: 24120973466 ns, Reaching safepoint: 506255 ns, At safepoint: 15063 ns, Total: 521318 ns
[2023-07-14T22:38:31.626+0000][68][info ][safepoint   ] Safepoint "Cleanup", Time since last: 34023074118 ns, Reaching safepoint: 90256 ns, At safepoint: 22250 ns, Total: 112506 ns
[2023-07-14T22:38:33.688+0000][68][info ][safepoint   ] Safepoint "Cleanup", Time since last: 2061749321 ns, Reaching safepoint: 293263 ns, At safepoint: 5795 ns, Total: 299058 ns
[2023-07-14T22:38:42.589+0000][68][info ][safepoint   ] Safepoint "Cleanup", Time since last: 8900528027 ns, Reaching safepoint: 229502 ns, At safepoint: 33550 ns, Total: 263052 ns
[2023-07-14T22:38:48.533+0000][68][info ][safepoint   ] Safepoint "Cleanup", Time since last: 5943128269 ns, Reaching safepoint: 164173 ns, At safepoint: 58652 ns, Total: 222825 ns
[2023-07-14T22:39:01.293+0000][68][info ][safepoint   ] Safepoint "Cleanup", Time since last: 12759142363 ns, Reaching safepoint: 221177 ns, At safepoint: 33199 ns, Total: 254376 ns
[2023-07-14T22:39:14.715+0000][68][info ][safepoint   ] Safepoint "Cleanup", Time since last: 13421313254 ns, Reaching safepoint: 882698 ns, At safepoint: 22201 ns, Total: 904899 ns
[2023-07-14T22:39:19.977+0000][68][info ][safepoint   ] Safepoint "Cleanup", Time since last: 5260589871 ns, Reaching safepoint: 301214 ns, At safepoint: 6924 ns, Total: 308138 ns
[2023-07-14T22:39:43.266+0000][68][info ][safepoint   ] Safepoint "Cleanup", Time since last: 23288681102 ns, Reaching safepoint: 156429 ns, At safepoint: 31882 ns, Total: 188311 ns
[2023-07-14T22:39:54.557+0000][68][info ][safepoint   ] Safepoint "Cleanup", Time since last: 11290735746 ns, Reaching safepoint: 111622 ns, At safepoint: 29902 ns, Total: 141524 ns
[2023-07-14T22:39:55.823+0000][68][info ][safepoint   ] Safepoint "Cleanup", Time since last: 1265938143 ns, Reaching safepoint: 239218 ns, At safepoint: 39747 ns, Total: 278965 ns
[2023-07-14T22:40:00.685+0000][68][info ][safepoint   ] Safepoint "Cleanup", Time since last: 4861214577 ns, Reaching safepoint: 180068 ns, At safepoint: 90666 ns, Total: 270734 ns
[2023-07-14T22:40:02.216+0000][68][info ][safepoint   ] Safepoint "Cleanup", Time since last: 1530296490 ns, Reaching safepoint: 312632 ns, At safepoint: 7274 ns, Total: 319906 ns
[2023-07-14T22:40:09.486+0000][68][info ][safepoint   ] Safepoint "Cleanup", Time since last: 7269593610 ns, Reaching safepoint: 465688 ns, At safepoint: 83368 ns, Total: 549056 ns
[2023-07-14T22:40:17.740+0000][68][info ][safepoint   ] Safepoint "Cleanup", Time since last: 8253584320 ns, Reaching safepoint: 349448 ns, At safepoint: 7372 ns, Total: 356820 ns
[2023-07-14T22:40:24.097+0000][68][info ][safepoint   ] Safepoint "Cleanup", Time since last: 6355793701 ns, Reaching safepoint: 645092 ns, At safepoint: 22977 ns, Total: 668069 ns
[2023-07-14T22:40:33.559+0000][68][info ][safepoint   ] Safepoint "Cleanup", Time since last: 9461701828 ns, Reaching safepoint: 549572 ns, At safepoint: 12011 ns, Total: 561583 ns
[2023-07-14T22:40:48.894+0000][68][info ][safepoint   ] Safepoint "Cleanup", Time since last: 15333417388 ns, Reaching safepoint: 294356 ns, At safepoint: 34889 ns, Total: 329245 ns
[2023-07-14T22:40:50.450+0000][68][info ][safepoint   ] Safepoint "Cleanup", Time since last: 1555767420 ns, Reaching safepoint: 152334 ns, At safepoint: 9956 ns, Total: 162290 ns
[2023-07-14T22:41:33.801+0000][68][info ][safepoint   ] Safepoint "Cleanup", Time since last: 43349789932 ns, Reaching safepoint: 401197 ns, At safepoint: 31074 ns, Total: 432271 ns
[2023-07-14T22:41:37.019+0000][68][info ][safepoint   ] Safepoint "Cleanup", Time since last: 3217644852 ns, Reaching safepoint: 432244 ns, At safepoint: 40949 ns, Total: 473193 ns
[2023-07-14T22:41:40.206+0000][68][info ][safepoint   ] Safepoint "Cleanup", Time since last: 3186701966 ns, Reaching safepoint: 483522 ns, At safepoint: 14619 ns, Total: 498141 ns
[2023-07-14T22:41:50.716+0000][68][info ][safepoint   ] Safepoint "Cleanup", Time since last: 10507632455 ns, Reaching safepoint: 833838 ns, At safepoint: 17769 ns, Total: 851607 ns
[2023-07-14T22:41:51.719+0000][68][info ][safepoint   ] Safepoint "Cleanup", Time since last: 1002496190 ns, Reaching safepoint: 442846 ns, At safepoint: 18074 ns, Total: 460920 ns
[2023-07-14T22:42:00.878+0000][68][info ][safepoint   ] Safepoint "Cleanup", Time since last: 9159019406 ns, Reaching safepoint: 256297 ns, At safepoint: 17261 ns, Total: 273558 ns
[2023-07-14T22:42:21.307+0000][68][info ][safepoint   ] Safepoint "Cleanup", Time since last: 20427987275 ns, Reaching safepoint: 704666 ns, At safepoint: 17331 ns, Total: 721997 ns
[2023-07-14T22:42:42.575+0000][68][info ][safepoint   ] Safepoint "Cleanup", Time since last: 21267086809 ns, Reaching safepoint: 191932 ns, At safepoint: 33186 ns, Total: 225118 ns
[2023-07-14T22:42:48.591+0000][68][info ][safepoint   ] Safepoint "Cleanup", Time since last: 6015067747 ns, Reaching safepoint: 161958 ns, At safepoint: 26584 ns, Total: 188542 ns
[2023-07-14T22:42:49.645+0000][68][info ][safepoint   ] Safepoint "Cleanup", Time since last: 1054226077 ns, Reaching safepoint: 123053 ns, At safepoint: 37945 ns, Total: 160998 ns
[2023-07-14T22:42:55.082+0000][68][info ][safepoint   ] Safepoint "Cleanup", Time since last: 5436723547 ns, Reaching safepoint: 57063 ns, At safepoint: 2528 ns, Total: 59591 ns
[2023-07-14T22:42:56.122+0000][68][info ][safepoint   ] Safepoint "Cleanup", Time since last: 1038932274 ns, Reaching safepoint: 780523 ns, At safepoint: 74151 ns, Total: 854674 ns
[2023-07-14T22:43:00.580+0000][68][info ][safepoint   ] Safepoint "Cleanup", Time since last: 4458247899 ns, Reaching safepoint: 234881 ns, At safepoint: 29406 ns, Total: 264287 ns
[2023-07-14T22:43:12.594+0000][68][info ][safepoint   ] Safepoint "Cleanup", Time since last: 12013485077 ns, Reaching safepoint: 166792 ns, At safepoint: 34511 ns, Total: 201303 ns
[2023-07-14T22:43:18.833+0000][68][info ][safepoint   ] Safepoint "Cleanup", Time since last: 6237048954 ns, Reaching safepoint: 316346 ns, At safepoint: 10645 ns, Total: 326991 ns
[2023-07-14T22:43:22.471+0000][68][info ][safepoint   ] Safepoint "Cleanup", Time since last: 3637573332 ns, Reaching safepoint: 608953 ns, At safepoint: 10844 ns, Total: 619797 ns
[2023-07-14T22:43:25.624+0000][68][info ][safepoint   ] Safepoint "Cleanup", Time since last: 3153218390 ns, Reaching safepoint: 116016 ns, At safepoint: 3968 ns, Total: 119984 ns
[2023-07-14T22:43:26.680+0000][68][info ][safepoint   ] Safepoint "Cleanup", Time since last: 1055072727 ns, Reaching safepoint: 414990 ns, At safepoint: 7360 ns, Total: 422350 ns
[2023-07-14T22:43:32.962+0000][68][info ][safepoint   ] Safepoint "Cleanup", Time since last: 6281830995 ns, Reaching safepoint: 176433 ns, At safepoint: 46950 ns, Total: 223383 ns
[2023-07-14T22:43:33.964+0000][68][info ][safepoint   ] Safepoint "Cleanup", Time since last: 1002253895 ns, Reaching safepoint: 452310 ns, At safepoint: 9978 ns, Total: 462288 ns
[2023-07-14T22:43:43.753+0000][68][info ][safepoint   ] Safepoint "Cleanup", Time since last: 9788646451 ns, Reaching safepoint: 152820 ns, At safepoint: 5199 ns, Total: 158019 ns
[2023-07-14T22:43:54.594+0000][68][info ][safepoint   ] Safepoint "Cleanup", Time since last: 10839721245 ns, Reaching safepoint: 141647 ns, At safepoint: 37986 ns, Total: 179633 ns
[2023-07-14T22:43:56.120+0000][68][info ][safepoint   ] Safepoint "Cleanup", Time since last: 1526073599 ns, Reaching safepoint: 417891 ns, At safepoint: 7561 ns, Total: 425452 ns
[2023-07-14T22:44:12.857+0000][68][info ][safepoint   ] Safepoint "Cleanup", Time since last: 16736759142 ns, Reaching safepoint: 150302 ns, At safepoint: 82675 ns, Total: 232977 ns
[2023-07-14T22:44:13.873+0000][68][info ][safepoint   ] Safepoint "Cleanup", Time since last: 1014815338 ns, Reaching safepoint: 285202 ns, At safepoint: 4557 ns, Total: 289759 ns
[2023-07-14T22:44:24.632+0000][68][info ][safepoint   ] Safepoint "Cleanup", Time since last: 10758471238 ns, Reaching safepoint: 299495 ns, At safepoint: 38831 ns, Total: 338326 ns
[2023-07-14T22:44:33.738+0000][68][info ][safepoint   ] Safepoint "Cleanup", Time since last: 9105600280 ns, Reaching safepoint: 479725 ns, At safepoint: 14817 ns, Total: 494542 ns
[2023-07-14T22:44:36.938+0000][68][info ][safepoint   ] Safepoint "Cleanup", Time since last: 3199608041 ns, Reaching safepoint: 310668 ns, At safepoint: 34887 ns, Total: 345555 ns
[2023-07-14T22:44:58.048+0000][68][info ][safepoint   ] Safepoint "Cleanup", Time since last: 21108127694 ns, Reaching safepoint: 437642 ns, At safepoint: 10727 ns, Total: 448369 ns
[2023-07-14T22:45:10.757+0000][68][info ][safepoint   ] Safepoint "Cleanup", Time since last: 12709165123 ns, Reaching safepoint: 91663 ns, At safepoint: 3430 ns, Total: 95093 ns
[2023-07-14T22:45:13.077+0000][68][info ][safepoint   ] Safepoint "Cleanup", Time since last: 2319519425 ns, Reaching safepoint: 174087 ns, At safepoint: 36303 ns, Total: 210390 ns
[2023-07-14T22:45:21.401+0000][68][info ][safepoint   ] Safepoint "Cleanup", Time since last: 8322530802 ns, Reaching safepoint: 446542 ns, At safepoint: 8089 ns, Total: 454631 ns
[2023-07-14T22:45:36.626+0000][68][info ][safepoint   ] Safepoint "Cleanup", Time since last: 15225437793 ns, Reaching safepoint: 196111 ns, At safepoint: 33322 ns, Total: 229433 ns
[2023-07-14T22:45:48.965+0000][68][info ][safepoint   ] Safepoint "Cleanup", Time since last: 12337807246 ns, Reaching safepoint: 105197 ns, At safepoint: 29651 ns, Total: 134848 ns
[2023-07-14T22:45:51.618+0000][68][info ][safepoint   ] Safepoint "Cleanup", Time since last: 2652940810 ns, Reaching safepoint: 139671 ns, At safepoint: 39913 ns, Total: 179584 ns
[2023-07-14T22:45:53.152+0000][68][info ][safepoint   ] Safepoint "Cleanup", Time since last: 1533122957 ns, Reaching safepoint: 444915 ns, At safepoint: 148538 ns, Total: 593453 ns
[2023-07-14T22:46:01.741+0000][68][info ][safepoint   ] Safepoint "Cleanup", Time since last: 8589085399 ns, Reaching safepoint: 191339 ns, At safepoint: 38054 ns, Total: 229393 ns
[2023-07-14T22:46:07.688+0000][68][info ][safepoint   ] Safepoint "Cleanup", Time since last: 5946490579 ns, Reaching safepoint: 459622 ns, At safepoint: 18472 ns, Total: 478094 ns
[2023-07-14T22:46:13.056+0000][68][info ][safepoint   ] Safepoint "Cleanup", Time since last: 5367668115 ns, Reaching safepoint: 168910 ns, At safepoint: 37584 ns, Total: 206494 ns
[2023-07-14T22:46:18.621+0000][68][info ][safepoint   ] Safepoint "Cleanup", Time since last: 5564370568 ns, Reaching safepoint: 165531 ns, At safepoint: 27230 ns, Total: 192761 ns
[2023-07-14T22:46:21.396+0000][68][info ][safepoint   ] Safepoint "Cleanup", Time since last: 2773897102 ns, Reaching safepoint: 981798 ns, At safepoint: 25287 ns, Total: 1007085 ns
[2023-07-14T22:46:25.598+0000][68][info ][safepoint   ] Safepoint "Cleanup", Time since last: 4201562092 ns, Reaching safepoint: 167754 ns, At safepoint: 28543 ns, Total: 196297 ns
[2023-07-14T22:46:33.126+0000][68][info ][safepoint   ] Safepoint "Cleanup", Time since last: 7527204537 ns, Reaching safepoint: 221996 ns, At safepoint: 11968 ns, Total: 233964 ns
[2023-07-14T22:46:49.768+0000][68][info ][safepoint   ] Safepoint "Cleanup", Time since last: 16641283505 ns, Reaching safepoint: 701986 ns, At safepoint: 69291 ns, Total: 771277 ns
[2023-07-14T22:47:07.722+0000][68][info ][safepoint   ] Safepoint "Cleanup", Time since last: 17953367845 ns, Reaching safepoint: 163981 ns, At safepoint: 34244 ns, Total: 198225 ns
[2023-07-14T22:47:19.465+0000][68][info ][safepoint   ] Safepoint "Cleanup", Time since last: 11741808382 ns, Reaching safepoint: 179325 ns, At safepoint: 36087 ns, Total: 215412 ns
[2023-07-14T22:47:30.675+0000][68][info ][safepoint   ] Safepoint "Cleanup", Time since last: 11210041702 ns, Reaching safepoint: 127501 ns, At safepoint: 41363 ns, Total: 168864 ns
[2023-07-14T22:47:32.104+0000][68][info ][safepoint   ] Safepoint "Cleanup", Time since last: 1428521831 ns, Reaching safepoint: 512783 ns, At safepoint: 16827 ns, Total: 529610 ns
[2023-07-14T22:47:43.609+0000][68][info ][safepoint   ] Safepoint "Cleanup", Time since last: 11505184398 ns, Reaching safepoint: 210519 ns, At safepoint: 36488 ns, Total: 247007 ns
[2023-07-14T22:47:48.644+0000][68][info ][safepoint   ] Safepoint "Cleanup", Time since last: 5033761146 ns, Reaching safepoint: 218998 ns, At safepoint: 12024 ns, Total: 231022 ns
[2023-07-14T22:47:54.047+0000][68][info ][safepoint   ] Safepoint "Cleanup", Time since last: 5402151485 ns, Reaching safepoint: 549731 ns, At safepoint: 9794 ns, Total: 559525 ns
[2023-07-14T22:48:06.784+0000][68][info ][gc,start    ] GC(18) Pause Young (Normal) (G1 Evacuation Pause)
[2023-07-14T22:48:06.786+0000][68][info ][gc,task     ] GC(18) Using 6 workers of 6 for evacuation
[2023-07-14T22:48:06.787+0000][68][debug][gc,age      ] GC(18) Desired survivor size 155189248 bytes, new threshold 15 (max threshold 15)
[2023-07-14T22:48:06.807+0000][68][info ][gc,phases   ] GC(18)   Pre Evacuate Collection Set: 0.5ms
[2023-07-14T22:48:06.808+0000][68][info ][gc,phases   ] GC(18)   Merge Heap Roots: 0.3ms
[2023-07-14T22:48:06.809+0000][68][info ][gc,phases   ] GC(18)   Evacuate Collection Set: 14.5ms
[2023-07-14T22:48:06.810+0000][68][info ][gc,phases   ] GC(18)   Post Evacuate Collection Set: 3.5ms
[2023-07-14T22:48:06.811+0000][68][info ][gc,phases   ] GC(18)   Other: 1.7ms
[2023-07-14T22:48:06.812+0000][68][trace][gc,age      ] GC(18) Age table with threshold 15 (max threshold 15)
[2023-07-14T22:48:06.813+0000][68][trace][gc,age      ] GC(18) - age   1:    1652176 bytes,    1652176 total
[2023-07-14T22:48:06.814+0000][68][trace][gc,age      ] GC(18) - age   2:     322496 bytes,    1974672 total
[2023-07-14T22:48:06.815+0000][68][trace][gc,age      ] GC(18) - age   3:     165648 bytes,    2140320 total
[2023-07-14T22:48:06.816+0000][68][trace][gc,age      ] GC(18) - age   4:     237472 bytes,    2377792 total
[2023-07-14T22:48:06.817+0000][68][trace][gc,age      ] GC(18) - age   5:    1105176 bytes,    3482968 total
[2023-07-14T22:48:06.817+0000][68][trace][gc,age      ] GC(18) - age   6:     405304 bytes,    3888272 total
[2023-07-14T22:48:06.818+0000][68][trace][gc,age      ] GC(18) - age   7:   33888416 bytes,   37776688 total
[2023-07-14T22:48:06.819+0000][68][trace][gc,age      ] GC(18) - age   8:    1232792 bytes,   39009480 total
[2023-07-14T22:48:06.820+0000][68][info ][gc,heap     ] GC(18) Eden regions: 578->0(579)
[2023-07-14T22:48:06.821+0000][68][info ][gc,heap     ] GC(18) Survivor regions: 11->10(74)
[2023-07-14T22:48:06.822+0000][68][info ][gc,heap     ] GC(18) Old regions: 17->17
[2023-07-14T22:48:06.823+0000][68][info ][gc,heap     ] GC(18) Archive regions: 2->2
[2023-07-14T22:48:06.824+0000][68][info ][gc,heap     ] GC(18) Humongous regions: 0->0
[2023-07-14T22:48:06.824+0000][68][info ][gc,metaspace] GC(18) Metaspace: 137720K(141248K)->137720K(141248K) NonClass: 119927K(121728K)->119927K(121728K) Class: 17793K(19520K)->17793K(19520K)
[2023-07-14T22:48:06.825+0000][68][info ][gc          ] GC(18) Pause Young (Normal) (G1 Evacuation Pause) 2422M->109M(3932M) 40.836ms
[2023-07-14T22:48:06.826+0000][68][info ][gc,cpu      ] GC(18) User=0.09s Sys=0.00s Real=0.04s
[2023-07-14T22:48:06.827+0000][68][info ][safepoint   ] Safepoint "G1CollectForAllocation", Time since last: 12736780517 ns, Reaching safepoint: 284029 ns, At safepoint: 42475161 ns, Total: 42759190 ns
[2023-07-14T22:48:13.198+0000][68][info ][safepoint   ] Safepoint "Cleanup", Time since last: 6370870696 ns, Reaching safepoint: 192189 ns, At safepoint: 31461 ns, Total: 223650 ns
[2023-07-14T22:48:14.209+0000][68][info ][safepoint   ] Safepoint "Cleanup", Time since last: 1010701258 ns, Reaching safepoint: 178287 ns, At safepoint: 25096 ns, Total: 203383 ns
[2023-07-14T22:48:33.300+0000][68][info ][safepoint   ] Safepoint "Cleanup", Time since last: 19089135150 ns, Reaching safepoint: 643264 ns, At safepoint: 10023 ns, Total: 653287 ns
[2023-07-14T22:48:36.921+0000][68][info ][safepoint   ] Safepoint "Cleanup", Time since last: 3620931552 ns, Reaching safepoint: 183576 ns, At safepoint: 6437 ns, Total: 190013 ns
[2023-07-14T22:48:54.663+0000][68][info ][safepoint   ] Safepoint "Cleanup", Time since last: 17740996117 ns, Reaching safepoint: 164107 ns, At safepoint: 35151 ns, Total: 199258 ns
[2023-07-14T22:49:06.972+0000][68][info ][safepoint   ] Safepoint "Cleanup", Time since last: 12309155855 ns, Reaching safepoint: 121037 ns, At safepoint: 39939 ns, Total: 160976 ns
[2023-07-14T22:49:19.700+0000][68][info ][safepoint   ] Safepoint "Cleanup", Time since last: 12726974000 ns, Reaching safepoint: 202746 ns, At safepoint: 36842 ns, Total: 239588 ns
[2023-07-14T22:49:20.763+0000][68][info ][safepoint   ] Safepoint "Cleanup", Time since last: 1063192432 ns, Reaching safepoint: 181940 ns, At safepoint: 29193 ns, Total: 211133 ns
[2023-07-14T22:49:21.962+0000][68][info ][safepoint   ] Safepoint "Cleanup", Time since last: 1198162670 ns, Reaching safepoint: 216559 ns, At safepoint: 48801 ns, Total: 265360 ns
[2023-07-14T22:49:24.658+0000][68][info ][safepoint   ] Safepoint "Cleanup", Time since last: 2696603131 ns, Reaching safepoint: 258871 ns, At safepoint: 35449 ns, Total: 294320 ns
[2023-07-14T22:49:26.204+0000][68][info ][safepoint   ] Safepoint "Cleanup", Time since last: 1544952138 ns, Reaching safepoint: 284382 ns, At safepoint: 38917 ns, Total: 323299 ns
[2023-07-14T22:49:31.487+0000][68][info ][safepoint   ] Safepoint "Cleanup", Time since last: 5282821297 ns, Reaching safepoint: 310451 ns, At safepoint: 10153 ns, Total: 320604 ns
[2023-07-14T22:49:33.549+0000][68][info ][safepoint   ] Safepoint "Cleanup", Time since last: 2062252056 ns, Reaching safepoint: 268527 ns, At safepoint: 46498 ns, Total: 315025 ns
[2023-07-14T22:49:55.788+0000][68][info ][safepoint   ] Safepoint "Cleanup", Time since last: 22237447941 ns, Reaching safepoint: 230695 ns, At safepoint: 13596 ns, Total: 244291 ns
[2023-07-14T22:49:57.861+0000][68][info ][safepoint   ] Safepoint "Cleanup", Time since last: 2072244811 ns, Reaching safepoint: 688461 ns, At safepoint: 22453 ns, Total: 710914 ns
[2023-07-14T22:49:58.865+0000][68][info ][safepoint   ] Safepoint "Cleanup", Time since last: 1002948526 ns, Reaching safepoint: 348100 ns, At safepoint: 17779 ns, Total: 365879 ns
[2023-07-14T22:50:13.569+0000][68][info ][safepoint   ] Safepoint "Cleanup", Time since last: 14703893648 ns, Reaching safepoint: 133512 ns, At safepoint: 58814 ns, Total: 192326 ns
[2023-07-14T22:50:30.217+0000][68][info ][safepoint   ] Safepoint "Cleanup", Time since last: 16646780073 ns, Reaching safepoint: 645463 ns, At safepoint: 9827 ns, Total: 655290 ns
[2023-07-14T22:50:33.473+0000][68][info ][safepoint   ] Safepoint "Cleanup", Time since last: 3256112929 ns, Reaching safepoint: 348960 ns, At safepoint: 7116 ns, Total: 356076 ns
[2023-07-14T22:50:37.842+0000][68][info ][safepoint   ] Safepoint "Cleanup", Time since last: 4367908482 ns, Reaching safepoint: 331207 ns, At safepoint: 112514 ns, Total: 443721 ns
[2023-07-14T22:50:42.940+0000][68][info ][safepoint   ] Safepoint "Cleanup", Time since last: 5097712224 ns, Reaching safepoint: 155183 ns, At safepoint: 14258 ns, Total: 169441 ns
[2023-07-14T22:50:54.582+0000][68][info ][safepoint   ] Safepoint "Cleanup", Time since last: 11641431296 ns, Reaching safepoint: 238704 ns, At safepoint: 16891 ns, Total: 255595 ns
[2023-07-14T22:50:55.781+0000][68][info ][safepoint   ] Safepoint "Cleanup", Time since last: 1198284726 ns, Reaching safepoint: 163071 ns, At safepoint: 26906 ns, Total: 189977 ns
[2023-07-14T22:51:31.670+0000][68][info ][safepoint   ] Safepoint "Cleanup", Time since last: 35895068284 ns, Reaching safepoint: 145640 ns, At safepoint: 40730 ns, Total: 186370 ns
[2023-07-14T22:51:33.866+0000][68][info ][safepoint   ] Safepoint "Cleanup", Time since last: 2195658882 ns, Reaching safepoint: 333398 ns, At safepoint: 6589 ns, Total: 339987 ns
[2023-07-14T22:51:38.263+0000][68][info ][safepoint   ] Safepoint "Cleanup", Time since last: 4396205762 ns, Reaching safepoint: 306880 ns, At safepoint: 36912 ns, Total: 343792 ns
[2023-07-14T22:51:54.669+0000][68][info ][safepoint   ] Safepoint "Cleanup", Time since last: 16429145246 ns, Reaching safepoint: 162615 ns, At safepoint: 34477 ns, Total: 197092 ns
[2023-07-14T22:51:56.276+0000][68][info ][safepoint   ] Safepoint "Cleanup", Time since last: 1606244888 ns, Reaching safepoint: 179721 ns, At safepoint: 32141 ns, Total: 211862 ns
[2023-07-14T22:51:58.414+0000][68][info ][safepoint   ] Safepoint "Cleanup", Time since last: 2137605988 ns, Reaching safepoint: 331788 ns, At safepoint: 16900 ns, Total: 348688 ns
[2023-07-14T22:52:33.319+0000][68][info ][safepoint   ] Safepoint "Cleanup", Time since last: 34907390831 ns, Reaching safepoint: 531138 ns, At safepoint: 26202 ns, Total: 557340 ns
[2023-07-14T22:52:52.142+0000][68][info ][safepoint   ] Safepoint "Cleanup", Time since last: 18822805836 ns, Reaching safepoint: 391694 ns, At safepoint: 6235 ns, Total: 397929 ns
[2023-07-14T22:53:01.588+0000][68][info ][safepoint   ] Safepoint "Cleanup", Time since last: 9446338227 ns, Reaching safepoint: 133250 ns, At safepoint: 35558 ns, Total: 168808 ns
[2023-07-14T22:53:07.819+0000][68][info ][safepoint   ] Safepoint "Cleanup", Time since last: 6230613027 ns, Reaching safepoint: 240265 ns, At safepoint: 10316 ns, Total: 250581 ns
[2023-07-14T22:53:12.937+0000][68][info ][safepoint   ] Safepoint "Cleanup", Time since last: 5117224259 ns, Reaching safepoint: 234634 ns, At safepoint: 51515 ns, Total: 286149 ns
[2023-07-14T22:53:14.280+0000][68][info ][safepoint   ] Safepoint "Cleanup", Time since last: 1342406376 ns, Reaching safepoint: 429732 ns, At safepoint: 7431 ns, Total: 437163 ns
[2023-07-14T22:53:16.284+0000][68][info ][safepoint   ] Safepoint "Cleanup", Time since last: 2003111739 ns, Reaching safepoint: 958998 ns, At safepoint: 22242 ns, Total: 981240 ns
[2023-07-14T22:53:21.501+0000][68][info ][safepoint   ] Safepoint "Cleanup", Time since last: 5216454006 ns, Reaching safepoint: 291892 ns, At safepoint: 9245 ns, Total: 301137 ns
[2023-07-14T22:53:30.671+0000][68][info ][safepoint   ] Safepoint "Cleanup", Time since last: 9169783663 ns, Reaching safepoint: 193405 ns, At safepoint: 28170 ns, Total: 221575 ns
[2023-07-14T22:53:33.015+0000][68][info ][safepoint   ] Safepoint "Cleanup", Time since last: 2343493182 ns, Reaching safepoint: 368226 ns, At safepoint: 14182 ns, Total: 382408 ns
[2023-07-14T22:53:37.544+0000][68][info ][safepoint   ] Safepoint "Cleanup", Time since last: 4528660728 ns, Reaching safepoint: 109022 ns, At safepoint: 54022 ns, Total: 163044 ns
[2023-07-14T22:53:39.459+0000][68][info ][safepoint   ] Safepoint "Cleanup", Time since last: 1914769651 ns, Reaching safepoint: 277970 ns, At safepoint: 4101 ns, Total: 282071 ns
[2023-07-14T22:53:51.954+0000][68][info ][safepoint   ] Safepoint "Cleanup", Time since last: 12493493055 ns, Reaching safepoint: 876244 ns, At safepoint: 25163 ns, Total: 901407 ns
[2023-07-14T22:54:00.686+0000][68][info ][safepoint   ] Safepoint "Cleanup", Time since last: 8731664804 ns, Reaching safepoint: 68544 ns, At safepoint: 55301 ns, Total: 123845 ns
[2023-07-14T22:54:02.462+0000][68][info ][safepoint   ] Safepoint "Cleanup", Time since last: 1776000688 ns, Reaching safepoint: 290886 ns, At safepoint: 7003 ns, Total: 297889 ns
[2023-07-14T22:54:33.904+0000][68][info ][safepoint   ] Safepoint "Cleanup", Time since last: 31440279401 ns, Reaching safepoint: 596477 ns, At safepoint: 10544 ns, Total: 607021 ns
[2023-07-14T22:54:37.055+0000][68][info ][safepoint   ] Safepoint "Cleanup", Time since last: 3150813442 ns, Reaching safepoint: 178999 ns, At safepoint: 30874 ns, Total: 209873 ns
[2023-07-14T22:54:40.115+0000][68][info ][safepoint   ] Safepoint "Cleanup", Time since last: 3059695159 ns, Reaching safepoint: 297694 ns, At safepoint: 23639 ns, Total: 321333 ns
[2023-07-14T22:54:49.583+0000][68][info ][safepoint   ] Safepoint "Cleanup", Time since last: 9467964395 ns, Reaching safepoint: 166830 ns, At safepoint: 27165 ns, Total: 193995 ns
[2023-07-14T22:55:28.360+0000][68][info ][safepoint   ] Safepoint "Cleanup", Time since last: 38774756726 ns, Reaching safepoint: 346258 ns, At safepoint: 7038 ns, Total: 353296 ns
[2023-07-14T22:55:30.690+0000][68][info ][safepoint   ] Safepoint "Cleanup", Time since last: 2330417034 ns, Reaching safepoint: 199396 ns, At safepoint: 29618 ns, Total: 229014 ns
[2023-07-14T22:55:58.082+0000][68][info ][safepoint   ] Safepoint "Cleanup", Time since last: 27391186203 ns, Reaching safepoint: 158988 ns, At safepoint: 7275 ns, Total: 166263 ns
[2023-07-14T22:56:00.703+0000][68][info ][safepoint   ] Safepoint "Cleanup", Time since last: 2620849566 ns, Reaching safepoint: 180115 ns, At safepoint: 93920 ns, Total: 274035 ns
[2023-07-14T22:56:16.320+0000][68][info ][safepoint   ] Safepoint "Cleanup", Time since last: 15615134859 ns, Reaching safepoint: 331041 ns, At safepoint: 17866 ns, Total: 348907 ns
[2023-07-14T22:56:18.325+0000][68][info ][safepoint   ] Safepoint "Cleanup", Time since last: 2004305836 ns, Reaching safepoint: 655543 ns, At safepoint: 19434 ns, Total: 674977 ns
[2023-07-14T22:56:25.838+0000][68][info ][safepoint   ] Safepoint "Cleanup", Time since last: 7513523501 ns, Reaching safepoint: 199993 ns, At safepoint: 5622 ns, Total: 205615 ns
[2023-07-14T22:56:49.828+0000][68][info ][safepoint   ] Safepoint "Cleanup", Time since last: 23988968791 ns, Reaching safepoint: 404229 ns, At safepoint: 19936 ns, Total: 424165 ns
[2023-07-14T22:56:51.002+0000][68][info ][safepoint   ] Safepoint "Cleanup", Time since last: 1172945907 ns, Reaching safepoint: 337629 ns, At safepoint: 15281 ns, Total: 352910 ns
[2023-07-14T22:56:52.005+0000][68][info ][safepoint   ] Safepoint "Cleanup", Time since last: 1002567539 ns, Reaching safepoint: 258454 ns, At safepoint: 19768 ns, Total: 278222 ns
[2023-07-14T22:57:01.459+0000][68][info ][safepoint   ] Safepoint "Cleanup", Time since last: 9454628318 ns, Reaching safepoint: 204513 ns, At safepoint: 54378 ns, Total: 258891 ns
[2023-07-14T22:57:03.628+0000][68][info ][safepoint   ] Safepoint "Cleanup", Time since last: 2168159236 ns, Reaching safepoint: 433741 ns, At safepoint: 16495 ns, Total: 450236 ns
[2023-07-14T22:57:21.595+0000][68][info ][safepoint   ] Safepoint "Cleanup", Time since last: 17965943044 ns, Reaching safepoint: 294114 ns, At safepoint: 54027 ns, Total: 348141 ns
[2023-07-14T22:57:24.704+0000][68][info ][safepoint   ] Safepoint "Cleanup", Time since last: 3109304102 ns, Reaching safepoint: 189376 ns, At safepoint: 36101 ns, Total: 225477 ns
[2023-07-14T22:57:33.186+0000][68][info ][safepoint   ] Safepoint "Cleanup", Time since last: 8481922223 ns, Reaching safepoint: 183612 ns, At safepoint: 4760 ns, Total: 188372 ns
[2023-07-14T22:57:43.654+0000][68][info ][safepoint   ] Safepoint "Cleanup", Time since last: 10467437895 ns, Reaching safepoint: 142311 ns, At safepoint: 26207 ns, Total: 168518 ns
[2023-07-14T22:57:55.027+0000][68][info ][safepoint   ] Safepoint "Cleanup", Time since last: 11372284987 ns, Reaching safepoint: 158930 ns, At safepoint: 31415 ns, Total: 190345 ns
[2023-07-14T22:58:33.955+0000][68][info ][safepoint   ] Safepoint "Cleanup", Time since last: 38926786408 ns, Reaching safepoint: 536939 ns, At safepoint: 10685 ns, Total: 547624 ns
[2023-07-14T22:58:42.730+0000][68][info ][safepoint   ] Safepoint "Cleanup", Time since last: 8774868656 ns, Reaching safepoint: 104691 ns, At safepoint: 10964 ns, Total: 115655 ns
[2023-07-14T22:58:49.045+0000][68][info ][safepoint   ] Safepoint "Cleanup", Time since last: 6314167282 ns, Reaching safepoint: 137386 ns, At safepoint: 109616 ns, Total: 247002 ns
[2023-07-14T22:59:19.090+0000][68][info ][safepoint   ] Safepoint "Cleanup", Time since last: 30044107482 ns, Reaching safepoint: 151111 ns, At safepoint: 30017 ns, Total: 181128 ns
[2023-07-14T22:59:30.743+0000][68][info ][safepoint   ] Safepoint "Cleanup", Time since last: 11653111285 ns, Reaching safepoint: 162748 ns, At safepoint: 26172 ns, Total: 188920 ns
[2023-07-14T22:59:36.749+0000][68][info ][safepoint   ] Safepoint "Cleanup", Time since last: 6005968923 ns, Reaching safepoint: 95428 ns, At safepoint: 34830 ns, Total: 130258 ns
[2023-07-14T22:59:38.310+0000][68][info ][safepoint   ] Safepoint "Cleanup", Time since last: 1559976960 ns, Reaching safepoint: 159028 ns, At safepoint: 42188 ns, Total: 201216 ns
[2023-07-14T22:59:42.748+0000][68][info ][safepoint   ] Safepoint "Cleanup", Time since last: 4438548243 ns, Reaching safepoint: 263082 ns, At safepoint: 40806 ns, Total: 303888 ns
[2023-07-14T22:59:51.130+0000][68][info ][safepoint   ] Safepoint "Cleanup", Time since last: 8380606944 ns, Reaching safepoint: 437703 ns, At safepoint: 10297 ns, Total: 448000 ns
[2023-07-14T22:59:52.135+0000][68][info ][safepoint   ] Safepoint "Cleanup", Time since last: 1004050506 ns, Reaching safepoint: 676451 ns, At safepoint: 11052 ns, Total: 687503 ns
[2023-07-14T22:59:54.138+0000][68][info ][safepoint   ] Safepoint "Cleanup", Time since last: 2002773275 ns, Reaching safepoint: 331744 ns, At safepoint: 6695 ns, Total: 338439 ns
[2023-07-14T23:00:13.907+0000][68][info ][safepoint   ] Safepoint "Cleanup", Time since last: 19768087013 ns, Reaching safepoint: 228739 ns, At safepoint: 5537 ns, Total: 234276 ns
[2023-07-14T23:00:33.936+0000][68][info ][safepoint   ] Safepoint "Cleanup", Time since last: 20028641903 ns, Reaching safepoint: 290338 ns, At safepoint: 6741 ns, Total: 297079 ns
[2023-07-14T23:00:38.038+0000][68][info ][safepoint   ] Safepoint "Cleanup", Time since last: 4101187950 ns, Reaching safepoint: 515540 ns, At safepoint: 14818 ns, Total: 530358 ns
[2023-07-14T23:00:42.755+0000][68][info ][safepoint   ] Safepoint "Cleanup", Time since last: 4717482898 ns, Reaching safepoint: 68780 ns, At safepoint: 2169 ns, Total: 70949 ns
[2023-07-14T23:00:50.704+0000][68][info ][safepoint   ] Safepoint "Cleanup", Time since last: 7947575831 ns, Reaching safepoint: 630522 ns, At safepoint: 16818 ns, Total: 647340 ns
[2023-07-14T23:01:01.247+0000][68][info ][safepoint   ] Safepoint "Cleanup", Time since last: 10542309637 ns, Reaching safepoint: 174494 ns, At safepoint: 34562 ns, Total: 209056 ns
[2023-07-14T23:01:13.905+0000][68][info ][safepoint   ] Safepoint "Cleanup", Time since last: 12657313030 ns, Reaching safepoint: 574982 ns, At safepoint: 28027 ns, Total: 603009 ns
[2023-07-14T23:01:19.528+0000][68][info ][safepoint   ] Safepoint "Cleanup", Time since last: 5622423156 ns, Reaching safepoint: 131174 ns, At safepoint: 27759 ns, Total: 158933 ns
[2023-07-14T23:01:36.904+0000][68][info ][gc,start    ] GC(19) Pause Young (Normal) (G1 Evacuation Pause)
[2023-07-14T23:01:36.906+0000][68][info ][gc,task     ] GC(19) Using 6 workers of 6 for evacuation
[2023-07-14T23:01:36.907+0000][68][debug][gc,age      ] GC(19) Desired survivor size 155189248 bytes, new threshold 15 (max threshold 15)
[2023-07-14T23:01:36.928+0000][68][info ][gc,phases   ] GC(19)   Pre Evacuate Collection Set: 0.3ms
[2023-07-14T23:01:36.929+0000][68][info ][gc,phases   ] GC(19)   Merge Heap Roots: 0.2ms
[2023-07-14T23:01:36.930+0000][68][info ][gc,phases   ] GC(19)   Evacuate Collection Set: 15.9ms
[2023-07-14T23:01:36.931+0000][68][info ][gc,phases   ] GC(19)   Post Evacuate Collection Set: 3.1ms
[2023-07-14T23:01:36.931+0000][68][info ][gc,phases   ] GC(19)   Other: 2.3ms
[2023-07-14T23:01:36.932+0000][68][trace][gc,age      ] GC(19) Age table with threshold 15 (max threshold 15)
[2023-07-14T23:01:36.933+0000][68][trace][gc,age      ] GC(19) - age   1:    1479120 bytes,    1479120 total
[2023-07-14T23:01:36.934+0000][68][trace][gc,age      ] GC(19) - age   2:      91960 bytes,    1571080 total
[2023-07-14T23:01:36.934+0000][68][trace][gc,age      ] GC(19) - age   3:     230608 bytes,    1801688 total
[2023-07-14T23:01:36.935+0000][68][trace][gc,age      ] GC(19) - age   4:      80040 bytes,    1881728 total
[2023-07-14T23:01:36.936+0000][68][trace][gc,age      ] GC(19) - age   5:     140232 bytes,    2021960 total
[2023-07-14T23:01:36.937+0000][68][trace][gc,age      ] GC(19) - age   6:    1104600 bytes,    3126560 total
[2023-07-14T23:01:36.938+0000][68][trace][gc,age      ] GC(19) - age   7:     397168 bytes,    3523728 total
[2023-07-14T23:01:36.938+0000][68][trace][gc,age      ] GC(19) - age   8:   33791776 bytes,   37315504 total
[2023-07-14T23:01:36.939+0000][68][trace][gc,age      ] GC(19) - age   9:    1232792 bytes,   38548296 total
[2023-07-14T23:01:36.940+0000][68][info ][gc,heap     ] GC(19) Eden regions: 579->0(578)
[2023-07-14T23:01:36.941+0000][68][info ][gc,heap     ] GC(19) Survivor regions: 10->11(74)
[2023-07-14T23:01:36.941+0000][68][info ][gc,heap     ] GC(19) Old regions: 17->17
[2023-07-14T23:01:36.942+0000][68][info ][gc,heap     ] GC(19) Archive regions: 2->2
[2023-07-14T23:01:36.943+0000][68][info ][gc,heap     ] GC(19) Humongous regions: 0->0
[2023-07-14T23:01:36.943+0000][68][info ][gc,metaspace] GC(19) Metaspace: 137881K(141376K)->137881K(141376K) NonClass: 120080K(121856K)->120080K(121856K) Class: 17800K(19520K)->17800K(19520K)
[2023-07-14T23:01:36.944+0000][68][info ][gc          ] GC(19) Pause Young (Normal) (G1 Evacuation Pause) 2425M->111M(3932M) 39.707ms
[2023-07-14T23:01:36.945+0000][68][info ][gc,cpu      ] GC(19) User=0.10s Sys=0.00s Real=0.04s
[2023-07-14T23:01:36.945+0000][68][info ][safepoint   ] Safepoint "G1CollectForAllocation", Time since last: 17375856595 ns, Reaching safepoint: 150521 ns, At safepoint: 41016603 ns, Total: 41167124 ns
[2023-07-14T23:01:43.870+0000][68][info ][safepoint   ] Safepoint "Cleanup", Time since last: 6924910309 ns, Reaching safepoint: 155825 ns, At safepoint: 31674 ns, Total: 187499 ns
[2023-07-14T23:01:51.019+0000][68][info ][safepoint   ] Safepoint "Cleanup", Time since last: 7147439205 ns, Reaching safepoint: 632142 ns, At safepoint: 25146 ns, Total: 657288 ns
[2023-07-14T23:01:55.220+0000][68][info ][safepoint   ] Safepoint "Cleanup", Time since last: 4200681869 ns, Reaching safepoint: 168293 ns, At safepoint: 26531 ns, Total: 194824 ns
[2023-07-14T23:02:01.484+0000][68][info ][safepoint   ] Safepoint "Cleanup", Time since last: 6263524502 ns, Reaching safepoint: 211284 ns, At safepoint: 34863 ns, Total: 246147 ns
[2023-07-14T23:02:18.162+0000][68][info ][safepoint   ] Safepoint "Cleanup", Time since last: 16677648289 ns, Reaching safepoint: 417476 ns, At safepoint: 6474 ns, Total: 423950 ns
[2023-07-14T23:02:25.583+0000][68][info ][safepoint   ] Safepoint "Cleanup", Time since last: 7420847445 ns, Reaching safepoint: 238040 ns, At safepoint: 28793 ns, Total: 266833 ns
[2023-07-14T23:02:33.910+0000][68][info ][safepoint   ] Safepoint "Cleanup", Time since last: 8326261712 ns, Reaching safepoint: 355155 ns, At safepoint: 11387 ns, Total: 366542 ns
[2023-07-14T23:02:51.972+0000][68][info ][safepoint   ] Safepoint "Cleanup", Time since last: 18060842975 ns, Reaching safepoint: 460920 ns, At safepoint: 20631 ns, Total: 481551 ns
[2023-07-14T23:03:00.793+0000][68][info ][safepoint   ] Safepoint "Cleanup", Time since last: 8821162162 ns, Reaching safepoint: 162066 ns, At safepoint: 27001 ns, Total: 189067 ns
[2023-07-14T23:03:01.837+0000][68][info ][safepoint   ] Safepoint "Cleanup", Time since last: 1043492986 ns, Reaching safepoint: 158977 ns, At safepoint: 30679 ns, Total: 189656 ns
[2023-07-14T23:03:36.795+0000][68][info ][safepoint   ] Safepoint "Cleanup", Time since last: 34956735677 ns, Reaching safepoint: 170073 ns, At safepoint: 27724 ns, Total: 197797 ns
[2023-07-14T23:03:48.705+0000][68][info ][safepoint   ] Safepoint "Cleanup", Time since last: 11909108162 ns, Reaching safepoint: 207907 ns, At safepoint: 7621 ns, Total: 215528 ns
[2023-07-14T23:03:51.966+0000][68][info ][safepoint   ] Safepoint "Cleanup", Time since last: 3261466381 ns, Reaching safepoint: 262981 ns, At safepoint: 5605 ns, Total: 268586 ns
[2023-07-14T23:04:16.273+0000][68][info ][safepoint   ] Safepoint "Cleanup", Time since last: 24305973154 ns, Reaching safepoint: 279747 ns, At safepoint: 10461 ns, Total: 290208 ns
[2023-07-14T23:05:00.941+0000][68][info ][safepoint   ] Safepoint "Cleanup", Time since last: 44666714031 ns, Reaching safepoint: 189286 ns, At safepoint: 27050 ns, Total: 216336 ns
[2023-07-14T23:05:33.386+0000][68][info ][safepoint   ] Safepoint "Cleanup", Time since last: 32443134302 ns, Reaching safepoint: 654676 ns, At safepoint: 11543 ns, Total: 666219 ns
[2023-07-14T23:05:42.745+0000][68][info ][safepoint   ] Safepoint "Cleanup", Time since last: 9359563817 ns, Reaching safepoint: 256335 ns, At safepoint: 10951 ns, Total: 267286 ns
[2023-07-14T23:05:49.151+0000][68][info ][safepoint   ] Safepoint "Cleanup", Time since last: 6404748232 ns, Reaching safepoint: 270078 ns, At safepoint: 36831 ns, Total: 306909 ns
[2023-07-14T23:06:04.204+0000][68][info ][safepoint   ] Safepoint "Cleanup", Time since last: 15053184323 ns, Reaching safepoint: 169451 ns, At safepoint: 26666 ns, Total: 196117 ns
[2023-07-14T23:06:25.755+0000][68][info ][safepoint   ] Safepoint "Cleanup", Time since last: 21549524958 ns, Reaching safepoint: 146438 ns, At safepoint: 152320 ns, Total: 298758 ns
[2023-07-14T23:06:43.590+0000][68][info ][safepoint   ] Safepoint "Cleanup", Time since last: 17834871306 ns, Reaching safepoint: 190325 ns, At safepoint: 27989 ns, Total: 218314 ns
[2023-07-14T23:06:54.843+0000][68][info ][safepoint   ] Safepoint "Cleanup", Time since last: 11252521719 ns, Reaching safepoint: 96671 ns, At safepoint: 4173 ns, Total: 100844 ns
[2023-07-14T23:07:07.661+0000][68][info ][safepoint   ] Safepoint "Cleanup", Time since last: 12817618308 ns, Reaching safepoint: 131952 ns, At safepoint: 37477 ns, Total: 169429 ns
[2023-07-14T23:07:08.817+0000][68][info ][safepoint   ] Safepoint "Cleanup", Time since last: 1155256599 ns, Reaching safepoint: 155879 ns, At safepoint: 55213 ns, Total: 211092 ns
[2023-07-14T23:07:12.827+0000][68][info ][safepoint   ] Safepoint "Cleanup", Time since last: 4010607130 ns, Reaching safepoint: 98661 ns, At safepoint: 4959 ns, Total: 103620 ns
[2023-07-14T23:07:13.902+0000][68][info ][safepoint   ] Safepoint "Cleanup", Time since last: 1074458155 ns, Reaching safepoint: 140251 ns, At safepoint: 5185 ns, Total: 145436 ns
[2023-07-14T23:07:33.839+0000][68][info ][safepoint   ] Safepoint "Cleanup", Time since last: 19936681611 ns, Reaching safepoint: 289437 ns, At safepoint: 5481 ns, Total: 294918 ns
[2023-07-14T23:07:41.239+0000][68][info ][safepoint   ] Safepoint "Cleanup", Time since last: 7398642057 ns, Reaching safepoint: 419047 ns, At safepoint: 18366 ns, Total: 437413 ns
[2023-07-14T23:08:07.740+0000][68][info ][safepoint   ] Safepoint "Cleanup", Time since last: 26500636296 ns, Reaching safepoint: 164674 ns, At safepoint: 37258 ns, Total: 201932 ns
[2023-07-14T23:08:12.800+0000][68][info ][safepoint   ] Safepoint "Cleanup", Time since last: 5060624306 ns, Reaching safepoint: 83614 ns, At safepoint: 2973 ns, Total: 86587 ns
[2023-07-14T23:08:24.864+0000][68][info ][safepoint   ] Safepoint "Cleanup", Time since last: 12063425190 ns, Reaching safepoint: 61602 ns, At safepoint: 57183 ns, Total: 118785 ns
[2023-07-14T23:08:33.173+0000][68][info ][safepoint   ] Safepoint "Cleanup", Time since last: 8307827031 ns, Reaching safepoint: 899164 ns, At safepoint: 28486 ns, Total: 927650 ns
[2023-07-14T23:08:49.928+0000][68][info ][safepoint   ] Safepoint "Cleanup", Time since last: 16753731213 ns, Reaching safepoint: 162679 ns, At safepoint: 26479 ns, Total: 189158 ns
[2023-07-14T23:08:55.191+0000][68][info ][safepoint   ] Safepoint "Cleanup", Time since last: 5263755632 ns, Reaching safepoint: 99742 ns, At safepoint: 46814 ns, Total: 146556 ns
[2023-07-14T23:08:58.579+0000][68][info ][safepoint   ] Safepoint "Cleanup", Time since last: 3387414433 ns, Reaching safepoint: 560881 ns, At safepoint: 11769 ns, Total: 572650 ns
[2023-07-14T23:09:03.818+0000][68][info ][safepoint   ] Safepoint "Cleanup", Time since last: 5238485778 ns, Reaching safepoint: 364995 ns, At safepoint: 7233 ns, Total: 372228 ns
[2023-07-14T23:09:07.985+0000][68][info ][safepoint   ] Safepoint "Cleanup", Time since last: 4166374860 ns, Reaching safepoint: 98187 ns, At safepoint: 3549 ns, Total: 101736 ns
[2023-07-14T23:09:41.667+0000][68][info ][safepoint   ] Safepoint "Cleanup", Time since last: 33680675935 ns, Reaching safepoint: 725077 ns, At safepoint: 24425 ns, Total: 749502 ns
[2023-07-14T23:09:43.992+0000][68][info ][safepoint   ] Safepoint "Cleanup", Time since last: 2324112966 ns, Reaching safepoint: 594249 ns, At safepoint: 69463 ns, Total: 663712 ns
[2023-07-14T23:09:54.894+0000][68][info ][safepoint   ] Safepoint "Cleanup", Time since last: 10901092871 ns, Reaching safepoint: 267040 ns, At safepoint: 22262 ns, Total: 289302 ns
[2023-07-14T23:10:01.951+0000][68][info ][safepoint   ] Safepoint "Cleanup", Time since last: 7056835893 ns, Reaching safepoint: 173587 ns, At safepoint: 26780 ns, Total: 200367 ns
[2023-07-14T23:10:33.608+0000][68][info ][safepoint   ] Safepoint "Cleanup", Time since last: 31655883291 ns, Reaching safepoint: 286844 ns, At safepoint: 7265 ns, Total: 294109 ns
[2023-07-14T23:11:02.037+0000][68][info ][safepoint   ] Safepoint "Cleanup", Time since last: 28427447056 ns, Reaching safepoint: 593333 ns, At safepoint: 162326 ns, Total: 755659 ns
[2023-07-14T23:11:07.471+0000][68][info ][safepoint   ] Safepoint "Cleanup", Time since last: 5433881919 ns, Reaching safepoint: 243954 ns, At safepoint: 40747 ns, Total: 284701 ns
[2023-07-14T23:11:33.116+0000][68][info ][safepoint   ] Safepoint "Cleanup", Time since last: 25643147124 ns, Reaching safepoint: 621229 ns, At safepoint: 26772 ns, Total: 648001 ns
[2023-07-14T23:11:37.303+0000][68][info ][safepoint   ] Safepoint "Cleanup", Time since last: 4187293917 ns, Reaching safepoint: 137992 ns, At safepoint: 29018 ns, Total: 167010 ns
[2023-07-14T23:12:18.921+0000][68][info ][safepoint   ] Safepoint "Cleanup", Time since last: 41616119779 ns, Reaching safepoint: 183386 ns, At safepoint: 28181 ns, Total: 211567 ns
[2023-07-14T23:12:20.617+0000][68][info ][safepoint   ] Safepoint "Cleanup", Time since last: 1695254691 ns, Reaching safepoint: 415022 ns, At safepoint: 7146 ns, Total: 422168 ns
[2023-07-14T23:12:22.620+0000][68][info ][safepoint   ] Safepoint "Cleanup", Time since last: 2002829965 ns, Reaching safepoint: 236991 ns, At safepoint: 4106 ns, Total: 241097 ns
[2023-07-14T23:12:24.927+0000][68][info ][safepoint   ] Safepoint "Cleanup", Time since last: 2306530212 ns, Reaching safepoint: 227638 ns, At safepoint: 36074 ns, Total: 263712 ns
[2023-07-14T23:12:26.884+0000][68][info ][safepoint   ] Safepoint "Cleanup", Time since last: 1956893473 ns, Reaching safepoint: 657494 ns, At safepoint: 25285 ns, Total: 682779 ns
[2023-07-14T23:12:43.208+0000][68][info ][safepoint   ] Safepoint "Cleanup", Time since last: 16323448202 ns, Reaching safepoint: 173322 ns, At safepoint: 4277 ns, Total: 177599 ns
[2023-07-14T23:13:01.428+0000][68][info ][safepoint   ] Safepoint "Cleanup", Time since last: 18218588711 ns, Reaching safepoint: 271533 ns, At safepoint: 31151 ns, Total: 302684 ns
[2023-07-14T23:13:02.481+0000][68][info ][safepoint   ] Safepoint "Cleanup", Time since last: 1053005503 ns, Reaching safepoint: 718634 ns, At safepoint: 24920 ns, Total: 743554 ns
[2023-07-14T23:13:16.085+0000][68][info ][safepoint   ] Safepoint "Cleanup", Time since last: 13602414262 ns, Reaching safepoint: 349437 ns, At safepoint: 7027 ns, Total: 356464 ns
[2023-07-14T23:13:43.666+0000][68][info ][safepoint   ] Safepoint "Cleanup", Time since last: 27580825125 ns, Reaching safepoint: 109058 ns, At safepoint: 14026 ns, Total: 123084 ns
[2023-07-14T23:13:49.928+0000][68][info ][safepoint   ] Safepoint "Cleanup", Time since last: 6261043927 ns, Reaching safepoint: 174198 ns, At safepoint: 68916 ns, Total: 243114 ns
[2023-07-14T23:14:01.074+0000][68][info ][safepoint   ] Safepoint "Cleanup", Time since last: 11145589343 ns, Reaching safepoint: 199921 ns, At safepoint: 34089 ns, Total: 234010 ns
[2023-07-14T23:14:23.322+0000][68][info ][safepoint   ] Safepoint "Cleanup", Time since last: 22246751358 ns, Reaching safepoint: 377158 ns, At safepoint: 17442 ns, Total: 394600 ns
[2023-07-14T23:14:33.928+0000][68][info ][safepoint   ] Safepoint "Cleanup", Time since last: 10605973746 ns, Reaching safepoint: 234929 ns, At safepoint: 46822 ns, Total: 281751 ns
[2023-07-14T23:14:52.753+0000][68][info ][safepoint   ] Safepoint "Cleanup", Time since last: 18824029655 ns, Reaching safepoint: 559065 ns, At safepoint: 12139 ns, Total: 571204 ns
[2023-07-14T23:15:01.119+0000][68][info ][safepoint   ] Safepoint "Cleanup", Time since last: 8365731989 ns, Reaching safepoint: 151926 ns, At safepoint: 48207 ns, Total: 200133 ns
[2023-07-14T23:15:02.798+0000][68][info ][safepoint   ] Safepoint "Cleanup", Time since last: 1678675616 ns, Reaching safepoint: 356105 ns, At safepoint: 7133 ns, Total: 363238 ns
[2023-07-14T23:15:08.139+0000][68][info ][gc,start    ] GC(20) Pause Young (Normal) (G1 Evacuation Pause)
[2023-07-14T23:15:08.140+0000][68][info ][gc,task     ] GC(20) Using 6 workers of 6 for evacuation
[2023-07-14T23:15:08.141+0000][68][debug][gc,age      ] GC(20) Desired survivor size 155189248 bytes, new threshold 15 (max threshold 15)
[2023-07-14T23:15:08.158+0000][68][info ][gc,phases   ] GC(20)   Pre Evacuate Collection Set: 0.3ms
[2023-07-14T23:15:08.159+0000][68][info ][gc,phases   ] GC(20)   Merge Heap Roots: 0.2ms
[2023-07-14T23:15:08.160+0000][68][info ][gc,phases   ] GC(20)   Evacuate Collection Set: 12.7ms
[2023-07-14T23:15:08.161+0000][68][info ][gc,phases   ] GC(20)   Post Evacuate Collection Set: 3.5ms
[2023-07-14T23:15:08.162+0000][68][info ][gc,phases   ] GC(20)   Other: 1.5ms
[2023-07-14T23:15:08.162+0000][68][trace][gc,age      ] GC(20) Age table with threshold 15 (max threshold 15)
[2023-07-14T23:15:08.163+0000][68][trace][gc,age      ] GC(20) - age   1:    1576896 bytes,    1576896 total
[2023-07-14T23:15:08.164+0000][68][trace][gc,age      ] GC(20) - age   2:     161704 bytes,    1738600 total
[2023-07-14T23:15:08.165+0000][68][trace][gc,age      ] GC(20) - age   3:      90016 bytes,    1828616 total
[2023-07-14T23:15:08.166+0000][68][trace][gc,age      ] GC(20) - age   4:     230576 bytes,    2059192 total
[2023-07-14T23:15:08.167+0000][68][trace][gc,age      ] GC(20) - age   5:      80040 bytes,    2139232 total
[2023-07-14T23:15:08.168+0000][68][trace][gc,age      ] GC(20) - age   6:     140232 bytes,    2279464 total
[2023-07-14T23:15:08.168+0000][68][trace][gc,age      ] GC(20) - age   7:    1103736 bytes,    3383200 total
[2023-07-14T23:15:08.169+0000][68][trace][gc,age      ] GC(20) - age   8:     397056 bytes,    3780256 total
[2023-07-14T23:15:08.170+0000][68][trace][gc,age      ] GC(20) - age   9:   33443384 bytes,   37223640 total
[2023-07-14T23:15:08.171+0000][68][trace][gc,age      ] GC(20) - age  10:    1231384 bytes,   38455024 total
[2023-07-14T23:15:08.171+0000][68][info ][gc,heap     ] GC(20) Eden regions: 578->0(578)
[2023-07-14T23:15:08.172+0000][68][info ][gc,heap     ] GC(20) Survivor regions: 11->11(74)
[2023-07-14T23:15:08.173+0000][68][info ][gc,heap     ] GC(20) Old regions: 17->17
[2023-07-14T23:15:08.174+0000][68][info ][gc,heap     ] GC(20) Archive regions: 2->2
[2023-07-14T23:15:08.175+0000][68][info ][gc,heap     ] GC(20) Humongous regions: 0->0
[2023-07-14T23:15:08.176+0000][68][info ][gc,metaspace] GC(20) Metaspace: 137957K(141440K)->137957K(141440K) NonClass: 120156K(121920K)->120156K(121920K) Class: 17800K(19520K)->17800K(19520K)
[2023-07-14T23:15:08.176+0000][68][info ][gc          ] GC(20) Pause Young (Normal) (G1 Evacuation Pause) 2423M->110M(3932M) 37.256ms
[2023-07-14T23:15:08.177+0000][68][info ][gc,cpu      ] GC(20) User=0.07s Sys=0.00s Real=0.04s
[2023-07-14T23:15:08.178+0000][68][info ][safepoint   ] Safepoint "G1CollectForAllocation", Time since last: 5340700201 ns, Reaching safepoint: 193133 ns, At safepoint: 38540810 ns, Total: 38733943 ns
[2023-07-14T23:15:20.086+0000][68][info ][safepoint   ] Safepoint "Cleanup", Time since last: 11907515430 ns, Reaching safepoint: 301155 ns, At safepoint: 13706 ns, Total: 314861 ns
[2023-07-14T23:15:33.674+0000][68][info ][safepoint   ] Safepoint "Cleanup", Time since last: 13587382649 ns, Reaching safepoint: 262950 ns, At safepoint: 13402 ns, Total: 276352 ns
[2023-07-14T23:15:45.245+0000][68][info ][safepoint   ] Safepoint "Cleanup", Time since last: 11570923022 ns, Reaching safepoint: 394707 ns, At safepoint: 98595 ns, Total: 493302 ns
[2023-07-14T23:16:04.345+0000][68][info ][safepoint   ] Safepoint "Cleanup", Time since last: 19098178549 ns, Reaching safepoint: 495847 ns, At safepoint: 10861 ns, Total: 506708 ns
[2023-07-14T23:16:16.503+0000][68][info ][safepoint   ] Safepoint "Cleanup", Time since last: 12157319994 ns, Reaching safepoint: 106595 ns, At safepoint: 35053 ns, Total: 141648 ns
[2023-07-14T23:16:21.915+0000][68][info ][safepoint   ] Safepoint "Cleanup", Time since last: 5411258660 ns, Reaching safepoint: 674446 ns, At safepoint: 26181 ns, Total: 700627 ns
[2023-07-14T23:17:12.968+0000][68][info ][safepoint   ] Safepoint "Cleanup", Time since last: 51052381748 ns, Reaching safepoint: 210651 ns, At safepoint: 37743 ns, Total: 248394 ns
[2023-07-14T23:17:18.975+0000][68][info ][safepoint   ] Safepoint "Cleanup", Time since last: 6005439831 ns, Reaching safepoint: 110142 ns, At safepoint: 34892 ns, Total: 145034 ns
[2023-07-14T23:17:21.865+0000][68][info ][safepoint   ] Safepoint "Cleanup", Time since last: 2890358115 ns, Reaching safepoint: 254398 ns, At safepoint: 4204 ns, Total: 258602 ns
[2023-07-14T23:17:32.995+0000][68][info ][safepoint   ] Safepoint "Cleanup", Time since last: 11129351444 ns, Reaching safepoint: 297611 ns, At safepoint: 77318 ns, Total: 374929 ns
[2023-07-14T23:18:00.991+0000][68][info ][safepoint   ] Safepoint "Cleanup", Time since last: 27994386805 ns, Reaching safepoint: 241728 ns, At safepoint: 39149 ns, Total: 280877 ns
[2023-07-14T23:19:13.140+0000][68][info ][safepoint   ] Safepoint "Cleanup", Time since last: 72148153049 ns, Reaching safepoint: 178374 ns, At safepoint: 27309 ns, Total: 205683 ns
[2023-07-14T23:19:14.386+0000][68][info ][safepoint   ] Safepoint "Cleanup", Time since last: 1244983623 ns, Reaching safepoint: 653517 ns, At safepoint: 26494 ns, Total: 680011 ns
[2023-07-14T23:19:19.244+0000][68][info ][safepoint   ] Safepoint "Cleanup", Time since last: 4856728924 ns, Reaching safepoint: 198349 ns, At safepoint: 57493 ns, Total: 255842 ns
[2023-07-14T23:19:33.674+0000][68][info ][safepoint   ] Safepoint "Cleanup", Time since last: 14429345128 ns, Reaching safepoint: 439274 ns, At safepoint: 16753 ns, Total: 456027 ns
[2023-07-14T23:19:34.677+0000][68][info ][safepoint   ] Safepoint "Cleanup", Time since last: 1002921939 ns, Reaching safepoint: 534520 ns, At safepoint: 10903 ns, Total: 545423 ns
[2023-07-14T23:19:37.003+0000][68][info ][safepoint   ] Safepoint "Cleanup", Time since last: 2325450557 ns, Reaching safepoint: 154430 ns, At safepoint: 3550 ns, Total: 157980 ns
[2023-07-14T23:19:43.252+0000][68][info ][safepoint   ] Safepoint "Cleanup", Time since last: 6249335844 ns, Reaching safepoint: 176132 ns, At safepoint: 27629 ns, Total: 203761 ns
[2023-07-14T23:21:07.163+0000][68][info ][safepoint   ] Safepoint "Cleanup", Time since last: 83908342135 ns, Reaching safepoint: 400792 ns, At safepoint: 28780 ns, Total: 429572 ns
[2023-07-14T23:21:08.444+0000][68][info ][safepoint   ] Safepoint "Cleanup", Time since last: 1280125294 ns, Reaching safepoint: 852336 ns, At safepoint: 18683 ns, Total: 871019 ns
[2023-07-14T23:21:13.858+0000][68][info ][safepoint   ] Safepoint "Cleanup", Time since last: 5413196981 ns, Reaching safepoint: 166890 ns, At safepoint: 37959 ns, Total: 204849 ns
[2023-07-14T23:21:19.048+0000][68][info ][safepoint   ] Safepoint "Cleanup", Time since last: 5188784671 ns, Reaching safepoint: 206430 ns, At safepoint: 34650 ns, Total: 241080 ns
[2023-07-14T23:21:22.727+0000][68][info ][safepoint   ] Safepoint "Cleanup", Time since last: 3678622342 ns, Reaching safepoint: 216440 ns, At safepoint: 4313 ns, Total: 220753 ns
[2023-07-14T23:21:33.205+0000][68][info ][safepoint   ] Safepoint "Cleanup", Time since last: 10477615960 ns, Reaching safepoint: 677358 ns, At safepoint: 31241 ns, Total: 708599 ns
[2023-07-14T23:21:55.473+0000][68][info ][safepoint   ] Safepoint "Cleanup", Time since last: 22267093398 ns, Reaching safepoint: 237410 ns, At safepoint: 44705 ns, Total: 282115 ns
[2023-07-14T23:22:07.039+0000][68][info ][safepoint   ] Safepoint "Cleanup", Time since last: 11565998215 ns, Reaching safepoint: 235938 ns, At safepoint: 49185 ns, Total: 285123 ns
[2023-07-14T23:22:08.360+0000][68][info ][safepoint   ] Safepoint "Cleanup", Time since last: 1320193027 ns, Reaching safepoint: 80888 ns, At safepoint: 3328 ns, Total: 84216 ns
[2023-07-14T23:22:31.211+0000][68][info ][safepoint   ] Safepoint "Cleanup", Time since last: 22841173571 ns, Reaching safepoint: 90674 ns, At safepoint: 43943 ns, Total: 134617 ns
[2023-07-14T23:22:51.463+0000][68][info ][safepoint   ] Safepoint "Cleanup", Time since last: 20221989558 ns, Reaching safepoint: 661204 ns, At safepoint: 16744 ns, Total: 677948 ns
[2023-07-14T23:23:20.977+0000][68][info ][safepoint   ] Safepoint "Cleanup", Time since last: 29508883761 ns, Reaching safepoint: 371964 ns, At safepoint: 7115 ns, Total: 379079 ns
[2023-07-14T23:23:25.351+0000][68][info ][safepoint   ] Safepoint "Cleanup", Time since last: 4373490728 ns, Reaching safepoint: 193963 ns, At safepoint: 26625 ns, Total: 220588 ns
[2023-07-14T23:23:28.379+0000][68][info ][safepoint   ] Safepoint "Cleanup", Time since last: 3027538236 ns, Reaching safepoint: 660159 ns, At safepoint: 45288 ns, Total: 705447 ns
[2023-07-14T23:23:50.634+0000][68][info ][safepoint   ] Safepoint "Cleanup", Time since last: 22252724402 ns, Reaching safepoint: 242047 ns, At safepoint: 45737 ns, Total: 287784 ns
[2023-07-14T23:24:13.625+0000][68][info ][safepoint   ] Safepoint "Cleanup", Time since last: 22991169883 ns, Reaching safepoint: 158498 ns, At safepoint: 50147 ns, Total: 208645 ns
[2023-07-14T23:24:14.689+0000][68][info ][safepoint   ] Safepoint "Cleanup", Time since last: 1063587301 ns, Reaching safepoint: 413786 ns, At safepoint: 9417 ns, Total: 423203 ns
[2023-07-14T23:24:16.693+0000][68][info ][safepoint   ] Safepoint "Cleanup", Time since last: 2002772174 ns, Reaching safepoint: 266822 ns, At safepoint: 5623 ns, Total: 272445 ns
[2023-07-14T23:24:24.061+0000][68][info ][safepoint   ] Safepoint "Cleanup", Time since last: 7368101127 ns, Reaching safepoint: 228915 ns, At safepoint: 14476 ns, Total: 243391 ns
[2023-07-14T23:24:31.473+0000][68][info ][safepoint   ] Safepoint "Cleanup", Time since last: 7411119435 ns, Reaching safepoint: 164175 ns, At safepoint: 27043 ns, Total: 191218 ns
[2023-07-14T23:24:52.585+0000][68][info ][safepoint   ] Safepoint "Cleanup", Time since last: 21110429273 ns, Reaching safepoint: 790511 ns, At safepoint: 66793 ns, Total: 857304 ns
[2023-07-14T23:25:08.333+0000][68][info ][safepoint   ] Safepoint "Cleanup", Time since last: 15748182275 ns, Reaching safepoint: 56804 ns, At safepoint: 3208 ns, Total: 60012 ns
[2023-07-14T23:25:14.016+0000][68][info ][safepoint   ] Safepoint "Cleanup", Time since last: 5682730993 ns, Reaching safepoint: 164786 ns, At safepoint: 6488 ns, Total: 171274 ns
[2023-07-14T23:25:20.231+0000][68][info ][safepoint   ] Safepoint "Cleanup", Time since last: 6214026805 ns, Reaching safepoint: 146939 ns, At safepoint: 10944 ns, Total: 157883 ns
[2023-07-14T23:25:22.385+0000][68][info ][safepoint   ] Safepoint "Cleanup", Time since last: 2153193385 ns, Reaching safepoint: 372008 ns, At safepoint: 8243 ns, Total: 380251 ns
[2023-07-14T23:25:33.929+0000][68][info ][safepoint   ] Safepoint "Cleanup", Time since last: 11543525278 ns, Reaching safepoint: 533529 ns, At safepoint: 11178 ns, Total: 544707 ns
[2023-07-14T23:25:49.973+0000][68][info ][safepoint   ] Safepoint "Cleanup", Time since last: 16042898116 ns, Reaching safepoint: 152129 ns, At safepoint: 27996 ns, Total: 180125 ns
[2023-07-14T23:25:51.007+0000][68][info ][safepoint   ] Safepoint "Cleanup", Time since last: 1033328465 ns, Reaching safepoint: 610715 ns, At safepoint: 16951 ns, Total: 627666 ns
[2023-07-14T23:25:56.205+0000][68][info ][safepoint   ] Safepoint "Cleanup", Time since last: 5198390082 ns, Reaching safepoint: 193646 ns, At safepoint: 46650 ns, Total: 240296 ns
[2023-07-14T23:26:01.396+0000][68][info ][safepoint   ] Safepoint "Cleanup", Time since last: 5190129190 ns, Reaching safepoint: 161240 ns, At safepoint: 39552 ns, Total: 200792 ns
[2023-07-14T23:26:02.688+0000][68][info ][safepoint   ] Safepoint "Cleanup", Time since last: 1290790545 ns, Reaching safepoint: 1009344 ns, At safepoint: 70589 ns, Total: 1079933 ns
[2023-07-14T23:26:33.953+0000][68][info ][safepoint   ] Safepoint "Cleanup", Time since last: 31264429309 ns, Reaching safepoint: 520989 ns, At safepoint: 11239 ns, Total: 532228 ns
[2023-07-14T23:26:35.959+0000][68][info ][safepoint   ] Safepoint "Cleanup", Time since last: 2004329464 ns, Reaching safepoint: 981845 ns, At safepoint: 16804 ns, Total: 998649 ns
[2023-07-14T23:26:49.258+0000][68][info ][safepoint   ] Safepoint "Cleanup", Time since last: 13298423181 ns, Reaching safepoint: 168908 ns, At safepoint: 30365 ns, Total: 199273 ns
[2023-07-14T23:27:20.289+0000][68][info ][safepoint   ] Safepoint "Cleanup", Time since last: 31030122079 ns, Reaching safepoint: 139149 ns, At safepoint: 10538 ns, Total: 149687 ns
