[2023-07-14T23:51:08.723+0000][67][info][gc,init] CardTable entry size: 512
[2023-07-14T23:51:08.724+0000][67][info][gc     ] Using G1
[2023-07-14T23:51:09.227+0000][67][info][gc,init] Version: 19.0.2+7-44 (release)
[2023-07-14T23:51:09.229+0000][67][info][gc,init] CPUs: 6 total, 6 available
[2023-07-14T23:51:09.231+0000][67][info][gc,init] Memory: 7859M
[2023-07-14T23:51:09.232+0000][67][info][gc,init] Large Page Support: Disabled
[2023-07-14T23:51:09.233+0000][67][info][gc,init] NUMA Support: Disabled
[2023-07-14T23:51:09.233+0000][67][info][gc,init] Compressed Oops: Enabled (Zero based)
[2023-07-14T23:51:09.234+0000][67][info][gc,init] Heap Region Size: 4M
[2023-07-14T23:51:09.235+0000][67][info][gc,init] Heap Min Capacity: 3932M
[2023-07-14T23:51:09.235+0000][67][info][gc,init] Heap Initial Capacity: 3932M
[2023-07-14T23:51:09.236+0000][67][info][gc,init] Heap Max Capacity: 3932M
[2023-07-14T23:51:09.237+0000][67][info][gc,init] Pre-touch: Enabled
[2023-07-14T23:51:09.238+0000][67][info][gc,init] Parallel Workers: 6
[2023-07-14T23:51:09.238+0000][67][info][gc,init] Concurrent Workers: 2
[2023-07-14T23:51:09.239+0000][67][info][gc,init] Concurrent Refinement Workers: 6
[2023-07-14T23:51:09.240+0000][67][info][gc,init] Periodic GC: Disabled
[2023-07-14T23:51:09.240+0000][67][info][gc,metaspace] CDS archive(s) mapped at: [0x0000000800000000-0x0000000800c4f000-0x0000000800c4f000), size 12906496, SharedBaseAddress: 0x0000000800000000, ArchiveRelocationMode: 0.
[2023-07-14T23:51:09.241+0000][67][info][gc,metaspace] Compressed class space mapped at: 0x0000000801000000-0x0000000841000000, reserved size: 1073741824
[2023-07-14T23:51:09.242+0000][67][info][gc,metaspace] Narrow klass base: 0x0000000800000000, Narrow klass shift: 0, Narrow klass range: 0x100000000
[2023-07-14T23:51:09.483+0000][67][info][safepoint   ] Safepoint "ICBufferFull", Time since last: 234979142 ns, Reaching safepoint: 321023 ns, At safepoint: 78830 ns, Total: 399853 ns
[2023-07-14T23:51:09.836+0000][67][info][safepoint   ] Safepoint "ICBufferFull", Time since last: 360331186 ns, Reaching safepoint: 201394 ns, At safepoint: 27866 ns, Total: 229260 ns
[2023-07-14T23:51:10.176+0000][67][info][safepoint   ] Safepoint "ICBufferFull", Time since last: 339920868 ns, Reaching safepoint: 202368 ns, At safepoint: 2843 ns, Total: 205211 ns
[2023-07-14T23:51:10.435+0000][67][info][safepoint   ] Safepoint "ICBufferFull", Time since last: 257941473 ns, Reaching safepoint: 223467 ns, At safepoint: 75513 ns, Total: 298980 ns
[2023-07-14T23:51:10.815+0000][67][info][safepoint   ] Safepoint "ICBufferFull", Time since last: 380089938 ns, Reaching safepoint: 319627 ns, At safepoint: 59836 ns, Total: 379463 ns
[2023-07-14T23:51:11.064+0000][67][info][gc,start    ] GC(0) Pause Young (Normal) (G1 Evacuation Pause)
[2023-07-14T23:51:11.065+0000][67][info][gc,task     ] GC(0) Using 6 workers of 6 for evacuation
[2023-07-14T23:51:11.066+0000][67][debug][gc,age      ] GC(0) Desired survivor size 14680064 bytes, new threshold 15 (max threshold 15)
[2023-07-14T23:51:11.075+0000][67][info ][gc,phases   ] GC(0)   Pre Evacuate Collection Set: 0.3ms
[2023-07-14T23:51:11.076+0000][67][info ][gc,phases   ] GC(0)   Merge Heap Roots: 0.9ms
[2023-07-14T23:51:11.076+0000][67][info ][gc,phases   ] GC(0)   Evacuate Collection Set: 4.7ms
[2023-07-14T23:51:11.077+0000][67][info ][gc,phases   ] GC(0)   Post Evacuate Collection Set: 1.6ms
[2023-07-14T23:51:11.078+0000][67][info ][gc,phases   ] GC(0)   Other: 1.8ms
[2023-07-14T23:51:11.078+0000][67][trace][gc,age      ] GC(0) Age table with threshold 15 (max threshold 15)
[2023-07-14T23:51:11.079+0000][67][trace][gc,age      ] GC(0) - age   1:   11201128 bytes,   11201128 total
[2023-07-14T23:51:11.080+0000][67][info ][gc,heap     ] GC(0) Eden regions: 49->0(46)
[2023-07-14T23:51:11.081+0000][67][info ][gc,heap     ] GC(0) Survivor regions: 0->3(7)
[2023-07-14T23:51:11.082+0000][67][info ][gc,heap     ] GC(0) Old regions: 0->0
[2023-07-14T23:51:11.082+0000][67][info ][gc,heap     ] GC(0) Archive regions: 2->2
[2023-07-14T23:51:11.083+0000][67][info ][gc,heap     ] GC(0) Humongous regions: 0->0
[2023-07-14T23:51:11.085+0000][67][info ][gc,metaspace] GC(0) Metaspace: 17796K(18304K)->17796K(18304K) NonClass: 15805K(16064K)->15805K(16064K) Class: 1991K(2240K)->1991K(2240K)
[2023-07-14T23:51:11.085+0000][67][info ][gc          ] GC(0) Pause Young (Normal) (G1 Evacuation Pause) 199M->14M(3932M) 20.938ms
[2023-07-14T23:51:11.086+0000][67][info ][gc,cpu      ] GC(0) User=0.02s Sys=0.00s Real=0.03s
[2023-07-14T23:51:11.087+0000][67][info ][safepoint   ] Safepoint "G1CollectForAllocation", Time since last: 248997474 ns, Reaching safepoint: 193322 ns, At safepoint: 22707270 ns, Total: 22900592 ns
[2023-07-14T23:51:11.303+0000][67][info ][gc,start    ] GC(1) Pause Young (Concurrent Start) (Metadata GC Threshold)
[2023-07-14T23:51:11.305+0000][67][info ][gc,task     ] GC(1) Using 6 workers of 6 for evacuation
[2023-07-14T23:51:11.306+0000][67][debug][gc,age      ] GC(1) Desired survivor size 14680064 bytes, new threshold 15 (max threshold 15)
[2023-07-14T23:51:11.311+0000][67][info ][gc,phases   ] GC(1)   Pre Evacuate Collection Set: 0.3ms
[2023-07-14T23:51:11.312+0000][67][info ][gc,phases   ] GC(1)   Merge Heap Roots: 0.1ms
[2023-07-14T23:51:11.313+0000][67][info ][gc,phases   ] GC(1)   Evacuate Collection Set: 3.2ms
[2023-07-14T23:51:11.314+0000][67][info ][gc,phases   ] GC(1)   Post Evacuate Collection Set: 0.9ms
[2023-07-14T23:51:11.315+0000][67][info ][gc,phases   ] GC(1)   Other: 2.1ms
[2023-07-14T23:51:11.315+0000][67][trace][gc,age      ] GC(1) Age table with threshold 15 (max threshold 15)
[2023-07-14T23:51:11.316+0000][67][trace][gc,age      ] GC(1) - age   1:    1091504 bytes,    1091504 total
[2023-07-14T23:51:11.316+0000][67][trace][gc,age      ] GC(1) - age   2:    9745280 bytes,   10836784 total
[2023-07-14T23:51:11.317+0000][67][info ][gc,heap     ] GC(1) Eden regions: 14->0(46)
[2023-07-14T23:51:11.318+0000][67][info ][gc,heap     ] GC(1) Survivor regions: 3->3(7)
[2023-07-14T23:51:11.318+0000][67][info ][gc,heap     ] GC(1) Old regions: 0->0
[2023-07-14T23:51:11.319+0000][67][info ][gc,heap     ] GC(1) Archive regions: 2->2
[2023-07-14T23:51:11.320+0000][67][info ][gc,heap     ] GC(1) Humongous regions: 0->0
[2023-07-14T23:51:11.321+0000][67][info ][gc,metaspace] GC(1) Metaspace: 21045K(21504K)->21045K(21504K) NonClass: 18730K(18944K)->18730K(18944K) Class: 2315K(2560K)->2315K(2560K)
[2023-07-14T23:51:11.321+0000][67][info ][gc          ] GC(1) Pause Young (Concurrent Start) (Metadata GC Threshold) 68M->14M(3932M) 17.699ms
[2023-07-14T23:51:11.322+0000][67][info ][gc,cpu      ] GC(1) User=0.02s Sys=0.00s Real=0.02s
[2023-07-14T23:51:11.322+0000][67][info ][gc          ] GC(2) Concurrent Mark Cycle
[2023-07-14T23:51:11.324+0000][67][info ][gc,marking  ] GC(2) Concurrent Clear Claimed Marks
[2023-07-14T23:51:11.323+0000][67][info ][safepoint   ] Safepoint "CollectForMetadataAllocation", Time since last: 216327224 ns, Reaching safepoint: 164254 ns, At safepoint: 19420547 ns, Total: 19584801 ns
[2023-07-14T23:51:11.324+0000][67][info ][gc,marking  ] GC(2) Concurrent Clear Claimed Marks 0.849ms
[2023-07-14T23:51:11.326+0000][67][info ][gc,marking  ] GC(2) Concurrent Scan Root Regions
[2023-07-14T23:51:11.329+0000][67][info ][gc,marking  ] GC(2) Concurrent Scan Root Regions 2.932ms
[2023-07-14T23:51:11.330+0000][67][info ][gc,marking  ] GC(2) Concurrent Mark
[2023-07-14T23:51:11.330+0000][67][info ][gc,marking  ] GC(2) Concurrent Mark From Roots
[2023-07-14T23:51:11.331+0000][67][info ][gc,task     ] GC(2) Using 2 workers of 2 for marking
[2023-07-14T23:51:11.332+0000][67][info ][gc,marking  ] GC(2) Concurrent Mark From Roots 2.002ms
[2023-07-14T23:51:11.333+0000][67][info ][gc,marking  ] GC(2) Concurrent Preclean
[2023-07-14T23:51:11.334+0000][67][info ][gc,marking  ] GC(2) Concurrent Preclean 0.700ms
[2023-07-14T23:51:11.335+0000][67][info ][gc,start    ] GC(2) Pause Remark
[2023-07-14T23:51:11.338+0000][67][info ][gc          ] GC(2) Pause Remark 17M->17M(3932M) 3.070ms
[2023-07-14T23:51:11.339+0000][67][info ][gc,cpu      ] GC(2) User=0.01s Sys=0.00s Real=0.01s
[2023-07-14T23:51:11.341+0000][67][info ][safepoint   ] Safepoint "G1PauseRemark", Time since last: 11737138 ns, Reaching safepoint: 574705 ns, At safepoint: 5422395 ns, Total: 5997100 ns
[2023-07-14T23:51:11.341+0000][67][info ][gc,marking  ] GC(2) Concurrent Mark 11.683ms
[2023-07-14T23:51:11.342+0000][67][info ][gc,marking  ] GC(2) Concurrent Rebuild Remembered Sets
[2023-07-14T23:51:11.343+0000][67][info ][gc,marking  ] GC(2) Concurrent Rebuild Remembered Sets 0.724ms
[2023-07-14T23:51:11.344+0000][67][info ][gc,start    ] GC(2) Pause Cleanup
[2023-07-14T23:51:11.344+0000][67][info ][gc          ] GC(2) Pause Cleanup 17M->17M(3932M) 0.659ms
[2023-07-14T23:51:11.345+0000][67][info ][gc,cpu      ] GC(2) User=0.00s Sys=0.00s Real=0.00s
[2023-07-14T23:51:11.346+0000][67][info ][safepoint   ] Safepoint "G1PauseCleanup", Time since last: 2686408 ns, Reaching safepoint: 316877 ns, At safepoint: 2230960 ns, Total: 2547837 ns
[2023-07-14T23:51:11.347+0000][67][info ][gc,marking  ] GC(2) Concurrent Cleanup for Next Mark
[2023-07-14T23:51:11.350+0000][67][info ][gc,marking  ] GC(2) Concurrent Cleanup for Next Mark 3.670ms
[2023-07-14T23:51:11.351+0000][67][info ][gc          ] GC(2) Concurrent Mark Cycle 29.244ms
[2023-07-14T23:51:11.687+0000][67][info ][safepoint   ] Safepoint "ICBufferFull", Time since last: 340957981 ns, Reaching safepoint: 201834 ns, At safepoint: 59061 ns, Total: 260895 ns
[2023-07-14T23:51:11.921+0000][67][info ][gc,start    ] GC(3) Pause Young (Normal) (G1 Evacuation Pause)
[2023-07-14T23:51:11.922+0000][67][info ][gc,task     ] GC(3) Using 6 workers of 6 for evacuation
[2023-07-14T23:51:11.923+0000][67][debug][gc,age      ] GC(3) Desired survivor size 14680064 bytes, new threshold 15 (max threshold 15)
[2023-07-14T23:51:11.937+0000][67][info ][gc,phases   ] GC(3)   Pre Evacuate Collection Set: 0.2ms
[2023-07-14T23:51:11.938+0000][67][info ][gc,phases   ] GC(3)   Merge Heap Roots: 0.0ms
[2023-07-14T23:51:11.939+0000][67][info ][gc,phases   ] GC(3)   Evacuate Collection Set: 11.2ms
[2023-07-14T23:51:11.939+0000][67][info ][gc,phases   ] GC(3)   Post Evacuate Collection Set: 1.4ms
[2023-07-14T23:51:11.940+0000][67][info ][gc,phases   ] GC(3)   Other: 2.0ms
[2023-07-14T23:51:11.941+0000][67][trace][gc,age      ] GC(3) Age table with threshold 15 (max threshold 15)
[2023-07-14T23:51:11.942+0000][67][trace][gc,age      ] GC(3) - age   1:    6737416 bytes,    6737416 total
[2023-07-14T23:51:11.942+0000][67][trace][gc,age      ] GC(3) - age   2:    1062760 bytes,    7800176 total
[2023-07-14T23:51:11.943+0000][67][trace][gc,age      ] GC(3) - age   3:    9737600 bytes,   17537776 total
[2023-07-14T23:51:11.944+0000][67][info ][gc,heap     ] GC(3) Eden regions: 46->0(81)
[2023-07-14T23:51:11.945+0000][67][info ][gc,heap     ] GC(3) Survivor regions: 3->5(7)
[2023-07-14T23:51:11.946+0000][67][info ][gc,heap     ] GC(3) Old regions: 0->0
[2023-07-14T23:51:11.947+0000][67][info ][gc,heap     ] GC(3) Archive regions: 2->2
[2023-07-14T23:51:11.947+0000][67][info ][gc,heap     ] GC(3) Humongous regions: 0->0
[2023-07-14T23:51:11.948+0000][67][info ][gc,metaspace] GC(3) Metaspace: 25468K(26048K)->25468K(26048K) NonClass: 22556K(22848K)->22556K(22848K) Class: 2912K(3200K)->2912K(3200K)
[2023-07-14T23:51:11.949+0000][67][info ][gc          ] GC(3) Pause Young (Normal) (G1 Evacuation Pause) 198M->21M(3932M) 28.280ms
[2023-07-14T23:51:11.950+0000][67][info ][gc,cpu      ] GC(3) User=0.05s Sys=0.01s Real=0.03s
[2023-07-14T23:51:11.951+0000][67][info ][safepoint   ] Safepoint "G1CollectForAllocation", Time since last: 233456400 ns, Reaching safepoint: 172114 ns, At safepoint: 29856693 ns, Total: 30028807 ns
[2023-07-14T23:51:12.261+0000][67][info ][safepoint   ] Safepoint "ICBufferFull", Time since last: 309972085 ns, Reaching safepoint: 339030 ns, At safepoint: 59304 ns, Total: 398334 ns
[2023-07-14T23:51:12.774+0000][67][info ][gc,start    ] GC(4) Pause Young (Normal) (G1 Evacuation Pause)
[2023-07-14T23:51:12.776+0000][67][info ][gc,task     ] GC(4) Using 6 workers of 6 for evacuation
[2023-07-14T23:51:12.777+0000][67][debug][gc,age      ] GC(4) Desired survivor size 23068672 bytes, new threshold 15 (max threshold 15)
[2023-07-14T23:51:12.797+0000][67][info ][gc,phases   ] GC(4)   Pre Evacuate Collection Set: 0.3ms
[2023-07-14T23:51:12.798+0000][67][info ][gc,phases   ] GC(4)   Merge Heap Roots: 0.2ms
[2023-07-14T23:51:12.799+0000][67][info ][gc,phases   ] GC(4)   Evacuate Collection Set: 13.3ms
[2023-07-14T23:51:12.800+0000][67][info ][gc,phases   ] GC(4)   Post Evacuate Collection Set: 4.5ms
[2023-07-14T23:51:12.801+0000][67][info ][gc,phases   ] GC(4)   Other: 2.9ms
[2023-07-14T23:51:12.802+0000][67][trace][gc,age      ] GC(4) Age table with threshold 15 (max threshold 15)
[2023-07-14T23:51:12.803+0000][67][trace][gc,age      ] GC(4) - age   1:    5714720 bytes,    5714720 total
[2023-07-14T23:51:12.803+0000][67][trace][gc,age      ] GC(4) - age   2:    5221960 bytes,   10936680 total
[2023-07-14T23:51:12.804+0000][67][trace][gc,age      ] GC(4) - age   3:    1062424 bytes,   11999104 total
[2023-07-14T23:51:12.805+0000][67][trace][gc,age      ] GC(4) - age   4:    9733424 bytes,   21732528 total
[2023-07-14T23:51:12.806+0000][67][info ][gc,heap     ] GC(4) Eden regions: 81->0(583)
[2023-07-14T23:51:12.807+0000][67][info ][gc,heap     ] GC(4) Survivor regions: 5->6(11)
[2023-07-14T23:51:12.809+0000][67][info ][gc,heap     ] GC(4) Old regions: 0->0
[2023-07-14T23:51:12.810+0000][67][info ][gc,heap     ] GC(4) Archive regions: 2->2
[2023-07-14T23:51:12.810+0000][67][info ][gc,heap     ] GC(4) Humongous regions: 0->0
[2023-07-14T23:51:12.811+0000][67][info ][gc,metaspace] GC(4) Metaspace: 31532K(32128K)->31532K(32128K) NonClass: 27954K(28288K)->27954K(28288K) Class: 3578K(3840K)->3578K(3840K)
[2023-07-14T23:51:12.812+0000][67][info ][gc          ] GC(4) Pause Young (Normal) (G1 Evacuation Pause) 345M->25M(3932M) 37.816ms
[2023-07-14T23:51:12.813+0000][67][info ][gc,cpu      ] GC(4) User=0.10s Sys=0.00s Real=0.04s
[2023-07-14T23:51:12.814+0000][67][info ][safepoint   ] Safepoint "G1CollectForAllocation", Time since last: 513150460 ns, Reaching safepoint: 321618 ns, At safepoint: 39415144 ns, Total: 39736762 ns
[2023-07-14T23:51:13.551+0000][67][info ][safepoint   ] Safepoint "ICBufferFull", Time since last: 736796896 ns, Reaching safepoint: 161709 ns, At safepoint: 2179 ns, Total: 163888 ns
[2023-07-14T23:51:13.917+0000][67][info ][gc,start    ] GC(5) Pause Young (Concurrent Start) (Metadata GC Threshold)
[2023-07-14T23:51:13.918+0000][67][info ][gc,task     ] GC(5) Using 6 workers of 6 for evacuation
[2023-07-14T23:51:13.918+0000][67][debug][gc,age      ] GC(5) Desired survivor size 155189248 bytes, new threshold 15 (max threshold 15)
[2023-07-14T23:51:13.930+0000][67][info ][gc,phases   ] GC(5)   Pre Evacuate Collection Set: 0.4ms
[2023-07-14T23:51:13.931+0000][67][info ][gc,phases   ] GC(5)   Merge Heap Roots: 0.2ms
[2023-07-14T23:51:13.933+0000][67][info ][gc,phases   ] GC(5)   Evacuate Collection Set: 8.3ms
[2023-07-14T23:51:13.933+0000][67][info ][gc,phases   ] GC(5)   Post Evacuate Collection Set: 2.1ms
[2023-07-14T23:51:13.934+0000][67][info ][gc,phases   ] GC(5)   Other: 1.8ms
[2023-07-14T23:51:13.935+0000][67][trace][gc,age      ] GC(5) Age table with threshold 15 (max threshold 15)
[2023-07-14T23:51:13.936+0000][67][trace][gc,age      ] GC(5) - age   1:    9071848 bytes,    9071848 total
[2023-07-14T23:51:13.937+0000][67][trace][gc,age      ] GC(5) - age   2:    5370864 bytes,   14442712 total
[2023-07-14T23:51:13.938+0000][67][trace][gc,age      ] GC(5) - age   3:    5206128 bytes,   19648840 total
[2023-07-14T23:51:13.938+0000][67][trace][gc,age      ] GC(5) - age   4:    1059000 bytes,   20707840 total
[2023-07-14T23:51:13.939+0000][67][trace][gc,age      ] GC(5) - age   5:    9579560 bytes,   30287400 total
[2023-07-14T23:51:13.940+0000][67][info ][gc,heap     ] GC(5) Eden regions: 144->0(401)
[2023-07-14T23:51:13.941+0000][67][info ][gc,heap     ] GC(5) Survivor regions: 6->8(74)
[2023-07-14T23:51:13.941+0000][67][info ][gc,heap     ] GC(5) Old regions: 0->0
[2023-07-14T23:51:13.942+0000][67][info ][gc,heap     ] GC(5) Archive regions: 2->2
[2023-07-14T23:51:13.944+0000][67][info ][gc,heap     ] GC(5) Humongous regions: 0->0
[2023-07-14T23:51:13.945+0000][67][info ][gc,metaspace] GC(5) Metaspace: 35606K(36416K)->35606K(36416K) NonClass: 31520K(32000K)->31520K(32000K) Class: 4086K(4416K)->4086K(4416K)
[2023-07-14T23:51:13.945+0000][67][info ][gc          ] GC(5) Pause Young (Concurrent Start) (Metadata GC Threshold) 599M->34M(3932M) 28.745ms
[2023-07-14T23:51:13.946+0000][67][info ][gc,cpu      ] GC(5) User=0.05s Sys=0.01s Real=0.03s
[2023-07-14T23:51:13.946+0000][67][info ][gc          ] GC(6) Concurrent Mark Cycle
[2023-07-14T23:51:13.948+0000][67][info ][gc,marking  ] GC(6) Concurrent Clear Claimed Marks
[2023-07-14T23:51:13.947+0000][67][info ][safepoint   ] Safepoint "CollectForMetadataAllocation", Time since last: 365572134 ns, Reaching safepoint: 189657 ns, At safepoint: 30560361 ns, Total: 30750018 ns
[2023-07-14T23:51:13.948+0000][67][info ][gc,marking  ] GC(6) Concurrent Clear Claimed Marks 0.743ms
[2023-07-14T23:51:13.950+0000][67][info ][gc,marking  ] GC(6) Concurrent Scan Root Regions
[2023-07-14T23:51:13.955+0000][67][info ][gc,marking  ] GC(6) Concurrent Scan Root Regions 4.856ms
[2023-07-14T23:51:13.955+0000][67][info ][gc,marking  ] GC(6) Concurrent Mark
[2023-07-14T23:51:13.956+0000][67][info ][gc,marking  ] GC(6) Concurrent Mark From Roots
[2023-07-14T23:51:13.957+0000][67][info ][gc,task     ] GC(6) Using 2 workers of 2 for marking
[2023-07-14T23:51:13.958+0000][67][info ][gc,marking  ] GC(6) Concurrent Mark From Roots 2.253ms
[2023-07-14T23:51:13.959+0000][67][info ][gc,marking  ] GC(6) Concurrent Preclean
[2023-07-14T23:51:13.960+0000][67][info ][gc,marking  ] GC(6) Concurrent Preclean 0.900ms
[2023-07-14T23:51:13.961+0000][67][info ][gc,start    ] GC(6) Pause Remark
[2023-07-14T23:51:13.966+0000][67][info ][gc          ] GC(6) Pause Remark 38M->38M(3932M) 5.274ms
[2023-07-14T23:51:13.967+0000][67][info ][gc,cpu      ] GC(6) User=0.02s Sys=0.00s Real=0.01s
[2023-07-14T23:51:13.968+0000][67][info ][safepoint   ] Safepoint "G1PauseRemark", Time since last: 13761984 ns, Reaching safepoint: 293532 ns, At safepoint: 6918381 ns, Total: 7211913 ns
[2023-07-14T23:51:13.969+0000][67][info ][gc,marking  ] GC(6) Concurrent Mark 13.454ms
[2023-07-14T23:51:13.970+0000][67][info ][gc,marking  ] GC(6) Concurrent Rebuild Remembered Sets
[2023-07-14T23:51:13.970+0000][67][info ][gc,marking  ] GC(6) Concurrent Rebuild Remembered Sets 0.678ms
[2023-07-14T23:51:13.971+0000][67][info ][gc,start    ] GC(6) Pause Cleanup
[2023-07-14T23:51:13.972+0000][67][info ][gc          ] GC(6) Pause Cleanup 38M->38M(3932M) 0.706ms
[2023-07-14T23:51:13.972+0000][67][info ][gc,cpu      ] GC(6) User=0.00s Sys=0.01s Real=0.00s
[2023-07-14T23:51:13.973+0000][67][info ][safepoint   ] Safepoint "G1PauseCleanup", Time since last: 2842624 ns, Reaching safepoint: 228477 ns, At safepoint: 2173770 ns, Total: 2402247 ns
[2023-07-14T23:51:13.974+0000][67][info ][gc,marking  ] GC(6) Concurrent Cleanup for Next Mark
[2023-07-14T23:51:13.979+0000][67][info ][gc,marking  ] GC(6) Concurrent Cleanup for Next Mark 4.947ms
[2023-07-14T23:51:13.980+0000][67][info ][gc          ] GC(6) Concurrent Mark Cycle 34.281ms
[2023-07-14T23:51:14.567+0000][67][info ][safepoint   ] Safepoint "ICBufferFull", Time since last: 592898190 ns, Reaching safepoint: 412693 ns, At safepoint: 74067 ns, Total: 486760 ns
[2023-07-14T23:51:14.941+0000][67][info ][safepoint   ] Safepoint "ICBufferFull", Time since last: 373679641 ns, Reaching safepoint: 433621 ns, At safepoint: 3754 ns, Total: 437375 ns
[2023-07-14T23:51:16.143+0000][67][info ][safepoint   ] Safepoint "Cleanup", Time since last: 1201772537 ns, Reaching safepoint: 281977 ns, At safepoint: 151660 ns, Total: 433637 ns
[2023-07-14T23:51:17.145+0000][67][info ][safepoint   ] Safepoint "Cleanup", Time since last: 1001539185 ns, Reaching safepoint: 194234 ns, At safepoint: 3393 ns, Total: 197627 ns
[2023-07-14T23:51:17.406+0000][67][info ][safepoint   ] Safepoint "ICBufferFull", Time since last: 260619858 ns, Reaching safepoint: 358567 ns, At safepoint: 98728 ns, Total: 457295 ns
[2023-07-14T23:51:18.252+0000][67][info ][gc,start    ] GC(7) Pause Young (Concurrent Start) (Metadata GC Threshold)
[2023-07-14T23:51:18.254+0000][67][info ][gc,task     ] GC(7) Using 6 workers of 6 for evacuation
[2023-07-14T23:51:18.255+0000][67][debug][gc,age      ] GC(7) Desired survivor size 109051904 bytes, new threshold 15 (max threshold 15)
[2023-07-14T23:51:18.313+0000][67][info ][gc,phases   ] GC(7)   Pre Evacuate Collection Set: 0.8ms
[2023-07-14T23:51:18.315+0000][67][info ][gc,phases   ] GC(7)   Merge Heap Roots: 0.4ms
[2023-07-14T23:51:18.316+0000][67][info ][gc,phases   ] GC(7)   Evacuate Collection Set: 51.3ms
[2023-07-14T23:51:18.317+0000][67][info ][gc,phases   ] GC(7)   Post Evacuate Collection Set: 3.9ms
[2023-07-14T23:51:18.318+0000][67][info ][gc,phases   ] GC(7)   Other: 3.3ms
[2023-07-14T23:51:18.319+0000][67][trace][gc,age      ] GC(7) Age table with threshold 15 (max threshold 15)
[2023-07-14T23:51:18.321+0000][67][trace][gc,age      ] GC(7) - age   1:   25077464 bytes,   25077464 total
[2023-07-14T23:51:18.321+0000][67][trace][gc,age      ] GC(7) - age   2:    8795896 bytes,   33873360 total
[2023-07-14T23:51:18.322+0000][67][trace][gc,age      ] GC(7) - age   3:    5355880 bytes,   39229240 total
[2023-07-14T23:51:18.323+0000][67][trace][gc,age      ] GC(7) - age   4:    5176368 bytes,   44405608 total
[2023-07-14T23:51:18.324+0000][67][trace][gc,age      ] GC(7) - age   5:    1054568 bytes,   45460176 total
[2023-07-14T23:51:18.325+0000][67][trace][gc,age      ] GC(7) - age   6:    9509864 bytes,   54970040 total
[2023-07-14T23:51:18.326+0000][67][info ][gc,heap     ] GC(7) Eden regions: 114->0(109)
[2023-07-14T23:51:18.327+0000][67][info ][gc,heap     ] GC(7) Survivor regions: 8->14(52)
[2023-07-14T23:51:18.328+0000][67][info ][gc,heap     ] GC(7) Old regions: 0->0
[2023-07-14T23:51:18.329+0000][67][info ][gc,heap     ] GC(7) Archive regions: 2->2
[2023-07-14T23:51:18.330+0000][67][info ][gc,heap     ] GC(7) Humongous regions: 0->0
[2023-07-14T23:51:18.331+0000][67][info ][gc,metaspace] GC(7) Metaspace: 59703K(61120K)->59703K(61120K) NonClass: 52287K(53120K)->52287K(53120K) Class: 7416K(8000K)->7416K(8000K)
[2023-07-14T23:51:18.331+0000][67][info ][gc          ] GC(7) Pause Young (Concurrent Start) (Metadata GC Threshold) 488M->59M(3932M) 79.791ms
[2023-07-14T23:51:18.332+0000][67][info ][gc,cpu      ] GC(7) User=0.28s Sys=0.00s Real=0.08s
[2023-07-14T23:51:18.332+0000][67][info ][gc          ] GC(8) Concurrent Mark Cycle
[2023-07-14T23:51:18.333+0000][67][info ][gc,marking  ] GC(8) Concurrent Clear Claimed Marks
[2023-07-14T23:51:18.333+0000][67][info ][safepoint   ] Safepoint "CollectForMetadataAllocation", Time since last: 845419986 ns, Reaching safepoint: 261422 ns, At safepoint: 81366193 ns, Total: 81627615 ns
[2023-07-14T23:51:18.334+0000][67][info ][gc,marking  ] GC(8) Concurrent Clear Claimed Marks 0.757ms
[2023-07-14T23:51:18.336+0000][67][info ][gc,marking  ] GC(8) Concurrent Scan Root Regions
[2023-07-14T23:51:18.355+0000][67][info ][safepoint   ] Safepoint "CollectForMetadataAllocation", Time since last: 21894935 ns, Reaching safepoint: 263959 ns, At safepoint: 46533 ns, Total: 310492 ns
[2023-07-14T23:51:18.358+0000][67][info ][gc,marking  ] GC(8) Concurrent Scan Root Regions 21.863ms
[2023-07-14T23:51:18.359+0000][67][info ][gc,marking  ] GC(8) Concurrent Mark
[2023-07-14T23:51:18.359+0000][67][info ][gc,marking  ] GC(8) Concurrent Mark From Roots
[2023-07-14T23:51:18.360+0000][67][info ][gc,task     ] GC(8) Using 2 workers of 2 for marking
[2023-07-14T23:51:18.362+0000][67][info ][gc,marking  ] GC(8) Concurrent Mark From Roots 2.499ms
[2023-07-14T23:51:18.363+0000][67][info ][gc,marking  ] GC(8) Concurrent Preclean
[2023-07-14T23:51:18.363+0000][67][info ][gc,marking  ] GC(8) Concurrent Preclean 0.547ms
[2023-07-14T23:51:18.364+0000][67][info ][gc,start    ] GC(8) Pause Remark
[2023-07-14T23:51:18.368+0000][67][info ][gc          ] GC(8) Pause Remark 65M->65M(3932M) 3.848ms
[2023-07-14T23:51:18.369+0000][67][info ][gc,cpu      ] GC(8) User=0.01s Sys=0.00s Real=0.01s
[2023-07-14T23:51:18.371+0000][67][info ][safepoint   ] Safepoint "G1PauseRemark", Time since last: 8935580 ns, Reaching safepoint: 214034 ns, At safepoint: 6420356 ns, Total: 6634390 ns
[2023-07-14T23:51:18.371+0000][67][info ][gc,marking  ] GC(8) Concurrent Mark 12.574ms
[2023-07-14T23:51:18.372+0000][67][info ][gc,marking  ] GC(8) Concurrent Rebuild Remembered Sets
[2023-07-14T23:51:18.373+0000][67][info ][gc,marking  ] GC(8) Concurrent Rebuild Remembered Sets 0.559ms
[2023-07-14T23:51:18.373+0000][67][info ][gc,start    ] GC(8) Pause Cleanup
[2023-07-14T23:51:18.374+0000][67][info ][gc          ] GC(8) Pause Cleanup 65M->65M(3932M) 0.789ms
[2023-07-14T23:51:18.375+0000][67][info ][gc,cpu      ] GC(8) User=0.00s Sys=0.00s Real=0.00s
[2023-07-14T23:51:18.376+0000][67][info ][safepoint   ] Safepoint "G1PauseCleanup", Time since last: 2712517 ns, Reaching safepoint: 84351 ns, At safepoint: 2657929 ns, Total: 2742280 ns
[2023-07-14T23:51:18.377+0000][67][info ][gc,marking  ] GC(8) Concurrent Cleanup for Next Mark
[2023-07-14T23:51:18.381+0000][67][info ][gc,marking  ] GC(8) Concurrent Cleanup for Next Mark 4.234ms
[2023-07-14T23:51:18.382+0000][67][info ][gc          ] GC(8) Concurrent Mark Cycle 50.228ms
[2023-07-14T23:51:19.378+0000][67][info ][safepoint   ] Safepoint "Cleanup", Time since last: 1001114761 ns, Reaching safepoint: 593964 ns, At safepoint: 71948 ns, Total: 665912 ns
[2023-07-14T23:51:20.831+0000][67][info ][safepoint   ] Safepoint "ICBufferFull", Time since last: 1452198681 ns, Reaching safepoint: 890313 ns, At safepoint: 4719 ns, Total: 895032 ns
[2023-07-14T23:51:21.235+0000][67][info ][safepoint   ] Safepoint "ICBufferFull", Time since last: 403532544 ns, Reaching safepoint: 287702 ns, At safepoint: 4344 ns, Total: 292046 ns
[2023-07-14T23:51:21.460+0000][67][info ][gc,start    ] GC(9) Pause Young (Normal) (G1 Evacuation Pause)
[2023-07-14T23:51:21.461+0000][67][info ][gc,task     ] GC(9) Using 6 workers of 6 for evacuation
[2023-07-14T23:51:21.463+0000][67][debug][gc,age      ] GC(9) Desired survivor size 33554432 bytes, new threshold 2 (max threshold 15)
[2023-07-14T23:51:21.488+0000][67][info ][gc,phases   ] GC(9)   Pre Evacuate Collection Set: 0.3ms
[2023-07-14T23:51:21.490+0000][67][info ][gc,phases   ] GC(9)   Merge Heap Roots: 0.3ms
[2023-07-14T23:51:21.491+0000][67][info ][gc,phases   ] GC(9)   Evacuate Collection Set: 21.2ms
[2023-07-14T23:51:21.491+0000][67][info ][gc,phases   ] GC(9)   Post Evacuate Collection Set: 3.4ms
[2023-07-14T23:51:21.492+0000][67][info ][gc,phases   ] GC(9)   Other: 2.0ms
[2023-07-14T23:51:21.494+0000][67][trace][gc,age      ] GC(9) Age table with threshold 2 (max threshold 15)
[2023-07-14T23:51:21.495+0000][67][trace][gc,age      ] GC(9) - age   1:   14528288 bytes,   14528288 total
[2023-07-14T23:51:21.496+0000][67][trace][gc,age      ] GC(9) - age   2:   24645104 bytes,   39173392 total
[2023-07-14T23:51:21.497+0000][67][info ][gc,heap     ] GC(9) Eden regions: 109->0(205)
[2023-07-14T23:51:21.498+0000][67][info ][gc,heap     ] GC(9) Survivor regions: 14->10(16)
[2023-07-14T23:51:21.499+0000][67][info ][gc,heap     ] GC(9) Old regions: 0->8
[2023-07-14T23:51:21.499+0000][67][info ][gc,heap     ] GC(9) Archive regions: 2->2
[2023-07-14T23:51:21.500+0000][67][info ][gc,heap     ] GC(9) Humongous regions: 0->0
[2023-07-14T23:51:21.501+0000][67][info ][gc,metaspace] GC(9) Metaspace: 97030K(99072K)->97030K(99072K) NonClass: 84480K(85568K)->84480K(85568K) Class: 12549K(13504K)->12549K(13504K)
[2023-07-14T23:51:21.502+0000][67][info ][gc          ] GC(9) Pause Young (Normal) (G1 Evacuation Pause) 495M->72M(3932M) 42.322ms
[2023-07-14T23:51:21.503+0000][67][info ][gc,cpu      ] GC(9) User=0.13s Sys=0.01s Real=0.04s
[2023-07-14T23:51:21.504+0000][67][info ][safepoint   ] Safepoint "G1CollectForAllocation", Time since last: 224859347 ns, Reaching safepoint: 167968 ns, At safepoint: 44206819 ns, Total: 44374787 ns
[2023-07-14T23:51:21.705+0000][67][info ][gc,start    ] GC(10) Pause Young (Concurrent Start) (Metadata GC Threshold)
[2023-07-14T23:51:21.706+0000][67][info ][gc,task     ] GC(10) Using 6 workers of 6 for evacuation
[2023-07-14T23:51:21.709+0000][67][debug][gc,age      ] GC(10) Desired survivor size 56623104 bytes, new threshold 15 (max threshold 15)
[2023-07-14T23:51:21.732+0000][67][info ][gc,phases   ] GC(10)   Pre Evacuate Collection Set: 0.7ms
[2023-07-14T23:51:21.733+0000][67][info ][gc,phases   ] GC(10)   Merge Heap Roots: 0.2ms
[2023-07-14T23:51:21.734+0000][67][info ][gc,phases   ] GC(10)   Evacuate Collection Set: 18.3ms
[2023-07-14T23:51:21.735+0000][67][info ][gc,phases   ] GC(10)   Post Evacuate Collection Set: 2.9ms
[2023-07-14T23:51:21.736+0000][67][info ][gc,phases   ] GC(10)   Other: 3.3ms
[2023-07-14T23:51:21.737+0000][67][trace][gc,age      ] GC(10) Age table with threshold 15 (max threshold 15)
[2023-07-14T23:51:21.738+0000][67][trace][gc,age      ] GC(10) - age   1:    2000560 bytes,    2000560 total
[2023-07-14T23:51:21.739+0000][67][trace][gc,age      ] GC(10) - age   2:   14140392 bytes,   16140952 total
[2023-07-14T23:51:21.740+0000][67][trace][gc,age      ] GC(10) - age   3:   24539648 bytes,   40680600 total
[2023-07-14T23:51:21.741+0000][67][info ][gc,heap     ] GC(10) Eden regions: 8->0(159)
[2023-07-14T23:51:21.742+0000][67][info ][gc,heap     ] GC(10) Survivor regions: 10->11(27)
[2023-07-14T23:51:21.743+0000][67][info ][gc,heap     ] GC(10) Old regions: 8->8
[2023-07-14T23:51:21.743+0000][67][info ][gc,heap     ] GC(10) Archive regions: 2->2
[2023-07-14T23:51:21.744+0000][67][info ][gc,heap     ] GC(10) Humongous regions: 0->0
[2023-07-14T23:51:21.745+0000][67][info ][gc,metaspace] GC(10) Metaspace: 100253K(102848K)->100253K(102848K) NonClass: 87134K(88512K)->87134K(88512K) Class: 13118K(14336K)->13118K(14336K)
[2023-07-14T23:51:21.745+0000][67][info ][gc          ] GC(10) Pause Young (Concurrent Start) (Metadata GC Threshold) 104M->75M(3932M) 40.290ms
[2023-07-14T23:51:21.746+0000][67][info ][gc,cpu      ] GC(10) User=0.10s Sys=0.00s Real=0.05s
[2023-07-14T23:51:21.746+0000][67][info ][gc          ] GC(11) Concurrent Mark Cycle
[2023-07-14T23:51:21.748+0000][67][info ][gc,marking  ] GC(11) Concurrent Clear Claimed Marks
[2023-07-14T23:51:21.747+0000][67][info ][safepoint   ] Safepoint "CollectForMetadataAllocation", Time since last: 200755608 ns, Reaching safepoint: 242658 ns, At safepoint: 42468766 ns, Total: 42711424 ns
[2023-07-14T23:51:21.749+0000][67][info ][gc,marking  ] GC(11) Concurrent Clear Claimed Marks 0.782ms
[2023-07-14T23:51:21.750+0000][67][info ][gc,marking  ] GC(11) Concurrent Scan Root Regions
[2023-07-14T23:51:21.765+0000][67][info ][gc,marking  ] GC(11) Concurrent Scan Root Regions 14.806ms
[2023-07-14T23:51:21.766+0000][67][info ][gc,marking  ] GC(11) Concurrent Mark
[2023-07-14T23:51:21.767+0000][67][info ][gc,marking  ] GC(11) Concurrent Mark From Roots
[2023-07-14T23:51:21.767+0000][67][info ][gc,task     ] GC(11) Using 2 workers of 2 for marking
[2023-07-14T23:51:21.772+0000][67][info ][safepoint   ] Safepoint "CollectForMetadataAllocation", Time since last: 24299413 ns, Reaching safepoint: 279671 ns, At safepoint: 119937 ns, Total: 399608 ns
[2023-07-14T23:51:21.781+0000][67][info ][gc,marking  ] GC(11) Concurrent Mark From Roots 14.113ms
[2023-07-14T23:51:21.782+0000][67][info ][gc,marking  ] GC(11) Concurrent Preclean
[2023-07-14T23:51:21.783+0000][67][info ][gc,marking  ] GC(11) Concurrent Preclean 0.823ms
[2023-07-14T23:51:21.784+0000][67][info ][gc,start    ] GC(11) Pause Remark
[2023-07-14T23:51:21.793+0000][67][info ][gc          ] GC(11) Pause Remark 83M->83M(3932M) 9.419ms
[2023-07-14T23:51:21.795+0000][67][info ][gc,cpu      ] GC(11) User=0.03s Sys=0.01s Real=0.01s
[2023-07-14T23:51:21.796+0000][67][info ][safepoint   ] Safepoint "G1PauseRemark", Time since last: 11465601 ns, Reaching safepoint: 381879 ns, At safepoint: 11840531 ns, Total: 12222410 ns
[2023-07-14T23:51:21.797+0000][67][info ][gc,marking  ] GC(11) Concurrent Mark 30.717ms
[2023-07-14T23:51:21.798+0000][67][info ][gc,marking  ] GC(11) Concurrent Rebuild Remembered Sets
[2023-07-14T23:51:21.808+0000][67][info ][gc,marking  ] GC(11) Concurrent Rebuild Remembered Sets 9.957ms
[2023-07-14T23:51:21.813+0000][67][info ][gc,start    ] GC(11) Pause Cleanup
[2023-07-14T23:51:21.815+0000][67][info ][gc          ] GC(11) Pause Cleanup 83M->83M(3932M) 1.508ms
[2023-07-14T23:51:21.816+0000][67][info ][gc,cpu      ] GC(11) User=0.00s Sys=0.00s Real=0.01s
[2023-07-14T23:51:21.817+0000][67][info ][safepoint   ] Safepoint "G1PauseCleanup", Time since last: 15094185 ns, Reaching safepoint: 2483402 ns, At safepoint: 3729087 ns, Total: 6212489 ns
[2023-07-14T23:51:21.818+0000][67][info ][gc,marking  ] GC(11) Concurrent Cleanup for Next Mark
[2023-07-14T23:51:21.823+0000][67][info ][gc,marking  ] GC(11) Concurrent Cleanup for Next Mark 4.651ms
[2023-07-14T23:51:21.824+0000][67][info ][gc          ] GC(11) Concurrent Mark Cycle 77.883ms
[2023-07-14T23:51:22.501+0000][67][info ][safepoint   ] Safepoint "ICBufferFull", Time since last: 682914440 ns, Reaching safepoint: 457411 ns, At safepoint: 36009 ns, Total: 493420 ns
[2023-07-14T23:51:22.673+0000][67][info ][safepoint   ] Safepoint "ICBufferFull", Time since last: 171868634 ns, Reaching safepoint: 197510 ns, At safepoint: 64754 ns, Total: 262264 ns
[2023-07-14T23:51:23.058+0000][67][info ][safepoint   ] Safepoint "ICBufferFull", Time since last: 384572115 ns, Reaching safepoint: 380175 ns, At safepoint: 63685 ns, Total: 443860 ns
[2023-07-14T23:51:23.060+0000][67][info ][safepoint   ] Safepoint "ICBufferFull", Time since last: 2152106 ns, Reaching safepoint: 352109 ns, At safepoint: 8554 ns, Total: 360663 ns
[2023-07-14T23:51:23.063+0000][67][info ][safepoint   ] Safepoint "ICBufferFull", Time since last: 1927033 ns, Reaching safepoint: 1106121 ns, At safepoint: 121483 ns, Total: 1227604 ns
[2023-07-14T23:51:23.066+0000][67][info ][safepoint   ] Safepoint "ICBufferFull", Time since last: 2148623 ns, Reaching safepoint: 419726 ns, At safepoint: 98327 ns, Total: 518053 ns
[2023-07-14T23:51:23.069+0000][67][info ][safepoint   ] Safepoint "ICBufferFull", Time since last: 2080378 ns, Reaching safepoint: 355948 ns, At safepoint: 36092 ns, Total: 392040 ns
[2023-07-14T23:51:23.929+0000][67][info ][safepoint   ] Safepoint "ICBufferFull", Time since last: 860447183 ns, Reaching safepoint: 344868 ns, At safepoint: 44261 ns, Total: 389129 ns
[2023-07-14T23:51:24.854+0000][67][info ][safepoint   ] Safepoint "ICBufferFull", Time since last: 924775329 ns, Reaching safepoint: 246083 ns, At safepoint: 10459 ns, Total: 256542 ns
[2023-07-14T23:51:25.283+0000][67][info ][safepoint   ] Safepoint "ICBufferFull", Time since last: 428424098 ns, Reaching safepoint: 222680 ns, At safepoint: 70054 ns, Total: 292734 ns
[2023-07-14T23:51:26.286+0000][67][info ][safepoint   ] Safepoint "Cleanup", Time since last: 1002576746 ns, Reaching safepoint: 221596 ns, At safepoint: 31914 ns, Total: 253510 ns
[2023-07-14T23:51:27.287+0000][67][info ][safepoint   ] Safepoint "Cleanup", Time since last: 1001319315 ns, Reaching safepoint: 179974 ns, At safepoint: 22905 ns, Total: 202879 ns
[2023-07-14T23:51:28.659+0000][67][info ][safepoint   ] Safepoint "Cleanup", Time since last: 1370581990 ns, Reaching safepoint: 495954 ns, At safepoint: 12327 ns, Total: 508281 ns
[2023-07-14T23:51:29.661+0000][67][info ][safepoint   ] Safepoint "Cleanup", Time since last: 1002616144 ns, Reaching safepoint: 254338 ns, At safepoint: 9814 ns, Total: 264152 ns
[2023-07-14T23:51:30.664+0000][67][info ][safepoint   ] Safepoint "Cleanup", Time since last: 1001948902 ns, Reaching safepoint: 467147 ns, At safepoint: 13049 ns, Total: 480196 ns
[2023-07-14T23:51:32.667+0000][67][info ][safepoint   ] Safepoint "Cleanup", Time since last: 2003144743 ns, Reaching safepoint: 211219 ns, At safepoint: 3380 ns, Total: 214599 ns
[2023-07-14T23:51:34.669+0000][67][info ][safepoint   ] Safepoint "Cleanup", Time since last: 2001563531 ns, Reaching safepoint: 646351 ns, At safepoint: 17821 ns, Total: 664172 ns
[2023-07-14T23:51:35.672+0000][67][info ][safepoint   ] Safepoint "Cleanup", Time since last: 1002524041 ns, Reaching safepoint: 279675 ns, At safepoint: 11278 ns, Total: 290953 ns
[2023-07-14T23:51:39.677+0000][67][info ][safepoint   ] Safepoint "Cleanup", Time since last: 4004434638 ns, Reaching safepoint: 573915 ns, At safepoint: 6537 ns, Total: 580452 ns
[2023-07-14T23:51:40.681+0000][67][info ][safepoint   ] Safepoint "Cleanup", Time since last: 1002442683 ns, Reaching safepoint: 311228 ns, At safepoint: 4279 ns, Total: 315507 ns
[2023-07-14T23:51:44.684+0000][67][info ][safepoint   ] Safepoint "Cleanup", Time since last: 4002758742 ns, Reaching safepoint: 344316 ns, At safepoint: 6008 ns, Total: 350324 ns
[2023-07-14T23:51:49.687+0000][67][info ][safepoint   ] Safepoint "Cleanup", Time since last: 5002904229 ns, Reaching safepoint: 283783 ns, At safepoint: 4410 ns, Total: 288193 ns
[2023-07-14T23:51:53.691+0000][67][info ][safepoint   ] Safepoint "Cleanup", Time since last: 4003453650 ns, Reaching safepoint: 679770 ns, At safepoint: 18037 ns, Total: 697807 ns
[2023-07-14T23:51:54.695+0000][67][info ][safepoint   ] Safepoint "Cleanup", Time since last: 1002875458 ns, Reaching safepoint: 334149 ns, At safepoint: 5599 ns, Total: 339748 ns
[2023-07-14T23:51:55.697+0000][67][info ][safepoint   ] Safepoint "Cleanup", Time since last: 1002332912 ns, Reaching safepoint: 282821 ns, At safepoint: 3938 ns, Total: 286759 ns
[2023-07-14T23:51:57.700+0000][67][info ][safepoint   ] Safepoint "Cleanup", Time since last: 2002599349 ns, Reaching safepoint: 567988 ns, At safepoint: 18839 ns, Total: 586827 ns
[2023-07-14T23:51:59.705+0000][67][info ][safepoint   ] Safepoint "Cleanup", Time since last: 2003872503 ns, Reaching safepoint: 296081 ns, At safepoint: 5669 ns, Total: 301750 ns
[2023-07-14T23:52:01.708+0000][67][info ][safepoint   ] Safepoint "Cleanup", Time since last: 2003050388 ns, Reaching safepoint: 576224 ns, At safepoint: 8591 ns, Total: 584815 ns
[2023-07-14T23:52:07.716+0000][67][info ][safepoint   ] Safepoint "Cleanup", Time since last: 6006751433 ns, Reaching safepoint: 555093 ns, At safepoint: 10238 ns, Total: 565331 ns
[2023-07-14T23:52:09.720+0000][67][info ][safepoint   ] Safepoint "Cleanup", Time since last: 2003739216 ns, Reaching safepoint: 453904 ns, At safepoint: 9208 ns, Total: 463112 ns
[2023-07-14T23:52:10.724+0000][67][info ][safepoint   ] Safepoint "Cleanup", Time since last: 1002846763 ns, Reaching safepoint: 354014 ns, At safepoint: 6451 ns, Total: 360465 ns
[2023-07-14T23:52:16.729+0000][67][info ][safepoint   ] Safepoint "Cleanup", Time since last: 6004859705 ns, Reaching safepoint: 512421 ns, At safepoint: 22394 ns, Total: 534815 ns
[2023-07-14T23:52:22.735+0000][67][info ][safepoint   ] Safepoint "Cleanup", Time since last: 6005093311 ns, Reaching safepoint: 328061 ns, At safepoint: 9075 ns, Total: 337136 ns
[2023-07-14T23:52:23.737+0000][67][info ][safepoint   ] Safepoint "Cleanup", Time since last: 1001922853 ns, Reaching safepoint: 321077 ns, At safepoint: 8230 ns, Total: 329307 ns
[2023-07-14T23:52:24.738+0000][67][info ][safepoint   ] Safepoint "Cleanup", Time since last: 1001170609 ns, Reaching safepoint: 278802 ns, At safepoint: 2910 ns, Total: 281712 ns
[2023-07-14T23:52:25.740+0000][67][info ][safepoint   ] Safepoint "Cleanup", Time since last: 1001033281 ns, Reaching safepoint: 307182 ns, At safepoint: 9583 ns, Total: 316765 ns
[2023-07-14T23:52:26.742+0000][67][info ][safepoint   ] Safepoint "Cleanup", Time since last: 1001780181 ns, Reaching safepoint: 193075 ns, At safepoint: 3324 ns, Total: 196399 ns
[2023-07-14T23:52:42.747+0000][67][info ][safepoint   ] Safepoint "Cleanup", Time since last: 16004089659 ns, Reaching safepoint: 154858 ns, At safepoint: 4076 ns, Total: 158934 ns
[2023-07-14T23:52:43.460+0000][67][info ][safepoint   ] Safepoint "ICBufferFull", Time since last: 713347470 ns, Reaching safepoint: 204832 ns, At safepoint: 79618 ns, Total: 284450 ns
[2023-07-14T23:52:44.462+0000][67][info ][safepoint   ] Safepoint "Cleanup", Time since last: 1001324356 ns, Reaching safepoint: 140403 ns, At safepoint: 2826 ns, Total: 143229 ns
[2023-07-14T23:52:46.128+0000][67][info ][safepoint   ] Safepoint "Cleanup", Time since last: 1666631113 ns, Reaching safepoint: 168229 ns, At safepoint: 8375 ns, Total: 176604 ns
[2023-07-14T23:52:46.836+0000][67][info ][safepoint   ] Safepoint "ICBufferFull", Time since last: 702085554 ns, Reaching safepoint: 4895837 ns, At safepoint: 157211 ns, Total: 5053048 ns
[2023-07-14T23:52:47.917+0000][67][info ][safepoint   ] Safepoint "Cleanup", Time since last: 1081072545 ns, Reaching safepoint: 335923 ns, At safepoint: 15129 ns, Total: 351052 ns
[2023-07-14T23:52:48.578+0000][67][info ][safepoint   ] Safepoint "ICBufferFull", Time since last: 660060601 ns, Reaching safepoint: 723502 ns, At safepoint: 10711 ns, Total: 734213 ns
[2023-07-14T23:52:49.717+0000][67][info ][safepoint   ] Safepoint "ICBufferFull", Time since last: 1138849233 ns, Reaching safepoint: 220930 ns, At safepoint: 106578 ns, Total: 327508 ns
[2023-07-14T23:52:50.373+0000][67][info ][safepoint   ] Safepoint "ICBufferFull", Time since last: 655038320 ns, Reaching safepoint: 510258 ns, At safepoint: 42024 ns, Total: 552282 ns
[2023-07-14T23:52:50.758+0000][67][info ][safepoint   ] Safepoint "ICBufferFull", Time since last: 385585145 ns, Reaching safepoint: 235462 ns, At safepoint: 40033 ns, Total: 275495 ns
[2023-07-14T23:52:52.501+0000][67][info ][safepoint   ] Safepoint "Cleanup", Time since last: 1742079040 ns, Reaching safepoint: 273352 ns, At safepoint: 12380 ns, Total: 285732 ns
[2023-07-14T23:52:53.708+0000][67][info ][safepoint   ] Safepoint "Cleanup", Time since last: 1206535193 ns, Reaching safepoint: 401936 ns, At safepoint: 66789 ns, Total: 468725 ns
[2023-07-14T23:52:54.785+0000][67][info ][safepoint   ] Safepoint "Cleanup", Time since last: 1076793010 ns, Reaching safepoint: 121577 ns, At safepoint: 39062 ns, Total: 160639 ns
[2023-07-14T23:52:55.815+0000][67][info ][safepoint   ] Safepoint "Cleanup", Time since last: 1029746770 ns, Reaching safepoint: 116457 ns, At safepoint: 30166 ns, Total: 146623 ns
[2023-07-14T23:52:57.073+0000][67][info ][safepoint   ] Safepoint "Cleanup", Time since last: 1258224990 ns, Reaching safepoint: 152564 ns, At safepoint: 34678 ns, Total: 187242 ns
[2023-07-14T23:52:58.137+0000][67][info ][safepoint   ] Safepoint "Cleanup", Time since last: 1063278457 ns, Reaching safepoint: 194681 ns, At safepoint: 3178 ns, Total: 197859 ns
[2023-07-14T23:52:59.138+0000][67][info ][safepoint   ] Safepoint "Cleanup", Time since last: 1001204809 ns, Reaching safepoint: 156918 ns, At safepoint: 2733 ns, Total: 159651 ns
[2023-07-14T23:53:00.139+0000][67][info ][safepoint   ] Safepoint "Cleanup", Time since last: 1001190026 ns, Reaching safepoint: 262809 ns, At safepoint: 3516 ns, Total: 266325 ns
[2023-07-14T23:53:01.844+0000][67][info ][safepoint   ] Safepoint "Cleanup", Time since last: 1704413104 ns, Reaching safepoint: 229882 ns, At safepoint: 61473 ns, Total: 291355 ns
[2023-07-14T23:53:03.410+0000][67][info ][safepoint   ] Safepoint "Cleanup", Time since last: 1565313972 ns, Reaching safepoint: 348807 ns, At safepoint: 6028 ns, Total: 354835 ns
[2023-07-14T23:53:04.413+0000][67][info ][safepoint   ] Safepoint "Cleanup", Time since last: 1002424042 ns, Reaching safepoint: 769684 ns, At safepoint: 8739 ns, Total: 778423 ns
[2023-07-14T23:53:05.416+0000][67][info ][safepoint   ] Safepoint "Cleanup", Time since last: 1002628969 ns, Reaching safepoint: 355472 ns, At safepoint: 6427 ns, Total: 361899 ns
[2023-07-14T23:53:07.419+0000][67][info ][safepoint   ] Safepoint "Cleanup", Time since last: 2002729878 ns, Reaching safepoint: 230265 ns, At safepoint: 3264 ns, Total: 233529 ns
[2023-07-14T23:53:08.421+0000][67][info ][safepoint   ] Safepoint "Cleanup", Time since last: 1001780245 ns, Reaching safepoint: 260138 ns, At safepoint: 33138 ns, Total: 293276 ns
[2023-07-14T23:53:10.022+0000][67][info ][safepoint   ] Safepoint "Cleanup", Time since last: 1599402723 ns, Reaching safepoint: 328358 ns, At safepoint: 10912 ns, Total: 339270 ns
[2023-07-14T23:53:11.026+0000][67][info ][safepoint   ] Safepoint "Cleanup", Time since last: 1004334873 ns, Reaching safepoint: 206350 ns, At safepoint: 60294 ns, Total: 266644 ns
[2023-07-14T23:53:12.029+0000][67][info ][safepoint   ] Safepoint "Cleanup", Time since last: 1002163548 ns, Reaching safepoint: 124048 ns, At safepoint: 118175 ns, Total: 242223 ns
[2023-07-14T23:53:13.886+0000][67][info ][safepoint   ] Safepoint "Cleanup", Time since last: 1856884950 ns, Reaching safepoint: 76060 ns, At safepoint: 3198 ns, Total: 79258 ns
[2023-07-14T23:53:15.280+0000][67][info ][safepoint   ] Safepoint "Cleanup", Time since last: 1393738839 ns, Reaching safepoint: 240579 ns, At safepoint: 16870 ns, Total: 257449 ns
[2023-07-14T23:53:16.421+0000][67][info ][safepoint   ] Safepoint "Cleanup", Time since last: 1140809252 ns, Reaching safepoint: 97556 ns, At safepoint: 4140 ns, Total: 101696 ns
[2023-07-14T23:53:17.422+0000][67][info ][safepoint   ] Safepoint "Cleanup", Time since last: 1001284916 ns, Reaching safepoint: 134953 ns, At safepoint: 4102 ns, Total: 139055 ns
[2023-07-14T23:53:19.424+0000][67][info ][safepoint   ] Safepoint "Cleanup", Time since last: 2001584252 ns, Reaching safepoint: 116930 ns, At safepoint: 3932 ns, Total: 120862 ns
[2023-07-14T23:53:20.789+0000][67][info ][safepoint   ] Safepoint "Cleanup", Time since last: 1365362692 ns, Reaching safepoint: 417677 ns, At safepoint: 12370 ns, Total: 430047 ns
[2023-07-14T23:53:22.009+0000][67][info ][safepoint   ] Safepoint "Cleanup", Time since last: 1218895981 ns, Reaching safepoint: 229962 ns, At safepoint: 6394 ns, Total: 236356 ns
[2023-07-14T23:53:23.010+0000][67][info ][safepoint   ] Safepoint "Cleanup", Time since last: 1001572823 ns, Reaching safepoint: 151438 ns, At safepoint: 3968 ns, Total: 155406 ns
[2023-07-14T23:53:24.694+0000][67][info ][safepoint   ] Safepoint "Cleanup", Time since last: 1683691604 ns, Reaching safepoint: 144823 ns, At safepoint: 4160 ns, Total: 148983 ns
[2023-07-14T23:53:25.696+0000][67][info ][safepoint   ] Safepoint "Cleanup", Time since last: 1001579200 ns, Reaching safepoint: 233087 ns, At safepoint: 101635 ns, Total: 334722 ns
[2023-07-14T23:53:27.228+0000][67][info ][safepoint   ] Safepoint "Cleanup", Time since last: 1531276956 ns, Reaching safepoint: 399873 ns, At safepoint: 14121 ns, Total: 413994 ns
[2023-07-14T23:53:28.394+0000][67][info ][safepoint   ] Safepoint "Cleanup", Time since last: 1159405901 ns, Reaching safepoint: 6375164 ns, At safepoint: 25687 ns, Total: 6400851 ns
[2023-07-14T23:53:29.396+0000][67][info ][safepoint   ] Safepoint "Cleanup", Time since last: 1001817763 ns, Reaching safepoint: 147386 ns, At safepoint: 8045 ns, Total: 155431 ns
[2023-07-14T23:53:30.397+0000][67][info ][safepoint   ] Safepoint "Cleanup", Time since last: 1001250414 ns, Reaching safepoint: 605753 ns, At safepoint: 14718 ns, Total: 620471 ns
[2023-07-14T23:53:32.004+0000][67][info ][safepoint   ] Safepoint "Cleanup", Time since last: 1606434636 ns, Reaching safepoint: 256093 ns, At safepoint: 18674 ns, Total: 274767 ns
[2023-07-14T23:53:33.007+0000][67][info ][safepoint   ] Safepoint "Cleanup", Time since last: 1002039351 ns, Reaching safepoint: 296446 ns, At safepoint: 57702 ns, Total: 354148 ns
[2023-07-14T23:53:34.023+0000][67][info ][safepoint   ] Safepoint "Cleanup", Time since last: 1016147768 ns, Reaching safepoint: 196516 ns, At safepoint: 30807 ns, Total: 227323 ns
[2023-07-14T23:53:35.259+0000][67][info ][safepoint   ] Safepoint "Cleanup", Time since last: 1235670361 ns, Reaching safepoint: 571664 ns, At safepoint: 17669 ns, Total: 589333 ns
[2023-07-14T23:53:36.263+0000][67][info ][safepoint   ] Safepoint "Cleanup", Time since last: 1003500727 ns, Reaching safepoint: 242160 ns, At safepoint: 4359 ns, Total: 246519 ns
[2023-07-14T23:53:37.264+0000][67][info ][safepoint   ] Safepoint "Cleanup", Time since last: 1001229616 ns, Reaching safepoint: 119445 ns, At safepoint: 27673 ns, Total: 147118 ns
[2023-07-14T23:53:38.479+0000][67][info ][safepoint   ] Safepoint "Cleanup", Time since last: 1214255187 ns, Reaching safepoint: 229983 ns, At safepoint: 9423 ns, Total: 239406 ns
[2023-07-14T23:53:39.547+0000][67][info ][safepoint   ] Safepoint "Cleanup", Time since last: 1067956233 ns, Reaching safepoint: 174527 ns, At safepoint: 11468 ns, Total: 185995 ns
[2023-07-14T23:53:41.473+0000][67][info ][safepoint   ] Safepoint "Cleanup", Time since last: 2002099254 ns, Reaching safepoint: 93980 ns, At safepoint: 2867 ns, Total: 96847 ns
[2023-07-14T23:53:42.474+0000][67][info ][safepoint   ] Safepoint "Cleanup", Time since last: 1001383069 ns, Reaching safepoint: 181459 ns, At safepoint: 2711 ns, Total: 184170 ns
[2023-07-14T23:53:43.476+0000][67][info ][safepoint   ] Safepoint "Cleanup", Time since last: 1001621101 ns, Reaching safepoint: 155903 ns, At safepoint: 2878 ns, Total: 158781 ns
[2023-07-14T23:53:44.677+0000][67][info ][safepoint   ] Safepoint "Cleanup", Time since last: 1200314148 ns, Reaching safepoint: 196846 ns, At safepoint: 26945 ns, Total: 223791 ns
[2023-07-14T23:53:45.739+0000][67][info ][safepoint   ] Safepoint "Cleanup", Time since last: 1062336883 ns, Reaching safepoint: 231371 ns, At safepoint: 3241 ns, Total: 234612 ns
[2023-07-14T23:53:46.741+0000][67][info ][safepoint   ] Safepoint "Cleanup", Time since last: 1001218512 ns, Reaching safepoint: 135816 ns, At safepoint: 2742 ns, Total: 138558 ns
[2023-07-14T23:53:47.742+0000][67][info ][safepoint   ] Safepoint "Cleanup", Time since last: 1001339881 ns, Reaching safepoint: 239750 ns, At safepoint: 3621 ns, Total: 243371 ns
[2023-07-14T23:53:48.744+0000][67][info ][safepoint   ] Safepoint "Cleanup", Time since last: 1001306013 ns, Reaching safepoint: 250358 ns, At safepoint: 3248 ns, Total: 253606 ns
[2023-07-14T23:53:49.746+0000][67][info ][safepoint   ] Safepoint "Cleanup", Time since last: 1001619563 ns, Reaching safepoint: 227512 ns, At safepoint: 9080 ns, Total: 236592 ns
[2023-07-14T23:53:50.906+0000][67][info ][safepoint   ] Safepoint "Cleanup", Time since last: 1160172844 ns, Reaching safepoint: 223055 ns, At safepoint: 8930 ns, Total: 231985 ns
[2023-07-14T23:53:52.037+0000][67][info ][safepoint   ] Safepoint "Cleanup", Time since last: 1130935086 ns, Reaching safepoint: 264199 ns, At safepoint: 4230 ns, Total: 268429 ns
[2023-07-14T23:53:53.039+0000][67][info ][safepoint   ] Safepoint "Cleanup", Time since last: 1001487262 ns, Reaching safepoint: 200472 ns, At safepoint: 8292 ns, Total: 208764 ns
[2023-07-14T23:53:54.041+0000][67][info ][safepoint   ] Safepoint "Cleanup", Time since last: 1001553391 ns, Reaching safepoint: 320303 ns, At safepoint: 5253 ns, Total: 325556 ns
[2023-07-14T23:53:55.043+0000][67][info ][safepoint   ] Safepoint "Cleanup", Time since last: 1001880999 ns, Reaching safepoint: 106972 ns, At safepoint: 4619 ns, Total: 111591 ns
[2023-07-14T23:53:56.315+0000][67][info ][safepoint   ] Safepoint "Cleanup", Time since last: 1271713999 ns, Reaching safepoint: 179099 ns, At safepoint: 52609 ns, Total: 231708 ns
[2023-07-14T23:53:57.424+0000][67][info ][safepoint   ] Safepoint "Cleanup", Time since last: 1108728177 ns, Reaching safepoint: 198275 ns, At safepoint: 16980 ns, Total: 215255 ns
[2023-07-14T23:53:58.844+0000][67][info ][safepoint   ] Safepoint "Cleanup", Time since last: 1419833382 ns, Reaching safepoint: 185203 ns, At safepoint: 34206 ns, Total: 219409 ns
[2023-07-14T23:53:59.856+0000][67][info ][safepoint   ] Safepoint "Cleanup", Time since last: 1012417781 ns, Reaching safepoint: 305391 ns, At safepoint: 4620 ns, Total: 310011 ns
[2023-07-14T23:54:00.951+0000][67][info ][safepoint   ] Safepoint "Cleanup", Time since last: 1094544503 ns, Reaching safepoint: 252891 ns, At safepoint: 43273 ns, Total: 296164 ns
[2023-07-14T23:54:01.637+0000][67][info ][safepoint   ] Safepoint "ICBufferFull", Time since last: 684097241 ns, Reaching safepoint: 1105253 ns, At safepoint: 136373 ns, Total: 1241626 ns
[2023-07-14T23:54:02.641+0000][67][info ][safepoint   ] Safepoint "ICBufferFull", Time since last: 1003803996 ns, Reaching safepoint: 436028 ns, At safepoint: 18386 ns, Total: 454414 ns
[2023-07-14T23:54:03.848+0000][67][info ][safepoint   ] Safepoint "ICBufferFull", Time since last: 1206524236 ns, Reaching safepoint: 324501 ns, At safepoint: 17010 ns, Total: 341511 ns
[2023-07-14T23:54:04.612+0000][67][info ][safepoint   ] Safepoint "ICBufferFull", Time since last: 764238189 ns, Reaching safepoint: 299850 ns, At safepoint: 101252 ns, Total: 401102 ns
[2023-07-14T23:54:05.618+0000][67][info ][safepoint   ] Safepoint "Cleanup", Time since last: 1005763930 ns, Reaching safepoint: 195787 ns, At safepoint: 12676 ns, Total: 208463 ns
[2023-07-14T23:54:07.620+0000][67][info ][safepoint   ] Safepoint "Cleanup", Time since last: 2001722153 ns, Reaching safepoint: 211378 ns, At safepoint: 3780 ns, Total: 215158 ns
[2023-07-14T23:54:08.648+0000][67][info ][safepoint   ] Safepoint "Cleanup", Time since last: 1027792401 ns, Reaching safepoint: 266082 ns, At safepoint: 64520 ns, Total: 330602 ns
[2023-07-14T23:54:09.750+0000][67][info ][safepoint   ] Safepoint "Cleanup", Time since last: 1100611317 ns, Reaching safepoint: 800095 ns, At safepoint: 15248 ns, Total: 815343 ns
[2023-07-14T23:54:10.782+0000][67][info ][safepoint   ] Safepoint "Cleanup", Time since last: 1031973444 ns, Reaching safepoint: 326958 ns, At safepoint: 42607 ns, Total: 369565 ns
[2023-07-14T23:54:11.808+0000][67][info ][safepoint   ] Safepoint "Cleanup", Time since last: 1025274550 ns, Reaching safepoint: 274595 ns, At safepoint: 52929 ns, Total: 327524 ns
[2023-07-14T23:54:12.826+0000][67][info ][safepoint   ] Safepoint "Cleanup", Time since last: 1018423863 ns, Reaching safepoint: 182873 ns, At safepoint: 3854 ns, Total: 186727 ns
[2023-07-14T23:54:13.669+0000][67][info ][gc,start    ] GC(12) Pause Young (Normal) (G1 Evacuation Pause)
[2023-07-14T23:54:13.671+0000][67][info ][gc,task     ] GC(12) Using 6 workers of 6 for evacuation
[2023-07-14T23:54:13.672+0000][67][debug][gc,age      ] GC(12) Desired survivor size 54525952 bytes, new threshold 15 (max threshold 15)
[2023-07-14T23:54:13.824+0000][67][info ][gc,phases   ] GC(12)   Pre Evacuate Collection Set: 1.0ms
[2023-07-14T23:54:13.826+0000][67][info ][gc,phases   ] GC(12)   Merge Heap Roots: 1.2ms
[2023-07-14T23:54:13.828+0000][67][info ][gc,phases   ] GC(12)   Evacuate Collection Set: 138.5ms
[2023-07-14T23:54:13.829+0000][67][info ][gc,phases   ] GC(12)   Post Evacuate Collection Set: 8.5ms
[2023-07-14T23:54:13.831+0000][67][info ][gc,phases   ] GC(12)   Other: 3.3ms
[2023-07-14T23:54:13.833+0000][67][trace][gc,age      ] GC(12) Age table with threshold 15 (max threshold 15)
[2023-07-14T23:54:13.835+0000][67][trace][gc,age      ] GC(12) - age   1:   38153576 bytes,   38153576 total
[2023-07-14T23:54:13.836+0000][67][trace][gc,age      ] GC(12) - age   2:    1902144 bytes,   40055720 total
[2023-07-14T23:54:13.837+0000][67][trace][gc,age      ] GC(12) - age   3:   13532696 bytes,   53588416 total
[2023-07-14T23:54:13.838+0000][67][trace][gc,age      ] GC(12) - age   4:   24385896 bytes,   77974312 total
[2023-07-14T23:54:13.839+0000][67][info ][gc,heap     ] GC(12) Eden regions: 194->0(132)
[2023-07-14T23:54:13.840+0000][67][info ][gc,heap     ] GC(12) Survivor regions: 11->20(26)
[2023-07-14T23:54:13.842+0000][67][info ][gc,heap     ] GC(12) Old regions: 8->8
[2023-07-14T23:54:13.844+0000][67][info ][gc,heap     ] GC(12) Archive regions: 2->2
[2023-07-14T23:54:13.845+0000][67][info ][gc,heap     ] GC(12) Humongous regions: 0->0
[2023-07-14T23:54:13.846+0000][67][info ][gc,metaspace] GC(12) Metaspace: 134260K(137792K)->134260K(137792K) NonClass: 116490K(118272K)->116490K(118272K) Class: 17770K(19520K)->17770K(19520K)
[2023-07-14T23:54:13.847+0000][67][info ][gc          ] GC(12) Pause Young (Normal) (G1 Evacuation Pause) 851M->111M(3932M) 179.097ms
[2023-07-14T23:54:13.849+0000][67][info ][gc,cpu      ] GC(12) User=0.58s Sys=0.04s Real=0.18s
[2023-07-14T23:54:13.851+0000][67][info ][safepoint   ] Safepoint "G1CollectForAllocation", Time since last: 841283545 ns, Reaching safepoint: 520575 ns, At safepoint: 182360404 ns, Total: 182880979 ns
[2023-07-14T23:54:15.042+0000][67][info ][safepoint   ] Safepoint "Cleanup", Time since last: 1191206933 ns, Reaching safepoint: 302045 ns, At safepoint: 36534 ns, Total: 338579 ns
[2023-07-14T23:54:16.124+0000][67][info ][safepoint   ] Safepoint "Cleanup", Time since last: 1081808335 ns, Reaching safepoint: 146965 ns, At safepoint: 12642 ns, Total: 159607 ns
[2023-07-14T23:54:17.167+0000][67][info ][safepoint   ] Safepoint "Cleanup", Time since last: 1042614664 ns, Reaching safepoint: 467162 ns, At safepoint: 67267 ns, Total: 534429 ns
[2023-07-14T23:54:19.179+0000][67][info ][safepoint   ] Safepoint "Cleanup", Time since last: 2004566978 ns, Reaching safepoint: 520969 ns, At safepoint: 37253 ns, Total: 558222 ns
[2023-07-14T23:54:20.300+0000][67][info ][safepoint   ] Safepoint "ICBufferFull", Time since last: 1127004491 ns, Reaching safepoint: 185347 ns, At safepoint: 36291 ns, Total: 221638 ns
[2023-07-14T23:54:21.445+0000][67][info ][safepoint   ] Safepoint "Cleanup", Time since last: 1144616488 ns, Reaching safepoint: 316187 ns, At safepoint: 12798 ns, Total: 328985 ns
[2023-07-14T23:54:22.457+0000][67][info ][safepoint   ] Safepoint "Cleanup", Time since last: 1012501278 ns, Reaching safepoint: 308907 ns, At safepoint: 13516 ns, Total: 322423 ns
[2023-07-14T23:54:24.048+0000][67][info ][safepoint   ] Safepoint "Cleanup", Time since last: 1590078849 ns, Reaching safepoint: 372512 ns, At safepoint: 7792 ns, Total: 380304 ns
[2023-07-14T23:54:25.362+0000][67][info ][safepoint   ] Safepoint "Cleanup", Time since last: 1313458292 ns, Reaching safepoint: 251080 ns, At safepoint: 73909 ns, Total: 324989 ns
[2023-07-14T23:54:26.715+0000][67][info ][safepoint   ] Safepoint "Cleanup", Time since last: 1352906876 ns, Reaching safepoint: 150563 ns, At safepoint: 14138 ns, Total: 164701 ns
[2023-07-14T23:54:27.905+0000][67][info ][safepoint   ] Safepoint "Cleanup", Time since last: 1190333269 ns, Reaching safepoint: 167743 ns, At safepoint: 3429 ns, Total: 171172 ns
[2023-07-14T23:54:28.907+0000][67][info ][safepoint   ] Safepoint "Cleanup", Time since last: 1001845378 ns, Reaching safepoint: 190446 ns, At safepoint: 4324 ns, Total: 194770 ns
[2023-07-14T23:54:29.909+0000][67][info ][safepoint   ] Safepoint "Cleanup", Time since last: 1001267063 ns, Reaching safepoint: 172495 ns, At safepoint: 4149 ns, Total: 176644 ns
[2023-07-14T23:54:31.768+0000][67][info ][safepoint   ] Safepoint "Cleanup", Time since last: 1858701922 ns, Reaching safepoint: 69027 ns, At safepoint: 27588 ns, Total: 96615 ns
[2023-07-14T23:54:32.938+0000][67][info ][safepoint   ] Safepoint "Cleanup", Time since last: 1169957236 ns, Reaching safepoint: 257263 ns, At safepoint: 9941 ns, Total: 267204 ns
[2023-07-14T23:54:34.166+0000][67][info ][safepoint   ] Safepoint "Cleanup", Time since last: 1228002902 ns, Reaching safepoint: 218888 ns, At safepoint: 14264 ns, Total: 233152 ns
[2023-07-14T23:54:35.168+0000][67][info ][safepoint   ] Safepoint "Cleanup", Time since last: 1001658434 ns, Reaching safepoint: 307516 ns, At safepoint: 70650 ns, Total: 378166 ns
[2023-07-14T23:54:36.170+0000][67][info ][safepoint   ] Safepoint "Cleanup", Time since last: 1002006196 ns, Reaching safepoint: 301647 ns, At safepoint: 5435 ns, Total: 307082 ns
[2023-07-14T23:54:37.173+0000][67][info ][safepoint   ] Safepoint "Cleanup", Time since last: 1002562299 ns, Reaching safepoint: 254048 ns, At safepoint: 15695 ns, Total: 269743 ns
[2023-07-14T23:54:38.524+0000][67][info ][safepoint   ] Safepoint "Cleanup", Time since last: 1350164744 ns, Reaching safepoint: 142238 ns, At safepoint: 41401 ns, Total: 183639 ns
[2023-07-14T23:54:39.592+0000][67][info ][safepoint   ] Safepoint "Cleanup", Time since last: 1067823352 ns, Reaching safepoint: 505640 ns, At safepoint: 56345 ns, Total: 561985 ns
[2023-07-14T23:54:40.594+0000][67][info ][safepoint   ] Safepoint "Cleanup", Time since last: 1001827194 ns, Reaching safepoint: 111270 ns, At safepoint: 2696 ns, Total: 113966 ns
[2023-07-14T23:54:42.291+0000][67][info ][safepoint   ] Safepoint "Cleanup", Time since last: 1696407775 ns, Reaching safepoint: 116924 ns, At safepoint: 2823 ns, Total: 119747 ns
[2023-07-14T23:54:43.293+0000][67][info ][safepoint   ] Safepoint "Cleanup", Time since last: 1001487643 ns, Reaching safepoint: 288922 ns, At safepoint: 58514 ns, Total: 347436 ns
[2023-07-14T23:54:44.883+0000][67][info ][safepoint   ] Safepoint "Cleanup", Time since last: 1589982762 ns, Reaching safepoint: 187259 ns, At safepoint: 38134 ns, Total: 225393 ns
[2023-07-14T23:54:45.962+0000][67][info ][safepoint   ] Safepoint "Cleanup", Time since last: 1078947745 ns, Reaching safepoint: 463951 ns, At safepoint: 10539 ns, Total: 474490 ns
[2023-07-14T23:54:46.964+0000][67][info ][safepoint   ] Safepoint "Cleanup", Time since last: 1001425571 ns, Reaching safepoint: 206112 ns, At safepoint: 4159 ns, Total: 210271 ns
[2023-07-14T23:54:47.965+0000][67][info ][safepoint   ] Safepoint "Cleanup", Time since last: 1001443107 ns, Reaching safepoint: 143831 ns, At safepoint: 4237 ns, Total: 148068 ns
[2023-07-14T23:54:48.967+0000][67][info ][safepoint   ] Safepoint "Cleanup", Time since last: 1001387888 ns, Reaching safepoint: 152697 ns, At safepoint: 17277 ns, Total: 169974 ns
[2023-07-14T23:54:50.203+0000][67][info ][safepoint   ] Safepoint "Cleanup", Time since last: 1235503259 ns, Reaching safepoint: 92753 ns, At safepoint: 33579 ns, Total: 126332 ns
[2023-07-14T23:54:51.386+0000][67][info ][safepoint   ] Safepoint "Cleanup", Time since last: 1183542985 ns, Reaching safepoint: 136912 ns, At safepoint: 93234 ns, Total: 230146 ns
[2023-07-14T23:54:53.395+0000][67][info ][safepoint   ] Safepoint "Cleanup", Time since last: 2008428794 ns, Reaching safepoint: 189389 ns, At safepoint: 3562 ns, Total: 192951 ns
[2023-07-14T23:54:54.397+0000][67][info ][safepoint   ] Safepoint "Cleanup", Time since last: 1001446356 ns, Reaching safepoint: 185941 ns, At safepoint: 54324 ns, Total: 240265 ns
[2023-07-14T23:54:55.399+0000][67][info ][safepoint   ] Safepoint "Cleanup", Time since last: 1001707299 ns, Reaching safepoint: 247132 ns, At safepoint: 13481 ns, Total: 260613 ns
[2023-07-14T23:54:56.561+0000][67][info ][safepoint   ] Safepoint "Cleanup", Time since last: 1161944248 ns, Reaching safepoint: 203095 ns, At safepoint: 63821 ns, Total: 266916 ns
[2023-07-14T23:54:57.626+0000][67][info ][safepoint   ] Safepoint "Cleanup", Time since last: 1064355329 ns, Reaching safepoint: 415254 ns, At safepoint: 7923 ns, Total: 423177 ns
[2023-07-14T23:54:58.628+0000][67][info ][safepoint   ] Safepoint "Cleanup", Time since last: 1002511444 ns, Reaching safepoint: 261292 ns, At safepoint: 4110 ns, Total: 265402 ns
[2023-07-14T23:55:01.764+0000][67][info ][safepoint   ] Safepoint "Cleanup", Time since last: 3135142559 ns, Reaching safepoint: 230917 ns, At safepoint: 32036 ns, Total: 262953 ns
[2023-07-14T23:55:02.823+0000][67][info ][safepoint   ] Safepoint "Cleanup", Time since last: 1059272012 ns, Reaching safepoint: 97388 ns, At safepoint: 56614 ns, Total: 154002 ns
[2023-07-14T23:55:03.888+0000][67][info ][safepoint   ] Safepoint "Cleanup", Time since last: 1063841024 ns, Reaching safepoint: 411287 ns, At safepoint: 8998 ns, Total: 420285 ns
[2023-07-14T23:55:04.889+0000][67][info ][safepoint   ] Safepoint "Cleanup", Time since last: 1001119611 ns, Reaching safepoint: 273972 ns, At safepoint: 3856 ns, Total: 277828 ns
[2023-07-14T23:55:07.756+0000][67][info ][safepoint   ] Safepoint "Cleanup", Time since last: 2866893049 ns, Reaching safepoint: 187530 ns, At safepoint: 28727 ns, Total: 216257 ns
[2023-07-14T23:55:09.190+0000][67][info ][safepoint   ] Safepoint "Cleanup", Time since last: 1433589216 ns, Reaching safepoint: 222831 ns, At safepoint: 3013 ns, Total: 225844 ns
[2023-07-14T23:55:10.429+0000][67][info ][safepoint   ] Safepoint "Cleanup", Time since last: 1238921318 ns, Reaching safepoint: 183627 ns, At safepoint: 3138 ns, Total: 186765 ns
[2023-07-14T23:55:11.431+0000][67][info ][safepoint   ] Safepoint "Cleanup", Time since last: 1001201482 ns, Reaching safepoint: 220076 ns, At safepoint: 3624 ns, Total: 223700 ns
[2023-07-14T23:55:13.432+0000][67][info ][safepoint   ] Safepoint "Cleanup", Time since last: 2001589598 ns, Reaching safepoint: 163184 ns, At safepoint: 5097 ns, Total: 168281 ns
[2023-07-14T23:55:14.665+0000][67][info ][safepoint   ] Safepoint "Cleanup", Time since last: 1232358826 ns, Reaching safepoint: 149058 ns, At safepoint: 33954 ns, Total: 183012 ns
[2023-07-14T23:55:15.736+0000][67][info ][safepoint   ] Safepoint "Cleanup", Time since last: 1070937111 ns, Reaching safepoint: 254460 ns, At safepoint: 12182 ns, Total: 266642 ns
[2023-07-14T23:55:16.858+0000][67][info ][safepoint   ] Safepoint "Cleanup", Time since last: 1121233277 ns, Reaching safepoint: 482688 ns, At safepoint: 21556 ns, Total: 504244 ns
[2023-07-14T23:55:18.861+0000][67][info ][safepoint   ] Safepoint "Cleanup", Time since last: 2003173674 ns, Reaching safepoint: 234093 ns, At safepoint: 5305 ns, Total: 239398 ns
[2023-07-14T23:55:19.877+0000][67][info ][safepoint   ] Safepoint "Cleanup", Time since last: 1015565385 ns, Reaching safepoint: 96158 ns, At safepoint: 37241 ns, Total: 133399 ns
[2023-07-14T23:55:20.917+0000][67][info ][safepoint   ] Safepoint "Cleanup", Time since last: 1039480229 ns, Reaching safepoint: 585839 ns, At safepoint: 10597 ns, Total: 596436 ns
[2023-07-14T23:55:22.092+0000][67][info ][safepoint   ] Safepoint "Cleanup", Time since last: 1174260171 ns, Reaching safepoint: 645551 ns, At safepoint: 17933 ns, Total: 663484 ns
[2023-07-14T23:55:23.095+0000][67][info ][safepoint   ] Safepoint "Cleanup", Time since last: 1002640174 ns, Reaching safepoint: 637376 ns, At safepoint: 30002 ns, Total: 667378 ns
[2023-07-14T23:55:25.098+0000][67][info ][safepoint   ] Safepoint "Cleanup", Time since last: 2002736491 ns, Reaching safepoint: 206267 ns, At safepoint: 5259 ns, Total: 211526 ns
[2023-07-14T23:55:26.288+0000][67][info ][safepoint   ] Safepoint "Cleanup", Time since last: 1189295918 ns, Reaching safepoint: 238022 ns, At safepoint: 33672 ns, Total: 271694 ns
[2023-07-14T23:55:27.353+0000][67][info ][safepoint   ] Safepoint "Cleanup", Time since last: 1065157385 ns, Reaching safepoint: 87607 ns, At safepoint: 2551 ns, Total: 90158 ns
[2023-07-14T23:55:29.355+0000][67][info ][safepoint   ] Safepoint "Cleanup", Time since last: 2001353762 ns, Reaching safepoint: 237246 ns, At safepoint: 3899 ns, Total: 241145 ns
[2023-07-14T23:55:31.738+0000][67][info ][safepoint   ] Safepoint "Cleanup", Time since last: 2383155086 ns, Reaching safepoint: 62214 ns, At safepoint: 11914 ns, Total: 74128 ns
[2023-07-14T23:55:33.633+0000][67][info ][safepoint   ] Safepoint "Cleanup", Time since last: 1894931237 ns, Reaching safepoint: 185531 ns, At safepoint: 3459 ns, Total: 188990 ns
[2023-07-14T23:55:34.635+0000][67][info ][safepoint   ] Safepoint "Cleanup", Time since last: 1001238113 ns, Reaching safepoint: 251531 ns, At safepoint: 109492 ns, Total: 361023 ns
[2023-07-14T23:55:35.640+0000][67][info ][safepoint   ] Safepoint "Cleanup", Time since last: 1005094220 ns, Reaching safepoint: 308520 ns, At safepoint: 5804 ns, Total: 314324 ns
[2023-07-14T23:55:37.643+0000][67][info ][safepoint   ] Safepoint "Cleanup", Time since last: 2002603628 ns, Reaching safepoint: 100769 ns, At safepoint: 5637 ns, Total: 106406 ns
[2023-07-14T23:55:38.874+0000][67][info ][safepoint   ] Safepoint "Cleanup", Time since last: 1230913024 ns, Reaching safepoint: 71410 ns, At safepoint: 3319 ns, Total: 74729 ns
[2023-07-14T23:55:40.931+0000][67][info ][safepoint   ] Safepoint "Cleanup", Time since last: 2056788205 ns, Reaching safepoint: 213874 ns, At safepoint: 12091 ns, Total: 225965 ns
[2023-07-14T23:55:42.593+0000][67][info ][safepoint   ] Safepoint "Cleanup", Time since last: 1660061882 ns, Reaching safepoint: 1501469 ns, At safepoint: 255844 ns, Total: 1757313 ns
[2023-07-14T23:55:43.638+0000][67][info ][safepoint   ] Safepoint "Cleanup", Time since last: 1045224039 ns, Reaching safepoint: 168053 ns, At safepoint: 5479 ns, Total: 173532 ns
[2023-07-14T23:55:44.666+0000][67][info ][safepoint   ] Safepoint "Cleanup", Time since last: 1027493864 ns, Reaching safepoint: 192513 ns, At safepoint: 34174 ns, Total: 226687 ns
[2023-07-14T23:55:45.951+0000][67][info ][safepoint   ] Safepoint "Cleanup", Time since last: 1284446866 ns, Reaching safepoint: 128808 ns, At safepoint: 32564 ns, Total: 161372 ns
[2023-07-14T23:55:47.830+0000][67][info ][safepoint   ] Safepoint "Cleanup", Time since last: 1878886827 ns, Reaching safepoint: 508859 ns, At safepoint: 20108 ns, Total: 528967 ns
[2023-07-14T23:55:50.609+0000][67][info ][safepoint   ] Safepoint "Cleanup", Time since last: 2779144255 ns, Reaching safepoint: 207695 ns, At safepoint: 48057 ns, Total: 255752 ns
[2023-07-14T23:55:51.672+0000][67][info ][safepoint   ] Safepoint "Cleanup", Time since last: 1062548556 ns, Reaching safepoint: 225271 ns, At safepoint: 7261 ns, Total: 232532 ns
[2023-07-14T23:55:52.674+0000][67][info ][safepoint   ] Safepoint "Cleanup", Time since last: 1001287406 ns, Reaching safepoint: 177958 ns, At safepoint: 3185 ns, Total: 181143 ns
[2023-07-14T23:55:55.676+0000][67][info ][safepoint   ] Safepoint "Cleanup", Time since last: 3001620160 ns, Reaching safepoint: 319286 ns, At safepoint: 92536 ns, Total: 411822 ns
[2023-07-14T23:55:56.883+0000][67][info ][safepoint   ] Safepoint "Cleanup", Time since last: 1207084300 ns, Reaching safepoint: 332358 ns, At safepoint: 34652 ns, Total: 367010 ns
[2023-07-14T23:55:57.951+0000][67][info ][safepoint   ] Safepoint "Cleanup", Time since last: 1067818128 ns, Reaching safepoint: 209863 ns, At safepoint: 4989 ns, Total: 214852 ns
[2023-07-14T23:56:01.834+0000][67][info ][safepoint   ] Safepoint "Cleanup", Time since last: 3882768924 ns, Reaching safepoint: 120131 ns, At safepoint: 29212 ns, Total: 149343 ns
[2023-07-14T23:56:02.993+0000][67][info ][safepoint   ] Safepoint "Cleanup", Time since last: 1159074596 ns, Reaching safepoint: 209570 ns, At safepoint: 14044 ns, Total: 223614 ns
[2023-07-14T23:56:05.315+0000][67][info ][safepoint   ] Safepoint "Cleanup", Time since last: 2321524578 ns, Reaching safepoint: 271063 ns, At safepoint: 5470 ns, Total: 276533 ns
[2023-07-14T23:56:07.318+0000][67][info ][safepoint   ] Safepoint "Cleanup", Time since last: 2001984164 ns, Reaching safepoint: 296205 ns, At safepoint: 16640 ns, Total: 312845 ns
[2023-07-14T23:56:08.592+0000][67][info ][safepoint   ] Safepoint "Cleanup", Time since last: 1274531930 ns, Reaching safepoint: 90347 ns, At safepoint: 27784 ns, Total: 118131 ns
[2023-07-14T23:56:09.758+0000][67][info ][safepoint   ] Safepoint "Cleanup", Time since last: 1165185745 ns, Reaching safepoint: 234738 ns, At safepoint: 80910 ns, Total: 315648 ns
[2023-07-14T23:56:11.284+0000][67][info ][safepoint   ] Safepoint "Cleanup", Time since last: 1525861814 ns, Reaching safepoint: 214629 ns, At safepoint: 3770 ns, Total: 218399 ns
[2023-07-14T23:56:12.453+0000][67][info ][safepoint   ] Safepoint "Cleanup", Time since last: 1168812071 ns, Reaching safepoint: 195381 ns, At safepoint: 4541 ns, Total: 199922 ns
[2023-07-14T23:56:13.747+0000][67][info ][safepoint   ] Safepoint "Cleanup", Time since last: 1293315200 ns, Reaching safepoint: 131770 ns, At safepoint: 28014 ns, Total: 159784 ns
[2023-07-14T23:56:14.818+0000][67][info ][safepoint   ] Safepoint "Cleanup", Time since last: 1071422134 ns, Reaching safepoint: 241878 ns, At safepoint: 4512 ns, Total: 246390 ns
[2023-07-14T23:56:15.984+0000][67][info ][safepoint   ] Safepoint "Cleanup", Time since last: 1165465323 ns, Reaching safepoint: 211509 ns, At safepoint: 9946 ns, Total: 221455 ns
[2023-07-14T23:56:16.985+0000][67][info ][safepoint   ] Safepoint "Cleanup", Time since last: 1001241054 ns, Reaching safepoint: 231904 ns, At safepoint: 4180 ns, Total: 236084 ns
[2023-07-14T23:56:18.357+0000][67][info ][safepoint   ] Safepoint "Cleanup", Time since last: 1371170940 ns, Reaching safepoint: 195086 ns, At safepoint: 3886 ns, Total: 198972 ns
[2023-07-14T23:56:19.358+0000][67][info ][safepoint   ] Safepoint "Cleanup", Time since last: 1001440504 ns, Reaching safepoint: 122805 ns, At safepoint: 3090 ns, Total: 125895 ns
[2023-07-14T23:56:21.255+0000][67][info ][safepoint   ] Safepoint "Cleanup", Time since last: 1896042629 ns, Reaching safepoint: 189989 ns, At safepoint: 3589 ns, Total: 193578 ns
[2023-07-14T23:56:23.256+0000][67][info ][safepoint   ] Safepoint "Cleanup", Time since last: 2001296746 ns, Reaching safepoint: 161694 ns, At safepoint: 3417 ns, Total: 165111 ns
[2023-07-14T23:56:24.258+0000][67][info ][safepoint   ] Safepoint "Cleanup", Time since last: 1001134527 ns, Reaching safepoint: 324936 ns, At safepoint: 4235 ns, Total: 329171 ns
[2023-07-14T23:56:25.260+0000][67][info ][safepoint   ] Safepoint "Cleanup", Time since last: 1001946817 ns, Reaching safepoint: 235329 ns, At safepoint: 5413 ns, Total: 240742 ns
[2023-07-14T23:56:25.911+0000][67][info ][gc,start    ] GC(13) Pause Young (Normal) (G1 Evacuation Pause)
[2023-07-14T23:56:25.915+0000][67][info ][gc,task     ] GC(13) Using 6 workers of 6 for evacuation
[2023-07-14T23:56:25.916+0000][67][debug][gc,age      ] GC(13) Desired survivor size 39845888 bytes, new threshold 2 (max threshold 15)
[2023-07-14T23:56:26.225+0000][67][info ][gc,mmu      ] GC(13) MMU target violated: 201.0ms (200.0ms/201.0ms)
[2023-07-14T23:56:26.226+0000][67][info ][gc,phases   ] GC(13)   Pre Evacuate Collection Set: 1.4ms
[2023-07-14T23:56:26.227+0000][67][info ][gc,phases   ] GC(13)   Merge Heap Roots: 0.8ms
[2023-07-14T23:56:26.228+0000][67][info ][gc,phases   ] GC(13)   Evacuate Collection Set: 298.2ms
[2023-07-14T23:56:26.229+0000][67][info ][gc,phases   ] GC(13)   Post Evacuate Collection Set: 5.3ms
[2023-07-14T23:56:26.230+0000][67][info ][gc,phases   ] GC(13)   Other: 6.6ms
[2023-07-14T23:56:26.231+0000][67][trace][gc,age      ] GC(13) Age table with threshold 2 (max threshold 15)
[2023-07-14T23:56:26.232+0000][67][trace][gc,age      ] GC(13) - age   1:    3002472 bytes,    3002472 total
[2023-07-14T23:56:26.234+0000][67][trace][gc,age      ] GC(13) - age   2:   35307200 bytes,   38309672 total
[2023-07-14T23:56:26.234+0000][67][info ][gc,heap     ] GC(13) Eden regions: 132->0(102)
[2023-07-14T23:56:26.237+0000][67][info ][gc,heap     ] GC(13) Survivor regions: 20->12(19)
[2023-07-14T23:56:26.240+0000][67][info ][gc,heap     ] GC(13) Old regions: 8->17
[2023-07-14T23:56:26.241+0000][67][info ][gc,heap     ] GC(13) Archive regions: 2->2
[2023-07-14T23:56:26.242+0000][67][info ][gc,heap     ] GC(13) Humongous regions: 0->0
[2023-07-14T23:56:26.243+0000][67][info ][gc,metaspace] GC(13) Metaspace: 135936K(139456K)->135936K(139456K) NonClass: 118128K(119936K)->118128K(119936K) Class: 17807K(19520K)->17807K(19520K)
[2023-07-14T23:56:26.244+0000][67][info ][gc          ] GC(13) Pause Young (Normal) (G1 Evacuation Pause) 639M->116M(3932M) 333.577ms
[2023-07-14T23:56:26.245+0000][67][info ][gc,cpu      ] GC(13) User=0.38s Sys=0.16s Real=0.34s
[2023-07-14T23:56:26.246+0000][67][info ][safepoint   ] Safepoint "G1CollectForAllocation", Time since last: 647887903 ns, Reaching safepoint: 180622 ns, At safepoint: 338600005 ns, Total: 338780627 ns
[2023-07-14T23:56:27.506+0000][67][info ][safepoint   ] Safepoint "Cleanup", Time since last: 1259531660 ns, Reaching safepoint: 121262 ns, At safepoint: 4192 ns, Total: 125454 ns
[2023-07-14T23:56:29.508+0000][67][info ][safepoint   ] Safepoint "Cleanup", Time since last: 2001299384 ns, Reaching safepoint: 275947 ns, At safepoint: 16184 ns, Total: 292131 ns
[2023-07-14T23:56:31.763+0000][67][info ][safepoint   ] Safepoint "Cleanup", Time since last: 2254851055 ns, Reaching safepoint: 112728 ns, At safepoint: 31715 ns, Total: 144443 ns
[2023-07-14T23:56:32.902+0000][67][info ][safepoint   ] Safepoint "Cleanup", Time since last: 1138588599 ns, Reaching safepoint: 282441 ns, At safepoint: 46402 ns, Total: 328843 ns
[2023-07-14T23:56:34.112+0000][67][info ][safepoint   ] Safepoint "Cleanup", Time since last: 1210155452 ns, Reaching safepoint: 176225 ns, At safepoint: 3469 ns, Total: 179694 ns
[2023-07-14T23:56:35.114+0000][67][info ][safepoint   ] Safepoint "Cleanup", Time since last: 1001423053 ns, Reaching safepoint: 377922 ns, At safepoint: 119646 ns, Total: 497568 ns
[2023-07-14T23:56:37.117+0000][67][info ][safepoint   ] Safepoint "Cleanup", Time since last: 2002645338 ns, Reaching safepoint: 256373 ns, At safepoint: 5355 ns, Total: 261728 ns
[2023-07-14T23:56:38.118+0000][67][info ][safepoint   ] Safepoint "Cleanup", Time since last: 1000880275 ns, Reaching safepoint: 200620 ns, At safepoint: 31771 ns, Total: 232391 ns
[2023-07-14T23:56:39.600+0000][67][info ][safepoint   ] Safepoint "Cleanup", Time since last: 1482140121 ns, Reaching safepoint: 227576 ns, At safepoint: 12253 ns, Total: 239829 ns
[2023-07-14T23:56:41.604+0000][67][info ][safepoint   ] Safepoint "Cleanup", Time since last: 2002806009 ns, Reaching safepoint: 113577 ns, At safepoint: 3290 ns, Total: 116867 ns
[2023-07-14T23:56:43.764+0000][67][info ][safepoint   ] Safepoint "Cleanup", Time since last: 2160582996 ns, Reaching safepoint: 358387 ns, At safepoint: 34039 ns, Total: 392426 ns
[2023-07-14T23:56:44.771+0000][67][info ][safepoint   ] Safepoint "Cleanup", Time since last: 1006432332 ns, Reaching safepoint: 183013 ns, At safepoint: 36916 ns, Total: 219929 ns
[2023-07-14T23:56:45.840+0000][67][info ][safepoint   ] Safepoint "Cleanup", Time since last: 1067325552 ns, Reaching safepoint: 1158046 ns, At safepoint: 18311 ns, Total: 1176357 ns
[2023-07-14T23:56:47.727+0000][67][info ][safepoint   ] Safepoint "Cleanup", Time since last: 1887054013 ns, Reaching safepoint: 310112 ns, At safepoint: 7317 ns, Total: 317429 ns
[2023-07-14T23:56:50.898+0000][67][info ][safepoint   ] Safepoint "Cleanup", Time since last: 3170907367 ns, Reaching safepoint: 336693 ns, At safepoint: 15322 ns, Total: 352015 ns
[2023-07-14T23:56:53.097+0000][67][info ][safepoint   ] Safepoint "Cleanup", Time since last: 2197902654 ns, Reaching safepoint: 515831 ns, At safepoint: 15880 ns, Total: 531711 ns
[2023-07-14T23:56:54.100+0000][67][info ][safepoint   ] Safepoint "Cleanup", Time since last: 1002651956 ns, Reaching safepoint: 902744 ns, At safepoint: 22623 ns, Total: 925367 ns
[2023-07-14T23:56:55.104+0000][67][info ][safepoint   ] Safepoint "Cleanup", Time since last: 1003046975 ns, Reaching safepoint: 274621 ns, At safepoint: 13294 ns, Total: 287915 ns
[2023-07-14T23:56:56.302+0000][67][info ][safepoint   ] Safepoint "Cleanup", Time since last: 1198536936 ns, Reaching safepoint: 212396 ns, At safepoint: 43946 ns, Total: 256342 ns
[2023-07-14T23:56:57.362+0000][67][info ][safepoint   ] Safepoint "Cleanup", Time since last: 1059007893 ns, Reaching safepoint: 417145 ns, At safepoint: 7536 ns, Total: 424681 ns
[2023-07-14T23:56:59.365+0000][67][info ][safepoint   ] Safepoint "Cleanup", Time since last: 2003068467 ns, Reaching safepoint: 390433 ns, At safepoint: 15357 ns, Total: 405790 ns
[2023-07-14T23:57:01.763+0000][67][info ][safepoint   ] Safepoint "Cleanup", Time since last: 2397463258 ns, Reaching safepoint: 185004 ns, At safepoint: 28959 ns, Total: 213963 ns
[2023-07-14T23:57:02.830+0000][67][info ][safepoint   ] Safepoint "Cleanup", Time since last: 1067261140 ns, Reaching safepoint: 161576 ns, At safepoint: 5656 ns, Total: 167232 ns
[2023-07-14T23:57:04.748+0000][67][info ][safepoint   ] Safepoint "Cleanup", Time since last: 1917003042 ns, Reaching safepoint: 290958 ns, At safepoint: 5974 ns, Total: 296932 ns
[2023-07-14T23:57:06.751+0000][67][info ][safepoint   ] Safepoint "Cleanup", Time since last: 2002952013 ns, Reaching safepoint: 662235 ns, At safepoint: 24615 ns, Total: 686850 ns
[2023-07-14T23:57:07.754+0000][67][info ][safepoint   ] Safepoint "Cleanup", Time since last: 1002270965 ns, Reaching safepoint: 89548 ns, At safepoint: 3531 ns, Total: 93079 ns
[2023-07-14T23:57:08.814+0000][67][info ][safepoint   ] Safepoint "Cleanup", Time since last: 1060520072 ns, Reaching safepoint: 159092 ns, At safepoint: 6875 ns, Total: 165967 ns
[2023-07-14T23:57:10.963+0000][67][info ][safepoint   ] Safepoint "Cleanup", Time since last: 2147910387 ns, Reaching safepoint: 362372 ns, At safepoint: 6180 ns, Total: 368552 ns
[2023-07-14T23:57:11.969+0000][67][info ][safepoint   ] Safepoint "Cleanup", Time since last: 1006461784 ns, Reaching safepoint: 116540 ns, At safepoint: 26482 ns, Total: 143022 ns
[2023-07-14T23:57:13.386+0000][67][info ][safepoint   ] Safepoint "Cleanup", Time since last: 1415994473 ns, Reaching safepoint: 367179 ns, At safepoint: 9110 ns, Total: 376289 ns
[2023-07-14T23:57:14.513+0000][67][info ][safepoint   ] Safepoint "Cleanup", Time since last: 1126706129 ns, Reaching safepoint: 128340 ns, At safepoint: 31554 ns, Total: 159894 ns
[2023-07-14T23:57:15.988+0000][67][info ][safepoint   ] Safepoint "Cleanup", Time since last: 1474968699 ns, Reaching safepoint: 240238 ns, At safepoint: 56000 ns, Total: 296238 ns
[2023-07-14T23:57:18.191+0000][67][info ][safepoint   ] Safepoint "Cleanup", Time since last: 2202090282 ns, Reaching safepoint: 575738 ns, At safepoint: 23066 ns, Total: 598804 ns
[2023-07-14T23:57:19.758+0000][67][info ][safepoint   ] Safepoint "Cleanup", Time since last: 1566958169 ns, Reaching safepoint: 162612 ns, At safepoint: 38070 ns, Total: 200682 ns
[2023-07-14T23:57:21.734+0000][67][info ][safepoint   ] Safepoint "Cleanup", Time since last: 1976113650 ns, Reaching safepoint: 396419 ns, At safepoint: 88385 ns, Total: 484804 ns
[2023-07-14T23:57:22.785+0000][67][info ][safepoint   ] Safepoint "Cleanup", Time since last: 1005404520 ns, Reaching safepoint: 35375402 ns, At safepoint: 10189405 ns, Total: 45564807 ns
[2023-07-14T23:57:24.859+0000][67][info ][safepoint   ] Safepoint "Cleanup", Time since last: 2072428603 ns, Reaching safepoint: 1064498 ns, At safepoint: 15142 ns, Total: 1079640 ns
[2023-07-14T23:57:26.199+0000][67][info ][safepoint   ] Safepoint "Cleanup", Time since last: 1340333700 ns, Reaching safepoint: 156436 ns, At safepoint: 66414 ns, Total: 222850 ns
[2023-07-14T23:57:27.279+0000][67][info ][safepoint   ] Safepoint "Cleanup", Time since last: 1079775944 ns, Reaching safepoint: 259755 ns, At safepoint: 9160 ns, Total: 268915 ns
[2023-07-14T23:57:28.587+0000][67][info ][safepoint   ] Safepoint "Cleanup", Time since last: 1305447129 ns, Reaching safepoint: 2045691 ns, At safepoint: 27285 ns, Total: 2072976 ns
[2023-07-14T23:57:30.185+0000][67][info ][safepoint   ] Safepoint "Cleanup", Time since last: 1598325486 ns, Reaching safepoint: 135027 ns, At safepoint: 51439 ns, Total: 186466 ns
[2023-07-14T23:57:31.296+0000][67][info ][safepoint   ] Safepoint "Cleanup", Time since last: 1110100241 ns, Reaching safepoint: 615882 ns, At safepoint: 14014 ns, Total: 629896 ns
[2023-07-14T23:57:34.849+0000][67][info ][safepoint   ] Safepoint "Cleanup", Time since last: 3552489680 ns, Reaching safepoint: 189511 ns, At safepoint: 30321 ns, Total: 219832 ns
[2023-07-14T23:57:36.367+0000][67][info ][safepoint   ] Safepoint "Cleanup", Time since last: 1517989898 ns, Reaching safepoint: 529411 ns, At safepoint: 24783 ns, Total: 554194 ns
[2023-07-14T23:57:38.594+0000][67][info ][safepoint   ] Safepoint "Cleanup", Time since last: 2226519176 ns, Reaching safepoint: 349324 ns, At safepoint: 7236 ns, Total: 356560 ns
[2023-07-14T23:57:39.597+0000][67][info ][safepoint   ] Safepoint "Cleanup", Time since last: 1002183760 ns, Reaching safepoint: 463613 ns, At safepoint: 7946 ns, Total: 471559 ns
[2023-07-14T23:57:40.840+0000][67][info ][safepoint   ] Safepoint "Cleanup", Time since last: 1246184683 ns, Reaching safepoint: 165130 ns, At safepoint: 3455 ns, Total: 168585 ns
[2023-07-14T23:57:41.852+0000][67][info ][safepoint   ] Safepoint "Cleanup", Time since last: 1011598617 ns, Reaching safepoint: 84598 ns, At safepoint: 30900 ns, Total: 115498 ns
[2023-07-14T23:57:42.883+0000][67][info ][safepoint   ] Safepoint "Cleanup", Time since last: 1031360624 ns, Reaching safepoint: 380257 ns, At safepoint: 7365 ns, Total: 387622 ns
[2023-07-14T23:57:43.886+0000][67][info ][safepoint   ] Safepoint "Cleanup", Time since last: 1002363464 ns, Reaching safepoint: 296127 ns, At safepoint: 4539 ns, Total: 300666 ns
[2023-07-14T23:57:44.888+0000][67][info ][safepoint   ] Safepoint "Cleanup", Time since last: 1001687683 ns, Reaching safepoint: 341189 ns, At safepoint: 6134 ns, Total: 347323 ns
[2023-07-14T23:57:46.646+0000][67][info ][safepoint   ] Safepoint "Cleanup", Time since last: 1757171094 ns, Reaching safepoint: 313088 ns, At safepoint: 35990 ns, Total: 349078 ns
[2023-07-14T23:57:47.956+0000][67][info ][safepoint   ] Safepoint "Cleanup", Time since last: 1310561836 ns, Reaching safepoint: 372835 ns, At safepoint: 6355 ns, Total: 379190 ns
[2023-07-14T23:57:49.142+0000][67][info ][safepoint   ] Safepoint "Cleanup", Time since last: 1185541247 ns, Reaching safepoint: 228307 ns, At safepoint: 3648 ns, Total: 231955 ns
[2023-07-14T23:57:50.721+0000][67][info ][safepoint   ] Safepoint "Cleanup", Time since last: 1578188724 ns, Reaching safepoint: 841366 ns, At safepoint: 41970 ns, Total: 883336 ns
[2023-07-14T23:57:52.724+0000][67][info ][safepoint   ] Safepoint "Cleanup", Time since last: 2002727627 ns, Reaching safepoint: 276301 ns, At safepoint: 4488 ns, Total: 280789 ns
[2023-07-14T23:57:54.604+0000][67][info ][safepoint   ] Safepoint "Cleanup", Time since last: 1879367495 ns, Reaching safepoint: 582043 ns, At safepoint: 166458 ns, Total: 748501 ns
[2023-07-14T23:57:56.169+0000][67][info ][safepoint   ] Safepoint "Cleanup", Time since last: 1564042677 ns, Reaching safepoint: 289730 ns, At safepoint: 18565 ns, Total: 308295 ns
[2023-07-14T23:57:57.172+0000][67][info ][safepoint   ] Safepoint "Cleanup", Time since last: 1002419396 ns, Reaching safepoint: 325941 ns, At safepoint: 40262 ns, Total: 366203 ns
[2023-07-14T23:57:58.174+0000][67][info ][safepoint   ] Safepoint "Cleanup", Time since last: 1001748743 ns, Reaching safepoint: 382356 ns, At safepoint: 13277 ns, Total: 395633 ns
[2023-07-14T23:57:59.218+0000][67][info ][safepoint   ] Safepoint "Cleanup", Time since last: 1043755288 ns, Reaching safepoint: 148253 ns, At safepoint: 99681 ns, Total: 247934 ns
[2023-07-14T23:58:00.326+0000][67][info ][safepoint   ] Safepoint "Cleanup", Time since last: 1107768728 ns, Reaching safepoint: 175523 ns, At safepoint: 30918 ns, Total: 206441 ns
[2023-07-14T23:58:01.390+0000][67][info ][safepoint   ] Safepoint "Cleanup", Time since last: 1063778591 ns, Reaching safepoint: 351497 ns, At safepoint: 9102 ns, Total: 360599 ns
[2023-07-14T23:58:02.393+0000][67][info ][safepoint   ] Safepoint "Cleanup", Time since last: 1002603517 ns, Reaching safepoint: 578885 ns, At safepoint: 23184 ns, Total: 602069 ns
[2023-07-14T23:58:03.397+0000][67][info ][safepoint   ] Safepoint "Cleanup", Time since last: 1003536719 ns, Reaching safepoint: 363158 ns, At safepoint: 6052 ns, Total: 369210 ns
[2023-07-14T23:58:04.814+0000][67][info ][safepoint   ] Safepoint "Cleanup", Time since last: 1417292608 ns, Reaching safepoint: 133901 ns, At safepoint: 29935 ns, Total: 163836 ns
[2023-07-14T23:58:06.605+0000][67][info ][safepoint   ] Safepoint "Cleanup", Time since last: 1790453371 ns, Reaching safepoint: 437719 ns, At safepoint: 91224 ns, Total: 528943 ns
[2023-07-14T23:58:07.609+0000][67][info ][safepoint   ] Safepoint "Cleanup", Time since last: 1002629806 ns, Reaching safepoint: 511151 ns, At safepoint: 15438 ns, Total: 526589 ns
[2023-07-14T23:58:08.643+0000][67][info ][safepoint   ] Safepoint "Cleanup", Time since last: 1034453789 ns, Reaching safepoint: 189908 ns, At safepoint: 40191 ns, Total: 230099 ns
[2023-07-14T23:58:10.683+0000][67][info ][safepoint   ] Safepoint "Cleanup", Time since last: 2041547444 ns, Reaching safepoint: 556982 ns, At safepoint: 15315 ns, Total: 572297 ns
[2023-07-14T23:58:11.804+0000][67][info ][safepoint   ] Safepoint "Cleanup", Time since last: 1120751766 ns, Reaching safepoint: 251855 ns, At safepoint: 42645 ns, Total: 294500 ns
[2023-07-14T23:58:12.864+0000][67][info ][safepoint   ] Safepoint "Cleanup", Time since last: 1059704588 ns, Reaching safepoint: 227142 ns, At safepoint: 3993 ns, Total: 231135 ns
[2023-07-14T23:58:13.865+0000][67][info ][safepoint   ] Safepoint "Cleanup", Time since last: 1001542011 ns, Reaching safepoint: 91168 ns, At safepoint: 8441 ns, Total: 99609 ns
[2023-07-14T23:58:14.987+0000][67][info ][safepoint   ] Safepoint "Cleanup", Time since last: 1121415160 ns, Reaching safepoint: 211243 ns, At safepoint: 4471 ns, Total: 215714 ns
[2023-07-14T23:58:16.944+0000][67][info ][safepoint   ] Safepoint "Cleanup", Time since last: 1955930760 ns, Reaching safepoint: 467050 ns, At safepoint: 87884 ns, Total: 554934 ns
[2023-07-14T23:58:18.091+0000][67][info ][safepoint   ] Safepoint "Cleanup", Time since last: 1147283044 ns, Reaching safepoint: 203046 ns, At safepoint: 34694 ns, Total: 237740 ns
[2023-07-14T23:58:19.307+0000][67][info ][safepoint   ] Safepoint "Cleanup", Time since last: 1214282960 ns, Reaching safepoint: 1155823 ns, At safepoint: 106980 ns, Total: 1262803 ns
[2023-07-14T23:58:20.312+0000][67][info ][safepoint   ] Safepoint "Cleanup", Time since last: 1004664576 ns, Reaching safepoint: 355326 ns, At safepoint: 6539 ns, Total: 361865 ns
[2023-07-14T23:58:22.437+0000][67][info ][gc,start    ] GC(14) Pause Young (Normal) (G1 Evacuation Pause)
[2023-07-14T23:58:22.438+0000][67][info ][gc,task     ] GC(14) Using 6 workers of 6 for evacuation
[2023-07-14T23:58:22.439+0000][67][debug][gc,age      ] GC(14) Desired survivor size 31457280 bytes, new threshold 2 (max threshold 15)
[2023-07-14T23:58:22.689+0000][67][info ][gc,mmu      ] GC(14) MMU target violated: 201.0ms (200.0ms/201.0ms)
[2023-07-14T23:58:22.690+0000][67][info ][gc,phases   ] GC(14)   Pre Evacuate Collection Set: 3.3ms
[2023-07-14T23:58:22.691+0000][67][info ][gc,phases   ] GC(14)   Merge Heap Roots: 0.5ms
[2023-07-14T23:58:22.692+0000][67][info ][gc,phases   ] GC(14)   Evacuate Collection Set: 240.7ms
[2023-07-14T23:58:22.693+0000][67][info ][gc,phases   ] GC(14)   Post Evacuate Collection Set: 4.8ms
[2023-07-14T23:58:22.694+0000][67][info ][gc,phases   ] GC(14)   Other: 3.1ms
[2023-07-14T23:58:22.695+0000][67][trace][gc,age      ] GC(14) Age table with threshold 2 (max threshold 15)
[2023-07-14T23:58:22.696+0000][67][trace][gc,age      ] GC(14) - age   1:    2873968 bytes,    2873968 total
[2023-07-14T23:58:22.696+0000][67][trace][gc,age      ] GC(14) - age   2:    1232808 bytes,    4106776 total
[2023-07-14T23:58:22.697+0000][67][info ][gc,heap     ] GC(14) Eden regions: 102->0(247)
[2023-07-14T23:58:22.698+0000][67][info ][gc,heap     ] GC(14) Survivor regions: 12->2(15)
[2023-07-14T23:58:22.699+0000][67][info ][gc,heap     ] GC(14) Old regions: 17->26
[2023-07-14T23:58:22.699+0000][67][info ][gc,heap     ] GC(14) Archive regions: 2->2
[2023-07-14T23:58:22.700+0000][67][info ][gc,heap     ] GC(14) Humongous regions: 0->0
[2023-07-14T23:58:22.701+0000][67][info ][gc,metaspace] GC(14) Metaspace: 136574K(140032K)->136574K(140032K) NonClass: 118762K(120512K)->118762K(120512K) Class: 17811K(19520K)->17811K(19520K)
[2023-07-14T23:58:22.702+0000][67][info ][gc          ] GC(14) Pause Young (Normal) (G1 Evacuation Pause) 524M->115M(3932M) 265.290ms
[2023-07-14T23:58:22.703+0000][67][info ][gc,cpu      ] GC(14) User=0.39s Sys=0.12s Real=0.27s
[2023-07-14T23:58:22.704+0000][67][info ][safepoint   ] Safepoint "G1CollectForAllocation", Time since last: 2125016725 ns, Reaching safepoint: 265672 ns, At safepoint: 267521179 ns, Total: 267786851 ns
[2023-07-14T23:58:24.672+0000][67][info ][safepoint   ] Safepoint "Cleanup", Time since last: 1967096765 ns, Reaching safepoint: 487209 ns, At safepoint: 12492 ns, Total: 499701 ns
[2023-07-14T23:58:25.676+0000][67][info ][safepoint   ] Safepoint "Cleanup", Time since last: 1003937795 ns, Reaching safepoint: 356599 ns, At safepoint: 6175 ns, Total: 362774 ns
[2023-07-14T23:58:26.680+0000][67][info ][safepoint   ] Safepoint "Cleanup", Time since last: 1003233752 ns, Reaching safepoint: 607298 ns, At safepoint: 15464 ns, Total: 622762 ns
[2023-07-14T23:58:27.683+0000][67][info ][safepoint   ] Safepoint "Cleanup", Time since last: 1002462412 ns, Reaching safepoint: 408551 ns, At safepoint: 7109 ns, Total: 415660 ns
[2023-07-14T23:58:29.942+0000][67][info ][safepoint   ] Safepoint "Cleanup", Time since last: 2258732319 ns, Reaching safepoint: 174334 ns, At safepoint: 27766 ns, Total: 202100 ns
[2023-07-14T23:58:31.719+0000][67][info ][safepoint   ] Safepoint "Cleanup", Time since last: 1776600435 ns, Reaching safepoint: 372169 ns, At safepoint: 112245 ns, Total: 484414 ns
[2023-07-14T23:58:33.156+0000][67][info ][safepoint   ] Safepoint "Cleanup", Time since last: 1436692324 ns, Reaching safepoint: 174781 ns, At safepoint: 3353 ns, Total: 178134 ns
[2023-07-14T23:58:34.157+0000][67][info ][safepoint   ] Safepoint "Cleanup", Time since last: 1001069762 ns, Reaching safepoint: 459286 ns, At safepoint: 27274 ns, Total: 486560 ns
[2023-07-14T23:58:36.060+0000][67][info ][safepoint   ] Safepoint "Cleanup", Time since last: 1901892520 ns, Reaching safepoint: 243303 ns, At safepoint: 13372 ns, Total: 256675 ns
[2023-07-14T23:58:37.092+0000][67][info ][safepoint   ] Safepoint "Cleanup", Time since last: 1032249666 ns, Reaching safepoint: 168608 ns, At safepoint: 69650 ns, Total: 238258 ns
[2023-07-14T23:58:38.181+0000][67][info ][safepoint   ] Safepoint "Cleanup", Time since last: 1088220759 ns, Reaching safepoint: 419430 ns, At safepoint: 17066 ns, Total: 436496 ns
[2023-07-14T23:58:39.791+0000][67][info ][safepoint   ] Safepoint "Cleanup", Time since last: 1609631438 ns, Reaching safepoint: 221135 ns, At safepoint: 67453 ns, Total: 288588 ns
[2023-07-14T23:58:41.637+0000][67][info ][safepoint   ] Safepoint "Cleanup", Time since last: 1846234196 ns, Reaching safepoint: 392009 ns, At safepoint: 52788 ns, Total: 444797 ns
[2023-07-14T23:58:42.642+0000][67][info ][safepoint   ] Safepoint "Cleanup", Time since last: 1003993775 ns, Reaching safepoint: 218260 ns, At safepoint: 91697 ns, Total: 309957 ns
[2023-07-14T23:58:43.896+0000][67][info ][safepoint   ] Safepoint "Cleanup", Time since last: 1254016533 ns, Reaching safepoint: 329559 ns, At safepoint: 109536 ns, Total: 439095 ns
[2023-07-14T23:58:45.056+0000][67][info ][safepoint   ] Safepoint "Cleanup", Time since last: 1159377459 ns, Reaching safepoint: 105929 ns, At safepoint: 47730 ns, Total: 153659 ns
[2023-07-14T23:58:46.131+0000][67][info ][safepoint   ] Safepoint "Cleanup", Time since last: 1075179458 ns, Reaching safepoint: 218495 ns, At safepoint: 12390 ns, Total: 230885 ns
[2023-07-14T23:58:47.892+0000][67][info ][safepoint   ] Safepoint "Cleanup", Time since last: 1760446025 ns, Reaching safepoint: 374925 ns, At safepoint: 7243 ns, Total: 382168 ns
[2023-07-14T23:58:49.189+0000][67][info ][safepoint   ] Safepoint "Cleanup", Time since last: 1296985716 ns, Reaching safepoint: 368621 ns, At safepoint: 16745 ns, Total: 385366 ns
[2023-07-14T23:58:52.937+0000][67][info ][safepoint   ] Safepoint "Cleanup", Time since last: 3747040631 ns, Reaching safepoint: 191443 ns, At safepoint: 42581 ns, Total: 234024 ns
[2023-07-14T23:58:54.486+0000][67][info ][safepoint   ] Safepoint "Cleanup", Time since last: 1549026371 ns, Reaching safepoint: 261918 ns, At safepoint: 4024 ns, Total: 265942 ns
[2023-07-14T23:58:55.488+0000][67][info ][safepoint   ] Safepoint "Cleanup", Time since last: 1001702641 ns, Reaching safepoint: 629271 ns, At safepoint: 10790 ns, Total: 640061 ns
[2023-07-14T23:58:58.492+0000][67][info ][safepoint   ] Safepoint "Cleanup", Time since last: 3003822142 ns, Reaching safepoint: 257995 ns, At safepoint: 9596 ns, Total: 267591 ns
[2023-07-14T23:58:59.709+0000][67][info ][safepoint   ] Safepoint "Cleanup", Time since last: 1216753139 ns, Reaching safepoint: 247814 ns, At safepoint: 33051 ns, Total: 280865 ns
[2023-07-14T23:59:00.772+0000][67][info ][safepoint   ] Safepoint "Cleanup", Time since last: 1061847313 ns, Reaching safepoint: 382309 ns, At safepoint: 15238 ns, Total: 397547 ns
[2023-07-14T23:59:03.775+0000][67][info ][safepoint   ] Safepoint "Cleanup", Time since last: 3003037024 ns, Reaching safepoint: 436117 ns, At safepoint: 14174 ns, Total: 450291 ns
[2023-07-14T23:59:05.774+0000][67][info ][safepoint   ] Safepoint "Cleanup", Time since last: 1998336831 ns, Reaching safepoint: 192641 ns, At safepoint: 52458 ns, Total: 245099 ns
[2023-07-14T23:59:10.844+0000][67][info ][safepoint   ] Safepoint "Cleanup", Time since last: 5071232823 ns, Reaching safepoint: 90118 ns, At safepoint: 58286 ns, Total: 148404 ns
[2023-07-14T23:59:12.393+0000][67][info ][safepoint   ] Safepoint "Cleanup", Time since last: 1548863923 ns, Reaching safepoint: 371561 ns, At safepoint: 6640 ns, Total: 378201 ns
[2023-07-14T23:59:14.396+0000][67][info ][safepoint   ] Safepoint "Cleanup", Time since last: 2002886139 ns, Reaching safepoint: 240241 ns, At safepoint: 4044 ns, Total: 244285 ns
[2023-07-14T23:59:16.817+0000][67][info ][safepoint   ] Safepoint "Cleanup", Time since last: 2420612274 ns, Reaching safepoint: 158976 ns, At safepoint: 29605 ns, Total: 188581 ns
[2023-07-14T23:59:18.607+0000][67][info ][safepoint   ] Safepoint "Cleanup", Time since last: 1789597770 ns, Reaching safepoint: 558593 ns, At safepoint: 15540 ns, Total: 574133 ns
[2023-07-14T23:59:20.610+0000][67][info ][safepoint   ] Safepoint "Cleanup", Time since last: 2002567132 ns, Reaching safepoint: 298251 ns, At safepoint: 12990 ns, Total: 311241 ns
[2023-07-14T23:59:22.955+0000][67][info ][safepoint   ] Safepoint "Cleanup", Time since last: 2344458806 ns, Reaching safepoint: 212797 ns, At safepoint: 29036 ns, Total: 241833 ns
[2023-07-14T23:59:23.956+0000][67][info ][safepoint   ] Safepoint "Cleanup", Time since last: 1000944891 ns, Reaching safepoint: 409175 ns, At safepoint: 8877 ns, Total: 418052 ns
[2023-07-14T23:59:25.120+0000][67][info ][safepoint   ] Safepoint "Cleanup", Time since last: 1163969030 ns, Reaching safepoint: 298632 ns, At safepoint: 13367 ns, Total: 311999 ns
[2023-07-14T23:59:26.123+0000][67][info ][safepoint   ] Safepoint "Cleanup", Time since last: 1002088199 ns, Reaching safepoint: 479342 ns, At safepoint: 7090 ns, Total: 486432 ns
[2023-07-14T23:59:32.384+0000][67][info ][safepoint   ] Safepoint "Cleanup", Time since last: 6260944992 ns, Reaching safepoint: 353847 ns, At safepoint: 6448 ns, Total: 360295 ns
[2023-07-14T23:59:34.388+0000][67][info ][safepoint   ] Safepoint "Cleanup", Time since last: 2003194174 ns, Reaching safepoint: 243401 ns, At safepoint: 4087 ns, Total: 247488 ns
[2023-07-14T23:59:35.684+0000][67][info ][safepoint   ] Safepoint "Cleanup", Time since last: 1296375492 ns, Reaching safepoint: 302578 ns, At safepoint: 52093 ns, Total: 354671 ns
[2023-07-14T23:59:36.921+0000][67][info ][safepoint   ] Safepoint "Cleanup", Time since last: 1236822442 ns, Reaching safepoint: 178462 ns, At safepoint: 58257 ns, Total: 236719 ns
[2023-07-14T23:59:37.933+0000][67][info ][safepoint   ] Safepoint "Cleanup", Time since last: 1011116400 ns, Reaching safepoint: 390173 ns, At safepoint: 14633 ns, Total: 404806 ns
[2023-07-14T23:59:38.935+0000][67][info ][safepoint   ] Safepoint "Cleanup", Time since last: 1002052522 ns, Reaching safepoint: 155513 ns, At safepoint: 5334 ns, Total: 160847 ns
[2023-07-14T23:59:40.088+0000][67][info ][safepoint   ] Safepoint "Cleanup", Time since last: 1150073522 ns, Reaching safepoint: 640596 ns, At safepoint: 10256 ns, Total: 650852 ns
[2023-07-14T23:59:41.893+0000][67][info ][safepoint   ] Safepoint "Cleanup", Time since last: 1804287664 ns, Reaching safepoint: 901526 ns, At safepoint: 23948 ns, Total: 925474 ns
[2023-07-14T23:59:46.835+0000][67][info ][safepoint   ] Safepoint "Cleanup", Time since last: 4941732415 ns, Reaching safepoint: 147625 ns, At safepoint: 30848 ns, Total: 178473 ns
[2023-07-14T23:59:48.411+0000][67][info ][safepoint   ] Safepoint "Cleanup", Time since last: 1575807220 ns, Reaching safepoint: 335173 ns, At safepoint: 6033 ns, Total: 341206 ns
[2023-07-14T23:59:49.414+0000][67][info ][safepoint   ] Safepoint "Cleanup", Time since last: 1002919135 ns, Reaching safepoint: 456778 ns, At safepoint: 13886 ns, Total: 470664 ns
[2023-07-14T23:59:50.417+0000][67][info ][safepoint   ] Safepoint "Cleanup", Time since last: 1002174986 ns, Reaching safepoint: 522299 ns, At safepoint: 9581 ns, Total: 531880 ns
[2023-07-14T23:59:52.821+0000][67][info ][safepoint   ] Safepoint "Cleanup", Time since last: 2403714221 ns, Reaching safepoint: 145696 ns, At safepoint: 34268 ns, Total: 179964 ns
[2023-07-14T23:59:54.672+0000][67][info ][safepoint   ] Safepoint "Cleanup", Time since last: 1850053698 ns, Reaching safepoint: 852991 ns, At safepoint: 13018 ns, Total: 866009 ns
[2023-07-14T23:59:55.675+0000][67][info ][safepoint   ] Safepoint "Cleanup", Time since last: 1002414550 ns, Reaching safepoint: 339066 ns, At safepoint: 4479 ns, Total: 343545 ns
[2023-07-14T23:59:56.879+0000][67][info ][safepoint   ] Safepoint "Cleanup", Time since last: 1204445219 ns, Reaching safepoint: 113011 ns, At safepoint: 47756 ns, Total: 160767 ns
[2023-07-14T23:59:57.943+0000][67][info ][safepoint   ] Safepoint "Cleanup", Time since last: 1063795423 ns, Reaching safepoint: 329401 ns, At safepoint: 5578 ns, Total: 334979 ns
[2023-07-14T23:59:58.978+0000][67][info ][safepoint   ] Safepoint "Cleanup", Time since last: 1035044188 ns, Reaching safepoint: 123439 ns, At safepoint: 28849 ns, Total: 152288 ns
[2023-07-15T00:00:00.594+0000][67][info ][safepoint   ] Safepoint "Cleanup", Time since last: 1615238329 ns, Reaching safepoint: 706570 ns, At safepoint: 28303 ns, Total: 734873 ns
[2023-07-15T00:00:01.831+0000][67][info ][safepoint   ] Safepoint "Cleanup", Time since last: 1236197816 ns, Reaching safepoint: 180966 ns, At safepoint: 31076 ns, Total: 212042 ns
[2023-07-15T00:00:02.277+0000][67][info ][safepoint   ] Safepoint "ICBufferFull", Time since last: 445498086 ns, Reaching safepoint: 384816 ns, At safepoint: 10525 ns, Total: 395341 ns
[2023-07-15T00:00:03.758+0000][67][info ][safepoint   ] Safepoint "Cleanup", Time since last: 1480326007 ns, Reaching safepoint: 617727 ns, At safepoint: 10218 ns, Total: 627945 ns
[2023-07-15T00:00:04.843+0000][67][info ][safepoint   ] Safepoint "Cleanup", Time since last: 1084754118 ns, Reaching safepoint: 183955 ns, At safepoint: 36955 ns, Total: 220910 ns
[2023-07-15T00:00:05.960+0000][67][info ][safepoint   ] Safepoint "Cleanup", Time since last: 1117186760 ns, Reaching safepoint: 143218 ns, At safepoint: 32132 ns, Total: 175350 ns
[2023-07-15T00:00:07.018+0000][67][info ][safepoint   ] Safepoint "Cleanup", Time since last: 1057129803 ns, Reaching safepoint: 404809 ns, At safepoint: 11643 ns, Total: 416452 ns
[2023-07-15T00:00:09.759+0000][67][info ][safepoint   ] Safepoint "Cleanup", Time since last: 2740453588 ns, Reaching safepoint: 587761 ns, At safepoint: 14031 ns, Total: 601792 ns
[2023-07-15T00:00:11.210+0000][67][info ][safepoint   ] Safepoint "Cleanup", Time since last: 1452858331 ns, Reaching safepoint: 120812 ns, At safepoint: 4451 ns, Total: 125263 ns
[2023-07-15T00:00:16.080+0000][67][info ][safepoint   ] Safepoint "Cleanup", Time since last: 4869955848 ns, Reaching safepoint: 190661 ns, At safepoint: 5584 ns, Total: 196245 ns
[2023-07-15T00:00:17.088+0000][67][info ][safepoint   ] Safepoint "Cleanup", Time since last: 1007473598 ns, Reaching safepoint: 106435 ns, At safepoint: 41809 ns, Total: 148244 ns
[2023-07-15T00:00:18.619+0000][67][info ][safepoint   ] Safepoint "Cleanup", Time since last: 1531147313 ns, Reaching safepoint: 315432 ns, At safepoint: 7420 ns, Total: 322852 ns
[2023-07-15T00:00:19.655+0000][67][info ][safepoint   ] Safepoint "Cleanup", Time since last: 1035767441 ns, Reaching safepoint: 242100 ns, At safepoint: 45190 ns, Total: 287290 ns
[2023-07-15T00:00:20.848+0000][67][info ][safepoint   ] Safepoint "Cleanup", Time since last: 1192644928 ns, Reaching safepoint: 288204 ns, At safepoint: 4828 ns, Total: 293032 ns
[2023-07-15T00:00:22.835+0000][67][info ][safepoint   ] Safepoint "Cleanup", Time since last: 1985997406 ns, Reaching safepoint: 135812 ns, At safepoint: 11438 ns, Total: 147250 ns
[2023-07-15T00:00:23.844+0000][67][info ][safepoint   ] Safepoint "Cleanup", Time since last: 1009844068 ns, Reaching safepoint: 82735 ns, At safepoint: 5787 ns, Total: 88522 ns
[2023-07-15T00:00:25.851+0000][67][info ][safepoint   ] Safepoint "Cleanup", Time since last: 2005915703 ns, Reaching safepoint: 516480 ns, At safepoint: 15137 ns, Total: 531617 ns
[2023-07-15T00:00:27.854+0000][67][info ][safepoint   ] Safepoint "Cleanup", Time since last: 2002877481 ns, Reaching safepoint: 256728 ns, At safepoint: 10212 ns, Total: 266940 ns
[2023-07-15T00:00:28.858+0000][67][info ][safepoint   ] Safepoint "Cleanup", Time since last: 1003800301 ns, Reaching safepoint: 213119 ns, At safepoint: 27000 ns, Total: 240119 ns
[2023-07-15T00:00:34.162+0000][67][info ][safepoint   ] Safepoint "Cleanup", Time since last: 5303113924 ns, Reaching safepoint: 471838 ns, At safepoint: 10129 ns, Total: 481967 ns
[2023-07-15T00:00:35.376+0000][67][info ][safepoint   ] Safepoint "Cleanup", Time since last: 1214622778 ns, Reaching safepoint: 141281 ns, At safepoint: 4580 ns, Total: 145861 ns
[2023-07-15T00:00:36.436+0000][67][info ][safepoint   ] Safepoint "Cleanup", Time since last: 1058910123 ns, Reaching safepoint: 625498 ns, At safepoint: 63974 ns, Total: 689472 ns
[2023-07-15T00:00:38.441+0000][67][info ][safepoint   ] Safepoint "Cleanup", Time since last: 2004569198 ns, Reaching safepoint: 460861 ns, At safepoint: 7295 ns, Total: 468156 ns
[2023-07-15T00:00:40.142+0000][67][info ][safepoint   ] Safepoint "Cleanup", Time since last: 1700591280 ns, Reaching safepoint: 303385 ns, At safepoint: 4755 ns, Total: 308140 ns
[2023-07-15T00:00:41.654+0000][67][info ][safepoint   ] Safepoint "Cleanup", Time since last: 1510928229 ns, Reaching safepoint: 251601 ns, At safepoint: 10686 ns, Total: 262287 ns
[2023-07-15T00:00:42.846+0000][67][info ][safepoint   ] Safepoint "Cleanup", Time since last: 1191876677 ns, Reaching safepoint: 288304 ns, At safepoint: 55010 ns, Total: 343314 ns
[2023-07-15T00:00:43.858+0000][67][info ][safepoint   ] Safepoint "Cleanup", Time since last: 1012175060 ns, Reaching safepoint: 368834 ns, At safepoint: 6919 ns, Total: 375753 ns
[2023-07-15T00:00:46.831+0000][67][info ][safepoint   ] Safepoint "Cleanup", Time since last: 2972412458 ns, Reaching safepoint: 186045 ns, At safepoint: 33577 ns, Total: 219622 ns
[2023-07-15T00:00:48.034+0000][67][info ][safepoint   ] Safepoint "Cleanup", Time since last: 1203280209 ns, Reaching safepoint: 210763 ns, At safepoint: 37815 ns, Total: 248578 ns
[2023-07-15T00:00:49.095+0000][67][info ][safepoint   ] Safepoint "Cleanup", Time since last: 1060393691 ns, Reaching safepoint: 486606 ns, At safepoint: 15800 ns, Total: 502406 ns
[2023-07-15T00:00:52.857+0000][67][info ][safepoint   ] Safepoint "Cleanup", Time since last: 3761059075 ns, Reaching safepoint: 198836 ns, At safepoint: 33299 ns, Total: 232135 ns
[2023-07-15T00:00:54.350+0000][67][info ][safepoint   ] Safepoint "Cleanup", Time since last: 1492935735 ns, Reaching safepoint: 765876 ns, At safepoint: 30354 ns, Total: 796230 ns
[2023-07-15T00:00:56.354+0000][67][info ][safepoint   ] Safepoint "Cleanup", Time since last: 2003178177 ns, Reaching safepoint: 504213 ns, At safepoint: 10380 ns, Total: 514593 ns
[2023-07-15T00:00:57.359+0000][67][info ][safepoint   ] Safepoint "Cleanup", Time since last: 1004269938 ns, Reaching safepoint: 789370 ns, At safepoint: 62259 ns, Total: 851629 ns
[2023-07-15T00:00:58.362+0000][67][info ][safepoint   ] Safepoint "Cleanup", Time since last: 1002245989 ns, Reaching safepoint: 180090 ns, At safepoint: 3304 ns, Total: 183394 ns
[2023-07-15T00:00:59.599+0000][67][info ][safepoint   ] Safepoint "Cleanup", Time since last: 1235860688 ns, Reaching safepoint: 857212 ns, At safepoint: 96983 ns, Total: 954195 ns
[2023-07-15T00:01:00.707+0000][67][info ][safepoint   ] Safepoint "Cleanup", Time since last: 1107599058 ns, Reaching safepoint: 229648 ns, At safepoint: 344525 ns, Total: 574173 ns
[2023-07-15T00:01:03.754+0000][67][info ][safepoint   ] Safepoint "Cleanup", Time since last: 3046671443 ns, Reaching safepoint: 378458 ns, At safepoint: 16576 ns, Total: 395034 ns
[2023-07-15T00:01:05.396+0000][67][info ][safepoint   ] Safepoint "Cleanup", Time since last: 1641762016 ns, Reaching safepoint: 245571 ns, At safepoint: 40224 ns, Total: 285795 ns
[2023-07-15T00:01:10.396+0000][67][info ][safepoint   ] Safepoint "Cleanup", Time since last: 4999229761 ns, Reaching safepoint: 546630 ns, At safepoint: 9906 ns, Total: 556536 ns
[2023-07-15T00:01:11.435+0000][67][info ][safepoint   ] Safepoint "Cleanup", Time since last: 1039256800 ns, Reaching safepoint: 168777 ns, At safepoint: 26434 ns, Total: 195211 ns
[2023-07-15T00:01:12.442+0000][67][info ][safepoint   ] Safepoint "Cleanup", Time since last: 1006053481 ns, Reaching safepoint: 289552 ns, At safepoint: 4847 ns, Total: 294399 ns
[2023-07-15T00:01:15.694+0000][67][info ][safepoint   ] Safepoint "Cleanup", Time since last: 3251653500 ns, Reaching safepoint: 459075 ns, At safepoint: 13822 ns, Total: 472897 ns
[2023-07-15T00:01:16.857+0000][67][info ][safepoint   ] Safepoint "Cleanup", Time since last: 1162819150 ns, Reaching safepoint: 122097 ns, At safepoint: 50156 ns, Total: 172253 ns
[2023-07-15T00:01:17.905+0000][67][info ][safepoint   ] Safepoint "Cleanup", Time since last: 1047822554 ns, Reaching safepoint: 156571 ns, At safepoint: 51389 ns, Total: 207960 ns
[2023-07-15T00:01:19.972+0000][67][info ][safepoint   ] Safepoint "Cleanup", Time since last: 2067184921 ns, Reaching safepoint: 322780 ns, At safepoint: 4671 ns, Total: 327451 ns
[2023-07-15T00:01:21.938+0000][67][info ][safepoint   ] Safepoint "Cleanup", Time since last: 1965008892 ns, Reaching safepoint: 433901 ns, At safepoint: 16157 ns, Total: 450058 ns
[2023-07-15T00:01:22.981+0000][67][info ][safepoint   ] Safepoint "Cleanup", Time since last: 1043014878 ns, Reaching safepoint: 347786 ns, At safepoint: 58209 ns, Total: 405995 ns
[2023-07-15T00:01:24.265+0000][67][info ][safepoint   ] Safepoint "Cleanup", Time since last: 1283196080 ns, Reaching safepoint: 385110 ns, At safepoint: 12093 ns, Total: 397203 ns
[2023-07-15T00:01:25.535+0000][67][info ][safepoint   ] Safepoint "Cleanup", Time since last: 1270074861 ns, Reaching safepoint: 217966 ns, At safepoint: 7023 ns, Total: 224989 ns
[2023-07-15T00:01:26.538+0000][67][info ][safepoint   ] Safepoint "Cleanup", Time since last: 1001896653 ns, Reaching safepoint: 743218 ns, At safepoint: 12307 ns, Total: 755525 ns
[2023-07-15T00:01:28.851+0000][67][info ][safepoint   ] Safepoint "Cleanup", Time since last: 2313445377 ns, Reaching safepoint: 150440 ns, At safepoint: 30794 ns, Total: 181234 ns
[2023-07-15T00:01:29.995+0000][67][info ][safepoint   ] Safepoint "Cleanup", Time since last: 1143733171 ns, Reaching safepoint: 248489 ns, At safepoint: 76706 ns, Total: 325195 ns
[2023-07-15T00:01:31.914+0000][67][info ][safepoint   ] Safepoint "Cleanup", Time since last: 1917935383 ns, Reaching safepoint: 609291 ns, At safepoint: 10373 ns, Total: 619664 ns
[2023-07-15T00:01:34.852+0000][67][info ][safepoint   ] Safepoint "Cleanup", Time since last: 2938058244 ns, Reaching safepoint: 197149 ns, At safepoint: 34993 ns, Total: 232142 ns
[2023-07-15T00:01:35.916+0000][67][info ][safepoint   ] Safepoint "Cleanup", Time since last: 1063525769 ns, Reaching safepoint: 407085 ns, At safepoint: 17179 ns, Total: 424264 ns
[2023-07-15T00:01:38.242+0000][67][info ][safepoint   ] Safepoint "Cleanup", Time since last: 2325400409 ns, Reaching safepoint: 234895 ns, At safepoint: 6564 ns, Total: 241459 ns
[2023-07-15T00:01:39.244+0000][67][info ][safepoint   ] Safepoint "Cleanup", Time since last: 1001881521 ns, Reaching safepoint: 524533 ns, At safepoint: 10157 ns, Total: 534690 ns
[2023-07-15T00:01:40.644+0000][67][info ][safepoint   ] Safepoint "Cleanup", Time since last: 1399249308 ns, Reaching safepoint: 292338 ns, At safepoint: 6523 ns, Total: 298861 ns
[2023-07-15T00:01:42.517+0000][67][info ][safepoint   ] Safepoint "Cleanup", Time since last: 1872449275 ns, Reaching safepoint: 629519 ns, At safepoint: 9402 ns, Total: 638921 ns
[2023-07-15T00:01:46.845+0000][67][info ][safepoint   ] Safepoint "Cleanup", Time since last: 4327817102 ns, Reaching safepoint: 129489 ns, At safepoint: 46123 ns, Total: 175612 ns
[2023-07-15T00:01:48.168+0000][67][info ][safepoint   ] Safepoint "Cleanup", Time since last: 1322377590 ns, Reaching safepoint: 580051 ns, At safepoint: 57909 ns, Total: 637960 ns
[2023-07-15T00:01:49.176+0000][67][info ][safepoint   ] Safepoint "Cleanup", Time since last: 1007540743 ns, Reaching safepoint: 284053 ns, At safepoint: 6472 ns, Total: 290525 ns
[2023-07-15T00:01:50.609+0000][67][info ][safepoint   ] Safepoint "Cleanup", Time since last: 1432523499 ns, Reaching safepoint: 313244 ns, At safepoint: 4645 ns, Total: 317889 ns
[2023-07-15T00:01:52.982+0000][67][info ][safepoint   ] Safepoint "Cleanup", Time since last: 2373133207 ns, Reaching safepoint: 205763 ns, At safepoint: 26707 ns, Total: 232470 ns
[2023-07-15T00:01:55.055+0000][67][info ][safepoint   ] Safepoint "Cleanup", Time since last: 2072353859 ns, Reaching safepoint: 347592 ns, At safepoint: 6023 ns, Total: 353615 ns
[2023-07-15T00:01:59.116+0000][67][info ][safepoint   ] Safepoint "Cleanup", Time since last: 4060502258 ns, Reaching safepoint: 186969 ns, At safepoint: 4769 ns, Total: 191738 ns
[2023-07-15T00:02:00.404+0000][67][info ][safepoint   ] Safepoint "Cleanup", Time since last: 1287585678 ns, Reaching safepoint: 549047 ns, At safepoint: 10912 ns, Total: 559959 ns
[2023-07-15T00:02:04.844+0000][67][info ][safepoint   ] Safepoint "Cleanup", Time since last: 4440384585 ns, Reaching safepoint: 154968 ns, At safepoint: 4228 ns, Total: 159196 ns
[2023-07-15T00:02:06.617+0000][67][info ][safepoint   ] Safepoint "Cleanup", Time since last: 1772487398 ns, Reaching safepoint: 478004 ns, At safepoint: 8876 ns, Total: 486880 ns
[2023-07-15T00:02:10.852+0000][67][info ][safepoint   ] Safepoint "Cleanup", Time since last: 4234007670 ns, Reaching safepoint: 182685 ns, At safepoint: 30266 ns, Total: 212951 ns
[2023-07-15T00:02:11.859+0000][67][info ][safepoint   ] Safepoint "Cleanup", Time since last: 1006988393 ns, Reaching safepoint: 318173 ns, At safepoint: 27285 ns, Total: 345458 ns
[2023-07-15T00:02:12.889+0000][67][info ][safepoint   ] Safepoint "Cleanup", Time since last: 1029486062 ns, Reaching safepoint: 778650 ns, At safepoint: 28009 ns, Total: 806659 ns
[2023-07-15T00:02:13.893+0000][67][info ][safepoint   ] Safepoint "Cleanup", Time since last: 1003009929 ns, Reaching safepoint: 234537 ns, At safepoint: 4506 ns, Total: 239043 ns
[2023-07-15T00:02:15.895+0000][67][info ][safepoint   ] Safepoint "Cleanup", Time since last: 2002284505 ns, Reaching safepoint: 240397 ns, At safepoint: 4695 ns, Total: 245092 ns
[2023-07-15T00:02:16.896+0000][67][info ][safepoint   ] Safepoint "Cleanup", Time since last: 1000208216 ns, Reaching safepoint: 212700 ns, At safepoint: 27459 ns, Total: 240159 ns
[2023-07-15T00:02:17.984+0000][67][info ][safepoint   ] Safepoint "Cleanup", Time since last: 1087663932 ns, Reaching safepoint: 214434 ns, At safepoint: 5082 ns, Total: 219516 ns
[2023-07-15T00:02:20.160+0000][67][info ][safepoint   ] Safepoint "Cleanup", Time since last: 2175733070 ns, Reaching safepoint: 574863 ns, At safepoint: 11659 ns, Total: 586522 ns
[2023-07-15T00:02:22.849+0000][67][info ][safepoint   ] Safepoint "Cleanup", Time since last: 2689011331 ns, Reaching safepoint: 112417 ns, At safepoint: 28780 ns, Total: 141197 ns
[2023-07-15T00:02:24.539+0000][67][info ][safepoint   ] Safepoint "Cleanup", Time since last: 1690280442 ns, Reaching safepoint: 100779 ns, At safepoint: 4293 ns, Total: 105072 ns
[2023-07-15T00:02:28.868+0000][67][info ][safepoint   ] Safepoint "Cleanup", Time since last: 4328815746 ns, Reaching safepoint: 59345 ns, At safepoint: 2862 ns, Total: 62207 ns
[2023-07-15T00:02:30.787+0000][67][info ][safepoint   ] Safepoint "Cleanup", Time since last: 1917294684 ns, Reaching safepoint: 909538 ns, At safepoint: 11097 ns, Total: 920635 ns
[2023-07-15T00:02:34.791+0000][67][info ][safepoint   ] Safepoint "Cleanup", Time since last: 4003967761 ns, Reaching safepoint: 190135 ns, At safepoint: 50746 ns, Total: 240881 ns
[2023-07-15T00:02:38.044+0000][67][info ][safepoint   ] Safepoint "Cleanup", Time since last: 3253042667 ns, Reaching safepoint: 405477 ns, At safepoint: 15814 ns, Total: 421291 ns
[2023-07-15T00:02:40.047+0000][67][info ][safepoint   ] Safepoint "Cleanup", Time since last: 2002072235 ns, Reaching safepoint: 249393 ns, At safepoint: 9831 ns, Total: 259224 ns
[2023-07-15T00:02:41.241+0000][67][info ][safepoint   ] Safepoint "Cleanup", Time since last: 1194096328 ns, Reaching safepoint: 193871 ns, At safepoint: 61978 ns, Total: 255849 ns
[2023-07-15T00:02:43.301+0000][67][info ][safepoint   ] Safepoint "Cleanup", Time since last: 2058955136 ns, Reaching safepoint: 671480 ns, At safepoint: 23923 ns, Total: 695403 ns
[2023-07-15T00:02:46.891+0000][67][info ][safepoint   ] Safepoint "Cleanup", Time since last: 3589646295 ns, Reaching safepoint: 147090 ns, At safepoint: 31451 ns, Total: 178541 ns
[2023-07-15T00:02:50.593+0000][67][info ][safepoint   ] Safepoint "Cleanup", Time since last: 3701833184 ns, Reaching safepoint: 225508 ns, At safepoint: 5137 ns, Total: 230645 ns
[2023-07-15T00:02:53.142+0000][67][info ][safepoint   ] Safepoint "Cleanup", Time since last: 2549441164 ns, Reaching safepoint: 269803 ns, At safepoint: 37309 ns, Total: 307112 ns
[2023-07-15T00:02:54.973+0000][67][info ][safepoint   ] Safepoint "Cleanup", Time since last: 1829773494 ns, Reaching safepoint: 404728 ns, At safepoint: 5972 ns, Total: 410700 ns
[2023-07-15T00:02:55.999+0000][67][info ][safepoint   ] Safepoint "Cleanup", Time since last: 1026414560 ns, Reaching safepoint: 163302 ns, At safepoint: 57477 ns, Total: 220779 ns
[2023-07-15T00:02:56.090+0000][67][info ][gc,start    ] GC(15) Pause Young (Normal) (G1 Evacuation Pause)
[2023-07-15T00:02:56.092+0000][67][info ][gc,task     ] GC(15) Using 6 workers of 6 for evacuation
[2023-07-15T00:02:56.094+0000][67][debug][gc,age      ] GC(15) Desired survivor size 67108864 bytes, new threshold 15 (max threshold 15)
[2023-07-15T00:02:56.104+0000][67][info ][gc,phases   ] GC(15)   Pre Evacuate Collection Set: 0.6ms
[2023-07-15T00:02:56.105+0000][67][info ][gc,phases   ] GC(15)   Merge Heap Roots: 0.2ms
[2023-07-15T00:02:56.106+0000][67][info ][gc,phases   ] GC(15)   Evacuate Collection Set: 5.3ms
[2023-07-15T00:02:56.106+0000][67][info ][gc,phases   ] GC(15)   Post Evacuate Collection Set: 2.9ms
[2023-07-15T00:02:56.107+0000][67][info ][gc,phases   ] GC(15)   Other: 2.2ms
[2023-07-15T00:02:56.108+0000][67][trace][gc,age      ] GC(15) Age table with threshold 15 (max threshold 15)
[2023-07-15T00:02:56.109+0000][67][trace][gc,age      ] GC(15) - age   1:    4484912 bytes,    4484912 total
[2023-07-15T00:02:56.110+0000][67][trace][gc,age      ] GC(15) - age   2:     442736 bytes,    4927648 total
[2023-07-15T00:02:56.110+0000][67][trace][gc,age      ] GC(15) - age   3:    1128096 bytes,    6055744 total
[2023-07-15T00:02:56.111+0000][67][info ][gc,heap     ] GC(15) Eden regions: 247->0(587)
[2023-07-15T00:02:56.112+0000][67][info ][gc,heap     ] GC(15) Survivor regions: 2->2(32)
[2023-07-15T00:02:56.113+0000][67][info ][gc,heap     ] GC(15) Old regions: 26->26
[2023-07-15T00:02:56.113+0000][67][info ][gc,heap     ] GC(15) Archive regions: 2->2
[2023-07-15T00:02:56.114+0000][67][info ][gc,heap     ] GC(15) Humongous regions: 0->0
[2023-07-15T00:02:56.115+0000][67][info ][gc,metaspace] GC(15) Metaspace: 138565K(142080K)->138565K(142080K) NonClass: 120575K(122368K)->120575K(122368K) Class: 17989K(19712K)->17989K(19712K)
[2023-07-15T00:02:56.116+0000][67][info ][gc          ] GC(15) Pause Young (Normal) (G1 Evacuation Pause) 1103M->114M(3932M) 26.107ms
[2023-07-15T00:02:56.117+0000][67][info ][gc,cpu      ] GC(15) User=0.04s Sys=0.01s Real=0.02s
[2023-07-15T00:02:56.118+0000][67][info ][safepoint   ] Safepoint "G1CollectForAllocation", Time since last: 90412068 ns, Reaching safepoint: 127556 ns, At safepoint: 27795066 ns, Total: 27922622 ns
[2023-07-15T00:02:57.119+0000][67][info ][safepoint   ] Safepoint "Cleanup", Time since last: 1001122037 ns, Reaching safepoint: 255352 ns, At safepoint: 54296 ns, Total: 309648 ns
[2023-07-15T00:02:58.897+0000][67][info ][safepoint   ] Safepoint "Cleanup", Time since last: 1777913611 ns, Reaching safepoint: 160364 ns, At safepoint: 4948 ns, Total: 165312 ns
[2023-07-15T00:03:00.525+0000][67][info ][safepoint   ] Safepoint "Cleanup", Time since last: 1627072532 ns, Reaching safepoint: 430064 ns, At safepoint: 5928 ns, Total: 435992 ns
[2023-07-15T00:03:02.527+0000][67][info ][safepoint   ] Safepoint "Cleanup", Time since last: 2002245891 ns, Reaching safepoint: 184087 ns, At safepoint: 33581 ns, Total: 217668 ns
[2023-07-15T00:03:04.857+0000][67][info ][safepoint   ] Safepoint "Cleanup", Time since last: 2329966636 ns, Reaching safepoint: 247697 ns, At safepoint: 28493 ns, Total: 276190 ns
[2023-07-15T00:03:06.741+0000][67][info ][safepoint   ] Safepoint "Cleanup", Time since last: 1882822422 ns, Reaching safepoint: 410895 ns, At safepoint: 16082 ns, Total: 426977 ns
[2023-07-15T00:03:07.761+0000][67][info ][safepoint   ] Safepoint "Cleanup", Time since last: 1019713939 ns, Reaching safepoint: 296873 ns, At safepoint: 26973 ns, Total: 323846 ns
[2023-07-15T00:03:08.869+0000][67][info ][safepoint   ] Safepoint "Cleanup", Time since last: 1108290055 ns, Reaching safepoint: 84045 ns, At safepoint: 50102 ns, Total: 134147 ns
[2023-07-15T00:03:09.878+0000][67][info ][safepoint   ] Safepoint "Cleanup", Time since last: 1008414865 ns, Reaching safepoint: 335790 ns, At safepoint: 17231 ns, Total: 353021 ns
[2023-07-15T00:03:11.979+0000][67][info ][safepoint   ] Safepoint "Cleanup", Time since last: 2100579484 ns, Reaching safepoint: 211192 ns, At safepoint: 60359 ns, Total: 271551 ns
[2023-07-15T00:03:14.129+0000][67][info ][safepoint   ] Safepoint "Cleanup", Time since last: 2149212547 ns, Reaching safepoint: 389623 ns, At safepoint: 15006 ns, Total: 404629 ns
[2023-07-15T00:03:16.850+0000][67][info ][safepoint   ] Safepoint "Cleanup", Time since last: 2721465276 ns, Reaching safepoint: 162604 ns, At safepoint: 28671 ns, Total: 191275 ns
[2023-07-15T00:03:18.026+0000][67][info ][safepoint   ] Safepoint "Cleanup", Time since last: 1175629736 ns, Reaching safepoint: 141447 ns, At safepoint: 31367 ns, Total: 172814 ns
[2023-07-15T00:03:23.593+0000][67][info ][safepoint   ] Safepoint "Cleanup", Time since last: 5566579946 ns, Reaching safepoint: 135599 ns, At safepoint: 56528 ns, Total: 192127 ns
[2023-07-15T00:03:24.676+0000][67][info ][safepoint   ] Safepoint "Cleanup", Time since last: 1082882579 ns, Reaching safepoint: 222358 ns, At safepoint: 4370 ns, Total: 226728 ns
[2023-07-15T00:03:25.678+0000][67][info ][safepoint   ] Safepoint "Cleanup", Time since last: 1001441739 ns, Reaching safepoint: 234335 ns, At safepoint: 4776 ns, Total: 239111 ns
[2023-07-15T00:03:26.741+0000][67][info ][safepoint   ] Safepoint "Cleanup", Time since last: 1062637972 ns, Reaching safepoint: 294754 ns, At safepoint: 54550 ns, Total: 349304 ns
[2023-07-15T00:03:28.742+0000][67][info ][safepoint   ] Safepoint "Cleanup", Time since last: 2001785450 ns, Reaching safepoint: 78743 ns, At safepoint: 12422 ns, Total: 91165 ns
[2023-07-15T00:03:29.971+0000][67][info ][safepoint   ] Safepoint "Cleanup", Time since last: 1228432807 ns, Reaching safepoint: 163811 ns, At safepoint: 44673 ns, Total: 208484 ns
[2023-07-15T00:03:32.049+0000][67][info ][safepoint   ] Safepoint "Cleanup", Time since last: 2077697434 ns, Reaching safepoint: 345367 ns, At safepoint: 6338 ns, Total: 351705 ns
[2023-07-15T00:03:35.282+0000][67][info ][safepoint   ] Safepoint "Cleanup", Time since last: 3233197447 ns, Reaching safepoint: 91875 ns, At safepoint: 6994 ns, Total: 98869 ns
[2023-07-15T00:03:37.392+0000][67][info ][safepoint   ] Safepoint "Cleanup", Time since last: 2109363349 ns, Reaching safepoint: 528238 ns, At safepoint: 24180 ns, Total: 552418 ns
[2023-07-15T00:03:40.855+0000][67][info ][safepoint   ] Safepoint "Cleanup", Time since last: 3462171326 ns, Reaching safepoint: 127131 ns, At safepoint: 39826 ns, Total: 166957 ns
[2023-07-15T00:03:42.786+0000][67][info ][safepoint   ] Safepoint "Cleanup", Time since last: 1930770132 ns, Reaching safepoint: 301078 ns, At safepoint: 17142 ns, Total: 318220 ns
[2023-07-15T00:03:46.789+0000][67][info ][safepoint   ] Safepoint "Cleanup", Time since last: 4002503502 ns, Reaching safepoint: 162832 ns, At safepoint: 33809 ns, Total: 196641 ns
[2023-07-15T00:03:53.206+0000][67][info ][safepoint   ] Safepoint "Cleanup", Time since last: 6417321000 ns, Reaching safepoint: 235720 ns, At safepoint: 26543 ns, Total: 262263 ns
[2023-07-15T00:03:55.514+0000][67][info ][safepoint   ] Safepoint "Cleanup", Time since last: 2308108670 ns, Reaching safepoint: 210878 ns, At safepoint: 7747 ns, Total: 218625 ns
[2023-07-15T00:03:58.517+0000][67][info ][safepoint   ] Safepoint "Cleanup", Time since last: 3002275076 ns, Reaching safepoint: 201494 ns, At safepoint: 5058 ns, Total: 206552 ns
[2023-07-15T00:04:05.105+0000][67][info ][safepoint   ] Safepoint "Cleanup", Time since last: 6588382400 ns, Reaching safepoint: 89475 ns, At safepoint: 42148 ns, Total: 131623 ns
[2023-07-15T00:04:06.134+0000][67][info ][safepoint   ] Safepoint "Cleanup", Time since last: 1028115903 ns, Reaching safepoint: 229116 ns, At safepoint: 29970 ns, Total: 259086 ns
[2023-07-15T00:04:07.140+0000][67][info ][safepoint   ] Safepoint "Cleanup", Time since last: 1005704172 ns, Reaching safepoint: 338779 ns, At safepoint: 5471 ns, Total: 344250 ns
[2023-07-15T00:04:08.143+0000][67][info ][safepoint   ] Safepoint "Cleanup", Time since last: 1002319563 ns, Reaching safepoint: 297052 ns, At safepoint: 5570 ns, Total: 302622 ns
[2023-07-15T00:04:10.859+0000][67][info ][safepoint   ] Safepoint "Cleanup", Time since last: 2716084194 ns, Reaching safepoint: 222777 ns, At safepoint: 26758 ns, Total: 249535 ns
[2023-07-15T00:04:12.362+0000][67][info ][safepoint   ] Safepoint "Cleanup", Time since last: 1502870564 ns, Reaching safepoint: 54237 ns, At safepoint: 1965 ns, Total: 56202 ns
[2023-07-15T00:04:16.871+0000][67][info ][safepoint   ] Safepoint "Cleanup", Time since last: 4508483055 ns, Reaching safepoint: 181389 ns, At safepoint: 26648 ns, Total: 208037 ns
[2023-07-15T00:04:18.641+0000][67][info ][safepoint   ] Safepoint "Cleanup", Time since last: 1769657801 ns, Reaching safepoint: 455508 ns, At safepoint: 15068 ns, Total: 470576 ns
[2023-07-15T00:04:19.644+0000][67][info ][safepoint   ] Safepoint "Cleanup", Time since last: 1002552920 ns, Reaching safepoint: 249529 ns, At safepoint: 13314 ns, Total: 262843 ns
[2023-07-15T00:04:20.646+0000][67][info ][safepoint   ] Safepoint "Cleanup", Time since last: 1001850729 ns, Reaching safepoint: 339766 ns, At safepoint: 4988 ns, Total: 344754 ns
[2023-07-15T00:04:22.026+0000][67][info ][safepoint   ] Safepoint "Cleanup", Time since last: 1379113696 ns, Reaching safepoint: 331103 ns, At safepoint: 47543 ns, Total: 378646 ns
[2023-07-15T00:04:23.044+0000][67][info ][safepoint   ] Safepoint "Cleanup", Time since last: 1017753877 ns, Reaching safepoint: 176024 ns, At safepoint: 26438 ns, Total: 202462 ns
[2023-07-15T00:04:24.918+0000][67][info ][safepoint   ] Safepoint "Cleanup", Time since last: 1873995946 ns, Reaching safepoint: 401385 ns, At safepoint: 16406 ns, Total: 417791 ns
[2023-07-15T00:04:25.921+0000][67][info ][safepoint   ] Safepoint "Cleanup", Time since last: 1002468501 ns, Reaching safepoint: 338919 ns, At safepoint: 6629 ns, Total: 345548 ns
[2023-07-15T00:04:26.924+0000][67][info ][safepoint   ] Safepoint "Cleanup", Time since last: 1002441241 ns, Reaching safepoint: 380268 ns, At safepoint: 5631 ns, Total: 385899 ns
[2023-07-15T00:04:28.874+0000][67][info ][safepoint   ] Safepoint "Cleanup", Time since last: 1950287943 ns, Reaching safepoint: 247112 ns, At safepoint: 11934 ns, Total: 259046 ns
[2023-07-15T00:04:30.013+0000][67][info ][safepoint   ] Safepoint "Cleanup", Time since last: 1138245976 ns, Reaching safepoint: 195979 ns, At safepoint: 3870 ns, Total: 199849 ns
[2023-07-15T00:04:31.276+0000][67][info ][safepoint   ] Safepoint "Cleanup", Time since last: 1262991725 ns, Reaching safepoint: 199173 ns, At safepoint: 71234 ns, Total: 270407 ns
[2023-07-15T00:04:32.286+0000][67][info ][safepoint   ] Safepoint "Cleanup", Time since last: 1009900887 ns, Reaching safepoint: 388405 ns, At safepoint: 6308 ns, Total: 394713 ns
[2023-07-15T00:04:34.865+0000][67][info ][safepoint   ] Safepoint "Cleanup", Time since last: 2578576073 ns, Reaching safepoint: 179313 ns, At safepoint: 30101 ns, Total: 209414 ns
[2023-07-15T00:04:36.612+0000][67][info ][safepoint   ] Safepoint "Cleanup", Time since last: 1746598017 ns, Reaching safepoint: 854395 ns, At safepoint: 8151 ns, Total: 862546 ns
[2023-07-15T00:04:38.616+0000][67][info ][safepoint   ] Safepoint "Cleanup", Time since last: 2002896999 ns, Reaching safepoint: 528378 ns, At safepoint: 9311 ns, Total: 537689 ns
[2023-07-15T00:04:41.701+0000][67][info ][safepoint   ] Safepoint "Cleanup", Time since last: 3085019224 ns, Reaching safepoint: 106934 ns, At safepoint: 26939 ns, Total: 133873 ns
[2023-07-15T00:04:42.886+0000][67][info ][safepoint   ] Safepoint "Cleanup", Time since last: 1185056701 ns, Reaching safepoint: 50503 ns, At safepoint: 48205 ns, Total: 98708 ns
[2023-07-15T00:04:43.896+0000][67][info ][safepoint   ] Safepoint "Cleanup", Time since last: 1009197085 ns, Reaching safepoint: 516996 ns, At safepoint: 9958 ns, Total: 526954 ns
[2023-07-15T00:04:46.865+0000][67][info ][safepoint   ] Safepoint "Cleanup", Time since last: 2968904823 ns, Reaching safepoint: 223106 ns, At safepoint: 33886 ns, Total: 256992 ns
[2023-07-15T00:04:47.995+0000][67][info ][safepoint   ] Safepoint "Cleanup", Time since last: 1129005478 ns, Reaching safepoint: 836160 ns, At safepoint: 8904 ns, Total: 845064 ns
[2023-07-15T00:04:49.053+0000][67][info ][safepoint   ] Safepoint "Cleanup", Time since last: 1057544062 ns, Reaching safepoint: 181104 ns, At safepoint: 37291 ns, Total: 218395 ns
[2023-07-15T00:04:50.504+0000][67][info ][safepoint   ] Safepoint "Cleanup", Time since last: 1450164665 ns, Reaching safepoint: 624252 ns, At safepoint: 9924 ns, Total: 634176 ns
[2023-07-15T00:04:52.508+0000][67][info ][safepoint   ] Safepoint "Cleanup", Time since last: 2003791968 ns, Reaching safepoint: 637289 ns, At safepoint: 37071 ns, Total: 674360 ns
[2023-07-15T00:04:54.481+0000][67][info ][safepoint   ] Safepoint "Cleanup", Time since last: 1972159721 ns, Reaching safepoint: 623372 ns, At safepoint: 11281 ns, Total: 634653 ns
[2023-07-15T00:04:55.485+0000][67][info ][safepoint   ] Safepoint "Cleanup", Time since last: 1003072802 ns, Reaching safepoint: 652377 ns, At safepoint: 9239 ns, Total: 661616 ns
[2023-07-15T00:04:57.490+0000][67][info ][safepoint   ] Safepoint "Cleanup", Time since last: 2003433426 ns, Reaching safepoint: 1357212 ns, At safepoint: 25180 ns, Total: 1382392 ns
[2023-07-15T00:04:59.107+0000][67][info ][safepoint   ] Safepoint "Cleanup", Time since last: 1616831043 ns, Reaching safepoint: 133953 ns, At safepoint: 4603 ns, Total: 138556 ns
[2023-07-15T00:05:00.849+0000][67][info ][safepoint   ] Safepoint "Cleanup", Time since last: 1742268707 ns, Reaching safepoint: 543246 ns, At safepoint: 9897 ns, Total: 553143 ns
[2023-07-15T00:05:04.853+0000][67][info ][safepoint   ] Safepoint "Cleanup", Time since last: 4003622362 ns, Reaching safepoint: 146118 ns, At safepoint: 3250 ns, Total: 149368 ns
[2023-07-15T00:05:05.990+0000][67][info ][safepoint   ] Safepoint "Cleanup", Time since last: 1136781436 ns, Reaching safepoint: 183175 ns, At safepoint: 15730 ns, Total: 198905 ns
[2023-07-15T00:05:07.064+0000][67][info ][safepoint   ] Safepoint "Cleanup", Time since last: 1073167909 ns, Reaching safepoint: 502572 ns, At safepoint: 17221 ns, Total: 519793 ns
[2023-07-15T00:05:13.757+0000][67][info ][safepoint   ] Safepoint "Cleanup", Time since last: 6692563592 ns, Reaching safepoint: 306570 ns, At safepoint: 3755 ns, Total: 310325 ns
[2023-07-15T00:05:14.759+0000][67][info ][safepoint   ] Safepoint "Cleanup", Time since last: 1002346540 ns, Reaching safepoint: 308953 ns, At safepoint: 6489 ns, Total: 315442 ns
[2023-07-15T00:05:15.762+0000][67][info ][safepoint   ] Safepoint "Cleanup", Time since last: 1002179866 ns, Reaching safepoint: 340067 ns, At safepoint: 6651 ns, Total: 346718 ns
[2023-07-15T00:05:16.854+0000][67][info ][safepoint   ] Safepoint "Cleanup", Time since last: 1092107122 ns, Reaching safepoint: 150646 ns, At safepoint: 5623 ns, Total: 156269 ns
[2023-07-15T00:05:18.588+0000][67][info ][safepoint   ] Safepoint "Cleanup", Time since last: 1733086049 ns, Reaching safepoint: 531107 ns, At safepoint: 16291 ns, Total: 547398 ns
[2023-07-15T00:05:19.591+0000][67][info ][safepoint   ] Safepoint "Cleanup", Time since last: 1002337335 ns, Reaching safepoint: 322045 ns, At safepoint: 11664 ns, Total: 333709 ns
[2023-07-15T00:05:23.800+0000][67][info ][safepoint   ] Safepoint "Cleanup", Time since last: 4209660877 ns, Reaching safepoint: 63535 ns, At safepoint: 3792 ns, Total: 67327 ns
[2023-07-15T00:05:24.957+0000][67][info ][safepoint   ] Safepoint "Cleanup", Time since last: 1156757295 ns, Reaching safepoint: 156630 ns, At safepoint: 10982 ns, Total: 167612 ns
[2023-07-15T00:05:25.968+0000][67][info ][safepoint   ] Safepoint "Cleanup", Time since last: 1010303924 ns, Reaching safepoint: 291463 ns, At safepoint: 22871 ns, Total: 314334 ns
[2023-07-15T00:05:26.970+0000][67][info ][safepoint   ] Safepoint "Cleanup", Time since last: 1001506103 ns, Reaching safepoint: 697914 ns, At safepoint: 15608 ns, Total: 713522 ns
[2023-07-15T00:05:32.188+0000][67][info ][safepoint   ] Safepoint "Cleanup", Time since last: 5217831033 ns, Reaching safepoint: 416320 ns, At safepoint: 6904 ns, Total: 423224 ns
[2023-07-15T00:05:35.407+0000][67][info ][safepoint   ] Safepoint "Cleanup", Time since last: 3218666207 ns, Reaching safepoint: 256236 ns, At safepoint: 38581 ns, Total: 294817 ns
[2023-07-15T00:05:36.466+0000][67][info ][safepoint   ] Safepoint "Cleanup", Time since last: 1058111368 ns, Reaching safepoint: 720103 ns, At safepoint: 22948 ns, Total: 743051 ns
[2023-07-15T00:05:38.469+0000][67][info ][safepoint   ] Safepoint "Cleanup", Time since last: 2002498093 ns, Reaching safepoint: 167029 ns, At safepoint: 9317 ns, Total: 176346 ns
[2023-07-15T00:05:41.968+0000][67][info ][safepoint   ] Safepoint "Cleanup", Time since last: 3498479266 ns, Reaching safepoint: 53486 ns, At safepoint: 5729 ns, Total: 59215 ns
[2023-07-15T00:05:47.070+0000][67][info ][safepoint   ] Safepoint "Cleanup", Time since last: 5102513023 ns, Reaching safepoint: 89483 ns, At safepoint: 7203 ns, Total: 96686 ns
[2023-07-15T00:05:52.285+0000][67][info ][safepoint   ] Safepoint "Cleanup", Time since last: 5214556366 ns, Reaching safepoint: 192216 ns, At safepoint: 4045 ns, Total: 196261 ns
[2023-07-15T00:05:53.381+0000][67][info ][safepoint   ] Safepoint "Cleanup", Time since last: 1095370043 ns, Reaching safepoint: 85692 ns, At safepoint: 3889 ns, Total: 89581 ns
[2023-07-15T00:05:55.028+0000][67][info ][safepoint   ] Safepoint "Cleanup", Time since last: 1646924357 ns, Reaching safepoint: 59507 ns, At safepoint: 2433 ns, Total: 61940 ns
[2023-07-15T00:05:56.030+0000][67][info ][safepoint   ] Safepoint "Cleanup", Time since last: 1001353514 ns, Reaching safepoint: 629832 ns, At safepoint: 11574 ns, Total: 641406 ns
[2023-07-15T00:05:57.033+0000][67][info ][safepoint   ] Safepoint "Cleanup", Time since last: 1002623399 ns, Reaching safepoint: 343575 ns, At safepoint: 5524 ns, Total: 349099 ns
[2023-07-15T00:06:12.005+0000][67][info ][safepoint   ] Safepoint "Cleanup", Time since last: 14972151099 ns, Reaching safepoint: 248366 ns, At safepoint: 9518 ns, Total: 257884 ns
[2023-07-15T00:06:13.491+0000][67][info ][safepoint   ] Safepoint "Cleanup", Time since last: 1485897184 ns, Reaching safepoint: 132325 ns, At safepoint: 5616 ns, Total: 137941 ns
[2023-07-15T00:06:16.932+0000][67][info ][safepoint   ] Safepoint "Cleanup", Time since last: 3440997970 ns, Reaching safepoint: 136046 ns, At safepoint: 34035 ns, Total: 170081 ns
[2023-07-15T00:06:18.756+0000][67][info ][safepoint   ] Safepoint "Cleanup", Time since last: 1823965420 ns, Reaching safepoint: 119161 ns, At safepoint: 3687 ns, Total: 122848 ns
[2023-07-15T00:06:20.067+0000][67][info ][safepoint   ] Safepoint "Cleanup", Time since last: 1310484813 ns, Reaching safepoint: 101911 ns, At safepoint: 2999 ns, Total: 104910 ns
[2023-07-15T00:06:22.942+0000][67][info ][safepoint   ] Safepoint "Cleanup", Time since last: 2875240421 ns, Reaching safepoint: 169147 ns, At safepoint: 42879 ns, Total: 212026 ns
[2023-07-15T00:06:24.043+0000][67][info ][safepoint   ] Safepoint "Cleanup", Time since last: 1100189222 ns, Reaching safepoint: 171067 ns, At safepoint: 3353 ns, Total: 174420 ns
[2023-07-15T00:06:25.382+0000][67][info ][safepoint   ] Safepoint "Cleanup", Time since last: 1339122503 ns, Reaching safepoint: 185507 ns, At safepoint: 6665 ns, Total: 192172 ns
[2023-07-15T00:06:26.384+0000][67][info ][safepoint   ] Safepoint "Cleanup", Time since last: 1001466348 ns, Reaching safepoint: 145345 ns, At safepoint: 3255 ns, Total: 148600 ns
[2023-07-15T00:06:27.386+0000][67][info ][safepoint   ] Safepoint "Cleanup", Time since last: 1001595872 ns, Reaching safepoint: 717179 ns, At safepoint: 27236 ns, Total: 744415 ns
[2023-07-15T00:06:28.886+0000][67][info ][safepoint   ] Safepoint "Cleanup", Time since last: 1499980450 ns, Reaching safepoint: 36807 ns, At safepoint: 26169 ns, Total: 62976 ns
[2023-07-15T00:06:30.702+0000][67][info ][safepoint   ] Safepoint "Cleanup", Time since last: 1814801348 ns, Reaching safepoint: 680897 ns, At safepoint: 16132 ns, Total: 697029 ns
[2023-07-15T00:06:31.706+0000][67][info ][safepoint   ] Safepoint "Cleanup", Time since last: 1003674364 ns, Reaching safepoint: 653885 ns, At safepoint: 9616 ns, Total: 663501 ns
[2023-07-15T00:06:37.047+0000][67][info ][safepoint   ] Safepoint "Cleanup", Time since last: 5341137839 ns, Reaching safepoint: 293804 ns, At safepoint: 14600 ns, Total: 308404 ns
[2023-07-15T00:06:41.039+0000][67][info ][safepoint   ] Safepoint "Cleanup", Time since last: 3990737268 ns, Reaching safepoint: 220411 ns, At safepoint: 29134 ns, Total: 249545 ns
[2023-07-15T00:06:42.585+0000][67][info ][safepoint   ] Safepoint "Cleanup", Time since last: 1546281383 ns, Reaching safepoint: 405597 ns, At safepoint: 9883 ns, Total: 415480 ns
[2023-07-15T00:06:43.869+0000][67][info ][safepoint   ] Safepoint "Cleanup", Time since last: 1283012850 ns, Reaching safepoint: 368605 ns, At safepoint: 12394 ns, Total: 380999 ns
[2023-07-15T00:06:46.871+0000][67][info ][safepoint   ] Safepoint "Cleanup", Time since last: 3002389677 ns, Reaching safepoint: 168704 ns, At safepoint: 12485 ns, Total: 181189 ns
[2023-07-15T00:06:59.048+0000][67][info ][safepoint   ] Safepoint "Cleanup", Time since last: 12176886179 ns, Reaching safepoint: 148737 ns, At safepoint: 27134 ns, Total: 175871 ns
[2023-07-15T00:07:00.663+0000][67][info ][safepoint   ] Safepoint "Cleanup", Time since last: 1614312752 ns, Reaching safepoint: 279043 ns, At safepoint: 7721 ns, Total: 286764 ns
[2023-07-15T00:07:02.666+0000][67][info ][safepoint   ] Safepoint "Cleanup", Time since last: 2002775270 ns, Reaching safepoint: 265825 ns, At safepoint: 49760 ns, Total: 315585 ns
[2023-07-15T00:07:04.382+0000][67][info ][safepoint   ] Safepoint "Cleanup", Time since last: 1715662562 ns, Reaching safepoint: 51892 ns, At safepoint: 2463 ns, Total: 54355 ns
[2023-07-15T00:07:06.140+0000][67][info ][safepoint   ] Safepoint "Cleanup", Time since last: 1757631160 ns, Reaching safepoint: 193219 ns, At safepoint: 33788 ns, Total: 227007 ns
[2023-07-15T00:07:07.411+0000][67][info ][safepoint   ] Safepoint "Cleanup", Time since last: 1270520770 ns, Reaching safepoint: 833414 ns, At safepoint: 20942 ns, Total: 854356 ns
[2023-07-15T00:07:08.415+0000][67][info ][safepoint   ] Safepoint "Cleanup", Time since last: 1003659692 ns, Reaching safepoint: 774277 ns, At safepoint: 22987 ns, Total: 797264 ns
[2023-07-15T00:07:09.684+0000][67][info ][safepoint   ] Safepoint "Cleanup", Time since last: 1268425998 ns, Reaching safepoint: 453395 ns, At safepoint: 14070 ns, Total: 467465 ns
[2023-07-15T00:07:10.688+0000][67][info ][safepoint   ] Safepoint "Cleanup", Time since last: 1002545061 ns, Reaching safepoint: 272280 ns, At safepoint: 12782 ns, Total: 285062 ns
[2023-07-15T00:07:12.630+0000][67][info ][safepoint   ] Safepoint "Cleanup", Time since last: 1942277986 ns, Reaching safepoint: 409367 ns, At safepoint: 15449 ns, Total: 424816 ns
[2023-07-15T00:07:17.028+0000][67][info ][safepoint   ] Safepoint "Cleanup", Time since last: 4397025244 ns, Reaching safepoint: 176292 ns, At safepoint: 27097 ns, Total: 203389 ns
[2023-07-15T00:07:18.912+0000][67][info ][safepoint   ] Safepoint "Cleanup", Time since last: 1883991801 ns, Reaching safepoint: 505171 ns, At safepoint: 7790 ns, Total: 512961 ns
[2023-07-15T00:07:21.916+0000][67][info ][safepoint   ] Safepoint "Cleanup", Time since last: 3003720406 ns, Reaching safepoint: 266530 ns, At safepoint: 4613 ns, Total: 271143 ns
[2023-07-15T00:07:23.059+0000][67][info ][safepoint   ] Safepoint "Cleanup", Time since last: 1142627148 ns, Reaching safepoint: 121146 ns, At safepoint: 32643 ns, Total: 153789 ns
[2023-07-15T00:07:24.182+0000][67][info ][safepoint   ] Safepoint "Cleanup", Time since last: 1123301873 ns, Reaching safepoint: 198202 ns, At safepoint: 38209 ns, Total: 236411 ns
[2023-07-15T00:07:25.269+0000][67][info ][safepoint   ] Safepoint "Cleanup", Time since last: 1086487561 ns, Reaching safepoint: 212104 ns, At safepoint: 7392 ns, Total: 219496 ns
[2023-07-15T00:07:29.795+0000][67][info ][safepoint   ] Safepoint "Cleanup", Time since last: 4525547216 ns, Reaching safepoint: 89081 ns, At safepoint: 6653 ns, Total: 95734 ns
[2023-07-15T00:07:34.906+0000][67][info ][safepoint   ] Safepoint "Cleanup", Time since last: 5110926226 ns, Reaching safepoint: 223948 ns, At safepoint: 34159 ns, Total: 258107 ns
[2023-07-15T00:07:40.889+0000][67][info ][safepoint   ] Safepoint "Cleanup", Time since last: 5983003853 ns, Reaching safepoint: 181629 ns, At safepoint: 32093 ns, Total: 213722 ns
[2023-07-15T00:07:46.951+0000][67][info ][safepoint   ] Safepoint "Cleanup", Time since last: 6061161122 ns, Reaching safepoint: 439872 ns, At safepoint: 52670 ns, Total: 492542 ns
[2023-07-15T00:07:50.465+0000][67][info ][safepoint   ] Safepoint "Cleanup", Time since last: 3513287016 ns, Reaching safepoint: 295055 ns, At safepoint: 5254 ns, Total: 300309 ns
[2023-07-15T00:07:53.713+0000][67][info ][safepoint   ] Safepoint "Cleanup", Time since last: 3248258931 ns, Reaching safepoint: 80637 ns, At safepoint: 4165 ns, Total: 84802 ns
[2023-07-15T00:07:58.981+0000][67][info ][safepoint   ] Safepoint "Cleanup", Time since last: 5267804703 ns, Reaching safepoint: 377704 ns, At safepoint: 47764 ns, Total: 425468 ns
[2023-07-15T00:08:00.063+0000][67][info ][safepoint   ] Safepoint "Cleanup", Time since last: 1081989261 ns, Reaching safepoint: 128170 ns, At safepoint: 44702 ns, Total: 172872 ns
[2023-07-15T00:08:01.343+0000][67][info ][safepoint   ] Safepoint "Cleanup", Time since last: 1279439773 ns, Reaching safepoint: 432663 ns, At safepoint: 7360 ns, Total: 440023 ns
[2023-07-15T00:08:02.638+0000][67][info ][safepoint   ] Safepoint "Cleanup", Time since last: 1294326309 ns, Reaching safepoint: 311386 ns, At safepoint: 6182 ns, Total: 317568 ns
[2023-07-15T00:08:04.114+0000][67][info ][safepoint   ] Safepoint "Cleanup", Time since last: 1475879532 ns, Reaching safepoint: 141339 ns, At safepoint: 28949 ns, Total: 170288 ns
[2023-07-15T00:08:05.367+0000][67][info ][safepoint   ] Safepoint "Cleanup", Time since last: 1252613848 ns, Reaching safepoint: 166522 ns, At safepoint: 29610 ns, Total: 196132 ns
[2023-07-15T00:08:06.518+0000][67][info ][safepoint   ] Safepoint "Cleanup", Time since last: 1150844477 ns, Reaching safepoint: 292414 ns, At safepoint: 50724 ns, Total: 343138 ns
[2023-07-15T00:08:08.527+0000][67][info ][safepoint   ] Safepoint "Cleanup", Time since last: 2008973818 ns, Reaching safepoint: 604470 ns, At safepoint: 23672 ns, Total: 628142 ns
[2023-07-15T00:08:10.959+0000][67][info ][safepoint   ] Safepoint "Cleanup", Time since last: 2430692787 ns, Reaching safepoint: 148838 ns, At safepoint: 33632 ns, Total: 182470 ns
[2023-07-15T00:08:12.052+0000][67][info ][safepoint   ] Safepoint "Cleanup", Time since last: 1093272861 ns, Reaching safepoint: 221992 ns, At safepoint: 27040 ns, Total: 249032 ns
[2023-07-15T00:08:16.898+0000][67][info ][safepoint   ] Safepoint "Cleanup", Time since last: 4845723343 ns, Reaching safepoint: 109111 ns, At safepoint: 44900 ns, Total: 154011 ns
[2023-07-15T00:08:23.250+0000][67][info ][safepoint   ] Safepoint "Cleanup", Time since last: 6351784169 ns, Reaching safepoint: 150261 ns, At safepoint: 37728 ns, Total: 187989 ns
[2023-07-15T00:08:24.753+0000][67][info ][safepoint   ] Safepoint "Cleanup", Time since last: 1502707115 ns, Reaching safepoint: 547464 ns, At safepoint: 10503 ns, Total: 557967 ns
[2023-07-15T00:08:28.926+0000][67][info ][safepoint   ] Safepoint "Cleanup", Time since last: 4172734818 ns, Reaching safepoint: 140996 ns, At safepoint: 46979 ns, Total: 187975 ns
[2023-07-15T00:08:31.966+0000][67][info ][safepoint   ] Safepoint "Cleanup", Time since last: 3039835966 ns, Reaching safepoint: 93407 ns, At safepoint: 34619 ns, Total: 128026 ns
[2023-07-15T00:08:33.459+0000][67][info ][safepoint   ] Safepoint "Cleanup", Time since last: 1492721813 ns, Reaching safepoint: 404984 ns, At safepoint: 58392 ns, Total: 463376 ns
[2023-07-15T00:08:34.462+0000][67][info ][safepoint   ] Safepoint "Cleanup", Time since last: 1002171197 ns, Reaching safepoint: 521583 ns, At safepoint: 77923 ns, Total: 599506 ns
[2023-07-15T00:08:40.922+0000][67][info ][safepoint   ] Safepoint "Cleanup", Time since last: 6457456674 ns, Reaching safepoint: 191998 ns, At safepoint: 27153 ns, Total: 219151 ns
[2023-07-15T00:08:42.835+0000][67][info ][safepoint   ] Safepoint "Cleanup", Time since last: 1913070458 ns, Reaching safepoint: 280317 ns, At safepoint: 5740 ns, Total: 286057 ns
[2023-07-15T00:08:46.201+0000][67][info ][safepoint   ] Safepoint "Cleanup", Time since last: 3366141822 ns, Reaching safepoint: 108035 ns, At safepoint: 5684 ns, Total: 113719 ns
[2023-07-15T00:08:47.343+0000][67][info ][safepoint   ] Safepoint "Cleanup", Time since last: 1141908109 ns, Reaching safepoint: 151383 ns, At safepoint: 6266 ns, Total: 157649 ns
[2023-07-15T00:08:53.410+0000][67][info ][safepoint   ] Safepoint "Cleanup", Time since last: 6066315986 ns, Reaching safepoint: 72448 ns, At safepoint: 31936 ns, Total: 104384 ns
[2023-07-15T00:08:55.469+0000][67][info ][safepoint   ] Safepoint "Cleanup", Time since last: 2058605746 ns, Reaching safepoint: 414133 ns, At safepoint: 13439 ns, Total: 427572 ns
[2023-07-15T00:08:57.472+0000][67][info ][safepoint   ] Safepoint "Cleanup", Time since last: 2002694549 ns, Reaching safepoint: 221034 ns, At safepoint: 3304 ns, Total: 224338 ns
[2023-07-15T00:08:59.671+0000][67][info ][safepoint   ] Safepoint "Cleanup", Time since last: 2199680802 ns, Reaching safepoint: 159072 ns, At safepoint: 38210 ns, Total: 197282 ns
[2023-07-15T00:09:00.741+0000][67][info ][safepoint   ] Safepoint "Cleanup", Time since last: 1069120978 ns, Reaching safepoint: 281878 ns, At safepoint: 11504 ns, Total: 293382 ns
[2023-07-15T00:09:02.501+0000][67][info ][safepoint   ] Safepoint "Cleanup", Time since last: 1759428657 ns, Reaching safepoint: 182704 ns, At safepoint: 29713 ns, Total: 212417 ns
[2023-07-15T00:09:05.057+0000][67][info ][safepoint   ] Safepoint "Cleanup", Time since last: 2556498420 ns, Reaching safepoint: 192055 ns, At safepoint: 48219 ns, Total: 240274 ns
[2023-07-15T00:09:12.088+0000][67][info ][safepoint   ] Safepoint "Cleanup", Time since last: 7030219651 ns, Reaching safepoint: 151232 ns, At safepoint: 36011 ns, Total: 187243 ns
[2023-07-15T00:09:16.919+0000][67][info ][safepoint   ] Safepoint "Cleanup", Time since last: 4830480935 ns, Reaching safepoint: 215387 ns, At safepoint: 43053 ns, Total: 258440 ns
[2023-07-15T00:09:18.645+0000][67][info ][safepoint   ] Safepoint "Cleanup", Time since last: 1725752944 ns, Reaching safepoint: 212556 ns, At safepoint: 3587 ns, Total: 216143 ns
[2023-07-15T00:09:23.803+0000][67][info ][safepoint   ] Safepoint "Cleanup", Time since last: 5157784817 ns, Reaching safepoint: 181105 ns, At safepoint: 29563 ns, Total: 210668 ns
[2023-07-15T00:09:25.863+0000][67][info ][safepoint   ] Safepoint "Cleanup", Time since last: 2060191406 ns, Reaching safepoint: 378146 ns, At safepoint: 15557 ns, Total: 393703 ns
[2023-07-15T00:09:31.107+0000][67][info ][safepoint   ] Safepoint "Cleanup", Time since last: 5242962437 ns, Reaching safepoint: 648062 ns, At safepoint: 16568 ns, Total: 664630 ns
[2023-07-15T00:09:34.916+0000][67][info ][safepoint   ] Safepoint "Cleanup", Time since last: 3809151172 ns, Reaching safepoint: 156321 ns, At safepoint: 26993 ns, Total: 183314 ns
[2023-07-15T00:09:36.678+0000][67][info ][safepoint   ] Safepoint "Cleanup", Time since last: 1761882501 ns, Reaching safepoint: 125838 ns, At safepoint: 77372 ns, Total: 203210 ns
[2023-07-15T00:09:38.692+0000][67][info ][safepoint   ] Safepoint "Cleanup", Time since last: 2013010726 ns, Reaching safepoint: 880398 ns, At safepoint: 23167 ns, Total: 903565 ns
[2023-07-15T00:09:41.164+0000][67][info ][safepoint   ] Safepoint "Cleanup", Time since last: 2471376225 ns, Reaching safepoint: 233758 ns, At safepoint: 42137 ns, Total: 275895 ns
[2023-07-15T00:09:43.030+0000][67][info ][safepoint   ] Safepoint "Cleanup", Time since last: 1865883403 ns, Reaching safepoint: 439838 ns, At safepoint: 10144 ns, Total: 449982 ns
[2023-07-15T00:09:46.917+0000][67][info ][safepoint   ] Safepoint "Cleanup", Time since last: 3886230872 ns, Reaching safepoint: 52371 ns, At safepoint: 36379 ns, Total: 88750 ns
[2023-07-15T00:09:53.448+0000][67][info ][safepoint   ] Safepoint "Cleanup", Time since last: 6530669833 ns, Reaching safepoint: 353183 ns, At safepoint: 42487 ns, Total: 395670 ns
[2023-07-15T00:09:55.516+0000][67][info ][safepoint   ] Safepoint "Cleanup", Time since last: 2068059791 ns, Reaching safepoint: 480406 ns, At safepoint: 18293 ns, Total: 498699 ns
[2023-07-15T00:10:02.789+0000][67][info ][safepoint   ] Safepoint "Cleanup", Time since last: 7272202642 ns, Reaching safepoint: 301029 ns, At safepoint: 8529 ns, Total: 309558 ns
[2023-07-15T00:10:05.174+0000][67][info ][safepoint   ] Safepoint "Cleanup", Time since last: 2384578158 ns, Reaching safepoint: 265976 ns, At safepoint: 85424 ns, Total: 351400 ns
[2023-07-15T00:10:06.222+0000][67][info ][safepoint   ] Safepoint "Cleanup", Time since last: 1048249443 ns, Reaching safepoint: 180524 ns, At safepoint: 27381 ns, Total: 207905 ns
[2023-07-15T00:10:08.160+0000][67][info ][safepoint   ] Safepoint "Cleanup", Time since last: 1937301366 ns, Reaching safepoint: 697965 ns, At safepoint: 23130 ns, Total: 721095 ns
[2023-07-15T00:10:16.939+0000][67][info ][safepoint   ] Safepoint "Cleanup", Time since last: 8777968554 ns, Reaching safepoint: 214996 ns, At safepoint: 33863 ns, Total: 248859 ns
[2023-07-15T00:10:18.647+0000][67][info ][safepoint   ] Safepoint "Cleanup", Time since last: 1707238624 ns, Reaching safepoint: 343512 ns, At safepoint: 6353 ns, Total: 349865 ns
[2023-07-15T00:10:22.920+0000][67][info ][safepoint   ] Safepoint "Cleanup", Time since last: 4273677838 ns, Reaching safepoint: 150395 ns, At safepoint: 32364 ns, Total: 182759 ns
[2023-07-15T00:10:25.908+0000][67][info ][safepoint   ] Safepoint "Cleanup", Time since last: 2986639900 ns, Reaching safepoint: 495513 ns, At safepoint: 16368 ns, Total: 511881 ns
[2023-07-15T00:10:34.933+0000][67][info ][safepoint   ] Safepoint "Cleanup", Time since last: 9024975482 ns, Reaching safepoint: 205088 ns, At safepoint: 33528 ns, Total: 238616 ns
[2023-07-15T00:10:36.591+0000][67][info ][safepoint   ] Safepoint "Cleanup", Time since last: 1658148104 ns, Reaching safepoint: 424449 ns, At safepoint: 11251 ns, Total: 435700 ns
[2023-07-15T00:10:40.913+0000][67][info ][safepoint   ] Safepoint "Cleanup", Time since last: 4320622732 ns, Reaching safepoint: 146201 ns, At safepoint: 39598 ns, Total: 185799 ns
[2023-07-15T00:10:42.804+0000][67][info ][safepoint   ] Safepoint "Cleanup", Time since last: 1891125941 ns, Reaching safepoint: 376011 ns, At safepoint: 15546 ns, Total: 391557 ns
[2023-07-15T00:10:44.807+0000][67][info ][safepoint   ] Safepoint "Cleanup", Time since last: 2002426791 ns, Reaching safepoint: 242794 ns, At safepoint: 4872 ns, Total: 247666 ns
[2023-07-15T00:10:45.810+0000][67][info ][safepoint   ] Safepoint "Cleanup", Time since last: 1002416329 ns, Reaching safepoint: 468872 ns, At safepoint: 8072 ns, Total: 476944 ns
[2023-07-15T00:10:46.812+0000][67][info ][safepoint   ] Safepoint "Cleanup", Time since last: 1002325910 ns, Reaching safepoint: 178749 ns, At safepoint: 4135 ns, Total: 182884 ns
[2023-07-15T00:10:48.007+0000][67][info ][safepoint   ] Safepoint "Cleanup", Time since last: 1194910293 ns, Reaching safepoint: 220172 ns, At safepoint: 29435 ns, Total: 249607 ns
[2023-07-15T00:10:50.066+0000][67][info ][safepoint   ] Safepoint "Cleanup", Time since last: 2058355247 ns, Reaching safepoint: 516249 ns, At safepoint: 9600 ns, Total: 525849 ns
[2023-07-15T00:10:52.932+0000][67][info ][safepoint   ] Safepoint "Cleanup", Time since last: 2866127228 ns, Reaching safepoint: 187362 ns, At safepoint: 35914 ns, Total: 223276 ns
[2023-07-15T00:10:59.324+0000][67][info ][safepoint   ] Safepoint "Cleanup", Time since last: 6391203450 ns, Reaching safepoint: 214549 ns, At safepoint: 49683 ns, Total: 264232 ns
[2023-07-15T00:11:00.974+0000][67][info ][safepoint   ] Safepoint "Cleanup", Time since last: 1649820833 ns, Reaching safepoint: 349120 ns, At safepoint: 5971 ns, Total: 355091 ns
[2023-07-15T00:11:07.200+0000][67][info ][safepoint   ] Safepoint "Cleanup", Time since last: 6224981735 ns, Reaching safepoint: 598220 ns, At safepoint: 15498 ns, Total: 613718 ns
[2023-07-15T00:11:10.204+0000][67][info ][safepoint   ] Safepoint "Cleanup", Time since last: 3003168965 ns, Reaching safepoint: 239618 ns, At safepoint: 4902 ns, Total: 244520 ns
[2023-07-15T00:11:16.970+0000][67][info ][safepoint   ] Safepoint "Cleanup", Time since last: 6765836713 ns, Reaching safepoint: 82777 ns, At safepoint: 4622 ns, Total: 87399 ns
[2023-07-15T00:11:18.807+0000][67][info ][safepoint   ] Safepoint "Cleanup", Time since last: 1836578306 ns, Reaching safepoint: 315983 ns, At safepoint: 12240 ns, Total: 328223 ns
[2023-07-15T00:11:24.015+0000][67][info ][safepoint   ] Safepoint "Cleanup", Time since last: 5208188780 ns, Reaching safepoint: 142484 ns, At safepoint: 45410 ns, Total: 187894 ns
[2023-07-15T00:11:27.198+0000][67][info ][safepoint   ] Safepoint "Cleanup", Time since last: 3182511864 ns, Reaching safepoint: 344337 ns, At safepoint: 7250 ns, Total: 351587 ns
[2023-07-15T00:11:28.959+0000][67][info ][safepoint   ] Safepoint "Cleanup", Time since last: 1761399551 ns, Reaching safepoint: 109440 ns, At safepoint: 27639 ns, Total: 137079 ns
[2023-07-15T00:11:30.426+0000][67][info ][safepoint   ] Safepoint "Cleanup", Time since last: 1466584392 ns, Reaching safepoint: 509395 ns, At safepoint: 16213 ns, Total: 525608 ns
[2023-07-15T00:11:34.947+0000][67][info ][safepoint   ] Safepoint "Cleanup", Time since last: 4520666233 ns, Reaching safepoint: 117929 ns, At safepoint: 34990 ns, Total: 152919 ns
[2023-07-15T00:11:41.946+0000][67][info ][safepoint   ] Safepoint "Cleanup", Time since last: 6998362174 ns, Reaching safepoint: 82487 ns, At safepoint: 5272 ns, Total: 87759 ns
[2023-07-15T00:11:46.957+0000][67][info ][safepoint   ] Safepoint "Cleanup", Time since last: 5010760185 ns, Reaching safepoint: 239412 ns, At safepoint: 40778 ns, Total: 280190 ns
[2023-07-15T00:11:48.366+0000][67][info ][safepoint   ] Safepoint "Cleanup", Time since last: 1409290616 ns, Reaching safepoint: 210372 ns, At safepoint: 10613 ns, Total: 220985 ns
[2023-07-15T00:11:49.683+0000][67][info ][safepoint   ] Safepoint "Cleanup", Time since last: 1316318514 ns, Reaching safepoint: 205980 ns, At safepoint: 69922 ns, Total: 275902 ns
[2023-07-15T00:11:50.693+0000][67][info ][safepoint   ] Safepoint "Cleanup", Time since last: 1009312569 ns, Reaching safepoint: 522455 ns, At safepoint: 11365 ns, Total: 533820 ns
[2023-07-15T00:11:55.915+0000][67][info ][safepoint   ] Safepoint "Cleanup", Time since last: 5221201574 ns, Reaching safepoint: 642971 ns, At safepoint: 11924 ns, Total: 654895 ns
[2023-07-15T00:12:04.959+0000][67][info ][safepoint   ] Safepoint "Cleanup", Time since last: 9043973108 ns, Reaching safepoint: 176686 ns, At safepoint: 27626 ns, Total: 204312 ns
[2023-07-15T00:12:07.109+0000][67][info ][safepoint   ] Safepoint "Cleanup", Time since last: 2149562240 ns, Reaching safepoint: 274913 ns, At safepoint: 42849 ns, Total: 317762 ns
[2023-07-15T00:12:42.305+0000][67][info ][safepoint   ] Safepoint "Cleanup", Time since last: 35194803062 ns, Reaching safepoint: 176823 ns, At safepoint: 37085 ns, Total: 213908 ns
[2023-07-15T00:12:45.175+0000][67][info ][safepoint   ] Safepoint "Cleanup", Time since last: 2869649281 ns, Reaching safepoint: 506038 ns, At safepoint: 10199 ns, Total: 516237 ns
[2023-07-15T00:12:46.955+0000][67][info ][safepoint   ] Safepoint "Cleanup", Time since last: 1779899509 ns, Reaching safepoint: 107301 ns, At safepoint: 7415 ns, Total: 114716 ns
[2023-07-15T00:12:53.601+0000][67][info ][safepoint   ] Safepoint "Cleanup", Time since last: 6645689187 ns, Reaching safepoint: 225349 ns, At safepoint: 32443 ns, Total: 257792 ns
[2023-07-15T00:12:57.663+0000][67][info ][safepoint   ] Safepoint "Cleanup", Time since last: 4061563673 ns, Reaching safepoint: 821236 ns, At safepoint: 57654 ns, Total: 878890 ns
[2023-07-15T00:12:58.969+0000][67][info ][safepoint   ] Safepoint "Cleanup", Time since last: 1305344239 ns, Reaching safepoint: 122427 ns, At safepoint: 4480 ns, Total: 126907 ns
[2023-07-15T00:13:00.926+0000][67][info ][safepoint   ] Safepoint "Cleanup", Time since last: 1957267595 ns, Reaching safepoint: 530082 ns, At safepoint: 8912 ns, Total: 538994 ns
[2023-07-15T00:13:01.930+0000][67][info ][safepoint   ] Safepoint "Cleanup", Time since last: 1003161283 ns, Reaching safepoint: 100479 ns, At safepoint: 41828 ns, Total: 142307 ns
[2023-07-15T00:13:03.175+0000][67][info ][safepoint   ] Safepoint "Cleanup", Time since last: 1245067630 ns, Reaching safepoint: 284931 ns, At safepoint: 32345 ns, Total: 317276 ns
[2023-07-15T00:13:04.797+0000][67][info ][safepoint   ] Safepoint "Cleanup", Time since last: 1621273913 ns, Reaching safepoint: 173621 ns, At safepoint: 28585 ns, Total: 202206 ns
[2023-07-15T00:13:06.527+0000][67][info ][safepoint   ] Safepoint "Cleanup", Time since last: 1729539148 ns, Reaching safepoint: 648617 ns, At safepoint: 11499 ns, Total: 660116 ns
[2023-07-15T00:13:07.966+0000][67][info ][safepoint   ] Safepoint "Cleanup", Time since last: 1438450607 ns, Reaching safepoint: 355656 ns, At safepoint: 9305 ns, Total: 364961 ns
[2023-07-15T00:13:11.680+0000][67][info ][safepoint   ] Safepoint "Cleanup", Time since last: 3713928812 ns, Reaching safepoint: 97726 ns, At safepoint: 46715 ns, Total: 144441 ns
[2023-07-15T00:13:22.959+0000][67][info ][safepoint   ] Safepoint "Cleanup", Time since last: 11278917735 ns, Reaching safepoint: 200153 ns, At safepoint: 34948 ns, Total: 235101 ns
[2023-07-15T00:13:24.520+0000][67][info ][safepoint   ] Safepoint "Cleanup", Time since last: 1560464551 ns, Reaching safepoint: 501761 ns, At safepoint: 16399 ns, Total: 518160 ns
[2023-07-15T00:13:29.725+0000][67][info ][safepoint   ] Safepoint "Cleanup", Time since last: 5204217225 ns, Reaching safepoint: 217519 ns, At safepoint: 37000 ns, Total: 254519 ns
[2023-07-15T00:13:30.881+0000][67][info ][safepoint   ] Safepoint "Cleanup", Time since last: 1156472362 ns, Reaching safepoint: 43723 ns, At safepoint: 3535 ns, Total: 47258 ns
[2023-07-15T00:13:31.898+0000][67][info ][safepoint   ] Safepoint "Cleanup", Time since last: 1016470809 ns, Reaching safepoint: 338988 ns, At safepoint: 14800 ns, Total: 353788 ns
[2023-07-15T00:13:46.966+0000][67][info ][safepoint   ] Safepoint "Cleanup", Time since last: 15067752054 ns, Reaching safepoint: 162520 ns, At safepoint: 38199 ns, Total: 200719 ns
[2023-07-15T00:13:47.968+0000][67][info ][safepoint   ] Safepoint "Cleanup", Time since last: 1001394696 ns, Reaching safepoint: 127246 ns, At safepoint: 52607 ns, Total: 179853 ns
[2023-07-15T00:13:52.978+0000][67][info ][safepoint   ] Safepoint "Cleanup", Time since last: 5010315413 ns, Reaching safepoint: 87779 ns, At safepoint: 40629 ns, Total: 128408 ns
[2023-07-15T00:13:54.116+0000][67][info ][safepoint   ] Safepoint "Cleanup", Time since last: 1137974526 ns, Reaching safepoint: 297103 ns, At safepoint: 6773 ns, Total: 303876 ns
[2023-07-15T00:13:59.107+0000][67][info ][safepoint   ] Safepoint "Cleanup", Time since last: 4990354040 ns, Reaching safepoint: 180906 ns, At safepoint: 34640 ns, Total: 215546 ns
[2023-07-15T00:14:00.672+0000][67][info ][safepoint   ] Safepoint "Cleanup", Time since last: 1564943694 ns, Reaching safepoint: 384524 ns, At safepoint: 16081 ns, Total: 400605 ns
[2023-07-15T00:14:02.676+0000][67][info ][safepoint   ] Safepoint "Cleanup", Time since last: 2002929016 ns, Reaching safepoint: 465602 ns, At safepoint: 7121 ns, Total: 472723 ns
[2023-07-15T00:14:10.908+0000][67][info ][safepoint   ] Safepoint "Cleanup", Time since last: 8227612136 ns, Reaching safepoint: 270461 ns, At safepoint: 7568 ns, Total: 278029 ns
[2023-07-15T00:14:12.107+0000][67][info ][safepoint   ] Safepoint "Cleanup", Time since last: 1198826632 ns, Reaching safepoint: 211232 ns, At safepoint: 28012 ns, Total: 239244 ns
[2023-07-15T00:14:16.981+0000][67][info ][safepoint   ] Safepoint "Cleanup", Time since last: 4873803690 ns, Reaching safepoint: 186548 ns, At safepoint: 62698 ns, Total: 249246 ns
[2023-07-15T00:14:29.453+0000][67][info ][safepoint   ] Safepoint "Cleanup", Time since last: 12471218349 ns, Reaching safepoint: 106650 ns, At safepoint: 10630 ns, Total: 117280 ns
[2023-07-15T00:14:30.955+0000][67][info ][safepoint   ] Safepoint "Cleanup", Time since last: 1501871717 ns, Reaching safepoint: 131856 ns, At safepoint: 5336 ns, Total: 137192 ns
[2023-07-15T00:14:41.020+0000][67][info ][safepoint   ] Safepoint "Cleanup", Time since last: 10068991137 ns, Reaching safepoint: 158007 ns, At safepoint: 29989 ns, Total: 187996 ns
[2023-07-15T00:14:46.775+0000][67][info ][safepoint   ] Safepoint "Cleanup", Time since last: 5754291425 ns, Reaching safepoint: 355908 ns, At safepoint: 6176 ns, Total: 362084 ns
[2023-07-15T00:14:53.300+0000][67][info ][safepoint   ] Safepoint "Cleanup", Time since last: 6525387754 ns, Reaching safepoint: 206407 ns, At safepoint: 38980 ns, Total: 245387 ns
[2023-07-15T00:14:55.691+0000][67][info ][safepoint   ] Safepoint "Cleanup", Time since last: 2390033894 ns, Reaching safepoint: 300309 ns, At safepoint: 4684 ns, Total: 304993 ns
[2023-07-15T00:14:58.977+0000][67][info ][safepoint   ] Safepoint "Cleanup", Time since last: 3286137970 ns, Reaching safepoint: 93303 ns, At safepoint: 33917 ns, Total: 127220 ns
[2023-07-15T00:15:12.584+0000][67][info ][safepoint   ] Safepoint "Cleanup", Time since last: 13606658274 ns, Reaching safepoint: 243161 ns, At safepoint: 5615 ns, Total: 248776 ns
[2023-07-15T00:15:22.854+0000][67][info ][gc,start    ] GC(16) Pause Young (Normal) (G1 Evacuation Pause)
[2023-07-15T00:15:22.856+0000][67][info ][gc,task     ] GC(16) Using 6 workers of 6 for evacuation
[2023-07-15T00:15:22.857+0000][67][debug][gc,age      ] GC(16) Desired survivor size 155189248 bytes, new threshold 15 (max threshold 15)
[2023-07-15T00:15:22.874+0000][67][info ][gc,phases   ] GC(16)   Pre Evacuate Collection Set: 0.4ms
[2023-07-15T00:15:22.875+0000][67][info ][gc,phases   ] GC(16)   Merge Heap Roots: 0.3ms
[2023-07-15T00:15:22.876+0000][67][info ][gc,phases   ] GC(16)   Evacuate Collection Set: 7.8ms
[2023-07-15T00:15:22.877+0000][67][info ][gc,phases   ] GC(16)   Post Evacuate Collection Set: 3.9ms
[2023-07-15T00:15:22.879+0000][67][info ][gc,phases   ] GC(16)   Other: 5.3ms
[2023-07-15T00:15:22.880+0000][67][trace][gc,age      ] GC(16) Age table with threshold 15 (max threshold 15)
[2023-07-15T00:15:22.881+0000][67][trace][gc,age      ] GC(16) - age   1:    3143296 bytes,    3143296 total
[2023-07-15T00:15:22.882+0000][67][trace][gc,age      ] GC(16) - age   2:    2326232 bytes,    5469528 total
[2023-07-15T00:15:22.883+0000][67][trace][gc,age      ] GC(16) - age   3:     439688 bytes,    5909216 total
[2023-07-15T00:15:22.884+0000][67][trace][gc,age      ] GC(16) - age   4:    1085944 bytes,    6995160 total
[2023-07-15T00:15:22.885+0000][67][info ][gc,heap     ] GC(16) Eden regions: 587->0(586)
[2023-07-15T00:15:22.886+0000][67][info ][gc,heap     ] GC(16) Survivor regions: 2->3(74)
[2023-07-15T00:15:22.887+0000][67][info ][gc,heap     ] GC(16) Old regions: 26->26
[2023-07-15T00:15:22.888+0000][67][info ][gc,heap     ] GC(16) Archive regions: 2->2
[2023-07-15T00:15:22.890+0000][67][info ][gc,heap     ] GC(16) Humongous regions: 0->0
[2023-07-15T00:15:22.890+0000][67][info ][gc,metaspace] GC(16) Metaspace: 139218K(142784K)->139218K(142784K) NonClass: 121219K(123008K)->121219K(123008K) Class: 17998K(19776K)->17998K(19776K)
[2023-07-15T00:15:22.892+0000][67][info ][gc          ] GC(16) Pause Young (Normal) (G1 Evacuation Pause) 2462M->115M(3932M) 37.567ms
[2023-07-15T00:15:22.893+0000][67][info ][gc,cpu      ] GC(16) User=0.06s Sys=0.01s Real=0.04s
[2023-07-15T00:15:22.894+0000][67][info ][safepoint   ] Safepoint "G1CollectForAllocation", Time since last: 10269409734 ns, Reaching safepoint: 292138 ns, At safepoint: 39678736 ns, Total: 39970874 ns
[2023-07-15T00:15:24.089+0000][67][info ][safepoint   ] Safepoint "Cleanup", Time since last: 1195151469 ns, Reaching safepoint: 363623 ns, At safepoint: 33694 ns, Total: 397317 ns
[2023-07-15T00:15:29.686+0000][67][info ][safepoint   ] Safepoint "Cleanup", Time since last: 5596367028 ns, Reaching safepoint: 226655 ns, At safepoint: 32361 ns, Total: 259016 ns
[2023-07-15T00:15:41.234+0000][67][info ][safepoint   ] Safepoint "Cleanup", Time since last: 11547598802 ns, Reaching safepoint: 299056 ns, At safepoint: 38672 ns, Total: 337728 ns
[2023-07-15T00:15:46.975+0000][67][info ][safepoint   ] Safepoint "Cleanup", Time since last: 5740703873 ns, Reaching safepoint: 238987 ns, At safepoint: 10865 ns, Total: 249852 ns
[2023-07-15T00:15:55.858+0000][67][info ][safepoint   ] Safepoint "Cleanup", Time since last: 8881972442 ns, Reaching safepoint: 316973 ns, At safepoint: 51840 ns, Total: 368813 ns
[2023-07-15T00:15:56.861+0000][67][info ][safepoint   ] Safepoint "Cleanup", Time since last: 1003147517 ns, Reaching safepoint: 515501 ns, At safepoint: 16277 ns, Total: 531778 ns
[2023-07-15T00:16:05.394+0000][67][info ][safepoint   ] Safepoint "Cleanup", Time since last: 8532180513 ns, Reaching safepoint: 122254 ns, At safepoint: 11649 ns, Total: 133903 ns
[2023-07-15T00:16:11.720+0000][67][info ][safepoint   ] Safepoint "Cleanup", Time since last: 6326019082 ns, Reaching safepoint: 66318 ns, At safepoint: 25814 ns, Total: 92132 ns
[2023-07-15T00:16:14.779+0000][67][info ][safepoint   ] Safepoint "Cleanup", Time since last: 3058860789 ns, Reaching safepoint: 349585 ns, At safepoint: 7187 ns, Total: 356772 ns
[2023-07-15T00:16:29.025+0000][67][info ][safepoint   ] Safepoint "Cleanup", Time since last: 14245237259 ns, Reaching safepoint: 352957 ns, At safepoint: 49596 ns, Total: 402553 ns
[2023-07-15T00:16:30.237+0000][67][info ][safepoint   ] Safepoint "Cleanup", Time since last: 1211905378 ns, Reaching safepoint: 98863 ns, At safepoint: 33917 ns, Total: 132780 ns
[2023-07-15T00:16:32.067+0000][67][info ][safepoint   ] Safepoint "Cleanup", Time since last: 1829922586 ns, Reaching safepoint: 128354 ns, At safepoint: 4568 ns, Total: 132922 ns
[2023-07-15T00:16:35.065+0000][67][info ][safepoint   ] Safepoint "Cleanup", Time since last: 2997649892 ns, Reaching safepoint: 456279 ns, At safepoint: 46534 ns, Total: 502813 ns
[2023-07-15T00:16:43.112+0000][67][info ][safepoint   ] Safepoint "Cleanup", Time since last: 8044859394 ns, Reaching safepoint: 1100030 ns, At safepoint: 90097 ns, Total: 1190127 ns
[2023-07-15T00:16:46.993+0000][67][info ][safepoint   ] Safepoint "Cleanup", Time since last: 3881840465 ns, Reaching safepoint: 65980 ns, At safepoint: 33665 ns, Total: 99645 ns
[2023-07-15T00:16:50.674+0000][67][info ][safepoint   ] Safepoint "Cleanup", Time since last: 3679183911 ns, Reaching safepoint: 940670 ns, At safepoint: 28278 ns, Total: 968948 ns
[2023-07-15T00:16:53.872+0000][67][info ][safepoint   ] Safepoint "Cleanup", Time since last: 3197785865 ns, Reaching safepoint: 215694 ns, At safepoint: 30566 ns, Total: 246260 ns
[2023-07-15T00:16:55.045+0000][67][info ][safepoint   ] Safepoint "Cleanup", Time since last: 1173417246 ns, Reaching safepoint: 179050 ns, At safepoint: 192961 ns, Total: 372011 ns
[2023-07-15T00:16:56.057+0000][67][info ][safepoint   ] Safepoint "Cleanup", Time since last: 1010609147 ns, Reaching safepoint: 846940 ns, At safepoint: 25099 ns, Total: 872039 ns
[2023-07-15T00:17:05.494+0000][67][info ][safepoint   ] Safepoint "Cleanup", Time since last: 9437295288 ns, Reaching safepoint: 141777 ns, At safepoint: 46256 ns, Total: 188033 ns
[2023-07-15T00:17:07.557+0000][67][info ][safepoint   ] Safepoint "Cleanup", Time since last: 2062318851 ns, Reaching safepoint: 713648 ns, At safepoint: 20507 ns, Total: 734155 ns
[2023-07-15T00:17:10.562+0000][67][info ][safepoint   ] Safepoint "Cleanup", Time since last: 3003540879 ns, Reaching safepoint: 607865 ns, At safepoint: 29583 ns, Total: 637448 ns
[2023-07-15T00:17:23.003+0000][67][info ][safepoint   ] Safepoint "Cleanup", Time since last: 12441006601 ns, Reaching safepoint: 166132 ns, At safepoint: 26697 ns, Total: 192829 ns
[2023-07-15T00:17:24.344+0000][67][info ][safepoint   ] Safepoint "Cleanup", Time since last: 1340081789 ns, Reaching safepoint: 347996 ns, At safepoint: 34060 ns, Total: 382056 ns
[2023-07-15T00:17:29.016+0000][67][info ][safepoint   ] Safepoint "Cleanup", Time since last: 4672151407 ns, Reaching safepoint: 83774 ns, At safepoint: 28307 ns, Total: 112081 ns
[2023-07-15T00:17:30.728+0000][67][info ][safepoint   ] Safepoint "Cleanup", Time since last: 1711226092 ns, Reaching safepoint: 587761 ns, At safepoint: 13600 ns, Total: 601361 ns
[2023-07-15T00:17:33.731+0000][67][info ][safepoint   ] Safepoint "Cleanup", Time since last: 3002858755 ns, Reaching safepoint: 146078 ns, At safepoint: 10724 ns, Total: 156802 ns
[2023-07-15T00:17:34.733+0000][67][info ][safepoint   ] Safepoint "Cleanup", Time since last: 1001746233 ns, Reaching safepoint: 186970 ns, At safepoint: 4328 ns, Total: 191298 ns
[2023-07-15T00:17:35.974+0000][67][info ][safepoint   ] Safepoint "Cleanup", Time since last: 1241118815 ns, Reaching safepoint: 117930 ns, At safepoint: 39341 ns, Total: 157271 ns
[2023-07-15T00:17:37.074+0000][67][info ][safepoint   ] Safepoint "Cleanup", Time since last: 1099976086 ns, Reaching safepoint: 371962 ns, At safepoint: 14872 ns, Total: 386834 ns
[2023-07-15T00:17:40.046+0000][67][info ][safepoint   ] Safepoint "Cleanup", Time since last: 2971207792 ns, Reaching safepoint: 432656 ns, At safepoint: 17538 ns, Total: 450194 ns
[2023-07-15T00:17:41.074+0000][67][info ][safepoint   ] Safepoint "Cleanup", Time since last: 1028004938 ns, Reaching safepoint: 175032 ns, At safepoint: 6816 ns, Total: 181848 ns
[2023-07-15T00:17:44.367+0000][67][info ][safepoint   ] Safepoint "Cleanup", Time since last: 3292423534 ns, Reaching safepoint: 424269 ns, At safepoint: 16201 ns, Total: 440470 ns
[2023-07-15T00:17:46.743+0000][67][info ][safepoint   ] Safepoint "Cleanup", Time since last: 2375181724 ns, Reaching safepoint: 464223 ns, At safepoint: 122631 ns, Total: 586854 ns
[2023-07-15T00:17:47.844+0000][67][info ][safepoint   ] Safepoint "Cleanup", Time since last: 1100863944 ns, Reaching safepoint: 316539 ns, At safepoint: 44770 ns, Total: 361309 ns
[2023-07-15T00:17:49.739+0000][67][info ][safepoint   ] Safepoint "Cleanup", Time since last: 1894565089 ns, Reaching safepoint: 187921 ns, At safepoint: 3256 ns, Total: 191177 ns
[2023-07-15T00:17:50.741+0000][67][info ][safepoint   ] Safepoint "Cleanup", Time since last: 1001421528 ns, Reaching safepoint: 256993 ns, At safepoint: 11039 ns, Total: 268032 ns
[2023-07-15T00:17:51.743+0000][67][info ][safepoint   ] Safepoint "Cleanup", Time since last: 1001592673 ns, Reaching safepoint: 374553 ns, At safepoint: 16180 ns, Total: 390733 ns
[2023-07-15T00:17:53.001+0000][67][info ][safepoint   ] Safepoint "Cleanup", Time since last: 1257949595 ns, Reaching safepoint: 177750 ns, At safepoint: 40899 ns, Total: 218649 ns
[2023-07-15T00:17:54.979+0000][67][info ][safepoint   ] Safepoint "Cleanup", Time since last: 1977500907 ns, Reaching safepoint: 355627 ns, At safepoint: 11241 ns, Total: 366868 ns
[2023-07-15T00:17:58.981+0000][67][info ][safepoint   ] Safepoint "Cleanup", Time since last: 4002402759 ns, Reaching safepoint: 213949 ns, At safepoint: 10931 ns, Total: 224880 ns
[2023-07-15T00:18:00.165+0000][67][info ][safepoint   ] Safepoint "Cleanup", Time since last: 1183396278 ns, Reaching safepoint: 194573 ns, At safepoint: 37046 ns, Total: 231619 ns
[2023-07-15T00:18:01.244+0000][67][info ][safepoint   ] Safepoint "Cleanup", Time since last: 1078428963 ns, Reaching safepoint: 616961 ns, At safepoint: 12556 ns, Total: 629517 ns
[2023-07-15T00:18:05.042+0000][67][info ][safepoint   ] Safepoint "Cleanup", Time since last: 3797234745 ns, Reaching safepoint: 309652 ns, At safepoint: 37353 ns, Total: 347005 ns
[2023-07-15T00:18:06.544+0000][67][info ][safepoint   ] Safepoint "Cleanup", Time since last: 1502111201 ns, Reaching safepoint: 246936 ns, At safepoint: 7847 ns, Total: 254783 ns
[2023-07-15T00:18:08.875+0000][67][info ][safepoint   ] Safepoint "Cleanup", Time since last: 2330192275 ns, Reaching safepoint: 602922 ns, At safepoint: 28207 ns, Total: 631129 ns
[2023-07-15T00:18:17.019+0000][67][info ][safepoint   ] Safepoint "Cleanup", Time since last: 8143246309 ns, Reaching safepoint: 217623 ns, At safepoint: 31326 ns, Total: 248949 ns
[2023-07-15T00:18:23.029+0000][67][info ][safepoint   ] Safepoint "Cleanup", Time since last: 6010604813 ns, Reaching safepoint: 128262 ns, At safepoint: 4887 ns, Total: 133149 ns
[2023-07-15T00:18:31.155+0000][67][info ][safepoint   ] Safepoint "Cleanup", Time since last: 8125748441 ns, Reaching safepoint: 207807 ns, At safepoint: 12060 ns, Total: 219867 ns
[2023-07-15T00:18:32.158+0000][67][info ][safepoint   ] Safepoint "Cleanup", Time since last: 1002054445 ns, Reaching safepoint: 225716 ns, At safepoint: 10380 ns, Total: 236096 ns
[2023-07-15T00:18:41.323+0000][67][info ][safepoint   ] Safepoint "Cleanup", Time since last: 9164014274 ns, Reaching safepoint: 205291 ns, At safepoint: 28957 ns, Total: 234248 ns
[2023-07-15T00:18:46.835+0000][67][info ][safepoint   ] Safepoint "Cleanup", Time since last: 5511512252 ns, Reaching safepoint: 639893 ns, At safepoint: 9781 ns, Total: 649674 ns
[2023-07-15T00:18:47.990+0000][67][info ][safepoint   ] Safepoint "Cleanup", Time since last: 1154912526 ns, Reaching safepoint: 187880 ns, At safepoint: 27083 ns, Total: 214963 ns
[2023-07-15T00:18:50.051+0000][67][info ][safepoint   ] Safepoint "Cleanup", Time since last: 2061027619 ns, Reaching safepoint: 339724 ns, At safepoint: 6395 ns, Total: 346119 ns
[2023-07-15T00:18:54.151+0000][67][info ][safepoint   ] Safepoint "Cleanup", Time since last: 4099437116 ns, Reaching safepoint: 460239 ns, At safepoint: 91539 ns, Total: 551778 ns
[2023-07-15T00:18:56.315+0000][67][info ][safepoint   ] Safepoint "Cleanup", Time since last: 2163330466 ns, Reaching safepoint: 775710 ns, At safepoint: 20812 ns, Total: 796522 ns
[2023-07-15T00:19:06.015+0000][67][info ][safepoint   ] Safepoint "Cleanup", Time since last: 9699739056 ns, Reaching safepoint: 136150 ns, At safepoint: 11207 ns, Total: 147357 ns
[2023-07-15T00:19:07.090+0000][67][info ][safepoint   ] Safepoint "Cleanup", Time since last: 1074517290 ns, Reaching safepoint: 107396 ns, At safepoint: 40774 ns, Total: 148170 ns
[2023-07-15T00:19:09.018+0000][67][info ][safepoint   ] Safepoint "Cleanup", Time since last: 1927821901 ns, Reaching safepoint: 399791 ns, At safepoint: 15640 ns, Total: 415431 ns
[2023-07-15T00:19:10.462+0000][67][info ][safepoint   ] Safepoint "Cleanup", Time since last: 1443455324 ns, Reaching safepoint: 393326 ns, At safepoint: 16058 ns, Total: 409384 ns
[2023-07-15T00:19:17.018+0000][67][info ][safepoint   ] Safepoint "Cleanup", Time since last: 6556232931 ns, Reaching safepoint: 71420 ns, At safepoint: 29534 ns, Total: 100954 ns
[2023-07-15T00:19:20.462+0000][67][info ][safepoint   ] Safepoint "Cleanup", Time since last: 3443081103 ns, Reaching safepoint: 422524 ns, At safepoint: 6271 ns, Total: 428795 ns
[2023-07-15T00:19:21.465+0000][67][info ][safepoint   ] Safepoint "Cleanup", Time since last: 1002389481 ns, Reaching safepoint: 925835 ns, At safepoint: 27624 ns, Total: 953459 ns
[2023-07-15T00:19:23.668+0000][67][info ][safepoint   ] Safepoint "Cleanup", Time since last: 2202941909 ns, Reaching safepoint: 172322 ns, At safepoint: 32045 ns, Total: 204367 ns
[2023-07-15T00:19:27.860+0000][67][info ][safepoint   ] Safepoint "Cleanup", Time since last: 4190372289 ns, Reaching safepoint: 658284 ns, At safepoint: 23827 ns, Total: 682111 ns
[2023-07-15T00:19:29.028+0000][67][info ][safepoint   ] Safepoint "Cleanup", Time since last: 1168393398 ns, Reaching safepoint: 226934 ns, At safepoint: 32103 ns, Total: 259037 ns
[2023-07-15T00:19:35.602+0000][67][info ][safepoint   ] Safepoint "Cleanup", Time since last: 6573962592 ns, Reaching safepoint: 192484 ns, At safepoint: 40851 ns, Total: 233335 ns
[2023-07-15T00:19:41.642+0000][67][info ][safepoint   ] Safepoint "Cleanup", Time since last: 6039458126 ns, Reaching safepoint: 250438 ns, At safepoint: 65800 ns, Total: 316238 ns
[2023-07-15T00:19:42.825+0000][67][info ][safepoint   ] Safepoint "Cleanup", Time since last: 1182094175 ns, Reaching safepoint: 812192 ns, At safepoint: 18311 ns, Total: 830503 ns
[2023-07-15T00:19:44.173+0000][67][info ][safepoint   ] Safepoint "Cleanup", Time since last: 1347540231 ns, Reaching safepoint: 525175 ns, At safepoint: 16347 ns, Total: 541522 ns
[2023-07-15T00:19:45.178+0000][67][info ][safepoint   ] Safepoint "Cleanup", Time since last: 1003669771 ns, Reaching safepoint: 370341 ns, At safepoint: 11089 ns, Total: 381430 ns
[2023-07-15T00:19:48.311+0000][67][info ][safepoint   ] Safepoint "Cleanup", Time since last: 3133694000 ns, Reaching safepoint: 231567 ns, At safepoint: 35040 ns, Total: 266607 ns
[2023-07-15T00:19:52.703+0000][67][info ][safepoint   ] Safepoint "Cleanup", Time since last: 4391604453 ns, Reaching safepoint: 167528 ns, At safepoint: 3605 ns, Total: 171133 ns
[2023-07-15T00:19:53.718+0000][67][info ][safepoint   ] Safepoint "Cleanup", Time since last: 1014809017 ns, Reaching safepoint: 221356 ns, At safepoint: 12944 ns, Total: 234300 ns
[2023-07-15T00:19:55.949+0000][67][info ][safepoint   ] Safepoint "Cleanup", Time since last: 2230346012 ns, Reaching safepoint: 127859 ns, At safepoint: 4305 ns, Total: 132164 ns
[2023-07-15T00:19:56.951+0000][67][info ][safepoint   ] Safepoint "Cleanup", Time since last: 1001705260 ns, Reaching safepoint: 466187 ns, At safepoint: 16646 ns, Total: 482833 ns
[2023-07-15T00:19:59.306+0000][67][info ][safepoint   ] Safepoint "Cleanup", Time since last: 2355372606 ns, Reaching safepoint: 144450 ns, At safepoint: 3469 ns, Total: 147919 ns
[2023-07-15T00:20:01.131+0000][67][info ][safepoint   ] Safepoint "Cleanup", Time since last: 1824375988 ns, Reaching safepoint: 441790 ns, At safepoint: 16969 ns, Total: 458759 ns
[2023-07-15T00:20:06.159+0000][67][info ][safepoint   ] Safepoint "Cleanup", Time since last: 5027633854 ns, Reaching safepoint: 337184 ns, At safepoint: 6502 ns, Total: 343686 ns
[2023-07-15T00:20:17.790+0000][67][info ][safepoint   ] Safepoint "Cleanup", Time since last: 11629846329 ns, Reaching safepoint: 139415 ns, At safepoint: 37393 ns, Total: 176808 ns
[2023-07-15T00:20:23.034+0000][67][info ][safepoint   ] Safepoint "Cleanup", Time since last: 5244657043 ns, Reaching safepoint: 179493 ns, At safepoint: 29393 ns, Total: 208886 ns
[2023-07-15T00:20:37.404+0000][67][info ][safepoint   ] Safepoint "Cleanup", Time since last: 14369210715 ns, Reaching safepoint: 199880 ns, At safepoint: 27287 ns, Total: 227167 ns
[2023-07-15T00:20:47.061+0000][67][info ][safepoint   ] Safepoint "Cleanup", Time since last: 9656837573 ns, Reaching safepoint: 163795 ns, At safepoint: 25597 ns, Total: 189392 ns
[2023-07-15T00:20:48.630+0000][67][info ][safepoint   ] Safepoint "Cleanup", Time since last: 1568129157 ns, Reaching safepoint: 140167 ns, At safepoint: 29280 ns, Total: 169447 ns
[2023-07-15T00:20:49.761+0000][67][info ][safepoint   ] Safepoint "Cleanup", Time since last: 1131100209 ns, Reaching safepoint: 509793 ns, At safepoint: 24210 ns, Total: 534003 ns
[2023-07-15T00:20:53.729+0000][67][info ][safepoint   ] Safepoint "Cleanup", Time since last: 3967304640 ns, Reaching safepoint: 234279 ns, At safepoint: 27313 ns, Total: 261592 ns
[2023-07-15T00:20:55.654+0000][67][info ][safepoint   ] Safepoint "Cleanup", Time since last: 1925131125 ns, Reaching safepoint: 371473 ns, At safepoint: 11654 ns, Total: 383127 ns
[2023-07-15T00:21:00.152+0000][67][info ][safepoint   ] Safepoint "Cleanup", Time since last: 4497563343 ns, Reaching safepoint: 85267 ns, At safepoint: 3291 ns, Total: 88558 ns
[2023-07-15T00:21:05.416+0000][67][info ][safepoint   ] Safepoint "Cleanup", Time since last: 5263971456 ns, Reaching safepoint: 104705 ns, At safepoint: 57420 ns, Total: 162125 ns
[2023-07-15T00:21:11.985+0000][67][info ][safepoint   ] Safepoint "Cleanup", Time since last: 6568640484 ns, Reaching safepoint: 199139 ns, At safepoint: 41573 ns, Total: 240712 ns
[2023-07-15T00:21:16.857+0000][67][info ][safepoint   ] Safepoint "Cleanup", Time since last: 4871558289 ns, Reaching safepoint: 380223 ns, At safepoint: 7448 ns, Total: 387671 ns
[2023-07-15T00:21:18.026+0000][67][info ][safepoint   ] Safepoint "Cleanup", Time since last: 1168476031 ns, Reaching safepoint: 236051 ns, At safepoint: 28820 ns, Total: 264871 ns
[2023-07-15T00:21:22.803+0000][67][info ][safepoint   ] Safepoint "Cleanup", Time since last: 4776549223 ns, Reaching safepoint: 140596 ns, At safepoint: 30113 ns, Total: 170709 ns
[2023-07-15T00:21:24.161+0000][67][info ][safepoint   ] Safepoint "Cleanup", Time since last: 1357496201 ns, Reaching safepoint: 651397 ns, At safepoint: 24914 ns, Total: 676311 ns
[2023-07-15T00:21:26.334+0000][67][info ][safepoint   ] Safepoint "Cleanup", Time since last: 2172239876 ns, Reaching safepoint: 436398 ns, At safepoint: 8225 ns, Total: 444623 ns
[2023-07-15T00:21:27.337+0000][67][info ][safepoint   ] Safepoint "Cleanup", Time since last: 1003090379 ns, Reaching safepoint: 618949 ns, At safepoint: 25647 ns, Total: 644596 ns
[2023-07-15T00:21:29.533+0000][67][info ][safepoint   ] Safepoint "Cleanup", Time since last: 2195339180 ns, Reaching safepoint: 213269 ns, At safepoint: 87739 ns, Total: 301008 ns
[2023-07-15T00:21:32.594+0000][67][info ][safepoint   ] Safepoint "Cleanup", Time since last: 3060465719 ns, Reaching safepoint: 335742 ns, At safepoint: 4678 ns, Total: 340420 ns
[2023-07-15T00:21:41.379+0000][67][info ][safepoint   ] Safepoint "Cleanup", Time since last: 8784964693 ns, Reaching safepoint: 179606 ns, At safepoint: 27501 ns, Total: 207107 ns
[2023-07-15T00:21:44.220+0000][67][info ][safepoint   ] Safepoint "Cleanup", Time since last: 2840425631 ns, Reaching safepoint: 302037 ns, At safepoint: 10954 ns, Total: 312991 ns
[2023-07-15T00:21:53.899+0000][67][info ][safepoint   ] Safepoint "Cleanup", Time since last: 9678168110 ns, Reaching safepoint: 188948 ns, At safepoint: 27113 ns, Total: 216061 ns
[2023-07-15T00:21:55.959+0000][67][info ][safepoint   ] Safepoint "Cleanup", Time since last: 2060671303 ns, Reaching safepoint: 134469 ns, At safepoint: 12074 ns, Total: 146543 ns
[2023-07-15T00:21:56.962+0000][67][info ][safepoint   ] Safepoint "Cleanup", Time since last: 1001748327 ns, Reaching safepoint: 477590 ns, At safepoint: 22778 ns, Total: 500368 ns
[2023-07-15T00:22:05.271+0000][67][info ][safepoint   ] Safepoint "Cleanup", Time since last: 8309030732 ns, Reaching safepoint: 201192 ns, At safepoint: 32292 ns, Total: 233484 ns
[2023-07-15T00:22:09.591+0000][67][info ][safepoint   ] Safepoint "Cleanup", Time since last: 4319675835 ns, Reaching safepoint: 190012 ns, At safepoint: 10783 ns, Total: 200795 ns
[2023-07-15T00:22:11.093+0000][67][info ][safepoint   ] Safepoint "Cleanup", Time since last: 1501492660 ns, Reaching safepoint: 55494 ns, At safepoint: 40631 ns, Total: 96125 ns
[2023-07-15T00:22:24.197+0000][67][info ][safepoint   ] Safepoint "Cleanup", Time since last: 13104082912 ns, Reaching safepoint: 126499 ns, At safepoint: 11694 ns, Total: 138193 ns
[2023-07-15T00:22:29.060+0000][67][info ][safepoint   ] Safepoint "Cleanup", Time since last: 4863216063 ns, Reaching safepoint: 169550 ns, At safepoint: 30068 ns, Total: 199618 ns
[2023-07-15T00:22:41.210+0000][67][info ][safepoint   ] Safepoint "Cleanup", Time since last: 12149352102 ns, Reaching safepoint: 262371 ns, At safepoint: 28165 ns, Total: 290536 ns
[2023-07-15T00:22:43.187+0000][67][info ][safepoint   ] Safepoint "Cleanup", Time since last: 1976748113 ns, Reaching safepoint: 385911 ns, At safepoint: 16248 ns, Total: 402159 ns
[2023-07-15T00:22:47.066+0000][67][info ][safepoint   ] Safepoint "Cleanup", Time since last: 3878801144 ns, Reaching safepoint: 73181 ns, At safepoint: 2166 ns, Total: 75347 ns
[2023-07-15T00:22:48.545+0000][67][info ][safepoint   ] Safepoint "Cleanup", Time since last: 1478688483 ns, Reaching safepoint: 120762 ns, At safepoint: 10158 ns, Total: 130920 ns
[2023-07-15T00:22:54.092+0000][67][info ][safepoint   ] Safepoint "Cleanup", Time since last: 5546330570 ns, Reaching safepoint: 56480 ns, At safepoint: 31523 ns, Total: 88003 ns
[2023-07-15T00:23:03.806+0000][67][info ][safepoint   ] Safepoint "Cleanup", Time since last: 9714680611 ns, Reaching safepoint: 184684 ns, At safepoint: 3577 ns, Total: 188261 ns
[2023-07-15T00:23:09.235+0000][67][info ][safepoint   ] Safepoint "Cleanup", Time since last: 5428353188 ns, Reaching safepoint: 100765 ns, At safepoint: 38606 ns, Total: 139371 ns
[2023-07-15T00:23:13.643+0000][67][info ][safepoint   ] Safepoint "Cleanup", Time since last: 4406947540 ns, Reaching safepoint: 409246 ns, At safepoint: 7583 ns, Total: 416829 ns
[2023-07-15T00:23:14.645+0000][67][info ][safepoint   ] Safepoint "Cleanup", Time since last: 1002267883 ns, Reaching safepoint: 268424 ns, At safepoint: 16804 ns, Total: 285228 ns
[2023-07-15T00:23:24.154+0000][67][info ][safepoint   ] Safepoint "Cleanup", Time since last: 9508394169 ns, Reaching safepoint: 75801 ns, At safepoint: 3618 ns, Total: 79419 ns
[2023-07-15T00:23:40.156+0000][67][info ][safepoint   ] Safepoint "Cleanup", Time since last: 15976113890 ns, Reaching safepoint: 830872 ns, At safepoint: 26790 ns, Total: 857662 ns
[2023-07-15T00:23:42.145+0000][67][info ][safepoint   ] Safepoint "Cleanup", Time since last: 1988483518 ns, Reaching safepoint: 1074284 ns, At safepoint: 16465 ns, Total: 1090749 ns
[2023-07-15T00:23:47.086+0000][67][info ][safepoint   ] Safepoint "Cleanup", Time since last: 4940603455 ns, Reaching safepoint: 116159 ns, At safepoint: 31529 ns, Total: 147688 ns
[2023-07-15T00:23:48.645+0000][67][info ][safepoint   ] Safepoint "Cleanup", Time since last: 1558386902 ns, Reaching safepoint: 623392 ns, At safepoint: 29025 ns, Total: 652417 ns
[2023-07-15T00:23:54.899+0000][67][info ][safepoint   ] Safepoint "Cleanup", Time since last: 6253369735 ns, Reaching safepoint: 526077 ns, At safepoint: 6196 ns, Total: 532273 ns
[2023-07-15T00:24:02.150+0000][67][info ][safepoint   ] Safepoint "Cleanup", Time since last: 7249997272 ns, Reaching safepoint: 463940 ns, At safepoint: 10346 ns, Total: 474286 ns
[2023-07-15T00:24:05.090+0000][67][info ][safepoint   ] Safepoint "Cleanup", Time since last: 2939852928 ns, Reaching safepoint: 185355 ns, At safepoint: 5553 ns, Total: 190908 ns
[2023-07-15T00:24:20.053+0000][67][info ][safepoint   ] Safepoint "Cleanup", Time since last: 14958255731 ns, Reaching safepoint: 269313 ns, At safepoint: 5106 ns, Total: 274419 ns
[2023-07-15T00:24:22.055+0000][67][info ][safepoint   ] Safepoint "Cleanup", Time since last: 2002310099 ns, Reaching safepoint: 258733 ns, At safepoint: 6320 ns, Total: 265053 ns
[2023-07-15T00:24:23.196+0000][67][info ][safepoint   ] Safepoint "Cleanup", Time since last: 1140246562 ns, Reaching safepoint: 380440 ns, At safepoint: 49640 ns, Total: 430080 ns
[2023-07-15T00:24:24.236+0000][67][info ][safepoint   ] Safepoint "Cleanup", Time since last: 1039483701 ns, Reaching safepoint: 245010 ns, At safepoint: 40968 ns, Total: 285978 ns
[2023-07-15T00:24:25.444+0000][67][info ][safepoint   ] Safepoint "Cleanup", Time since last: 1207550907 ns, Reaching safepoint: 278838 ns, At safepoint: 4764 ns, Total: 283602 ns
[2023-07-15T00:24:28.446+0000][67][info ][safepoint   ] Safepoint "Cleanup", Time since last: 3002380720 ns, Reaching safepoint: 213650 ns, At safepoint: 5513 ns, Total: 219163 ns
[2023-07-15T00:24:31.840+0000][67][info ][safepoint   ] Safepoint "Cleanup", Time since last: 3392829344 ns, Reaching safepoint: 427587 ns, At safepoint: 13977 ns, Total: 441564 ns
[2023-07-15T00:24:41.234+0000][67][info ][safepoint   ] Safepoint "Cleanup", Time since last: 9392904011 ns, Reaching safepoint: 179121 ns, At safepoint: 26285 ns, Total: 205406 ns
[2023-07-15T00:24:44.364+0000][67][info ][safepoint   ] Safepoint "Cleanup", Time since last: 3129612478 ns, Reaching safepoint: 326579 ns, At safepoint: 5330 ns, Total: 331909 ns
[2023-07-15T00:24:47.095+0000][67][info ][safepoint   ] Safepoint "Cleanup", Time since last: 2730480031 ns, Reaching safepoint: 188000 ns, At safepoint: 70212 ns, Total: 258212 ns
[2023-07-15T00:24:49.618+0000][67][info ][safepoint   ] Safepoint "Cleanup", Time since last: 2523198408 ns, Reaching safepoint: 566140 ns, At safepoint: 18447 ns, Total: 584587 ns
[2023-07-15T00:24:51.622+0000][67][info ][safepoint   ] Safepoint "Cleanup", Time since last: 2003654997 ns, Reaching safepoint: 224625 ns, At safepoint: 4224 ns, Total: 228849 ns
[2023-07-15T00:24:53.096+0000][67][info ][safepoint   ] Safepoint "Cleanup", Time since last: 1473551460 ns, Reaching safepoint: 232574 ns, At safepoint: 28008 ns, Total: 260582 ns
[2023-07-15T00:24:54.425+0000][67][info ][safepoint   ] Safepoint "Cleanup", Time since last: 1329027722 ns, Reaching safepoint: 207294 ns, At safepoint: 40226 ns, Total: 247520 ns
[2023-07-15T00:24:55.500+0000][67][info ][safepoint   ] Safepoint "Cleanup", Time since last: 1074540331 ns, Reaching safepoint: 423348 ns, At safepoint: 17150 ns, Total: 440498 ns
[2023-07-15T00:24:56.503+0000][67][info ][safepoint   ] Safepoint "Cleanup", Time since last: 1002636806 ns, Reaching safepoint: 382101 ns, At safepoint: 15446 ns, Total: 397547 ns
[2023-07-15T00:24:57.507+0000][67][info ][safepoint   ] Safepoint "Cleanup", Time since last: 1002755654 ns, Reaching safepoint: 417376 ns, At safepoint: 24341 ns, Total: 441717 ns
[2023-07-15T00:24:59.096+0000][67][info ][safepoint   ] Safepoint "Cleanup", Time since last: 1589485746 ns, Reaching safepoint: 109205 ns, At safepoint: 5069 ns, Total: 114274 ns
[2023-07-15T00:25:00.099+0000][67][info ][safepoint   ] Safepoint "Cleanup", Time since last: 1002639331 ns, Reaching safepoint: 111149 ns, At safepoint: 31283 ns, Total: 142432 ns
[2023-07-15T00:25:02.449+0000][67][info ][safepoint   ] Safepoint "Cleanup", Time since last: 2349923263 ns, Reaching safepoint: 288672 ns, At safepoint: 42453 ns, Total: 331125 ns
[2023-07-15T00:25:03.925+0000][67][info ][safepoint   ] Safepoint "Cleanup", Time since last: 1475804151 ns, Reaching safepoint: 124235 ns, At safepoint: 6841 ns, Total: 131076 ns
[2023-07-15T00:25:05.098+0000][67][info ][safepoint   ] Safepoint "Cleanup", Time since last: 1173123254 ns, Reaching safepoint: 167217 ns, At safepoint: 45687 ns, Total: 212904 ns
[2023-07-15T00:25:13.020+0000][67][info ][safepoint   ] Safepoint "Cleanup", Time since last: 7919856571 ns, Reaching safepoint: 767363 ns, At safepoint: 69300 ns, Total: 836663 ns
[2023-07-15T00:25:17.024+0000][67][info ][safepoint   ] Safepoint "Cleanup", Time since last: 4003986578 ns, Reaching safepoint: 367848 ns, At safepoint: 90071 ns, Total: 457919 ns
[2023-07-15T00:25:18.210+0000][67][info ][safepoint   ] Safepoint "Cleanup", Time since last: 1186060436 ns, Reaching safepoint: 202408 ns, At safepoint: 5324 ns, Total: 207732 ns
[2023-07-15T00:25:19.270+0000][67][info ][safepoint   ] Safepoint "Cleanup", Time since last: 1058571409 ns, Reaching safepoint: 480784 ns, At safepoint: 14489 ns, Total: 495273 ns
[2023-07-15T00:25:20.273+0000][67][info ][safepoint   ] Safepoint "Cleanup", Time since last: 1002439898 ns, Reaching safepoint: 653224 ns, At safepoint: 9680 ns, Total: 662904 ns
[2023-07-15T00:25:21.276+0000][67][info ][safepoint   ] Safepoint "Cleanup", Time since last: 1002742457 ns, Reaching safepoint: 513727 ns, At safepoint: 9082 ns, Total: 522809 ns
[2023-07-15T00:25:23.106+0000][67][info ][safepoint   ] Safepoint "Cleanup", Time since last: 1830052869 ns, Reaching safepoint: 220546 ns, At safepoint: 34814 ns, Total: 255360 ns
[2023-07-15T00:25:24.645+0000][67][info ][safepoint   ] Safepoint "Cleanup", Time since last: 1538655855 ns, Reaching safepoint: 174521 ns, At safepoint: 2985 ns, Total: 177506 ns
[2023-07-15T00:25:25.844+0000][67][info ][safepoint   ] Safepoint "Cleanup", Time since last: 1198572968 ns, Reaching safepoint: 346381 ns, At safepoint: 6137 ns, Total: 352518 ns
[2023-07-15T00:25:26.848+0000][67][info ][safepoint   ] Safepoint "Cleanup", Time since last: 1003279748 ns, Reaching safepoint: 710838 ns, At safepoint: 32728 ns, Total: 743566 ns
[2023-07-15T00:25:30.022+0000][67][info ][safepoint   ] Safepoint "Cleanup", Time since last: 3173737521 ns, Reaching safepoint: 193010 ns, At safepoint: 32350 ns, Total: 225360 ns
[2023-07-15T00:25:34.082+0000][67][info ][safepoint   ] Safepoint "Cleanup", Time since last: 4059428802 ns, Reaching safepoint: 345483 ns, At safepoint: 6636 ns, Total: 352119 ns
[2023-07-15T00:25:36.285+0000][67][info ][safepoint   ] Safepoint "Cleanup", Time since last: 2202649436 ns, Reaching safepoint: 191085 ns, At safepoint: 32162 ns, Total: 223247 ns
[2023-07-15T00:25:38.347+0000][67][info ][safepoint   ] Safepoint "Cleanup", Time since last: 2061636989 ns, Reaching safepoint: 790204 ns, At safepoint: 23817 ns, Total: 814021 ns
[2023-07-15T00:25:39.354+0000][67][info ][safepoint   ] Safepoint "Cleanup", Time since last: 1006070401 ns, Reaching safepoint: 690084 ns, At safepoint: 120523 ns, Total: 810607 ns
[2023-07-15T00:25:40.358+0000][67][info ][safepoint   ] Safepoint "Cleanup", Time since last: 1002646011 ns, Reaching safepoint: 329462 ns, At safepoint: 5526 ns, Total: 334988 ns
[2023-07-15T00:25:41.561+0000][67][info ][safepoint   ] Safepoint "Cleanup", Time since last: 1202835171 ns, Reaching safepoint: 138605 ns, At safepoint: 39209 ns, Total: 177814 ns
[2023-07-15T00:25:42.620+0000][67][info ][safepoint   ] Safepoint "Cleanup", Time since last: 1058409310 ns, Reaching safepoint: 262186 ns, At safepoint: 5395 ns, Total: 267581 ns
[2023-07-15T00:25:47.113+0000][67][info ][safepoint   ] Safepoint "Cleanup", Time since last: 4493335816 ns, Reaching safepoint: 166702 ns, At safepoint: 110614 ns, Total: 277316 ns
[2023-07-15T00:25:48.978+0000][67][info ][safepoint   ] Safepoint "Cleanup", Time since last: 1863982945 ns, Reaching safepoint: 732831 ns, At safepoint: 13776 ns, Total: 746607 ns
[2023-07-15T00:25:49.982+0000][67][info ][safepoint   ] Safepoint "Cleanup", Time since last: 1003347640 ns, Reaching safepoint: 358248 ns, At safepoint: 6029 ns, Total: 364277 ns
[2023-07-15T00:25:50.985+0000][67][info ][safepoint   ] Safepoint "Cleanup", Time since last: 1002683124 ns, Reaching safepoint: 336864 ns, At safepoint: 5057 ns, Total: 341921 ns
[2023-07-15T00:25:53.123+0000][67][info ][safepoint   ] Safepoint "Cleanup", Time since last: 2137832214 ns, Reaching safepoint: 190856 ns, At safepoint: 36077 ns, Total: 226933 ns
[2023-07-15T00:25:54.129+0000][67][info ][safepoint   ] Safepoint "Cleanup", Time since last: 1005812853 ns, Reaching safepoint: 224849 ns, At safepoint: 44957 ns, Total: 269806 ns
[2023-07-15T00:25:55.577+0000][67][info ][safepoint   ] Safepoint "Cleanup", Time since last: 1448086432 ns, Reaching safepoint: 403403 ns, At safepoint: 5804 ns, Total: 409207 ns
[2023-07-15T00:25:56.580+0000][67][info ][safepoint   ] Safepoint "Cleanup", Time since last: 1002319894 ns, Reaching safepoint: 420469 ns, At safepoint: 17571 ns, Total: 438040 ns
[2023-07-15T00:25:57.583+0000][67][info ][safepoint   ] Safepoint "Cleanup", Time since last: 1002414239 ns, Reaching safepoint: 562530 ns, At safepoint: 102717 ns, Total: 665247 ns
[2023-07-15T00:25:59.106+0000][67][info ][safepoint   ] Safepoint "Cleanup", Time since last: 1522674933 ns, Reaching safepoint: 132200 ns, At safepoint: 37123 ns, Total: 169323 ns
[2023-07-15T00:26:07.927+0000][67][info ][safepoint   ] Safepoint "Cleanup", Time since last: 8820104337 ns, Reaching safepoint: 425327 ns, At safepoint: 6162 ns, Total: 431489 ns
[2023-07-15T00:26:12.605+0000][67][info ][safepoint   ] Safepoint "Cleanup", Time since last: 4678018005 ns, Reaching safepoint: 185808 ns, At safepoint: 31133 ns, Total: 216941 ns
[2023-07-15T00:26:14.529+0000][67][info ][safepoint   ] Safepoint "Cleanup", Time since last: 1923424726 ns, Reaching safepoint: 247575 ns, At safepoint: 4676 ns, Total: 252251 ns
[2023-07-15T00:26:17.112+0000][67][info ][safepoint   ] Safepoint "Cleanup", Time since last: 2582647198 ns, Reaching safepoint: 259823 ns, At safepoint: 35036 ns, Total: 294859 ns
[2023-07-15T00:26:18.755+0000][67][info ][safepoint   ] Safepoint "Cleanup", Time since last: 1641723915 ns, Reaching safepoint: 734015 ns, At safepoint: 30012 ns, Total: 764027 ns
[2023-07-15T00:26:19.757+0000][67][info ][safepoint   ] Safepoint "Cleanup", Time since last: 1002468476 ns, Reaching safepoint: 227916 ns, At safepoint: 5598 ns, Total: 233514 ns
[2023-07-15T00:26:20.823+0000][67][info ][safepoint   ] Safepoint "ICBufferFull", Time since last: 1065253246 ns, Reaching safepoint: 198068 ns, At safepoint: 3142 ns, Total: 201210 ns
[2023-07-15T00:26:21.842+0000][67][info ][safepoint   ] Safepoint "Cleanup", Time since last: 1019249334 ns, Reaching safepoint: 273307 ns, At safepoint: 4787 ns, Total: 278094 ns
[2023-07-15T00:26:22.847+0000][67][info ][safepoint   ] Safepoint "Cleanup", Time since last: 1003978702 ns, Reaching safepoint: 327235 ns, At safepoint: 5557 ns, Total: 332792 ns
[2023-07-15T00:26:23.947+0000][67][info ][safepoint   ] Safepoint "Cleanup", Time since last: 1099683919 ns, Reaching safepoint: 216272 ns, At safepoint: 34784 ns, Total: 251056 ns
[2023-07-15T00:26:25.009+0000][67][info ][safepoint   ] Safepoint "Cleanup", Time since last: 1062188051 ns, Reaching safepoint: 605722 ns, At safepoint: 116579 ns, Total: 722301 ns
[2023-07-15T00:26:26.012+0000][67][info ][safepoint   ] Safepoint "Cleanup", Time since last: 1002355867 ns, Reaching safepoint: 416299 ns, At safepoint: 7599 ns, Total: 423898 ns
[2023-07-15T00:26:41.353+0000][67][info ][safepoint   ] Safepoint "Cleanup", Time since last: 15339748156 ns, Reaching safepoint: 164896 ns, At safepoint: 49078 ns, Total: 213974 ns
[2023-07-15T00:26:42.882+0000][67][info ][safepoint   ] Safepoint "Cleanup", Time since last: 1528683075 ns, Reaching safepoint: 263757 ns, At safepoint: 4361 ns, Total: 268118 ns
[2023-07-15T00:26:46.885+0000][67][info ][safepoint   ] Safepoint "Cleanup", Time since last: 4002809559 ns, Reaching safepoint: 188359 ns, At safepoint: 3894 ns, Total: 192253 ns
[2023-07-15T00:26:50.096+0000][67][info ][safepoint   ] Safepoint "Cleanup", Time since last: 3210570758 ns, Reaching safepoint: 692540 ns, At safepoint: 24171 ns, Total: 716711 ns
[2023-07-15T00:26:57.379+0000][67][info ][safepoint   ] Safepoint "Cleanup", Time since last: 7282570866 ns, Reaching safepoint: 346412 ns, At safepoint: 6241 ns, Total: 352653 ns
[2023-07-15T00:26:59.580+0000][67][info ][safepoint   ] Safepoint "Cleanup", Time since last: 2201386954 ns, Reaching safepoint: 224041 ns, At safepoint: 27050 ns, Total: 251091 ns
[2023-07-15T00:27:05.130+0000][67][info ][safepoint   ] Safepoint "Cleanup", Time since last: 5548989897 ns, Reaching safepoint: 246800 ns, At safepoint: 43448 ns, Total: 290248 ns
[2023-07-15T00:27:06.168+0000][67][info ][safepoint   ] Safepoint "Cleanup", Time since last: 1038548545 ns, Reaching safepoint: 112068 ns, At safepoint: 49124 ns, Total: 161192 ns
[2023-07-15T00:27:10.635+0000][67][info ][gc,start    ] GC(17) Pause Young (Normal) (G1 Evacuation Pause)
[2023-07-15T00:27:10.638+0000][67][info ][gc,task     ] GC(17) Using 6 workers of 6 for evacuation
[2023-07-15T00:27:10.639+0000][67][debug][gc,age      ] GC(17) Desired survivor size 155189248 bytes, new threshold 15 (max threshold 15)
[2023-07-15T00:27:10.655+0000][67][info ][gc,phases   ] GC(17)   Pre Evacuate Collection Set: 2.0ms
[2023-07-15T00:27:10.657+0000][67][info ][gc,phases   ] GC(17)   Merge Heap Roots: 0.5ms
[2023-07-15T00:27:10.657+0000][67][info ][gc,phases   ] GC(17)   Evacuate Collection Set: 7.9ms
[2023-07-15T00:27:10.658+0000][67][info ][gc,phases   ] GC(17)   Post Evacuate Collection Set: 4.3ms
[2023-07-15T00:27:10.659+0000][67][info ][gc,phases   ] GC(17)   Other: 2.8ms
[2023-07-15T00:27:10.660+0000][67][trace][gc,age      ] GC(17) Age table with threshold 15 (max threshold 15)
[2023-07-15T00:27:10.661+0000][67][trace][gc,age      ] GC(17) - age   1:    3255608 bytes,    3255608 total
[2023-07-15T00:27:10.662+0000][67][trace][gc,age      ] GC(17) - age   2:    1434200 bytes,    4689808 total
[2023-07-15T00:27:10.663+0000][67][trace][gc,age      ] GC(17) - age   3:    1804904 bytes,    6494712 total
[2023-07-15T00:27:10.665+0000][67][trace][gc,age      ] GC(17) - age   4:     438552 bytes,    6933264 total
[2023-07-15T00:27:10.666+0000][67][trace][gc,age      ] GC(17) - age   5:    1023416 bytes,    7956680 total
[2023-07-15T00:27:10.667+0000][67][info ][gc,heap     ] GC(17) Eden regions: 586->0(586)
[2023-07-15T00:27:10.668+0000][67][info ][gc,heap     ] GC(17) Survivor regions: 3->3(74)
[2023-07-15T00:27:10.669+0000][67][info ][gc,heap     ] GC(17) Old regions: 26->26
[2023-07-15T00:27:10.669+0000][67][info ][gc,heap     ] GC(17) Archive regions: 2->2
[2023-07-15T00:27:10.670+0000][67][info ][gc,heap     ] GC(17) Humongous regions: 0->0
[2023-07-15T00:27:10.672+0000][67][info ][gc,metaspace] GC(17) Metaspace: 140007K(143552K)->140007K(143552K) NonClass: 121944K(123712K)->121944K(123712K) Class: 18062K(19840K)->18062K(19840K)
[2023-07-15T00:27:10.673+0000][67][info ][gc          ] GC(17) Pause Young (Normal) (G1 Evacuation Pause) 2459M->115M(3932M) 37.695ms
[2023-07-15T00:27:10.674+0000][67][info ][gc,cpu      ] GC(17) User=0.04s Sys=0.01s Real=0.04s
[2023-07-15T00:27:10.675+0000][67][info ][safepoint   ] Safepoint "G1CollectForAllocation", Time since last: 4465498613 ns, Reaching safepoint: 392737 ns, At safepoint: 39680137 ns, Total: 40072874 ns
[2023-07-15T00:27:12.174+0000][67][info ][safepoint   ] Safepoint "Cleanup", Time since last: 1499305119 ns, Reaching safepoint: 187689 ns, At safepoint: 3964 ns, Total: 191653 ns
[2023-07-15T00:27:14.263+0000][67][info ][safepoint   ] Safepoint "Cleanup", Time since last: 2087374329 ns, Reaching safepoint: 1095958 ns, At safepoint: 16065 ns, Total: 1112023 ns
[2023-07-15T00:27:18.440+0000][67][info ][safepoint   ] Safepoint "Cleanup", Time since last: 4177082670 ns, Reaching safepoint: 128615 ns, At safepoint: 3382 ns, Total: 131997 ns
[2023-07-15T00:27:24.152+0000][67][info ][safepoint   ] Safepoint "Cleanup", Time since last: 5711493111 ns, Reaching safepoint: 193969 ns, At safepoint: 29658 ns, Total: 223627 ns
[2023-07-15T00:27:25.174+0000][67][info ][safepoint   ] Safepoint "Cleanup", Time since last: 1022627051 ns, Reaching safepoint: 82170 ns, At safepoint: 3059 ns, Total: 85229 ns
[2023-07-15T00:27:27.441+0000][67][info ][safepoint   ] Safepoint "Cleanup", Time since last: 2266664348 ns, Reaching safepoint: 442916 ns, At safepoint: 9102 ns, Total: 452018 ns
[2023-07-15T00:27:31.488+0000][67][info ][safepoint   ] Safepoint "Cleanup", Time since last: 4046088802 ns, Reaching safepoint: 362713 ns, At safepoint: 7014 ns, Total: 369727 ns
[2023-07-15T00:27:38.551+0000][67][info ][safepoint   ] Safepoint "Cleanup", Time since last: 7062717234 ns, Reaching safepoint: 397612 ns, At safepoint: 15796 ns, Total: 413408 ns
[2023-07-15T00:27:59.480+0000][67][info ][safepoint   ] Safepoint "Cleanup", Time since last: 20928038278 ns, Reaching safepoint: 207646 ns, At safepoint: 28619 ns, Total: 236265 ns
[2023-07-15T00:28:06.021+0000][67][info ][safepoint   ] Safepoint "Cleanup", Time since last: 6540819160 ns, Reaching safepoint: 151014 ns, At safepoint: 31727 ns, Total: 182741 ns
[2023-07-15T00:28:12.274+0000][67][info ][safepoint   ] Safepoint "Cleanup", Time since last: 6252270084 ns, Reaching safepoint: 94324 ns, At safepoint: 26538 ns, Total: 120862 ns
[2023-07-15T00:28:15.901+0000][67][info ][safepoint   ] Safepoint "Cleanup", Time since last: 3626846008 ns, Reaching safepoint: 200908 ns, At safepoint: 4031 ns, Total: 204939 ns
[2023-07-15T00:28:17.192+0000][67][info ][safepoint   ] Safepoint "Cleanup", Time since last: 1290548452 ns, Reaching safepoint: 288780 ns, At safepoint: 61694 ns, Total: 350474 ns
[2023-07-15T00:28:18.906+0000][67][info ][safepoint   ] Safepoint "Cleanup", Time since last: 1713856210 ns, Reaching safepoint: 247265 ns, At safepoint: 12807 ns, Total: 260072 ns
[2023-07-15T00:28:19.909+0000][67][info ][safepoint   ] Safepoint "Cleanup", Time since last: 1002507113 ns, Reaching safepoint: 431715 ns, At safepoint: 11918 ns, Total: 443633 ns
[2023-07-15T00:28:20.912+0000][67][info ][safepoint   ] Safepoint "Cleanup", Time since last: 1002728555 ns, Reaching safepoint: 464649 ns, At safepoint: 115906 ns, Total: 580555 ns
[2023-07-15T00:28:21.915+0000][67][info ][safepoint   ] Safepoint "Cleanup", Time since last: 1002332636 ns, Reaching safepoint: 336217 ns, At safepoint: 6526 ns, Total: 342743 ns
[2023-07-15T00:28:23.138+0000][67][info ][safepoint   ] Safepoint "Cleanup", Time since last: 1222659598 ns, Reaching safepoint: 83619 ns, At safepoint: 34988 ns, Total: 118607 ns
[2023-07-15T00:28:24.140+0000][67][info ][safepoint   ] Safepoint "Cleanup", Time since last: 1001489138 ns, Reaching safepoint: 217478 ns, At safepoint: 5115 ns, Total: 222593 ns
[2023-07-15T00:28:25.325+0000][67][info ][safepoint   ] Safepoint "Cleanup", Time since last: 1185204267 ns, Reaching safepoint: 314215 ns, At safepoint: 15374 ns, Total: 329589 ns
[2023-07-15T00:28:27.329+0000][67][info ][safepoint   ] Safepoint "Cleanup", Time since last: 2003454736 ns, Reaching safepoint: 247817 ns, At safepoint: 11337 ns, Total: 259154 ns
[2023-07-15T00:28:28.767+0000][67][info ][safepoint   ] Safepoint "Cleanup", Time since last: 1437921473 ns, Reaching safepoint: 256831 ns, At safepoint: 15742 ns, Total: 272573 ns
[2023-07-15T00:28:30.568+0000][67][info ][safepoint   ] Safepoint "Cleanup", Time since last: 1800515817 ns, Reaching safepoint: 496508 ns, At safepoint: 15327 ns, Total: 511835 ns
[2023-07-15T00:28:33.129+0000][67][info ][safepoint   ] Safepoint "Cleanup", Time since last: 2560314952 ns, Reaching safepoint: 121269 ns, At safepoint: 59257 ns, Total: 180526 ns
[2023-07-15T00:28:35.147+0000][67][info ][safepoint   ] Safepoint "Cleanup", Time since last: 2017791942 ns, Reaching safepoint: 363575 ns, At safepoint: 9555 ns, Total: 373130 ns
[2023-07-15T00:28:39.045+0000][67][info ][safepoint   ] Safepoint "Cleanup", Time since last: 3898129323 ns, Reaching safepoint: 362188 ns, At safepoint: 6819 ns, Total: 369007 ns
[2023-07-15T00:28:41.273+0000][67][info ][safepoint   ] Safepoint "Cleanup", Time since last: 2226699150 ns, Reaching safepoint: 223238 ns, At safepoint: 31879 ns, Total: 255117 ns
[2023-07-15T00:28:47.155+0000][67][info ][safepoint   ] Safepoint "Cleanup", Time since last: 5881666430 ns, Reaching safepoint: 213913 ns, At safepoint: 28561 ns, Total: 242474 ns
[2023-07-15T00:28:48.526+0000][67][info ][safepoint   ] Safepoint "Cleanup", Time since last: 1370567103 ns, Reaching safepoint: 216102 ns, At safepoint: 34291 ns, Total: 250393 ns
[2023-07-15T00:28:49.773+0000][67][info ][safepoint   ] Safepoint "Cleanup", Time since last: 1246916438 ns, Reaching safepoint: 254811 ns, At safepoint: 122064 ns, Total: 376875 ns
[2023-07-15T00:28:54.062+0000][67][info ][safepoint   ] Safepoint "Cleanup", Time since last: 4288778483 ns, Reaching safepoint: 135098 ns, At safepoint: 37219 ns, Total: 172317 ns
[2023-07-15T00:28:56.395+0000][67][info ][safepoint   ] Safepoint "Cleanup", Time since last: 2333397629 ns, Reaching safepoint: 162310 ns, At safepoint: 3205 ns, Total: 165515 ns
[2023-07-15T00:28:59.135+0000][67][info ][safepoint   ] Safepoint "Cleanup", Time since last: 2739818356 ns, Reaching safepoint: 156849 ns, At safepoint: 28475 ns, Total: 185324 ns
[2023-07-15T00:29:20.342+0000][67][info ][safepoint   ] Safepoint "Cleanup", Time since last: 21205420302 ns, Reaching safepoint: 747003 ns, At safepoint: 107281 ns, Total: 854284 ns
[2023-07-15T00:29:46.781+0000][67][info ][safepoint   ] Safepoint "Cleanup", Time since last: 26437374844 ns, Reaching safepoint: 287165 ns, At safepoint: 18082 ns, Total: 305247 ns
[2023-07-15T00:29:56.925+0000][67][info ][safepoint   ] Safepoint "Cleanup", Time since last: 10143552800 ns, Reaching safepoint: 767512 ns, At safepoint: 41675 ns, Total: 809187 ns
[2023-07-15T00:29:58.585+0000][67][info ][safepoint   ] Safepoint "Cleanup", Time since last: 1659783811 ns, Reaching safepoint: 131575 ns, At safepoint: 11491 ns, Total: 143066 ns
[2023-07-15T00:29:59.600+0000][67][info ][safepoint   ] Safepoint "Cleanup", Time since last: 1014606117 ns, Reaching safepoint: 40720 ns, At safepoint: 4123 ns, Total: 44843 ns
[2023-07-15T00:30:00.792+0000][67][info ][safepoint   ] Safepoint "Cleanup", Time since last: 1192167293 ns, Reaching safepoint: 137035 ns, At safepoint: 12413 ns, Total: 149448 ns
[2023-07-15T00:30:17.164+0000][67][info ][safepoint   ] Safepoint "Cleanup", Time since last: 16371372999 ns, Reaching safepoint: 251294 ns, At safepoint: 38335 ns, Total: 289629 ns
[2023-07-15T00:30:20.851+0000][67][info ][safepoint   ] Safepoint "Cleanup", Time since last: 3686605924 ns, Reaching safepoint: 235113 ns, At safepoint: 60360 ns, Total: 295473 ns
[2023-07-15T00:30:26.432+0000][67][info ][safepoint   ] Safepoint "Cleanup", Time since last: 5580501574 ns, Reaching safepoint: 175604 ns, At safepoint: 3149 ns, Total: 178753 ns
[2023-07-15T00:30:27.435+0000][67][info ][safepoint   ] Safepoint "Cleanup", Time since last: 1002769296 ns, Reaching safepoint: 339911 ns, At safepoint: 6792 ns, Total: 346703 ns
[2023-07-15T00:30:29.416+0000][67][info ][safepoint   ] Safepoint "Cleanup", Time since last: 1980935741 ns, Reaching safepoint: 268764 ns, At safepoint: 92726 ns, Total: 361490 ns
[2023-07-15T00:30:31.201+0000][67][info ][safepoint   ] Safepoint "Cleanup", Time since last: 1783690038 ns, Reaching safepoint: 603642 ns, At safepoint: 19954 ns, Total: 623596 ns
[2023-07-15T00:31:20.924+0000][67][info ][safepoint   ] Safepoint "Cleanup", Time since last: 49721535140 ns, Reaching safepoint: 617235 ns, At safepoint: 23824 ns, Total: 641059 ns
[2023-07-15T00:31:24.088+0000][67][info ][safepoint   ] Safepoint "Cleanup", Time since last: 3163982650 ns, Reaching safepoint: 164789 ns, At safepoint: 6470 ns, Total: 171259 ns
[2023-07-15T00:31:26.148+0000][67][info ][safepoint   ] Safepoint "Cleanup", Time since last: 2058840433 ns, Reaching safepoint: 1082742 ns, At safepoint: 23371 ns, Total: 1106113 ns
[2023-07-15T00:31:27.153+0000][67][info ][safepoint   ] Safepoint "Cleanup", Time since last: 1004083947 ns, Reaching safepoint: 671980 ns, At safepoint: 12836 ns, Total: 684816 ns
[2023-07-15T00:31:29.153+0000][67][info ][safepoint   ] Safepoint "Cleanup", Time since last: 1999616689 ns, Reaching safepoint: 181338 ns, At safepoint: 30011 ns, Total: 211349 ns
[2023-07-15T00:31:42.165+0000][67][info ][safepoint   ] Safepoint "Cleanup", Time since last: 13011190512 ns, Reaching safepoint: 113165 ns, At safepoint: 30894 ns, Total: 144059 ns
[2023-07-15T00:31:43.416+0000][67][info ][safepoint   ] Safepoint "Cleanup", Time since last: 1251121182 ns, Reaching safepoint: 170221 ns, At safepoint: 27107 ns, Total: 197328 ns
[2023-07-15T00:31:44.695+0000][67][info ][safepoint   ] Safepoint "Cleanup", Time since last: 1278708284 ns, Reaching safepoint: 160151 ns, At safepoint: 27240 ns, Total: 187391 ns
[2023-07-15T00:31:47.169+0000][67][info ][safepoint   ] Safepoint "Cleanup", Time since last: 2473461006 ns, Reaching safepoint: 193174 ns, At safepoint: 4875 ns, Total: 198049 ns
[2023-07-15T00:31:48.768+0000][67][info ][safepoint   ] Safepoint "Cleanup", Time since last: 1598647377 ns, Reaching safepoint: 445397 ns, At safepoint: 16899 ns, Total: 462296 ns
[2023-07-15T00:31:50.970+0000][67][info ][safepoint   ] Safepoint "Cleanup", Time since last: 2201656505 ns, Reaching safepoint: 175356 ns, At safepoint: 28453 ns, Total: 203809 ns
[2023-07-15T00:31:52.030+0000][67][info ][safepoint   ] Safepoint "Cleanup", Time since last: 1059361311 ns, Reaching safepoint: 428995 ns, At safepoint: 8803 ns, Total: 437798 ns
[2023-07-15T00:31:56.011+0000][67][info ][safepoint   ] Safepoint "Cleanup", Time since last: 3981183963 ns, Reaching safepoint: 355130 ns, At safepoint: 8318 ns, Total: 363448 ns
[2023-07-15T00:31:59.170+0000][67][info ][safepoint   ] Safepoint "Cleanup", Time since last: 3158795271 ns, Reaching safepoint: 98483 ns, At safepoint: 10224 ns, Total: 108707 ns
[2023-07-15T00:32:02.902+0000][67][info ][safepoint   ] Safepoint "Cleanup", Time since last: 3731611676 ns, Reaching safepoint: 594758 ns, At safepoint: 16092 ns, Total: 610850 ns
[2023-07-15T00:32:04.905+0000][67][info ][safepoint   ] Safepoint "Cleanup", Time since last: 2002708886 ns, Reaching safepoint: 240963 ns, At safepoint: 15468 ns, Total: 256431 ns
[2023-07-15T00:32:06.051+0000][67][info ][safepoint   ] Safepoint "Cleanup", Time since last: 1145328022 ns, Reaching safepoint: 139753 ns, At safepoint: 33628 ns, Total: 173381 ns
[2023-07-15T00:32:24.140+0000][67][info ][safepoint   ] Safepoint "Cleanup", Time since last: 18088405276 ns, Reaching safepoint: 88742 ns, At safepoint: 6944 ns, Total: 95686 ns
[2023-07-15T00:32:26.031+0000][67][info ][safepoint   ] Safepoint "Cleanup", Time since last: 1890427453 ns, Reaching safepoint: 614541 ns, At safepoint: 28554 ns, Total: 643095 ns
[2023-07-15T00:32:29.190+0000][67][info ][safepoint   ] Safepoint "Cleanup", Time since last: 3159378712 ns, Reaching safepoint: 101469 ns, At safepoint: 28494 ns, Total: 129963 ns
[2023-07-15T00:32:30.201+0000][67][info ][safepoint   ] Safepoint "Cleanup", Time since last: 1010493356 ns, Reaching safepoint: 186036 ns, At safepoint: 27309 ns, Total: 213345 ns
[2023-07-15T00:32:36.462+0000][67][info ][safepoint   ] Safepoint "Cleanup", Time since last: 6261025487 ns, Reaching safepoint: 163182 ns, At safepoint: 33135 ns, Total: 196317 ns
[2023-07-15T00:32:46.784+0000][67][info ][safepoint   ] Safepoint "Cleanup", Time since last: 10321091737 ns, Reaching safepoint: 239098 ns, At safepoint: 3326 ns, Total: 242424 ns
[2023-07-15T00:32:56.407+0000][67][info ][safepoint   ] Safepoint "Cleanup", Time since last: 9622440359 ns, Reaching safepoint: 380628 ns, At safepoint: 16070 ns, Total: 396698 ns
[2023-07-15T00:33:08.101+0000][67][info ][safepoint   ] Safepoint "Cleanup", Time since last: 11693558753 ns, Reaching safepoint: 383836 ns, At safepoint: 16048 ns, Total: 399884 ns
[2023-07-15T00:33:20.173+0000][67][info ][safepoint   ] Safepoint "Cleanup", Time since last: 12070944926 ns, Reaching safepoint: 99356 ns, At safepoint: 33360 ns, Total: 132716 ns
[2023-07-15T00:33:35.354+0000][67][info ][safepoint   ] Safepoint "Cleanup", Time since last: 15180509700 ns, Reaching safepoint: 118764 ns, At safepoint: 6060 ns, Total: 124824 ns
[2023-07-15T00:33:42.327+0000][67][info ][safepoint   ] Safepoint "Cleanup", Time since last: 6972867925 ns, Reaching safepoint: 130055 ns, At safepoint: 27306 ns, Total: 157361 ns
[2023-07-15T00:33:47.205+0000][67][info ][safepoint   ] Safepoint "Cleanup", Time since last: 4877868231 ns, Reaching safepoint: 175155 ns, At safepoint: 27010 ns, Total: 202165 ns
[2023-07-15T00:33:55.161+0000][67][info ][safepoint   ] Safepoint "Cleanup", Time since last: 7955024639 ns, Reaching safepoint: 354813 ns, At safepoint: 5733 ns, Total: 360546 ns
[2023-07-15T00:34:08.787+0000][67][info ][safepoint   ] Safepoint "Cleanup", Time since last: 13625804576 ns, Reaching safepoint: 335426 ns, At safepoint: 19278 ns, Total: 354704 ns
[2023-07-15T00:34:13.051+0000][67][info ][safepoint   ] Safepoint "Cleanup", Time since last: 4262579852 ns, Reaching safepoint: 241787 ns, At safepoint: 15894 ns, Total: 257681 ns
[2023-07-15T00:34:23.761+0000][67][info ][safepoint   ] Safepoint "Cleanup", Time since last: 10710131686 ns, Reaching safepoint: 274896 ns, At safepoint: 37714 ns, Total: 312610 ns
[2023-07-15T00:34:24.788+0000][67][info ][safepoint   ] Safepoint "Cleanup", Time since last: 1026485699 ns, Reaching safepoint: 193731 ns, At safepoint: 27880 ns, Total: 221611 ns
[2023-07-15T00:34:44.137+0000][67][info ][safepoint   ] Safepoint "Cleanup", Time since last: 19348778460 ns, Reaching safepoint: 126508 ns, At safepoint: 28111 ns, Total: 154619 ns
[2023-07-15T00:34:45.587+0000][67][info ][safepoint   ] Safepoint "Cleanup", Time since last: 1449474218 ns, Reaching safepoint: 527659 ns, At safepoint: 11088 ns, Total: 538747 ns
[2023-07-15T00:34:47.221+0000][67][info ][safepoint   ] Safepoint "Cleanup", Time since last: 1633563982 ns, Reaching safepoint: 195486 ns, At safepoint: 27728 ns, Total: 223214 ns
[2023-07-15T00:35:19.823+0000][67][info ][safepoint   ] Safepoint "Cleanup", Time since last: 32600724396 ns, Reaching safepoint: 242747 ns, At safepoint: 4841 ns, Total: 247588 ns
[2023-07-15T00:35:46.922+0000][67][info ][safepoint   ] Safepoint "Cleanup", Time since last: 27097914939 ns, Reaching safepoint: 349030 ns, At safepoint: 6428 ns, Total: 355458 ns
[2023-07-15T00:36:09.112+0000][67][info ][safepoint   ] Safepoint "Cleanup", Time since last: 22190388416 ns, Reaching safepoint: 458542 ns, At safepoint: 9853 ns, Total: 468395 ns
[2023-07-15T00:36:11.117+0000][67][info ][safepoint   ] Safepoint "Cleanup", Time since last: 2003912995 ns, Reaching safepoint: 106569 ns, At safepoint: 3043 ns, Total: 109612 ns
[2023-07-15T00:36:12.273+0000][67][info ][safepoint   ] Safepoint "Cleanup", Time since last: 1154926141 ns, Reaching safepoint: 119293 ns, At safepoint: 28165 ns, Total: 147458 ns
[2023-07-15T00:36:15.331+0000][67][info ][safepoint   ] Safepoint "Cleanup", Time since last: 3058565835 ns, Reaching safepoint: 389579 ns, At safepoint: 7057 ns, Total: 396636 ns
[2023-07-15T00:36:17.226+0000][67][info ][safepoint   ] Safepoint "Cleanup", Time since last: 1894108426 ns, Reaching safepoint: 195375 ns, At safepoint: 33449 ns, Total: 228824 ns
[2023-07-15T00:36:23.227+0000][67][info ][safepoint   ] Safepoint "Cleanup", Time since last: 6000615008 ns, Reaching safepoint: 83197 ns, At safepoint: 27602 ns, Total: 110799 ns
[2023-07-15T00:36:29.217+0000][67][info ][safepoint   ] Safepoint "Cleanup", Time since last: 5990601658 ns, Reaching safepoint: 77163 ns, At safepoint: 39868 ns, Total: 117031 ns
[2023-07-15T00:36:46.773+0000][67][info ][safepoint   ] Safepoint "Cleanup", Time since last: 17554540601 ns, Reaching safepoint: 263483 ns, At safepoint: 13206 ns, Total: 276689 ns
[2023-07-15T00:36:47.973+0000][67][info ][safepoint   ] Safepoint "Cleanup", Time since last: 1200134056 ns, Reaching safepoint: 164768 ns, At safepoint: 31106 ns, Total: 195874 ns
[2023-07-15T00:36:56.155+0000][67][info ][safepoint   ] Safepoint "Cleanup", Time since last: 8181670953 ns, Reaching safepoint: 191712 ns, At safepoint: 29952 ns, Total: 221664 ns
[2023-07-15T00:36:59.517+0000][67][info ][safepoint   ] Safepoint "Cleanup", Time since last: 3362456092 ns, Reaching safepoint: 111624 ns, At safepoint: 26955 ns, Total: 138579 ns
[2023-07-15T00:37:06.163+0000][67][info ][safepoint   ] Safepoint "Cleanup", Time since last: 6645344830 ns, Reaching safepoint: 187253 ns, At safepoint: 32418 ns, Total: 219671 ns
[2023-07-15T00:37:11.225+0000][67][info ][safepoint   ] Safepoint "Cleanup", Time since last: 5060875755 ns, Reaching safepoint: 237250 ns, At safepoint: 8407 ns, Total: 245657 ns
[2023-07-15T00:37:17.275+0000][67][info ][safepoint   ] Safepoint "Cleanup", Time since last: 6049850312 ns, Reaching safepoint: 267896 ns, At safepoint: 35415 ns, Total: 303311 ns
[2023-07-15T00:37:35.256+0000][67][info ][safepoint   ] Safepoint "Cleanup", Time since last: 17980400758 ns, Reaching safepoint: 187607 ns, At safepoint: 34251 ns, Total: 221858 ns
[2023-07-15T00:37:46.826+0000][67][info ][safepoint   ] Safepoint "Cleanup", Time since last: 11569795862 ns, Reaching safepoint: 371653 ns, At safepoint: 17404 ns, Total: 389057 ns
[2023-07-15T00:37:48.029+0000][67][info ][safepoint   ] Safepoint "Cleanup", Time since last: 1202247684 ns, Reaching safepoint: 128657 ns, At safepoint: 2787 ns, Total: 131444 ns
[2023-07-15T00:38:17.755+0000][67][info ][safepoint   ] Safepoint "Cleanup", Time since last: 29725796317 ns, Reaching safepoint: 277769 ns, At safepoint: 33904 ns, Total: 311673 ns
[2023-07-15T00:38:20.179+0000][67][info ][safepoint   ] Safepoint "Cleanup", Time since last: 2423857477 ns, Reaching safepoint: 186410 ns, At safepoint: 33351 ns, Total: 219761 ns
[2023-07-15T00:38:23.272+0000][67][info ][safepoint   ] Safepoint "Cleanup", Time since last: 3092730252 ns, Reaching safepoint: 173326 ns, At safepoint: 37608 ns, Total: 210934 ns
[2023-07-15T00:38:25.261+0000][67][info ][safepoint   ] Safepoint "Cleanup", Time since last: 1988125899 ns, Reaching safepoint: 713334 ns, At safepoint: 24841 ns, Total: 738175 ns
[2023-07-15T00:38:26.264+0000][67][info ][safepoint   ] Safepoint "Cleanup", Time since last: 1002630142 ns, Reaching safepoint: 396689 ns, At safepoint: 69567 ns, Total: 466256 ns
[2023-07-15T00:38:46.129+0000][67][info ][safepoint   ] Safepoint "Cleanup", Time since last: 19899836860 ns, Reaching safepoint: 583987 ns, At safepoint: 34693 ns, Total: 618680 ns
[2023-07-15T00:38:47.249+0000][67][info ][safepoint   ] Safepoint "Cleanup", Time since last: 1119882684 ns, Reaching safepoint: 155632 ns, At safepoint: 32524 ns, Total: 188156 ns
[2023-07-15T00:38:53.573+0000][67][info ][safepoint   ] Safepoint "Cleanup", Time since last: 6323453818 ns, Reaching safepoint: 173606 ns, At safepoint: 26955 ns, Total: 200561 ns
[2023-07-15T00:39:29.730+0000][67][info ][safepoint   ] Safepoint "Cleanup", Time since last: 36163731896 ns, Reaching safepoint: 151865 ns, At safepoint: 33317 ns, Total: 185182 ns
[2023-07-15T00:39:30.791+0000][67][info ][safepoint   ] Safepoint "Cleanup", Time since last: 1060792208 ns, Reaching safepoint: 346427 ns, At safepoint: 19433 ns, Total: 365860 ns
[2023-07-15T00:39:31.794+0000][67][info ][safepoint   ] Safepoint "Cleanup", Time since last: 1002628763 ns, Reaching safepoint: 375287 ns, At safepoint: 12471 ns, Total: 387758 ns
[2023-07-15T00:39:35.246+0000][67][info ][safepoint   ] Safepoint "Cleanup", Time since last: 3451870531 ns, Reaching safepoint: 162040 ns, At safepoint: 26353 ns, Total: 188393 ns
[2023-07-15T00:39:37.052+0000][67][info ][safepoint   ] Safepoint "Cleanup", Time since last: 1805144289 ns, Reaching safepoint: 405782 ns, At safepoint: 6717 ns, Total: 412499 ns
[2023-07-15T00:39:39.605+0000][67][info ][gc,start    ] GC(18) Pause Young (Normal) (G1 Evacuation Pause)
[2023-07-15T00:39:39.607+0000][67][info ][gc,task     ] GC(18) Using 6 workers of 6 for evacuation
[2023-07-15T00:39:39.608+0000][67][debug][gc,age      ] GC(18) Desired survivor size 155189248 bytes, new threshold 15 (max threshold 15)
[2023-07-15T00:39:39.621+0000][67][info ][gc,phases   ] GC(18)   Pre Evacuate Collection Set: 0.5ms
[2023-07-15T00:39:39.622+0000][67][info ][gc,phases   ] GC(18)   Merge Heap Roots: 0.4ms
[2023-07-15T00:39:39.623+0000][67][info ][gc,phases   ] GC(18)   Evacuate Collection Set: 6.6ms
[2023-07-15T00:39:39.624+0000][67][info ][gc,phases   ] GC(18)   Post Evacuate Collection Set: 4.4ms
[2023-07-15T00:39:39.625+0000][67][info ][gc,phases   ] GC(18)   Other: 2.3ms
[2023-07-15T00:39:39.626+0000][67][trace][gc,age      ] GC(18) Age table with threshold 15 (max threshold 15)
[2023-07-15T00:39:39.627+0000][67][trace][gc,age      ] GC(18) - age   1:    2207544 bytes,    2207544 total
[2023-07-15T00:39:39.628+0000][67][trace][gc,age      ] GC(18) - age   2:    1141856 bytes,    3349400 total
[2023-07-15T00:39:39.629+0000][67][trace][gc,age      ] GC(18) - age   3:    1408632 bytes,    4758032 total
[2023-07-15T00:39:39.630+0000][67][trace][gc,age      ] GC(18) - age   4:    1196888 bytes,    5954920 total
[2023-07-15T00:39:39.631+0000][67][trace][gc,age      ] GC(18) - age   5:     276984 bytes,    6231904 total
[2023-07-15T00:39:39.632+0000][67][trace][gc,age      ] GC(18) - age   6:     979912 bytes,    7211816 total
[2023-07-15T00:39:39.633+0000][67][info ][gc,heap     ] GC(18) Eden regions: 586->0(587)
[2023-07-15T00:39:39.634+0000][67][info ][gc,heap     ] GC(18) Survivor regions: 3->2(74)
[2023-07-15T00:39:39.635+0000][67][info ][gc,heap     ] GC(18) Old regions: 26->26
[2023-07-15T00:39:39.635+0000][67][info ][gc,heap     ] GC(18) Archive regions: 2->2
[2023-07-15T00:39:39.636+0000][67][info ][gc,heap     ] GC(18) Humongous regions: 0->0
[2023-07-15T00:39:39.637+0000][67][info ][gc,metaspace] GC(18) Metaspace: 140355K(143936K)->140355K(143936K) NonClass: 122280K(124096K)->122280K(124096K) Class: 18075K(19840K)->18075K(19840K)
[2023-07-15T00:39:39.638+0000][67][info ][gc          ] GC(18) Pause Young (Normal) (G1 Evacuation Pause) 2459M->114M(3932M) 33.291ms
[2023-07-15T00:39:39.639+0000][67][info ][gc,cpu      ] GC(18) User=0.04s Sys=0.00s Real=0.03s
[2023-07-15T00:39:39.640+0000][67][info ][safepoint   ] Safepoint "G1CollectForAllocation", Time since last: 2552757403 ns, Reaching safepoint: 364274 ns, At safepoint: 35023157 ns, Total: 35387431 ns
[2023-07-15T00:39:47.236+0000][67][info ][safepoint   ] Safepoint "Cleanup", Time since last: 7596489666 ns, Reaching safepoint: 217141 ns, At safepoint: 33309 ns, Total: 250450 ns
[2023-07-15T00:39:50.787+0000][67][info ][safepoint   ] Safepoint "Cleanup", Time since last: 3549850839 ns, Reaching safepoint: 641596 ns, At safepoint: 9971 ns, Total: 651567 ns
[2023-07-15T00:39:53.269+0000][67][info ][safepoint   ] Safepoint "Cleanup", Time since last: 2481811342 ns, Reaching safepoint: 186773 ns, At safepoint: 37425 ns, Total: 224198 ns
[2023-07-15T00:40:09.871+0000][67][info ][safepoint   ] Safepoint "Cleanup", Time since last: 16602074430 ns, Reaching safepoint: 272330 ns, At safepoint: 6805 ns, Total: 279135 ns
[2023-07-15T00:40:17.121+0000][67][info ][safepoint   ] Safepoint "Cleanup", Time since last: 7249551120 ns, Reaching safepoint: 164365 ns, At safepoint: 100542 ns, Total: 264907 ns
[2023-07-15T00:40:18.327+0000][67][info ][safepoint   ] Safepoint "Cleanup", Time since last: 1205357119 ns, Reaching safepoint: 217625 ns, At safepoint: 35913 ns, Total: 253538 ns
[2023-07-15T00:40:20.483+0000][67][info ][safepoint   ] Safepoint "Cleanup", Time since last: 2155928731 ns, Reaching safepoint: 350736 ns, At safepoint: 16161 ns, Total: 366897 ns
[2023-07-15T00:40:26.688+0000][67][info ][safepoint   ] Safepoint "Cleanup", Time since last: 6204591705 ns, Reaching safepoint: 581693 ns, At safepoint: 23580 ns, Total: 605273 ns
[2023-07-15T00:40:35.274+0000][67][info ][safepoint   ] Safepoint "Cleanup", Time since last: 8585773293 ns, Reaching safepoint: 225649 ns, At safepoint: 12212 ns, Total: 237861 ns
[2023-07-15T00:40:47.251+0000][67][info ][safepoint   ] Safepoint "Cleanup", Time since last: 11975725428 ns, Reaching safepoint: 161563 ns, At safepoint: 30715 ns, Total: 192278 ns
[2023-07-15T00:41:02.336+0000][67][info ][safepoint   ] Safepoint "Cleanup", Time since last: 15084434865 ns, Reaching safepoint: 503165 ns, At safepoint: 9721 ns, Total: 512886 ns
[2023-07-15T00:41:17.258+0000][67][info ][safepoint   ] Safepoint "Cleanup", Time since last: 14921371077 ns, Reaching safepoint: 216687 ns, At safepoint: 36775 ns, Total: 253462 ns
[2023-07-15T00:41:24.344+0000][67][info ][safepoint   ] Safepoint "Cleanup", Time since last: 7085833336 ns, Reaching safepoint: 218772 ns, At safepoint: 5694 ns, Total: 224466 ns
[2023-07-15T00:41:35.515+0000][67][info ][safepoint   ] Safepoint "Cleanup", Time since last: 11170664996 ns, Reaching safepoint: 168503 ns, At safepoint: 26984 ns, Total: 195487 ns
[2023-07-15T00:41:47.274+0000][67][info ][safepoint   ] Safepoint "Cleanup", Time since last: 11758950829 ns, Reaching safepoint: 139499 ns, At safepoint: 38156 ns, Total: 177655 ns
[2023-07-15T00:41:54.221+0000][67][info ][safepoint   ] Safepoint "Cleanup", Time since last: 6946064264 ns, Reaching safepoint: 142808 ns, At safepoint: 32444 ns, Total: 175252 ns
[2023-07-15T00:41:59.275+0000][67][info ][safepoint   ] Safepoint "Cleanup", Time since last: 5054415533 ns, Reaching safepoint: 227257 ns, At safepoint: 10925 ns, Total: 238182 ns
[2023-07-15T00:42:05.818+0000][67][info ][safepoint   ] Safepoint "Cleanup", Time since last: 6542410897 ns, Reaching safepoint: 263118 ns, At safepoint: 11976 ns, Total: 275094 ns
[2023-07-15T00:42:30.138+0000][67][info ][safepoint   ] Safepoint "Cleanup", Time since last: 24319094137 ns, Reaching safepoint: 138616 ns, At safepoint: 30519 ns, Total: 169135 ns
[2023-07-15T00:42:35.191+0000][67][info ][safepoint   ] Safepoint "Cleanup", Time since last: 5052961132 ns, Reaching safepoint: 224625 ns, At safepoint: 4417 ns, Total: 229042 ns
[2023-07-15T00:43:11.280+0000][67][info ][safepoint   ] Safepoint "Cleanup", Time since last: 36087258546 ns, Reaching safepoint: 306734 ns, At safepoint: 33179 ns, Total: 339913 ns
[2023-07-15T00:43:17.599+0000][67][info ][safepoint   ] Safepoint "Cleanup", Time since last: 6319067997 ns, Reaching safepoint: 238562 ns, At safepoint: 37266 ns, Total: 275828 ns
[2023-07-15T00:43:18.683+0000][67][info ][safepoint   ] Safepoint "Cleanup", Time since last: 1083427777 ns, Reaching safepoint: 224792 ns, At safepoint: 27525 ns, Total: 252317 ns
[2023-07-15T00:43:20.846+0000][67][info ][safepoint   ] Safepoint "Cleanup", Time since last: 2163064389 ns, Reaching safepoint: 78532 ns, At safepoint: 2393 ns, Total: 80925 ns
[2023-07-15T00:43:22.097+0000][67][info ][safepoint   ] Safepoint "Cleanup", Time since last: 1250821679 ns, Reaching safepoint: 181149 ns, At safepoint: 36743 ns, Total: 217892 ns
[2023-07-15T00:43:24.787+0000][67][info ][safepoint   ] Safepoint "Cleanup", Time since last: 2689743017 ns, Reaching safepoint: 176728 ns, At safepoint: 39624 ns, Total: 216352 ns
[2023-07-15T00:43:35.295+0000][67][info ][safepoint   ] Safepoint "Cleanup", Time since last: 10508226466 ns, Reaching safepoint: 220624 ns, At safepoint: 41986 ns, Total: 262610 ns
[2023-07-15T00:43:41.283+0000][67][info ][safepoint   ] Safepoint "Cleanup", Time since last: 5987148120 ns, Reaching safepoint: 213052 ns, At safepoint: 30103 ns, Total: 243155 ns
[2023-07-15T00:43:47.294+0000][67][info ][safepoint   ] Safepoint "Cleanup", Time since last: 6010268329 ns, Reaching safepoint: 209839 ns, At safepoint: 33976 ns, Total: 243815 ns
[2023-07-15T00:43:48.806+0000][67][info ][safepoint   ] Safepoint "Cleanup", Time since last: 1512140896 ns, Reaching safepoint: 401720 ns, At safepoint: 6609 ns, Total: 408329 ns
[2023-07-15T00:43:57.062+0000][67][info ][safepoint   ] Safepoint "Cleanup", Time since last: 8255214937 ns, Reaching safepoint: 354625 ns, At safepoint: 7564 ns, Total: 362189 ns
[2023-07-15T00:43:59.416+0000][67][info ][safepoint   ] Safepoint "Cleanup", Time since last: 2354020247 ns, Reaching safepoint: 283017 ns, At safepoint: 33608 ns, Total: 316625 ns
[2023-07-15T00:44:01.416+0000][67][info ][safepoint   ] Safepoint "Cleanup", Time since last: 1999501652 ns, Reaching safepoint: 638974 ns, At safepoint: 11928 ns, Total: 650902 ns
[2023-07-15T00:44:23.154+0000][67][info ][safepoint   ] Safepoint "Cleanup", Time since last: 21736676433 ns, Reaching safepoint: 699119 ns, At safepoint: 10542 ns, Total: 709661 ns
[2023-07-15T00:44:24.652+0000][67][info ][safepoint   ] Safepoint "Cleanup", Time since last: 1497325662 ns, Reaching safepoint: 180361 ns, At safepoint: 24525 ns, Total: 204886 ns
[2023-07-15T00:44:35.298+0000][67][info ][safepoint   ] Safepoint "Cleanup", Time since last: 10645976809 ns, Reaching safepoint: 321318 ns, At safepoint: 33622 ns, Total: 354940 ns
[2023-07-15T00:44:37.021+0000][67][info ][safepoint   ] Safepoint "Cleanup", Time since last: 1722292585 ns, Reaching safepoint: 634124 ns, At safepoint: 10790 ns, Total: 644914 ns
[2023-07-15T00:44:47.286+0000][67][info ][safepoint   ] Safepoint "Cleanup", Time since last: 10264539349 ns, Reaching safepoint: 77209 ns, At safepoint: 9379 ns, Total: 86588 ns
[2023-07-15T00:44:57.043+0000][67][info ][safepoint   ] Safepoint "Cleanup", Time since last: 9756613861 ns, Reaching safepoint: 94734 ns, At safepoint: 26879 ns, Total: 121613 ns
[2023-07-15T00:45:31.933+0000][67][info ][safepoint   ] Safepoint "Cleanup", Time since last: 34889374285 ns, Reaching safepoint: 615975 ns, At safepoint: 23768 ns, Total: 639743 ns
[2023-07-15T00:45:33.456+0000][67][info ][safepoint   ] Safepoint "Cleanup", Time since last: 1521982957 ns, Reaching safepoint: 87414 ns, At safepoint: 56301 ns, Total: 143715 ns
[2023-07-15T00:45:35.310+0000][67][info ][safepoint   ] Safepoint "Cleanup", Time since last: 1854188286 ns, Reaching safepoint: 181947 ns, At safepoint: 34969 ns, Total: 216916 ns
[2023-07-15T00:45:36.371+0000][67][info ][safepoint   ] Safepoint "Cleanup", Time since last: 1060271713 ns, Reaching safepoint: 449500 ns, At safepoint: 18160 ns, Total: 467660 ns
[2023-07-15T00:45:41.466+0000][67][info ][safepoint   ] Safepoint "Cleanup", Time since last: 5094794558 ns, Reaching safepoint: 177666 ns, At safepoint: 50052 ns, Total: 227718 ns
[2023-07-15T00:45:44.771+0000][67][info ][safepoint   ] Safepoint "Cleanup", Time since last: 3304364156 ns, Reaching safepoint: 479472 ns, At safepoint: 14745 ns, Total: 494217 ns
[2023-07-15T00:45:46.774+0000][67][info ][safepoint   ] Safepoint "Cleanup", Time since last: 2002924696 ns, Reaching safepoint: 327784 ns, At safepoint: 46047 ns, Total: 373831 ns
[2023-07-15T00:45:56.298+0000][67][info ][safepoint   ] Safepoint "Cleanup", Time since last: 9522764789 ns, Reaching safepoint: 438211 ns, At safepoint: 9607 ns, Total: 447818 ns
[2023-07-15T00:46:12.063+0000][67][info ][safepoint   ] Safepoint "Cleanup", Time since last: 15764616133 ns, Reaching safepoint: 129745 ns, At safepoint: 36195 ns, Total: 165940 ns
[2023-07-15T00:46:17.336+0000][67][info ][safepoint   ] Safepoint "Cleanup", Time since last: 5273017495 ns, Reaching safepoint: 68077 ns, At safepoint: 3568 ns, Total: 71645 ns
[2023-07-15T00:46:47.333+0000][67][info ][safepoint   ] Safepoint "Cleanup", Time since last: 29996477207 ns, Reaching safepoint: 295129 ns, At safepoint: 34314 ns, Total: 329443 ns
[2023-07-15T00:47:06.470+0000][67][info ][safepoint   ] Safepoint "Cleanup", Time since last: 19136594724 ns, Reaching safepoint: 210436 ns, At safepoint: 5885 ns, Total: 216321 ns
[2023-07-15T00:47:10.633+0000][67][info ][safepoint   ] Safepoint "Cleanup", Time since last: 4161771465 ns, Reaching safepoint: 393675 ns, At safepoint: 6028 ns, Total: 399703 ns
[2023-07-15T00:47:18.095+0000][67][info ][safepoint   ] Safepoint "Cleanup", Time since last: 7462215883 ns, Reaching safepoint: 163207 ns, At safepoint: 29564 ns, Total: 192771 ns
[2023-07-15T00:47:32.990+0000][67][info ][safepoint   ] Safepoint "Cleanup", Time since last: 14894494023 ns, Reaching safepoint: 345686 ns, At safepoint: 6872 ns, Total: 352558 ns
[2023-07-15T00:47:43.594+0000][67][info ][safepoint   ] Safepoint "Cleanup", Time since last: 10603254560 ns, Reaching safepoint: 84496 ns, At safepoint: 6354 ns, Total: 90850 ns
[2023-07-15T00:47:47.342+0000][67][info ][safepoint   ] Safepoint "Cleanup", Time since last: 3747465221 ns, Reaching safepoint: 227647 ns, At safepoint: 33341 ns, Total: 260988 ns
[2023-07-15T00:47:53.338+0000][67][info ][safepoint   ] Safepoint "Cleanup", Time since last: 5995896855 ns, Reaching safepoint: 175081 ns, At safepoint: 26681 ns, Total: 201762 ns
[2023-07-15T00:48:08.690+0000][67][info ][safepoint   ] Safepoint "Cleanup", Time since last: 15351632285 ns, Reaching safepoint: 799518 ns, At safepoint: 25004 ns, Total: 824522 ns
[2023-07-15T00:48:11.484+0000][67][info ][safepoint   ] Safepoint "Cleanup", Time since last: 2792815477 ns, Reaching safepoint: 205833 ns, At safepoint: 39867 ns, Total: 245700 ns
[2023-07-15T00:48:13.037+0000][67][info ][safepoint   ] Safepoint "Cleanup", Time since last: 1552266009 ns, Reaching safepoint: 602854 ns, At safepoint: 7983 ns, Total: 610837 ns
[2023-07-15T00:48:17.354+0000][67][info ][safepoint   ] Safepoint "Cleanup", Time since last: 4317380569 ns, Reaching safepoint: 182448 ns, At safepoint: 30307 ns, Total: 212755 ns
[2023-07-15T00:48:24.459+0000][67][info ][safepoint   ] Safepoint "Cleanup", Time since last: 7104881748 ns, Reaching safepoint: 195238 ns, At safepoint: 38239 ns, Total: 233477 ns
[2023-07-15T00:48:26.840+0000][67][info ][safepoint   ] Safepoint "Cleanup", Time since last: 2379597479 ns, Reaching safepoint: 560834 ns, At safepoint: 29216 ns, Total: 590050 ns
[2023-07-15T00:49:05.353+0000][67][info ][safepoint   ] Safepoint "Cleanup", Time since last: 38512352500 ns, Reaching safepoint: 168984 ns, At safepoint: 4053 ns, Total: 173037 ns
[2023-07-15T00:49:18.505+0000][67][info ][safepoint   ] Safepoint "Cleanup", Time since last: 13151456417 ns, Reaching safepoint: 223619 ns, At safepoint: 3338 ns, Total: 226957 ns
[2023-07-15T00:49:30.114+0000][67][info ][safepoint   ] Safepoint "Cleanup", Time since last: 11608488723 ns, Reaching safepoint: 190299 ns, At safepoint: 39396 ns, Total: 229695 ns
[2023-07-15T00:49:38.132+0000][67][info ][safepoint   ] Safepoint "Cleanup", Time since last: 8018587066 ns, Reaching safepoint: 189433 ns, At safepoint: 34103 ns, Total: 223536 ns
[2023-07-15T00:49:39.569+0000][67][info ][safepoint   ] Safepoint "Cleanup", Time since last: 1435927677 ns, Reaching safepoint: 226490 ns, At safepoint: 15919 ns, Total: 242409 ns
[2023-07-15T00:49:41.021+0000][67][info ][safepoint   ] Safepoint "Cleanup", Time since last: 1451399558 ns, Reaching safepoint: 157527 ns, At safepoint: 4564 ns, Total: 162091 ns
[2023-07-15T00:49:43.946+0000][67][info ][safepoint   ] Safepoint "Cleanup", Time since last: 2925229425 ns, Reaching safepoint: 266415 ns, At safepoint: 12955 ns, Total: 279370 ns
[2023-07-15T00:49:46.949+0000][67][info ][safepoint   ] Safepoint "Cleanup", Time since last: 3002221656 ns, Reaching safepoint: 363878 ns, At safepoint: 6771 ns, Total: 370649 ns
[2023-07-15T00:49:48.164+0000][67][info ][safepoint   ] Safepoint "Cleanup", Time since last: 1214670825 ns, Reaching safepoint: 185022 ns, At safepoint: 27120 ns, Total: 212142 ns
[2023-07-15T00:49:51.715+0000][67][info ][safepoint   ] Safepoint "Cleanup", Time since last: 3551468109 ns, Reaching safepoint: 95344 ns, At safepoint: 32457 ns, Total: 127801 ns
[2023-07-15T00:49:52.718+0000][67][info ][safepoint   ] Safepoint "Cleanup", Time since last: 1002425773 ns, Reaching safepoint: 269142 ns, At safepoint: 12806 ns, Total: 281948 ns
[2023-07-15T00:50:26.519+0000][67][info ][safepoint   ] Safepoint "Cleanup", Time since last: 33800433650 ns, Reaching safepoint: 318258 ns, At safepoint: 8757 ns, Total: 327015 ns
