[2023-07-18T19:24:45.665+0000][66][info][gc,init] CardTable entry size: 512
[2023-07-18T19:24:45.667+0000][66][info][gc     ] Using G1
[2023-07-18T19:24:47.532+0000][66][info][gc,init] Version: 19.0.2+7-44 (release)
[2023-07-18T19:24:47.534+0000][66][info][gc,init] CPUs: 6 total, 6 available
[2023-07-18T19:24:47.536+0000][66][info][gc,init] Memory: 7859M
[2023-07-18T19:24:47.537+0000][66][info][gc,init] Large Page Support: Disabled
[2023-07-18T19:24:47.538+0000][66][info][gc,init] NUMA Support: Disabled
[2023-07-18T19:24:47.539+0000][66][info][gc,init] Compressed Oops: Enabled (Zero based)
[2023-07-18T19:24:47.541+0000][66][info][gc,init] Heap Region Size: 4M
[2023-07-18T19:24:47.542+0000][66][info][gc,init] Heap Min Capacity: 3932M
[2023-07-18T19:24:47.543+0000][66][info][gc,init] Heap Initial Capacity: 3932M
[2023-07-18T19:24:47.545+0000][66][info][gc,init] Heap Max Capacity: 3932M
[2023-07-18T19:24:47.547+0000][66][info][gc,init] Pre-touch: Enabled
[2023-07-18T19:24:47.547+0000][66][info][gc,init] Parallel Workers: 6
[2023-07-18T19:24:47.549+0000][66][info][gc,init] Concurrent Workers: 2
[2023-07-18T19:24:47.550+0000][66][info][gc,init] Concurrent Refinement Workers: 6
[2023-07-18T19:24:47.551+0000][66][info][gc,init] Periodic GC: Disabled
[2023-07-18T19:24:47.553+0000][66][info][gc,metaspace] CDS archive(s) mapped at: [0x0000000800000000-0x0000000800c4f000-0x0000000800c4f000), size 12906496, SharedBaseAddress: 0x0000000800000000, ArchiveRelocationMode: 0.
[2023-07-18T19:24:47.554+0000][66][info][gc,metaspace] Compressed class space mapped at: 0x0000000801000000-0x0000000841000000, reserved size: 1073741824
[2023-07-18T19:24:47.555+0000][66][info][gc,metaspace] Narrow klass base: 0x0000000800000000, Narrow klass shift: 0, Narrow klass range: 0x100000000
[2023-07-18T19:24:48.075+0000][66][info][safepoint   ] Safepoint "ICBufferFull", Time since last: 487056368 ns, Reaching safepoint: 269665 ns, At safepoint: 8746 ns, Total: 278411 ns
[2023-07-18T19:24:48.612+0000][66][info][safepoint   ] Safepoint "ICBufferFull", Time since last: 536850733 ns, Reaching safepoint: 424544 ns, At safepoint: 45409 ns, Total: 469953 ns
[2023-07-18T19:24:49.252+0000][66][info][safepoint   ] Safepoint "ICBufferFull", Time since last: 639539761 ns, Reaching safepoint: 331687 ns, At safepoint: 87387 ns, Total: 419074 ns
[2023-07-18T19:24:49.591+0000][66][info][safepoint   ] Safepoint "ICBufferFull", Time since last: 338251871 ns, Reaching safepoint: 290711 ns, At safepoint: 44562 ns, Total: 335273 ns
[2023-07-18T19:24:50.264+0000][66][info][safepoint   ] Safepoint "ICBufferFull", Time since last: 672396918 ns, Reaching safepoint: 246782 ns, At safepoint: 40211 ns, Total: 286993 ns
[2023-07-18T19:24:50.695+0000][66][info][gc,start    ] GC(0) Pause Young (Normal) (G1 Evacuation Pause)
[2023-07-18T19:24:50.696+0000][66][info][gc,task     ] GC(0) Using 6 workers of 6 for evacuation
[2023-07-18T19:24:50.697+0000][66][debug][gc,age      ] GC(0) Desired survivor size 14680064 bytes, new threshold 15 (max threshold 15)
[2023-07-18T19:24:50.710+0000][66][info ][gc,phases   ] GC(0)   Pre Evacuate Collection Set: 0.3ms
[2023-07-18T19:24:50.711+0000][66][info ][gc,phases   ] GC(0)   Merge Heap Roots: 0.6ms
[2023-07-18T19:24:50.713+0000][66][info ][gc,phases   ] GC(0)   Evacuate Collection Set: 7.2ms
[2023-07-18T19:24:50.714+0000][66][info ][gc,phases   ] GC(0)   Post Evacuate Collection Set: 2.5ms
[2023-07-18T19:24:50.716+0000][66][info ][gc,phases   ] GC(0)   Other: 3.0ms
[2023-07-18T19:24:50.717+0000][66][trace][gc,age      ] GC(0) Age table with threshold 15 (max threshold 15)
[2023-07-18T19:24:50.718+0000][66][trace][gc,age      ] GC(0) - age   1:   10865040 bytes,   10865040 total
[2023-07-18T19:24:50.719+0000][66][info ][gc,heap     ] GC(0) Eden regions: 49->0(46)
[2023-07-18T19:24:50.721+0000][66][info ][gc,heap     ] GC(0) Survivor regions: 0->3(7)
[2023-07-18T19:24:50.722+0000][66][info ][gc,heap     ] GC(0) Old regions: 0->0
[2023-07-18T19:24:50.723+0000][66][info ][gc,heap     ] GC(0) Archive regions: 2->2
[2023-07-18T19:24:50.724+0000][66][info ][gc,heap     ] GC(0) Humongous regions: 0->0
[2023-07-18T19:24:50.726+0000][66][info ][gc,metaspace] GC(0) Metaspace: 17798K(18304K)->17798K(18304K) NonClass: 15806K(16064K)->15806K(16064K) Class: 1991K(2240K)->1991K(2240K)
[2023-07-18T19:24:50.727+0000][66][info ][gc          ] GC(0) Pause Young (Normal) (G1 Evacuation Pause) 199M->14M(3932M) 32.739ms
[2023-07-18T19:24:50.729+0000][66][info ][gc,cpu      ] GC(0) User=0.03s Sys=0.00s Real=0.03s
[2023-07-18T19:24:50.730+0000][66][info ][safepoint   ] Safepoint "G1CollectForAllocation", Time since last: 430512840 ns, Reaching safepoint: 289934 ns, At safepoint: 35590260 ns, Total: 35880194 ns
[2023-07-18T19:24:51.065+0000][66][info ][gc,start    ] GC(1) Pause Young (Concurrent Start) (Metadata GC Threshold)
[2023-07-18T19:24:51.066+0000][66][info ][gc,task     ] GC(1) Using 6 workers of 6 for evacuation
[2023-07-18T19:24:51.068+0000][66][debug][gc,age      ] GC(1) Desired survivor size 14680064 bytes, new threshold 15 (max threshold 15)
[2023-07-18T19:24:51.085+0000][66][info ][gc,phases   ] GC(1)   Pre Evacuate Collection Set: 0.7ms
[2023-07-18T19:24:51.086+0000][66][info ][gc,phases   ] GC(1)   Merge Heap Roots: 0.4ms
[2023-07-18T19:24:51.088+0000][66][info ][gc,phases   ] GC(1)   Evacuate Collection Set: 12.6ms
[2023-07-18T19:24:51.089+0000][66][info ][gc,phases   ] GC(1)   Post Evacuate Collection Set: 1.3ms
[2023-07-18T19:24:51.090+0000][66][info ][gc,phases   ] GC(1)   Other: 3.2ms
[2023-07-18T19:24:51.093+0000][66][trace][gc,age      ] GC(1) Age table with threshold 15 (max threshold 15)
[2023-07-18T19:24:51.095+0000][66][trace][gc,age      ] GC(1) - age   1:    1091448 bytes,    1091448 total
[2023-07-18T19:24:51.096+0000][66][trace][gc,age      ] GC(1) - age   2:    9744976 bytes,   10836424 total
[2023-07-18T19:24:51.098+0000][66][info ][gc,heap     ] GC(1) Eden regions: 14->0(46)
[2023-07-18T19:24:51.099+0000][66][info ][gc,heap     ] GC(1) Survivor regions: 3->3(7)
[2023-07-18T19:24:51.100+0000][66][info ][gc,heap     ] GC(1) Old regions: 0->0
[2023-07-18T19:24:51.101+0000][66][info ][gc,heap     ] GC(1) Archive regions: 2->2
[2023-07-18T19:24:51.102+0000][66][info ][gc,heap     ] GC(1) Humongous regions: 0->0
[2023-07-18T19:24:51.103+0000][66][info ][gc,metaspace] GC(1) Metaspace: 21045K(21504K)->21045K(21504K) NonClass: 18731K(18944K)->18731K(18944K) Class: 2314K(2560K)->2314K(2560K)
[2023-07-18T19:24:51.104+0000][66][info ][gc          ] GC(1) Pause Young (Concurrent Start) (Metadata GC Threshold) 70M->15M(3932M) 39.515ms
[2023-07-18T19:24:51.105+0000][66][info ][gc,cpu      ] GC(1) User=0.02s Sys=0.00s Real=0.04s
[2023-07-18T19:24:51.105+0000][66][info ][gc          ] GC(2) Concurrent Mark Cycle
[2023-07-18T19:24:51.108+0000][66][info ][gc,marking  ] GC(2) Concurrent Clear Claimed Marks
[2023-07-18T19:24:51.107+0000][66][info ][safepoint   ] Safepoint "CollectForMetadataAllocation", Time since last: 334316016 ns, Reaching safepoint: 263654 ns, At safepoint: 42186464 ns, Total: 42450118 ns
[2023-07-18T19:24:51.109+0000][66][info ][gc,marking  ] GC(2) Concurrent Clear Claimed Marks 1.311ms
[2023-07-18T19:24:51.111+0000][66][info ][gc,marking  ] GC(2) Concurrent Scan Root Regions
[2023-07-18T19:24:51.116+0000][66][info ][gc,marking  ] GC(2) Concurrent Scan Root Regions 4.517ms
[2023-07-18T19:24:51.117+0000][66][info ][gc,marking  ] GC(2) Concurrent Mark
[2023-07-18T19:24:51.118+0000][66][info ][gc,marking  ] GC(2) Concurrent Mark From Roots
[2023-07-18T19:24:51.119+0000][66][info ][gc,task     ] GC(2) Using 2 workers of 2 for marking
[2023-07-18T19:24:51.122+0000][66][info ][gc,marking  ] GC(2) Concurrent Mark From Roots 3.600ms
[2023-07-18T19:24:51.123+0000][66][info ][gc,marking  ] GC(2) Concurrent Preclean
[2023-07-18T19:24:51.124+0000][66][info ][gc,marking  ] GC(2) Concurrent Preclean 1.196ms
[2023-07-18T19:24:51.126+0000][66][info ][gc,start    ] GC(2) Pause Remark
[2023-07-18T19:24:51.131+0000][66][info ][gc          ] GC(2) Pause Remark 18M->18M(3932M) 4.944ms
[2023-07-18T19:24:51.132+0000][66][info ][gc,cpu      ] GC(2) User=0.01s Sys=0.00s Real=0.01s
[2023-07-18T19:24:51.135+0000][66][info ][safepoint   ] Safepoint "G1PauseRemark", Time since last: 19284671 ns, Reaching safepoint: 55553 ns, At safepoint: 8379899 ns, Total: 8435452 ns
[2023-07-18T19:24:51.136+0000][66][info ][gc,marking  ] GC(2) Concurrent Mark 18.759ms
[2023-07-18T19:24:51.137+0000][66][info ][gc,marking  ] GC(2) Concurrent Rebuild Remembered Sets
[2023-07-18T19:24:51.139+0000][66][info ][gc,marking  ] GC(2) Concurrent Rebuild Remembered Sets 1.375ms
[2023-07-18T19:24:51.140+0000][66][info ][gc,start    ] GC(2) Pause Cleanup
[2023-07-18T19:24:51.141+0000][66][info ][gc          ] GC(2) Pause Cleanup 18M->18M(3932M) 1.298ms
[2023-07-18T19:24:51.142+0000][66][info ][gc,cpu      ] GC(2) User=0.00s Sys=0.00s Real=0.00s
[2023-07-18T19:24:51.144+0000][66][info ][safepoint   ] Safepoint "G1PauseCleanup", Time since last: 5036998 ns, Reaching safepoint: 521995 ns, At safepoint: 3333276 ns, Total: 3855271 ns
[2023-07-18T19:24:51.145+0000][66][info ][gc,marking  ] GC(2) Concurrent Cleanup for Next Mark
[2023-07-18T19:24:51.150+0000][66][info ][gc,marking  ] GC(2) Concurrent Cleanup for Next Mark 4.892ms
[2023-07-18T19:24:51.151+0000][66][info ][gc          ] GC(2) Concurrent Mark Cycle 45.634ms
[2023-07-18T19:24:51.780+0000][66][info ][safepoint   ] Safepoint "ICBufferFull", Time since last: 636248475 ns, Reaching safepoint: 398352 ns, At safepoint: 44591 ns, Total: 442943 ns
[2023-07-18T19:24:52.110+0000][66][info ][gc,start    ] GC(3) Pause Young (Normal) (G1 Evacuation Pause)
[2023-07-18T19:24:52.112+0000][66][info ][gc,task     ] GC(3) Using 6 workers of 6 for evacuation
[2023-07-18T19:24:52.114+0000][66][debug][gc,age      ] GC(3) Desired survivor size 14680064 bytes, new threshold 15 (max threshold 15)
[2023-07-18T19:24:52.146+0000][66][info ][gc,phases   ] GC(3)   Pre Evacuate Collection Set: 0.6ms
[2023-07-18T19:24:52.165+0000][66][info ][gc,phases   ] GC(3)   Merge Heap Roots: 0.2ms
[2023-07-18T19:24:52.167+0000][66][info ][gc,phases   ] GC(3)   Evacuate Collection Set: 23.7ms
[2023-07-18T19:24:52.187+0000][66][info ][gc,phases   ] GC(3)   Post Evacuate Collection Set: 5.3ms
[2023-07-18T19:24:52.207+0000][66][info ][gc,phases   ] GC(3)   Other: 3.4ms
[2023-07-18T19:24:52.208+0000][66][trace][gc,age      ] GC(3) Age table with threshold 15 (max threshold 15)
[2023-07-18T19:24:52.209+0000][66][trace][gc,age      ] GC(3) - age   1:    6766408 bytes,    6766408 total
[2023-07-18T19:24:52.216+0000][66][trace][gc,age      ] GC(3) - age   2:    1062704 bytes,    7829112 total
[2023-07-18T19:24:52.218+0000][66][trace][gc,age      ] GC(3) - age   3:    9737296 bytes,   17566408 total
[2023-07-18T19:24:52.220+0000][66][info ][gc,heap     ] GC(3) Eden regions: 46->0(76)
[2023-07-18T19:24:52.221+0000][66][info ][gc,heap     ] GC(3) Survivor regions: 3->5(7)
[2023-07-18T19:24:52.222+0000][66][info ][gc,heap     ] GC(3) Old regions: 0->0
[2023-07-18T19:24:52.223+0000][66][info ][gc,heap     ] GC(3) Archive regions: 2->2
[2023-07-18T19:24:52.224+0000][66][info ][gc,heap     ] GC(3) Humongous regions: 0->0
[2023-07-18T19:24:52.225+0000][66][info ][gc,metaspace] GC(3) Metaspace: 25410K(26048K)->25410K(26048K) NonClass: 22499K(22848K)->22499K(22848K) Class: 2910K(3200K)->2910K(3200K)
[2023-07-18T19:24:52.226+0000][66][info ][gc          ] GC(3) Pause Young (Normal) (G1 Evacuation Pause) 199M->22M(3932M) 116.141ms
[2023-07-18T19:24:52.227+0000][66][info ][gc,cpu      ] GC(3) User=0.16s Sys=0.00s Real=0.11s
[2023-07-18T19:24:52.228+0000][66][info ][safepoint   ] Safepoint "G1CollectForAllocation", Time since last: 329876312 ns, Reaching safepoint: 153670 ns, At safepoint: 118245563 ns, Total: 118399233 ns
[2023-07-18T19:24:53.360+0000][66][info ][safepoint   ] Safepoint "Cleanup", Time since last: 1131034086 ns, Reaching safepoint: 309496 ns, At safepoint: 61815 ns, Total: 371311 ns
[2023-07-18T19:24:54.012+0000][66][info ][gc,start    ] GC(4) Pause Young (Normal) (G1 Evacuation Pause)
[2023-07-18T19:24:54.014+0000][66][info ][gc,task     ] GC(4) Using 6 workers of 6 for evacuation
[2023-07-18T19:24:54.015+0000][66][debug][gc,age      ] GC(4) Desired survivor size 23068672 bytes, new threshold 15 (max threshold 15)
[2023-07-18T19:24:54.036+0000][66][info ][gc,phases   ] GC(4)   Pre Evacuate Collection Set: 0.5ms
[2023-07-18T19:24:54.038+0000][66][info ][gc,phases   ] GC(4)   Merge Heap Roots: 0.2ms
[2023-07-18T19:24:54.040+0000][66][info ][gc,phases   ] GC(4)   Evacuate Collection Set: 13.2ms
[2023-07-18T19:24:54.043+0000][66][info ][gc,phases   ] GC(4)   Post Evacuate Collection Set: 5.1ms
[2023-07-18T19:24:54.044+0000][66][info ][gc,phases   ] GC(4)   Other: 3.3ms
[2023-07-18T19:24:54.046+0000][66][trace][gc,age      ] GC(4) Age table with threshold 15 (max threshold 15)
[2023-07-18T19:24:54.047+0000][66][trace][gc,age      ] GC(4) - age   1:    6020424 bytes,    6020424 total
[2023-07-18T19:24:54.048+0000][66][trace][gc,age      ] GC(4) - age   2:    5173104 bytes,   11193528 total
[2023-07-18T19:24:54.050+0000][66][trace][gc,age      ] GC(4) - age   3:    1062368 bytes,   12255896 total
[2023-07-18T19:24:54.051+0000][66][trace][gc,age      ] GC(4) - age   4:    9733120 bytes,   21989016 total
[2023-07-18T19:24:54.052+0000][66][info ][gc,heap     ] GC(4) Eden regions: 76->0(286)
[2023-07-18T19:24:54.053+0000][66][info ][gc,heap     ] GC(4) Survivor regions: 5->6(11)
[2023-07-18T19:24:54.054+0000][66][info ][gc,heap     ] GC(4) Old regions: 0->0
[2023-07-18T19:24:54.055+0000][66][info ][gc,heap     ] GC(4) Archive regions: 2->2
[2023-07-18T19:24:54.056+0000][66][info ][gc,heap     ] GC(4) Humongous regions: 0->0
[2023-07-18T19:24:54.057+0000][66][info ][gc,metaspace] GC(4) Metaspace: 31299K(31936K)->31299K(31936K) NonClass: 27744K(28096K)->27744K(28096K) Class: 3555K(3840K)->3555K(3840K)
[2023-07-18T19:24:54.059+0000][66][info ][gc          ] GC(4) Pause Young (Normal) (G1 Evacuation Pause) 326M->26M(3932M) 46.319ms
[2023-07-18T19:24:54.060+0000][66][info ][gc,cpu      ] GC(4) User=0.07s Sys=0.01s Real=0.05s
[2023-07-18T19:24:54.061+0000][66][info ][safepoint   ] Safepoint "G1CollectForAllocation", Time since last: 652082852 ns, Reaching safepoint: 335891 ns, At safepoint: 48819723 ns, Total: 49155614 ns
[2023-07-18T19:24:54.588+0000][66][info ][safepoint   ] Safepoint "ICBufferFull", Time since last: 526469055 ns, Reaching safepoint: 424690 ns, At safepoint: 88767 ns, Total: 513457 ns
[2023-07-18T19:24:55.079+0000][66][info ][safepoint   ] Safepoint "ICBufferFull", Time since last: 490151711 ns, Reaching safepoint: 365097 ns, At safepoint: 5691 ns, Total: 370788 ns
[2023-07-18T19:24:56.081+0000][66][info ][safepoint   ] Safepoint "Cleanup", Time since last: 1002078486 ns, Reaching safepoint: 384326 ns, At safepoint: 13232 ns, Total: 397558 ns
[2023-07-18T19:24:56.166+0000][66][info ][gc,start    ] GC(5) Pause Young (Concurrent Start) (Metadata GC Threshold)
[2023-07-18T19:24:56.168+0000][66][info ][gc,task     ] GC(5) Using 6 workers of 6 for evacuation
[2023-07-18T19:24:56.170+0000][66][debug][gc,age      ] GC(5) Desired survivor size 77594624 bytes, new threshold 15 (max threshold 15)
[2023-07-18T19:24:56.198+0000][66][info ][gc,phases   ] GC(5)   Pre Evacuate Collection Set: 0.7ms
[2023-07-18T19:24:56.201+0000][66][info ][gc,phases   ] GC(5)   Merge Heap Roots: 0.2ms
[2023-07-18T19:24:56.202+0000][66][info ][gc,phases   ] GC(5)   Evacuate Collection Set: 22.0ms
[2023-07-18T19:24:56.204+0000][66][info ][gc,phases   ] GC(5)   Post Evacuate Collection Set: 4.2ms
[2023-07-18T19:24:56.205+0000][66][info ][gc,phases   ] GC(5)   Other: 3.3ms
[2023-07-18T19:24:56.206+0000][66][trace][gc,age      ] GC(5) Age table with threshold 15 (max threshold 15)
[2023-07-18T19:24:56.208+0000][66][trace][gc,age      ] GC(5) - age   1:    8963432 bytes,    8963432 total
[2023-07-18T19:24:56.209+0000][66][trace][gc,age      ] GC(5) - age   2:    5299552 bytes,   14262984 total
[2023-07-18T19:24:56.211+0000][66][trace][gc,age      ] GC(5) - age   3:    5157144 bytes,   19420128 total
[2023-07-18T19:24:56.212+0000][66][trace][gc,age      ] GC(5) - age   4:    1058944 bytes,   20479072 total
[2023-07-18T19:24:56.213+0000][66][trace][gc,age      ] GC(5) - age   5:    9579368 bytes,   30058440 total
[2023-07-18T19:24:56.215+0000][66][info ][gc,heap     ] GC(5) Eden regions: 149->0(166)
[2023-07-18T19:24:56.216+0000][66][info ][gc,heap     ] GC(5) Survivor regions: 6->8(37)
[2023-07-18T19:24:56.217+0000][66][info ][gc,heap     ] GC(5) Old regions: 0->0
[2023-07-18T19:24:56.219+0000][66][info ][gc,heap     ] GC(5) Archive regions: 2->2
[2023-07-18T19:24:56.220+0000][66][info ][gc,heap     ] GC(5) Humongous regions: 0->0
[2023-07-18T19:24:56.220+0000][66][info ][gc,metaspace] GC(5) Metaspace: 35430K(36288K)->35430K(36288K) NonClass: 31352K(31872K)->31352K(31872K) Class: 4078K(4416K)->4078K(4416K)
[2023-07-18T19:24:56.221+0000][66][info ][gc          ] GC(5) Pause Young (Concurrent Start) (Metadata GC Threshold) 620M->33M(3932M) 55.093ms
[2023-07-18T19:24:56.222+0000][66][info ][gc,cpu      ] GC(5) User=0.09s Sys=0.01s Real=0.06s
[2023-07-18T19:24:56.222+0000][66][info ][gc          ] GC(6) Concurrent Mark Cycle
[2023-07-18T19:24:56.225+0000][66][info ][gc,marking  ] GC(6) Concurrent Clear Claimed Marks
[2023-07-18T19:24:56.224+0000][66][info ][safepoint   ] Safepoint "CollectForMetadataAllocation", Time since last: 84997600 ns, Reaching safepoint: 164362 ns, At safepoint: 57664456 ns, Total: 57828818 ns
[2023-07-18T19:24:56.226+0000][66][info ][gc,marking  ] GC(6) Concurrent Clear Claimed Marks 1.298ms
[2023-07-18T19:24:56.229+0000][66][info ][gc,marking  ] GC(6) Concurrent Scan Root Regions
[2023-07-18T19:24:56.237+0000][66][info ][gc,marking  ] GC(6) Concurrent Scan Root Regions 7.793ms
[2023-07-18T19:24:56.238+0000][66][info ][gc,marking  ] GC(6) Concurrent Mark
[2023-07-18T19:24:56.239+0000][66][info ][gc,marking  ] GC(6) Concurrent Mark From Roots
[2023-07-18T19:24:56.241+0000][66][info ][gc,task     ] GC(6) Using 2 workers of 2 for marking
[2023-07-18T19:24:56.243+0000][66][info ][gc,marking  ] GC(6) Concurrent Mark From Roots 3.534ms
[2023-07-18T19:24:56.244+0000][66][info ][gc,marking  ] GC(6) Concurrent Preclean
[2023-07-18T19:24:56.245+0000][66][info ][gc,marking  ] GC(6) Concurrent Preclean 1.115ms
[2023-07-18T19:24:56.247+0000][66][info ][gc,start    ] GC(6) Pause Remark
[2023-07-18T19:24:56.253+0000][66][info ][gc          ] GC(6) Pause Remark 37M->37M(3932M) 5.929ms
[2023-07-18T19:24:56.254+0000][66][info ][gc,cpu      ] GC(6) User=0.02s Sys=0.01s Real=0.01s
[2023-07-18T19:24:56.255+0000][66][info ][safepoint   ] Safepoint "G1PauseRemark", Time since last: 22327601 ns, Reaching safepoint: 377132 ns, At safepoint: 8670136 ns, Total: 9047268 ns
[2023-07-18T19:24:56.256+0000][66][info ][gc,marking  ] GC(6) Concurrent Mark 17.949ms
[2023-07-18T19:24:56.257+0000][66][info ][gc,marking  ] GC(6) Concurrent Rebuild Remembered Sets
[2023-07-18T19:24:56.258+0000][66][info ][gc,marking  ] GC(6) Concurrent Rebuild Remembered Sets 1.231ms
[2023-07-18T19:24:56.259+0000][66][info ][gc,start    ] GC(6) Pause Cleanup
[2023-07-18T19:24:56.261+0000][66][info ][gc          ] GC(6) Pause Cleanup 37M->37M(3932M) 1.525ms
[2023-07-18T19:24:56.262+0000][66][info ][gc,cpu      ] GC(6) User=0.00s Sys=0.00s Real=0.00s
[2023-07-18T19:24:56.264+0000][66][info ][safepoint   ] Safepoint "G1PauseCleanup", Time since last: 4084579 ns, Reaching safepoint: 59384 ns, At safepoint: 4555671 ns, Total: 4615055 ns
[2023-07-18T19:24:56.265+0000][66][info ][gc,marking  ] GC(6) Concurrent Cleanup for Next Mark
[2023-07-18T19:24:56.273+0000][66][info ][gc,marking  ] GC(6) Concurrent Cleanup for Next Mark 7.614ms
[2023-07-18T19:24:56.274+0000][66][info ][gc          ] GC(6) Concurrent Mark Cycle 51.928ms
[2023-07-18T19:24:57.226+0000][66][info ][safepoint   ] Safepoint "ICBufferFull", Time since last: 961668091 ns, Reaching safepoint: 402433 ns, At safepoint: 84943 ns, Total: 487376 ns
[2023-07-18T19:24:57.966+0000][66][info ][safepoint   ] Safepoint "ICBufferFull", Time since last: 739290313 ns, Reaching safepoint: 276074 ns, At safepoint: 5399 ns, Total: 281473 ns
[2023-07-18T19:24:59.829+0000][66][info ][safepoint   ] Safepoint "ICBufferFull", Time since last: 1863275747 ns, Reaching safepoint: 399937 ns, At safepoint: 7878 ns, Total: 407815 ns
[2023-07-18T19:25:01.250+0000][66][info ][safepoint   ] Safepoint "Cleanup", Time since last: 1420274769 ns, Reaching safepoint: 481115 ns, At safepoint: 6635 ns, Total: 487750 ns
[2023-07-18T19:25:02.253+0000][66][info ][safepoint   ] Safepoint "Cleanup", Time since last: 1002432501 ns, Reaching safepoint: 517174 ns, At safepoint: 61537 ns, Total: 578711 ns
[2023-07-18T19:25:03.424+0000][66][info ][safepoint   ] Safepoint "Cleanup", Time since last: 1170757634 ns, Reaching safepoint: 157157 ns, At safepoint: 44649 ns, Total: 201806 ns
[2023-07-18T19:25:04.488+0000][66][info ][gc,start    ] GC(7) Pause Young (Concurrent Start) (Metadata GC Threshold)
[2023-07-18T19:25:04.490+0000][66][info ][gc,task     ] GC(7) Using 6 workers of 6 for evacuation
[2023-07-18T19:25:04.491+0000][66][debug][gc,age      ] GC(7) Desired survivor size 46137344 bytes, new threshold 15 (max threshold 15)
[2023-07-18T19:25:04.540+0000][66][info ][gc,phases   ] GC(7)   Pre Evacuate Collection Set: 0.8ms
[2023-07-18T19:25:04.542+0000][66][info ][gc,phases   ] GC(7)   Merge Heap Roots: 0.2ms
[2023-07-18T19:25:04.544+0000][66][info ][gc,phases   ] GC(7)   Evacuate Collection Set: 40.3ms
[2023-07-18T19:25:04.546+0000][66][info ][gc,phases   ] GC(7)   Post Evacuate Collection Set: 6.1ms
[2023-07-18T19:25:04.550+0000][66][info ][gc,phases   ] GC(7)   Other: 2.8ms
[2023-07-18T19:25:04.552+0000][66][trace][gc,age      ] GC(7) Age table with threshold 15 (max threshold 15)
[2023-07-18T19:25:04.554+0000][66][trace][gc,age      ] GC(7) - age   1:   25093616 bytes,   25093616 total
[2023-07-18T19:25:04.556+0000][66][trace][gc,age      ] GC(7) - age   2:    8861456 bytes,   33955072 total
[2023-07-18T19:25:04.558+0000][66][trace][gc,age      ] GC(7) - age   3:    5286216 bytes,   39241288 total
[2023-07-18T19:25:04.559+0000][66][trace][gc,age      ] GC(7) - age   4:    5127104 bytes,   44368392 total
[2023-07-18T19:25:04.560+0000][66][trace][gc,age      ] GC(7) - age   5:    1054544 bytes,   45422936 total
[2023-07-18T19:25:04.561+0000][66][trace][gc,age      ] GC(7) - age   6:    9510648 bytes,   54933584 total
[2023-07-18T19:25:04.564+0000][66][info ][gc,heap     ] GC(7) Eden regions: 114->0(102)
[2023-07-18T19:25:04.565+0000][66][info ][gc,heap     ] GC(7) Survivor regions: 8->14(22)
[2023-07-18T19:25:04.566+0000][66][info ][gc,heap     ] GC(7) Old regions: 0->0
[2023-07-18T19:25:04.568+0000][66][info ][gc,heap     ] GC(7) Archive regions: 2->2
[2023-07-18T19:25:04.570+0000][66][info ][gc,heap     ] GC(7) Humongous regions: 0->0
[2023-07-18T19:25:04.571+0000][66][info ][gc,metaspace] GC(7) Metaspace: 59685K(61056K)->59685K(61056K) NonClass: 52260K(53056K)->52260K(53056K) Class: 7424K(8000K)->7424K(8000K)
[2023-07-18T19:25:04.572+0000][66][info ][gc          ] GC(7) Pause Young (Concurrent Start) (Metadata GC Threshold) 489M->59M(3932M) 83.834ms
[2023-07-18T19:25:04.574+0000][66][info ][gc,cpu      ] GC(7) User=0.17s Sys=0.01s Real=0.09s
[2023-07-18T19:25:04.574+0000][66][info ][gc          ] GC(8) Concurrent Mark Cycle
[2023-07-18T19:25:04.576+0000][66][info ][gc,marking  ] GC(8) Concurrent Clear Claimed Marks
[2023-07-18T19:25:04.578+0000][66][info ][gc,marking  ] GC(8) Concurrent Clear Claimed Marks 1.436ms
[2023-07-18T19:25:04.579+0000][66][info ][gc,marking  ] GC(8) Concurrent Scan Root Regions
[2023-07-18T19:25:04.575+0000][66][info ][safepoint   ] Safepoint "CollectForMetadataAllocation", Time since last: 1063845697 ns, Reaching safepoint: 194321 ns, At safepoint: 86987740 ns, Total: 87182061 ns
[2023-07-18T19:25:04.617+0000][66][info ][gc,marking  ] GC(8) Concurrent Scan Root Regions 38.165ms
[2023-07-18T19:25:04.618+0000][66][info ][gc,marking  ] GC(8) Concurrent Mark
[2023-07-18T19:25:04.619+0000][66][info ][gc,marking  ] GC(8) Concurrent Mark From Roots
[2023-07-18T19:25:04.621+0000][66][info ][gc,task     ] GC(8) Using 2 workers of 2 for marking
[2023-07-18T19:25:04.625+0000][66][info ][gc,marking  ] GC(8) Concurrent Mark From Roots 5.902ms
[2023-07-18T19:25:04.627+0000][66][info ][gc,marking  ] GC(8) Concurrent Preclean
[2023-07-18T19:25:04.629+0000][66][info ][gc,marking  ] GC(8) Concurrent Preclean 2.329ms
[2023-07-18T19:25:04.631+0000][66][info ][safepoint   ] Safepoint "CollectForMetadataAllocation", Time since last: 54833102 ns, Reaching safepoint: 650756 ns, At safepoint: 150614 ns, Total: 801370 ns
[2023-07-18T19:25:04.633+0000][66][info ][gc,start    ] GC(8) Pause Remark
[2023-07-18T19:25:04.640+0000][66][info ][gc          ] GC(8) Pause Remark 62M->62M(3932M) 7.101ms
[2023-07-18T19:25:04.641+0000][66][info ][gc,cpu      ] GC(8) User=0.02s Sys=0.00s Real=0.01s
[2023-07-18T19:25:04.642+0000][66][info ][safepoint   ] Safepoint "G1PauseRemark", Time since last: 1339355 ns, Reaching safepoint: 411166 ns, At safepoint: 9521512 ns, Total: 9932678 ns
[2023-07-18T19:25:04.643+0000][66][info ][gc,marking  ] GC(8) Concurrent Mark 24.454ms
[2023-07-18T19:25:04.644+0000][66][info ][gc,marking  ] GC(8) Concurrent Rebuild Remembered Sets
[2023-07-18T19:25:04.645+0000][66][info ][gc,marking  ] GC(8) Concurrent Rebuild Remembered Sets 1.470ms
[2023-07-18T19:25:04.646+0000][66][info ][gc,start    ] GC(8) Pause Cleanup
[2023-07-18T19:25:04.648+0000][66][info ][gc          ] GC(8) Pause Cleanup 63M->63M(3932M) 1.138ms
[2023-07-18T19:25:04.649+0000][66][info ][gc,cpu      ] GC(8) User=0.00s Sys=0.00s Real=0.00s
[2023-07-18T19:25:04.650+0000][66][info ][safepoint   ] Safepoint "G1PauseCleanup", Time since last: 4077959 ns, Reaching safepoint: 237345 ns, At safepoint: 3791442 ns, Total: 4028787 ns
[2023-07-18T19:25:04.652+0000][66][info ][gc,marking  ] GC(8) Concurrent Cleanup for Next Mark
[2023-07-18T19:25:04.659+0000][66][info ][gc,marking  ] GC(8) Concurrent Cleanup for Next Mark 7.891ms
[2023-07-18T19:25:04.661+0000][66][info ][gc          ] GC(8) Concurrent Mark Cycle 87.280ms
[2023-07-18T19:25:05.652+0000][66][info ][safepoint   ] Safepoint "Cleanup", Time since last: 1001618273 ns, Reaching safepoint: 364847 ns, At safepoint: 10701 ns, Total: 375548 ns
[2023-07-18T19:25:06.654+0000][66][info ][safepoint   ] Safepoint "Cleanup", Time since last: 1001653229 ns, Reaching safepoint: 312112 ns, At safepoint: 55516 ns, Total: 367628 ns
[2023-07-18T19:25:07.886+0000][66][info ][safepoint   ] Safepoint "Cleanup", Time since last: 1230166720 ns, Reaching safepoint: 1433483 ns, At safepoint: 55194 ns, Total: 1488677 ns
[2023-07-18T19:25:08.889+0000][66][info ][safepoint   ] Safepoint "Cleanup", Time since last: 1002014919 ns, Reaching safepoint: 1240041 ns, At safepoint: 13828 ns, Total: 1253869 ns
[2023-07-18T19:25:10.366+0000][66][info ][safepoint   ] Safepoint "Cleanup", Time since last: 1476206273 ns, Reaching safepoint: 492857 ns, At safepoint: 12702 ns, Total: 505559 ns
[2023-07-18T19:25:11.368+0000][66][info ][safepoint   ] Safepoint "Cleanup", Time since last: 1001465100 ns, Reaching safepoint: 246364 ns, At safepoint: 11339 ns, Total: 257703 ns
[2023-07-18T19:25:11.640+0000][66][info ][gc,start    ] GC(9) Pause Young (Normal) (G1 Evacuation Pause)
[2023-07-18T19:25:11.641+0000][66][info ][gc,task     ] GC(9) Using 6 workers of 6 for evacuation
[2023-07-18T19:25:11.643+0000][66][debug][gc,age      ] GC(9) Desired survivor size 31457280 bytes, new threshold 2 (max threshold 15)
[2023-07-18T19:25:11.705+0000][66][info ][gc,phases   ] GC(9)   Pre Evacuate Collection Set: 0.4ms
[2023-07-18T19:25:11.707+0000][66][info ][gc,phases   ] GC(9)   Merge Heap Roots: 0.3ms
[2023-07-18T19:25:11.708+0000][66][info ][gc,phases   ] GC(9)   Evacuate Collection Set: 53.9ms
[2023-07-18T19:25:11.710+0000][66][info ][gc,phases   ] GC(9)   Post Evacuate Collection Set: 5.5ms
[2023-07-18T19:25:11.712+0000][66][info ][gc,phases   ] GC(9)   Other: 3.4ms
[2023-07-18T19:25:11.714+0000][66][trace][gc,age      ] GC(9) Age table with threshold 2 (max threshold 15)
[2023-07-18T19:25:11.731+0000][66][trace][gc,age      ] GC(9) - age   1:   11755656 bytes,   11755656 total
[2023-07-18T19:25:11.799+0000][66][trace][gc,age      ] GC(9) - age   2:   24659432 bytes,   36415088 total
[2023-07-18T19:25:11.853+0000][66][info ][gc,heap     ] GC(9) Eden regions: 102->0(159)
[2023-07-18T19:25:11.905+0000][66][info ][gc,heap     ] GC(9) Survivor regions: 14->10(15)
[2023-07-18T19:25:11.934+0000][66][info ][gc,heap     ] GC(9) Old regions: 0->8
[2023-07-18T19:25:11.947+0000][66][info ][gc,heap     ] GC(9) Archive regions: 2->2
[2023-07-18T19:25:11.964+0000][66][info ][gc,heap     ] GC(9) Humongous regions: 0->0
[2023-07-18T19:25:11.966+0000][66][info ][gc,metaspace] GC(9) Metaspace: 92960K(94720K)->92960K(94720K) NonClass: 81004K(81984K)->81004K(81984K) Class: 11955K(12736K)->11955K(12736K)
[2023-07-18T19:25:11.968+0000][66][info ][gc          ] GC(9) Pause Young (Normal) (G1 Evacuation Pause) 467M->71M(3932M) 328.272ms
[2023-07-18T19:25:11.969+0000][66][info ][gc,cpu      ] GC(9) User=0.19s Sys=0.01s Real=0.33s
[2023-07-18T19:25:11.979+0000][66][info ][safepoint   ] Safepoint "G1CollectForAllocation", Time since last: 271854239 ns, Reaching safepoint: 225349 ns, At safepoint: 339524336 ns, Total: 339749685 ns
[2023-07-18T19:25:13.088+0000][66][info ][gc,start    ] GC(10) Pause Young (Concurrent Start) (Metadata GC Threshold)
[2023-07-18T19:25:13.090+0000][66][info ][gc,task     ] GC(10) Using 6 workers of 6 for evacuation
[2023-07-18T19:25:13.091+0000][66][debug][gc,age      ] GC(10) Desired survivor size 46137344 bytes, new threshold 15 (max threshold 15)
[2023-07-18T19:25:13.122+0000][66][info ][gc,phases   ] GC(10)   Pre Evacuate Collection Set: 1.5ms
[2023-07-18T19:25:13.124+0000][66][info ][gc,phases   ] GC(10)   Merge Heap Roots: 0.4ms
[2023-07-18T19:25:13.125+0000][66][info ][gc,phases   ] GC(10)   Evacuate Collection Set: 24.8ms
[2023-07-18T19:25:13.126+0000][66][info ][gc,phases   ] GC(10)   Post Evacuate Collection Set: 2.7ms
[2023-07-18T19:25:13.127+0000][66][info ][gc,phases   ] GC(10)   Other: 3.0ms
[2023-07-18T19:25:13.128+0000][66][trace][gc,age      ] GC(10) Age table with threshold 15 (max threshold 15)
[2023-07-18T19:25:13.129+0000][66][trace][gc,age      ] GC(10) - age   1:    4498312 bytes,    4498312 total
[2023-07-18T19:25:13.131+0000][66][trace][gc,age      ] GC(10) - age   2:   11308448 bytes,   15806760 total
[2023-07-18T19:25:13.132+0000][66][trace][gc,age      ] GC(10) - age   3:   24656056 bytes,   40462816 total
[2023-07-18T19:25:13.133+0000][66][info ][gc,heap     ] GC(10) Eden regions: 15->0(113)
[2023-07-18T19:25:13.134+0000][66][info ][gc,heap     ] GC(10) Survivor regions: 10->11(22)
[2023-07-18T19:25:13.135+0000][66][info ][gc,heap     ] GC(10) Old regions: 8->8
[2023-07-18T19:25:13.136+0000][66][info ][gc,heap     ] GC(10) Archive regions: 2->2
[2023-07-18T19:25:13.137+0000][66][info ][gc,heap     ] GC(10) Humongous regions: 0->0
[2023-07-18T19:25:13.138+0000][66][info ][gc,metaspace] GC(10) Metaspace: 99895K(102400K)->99895K(102400K) NonClass: 86845K(88128K)->86845K(88128K) Class: 13049K(14272K)->13049K(14272K)
[2023-07-18T19:25:13.140+0000][66][info ][gc          ] GC(10) Pause Young (Concurrent Start) (Metadata GC Threshold) 131M->74M(3932M) 51.557ms
[2023-07-18T19:25:13.141+0000][66][info ][gc,cpu      ] GC(10) User=0.11s Sys=0.01s Real=0.06s
[2023-07-18T19:25:13.141+0000][66][info ][gc          ] GC(11) Concurrent Mark Cycle
[2023-07-18T19:25:13.144+0000][66][info ][gc,marking  ] GC(11) Concurrent Clear Claimed Marks
[2023-07-18T19:25:13.143+0000][66][info ][safepoint   ] Safepoint "CollectForMetadataAllocation", Time since last: 1107580142 ns, Reaching safepoint: 532052 ns, At safepoint: 54600108 ns, Total: 55132160 ns
[2023-07-18T19:25:13.150+0000][66][info ][gc,marking  ] GC(11) Concurrent Clear Claimed Marks 5.593ms
[2023-07-18T19:25:13.151+0000][66][info ][gc,marking  ] GC(11) Concurrent Scan Root Regions
[2023-07-18T19:25:13.192+0000][66][info ][gc,marking  ] GC(11) Concurrent Scan Root Regions 40.892ms
[2023-07-18T19:25:13.194+0000][66][info ][gc,marking  ] GC(11) Concurrent Mark
[2023-07-18T19:25:13.195+0000][66][info ][gc,marking  ] GC(11) Concurrent Mark From Roots
[2023-07-18T19:25:13.196+0000][66][info ][gc,task     ] GC(11) Using 2 workers of 2 for marking
[2023-07-18T19:25:13.202+0000][66][info ][safepoint   ] Safepoint "CollectForMetadataAllocation", Time since last: 59397493 ns, Reaching safepoint: 250833 ns, At safepoint: 112964 ns, Total: 363797 ns
[2023-07-18T19:25:13.218+0000][66][info ][gc,marking  ] GC(11) Concurrent Mark From Roots 23.197ms
[2023-07-18T19:25:13.220+0000][66][info ][gc,marking  ] GC(11) Concurrent Preclean
[2023-07-18T19:25:13.222+0000][66][info ][gc,marking  ] GC(11) Concurrent Preclean 2.043ms
[2023-07-18T19:25:13.224+0000][66][info ][gc,start    ] GC(11) Pause Remark
[2023-07-18T19:25:13.239+0000][66][info ][gc          ] GC(11) Pause Remark 80M->80M(3932M) 15.430ms
[2023-07-18T19:25:13.241+0000][66][info ][gc,cpu      ] GC(11) User=0.04s Sys=0.00s Real=0.02s
[2023-07-18T19:25:13.253+0000][66][info ][safepoint   ] Safepoint "G1PauseRemark", Time since last: 21010165 ns, Reaching safepoint: 369881 ns, At safepoint: 28827154 ns, Total: 29197035 ns
[2023-07-18T19:25:13.254+0000][66][info ][gc,marking  ] GC(11) Concurrent Mark 59.939ms
[2023-07-18T19:25:13.255+0000][66][info ][gc,marking  ] GC(11) Concurrent Rebuild Remembered Sets
[2023-07-18T19:25:13.271+0000][66][info ][gc,marking  ] GC(11) Concurrent Rebuild Remembered Sets 15.670ms
[2023-07-18T19:25:13.273+0000][66][info ][gc,start    ] GC(11) Pause Cleanup
[2023-07-18T19:25:13.275+0000][66][info ][gc          ] GC(11) Pause Cleanup 82M->82M(3932M) 2.081ms
[2023-07-18T19:25:13.276+0000][66][info ][gc,cpu      ] GC(11) User=0.00s Sys=0.00s Real=0.00s
[2023-07-18T19:25:13.278+0000][66][info ][safepoint   ] Safepoint "G1PauseCleanup", Time since last: 19554852 ns, Reaching safepoint: 706883 ns, At safepoint: 4747013 ns, Total: 5453896 ns
[2023-07-18T19:25:13.279+0000][66][info ][gc,marking  ] GC(11) Concurrent Cleanup for Next Mark
[2023-07-18T19:25:13.286+0000][66][info ][gc,marking  ] GC(11) Concurrent Cleanup for Next Mark 7.206ms
[2023-07-18T19:25:13.287+0000][66][info ][gc          ] GC(11) Concurrent Mark Cycle 146.346ms
[2023-07-18T19:25:14.288+0000][66][info ][safepoint   ] Safepoint "Cleanup", Time since last: 1006538592 ns, Reaching safepoint: 3987514 ns, At safepoint: 59519 ns, Total: 4047033 ns
[2023-07-18T19:25:15.536+0000][66][info ][safepoint   ] Safepoint "Cleanup", Time since last: 1244684482 ns, Reaching safepoint: 3057077 ns, At safepoint: 13001 ns, Total: 3070078 ns
[2023-07-18T19:25:16.557+0000][66][info ][safepoint   ] Safepoint "Cleanup", Time since last: 1020913150 ns, Reaching safepoint: 451622 ns, At safepoint: 81080 ns, Total: 532702 ns
[2023-07-18T19:25:16.700+0000][66][info ][safepoint   ] Safepoint "ICBufferFull", Time since last: 141977608 ns, Reaching safepoint: 384586 ns, At safepoint: 45966 ns, Total: 430552 ns
[2023-07-18T19:25:17.590+0000][66][info ][safepoint   ] Safepoint "ICBufferFull", Time since last: 889959635 ns, Reaching safepoint: 699384 ns, At safepoint: 88429 ns, Total: 787813 ns
[2023-07-18T19:25:18.747+0000][66][info ][safepoint   ] Safepoint "ICBufferFull", Time since last: 1156078118 ns, Reaching safepoint: 555995 ns, At safepoint: 17787 ns, Total: 573782 ns
[2023-07-18T19:25:20.082+0000][66][info ][safepoint   ] Safepoint "ICBufferFull", Time since last: 1333992413 ns, Reaching safepoint: 628598 ns, At safepoint: 76226 ns, Total: 704824 ns
[2023-07-18T19:25:20.705+0000][66][info ][safepoint   ] Safepoint "ICBufferFull", Time since last: 622946217 ns, Reaching safepoint: 291901 ns, At safepoint: 6547 ns, Total: 298448 ns
[2023-07-18T19:25:21.415+0000][66][info ][safepoint   ] Safepoint "ICBufferFull", Time since last: 709192028 ns, Reaching safepoint: 348524 ns, At safepoint: 11748 ns, Total: 360272 ns
[2023-07-18T19:25:22.436+0000][66][info ][safepoint   ] Safepoint "Cleanup", Time since last: 1020982610 ns, Reaching safepoint: 557980 ns, At safepoint: 92330 ns, Total: 650310 ns
[2023-07-18T19:25:23.557+0000][66][info ][safepoint   ] Safepoint "Cleanup", Time since last: 1120569234 ns, Reaching safepoint: 498882 ns, At safepoint: 183088 ns, Total: 681970 ns
[2023-07-18T19:25:24.577+0000][66][info ][safepoint   ] Safepoint "Cleanup", Time since last: 1019325296 ns, Reaching safepoint: 493388 ns, At safepoint: 177289 ns, Total: 670677 ns
[2023-07-18T19:25:25.652+0000][66][info ][safepoint   ] Safepoint "Cleanup", Time since last: 1074395948 ns, Reaching safepoint: 318047 ns, At safepoint: 17899 ns, Total: 335946 ns
[2023-07-18T19:25:26.656+0000][66][info ][safepoint   ] Safepoint "Cleanup", Time since last: 1003095985 ns, Reaching safepoint: 478977 ns, At safepoint: 12047 ns, Total: 491024 ns
[2023-07-18T19:25:28.658+0000][66][info ][safepoint   ] Safepoint "Cleanup", Time since last: 2001969512 ns, Reaching safepoint: 179790 ns, At safepoint: 7876 ns, Total: 187666 ns
[2023-07-18T19:25:29.660+0000][66][info ][safepoint   ] Safepoint "Cleanup", Time since last: 1001897899 ns, Reaching safepoint: 262737 ns, At safepoint: 3756 ns, Total: 266493 ns
[2023-07-18T19:25:30.662+0000][66][info ][safepoint   ] Safepoint "Cleanup", Time since last: 1001962696 ns, Reaching safepoint: 301545 ns, At safepoint: 74834 ns, Total: 376379 ns
[2023-07-18T19:25:31.665+0000][66][info ][safepoint   ] Safepoint "Cleanup", Time since last: 1001917064 ns, Reaching safepoint: 450206 ns, At safepoint: 54501 ns, Total: 504707 ns
[2023-07-18T19:25:33.668+0000][66][info ][safepoint   ] Safepoint "Cleanup", Time since last: 2002228252 ns, Reaching safepoint: 495919 ns, At safepoint: 16213 ns, Total: 512132 ns
[2023-07-18T19:25:34.670+0000][66][info ][safepoint   ] Safepoint "Cleanup", Time since last: 1001947833 ns, Reaching safepoint: 284818 ns, At safepoint: 11309 ns, Total: 296127 ns
[2023-07-18T19:25:37.673+0000][66][info ][safepoint   ] Safepoint "Cleanup", Time since last: 3002812460 ns, Reaching safepoint: 268916 ns, At safepoint: 4829 ns, Total: 273745 ns
[2023-07-18T19:25:38.675+0000][66][info ][safepoint   ] Safepoint "Cleanup", Time since last: 1001949398 ns, Reaching safepoint: 406878 ns, At safepoint: 56685 ns, Total: 463563 ns
[2023-07-18T19:25:39.764+0000][66][info ][safepoint   ] Safepoint "Cleanup", Time since last: 1087728625 ns, Reaching safepoint: 356973 ns, At safepoint: 99174 ns, Total: 456147 ns
[2023-07-18T19:25:40.968+0000][66][info ][safepoint   ] Safepoint "Cleanup", Time since last: 1204272319 ns, Reaching safepoint: 354319 ns, At safepoint: 19315 ns, Total: 373634 ns
[2023-07-18T19:25:41.971+0000][66][info ][safepoint   ] Safepoint "Cleanup", Time since last: 1002319492 ns, Reaching safepoint: 299788 ns, At safepoint: 12289 ns, Total: 312077 ns
[2023-07-18T19:25:43.045+0000][66][info ][safepoint   ] Safepoint "Cleanup", Time since last: 1006069504 ns, Reaching safepoint: 62282254 ns, At safepoint: 4537815 ns, Total: 66820069 ns
[2023-07-18T19:25:44.794+0000][66][info ][safepoint   ] Safepoint "Cleanup", Time since last: 1749030381 ns, Reaching safepoint: 269614 ns, At safepoint: 130496 ns, Total: 400110 ns
[2023-07-18T19:25:45.247+0000][66][info ][safepoint   ] Safepoint "ICBufferFull", Time since last: 452950886 ns, Reaching safepoint: 395206 ns, At safepoint: 17853 ns, Total: 413059 ns
[2023-07-18T19:25:46.269+0000][66][info ][safepoint   ] Safepoint "Cleanup", Time since last: 1021324812 ns, Reaching safepoint: 200811 ns, At safepoint: 63232 ns, Total: 264043 ns
[2023-07-18T19:25:47.302+0000][66][info ][safepoint   ] Safepoint "ICBufferFull", Time since last: 1032205588 ns, Reaching safepoint: 468686 ns, At safepoint: 190957 ns, Total: 659643 ns
[2023-07-18T19:25:47.722+0000][66][info ][safepoint   ] Safepoint "ICBufferFull", Time since last: 420042430 ns, Reaching safepoint: 240275 ns, At safepoint: 7593 ns, Total: 247868 ns
[2023-07-18T19:25:48.596+0000][66][info ][safepoint   ] Safepoint "ICBufferFull", Time since last: 873734972 ns, Reaching safepoint: 338649 ns, At safepoint: 57274 ns, Total: 395923 ns
[2023-07-18T19:25:48.598+0000][66][info ][safepoint   ] Safepoint "ICBufferFull", Time since last: 1356439 ns, Reaching safepoint: 174555 ns, At safepoint: 17322 ns, Total: 191877 ns
[2023-07-18T19:25:48.600+0000][66][info ][safepoint   ] Safepoint "ICBufferFull", Time since last: 2151198 ns, Reaching safepoint: 196172 ns, At safepoint: 8377 ns, Total: 204549 ns
[2023-07-18T19:25:48.928+0000][66][info ][safepoint   ] Safepoint "ICBufferFull", Time since last: 327437753 ns, Reaching safepoint: 346977 ns, At safepoint: 165340 ns, Total: 512317 ns
[2023-07-18T19:25:49.289+0000][66][info ][safepoint   ] Safepoint "ICBufferFull", Time since last: 358988186 ns, Reaching safepoint: 1144080 ns, At safepoint: 336503 ns, Total: 1480583 ns
[2023-07-18T19:25:50.646+0000][66][info ][safepoint   ] Safepoint "Cleanup", Time since last: 1356244542 ns, Reaching safepoint: 795610 ns, At safepoint: 24949 ns, Total: 820559 ns
[2023-07-18T19:25:51.893+0000][66][info ][safepoint   ] Safepoint "Cleanup", Time since last: 1246770294 ns, Reaching safepoint: 414840 ns, At safepoint: 68599 ns, Total: 483439 ns
[2023-07-18T19:25:52.801+0000][66][info ][safepoint   ] Safepoint "ICBufferFull", Time since last: 907068542 ns, Reaching safepoint: 649621 ns, At safepoint: 106913 ns, Total: 756534 ns
[2023-07-18T19:25:52.803+0000][66][info ][safepoint   ] Safepoint "ICBufferFull", Time since last: 1718171 ns, Reaching safepoint: 416634 ns, At safepoint: 217105 ns, Total: 633739 ns
[2023-07-18T19:25:53.150+0000][66][info ][safepoint   ] Safepoint "ICBufferFull", Time since last: 346112681 ns, Reaching safepoint: 442720 ns, At safepoint: 97577 ns, Total: 540297 ns
[2023-07-18T19:25:54.152+0000][66][info ][safepoint   ] Safepoint "Cleanup", Time since last: 1002069613 ns, Reaching safepoint: 263984 ns, At safepoint: 84037 ns, Total: 348021 ns
[2023-07-18T19:25:54.703+0000][66][info ][safepoint   ] Safepoint "ICBufferFull", Time since last: 550058942 ns, Reaching safepoint: 526346 ns, At safepoint: 99457 ns, Total: 625803 ns
[2023-07-18T19:25:55.961+0000][66][info ][safepoint   ] Safepoint "Cleanup", Time since last: 1257587555 ns, Reaching safepoint: 276274 ns, At safepoint: 45567 ns, Total: 321841 ns
[2023-07-18T19:25:57.688+0000][66][info ][safepoint   ] Safepoint "Cleanup", Time since last: 1726514221 ns, Reaching safepoint: 354107 ns, At safepoint: 6600 ns, Total: 360707 ns
[2023-07-18T19:25:59.924+0000][66][info ][safepoint   ] Safepoint "Cleanup", Time since last: 2235563850 ns, Reaching safepoint: 395082 ns, At safepoint: 65824 ns, Total: 460906 ns
[2023-07-18T19:26:01.025+0000][66][info ][safepoint   ] Safepoint "Cleanup", Time since last: 1100914907 ns, Reaching safepoint: 352612 ns, At safepoint: 15190 ns, Total: 367802 ns
[2023-07-18T19:26:02.594+0000][66][info ][safepoint   ] Safepoint "Cleanup", Time since last: 1568995989 ns, Reaching safepoint: 162619 ns, At safepoint: 6097 ns, Total: 168716 ns
[2023-07-18T19:26:03.600+0000][66][info ][safepoint   ] Safepoint "Cleanup", Time since last: 1004920047 ns, Reaching safepoint: 607602 ns, At safepoint: 28283 ns, Total: 635885 ns
[2023-07-18T19:26:04.603+0000][66][info ][safepoint   ] Safepoint "Cleanup", Time since last: 1002858590 ns, Reaching safepoint: 503744 ns, At safepoint: 11106 ns, Total: 514850 ns
[2023-07-18T19:26:05.606+0000][66][info ][safepoint   ] Safepoint "Cleanup", Time since last: 1002775392 ns, Reaching safepoint: 504936 ns, At safepoint: 34679 ns, Total: 539615 ns
[2023-07-18T19:26:06.808+0000][66][info ][safepoint   ] Safepoint "Cleanup", Time since last: 1201374126 ns, Reaching safepoint: 227917 ns, At safepoint: 57407 ns, Total: 285324 ns
[2023-07-18T19:26:07.901+0000][66][info ][safepoint   ] Safepoint "Cleanup", Time since last: 1092224224 ns, Reaching safepoint: 614407 ns, At safepoint: 10457 ns, Total: 624864 ns
[2023-07-18T19:26:08.904+0000][66][info ][safepoint   ] Safepoint "Cleanup", Time since last: 1002762092 ns, Reaching safepoint: 538043 ns, At safepoint: 10917 ns, Total: 548960 ns
[2023-07-18T19:26:11.906+0000][66][info ][safepoint   ] Safepoint "Cleanup", Time since last: 3001395903 ns, Reaching safepoint: 275193 ns, At safepoint: 42982 ns, Total: 318175 ns
[2023-07-18T19:26:13.129+0000][66][info ][safepoint   ] Safepoint "Cleanup", Time since last: 1223580574 ns, Reaching safepoint: 182603 ns, At safepoint: 6328 ns, Total: 188931 ns
[2023-07-18T19:26:14.484+0000][66][info ][safepoint   ] Safepoint "Cleanup", Time since last: 1354092682 ns, Reaching safepoint: 346754 ns, At safepoint: 124339 ns, Total: 471093 ns
[2023-07-18T19:26:15.497+0000][66][info ][safepoint   ] Safepoint "Cleanup", Time since last: 1013043184 ns, Reaching safepoint: 613003 ns, At safepoint: 11141 ns, Total: 624144 ns
[2023-07-18T19:26:16.500+0000][66][info ][safepoint   ] Safepoint "Cleanup", Time since last: 1002595577 ns, Reaching safepoint: 290034 ns, At safepoint: 4507 ns, Total: 294541 ns
[2023-07-18T19:26:17.502+0000][66][info ][safepoint   ] Safepoint "Cleanup", Time since last: 1001699601 ns, Reaching safepoint: 116144 ns, At safepoint: 4861 ns, Total: 121005 ns
[2023-07-18T19:26:17.969+0000][66][info ][gc,start    ] GC(12) Pause Young (Normal) (G1 Evacuation Pause)
[2023-07-18T19:26:17.970+0000][66][info ][gc,task     ] GC(12) Using 6 workers of 6 for evacuation
[2023-07-18T19:26:17.971+0000][66][debug][gc,age      ] GC(12) Desired survivor size 39845888 bytes, new threshold 3 (max threshold 15)
[2023-07-18T19:26:18.037+0000][66][info ][gc,phases   ] GC(12)   Pre Evacuate Collection Set: 0.5ms
[2023-07-18T19:26:18.038+0000][66][info ][gc,phases   ] GC(12)   Merge Heap Roots: 0.1ms
[2023-07-18T19:26:18.040+0000][66][info ][gc,phases   ] GC(12)   Evacuate Collection Set: 57.3ms
[2023-07-18T19:26:18.041+0000][66][info ][gc,phases   ] GC(12)   Post Evacuate Collection Set: 6.1ms
[2023-07-18T19:26:18.043+0000][66][info ][gc,phases   ] GC(12)   Other: 2.5ms
[2023-07-18T19:26:18.045+0000][66][trace][gc,age      ] GC(12) Age table with threshold 3 (max threshold 15)
[2023-07-18T19:26:18.046+0000][66][trace][gc,age      ] GC(12) - age   1:   34315560 bytes,   34315560 total
[2023-07-18T19:26:18.048+0000][66][trace][gc,age      ] GC(12) - age   2:    4030088 bytes,   38345648 total
[2023-07-18T19:26:18.049+0000][66][trace][gc,age      ] GC(12) - age   3:   11051360 bytes,   49397008 total
[2023-07-18T19:26:18.051+0000][66][info ][gc,heap     ] GC(12) Eden regions: 135->0(137)
[2023-07-18T19:26:18.052+0000][66][info ][gc,heap     ] GC(12) Survivor regions: 11->14(19)
[2023-07-18T19:26:18.053+0000][66][info ][gc,heap     ] GC(12) Old regions: 8->14
[2023-07-18T19:26:18.054+0000][66][info ][gc,heap     ] GC(12) Archive regions: 2->2
[2023-07-18T19:26:18.056+0000][66][info ][gc,heap     ] GC(12) Humongous regions: 0->0
[2023-07-18T19:26:18.057+0000][66][info ][gc,metaspace] GC(12) Metaspace: 131089K(134336K)->131089K(134336K) NonClass: 113632K(115264K)->113632K(115264K) Class: 17457K(19072K)->17457K(19072K)
[2023-07-18T19:26:18.058+0000][66][info ][gc          ] GC(12) Pause Young (Normal) (G1 Evacuation Pause) 614M->109M(3932M) 89.397ms
[2023-07-18T19:26:18.059+0000][66][info ][gc,cpu      ] GC(12) User=0.26s Sys=0.01s Real=0.09s
[2023-07-18T19:26:18.060+0000][66][info ][safepoint   ] Safepoint "G1CollectForAllocation", Time since last: 466394420 ns, Reaching safepoint: 140334 ns, At safepoint: 91850935 ns, Total: 91991269 ns
[2023-07-18T19:26:19.930+0000][66][info ][safepoint   ] Safepoint "Cleanup", Time since last: 1869491256 ns, Reaching safepoint: 254030 ns, At safepoint: 13174 ns, Total: 267204 ns
[2023-07-18T19:26:20.933+0000][66][info ][safepoint   ] Safepoint "Cleanup", Time since last: 1002185909 ns, Reaching safepoint: 343504 ns, At safepoint: 111439 ns, Total: 454943 ns
[2023-07-18T19:26:21.937+0000][66][info ][safepoint   ] Safepoint "Cleanup", Time since last: 1002155190 ns, Reaching safepoint: 1547523 ns, At safepoint: 13208 ns, Total: 1560731 ns
[2023-07-18T19:26:22.944+0000][66][info ][safepoint   ] Safepoint "Cleanup", Time since last: 1007146314 ns, Reaching safepoint: 234202 ns, At safepoint: 19992 ns, Total: 254194 ns
[2023-07-18T19:26:23.950+0000][66][info ][safepoint   ] Safepoint "Cleanup", Time since last: 1006414901 ns, Reaching safepoint: 128509 ns, At safepoint: 5951 ns, Total: 134460 ns
[2023-07-18T19:26:25.161+0000][66][info ][safepoint   ] Safepoint "Cleanup", Time since last: 1210409595 ns, Reaching safepoint: 157238 ns, At safepoint: 18611 ns, Total: 175849 ns
[2023-07-18T19:26:26.379+0000][66][info ][safepoint   ] Safepoint "Cleanup", Time since last: 1218013915 ns, Reaching safepoint: 154478 ns, At safepoint: 5371 ns, Total: 159849 ns
[2023-07-18T19:26:27.383+0000][66][info ][safepoint   ] Safepoint "Cleanup", Time since last: 1003106760 ns, Reaching safepoint: 158451 ns, At safepoint: 5607 ns, Total: 164058 ns
[2023-07-18T19:26:29.942+0000][66][info ][safepoint   ] Safepoint "Cleanup", Time since last: 2558597800 ns, Reaching safepoint: 431930 ns, At safepoint: 55480 ns, Total: 487410 ns
[2023-07-18T19:26:31.877+0000][66][info ][safepoint   ] Safepoint "Cleanup", Time since last: 1935372607 ns, Reaching safepoint: 183061 ns, At safepoint: 17372 ns, Total: 200433 ns
[2023-07-18T19:26:33.876+0000][66][info ][safepoint   ] Safepoint "Cleanup", Time since last: 1998733282 ns, Reaching safepoint: 302915 ns, At safepoint: 17858 ns, Total: 320773 ns
[2023-07-18T19:26:35.590+0000][66][info ][safepoint   ] Safepoint "Cleanup", Time since last: 1713049322 ns, Reaching safepoint: 218811 ns, At safepoint: 8309 ns, Total: 227120 ns
[2023-07-18T19:26:37.259+0000][66][info ][safepoint   ] Safepoint "Cleanup", Time since last: 1669328116 ns, Reaching safepoint: 431733 ns, At safepoint: 51188 ns, Total: 482921 ns
[2023-07-18T19:26:38.409+0000][66][info ][safepoint   ] Safepoint "Cleanup", Time since last: 1149100725 ns, Reaching safepoint: 183508 ns, At safepoint: 6096 ns, Total: 189604 ns
[2023-07-18T19:26:39.411+0000][66][info ][safepoint   ] Safepoint "Cleanup", Time since last: 1002168489 ns, Reaching safepoint: 113345 ns, At safepoint: 3615 ns, Total: 116960 ns
[2023-07-18T19:26:40.413+0000][66][info ][safepoint   ] Safepoint "Cleanup", Time since last: 1001861472 ns, Reaching safepoint: 426413 ns, At safepoint: 84882 ns, Total: 511295 ns
[2023-07-18T19:26:41.914+0000][66][info ][safepoint   ] Safepoint "Cleanup", Time since last: 1500709106 ns, Reaching safepoint: 262180 ns, At safepoint: 53465 ns, Total: 315645 ns
[2023-07-18T19:26:42.944+0000][66][info ][safepoint   ] Safepoint "Cleanup", Time since last: 1029337117 ns, Reaching safepoint: 223072 ns, At safepoint: 41875 ns, Total: 264947 ns
[2023-07-18T19:26:44.187+0000][66][info ][safepoint   ] Safepoint "Cleanup", Time since last: 1242952465 ns, Reaching safepoint: 148439 ns, At safepoint: 4468 ns, Total: 152907 ns
[2023-07-18T19:26:45.190+0000][66][info ][safepoint   ] Safepoint "Cleanup", Time since last: 1002077079 ns, Reaching safepoint: 294409 ns, At safepoint: 21910 ns, Total: 316319 ns
[2023-07-18T19:26:46.192+0000][66][info ][safepoint   ] Safepoint "Cleanup", Time since last: 1001930462 ns, Reaching safepoint: 329612 ns, At safepoint: 23468 ns, Total: 353080 ns
[2023-07-18T19:26:47.194+0000][66][info ][safepoint   ] Safepoint "Cleanup", Time since last: 1001751751 ns, Reaching safepoint: 151637 ns, At safepoint: 4581 ns, Total: 156218 ns
[2023-07-18T19:26:48.210+0000][66][info ][safepoint   ] Safepoint "Cleanup", Time since last: 1015942263 ns, Reaching safepoint: 145449 ns, At safepoint: 37337 ns, Total: 182786 ns
[2023-07-18T19:26:49.715+0000][66][info ][safepoint   ] Safepoint "Cleanup", Time since last: 1504162756 ns, Reaching safepoint: 144848 ns, At safepoint: 4779 ns, Total: 149627 ns
[2023-07-18T19:26:51.222+0000][66][info ][safepoint   ] Safepoint "Cleanup", Time since last: 1506737985 ns, Reaching safepoint: 250594 ns, At safepoint: 7899 ns, Total: 258493 ns
[2023-07-18T19:26:52.223+0000][66][info ][safepoint   ] Safepoint "Cleanup", Time since last: 1001346099 ns, Reaching safepoint: 228654 ns, At safepoint: 14196 ns, Total: 242850 ns
[2023-07-18T19:26:53.225+0000][66][info ][safepoint   ] Safepoint "Cleanup", Time since last: 1001495918 ns, Reaching safepoint: 209129 ns, At safepoint: 8445 ns, Total: 217574 ns
[2023-07-18T19:26:54.545+0000][66][info ][safepoint   ] Safepoint "Cleanup", Time since last: 1319470838 ns, Reaching safepoint: 251636 ns, At safepoint: 29336 ns, Total: 280972 ns
[2023-07-18T19:26:55.969+0000][66][info ][safepoint   ] Safepoint "Cleanup", Time since last: 1424145014 ns, Reaching safepoint: 512251 ns, At safepoint: 116630 ns, Total: 628881 ns
[2023-07-18T19:26:57.462+0000][66][info ][safepoint   ] Safepoint "Cleanup", Time since last: 1492624985 ns, Reaching safepoint: 203025 ns, At safepoint: 4855 ns, Total: 207880 ns
[2023-07-18T19:26:58.466+0000][66][info ][safepoint   ] Safepoint "Cleanup", Time since last: 1004185548 ns, Reaching safepoint: 134654 ns, At safepoint: 5077 ns, Total: 139731 ns
[2023-07-18T19:26:59.468+0000][66][info ][safepoint   ] Safepoint "Cleanup", Time since last: 1001657348 ns, Reaching safepoint: 154002 ns, At safepoint: 43761 ns, Total: 197763 ns
[2023-07-18T19:27:01.034+0000][66][info ][safepoint   ] Safepoint "Cleanup", Time since last: 1564919759 ns, Reaching safepoint: 235385 ns, At safepoint: 57752 ns, Total: 293137 ns
[2023-07-18T19:27:02.177+0000][66][info ][safepoint   ] Safepoint "Cleanup", Time since last: 1143668413 ns, Reaching safepoint: 153769 ns, At safepoint: 4881 ns, Total: 158650 ns
[2023-07-18T19:27:03.179+0000][66][info ][safepoint   ] Safepoint "Cleanup", Time since last: 1001729574 ns, Reaching safepoint: 152572 ns, At safepoint: 16237 ns, Total: 168809 ns
[2023-07-18T19:27:04.181+0000][66][info ][safepoint   ] Safepoint "Cleanup", Time since last: 1001989543 ns, Reaching safepoint: 173605 ns, At safepoint: 15758 ns, Total: 189363 ns
[2023-07-18T19:27:05.184+0000][66][info ][safepoint   ] Safepoint "Cleanup", Time since last: 1002053080 ns, Reaching safepoint: 123477 ns, At safepoint: 4953 ns, Total: 128430 ns
[2023-07-18T19:27:06.325+0000][66][info ][safepoint   ] Safepoint "Cleanup", Time since last: 1140480006 ns, Reaching safepoint: 476453 ns, At safepoint: 59178 ns, Total: 535631 ns
[2023-07-18T19:27:07.612+0000][66][info ][safepoint   ] Safepoint "Cleanup", Time since last: 1286696595 ns, Reaching safepoint: 462561 ns, At safepoint: 94599 ns, Total: 557160 ns
[2023-07-18T19:27:09.003+0000][66][info ][safepoint   ] Safepoint "Cleanup", Time since last: 1390749704 ns, Reaching safepoint: 124109 ns, At safepoint: 4194 ns, Total: 128303 ns
[2023-07-18T19:27:10.005+0000][66][info ][safepoint   ] Safepoint "Cleanup", Time since last: 1001814247 ns, Reaching safepoint: 159811 ns, At safepoint: 41983 ns, Total: 201794 ns
[2023-07-18T19:27:11.008+0000][66][info ][safepoint   ] Safepoint "Cleanup", Time since last: 1002601304 ns, Reaching safepoint: 210932 ns, At safepoint: 19682 ns, Total: 230614 ns
[2023-07-18T19:27:12.078+0000][66][info ][safepoint   ] Safepoint "Cleanup", Time since last: 1070366268 ns, Reaching safepoint: 118381 ns, At safepoint: 4686 ns, Total: 123067 ns
[2023-07-18T19:27:13.407+0000][66][info ][safepoint   ] Safepoint "Cleanup", Time since last: 1328981521 ns, Reaching safepoint: 123453 ns, At safepoint: 14550 ns, Total: 138003 ns
[2023-07-18T19:27:14.531+0000][66][info ][safepoint   ] Safepoint "Cleanup", Time since last: 1123439324 ns, Reaching safepoint: 541030 ns, At safepoint: 19923 ns, Total: 560953 ns
[2023-07-18T19:27:15.534+0000][66][info ][safepoint   ] Safepoint "Cleanup", Time since last: 1002189226 ns, Reaching safepoint: 576604 ns, At safepoint: 39729 ns, Total: 616333 ns
[2023-07-18T19:27:16.541+0000][66][info ][safepoint   ] Safepoint "Cleanup", Time since last: 1006854700 ns, Reaching safepoint: 149669 ns, At safepoint: 7900 ns, Total: 157569 ns
[2023-07-18T19:27:17.544+0000][66][info ][safepoint   ] Safepoint "Cleanup", Time since last: 1002256273 ns, Reaching safepoint: 261992 ns, At safepoint: 41016 ns, Total: 303008 ns
[2023-07-18T19:27:19.278+0000][66][info ][safepoint   ] Safepoint "Cleanup", Time since last: 1734336153 ns, Reaching safepoint: 251121 ns, At safepoint: 10792 ns, Total: 261913 ns
[2023-07-18T19:27:20.735+0000][66][info ][safepoint   ] Safepoint "Cleanup", Time since last: 1455974338 ns, Reaching safepoint: 390065 ns, At safepoint: 60542 ns, Total: 450607 ns
[2023-07-18T19:27:21.737+0000][66][info ][safepoint   ] Safepoint "Cleanup", Time since last: 1002154352 ns, Reaching safepoint: 310030 ns, At safepoint: 6515 ns, Total: 316545 ns
[2023-07-18T19:27:22.740+0000][66][info ][safepoint   ] Safepoint "Cleanup", Time since last: 1002175859 ns, Reaching safepoint: 238888 ns, At safepoint: 6932 ns, Total: 245820 ns
[2023-07-18T19:27:23.742+0000][66][info ][safepoint   ] Safepoint "Cleanup", Time since last: 1002047702 ns, Reaching safepoint: 385877 ns, At safepoint: 85807 ns, Total: 471684 ns
[2023-07-18T19:27:24.939+0000][66][info ][safepoint   ] Safepoint "Cleanup", Time since last: 1196685098 ns, Reaching safepoint: 312856 ns, At safepoint: 14883 ns, Total: 327739 ns
[2023-07-18T19:27:26.078+0000][66][info ][safepoint   ] Safepoint "Cleanup", Time since last: 1138300965 ns, Reaching safepoint: 437404 ns, At safepoint: 27404 ns, Total: 464808 ns
[2023-07-18T19:27:27.081+0000][66][info ][safepoint   ] Safepoint "Cleanup", Time since last: 1002576215 ns, Reaching safepoint: 377404 ns, At safepoint: 16013 ns, Total: 393417 ns
[2023-07-18T19:27:28.083+0000][66][info ][safepoint   ] Safepoint "Cleanup", Time since last: 1001982067 ns, Reaching safepoint: 104710 ns, At safepoint: 2751 ns, Total: 107461 ns
[2023-07-18T19:27:29.927+0000][66][info ][safepoint   ] Safepoint "Cleanup", Time since last: 1843781204 ns, Reaching safepoint: 255360 ns, At safepoint: 55422 ns, Total: 310782 ns
[2023-07-18T19:27:30.996+0000][66][info ][safepoint   ] Safepoint "Cleanup", Time since last: 1068522604 ns, Reaching safepoint: 421528 ns, At safepoint: 69255 ns, Total: 490783 ns
[2023-07-18T19:27:32.012+0000][66][info ][safepoint   ] Safepoint "Cleanup", Time since last: 1015691766 ns, Reaching safepoint: 286219 ns, At safepoint: 45763 ns, Total: 331982 ns
[2023-07-18T19:27:32.742+0000][66][info ][gc,start    ] GC(13) Pause Young (Normal) (G1 Evacuation Pause)
[2023-07-18T19:27:32.744+0000][66][info ][gc,task     ] GC(13) Using 6 workers of 6 for evacuation
[2023-07-18T19:27:32.746+0000][66][debug][gc,age      ] GC(13) Desired survivor size 39845888 bytes, new threshold 3 (max threshold 15)
[2023-07-18T19:27:32.779+0000][66][info ][gc,phases   ] GC(13)   Pre Evacuate Collection Set: 0.7ms
[2023-07-18T19:27:32.780+0000][66][info ][gc,phases   ] GC(13)   Merge Heap Roots: 0.4ms
[2023-07-18T19:27:32.782+0000][66][info ][gc,phases   ] GC(13)   Evacuate Collection Set: 26.2ms
[2023-07-18T19:27:32.784+0000][66][info ][gc,phases   ] GC(13)   Post Evacuate Collection Set: 4.2ms
[2023-07-18T19:27:32.786+0000][66][info ][gc,phases   ] GC(13)   Other: 3.1ms
[2023-07-18T19:27:32.787+0000][66][trace][gc,age      ] GC(13) Age table with threshold 3 (max threshold 15)
[2023-07-18T19:27:32.789+0000][66][trace][gc,age      ] GC(13) - age   1:   14250760 bytes,   14250760 total
[2023-07-18T19:27:32.790+0000][66][trace][gc,age      ] GC(13) - age   2:   32423536 bytes,   46674296 total
[2023-07-18T19:27:32.792+0000][66][trace][gc,age      ] GC(13) - age   3:    4030088 bytes,   50704384 total
[2023-07-18T19:27:32.793+0000][66][info ][gc,heap     ] GC(13) Eden regions: 137->0(254)
[2023-07-18T19:27:32.794+0000][66][info ][gc,heap     ] GC(13) Survivor regions: 14->15(19)
[2023-07-18T19:27:32.795+0000][66][info ][gc,heap     ] GC(13) Old regions: 14->17
[2023-07-18T19:27:32.797+0000][66][info ][gc,heap     ] GC(13) Archive regions: 2->2
[2023-07-18T19:27:32.798+0000][66][info ][gc,heap     ] GC(13) Humongous regions: 0->0
[2023-07-18T19:27:32.799+0000][66][info ][gc,metaspace] GC(13) Metaspace: 132988K(136256K)->132988K(136256K) NonClass: 115504K(117120K)->115504K(117120K) Class: 17483K(19136K)->17483K(19136K)
[2023-07-18T19:27:32.801+0000][66][info ][gc          ] GC(13) Pause Young (Normal) (G1 Evacuation Pause) 657M->126M(3932M) 58.195ms
[2023-07-18T19:27:32.803+0000][66][info ][gc,cpu      ] GC(13) User=0.15s Sys=0.01s Real=0.06s
[2023-07-18T19:27:32.806+0000][66][info ][safepoint   ] Safepoint "G1CollectForAllocation", Time since last: 729825125 ns, Reaching safepoint: 360187 ns, At safepoint: 63189919 ns, Total: 63550106 ns
[2023-07-18T19:27:34.807+0000][66][info ][safepoint   ] Safepoint "Cleanup", Time since last: 2001481472 ns, Reaching safepoint: 263346 ns, At safepoint: 4365 ns, Total: 267711 ns
[2023-07-18T19:27:35.810+0000][66][info ][safepoint   ] Safepoint "Cleanup", Time since last: 1001861720 ns, Reaching safepoint: 395044 ns, At safepoint: 21846 ns, Total: 416890 ns
[2023-07-18T19:27:37.557+0000][66][info ][safepoint   ] Safepoint "Cleanup", Time since last: 1747261655 ns, Reaching safepoint: 649887 ns, At safepoint: 8990 ns, Total: 658877 ns
[2023-07-18T19:27:38.931+0000][66][info ][safepoint   ] Safepoint "Cleanup", Time since last: 1372959739 ns, Reaching safepoint: 292728 ns, At safepoint: 17770 ns, Total: 310498 ns
[2023-07-18T19:27:39.934+0000][66][info ][safepoint   ] Safepoint "Cleanup", Time since last: 1002252930 ns, Reaching safepoint: 917873 ns, At safepoint: 27639 ns, Total: 945512 ns
[2023-07-18T19:27:41.919+0000][66][info ][safepoint   ] Safepoint "Cleanup", Time since last: 1984904122 ns, Reaching safepoint: 162359 ns, At safepoint: 17699 ns, Total: 180058 ns
[2023-07-18T19:27:43.012+0000][66][info ][safepoint   ] Safepoint "Cleanup", Time since last: 1092235994 ns, Reaching safepoint: 442989 ns, At safepoint: 17374 ns, Total: 460363 ns
[2023-07-18T19:27:44.324+0000][66][info ][safepoint   ] Safepoint "Cleanup", Time since last: 1311171771 ns, Reaching safepoint: 531451 ns, At safepoint: 131307 ns, Total: 662758 ns
[2023-07-18T19:27:45.327+0000][66][info ][safepoint   ] Safepoint "Cleanup", Time since last: 1002666267 ns, Reaching safepoint: 402286 ns, At safepoint: 13530 ns, Total: 415816 ns
[2023-07-18T19:27:47.329+0000][66][info ][safepoint   ] Safepoint "Cleanup", Time since last: 2002234406 ns, Reaching safepoint: 293367 ns, At safepoint: 7193 ns, Total: 300560 ns
[2023-07-18T19:27:48.620+0000][66][info ][safepoint   ] Safepoint "Cleanup", Time since last: 1290430526 ns, Reaching safepoint: 205736 ns, At safepoint: 54676 ns, Total: 260412 ns
[2023-07-18T19:27:49.728+0000][66][info ][safepoint   ] Safepoint "Cleanup", Time since last: 1107764404 ns, Reaching safepoint: 188319 ns, At safepoint: 4466 ns, Total: 192785 ns
[2023-07-18T19:27:50.730+0000][66][info ][safepoint   ] Safepoint "Cleanup", Time since last: 1001782867 ns, Reaching safepoint: 183177 ns, At safepoint: 43189 ns, Total: 226366 ns
[2023-07-18T19:27:53.733+0000][66][info ][safepoint   ] Safepoint "Cleanup", Time since last: 3002674580 ns, Reaching safepoint: 600221 ns, At safepoint: 85144 ns, Total: 685365 ns
[2023-07-18T19:27:55.072+0000][66][info ][safepoint   ] Safepoint "Cleanup", Time since last: 1338631195 ns, Reaching safepoint: 299919 ns, At safepoint: 19333 ns, Total: 319252 ns
[2023-07-18T19:27:57.405+0000][66][info ][safepoint   ] Safepoint "Cleanup", Time since last: 2332537889 ns, Reaching safepoint: 311361 ns, At safepoint: 13338 ns, Total: 324699 ns
[2023-07-18T19:27:59.957+0000][66][info ][safepoint   ] Safepoint "Cleanup", Time since last: 2551832532 ns, Reaching safepoint: 213337 ns, At safepoint: 41432 ns, Total: 254769 ns
[2023-07-18T19:28:01.744+0000][66][info ][safepoint   ] Safepoint "Cleanup", Time since last: 1786157278 ns, Reaching safepoint: 318829 ns, At safepoint: 6179 ns, Total: 325008 ns
[2023-07-18T19:28:02.746+0000][66][info ][safepoint   ] Safepoint "Cleanup", Time since last: 1001888523 ns, Reaching safepoint: 241634 ns, At safepoint: 61358 ns, Total: 302992 ns
[2023-07-18T19:28:04.749+0000][66][info ][safepoint   ] Safepoint "Cleanup", Time since last: 2002286278 ns, Reaching safepoint: 357829 ns, At safepoint: 18733 ns, Total: 376562 ns
[2023-07-18T19:28:05.751+0000][66][info ][safepoint   ] Safepoint "Cleanup", Time since last: 1002160806 ns, Reaching safepoint: 273083 ns, At safepoint: 42811 ns, Total: 315894 ns
[2023-07-18T19:28:07.043+0000][66][info ][safepoint   ] Safepoint "Cleanup", Time since last: 1291311513 ns, Reaching safepoint: 230600 ns, At safepoint: 62770 ns, Total: 293370 ns
[2023-07-18T19:28:09.157+0000][66][info ][safepoint   ] Safepoint "Cleanup", Time since last: 2113550140 ns, Reaching safepoint: 293241 ns, At safepoint: 16496 ns, Total: 309737 ns
[2023-07-18T19:28:10.159+0000][66][info ][safepoint   ] Safepoint "Cleanup", Time since last: 1002102815 ns, Reaching safepoint: 270012 ns, At safepoint: 6452 ns, Total: 276464 ns
[2023-07-18T19:28:11.162+0000][66][info ][safepoint   ] Safepoint "Cleanup", Time since last: 1002308719 ns, Reaching safepoint: 1044580 ns, At safepoint: 17653 ns, Total: 1062233 ns
[2023-07-18T19:28:12.327+0000][66][info ][safepoint   ] Safepoint "Cleanup", Time since last: 1164825572 ns, Reaching safepoint: 167752 ns, At safepoint: 66423 ns, Total: 234175 ns
[2023-07-18T19:28:13.330+0000][66][info ][safepoint   ] Safepoint "Cleanup", Time since last: 1001853736 ns, Reaching safepoint: 200260 ns, At safepoint: 7295 ns, Total: 207555 ns
[2023-07-18T19:28:14.686+0000][66][info ][safepoint   ] Safepoint "Cleanup", Time since last: 1355988859 ns, Reaching safepoint: 186020 ns, At safepoint: 12215 ns, Total: 198235 ns
[2023-07-18T19:28:15.689+0000][66][info ][safepoint   ] Safepoint "Cleanup", Time since last: 1002469932 ns, Reaching safepoint: 256690 ns, At safepoint: 4206 ns, Total: 260896 ns
[2023-07-18T19:28:16.691+0000][66][info ][safepoint   ] Safepoint "Cleanup", Time since last: 1001629838 ns, Reaching safepoint: 275828 ns, At safepoint: 13628 ns, Total: 289456 ns
[2023-07-18T19:28:17.693+0000][66][info ][safepoint   ] Safepoint "Cleanup", Time since last: 1002164974 ns, Reaching safepoint: 433293 ns, At safepoint: 17769 ns, Total: 451062 ns
[2023-07-18T19:28:19.079+0000][66][info ][safepoint   ] Safepoint "Cleanup", Time since last: 1385598514 ns, Reaching safepoint: 227218 ns, At safepoint: 8857 ns, Total: 236075 ns
[2023-07-18T19:28:20.414+0000][66][info ][safepoint   ] Safepoint "Cleanup", Time since last: 1334025164 ns, Reaching safepoint: 286497 ns, At safepoint: 151006 ns, Total: 437503 ns
[2023-07-18T19:28:21.427+0000][66][info ][safepoint   ] Safepoint "Cleanup", Time since last: 1012606682 ns, Reaching safepoint: 756369 ns, At safepoint: 103689 ns, Total: 860058 ns
[2023-07-18T19:28:22.431+0000][66][info ][safepoint   ] Safepoint "Cleanup", Time since last: 1003051604 ns, Reaching safepoint: 366422 ns, At safepoint: 18009 ns, Total: 384431 ns
[2023-07-18T19:28:23.927+0000][66][info ][safepoint   ] Safepoint "Cleanup", Time since last: 1495818678 ns, Reaching safepoint: 168578 ns, At safepoint: 55333 ns, Total: 223911 ns
[2023-07-18T19:28:25.753+0000][66][info ][safepoint   ] Safepoint "Cleanup", Time since last: 1825549718 ns, Reaching safepoint: 289598 ns, At safepoint: 5677 ns, Total: 295275 ns
[2023-07-18T19:28:26.755+0000][66][info ][safepoint   ] Safepoint "Cleanup", Time since last: 1002221847 ns, Reaching safepoint: 267196 ns, At safepoint: 132553 ns, Total: 399749 ns
[2023-07-18T19:28:27.758+0000][66][info ][safepoint   ] Safepoint "Cleanup", Time since last: 1002063967 ns, Reaching safepoint: 570100 ns, At safepoint: 14585 ns, Total: 584685 ns
[2023-07-18T19:28:29.760+0000][66][info ][safepoint   ] Safepoint "Cleanup", Time since last: 2002366168 ns, Reaching safepoint: 173278 ns, At safepoint: 13960 ns, Total: 187238 ns
[2023-07-18T19:28:31.227+0000][66][info ][safepoint   ] Safepoint "Cleanup", Time since last: 1466562918 ns, Reaching safepoint: 110163 ns, At safepoint: 12460 ns, Total: 122623 ns
[2023-07-18T19:28:32.491+0000][66][info ][safepoint   ] Safepoint "Cleanup", Time since last: 1263972745 ns, Reaching safepoint: 306035 ns, At safepoint: 5556 ns, Total: 311591 ns
[2023-07-18T19:28:33.494+0000][66][info ][safepoint   ] Safepoint "Cleanup", Time since last: 1001816267 ns, Reaching safepoint: 470399 ns, At safepoint: 16841 ns, Total: 487240 ns
[2023-07-18T19:28:35.983+0000][66][info ][safepoint   ] Safepoint "Cleanup", Time since last: 2488303283 ns, Reaching safepoint: 938647 ns, At safepoint: 87179 ns, Total: 1025826 ns
[2023-07-18T19:28:37.043+0000][66][info ][safepoint   ] Safepoint "Cleanup", Time since last: 1059542136 ns, Reaching safepoint: 259761 ns, At safepoint: 42214 ns, Total: 301975 ns
[2023-07-18T19:28:38.148+0000][66][info ][safepoint   ] Safepoint "Cleanup", Time since last: 1104645428 ns, Reaching safepoint: 620355 ns, At safepoint: 376316 ns, Total: 996671 ns
[2023-07-18T19:28:39.151+0000][66][info ][safepoint   ] Safepoint "Cleanup", Time since last: 1002618737 ns, Reaching safepoint: 356053 ns, At safepoint: 6865 ns, Total: 362918 ns
[2023-07-18T19:28:40.154+0000][66][info ][safepoint   ] Safepoint "Cleanup", Time since last: 1002290180 ns, Reaching safepoint: 289027 ns, At safepoint: 20764 ns, Total: 309791 ns
[2023-07-18T19:28:41.158+0000][66][info ][safepoint   ] Safepoint "Cleanup", Time since last: 1003019547 ns, Reaching safepoint: 564139 ns, At safepoint: 10153 ns, Total: 574292 ns
[2023-07-18T19:28:42.177+0000][66][info ][safepoint   ] Safepoint "Cleanup", Time since last: 1019392206 ns, Reaching safepoint: 274918 ns, At safepoint: 134084 ns, Total: 409002 ns
[2023-07-18T19:28:43.573+0000][66][info ][safepoint   ] Safepoint "Cleanup", Time since last: 1394779839 ns, Reaching safepoint: 469898 ns, At safepoint: 9792 ns, Total: 479690 ns
[2023-07-18T19:28:45.062+0000][66][info ][safepoint   ] Safepoint "Cleanup", Time since last: 1488571761 ns, Reaching safepoint: 415986 ns, At safepoint: 61177 ns, Total: 477163 ns
[2023-07-18T19:28:47.930+0000][66][info ][safepoint   ] Safepoint "Cleanup", Time since last: 2867504604 ns, Reaching safepoint: 427887 ns, At safepoint: 65714 ns, Total: 493601 ns
[2023-07-18T19:28:49.320+0000][66][info ][safepoint   ] Safepoint "Cleanup", Time since last: 1389687238 ns, Reaching safepoint: 283632 ns, At safepoint: 41392 ns, Total: 325024 ns
[2023-07-18T19:28:50.406+0000][66][info ][safepoint   ] Safepoint "Cleanup", Time since last: 1085911062 ns, Reaching safepoint: 419955 ns, At safepoint: 89477 ns, Total: 509432 ns
[2023-07-18T19:28:52.409+0000][66][info ][safepoint   ] Safepoint "Cleanup", Time since last: 2002447527 ns, Reaching safepoint: 665789 ns, At safepoint: 32398 ns, Total: 698187 ns
[2023-07-18T19:28:54.139+0000][66][info ][safepoint   ] Safepoint "Cleanup", Time since last: 1729649292 ns, Reaching safepoint: 302366 ns, At safepoint: 46782 ns, Total: 349148 ns
[2023-07-18T19:28:55.834+0000][66][info ][safepoint   ] Safepoint "Cleanup", Time since last: 1694183978 ns, Reaching safepoint: 674361 ns, At safepoint: 11759 ns, Total: 686120 ns
[2023-07-18T19:28:57.837+0000][66][info ][safepoint   ] Safepoint "Cleanup", Time since last: 2002748721 ns, Reaching safepoint: 338623 ns, At safepoint: 5032 ns, Total: 343655 ns
[2023-07-18T19:28:59.842+0000][66][info ][safepoint   ] Safepoint "Cleanup", Time since last: 2003340318 ns, Reaching safepoint: 819488 ns, At safepoint: 23834 ns, Total: 843322 ns
[2023-07-18T19:29:01.162+0000][66][info ][safepoint   ] Safepoint "Cleanup", Time since last: 1319828631 ns, Reaching safepoint: 238998 ns, At safepoint: 57515 ns, Total: 296513 ns
[2023-07-18T19:29:02.255+0000][66][info ][safepoint   ] Safepoint "Cleanup", Time since last: 1092808517 ns, Reaching safepoint: 297194 ns, At safepoint: 6498 ns, Total: 303692 ns
[2023-07-18T19:29:03.258+0000][66][info ][safepoint   ] Safepoint "Cleanup", Time since last: 1002630747 ns, Reaching safepoint: 336779 ns, At safepoint: 10064 ns, Total: 346843 ns
[2023-07-18T19:29:06.159+0000][66][info ][safepoint   ] Safepoint "Cleanup", Time since last: 2901092700 ns, Reaching safepoint: 410393 ns, At safepoint: 43298 ns, Total: 453691 ns
[2023-07-18T19:29:07.692+0000][66][info ][safepoint   ] Safepoint "Cleanup", Time since last: 1531867387 ns, Reaching safepoint: 518492 ns, At safepoint: 16749 ns, Total: 535241 ns
[2023-07-18T19:29:11.991+0000][66][info ][safepoint   ] Safepoint "Cleanup", Time since last: 4298720899 ns, Reaching safepoint: 349305 ns, At safepoint: 76645 ns, Total: 425950 ns
[2023-07-18T19:29:13.033+0000][66][info ][safepoint   ] Safepoint "Cleanup", Time since last: 1040778543 ns, Reaching safepoint: 356577 ns, At safepoint: 65828 ns, Total: 422405 ns
[2023-07-18T19:29:14.379+0000][66][info ][safepoint   ] Safepoint "Cleanup", Time since last: 1345909188 ns, Reaching safepoint: 601936 ns, At safepoint: 23053 ns, Total: 624989 ns
[2023-07-18T19:29:15.383+0000][66][info ][safepoint   ] Safepoint "Cleanup", Time since last: 1002995310 ns, Reaching safepoint: 502266 ns, At safepoint: 28082 ns, Total: 530348 ns
[2023-07-18T19:29:16.386+0000][66][info ][safepoint   ] Safepoint "Cleanup", Time since last: 1002764199 ns, Reaching safepoint: 341918 ns, At safepoint: 14763 ns, Total: 356681 ns
[2023-07-18T19:29:17.389+0000][66][info ][safepoint   ] Safepoint "Cleanup", Time since last: 1002816079 ns, Reaching safepoint: 492575 ns, At safepoint: 22380 ns, Total: 514955 ns
[2023-07-18T19:29:18.630+0000][66][info ][safepoint   ] Safepoint "Cleanup", Time since last: 1240327758 ns, Reaching safepoint: 308562 ns, At safepoint: 136230 ns, Total: 444792 ns
[2023-07-18T19:29:19.730+0000][66][info ][safepoint   ] Safepoint "Cleanup", Time since last: 1099626188 ns, Reaching safepoint: 686821 ns, At safepoint: 14937 ns, Total: 701758 ns
[2023-07-18T19:29:20.733+0000][66][info ][safepoint   ] Safepoint "Cleanup", Time since last: 1002232415 ns, Reaching safepoint: 892686 ns, At safepoint: 14704 ns, Total: 907390 ns
[2023-07-18T19:29:22.736+0000][66][info ][safepoint   ] Safepoint "Cleanup", Time since last: 2002647537 ns, Reaching safepoint: 383042 ns, At safepoint: 68173 ns, Total: 451215 ns
[2023-07-18T19:29:23.944+0000][66][info ][safepoint   ] Safepoint "Cleanup", Time since last: 1207562565 ns, Reaching safepoint: 343097 ns, At safepoint: 65274 ns, Total: 408371 ns
[2023-07-18T19:29:25.031+0000][66][info ][safepoint   ] Safepoint "Cleanup", Time since last: 1086482661 ns, Reaching safepoint: 256236 ns, At safepoint: 78214 ns, Total: 334450 ns
[2023-07-18T19:29:26.129+0000][66][info ][safepoint   ] Safepoint "Cleanup", Time since last: 1097706533 ns, Reaching safepoint: 495490 ns, At safepoint: 21837 ns, Total: 517327 ns
[2023-07-18T19:29:27.132+0000][66][info ][safepoint   ] Safepoint "Cleanup", Time since last: 1002435510 ns, Reaching safepoint: 336891 ns, At safepoint: 6721 ns, Total: 343612 ns
[2023-07-18T19:29:28.136+0000][66][info ][safepoint   ] Safepoint "Cleanup", Time since last: 1002386142 ns, Reaching safepoint: 815465 ns, At safepoint: 47398 ns, Total: 862863 ns
[2023-07-18T19:29:29.813+0000][66][info ][safepoint   ] Safepoint "Cleanup", Time since last: 1677524727 ns, Reaching safepoint: 208333 ns, At safepoint: 60080 ns, Total: 268413 ns
[2023-07-18T19:29:31.551+0000][66][info ][safepoint   ] Safepoint "Cleanup", Time since last: 1737805189 ns, Reaching safepoint: 257806 ns, At safepoint: 16175 ns, Total: 273981 ns
[2023-07-18T19:29:33.254+0000][66][info ][safepoint   ] Safepoint "Cleanup", Time since last: 1702127144 ns, Reaching safepoint: 414935 ns, At safepoint: 20444 ns, Total: 435379 ns
[2023-07-18T19:29:35.946+0000][66][info ][safepoint   ] Safepoint "Cleanup", Time since last: 2692156690 ns, Reaching safepoint: 261487 ns, At safepoint: 46071 ns, Total: 307558 ns
[2023-07-18T19:29:37.258+0000][66][info ][safepoint   ] Safepoint "Cleanup", Time since last: 1311822029 ns, Reaching safepoint: 208296 ns, At safepoint: 51086 ns, Total: 259382 ns
[2023-07-18T19:29:38.510+0000][66][info ][safepoint   ] Safepoint "Cleanup", Time since last: 1251255162 ns, Reaching safepoint: 348045 ns, At safepoint: 14101 ns, Total: 362146 ns
[2023-07-18T19:29:42.139+0000][66][info ][safepoint   ] Safepoint "Cleanup", Time since last: 3628449067 ns, Reaching safepoint: 406466 ns, At safepoint: 83899 ns, Total: 490365 ns
[2023-07-18T19:29:43.834+0000][66][info ][safepoint   ] Safepoint "Cleanup", Time since last: 1693772640 ns, Reaching safepoint: 365513 ns, At safepoint: 17288 ns, Total: 382801 ns
[2023-07-18T19:29:44.837+0000][66][info ][safepoint   ] Safepoint "Cleanup", Time since last: 1002455936 ns, Reaching safepoint: 484513 ns, At safepoint: 12044 ns, Total: 496557 ns
[2023-07-18T19:29:45.840+0000][66][info ][safepoint   ] Safepoint "Cleanup", Time since last: 1002823598 ns, Reaching safepoint: 515596 ns, At safepoint: 17999 ns, Total: 533595 ns
[2023-07-18T19:29:47.843+0000][66][info ][safepoint   ] Safepoint "Cleanup", Time since last: 2002868568 ns, Reaching safepoint: 206060 ns, At safepoint: 18000 ns, Total: 224060 ns
[2023-07-18T19:29:49.133+0000][66][info ][safepoint   ] Safepoint "Cleanup", Time since last: 1289553179 ns, Reaching safepoint: 479403 ns, At safepoint: 26014 ns, Total: 505417 ns
[2023-07-18T19:29:50.230+0000][66][info ][safepoint   ] Safepoint "Cleanup", Time since last: 1096511554 ns, Reaching safepoint: 420768 ns, At safepoint: 17011 ns, Total: 437779 ns
[2023-07-18T19:29:53.235+0000][66][info ][safepoint   ] Safepoint "Cleanup", Time since last: 3004317443 ns, Reaching safepoint: 415689 ns, At safepoint: 22364 ns, Total: 438053 ns
[2023-07-18T19:29:54.534+0000][66][info ][safepoint   ] Safepoint "Cleanup", Time since last: 1298575645 ns, Reaching safepoint: 315217 ns, At safepoint: 49085 ns, Total: 364302 ns
[2023-07-18T19:29:57.637+0000][66][info ][safepoint   ] Safepoint "Cleanup", Time since last: 3102840830 ns, Reaching safepoint: 644643 ns, At safepoint: 17691 ns, Total: 662334 ns
[2023-07-18T19:29:59.950+0000][66][info ][safepoint   ] Safepoint "Cleanup", Time since last: 2312856590 ns, Reaching safepoint: 346221 ns, At safepoint: 42976 ns, Total: 389197 ns
[2023-07-18T19:30:00.989+0000][66][info ][safepoint   ] Safepoint "Cleanup", Time since last: 1038497382 ns, Reaching safepoint: 383566 ns, At safepoint: 49154 ns, Total: 432720 ns
[2023-07-18T19:30:02.216+0000][66][info ][safepoint   ] Safepoint "Cleanup", Time since last: 1226129477 ns, Reaching safepoint: 214899 ns, At safepoint: 52225 ns, Total: 267124 ns
[2023-07-18T19:30:03.232+0000][66][info ][safepoint   ] Safepoint "Cleanup", Time since last: 1016000265 ns, Reaching safepoint: 288892 ns, At safepoint: 6917 ns, Total: 295809 ns
[2023-07-18T19:30:05.236+0000][66][info ][safepoint   ] Safepoint "Cleanup", Time since last: 2002992002 ns, Reaching safepoint: 776818 ns, At safepoint: 24051 ns, Total: 800869 ns
[2023-07-18T19:30:06.461+0000][66][info ][safepoint   ] Safepoint "Cleanup", Time since last: 1224655399 ns, Reaching safepoint: 306280 ns, At safepoint: 70572 ns, Total: 376852 ns
[2023-07-18T19:30:07.555+0000][66][info ][safepoint   ] Safepoint "Cleanup", Time since last: 1093303441 ns, Reaching safepoint: 335103 ns, At safepoint: 7172 ns, Total: 342275 ns
[2023-07-18T19:30:09.559+0000][66][info ][safepoint   ] Safepoint "Cleanup", Time since last: 2003421470 ns, Reaching safepoint: 710528 ns, At safepoint: 9986 ns, Total: 720514 ns
[2023-07-18T19:30:10.562+0000][66][info ][safepoint   ] Safepoint "Cleanup", Time since last: 1002845033 ns, Reaching safepoint: 525250 ns, At safepoint: 10370 ns, Total: 535620 ns
[2023-07-18T19:30:11.945+0000][66][info ][safepoint   ] Safepoint "Cleanup", Time since last: 1383020453 ns, Reaching safepoint: 325746 ns, At safepoint: 56010 ns, Total: 381756 ns
[2023-07-18T19:30:13.944+0000][66][info ][safepoint   ] Safepoint "Cleanup", Time since last: 1997712172 ns, Reaching safepoint: 504477 ns, At safepoint: 14769 ns, Total: 519246 ns
[2023-07-18T19:30:14.947+0000][66][info ][safepoint   ] Safepoint "Cleanup", Time since last: 1002413034 ns, Reaching safepoint: 405194 ns, At safepoint: 6471 ns, Total: 411665 ns
[2023-07-18T19:30:17.937+0000][66][info ][safepoint   ] Safepoint "Cleanup", Time since last: 2989586289 ns, Reaching safepoint: 237928 ns, At safepoint: 19900 ns, Total: 257828 ns
[2023-07-18T19:30:19.151+0000][66][info ][safepoint   ] Safepoint "Cleanup", Time since last: 1214002874 ns, Reaching safepoint: 320007 ns, At safepoint: 5030 ns, Total: 325037 ns
[2023-07-18T19:30:20.348+0000][66][info ][safepoint   ] Safepoint "Cleanup", Time since last: 1196397558 ns, Reaching safepoint: 427670 ns, At safepoint: 19865 ns, Total: 447535 ns
[2023-07-18T19:30:21.350+0000][66][info ][safepoint   ] Safepoint "Cleanup", Time since last: 1002213740 ns, Reaching safepoint: 294058 ns, At safepoint: 5405 ns, Total: 299463 ns
[2023-07-18T19:30:24.673+0000][66][info ][safepoint   ] Safepoint "Cleanup", Time since last: 3322583077 ns, Reaching safepoint: 270671 ns, At safepoint: 60587 ns, Total: 331258 ns
[2023-07-18T19:30:27.784+0000][66][info ][safepoint   ] Safepoint "Cleanup", Time since last: 3110862511 ns, Reaching safepoint: 302868 ns, At safepoint: 18253 ns, Total: 321121 ns
[2023-07-18T19:30:29.787+0000][66][info ][safepoint   ] Safepoint "Cleanup", Time since last: 2002293190 ns, Reaching safepoint: 140080 ns, At safepoint: 13959 ns, Total: 154039 ns
[2023-07-18T19:30:31.133+0000][66][info ][safepoint   ] Safepoint "Cleanup", Time since last: 1345943465 ns, Reaching safepoint: 301182 ns, At safepoint: 62026 ns, Total: 363208 ns
[2023-07-18T19:30:32.387+0000][66][info ][safepoint   ] Safepoint "Cleanup", Time since last: 1253376878 ns, Reaching safepoint: 735690 ns, At safepoint: 27538 ns, Total: 763228 ns
[2023-07-18T19:30:33.391+0000][66][info ][safepoint   ] Safepoint "Cleanup", Time since last: 1003009338 ns, Reaching safepoint: 765416 ns, At safepoint: 45323 ns, Total: 810739 ns
[2023-07-18T19:30:35.927+0000][66][info ][safepoint   ] Safepoint "Cleanup", Time since last: 2535545275 ns, Reaching safepoint: 294764 ns, At safepoint: 46058 ns, Total: 340822 ns
[2023-07-18T19:30:37.702+0000][66][info ][safepoint   ] Safepoint "Cleanup", Time since last: 1774015579 ns, Reaching safepoint: 841379 ns, At safepoint: 105827 ns, Total: 947206 ns
[2023-07-18T19:30:38.706+0000][66][info ][safepoint   ] Safepoint "Cleanup", Time since last: 1003397173 ns, Reaching safepoint: 615103 ns, At safepoint: 11834 ns, Total: 626937 ns
[2023-07-18T19:30:39.709+0000][66][info ][safepoint   ] Safepoint "Cleanup", Time since last: 1002684301 ns, Reaching safepoint: 303915 ns, At safepoint: 5556 ns, Total: 309471 ns
[2023-07-18T19:30:41.170+0000][66][info ][safepoint   ] Safepoint "Cleanup", Time since last: 1460205159 ns, Reaching safepoint: 542404 ns, At safepoint: 66577 ns, Total: 608981 ns
[2023-07-18T19:30:41.310+0000][66][info ][safepoint   ] Safepoint "ICBufferFull", Time since last: 138744501 ns, Reaching safepoint: 908999 ns, At safepoint: 242880 ns, Total: 1151879 ns
[2023-07-18T19:30:41.687+0000][66][info ][safepoint   ] Safepoint "ICBufferFull", Time since last: 372834087 ns, Reaching safepoint: 4452236 ns, At safepoint: 49341 ns, Total: 4501577 ns
[2023-07-18T19:30:42.717+0000][66][info ][safepoint   ] Safepoint "Cleanup", Time since last: 1029096572 ns, Reaching safepoint: 262532 ns, At safepoint: 326394 ns, Total: 588926 ns
[2023-07-18T19:30:43.782+0000][66][info ][safepoint   ] Safepoint "Cleanup", Time since last: 1064383107 ns, Reaching safepoint: 180682 ns, At safepoint: 13800 ns, Total: 194482 ns
[2023-07-18T19:30:45.217+0000][66][info ][safepoint   ] Safepoint "Cleanup", Time since last: 1435121227 ns, Reaching safepoint: 333078 ns, At safepoint: 46737 ns, Total: 379815 ns
[2023-07-18T19:30:46.418+0000][66][info ][safepoint   ] Safepoint "Cleanup", Time since last: 1200415885 ns, Reaching safepoint: 569231 ns, At safepoint: 16637 ns, Total: 585868 ns
[2023-07-18T19:30:47.422+0000][66][info ][safepoint   ] Safepoint "Cleanup", Time since last: 1003015200 ns, Reaching safepoint: 701482 ns, At safepoint: 41241 ns, Total: 742723 ns
[2023-07-18T19:30:48.844+0000][66][info ][safepoint   ] Safepoint "Cleanup", Time since last: 1422207891 ns, Reaching safepoint: 250456 ns, At safepoint: 45087 ns, Total: 295543 ns
[2023-07-18T19:30:49.978+0000][66][info ][safepoint   ] Safepoint "Cleanup", Time since last: 1133192492 ns, Reaching safepoint: 367850 ns, At safepoint: 7006 ns, Total: 374856 ns
[2023-07-18T19:30:50.998+0000][66][info ][safepoint   ] Safepoint "Cleanup", Time since last: 1019906328 ns, Reaching safepoint: 176975 ns, At safepoint: 42711 ns, Total: 219686 ns
[2023-07-18T19:30:52.181+0000][66][info ][safepoint   ] Safepoint "Cleanup", Time since last: 1182487589 ns, Reaching safepoint: 424350 ns, At safepoint: 71691 ns, Total: 496041 ns
[2023-07-18T19:30:53.615+0000][66][info ][safepoint   ] Safepoint "Cleanup", Time since last: 1433587524 ns, Reaching safepoint: 356783 ns, At safepoint: 17001 ns, Total: 373784 ns
[2023-07-18T19:30:54.864+0000][66][info ][safepoint   ] Safepoint "Cleanup", Time since last: 1249097941 ns, Reaching safepoint: 160751 ns, At safepoint: 55280 ns, Total: 216031 ns
[2023-07-18T19:30:56.832+0000][66][info ][safepoint   ] Safepoint "Cleanup", Time since last: 1967537581 ns, Reaching safepoint: 475557 ns, At safepoint: 26938 ns, Total: 502495 ns
[2023-07-18T19:30:59.836+0000][66][info ][safepoint   ] Safepoint "Cleanup", Time since last: 3003225657 ns, Reaching safepoint: 324543 ns, At safepoint: 19635 ns, Total: 344178 ns
[2023-07-18T19:31:01.187+0000][66][info ][safepoint   ] Safepoint "Cleanup", Time since last: 1350943150 ns, Reaching safepoint: 516947 ns, At safepoint: 11013 ns, Total: 527960 ns
[2023-07-18T19:31:02.379+0000][66][info ][safepoint   ] Safepoint "Cleanup", Time since last: 1191615136 ns, Reaching safepoint: 289647 ns, At safepoint: 6328 ns, Total: 295975 ns
[2023-07-18T19:31:05.966+0000][66][info ][safepoint   ] Safepoint "Cleanup", Time since last: 3586869429 ns, Reaching safepoint: 147507 ns, At safepoint: 4638 ns, Total: 152145 ns
[2023-07-18T19:31:07.867+0000][66][info ][safepoint   ] Safepoint "Cleanup", Time since last: 1900535572 ns, Reaching safepoint: 368379 ns, At safepoint: 12639 ns, Total: 381018 ns
[2023-07-18T19:31:08.869+0000][66][info ][safepoint   ] Safepoint "Cleanup", Time since last: 1001950728 ns, Reaching safepoint: 172442 ns, At safepoint: 57972 ns, Total: 230414 ns
[2023-07-18T19:31:13.193+0000][66][info ][safepoint   ] Safepoint "Cleanup", Time since last: 4323372415 ns, Reaching safepoint: 421701 ns, At safepoint: 22726 ns, Total: 444427 ns
[2023-07-18T19:31:14.394+0000][66][info ][safepoint   ] Safepoint "Cleanup", Time since last: 1199988772 ns, Reaching safepoint: 339497 ns, At safepoint: 6370 ns, Total: 345867 ns
[2023-07-18T19:31:15.396+0000][66][info ][safepoint   ] Safepoint "Cleanup", Time since last: 1002243273 ns, Reaching safepoint: 266258 ns, At safepoint: 4082 ns, Total: 270340 ns
[2023-07-18T19:31:17.952+0000][66][info ][safepoint   ] Safepoint "Cleanup", Time since last: 2554947778 ns, Reaching safepoint: 323336 ns, At safepoint: 55957 ns, Total: 379293 ns
[2023-07-18T19:31:18.972+0000][66][info ][safepoint   ] Safepoint "Cleanup", Time since last: 1020543737 ns, Reaching safepoint: 232226 ns, At safepoint: 62418 ns, Total: 294644 ns
[2023-07-18T19:31:20.986+0000][66][info ][safepoint   ] Safepoint "Cleanup", Time since last: 2011934276 ns, Reaching safepoint: 1990640 ns, At safepoint: 23374 ns, Total: 2014014 ns
[2023-07-18T19:31:22.990+0000][66][info ][safepoint   ] Safepoint "Cleanup", Time since last: 2002943157 ns, Reaching safepoint: 562946 ns, At safepoint: 102926 ns, Total: 665872 ns
[2023-07-18T19:31:25.220+0000][66][info ][safepoint   ] Safepoint "Cleanup", Time since last: 2230218704 ns, Reaching safepoint: 181746 ns, At safepoint: 40520 ns, Total: 222266 ns
[2023-07-18T19:31:27.314+0000][66][info ][safepoint   ] Safepoint "Cleanup", Time since last: 2093694981 ns, Reaching safepoint: 232969 ns, At safepoint: 43060 ns, Total: 276029 ns
[2023-07-18T19:31:30.024+0000][66][info ][safepoint   ] Safepoint "Cleanup", Time since last: 2709105971 ns, Reaching safepoint: 130828 ns, At safepoint: 5085 ns, Total: 135913 ns
[2023-07-18T19:31:31.040+0000][66][info ][safepoint   ] Safepoint "Cleanup", Time since last: 1016214362 ns, Reaching safepoint: 310604 ns, At safepoint: 42599 ns, Total: 353203 ns
[2023-07-18T19:31:32.042+0000][66][info ][safepoint   ] Safepoint "Cleanup", Time since last: 1001808387 ns, Reaching safepoint: 417186 ns, At safepoint: 22564 ns, Total: 439750 ns
[2023-07-18T19:31:33.046+0000][66][info ][safepoint   ] Safepoint "Cleanup", Time since last: 1002630291 ns, Reaching safepoint: 596900 ns, At safepoint: 30864 ns, Total: 627764 ns
[2023-07-18T19:31:35.050+0000][66][info ][safepoint   ] Safepoint "Cleanup", Time since last: 2003392951 ns, Reaching safepoint: 756526 ns, At safepoint: 119209 ns, Total: 875735 ns
[2023-07-18T19:31:36.055+0000][66][info ][safepoint   ] Safepoint "Cleanup", Time since last: 1004190189 ns, Reaching safepoint: 283776 ns, At safepoint: 70685 ns, Total: 354461 ns
[2023-07-18T19:31:37.057+0000][66][info ][safepoint   ] Safepoint "Cleanup", Time since last: 1002663254 ns, Reaching safepoint: 108877 ns, At safepoint: 53215 ns, Total: 162092 ns
[2023-07-18T19:31:38.093+0000][66][info ][safepoint   ] Safepoint "Cleanup", Time since last: 1035484183 ns, Reaching safepoint: 447409 ns, At safepoint: 23786 ns, Total: 471195 ns
[2023-07-18T19:31:39.096+0000][66][info ][safepoint   ] Safepoint "Cleanup", Time since last: 1002144887 ns, Reaching safepoint: 466124 ns, At safepoint: 17721 ns, Total: 483845 ns
[2023-07-18T19:31:41.958+0000][66][info ][safepoint   ] Safepoint "Cleanup", Time since last: 2861397888 ns, Reaching safepoint: 269862 ns, At safepoint: 59710 ns, Total: 329572 ns
[2023-07-18T19:31:43.299+0000][66][info ][safepoint   ] Safepoint "Cleanup", Time since last: 1340232571 ns, Reaching safepoint: 258044 ns, At safepoint: 15954 ns, Total: 273998 ns
[2023-07-18T19:31:44.650+0000][66][info ][safepoint   ] Safepoint "Cleanup", Time since last: 1351124192 ns, Reaching safepoint: 362770 ns, At safepoint: 77335 ns, Total: 440105 ns
[2023-07-18T19:31:45.662+0000][66][info ][safepoint   ] Safepoint "Cleanup", Time since last: 1011534621 ns, Reaching safepoint: 320275 ns, At safepoint: 7182 ns, Total: 327457 ns
[2023-07-18T19:31:46.667+0000][66][info ][safepoint   ] Safepoint "Cleanup", Time since last: 1003504497 ns, Reaching safepoint: 1039028 ns, At safepoint: 19674 ns, Total: 1058702 ns
[2023-07-18T19:31:47.669+0000][66][info ][safepoint   ] Safepoint "Cleanup", Time since last: 1001608812 ns, Reaching safepoint: 636521 ns, At safepoint: 9961 ns, Total: 646482 ns
[2023-07-18T19:31:48.925+0000][66][info ][safepoint   ] Safepoint "Cleanup", Time since last: 1256153490 ns, Reaching safepoint: 60900 ns, At safepoint: 3323 ns, Total: 64223 ns
[2023-07-18T19:31:51.022+0000][66][info ][safepoint   ] Safepoint "Cleanup", Time since last: 2096540251 ns, Reaching safepoint: 512823 ns, At safepoint: 9522 ns, Total: 522345 ns
[2023-07-18T19:31:53.026+0000][66][info ][safepoint   ] Safepoint "Cleanup", Time since last: 2003143097 ns, Reaching safepoint: 383338 ns, At safepoint: 6023 ns, Total: 389361 ns
[2023-07-18T19:31:54.032+0000][66][info ][safepoint   ] Safepoint "Cleanup", Time since last: 1006105991 ns, Reaching safepoint: 220636 ns, At safepoint: 55710 ns, Total: 276346 ns
[2023-07-18T19:31:55.190+0000][66][info ][safepoint   ] Safepoint "Cleanup", Time since last: 1158007481 ns, Reaching safepoint: 348465 ns, At safepoint: 19831 ns, Total: 368296 ns
[2023-07-18T19:31:56.483+0000][66][info ][safepoint   ] Safepoint "Cleanup", Time since last: 1292409511 ns, Reaching safepoint: 416613 ns, At safepoint: 13363 ns, Total: 429976 ns
[2023-07-18T19:31:57.486+0000][66][info ][safepoint   ] Safepoint "Cleanup", Time since last: 1002077949 ns, Reaching safepoint: 329650 ns, At safepoint: 5532 ns, Total: 335182 ns
[2023-07-18T19:32:00.000+0000][66][info ][safepoint   ] Safepoint "Cleanup", Time since last: 2514418933 ns, Reaching safepoint: 120621 ns, At safepoint: 16440 ns, Total: 137061 ns
[2023-07-18T19:32:01.910+0000][66][info ][safepoint   ] Safepoint "Cleanup", Time since last: 1909069648 ns, Reaching safepoint: 431455 ns, At safepoint: 7295 ns, Total: 438750 ns
[2023-07-18T19:32:02.929+0000][66][info ][safepoint   ] Safepoint "Cleanup", Time since last: 1018532718 ns, Reaching safepoint: 319005 ns, At safepoint: 5281 ns, Total: 324286 ns
[2023-07-18T19:32:04.932+0000][66][info ][safepoint   ] Safepoint "Cleanup", Time since last: 2002776474 ns, Reaching safepoint: 275997 ns, At safepoint: 5489 ns, Total: 281486 ns
[2023-07-18T19:32:07.169+0000][66][info ][safepoint   ] Safepoint "Cleanup", Time since last: 2237177698 ns, Reaching safepoint: 385539 ns, At safepoint: 18713 ns, Total: 404252 ns
[2023-07-18T19:32:08.370+0000][66][info ][safepoint   ] Safepoint "Cleanup", Time since last: 1199858205 ns, Reaching safepoint: 611452 ns, At safepoint: 26877 ns, Total: 638329 ns
[2023-07-18T19:32:11.960+0000][66][info ][safepoint   ] Safepoint "Cleanup", Time since last: 3590253521 ns, Reaching safepoint: 47064 ns, At safepoint: 4149 ns, Total: 51213 ns
[2023-07-18T19:32:12.997+0000][66][info ][safepoint   ] Safepoint "Cleanup", Time since last: 1036360472 ns, Reaching safepoint: 304288 ns, At safepoint: 58990 ns, Total: 363278 ns
[2023-07-18T19:32:15.008+0000][66][info ][safepoint   ] Safepoint "Cleanup", Time since last: 2010364275 ns, Reaching safepoint: 668650 ns, At safepoint: 21846 ns, Total: 690496 ns
[2023-07-18T19:32:17.961+0000][66][info ][safepoint   ] Safepoint "Cleanup", Time since last: 2952256820 ns, Reaching safepoint: 334411 ns, At safepoint: 10969 ns, Total: 345380 ns
[2023-07-18T19:32:19.169+0000][66][info ][safepoint   ] Safepoint "Cleanup", Time since last: 1207543452 ns, Reaching safepoint: 213417 ns, At safepoint: 56605 ns, Total: 270022 ns
[2023-07-18T19:32:20.349+0000][66][info ][safepoint   ] Safepoint "Cleanup", Time since last: 1179827080 ns, Reaching safepoint: 659071 ns, At safepoint: 7669 ns, Total: 666740 ns
[2023-07-18T19:32:22.352+0000][66][info ][safepoint   ] Safepoint "Cleanup", Time since last: 2002843695 ns, Reaching safepoint: 297904 ns, At safepoint: 6411 ns, Total: 304315 ns
[2023-07-18T19:32:23.946+0000][66][info ][safepoint   ] Safepoint "Cleanup", Time since last: 1593632158 ns, Reaching safepoint: 276045 ns, At safepoint: 6582 ns, Total: 282627 ns
[2023-07-18T19:32:25.746+0000][66][info ][safepoint   ] Safepoint "Cleanup", Time since last: 1799647788 ns, Reaching safepoint: 577146 ns, At safepoint: 27851 ns, Total: 604997 ns
[2023-07-18T19:32:27.751+0000][66][info ][safepoint   ] Safepoint "Cleanup", Time since last: 2003977100 ns, Reaching safepoint: 347347 ns, At safepoint: 7245 ns, Total: 354592 ns
[2023-07-18T19:32:30.111+0000][66][info ][safepoint   ] Safepoint "Cleanup", Time since last: 2360402977 ns, Reaching safepoint: 148386 ns, At safepoint: 6058 ns, Total: 154444 ns
[2023-07-18T19:32:32.238+0000][66][info ][safepoint   ] Safepoint "Cleanup", Time since last: 2126003233 ns, Reaching safepoint: 708753 ns, At safepoint: 55178 ns, Total: 763931 ns
[2023-07-18T19:32:35.962+0000][66][info ][safepoint   ] Safepoint "Cleanup", Time since last: 3723684203 ns, Reaching safepoint: 281490 ns, At safepoint: 72078 ns, Total: 353568 ns
[2023-07-18T19:32:37.058+0000][66][info ][safepoint   ] Safepoint "Cleanup", Time since last: 1096062470 ns, Reaching safepoint: 109162 ns, At safepoint: 45039 ns, Total: 154201 ns
[2023-07-18T19:32:38.931+0000][66][info ][safepoint   ] Safepoint "Cleanup", Time since last: 1871856698 ns, Reaching safepoint: 427094 ns, At safepoint: 23614 ns, Total: 450708 ns
[2023-07-18T19:32:41.934+0000][66][info ][safepoint   ] Safepoint "Cleanup", Time since last: 3003086827 ns, Reaching safepoint: 113682 ns, At safepoint: 3535 ns, Total: 117217 ns
[2023-07-18T19:32:43.047+0000][66][info ][safepoint   ] Safepoint "Cleanup", Time since last: 1112550811 ns, Reaching safepoint: 144252 ns, At safepoint: 3391 ns, Total: 147643 ns
[2023-07-18T19:32:45.253+0000][66][info ][safepoint   ] Safepoint "Cleanup", Time since last: 2206209956 ns, Reaching safepoint: 325870 ns, At safepoint: 17517 ns, Total: 343387 ns
[2023-07-18T19:32:48.000+0000][66][info ][safepoint   ] Safepoint "Cleanup", Time since last: 2746025498 ns, Reaching safepoint: 664964 ns, At safepoint: 21074 ns, Total: 686038 ns
[2023-07-18T19:32:49.722+0000][66][info ][safepoint   ] Safepoint "Cleanup", Time since last: 1721690899 ns, Reaching safepoint: 156865 ns, At safepoint: 4590 ns, Total: 161455 ns
[2023-07-18T19:32:50.622+0000][66][info ][gc,start    ] GC(14) Pause Young (Normal) (G1 Evacuation Pause)
[2023-07-18T19:32:50.623+0000][66][info ][gc,task     ] GC(14) Using 6 workers of 6 for evacuation
[2023-07-18T19:32:50.625+0000][66][debug][gc,age      ] GC(14) Desired survivor size 71303168 bytes, new threshold 15 (max threshold 15)
[2023-07-18T19:32:50.678+0000][66][info ][gc,phases   ] GC(14)   Pre Evacuate Collection Set: 1.0ms
[2023-07-18T19:32:50.681+0000][66][info ][gc,phases   ] GC(14)   Merge Heap Roots: 0.3ms
[2023-07-18T19:32:50.682+0000][66][info ][gc,phases   ] GC(14)   Evacuate Collection Set: 43.6ms
[2023-07-18T19:32:50.683+0000][66][info ][gc,phases   ] GC(14)   Post Evacuate Collection Set: 6.7ms
[2023-07-18T19:32:50.685+0000][66][info ][gc,phases   ] GC(14)   Other: 3.3ms
[2023-07-18T19:32:50.687+0000][66][trace][gc,age      ] GC(14) Age table with threshold 15 (max threshold 15)
[2023-07-18T19:32:50.688+0000][66][trace][gc,age      ] GC(14) - age   1:    3655384 bytes,    3655384 total
[2023-07-18T19:32:50.689+0000][66][trace][gc,age      ] GC(14) - age   2:    3981168 bytes,    7636552 total
[2023-07-18T19:32:50.691+0000][66][trace][gc,age      ] GC(14) - age   3:   31481608 bytes,   39118160 total
[2023-07-18T19:32:50.692+0000][66][trace][gc,age      ] GC(14) - age   4:    4029624 bytes,   43147784 total
[2023-07-18T19:32:50.693+0000][66][info ][gc,heap     ] GC(14) Eden regions: 254->0(577)
[2023-07-18T19:32:50.695+0000][66][info ][gc,heap     ] GC(14) Survivor regions: 15->12(34)
[2023-07-18T19:32:50.697+0000][66][info ][gc,heap     ] GC(14) Old regions: 17->17
[2023-07-18T19:32:50.698+0000][66][info ][gc,heap     ] GC(14) Archive regions: 2->2
[2023-07-18T19:32:50.699+0000][66][info ][gc,heap     ] GC(14) Humongous regions: 0->0
[2023-07-18T19:32:50.701+0000][66][info ][gc,metaspace] GC(14) Metaspace: 136588K(139968K)->136588K(139968K) NonClass: 118772K(120512K)->118772K(120512K) Class: 17815K(19456K)->17815K(19456K)
[2023-07-18T19:32:50.702+0000][66][info ][gc          ] GC(14) Pause Young (Normal) (G1 Evacuation Pause) 1142M->116M(3932M) 80.280ms
[2023-07-18T19:32:50.703+0000][66][info ][gc,cpu      ] GC(14) User=0.12s Sys=0.00s Real=0.08s
[2023-07-18T19:32:50.705+0000][66][info ][safepoint   ] Safepoint "G1CollectForAllocation", Time since last: 899771997 ns, Reaching safepoint: 110559 ns, At safepoint: 83108787 ns, Total: 83219346 ns
[2023-07-18T19:32:51.707+0000][66][info ][safepoint   ] Safepoint "Cleanup", Time since last: 1001616435 ns, Reaching safepoint: 149525 ns, At safepoint: 4320 ns, Total: 153845 ns
[2023-07-18T19:32:54.035+0000][66][info ][safepoint   ] Safepoint "Cleanup", Time since last: 2328585584 ns, Reaching safepoint: 105681 ns, At safepoint: 17261 ns, Total: 122942 ns
[2023-07-18T19:32:55.150+0000][66][info ][safepoint   ] Safepoint "Cleanup", Time since last: 1114305544 ns, Reaching safepoint: 94870 ns, At safepoint: 5299 ns, Total: 100169 ns
[2023-07-18T19:33:00.082+0000][66][info ][safepoint   ] Safepoint "Cleanup", Time since last: 4931517042 ns, Reaching safepoint: 209679 ns, At safepoint: 22325 ns, Total: 232004 ns
[2023-07-18T19:33:01.554+0000][66][info ][safepoint   ] Safepoint "Cleanup", Time since last: 1472558080 ns, Reaching safepoint: 62719 ns, At safepoint: 2606 ns, Total: 65325 ns
[2023-07-18T19:33:03.406+0000][66][info ][safepoint   ] Safepoint "Cleanup", Time since last: 1852000898 ns, Reaching safepoint: 120060 ns, At safepoint: 4612 ns, Total: 124672 ns
[2023-07-18T19:33:05.408+0000][66][info ][safepoint   ] Safepoint "Cleanup", Time since last: 2001769483 ns, Reaching safepoint: 161023 ns, At safepoint: 17961 ns, Total: 178984 ns
[2023-07-18T19:33:06.653+0000][66][info ][safepoint   ] Safepoint "Cleanup", Time since last: 1244831584 ns, Reaching safepoint: 101791 ns, At safepoint: 5683 ns, Total: 107474 ns
[2023-07-18T19:33:09.782+0000][66][info ][safepoint   ] Safepoint "Cleanup", Time since last: 3127388092 ns, Reaching safepoint: 957662 ns, At safepoint: 98414 ns, Total: 1056076 ns
[2023-07-18T19:33:10.783+0000][66][info ][safepoint   ] Safepoint "Cleanup", Time since last: 1001535571 ns, Reaching safepoint: 121916 ns, At safepoint: 6037 ns, Total: 127953 ns
[2023-07-18T19:33:12.004+0000][66][info ][safepoint   ] Safepoint "Cleanup", Time since last: 1220802367 ns, Reaching safepoint: 139714 ns, At safepoint: 70740 ns, Total: 210454 ns
[2023-07-18T19:33:13.107+0000][66][info ][safepoint   ] Safepoint "Cleanup", Time since last: 1101830640 ns, Reaching safepoint: 124396 ns, At safepoint: 6820 ns, Total: 131216 ns
[2023-07-18T19:33:15.234+0000][66][info ][safepoint   ] Safepoint "Cleanup", Time since last: 2126955050 ns, Reaching safepoint: 145179 ns, At safepoint: 4607 ns, Total: 149786 ns
[2023-07-18T19:33:16.236+0000][66][info ][safepoint   ] Safepoint "Cleanup", Time since last: 1002007084 ns, Reaching safepoint: 156330 ns, At safepoint: 16820 ns, Total: 173150 ns
[2023-07-18T19:33:17.238+0000][66][info ][safepoint   ] Safepoint "Cleanup", Time since last: 1002195284 ns, Reaching safepoint: 120931 ns, At safepoint: 4237 ns, Total: 125168 ns
[2023-07-18T19:33:18.578+0000][66][info ][safepoint   ] Safepoint "Cleanup", Time since last: 1339312863 ns, Reaching safepoint: 257005 ns, At safepoint: 59791 ns, Total: 316796 ns
[2023-07-18T19:33:19.705+0000][66][info ][safepoint   ] Safepoint "Cleanup", Time since last: 1126562719 ns, Reaching safepoint: 151169 ns, At safepoint: 12737 ns, Total: 163906 ns
[2023-07-18T19:33:20.707+0000][66][info ][safepoint   ] Safepoint "Cleanup", Time since last: 1001892284 ns, Reaching safepoint: 173287 ns, At safepoint: 4763 ns, Total: 178050 ns
[2023-07-18T19:33:23.970+0000][66][info ][safepoint   ] Safepoint "Cleanup", Time since last: 3263633206 ns, Reaching safepoint: 167867 ns, At safepoint: 43939 ns, Total: 211806 ns
[2023-07-18T19:33:30.102+0000][66][info ][safepoint   ] Safepoint "Cleanup", Time since last: 6131832559 ns, Reaching safepoint: 125392 ns, At safepoint: 11579 ns, Total: 136971 ns
[2023-07-18T19:33:31.421+0000][66][info ][safepoint   ] Safepoint "Cleanup", Time since last: 1317719894 ns, Reaching safepoint: 431644 ns, At safepoint: 61464 ns, Total: 493108 ns
[2023-07-18T19:33:32.860+0000][66][info ][safepoint   ] Safepoint "Cleanup", Time since last: 1438740123 ns, Reaching safepoint: 334529 ns, At safepoint: 19001 ns, Total: 353530 ns
[2023-07-18T19:33:35.863+0000][66][info ][safepoint   ] Safepoint "Cleanup", Time since last: 3002926374 ns, Reaching safepoint: 210482 ns, At safepoint: 16108 ns, Total: 226590 ns
[2023-07-18T19:33:37.123+0000][66][info ][safepoint   ] Safepoint "Cleanup", Time since last: 1260176955 ns, Reaching safepoint: 317112 ns, At safepoint: 42788 ns, Total: 359900 ns
[2023-07-18T19:33:41.971+0000][66][info ][safepoint   ] Safepoint "Cleanup", Time since last: 4847808856 ns, Reaching safepoint: 176664 ns, At safepoint: 46127 ns, Total: 222791 ns
[2023-07-18T19:33:43.692+0000][66][info ][safepoint   ] Safepoint "Cleanup", Time since last: 1719967806 ns, Reaching safepoint: 455580 ns, At safepoint: 18163 ns, Total: 473743 ns
[2023-07-18T19:33:44.695+0000][66][info ][safepoint   ] Safepoint "Cleanup", Time since last: 1002601975 ns, Reaching safepoint: 280369 ns, At safepoint: 43912 ns, Total: 324281 ns
[2023-07-18T19:33:45.698+0000][66][info ][safepoint   ] Safepoint "Cleanup", Time since last: 1002326051 ns, Reaching safepoint: 346953 ns, At safepoint: 5131 ns, Total: 352084 ns
[2023-07-18T19:33:47.980+0000][66][info ][safepoint   ] Safepoint "Cleanup", Time since last: 2282094641 ns, Reaching safepoint: 61537 ns, At safepoint: 47538 ns, Total: 109075 ns
[2023-07-18T19:33:49.011+0000][66][info ][safepoint   ] Safepoint "Cleanup", Time since last: 1030481196 ns, Reaching safepoint: 91764 ns, At safepoint: 100934 ns, Total: 192698 ns
[2023-07-18T19:33:50.111+0000][66][info ][safepoint   ] Safepoint "Cleanup", Time since last: 1100274572 ns, Reaching safepoint: 380917 ns, At safepoint: 67950 ns, Total: 448867 ns
[2023-07-18T19:33:51.114+0000][66][info ][safepoint   ] Safepoint "Cleanup", Time since last: 1002486287 ns, Reaching safepoint: 227844 ns, At safepoint: 5392 ns, Total: 233236 ns
[2023-07-18T19:33:54.789+0000][66][info ][safepoint   ] Safepoint "Cleanup", Time since last: 3674178984 ns, Reaching safepoint: 602362 ns, At safepoint: 34450 ns, Total: 636812 ns
[2023-07-18T19:33:55.829+0000][66][info ][safepoint   ] Safepoint "Cleanup", Time since last: 1040093481 ns, Reaching safepoint: 304338 ns, At safepoint: 41933 ns, Total: 346271 ns
[2023-07-18T19:33:59.992+0000][66][info ][safepoint   ] Safepoint "Cleanup", Time since last: 4162706540 ns, Reaching safepoint: 165309 ns, At safepoint: 8454 ns, Total: 173763 ns
[2023-07-18T19:34:01.088+0000][66][info ][safepoint   ] Safepoint "Cleanup", Time since last: 1095250834 ns, Reaching safepoint: 240007 ns, At safepoint: 10154 ns, Total: 250161 ns
[2023-07-18T19:34:02.368+0000][66][info ][safepoint   ] Safepoint "Cleanup", Time since last: 1280363924 ns, Reaching safepoint: 178662 ns, At safepoint: 211831 ns, Total: 390493 ns
[2023-07-18T19:34:03.371+0000][66][info ][safepoint   ] Safepoint "Cleanup", Time since last: 1001744762 ns, Reaching safepoint: 612434 ns, At safepoint: 10330 ns, Total: 622764 ns
[2023-07-18T19:34:05.984+0000][66][info ][safepoint   ] Safepoint "Cleanup", Time since last: 2613008341 ns, Reaching safepoint: 471702 ns, At safepoint: 55404 ns, Total: 527106 ns
[2023-07-18T19:34:07.784+0000][66][info ][safepoint   ] Safepoint "Cleanup", Time since last: 1799253480 ns, Reaching safepoint: 437924 ns, At safepoint: 15104 ns, Total: 453028 ns
[2023-07-18T19:34:10.789+0000][66][info ][safepoint   ] Safepoint "Cleanup", Time since last: 3004421721 ns, Reaching safepoint: 605173 ns, At safepoint: 19195 ns, Total: 624368 ns
[2023-07-18T19:34:13.094+0000][66][info ][safepoint   ] Safepoint "Cleanup", Time since last: 2304879459 ns, Reaching safepoint: 124314 ns, At safepoint: 62393 ns, Total: 186707 ns
[2023-07-18T19:34:14.201+0000][66][info ][safepoint   ] Safepoint "Cleanup", Time since last: 1106532390 ns, Reaching safepoint: 373079 ns, At safepoint: 18398 ns, Total: 391477 ns
[2023-07-18T19:34:15.204+0000][66][info ][safepoint   ] Safepoint "Cleanup", Time since last: 1001899592 ns, Reaching safepoint: 959562 ns, At safepoint: 168904 ns, Total: 1128466 ns
[2023-07-18T19:34:17.971+0000][66][info ][safepoint   ] Safepoint "Cleanup", Time since last: 2766176283 ns, Reaching safepoint: 428234 ns, At safepoint: 60851 ns, Total: 489085 ns
[2023-07-18T19:34:19.008+0000][66][info ][safepoint   ] Safepoint "Cleanup", Time since last: 1036520287 ns, Reaching safepoint: 356733 ns, At safepoint: 54841 ns, Total: 411574 ns
[2023-07-18T19:34:20.785+0000][66][info ][safepoint   ] Safepoint "Cleanup", Time since last: 1776260155 ns, Reaching safepoint: 232517 ns, At safepoint: 4917 ns, Total: 237434 ns
[2023-07-18T19:34:21.787+0000][66][info ][safepoint   ] Safepoint "Cleanup", Time since last: 1002409535 ns, Reaching safepoint: 452739 ns, At safepoint: 9804 ns, Total: 462543 ns
[2023-07-18T19:34:22.792+0000][66][info ][safepoint   ] Safepoint "Cleanup", Time since last: 1004214872 ns, Reaching safepoint: 492798 ns, At safepoint: 6106 ns, Total: 498904 ns
[2023-07-18T19:34:23.987+0000][66][info ][safepoint   ] Safepoint "Cleanup", Time since last: 1195063226 ns, Reaching safepoint: 244476 ns, At safepoint: 9070 ns, Total: 253546 ns
[2023-07-18T19:34:26.126+0000][66][info ][safepoint   ] Safepoint "Cleanup", Time since last: 2138353945 ns, Reaching safepoint: 526865 ns, At safepoint: 8195 ns, Total: 535060 ns
[2023-07-18T19:34:27.129+0000][66][info ][safepoint   ] Safepoint "Cleanup", Time since last: 1002600790 ns, Reaching safepoint: 318518 ns, At safepoint: 46791 ns, Total: 365309 ns
[2023-07-18T19:34:29.985+0000][66][info ][safepoint   ] Safepoint "Cleanup", Time since last: 2855525382 ns, Reaching safepoint: 202862 ns, At safepoint: 106236 ns, Total: 309098 ns
[2023-07-18T19:34:31.573+0000][66][info ][safepoint   ] Safepoint "Cleanup", Time since last: 1586886679 ns, Reaching safepoint: 750579 ns, At safepoint: 201674 ns, Total: 952253 ns
[2023-07-18T19:34:34.930+0000][66][info ][safepoint   ] Safepoint "Cleanup", Time since last: 3356389047 ns, Reaching safepoint: 425797 ns, At safepoint: 16285 ns, Total: 442082 ns
[2023-07-18T19:34:35.985+0000][66][info ][safepoint   ] Safepoint "Cleanup", Time since last: 1055014872 ns, Reaching safepoint: 376988 ns, At safepoint: 73027 ns, Total: 450015 ns
[2023-07-18T19:34:42.013+0000][66][info ][safepoint   ] Safepoint "Cleanup", Time since last: 6027725790 ns, Reaching safepoint: 347847 ns, At safepoint: 84490 ns, Total: 432337 ns
[2023-07-18T19:34:43.073+0000][66][info ][safepoint   ] Safepoint "Cleanup", Time since last: 1059236722 ns, Reaching safepoint: 533827 ns, At safepoint: 55847 ns, Total: 589674 ns
[2023-07-18T19:34:44.949+0000][66][info ][safepoint   ] Safepoint "Cleanup", Time since last: 1875410340 ns, Reaching safepoint: 402370 ns, At safepoint: 13903 ns, Total: 416273 ns
[2023-07-18T19:34:45.952+0000][66][info ][safepoint   ] Safepoint "Cleanup", Time since last: 1001905499 ns, Reaching safepoint: 362344 ns, At safepoint: 6070 ns, Total: 368414 ns
[2023-07-18T19:34:47.954+0000][66][info ][safepoint   ] Safepoint "Cleanup", Time since last: 2002609625 ns, Reaching safepoint: 173026 ns, At safepoint: 4282 ns, Total: 177308 ns
[2023-07-18T19:34:49.056+0000][66][info ][safepoint   ] Safepoint "Cleanup", Time since last: 1101243362 ns, Reaching safepoint: 427667 ns, At safepoint: 43142 ns, Total: 470809 ns
[2023-07-18T19:34:50.396+0000][66][info ][safepoint   ] Safepoint "Cleanup", Time since last: 1339634748 ns, Reaching safepoint: 359804 ns, At safepoint: 18880 ns, Total: 378684 ns
[2023-07-18T19:34:51.398+0000][66][info ][safepoint   ] Safepoint "Cleanup", Time since last: 1001773210 ns, Reaching safepoint: 322625 ns, At safepoint: 14257 ns, Total: 336882 ns
[2023-07-18T19:34:53.979+0000][66][info ][safepoint   ] Safepoint "Cleanup", Time since last: 2580916428 ns, Reaching safepoint: 211132 ns, At safepoint: 43033 ns, Total: 254165 ns
[2023-07-18T19:34:55.813+0000][66][info ][safepoint   ] Safepoint "Cleanup", Time since last: 1832938192 ns, Reaching safepoint: 296089 ns, At safepoint: 6947 ns, Total: 303036 ns
[2023-07-18T19:35:00.237+0000][66][info ][safepoint   ] Safepoint "Cleanup", Time since last: 4424045593 ns, Reaching safepoint: 305568 ns, At safepoint: 44466 ns, Total: 350034 ns
[2023-07-18T19:35:03.231+0000][66][info ][safepoint   ] Safepoint "Cleanup", Time since last: 2993354235 ns, Reaching safepoint: 226906 ns, At safepoint: 5408 ns, Total: 232314 ns
[2023-07-18T19:35:06.462+0000][66][info ][safepoint   ] Safepoint "Cleanup", Time since last: 3228330846 ns, Reaching safepoint: 3093102 ns, At safepoint: 278812 ns, Total: 3371914 ns
[2023-07-18T19:35:12.414+0000][66][info ][safepoint   ] Safepoint "Cleanup", Time since last: 5951362584 ns, Reaching safepoint: 289382 ns, At safepoint: 55030 ns, Total: 344412 ns
[2023-07-18T19:35:13.504+0000][66][info ][safepoint   ] Safepoint "Cleanup", Time since last: 1088946837 ns, Reaching safepoint: 412717 ns, At safepoint: 43698 ns, Total: 456415 ns
[2023-07-18T19:35:14.516+0000][66][info ][safepoint   ] Safepoint "Cleanup", Time since last: 1011569128 ns, Reaching safepoint: 482491 ns, At safepoint: 6592 ns, Total: 489083 ns
[2023-07-18T19:35:15.519+0000][66][info ][safepoint   ] Safepoint "Cleanup", Time since last: 1002486320 ns, Reaching safepoint: 309774 ns, At safepoint: 6443 ns, Total: 316217 ns
[2023-07-18T19:35:18.745+0000][66][info ][safepoint   ] Safepoint "Cleanup", Time since last: 3226080290 ns, Reaching safepoint: 253972 ns, At safepoint: 46254 ns, Total: 300226 ns
[2023-07-18T19:35:19.864+0000][66][info ][safepoint   ] Safepoint "Cleanup", Time since last: 1118697220 ns, Reaching safepoint: 357212 ns, At safepoint: 14277 ns, Total: 371489 ns
[2023-07-18T19:35:20.867+0000][66][info ][safepoint   ] Safepoint "Cleanup", Time since last: 1002400124 ns, Reaching safepoint: 446491 ns, At safepoint: 17942 ns, Total: 464433 ns
[2023-07-18T19:35:21.869+0000][66][info ][safepoint   ] Safepoint "Cleanup", Time since last: 1001916834 ns, Reaching safepoint: 544095 ns, At safepoint: 20781 ns, Total: 564876 ns
[2023-07-18T19:35:22.872+0000][66][info ][safepoint   ] Safepoint "Cleanup", Time since last: 1002519796 ns, Reaching safepoint: 224126 ns, At safepoint: 4683 ns, Total: 228809 ns
[2023-07-18T19:35:23.874+0000][66][info ][safepoint   ] Safepoint "Cleanup", Time since last: 1001806569 ns, Reaching safepoint: 138050 ns, At safepoint: 54442 ns, Total: 192492 ns
[2023-07-18T19:35:25.175+0000][66][info ][safepoint   ] Safepoint "Cleanup", Time since last: 1300733317 ns, Reaching safepoint: 326257 ns, At safepoint: 87935 ns, Total: 414192 ns
[2023-07-18T19:35:26.286+0000][66][info ][safepoint   ] Safepoint "Cleanup", Time since last: 1110230040 ns, Reaching safepoint: 269774 ns, At safepoint: 13364 ns, Total: 283138 ns
[2023-07-18T19:35:27.289+0000][66][info ][safepoint   ] Safepoint "Cleanup", Time since last: 1002496738 ns, Reaching safepoint: 409733 ns, At safepoint: 7870 ns, Total: 417603 ns
[2023-07-18T19:35:28.292+0000][66][info ][safepoint   ] Safepoint "Cleanup", Time since last: 1002593041 ns, Reaching safepoint: 352607 ns, At safepoint: 5272 ns, Total: 357879 ns
[2023-07-18T19:35:30.009+0000][66][info ][safepoint   ] Safepoint "Cleanup", Time since last: 1717192362 ns, Reaching safepoint: 283580 ns, At safepoint: 49187 ns, Total: 332767 ns
[2023-07-18T19:35:31.804+0000][66][info ][safepoint   ] Safepoint "Cleanup", Time since last: 1794335483 ns, Reaching safepoint: 327880 ns, At safepoint: 12345 ns, Total: 340225 ns
[2023-07-18T19:35:37.508+0000][66][info ][safepoint   ] Safepoint "Cleanup", Time since last: 5703808926 ns, Reaching safepoint: 195442 ns, At safepoint: 55997 ns, Total: 251439 ns
[2023-07-18T19:35:41.391+0000][66][info ][safepoint   ] Safepoint "Cleanup", Time since last: 3882652249 ns, Reaching safepoint: 320935 ns, At safepoint: 5019 ns, Total: 325954 ns
[2023-07-18T19:35:44.729+0000][66][info ][safepoint   ] Safepoint "Cleanup", Time since last: 3336551453 ns, Reaching safepoint: 628783 ns, At safepoint: 75680 ns, Total: 704463 ns
[2023-07-18T19:35:49.038+0000][66][info ][safepoint   ] Safepoint "Cleanup", Time since last: 4309372454 ns, Reaching safepoint: 186681 ns, At safepoint: 40413 ns, Total: 227094 ns
[2023-07-18T19:35:54.015+0000][66][info ][safepoint   ] Safepoint "Cleanup", Time since last: 4976999697 ns, Reaching safepoint: 119621 ns, At safepoint: 56646 ns, Total: 176267 ns
[2023-07-18T19:35:55.257+0000][66][info ][safepoint   ] Safepoint "Cleanup", Time since last: 1240894475 ns, Reaching safepoint: 351451 ns, At safepoint: 6829 ns, Total: 358280 ns
[2023-07-18T19:35:56.563+0000][66][info ][safepoint   ] Safepoint "Cleanup", Time since last: 1305915184 ns, Reaching safepoint: 645272 ns, At safepoint: 9665 ns, Total: 654937 ns
[2023-07-18T19:35:58.080+0000][66][info ][safepoint   ] Safepoint "Cleanup", Time since last: 1516208546 ns, Reaching safepoint: 621113 ns, At safepoint: 29712 ns, Total: 650825 ns
[2023-07-18T19:36:00.084+0000][66][info ][safepoint   ] Safepoint "Cleanup", Time since last: 2003078807 ns, Reaching safepoint: 385463 ns, At safepoint: 57845 ns, Total: 443308 ns
[2023-07-18T19:36:01.270+0000][66][info ][safepoint   ] Safepoint "Cleanup", Time since last: 1186766241 ns, Reaching safepoint: 116955 ns, At safepoint: 49469 ns, Total: 166424 ns
[2023-07-18T19:36:02.568+0000][66][info ][safepoint   ] Safepoint "Cleanup", Time since last: 1297431029 ns, Reaching safepoint: 276471 ns, At safepoint: 40258 ns, Total: 316729 ns
[2023-07-18T19:36:05.579+0000][66][info ][safepoint   ] Safepoint "Cleanup", Time since last: 3010714570 ns, Reaching safepoint: 363186 ns, At safepoint: 6638 ns, Total: 369824 ns
[2023-07-18T19:36:06.813+0000][66][info ][safepoint   ] Safepoint "Cleanup", Time since last: 1232950108 ns, Reaching safepoint: 282626 ns, At safepoint: 43335 ns, Total: 325961 ns
[2023-07-18T19:36:07.919+0000][66][info ][safepoint   ] Safepoint "Cleanup", Time since last: 1106521752 ns, Reaching safepoint: 257453 ns, At safepoint: 11911 ns, Total: 269364 ns
[2023-07-18T19:36:11.923+0000][66][info ][safepoint   ] Safepoint "Cleanup", Time since last: 4002974711 ns, Reaching safepoint: 292379 ns, At safepoint: 4325 ns, Total: 296704 ns
[2023-07-18T19:36:13.199+0000][66][info ][safepoint   ] Safepoint "Cleanup", Time since last: 1293917940 ns, Reaching safepoint: 271409 ns, At safepoint: 62113 ns, Total: 333522 ns
[2023-07-18T19:36:18.592+0000][66][info ][safepoint   ] Safepoint "Cleanup", Time since last: 5392554689 ns, Reaching safepoint: 286734 ns, At safepoint: 59037 ns, Total: 345771 ns
[2023-07-18T19:36:19.678+0000][66][info ][safepoint   ] Safepoint "Cleanup", Time since last: 1084784840 ns, Reaching safepoint: 413217 ns, At safepoint: 5712 ns, Total: 418929 ns
[2023-07-18T19:36:21.681+0000][66][info ][safepoint   ] Safepoint "Cleanup", Time since last: 2002373066 ns, Reaching safepoint: 639640 ns, At safepoint: 28861 ns, Total: 668501 ns
[2023-07-18T19:36:22.684+0000][66][info ][safepoint   ] Safepoint "Cleanup", Time since last: 1003043179 ns, Reaching safepoint: 239669 ns, At safepoint: 5114 ns, Total: 244783 ns
[2023-07-18T19:36:23.686+0000][66][info ][safepoint   ] Safepoint "Cleanup", Time since last: 1001881374 ns, Reaching safepoint: 334606 ns, At safepoint: 7291 ns, Total: 341897 ns
[2023-07-18T19:36:25.229+0000][66][info ][safepoint   ] Safepoint "Cleanup", Time since last: 1542323492 ns, Reaching safepoint: 356108 ns, At safepoint: 17408 ns, Total: 373516 ns
[2023-07-18T19:36:26.461+0000][66][info ][safepoint   ] Safepoint "Cleanup", Time since last: 1232124844 ns, Reaching safepoint: 293688 ns, At safepoint: 14984 ns, Total: 308672 ns
[2023-07-18T19:36:27.464+0000][66][info ][safepoint   ] Safepoint "Cleanup", Time since last: 1001968292 ns, Reaching safepoint: 533077 ns, At safepoint: 30514 ns, Total: 563591 ns
[2023-07-18T19:36:30.030+0000][66][info ][safepoint   ] Safepoint "Cleanup", Time since last: 2565545409 ns, Reaching safepoint: 339908 ns, At safepoint: 42759 ns, Total: 382667 ns
[2023-07-18T19:36:31.102+0000][66][info ][safepoint   ] Safepoint "Cleanup", Time since last: 1071452041 ns, Reaching safepoint: 328702 ns, At safepoint: 83406 ns, Total: 412108 ns
[2023-07-18T19:36:32.113+0000][66][info ][safepoint   ] Safepoint "Cleanup", Time since last: 1011190452 ns, Reaching safepoint: 336323 ns, At safepoint: 6009 ns, Total: 342332 ns
[2023-07-18T19:36:37.201+0000][66][info ][safepoint   ] Safepoint "Cleanup", Time since last: 5087884229 ns, Reaching safepoint: 259039 ns, At safepoint: 12769 ns, Total: 271808 ns
[2023-07-18T19:36:39.502+0000][66][info ][safepoint   ] Safepoint "Cleanup", Time since last: 2299977367 ns, Reaching safepoint: 370859 ns, At safepoint: 16016 ns, Total: 386875 ns
[2023-07-18T19:36:41.993+0000][66][info ][safepoint   ] Safepoint "Cleanup", Time since last: 2491182157 ns, Reaching safepoint: 535787 ns, At safepoint: 93683 ns, Total: 629470 ns
[2023-07-18T19:36:43.933+0000][66][info ][safepoint   ] Safepoint "Cleanup", Time since last: 1943368898 ns, Reaching safepoint: 317303 ns, At safepoint: 15033 ns, Total: 332336 ns
[2023-07-18T19:36:44.936+0000][66][info ][safepoint   ] Safepoint "Cleanup", Time since last: 1002642793 ns, Reaching safepoint: 235607 ns, At safepoint: 4165 ns, Total: 239772 ns
[2023-07-18T19:36:46.939+0000][66][info ][safepoint   ] Safepoint "Cleanup", Time since last: 2002371506 ns, Reaching safepoint: 271760 ns, At safepoint: 5405 ns, Total: 277165 ns
[2023-07-18T19:36:47.941+0000][66][info ][safepoint   ] Safepoint "Cleanup", Time since last: 1002216379 ns, Reaching safepoint: 129054 ns, At safepoint: 15213 ns, Total: 144267 ns
[2023-07-18T19:36:49.248+0000][66][info ][safepoint   ] Safepoint "Cleanup", Time since last: 1306682896 ns, Reaching safepoint: 274676 ns, At safepoint: 58818 ns, Total: 333494 ns
[2023-07-18T19:36:55.172+0000][66][info ][safepoint   ] Safepoint "Cleanup", Time since last: 5923491761 ns, Reaching safepoint: 71453 ns, At safepoint: 46282 ns, Total: 117735 ns
[2023-07-18T19:37:01.115+0000][66][info ][safepoint   ] Safepoint "Cleanup", Time since last: 5942979677 ns, Reaching safepoint: 228705 ns, At safepoint: 24010 ns, Total: 252715 ns
[2023-07-18T19:37:03.317+0000][66][info ][safepoint   ] Safepoint "Cleanup", Time since last: 2201686179 ns, Reaching safepoint: 524096 ns, At safepoint: 10628 ns, Total: 534724 ns
[2023-07-18T19:37:06.004+0000][66][info ][safepoint   ] Safepoint "Cleanup", Time since last: 2686955214 ns, Reaching safepoint: 258578 ns, At safepoint: 135251 ns, Total: 393829 ns
[2023-07-18T19:37:07.719+0000][66][info ][safepoint   ] Safepoint "Cleanup", Time since last: 1714146372 ns, Reaching safepoint: 515141 ns, At safepoint: 10029 ns, Total: 525170 ns
[2023-07-18T19:37:12.271+0000][66][info ][safepoint   ] Safepoint "Cleanup", Time since last: 4551190817 ns, Reaching safepoint: 329500 ns, At safepoint: 43647 ns, Total: 373147 ns
[2023-07-18T19:37:15.116+0000][66][info ][safepoint   ] Safepoint "Cleanup", Time since last: 2845140427 ns, Reaching safepoint: 351751 ns, At safepoint: 12856 ns, Total: 364607 ns
[2023-07-18T19:37:19.418+0000][66][info ][safepoint   ] Safepoint "Cleanup", Time since last: 4301519459 ns, Reaching safepoint: 201427 ns, At safepoint: 53874 ns, Total: 255301 ns
[2023-07-18T19:37:23.995+0000][66][info ][safepoint   ] Safepoint "Cleanup", Time since last: 4576634288 ns, Reaching safepoint: 368544 ns, At safepoint: 18103 ns, Total: 386647 ns
[2023-07-18T19:37:25.069+0000][66][info ][safepoint   ] Safepoint "Cleanup", Time since last: 1074002221 ns, Reaching safepoint: 214690 ns, At safepoint: 63601 ns, Total: 278291 ns
[2023-07-18T19:37:27.079+0000][66][info ][safepoint   ] Safepoint "Cleanup", Time since last: 2009512894 ns, Reaching safepoint: 352621 ns, At safepoint: 6289 ns, Total: 358910 ns
[2023-07-18T19:37:33.419+0000][66][info ][safepoint   ] Safepoint "Cleanup", Time since last: 6339295115 ns, Reaching safepoint: 552541 ns, At safepoint: 29499 ns, Total: 582040 ns
[2023-07-18T19:37:35.423+0000][66][info ][safepoint   ] Safepoint "Cleanup", Time since last: 2003892542 ns, Reaching safepoint: 260269 ns, At safepoint: 4422 ns, Total: 264691 ns
[2023-07-18T19:37:37.814+0000][66][info ][safepoint   ] Safepoint "Cleanup", Time since last: 2390722602 ns, Reaching safepoint: 449129 ns, At safepoint: 103102 ns, Total: 552231 ns
[2023-07-18T19:37:45.194+0000][66][info ][safepoint   ] Safepoint "Cleanup", Time since last: 7378960249 ns, Reaching safepoint: 1140294 ns, At safepoint: 24328 ns, Total: 1164622 ns
[2023-07-18T19:37:48.843+0000][66][info ][safepoint   ] Safepoint "Cleanup", Time since last: 3648082898 ns, Reaching safepoint: 142960 ns, At safepoint: 5256 ns, Total: 148216 ns
[2023-07-18T19:37:49.867+0000][66][info ][safepoint   ] Safepoint "Cleanup", Time since last: 1024170630 ns, Reaching safepoint: 197396 ns, At safepoint: 46792 ns, Total: 244188 ns
[2023-07-18T19:37:53.991+0000][66][info ][safepoint   ] Safepoint "Cleanup", Time since last: 4123799570 ns, Reaching safepoint: 273999 ns, At safepoint: 141237 ns, Total: 415236 ns
[2023-07-18T19:37:55.086+0000][66][info ][safepoint   ] Safepoint "Cleanup", Time since last: 1094049463 ns, Reaching safepoint: 278950 ns, At safepoint: 5370 ns, Total: 284320 ns
[2023-07-18T19:38:01.808+0000][66][info ][safepoint   ] Safepoint "Cleanup", Time since last: 6721790195 ns, Reaching safepoint: 417284 ns, At safepoint: 6836 ns, Total: 424120 ns
[2023-07-18T19:38:02.811+0000][66][info ][safepoint   ] Safepoint "Cleanup", Time since last: 1002913282 ns, Reaching safepoint: 344249 ns, At safepoint: 13523 ns, Total: 357772 ns
[2023-07-18T19:38:12.549+0000][66][info ][safepoint   ] Safepoint "Cleanup", Time since last: 9737588435 ns, Reaching safepoint: 134076 ns, At safepoint: 58349 ns, Total: 192425 ns
[2023-07-18T19:38:13.870+0000][66][info ][safepoint   ] Safepoint "Cleanup", Time since last: 1320187682 ns, Reaching safepoint: 208937 ns, At safepoint: 56128 ns, Total: 265065 ns
[2023-07-18T19:38:15.093+0000][66][info ][safepoint   ] Safepoint "Cleanup", Time since last: 1223296149 ns, Reaching safepoint: 99425 ns, At safepoint: 7875 ns, Total: 107300 ns
[2023-07-18T19:38:17.096+0000][66][info ][safepoint   ] Safepoint "Cleanup", Time since last: 2002774519 ns, Reaching safepoint: 601284 ns, At safepoint: 27150 ns, Total: 628434 ns
[2023-07-18T19:38:19.088+0000][66][info ][safepoint   ] Safepoint "Cleanup", Time since last: 1991334449 ns, Reaching safepoint: 519495 ns, At safepoint: 27920 ns, Total: 547415 ns
[2023-07-18T19:38:20.442+0000][66][info ][safepoint   ] Safepoint "Cleanup", Time since last: 1353044586 ns, Reaching safepoint: 398944 ns, At safepoint: 14268 ns, Total: 413212 ns
[2023-07-18T19:38:21.444+0000][66][info ][safepoint   ] Safepoint "Cleanup", Time since last: 1002320508 ns, Reaching safepoint: 396184 ns, At safepoint: 20082 ns, Total: 416266 ns
[2023-07-18T19:38:24.734+0000][66][info ][safepoint   ] Safepoint "Cleanup", Time since last: 3289251812 ns, Reaching safepoint: 304863 ns, At safepoint: 47207 ns, Total: 352070 ns
[2023-07-18T19:38:29.998+0000][66][info ][safepoint   ] Safepoint "Cleanup", Time since last: 5263164606 ns, Reaching safepoint: 262504 ns, At safepoint: 13675 ns, Total: 276179 ns
[2023-07-18T19:38:32.214+0000][66][info ][safepoint   ] Safepoint "Cleanup", Time since last: 2215935875 ns, Reaching safepoint: 342533 ns, At safepoint: 5579 ns, Total: 348112 ns
[2023-07-18T19:38:33.217+0000][66][info ][safepoint   ] Safepoint "Cleanup", Time since last: 1003324048 ns, Reaching safepoint: 351191 ns, At safepoint: 5191 ns, Total: 356382 ns
[2023-07-18T19:38:36.003+0000][66][info ][safepoint   ] Safepoint "Cleanup", Time since last: 2785314548 ns, Reaching safepoint: 157589 ns, At safepoint: 55520 ns, Total: 213109 ns
[2023-07-18T19:38:37.004+0000][66][info ][safepoint   ] Safepoint "Cleanup", Time since last: 1000568315 ns, Reaching safepoint: 256459 ns, At safepoint: 87487 ns, Total: 343946 ns
[2023-07-18T19:38:41.987+0000][66][info ][safepoint   ] Safepoint "Cleanup", Time since last: 4982263998 ns, Reaching safepoint: 239822 ns, At safepoint: 144110 ns, Total: 383932 ns
[2023-07-18T19:38:42.994+0000][66][info ][safepoint   ] Safepoint "Cleanup", Time since last: 1007075662 ns, Reaching safepoint: 310323 ns, At safepoint: 55408 ns, Total: 365731 ns
[2023-07-18T19:38:45.093+0000][66][info ][safepoint   ] Safepoint "Cleanup", Time since last: 2098661481 ns, Reaching safepoint: 210130 ns, At safepoint: 16828 ns, Total: 226958 ns
[2023-07-18T19:38:52.471+0000][66][info ][safepoint   ] Safepoint "Cleanup", Time since last: 7377015083 ns, Reaching safepoint: 335987 ns, At safepoint: 15965 ns, Total: 351952 ns
[2023-07-18T19:38:54.044+0000][66][info ][safepoint   ] Safepoint "Cleanup", Time since last: 1573069396 ns, Reaching safepoint: 110628 ns, At safepoint: 5818 ns, Total: 116446 ns
[2023-07-18T19:38:55.863+0000][66][info ][safepoint   ] Safepoint "Cleanup", Time since last: 1818938750 ns, Reaching safepoint: 369344 ns, At safepoint: 16952 ns, Total: 386296 ns
[2023-07-18T19:38:58.867+0000][66][info ][safepoint   ] Safepoint "Cleanup", Time since last: 3003155056 ns, Reaching safepoint: 702360 ns, At safepoint: 11245 ns, Total: 713605 ns
[2023-07-18T19:39:03.264+0000][66][info ][safepoint   ] Safepoint "Cleanup", Time since last: 4396030686 ns, Reaching safepoint: 828106 ns, At safepoint: 34472 ns, Total: 862578 ns
[2023-07-18T19:39:06.453+0000][66][info ][safepoint   ] Safepoint "Cleanup", Time since last: 3188505274 ns, Reaching safepoint: 689871 ns, At safepoint: 142866 ns, Total: 832737 ns
[2023-07-18T19:39:07.873+0000][66][info ][safepoint   ] Safepoint "Cleanup", Time since last: 1419069634 ns, Reaching safepoint: 647495 ns, At safepoint: 10735 ns, Total: 658230 ns
[2023-07-18T19:39:15.190+0000][66][info ][safepoint   ] Safepoint "Cleanup", Time since last: 7316846416 ns, Reaching safepoint: 276344 ns, At safepoint: 4556 ns, Total: 280900 ns
[2023-07-18T19:39:17.193+0000][66][info ][safepoint   ] Safepoint "Cleanup", Time since last: 2002019516 ns, Reaching safepoint: 347207 ns, At safepoint: 7171 ns, Total: 354378 ns
[2023-07-18T19:39:18.498+0000][66][info ][safepoint   ] Safepoint "Cleanup", Time since last: 1304963044 ns, Reaching safepoint: 188244 ns, At safepoint: 58275 ns, Total: 246519 ns
[2023-07-18T19:39:19.591+0000][66][info ][safepoint   ] Safepoint "Cleanup", Time since last: 1092450404 ns, Reaching safepoint: 335030 ns, At safepoint: 6364 ns, Total: 341394 ns
[2023-07-18T19:39:20.951+0000][66][info ][safepoint   ] Safepoint "Cleanup", Time since last: 1359690004 ns, Reaching safepoint: 297145 ns, At safepoint: 6656 ns, Total: 303801 ns
[2023-07-18T19:39:22.955+0000][66][info ][safepoint   ] Safepoint "Cleanup", Time since last: 2002966738 ns, Reaching safepoint: 705300 ns, At safepoint: 23325 ns, Total: 728625 ns
[2023-07-18T19:39:23.957+0000][66][info ][safepoint   ] Safepoint "Cleanup", Time since last: 1002419948 ns, Reaching safepoint: 236474 ns, At safepoint: 14249 ns, Total: 250723 ns
[2023-07-18T19:39:25.098+0000][66][info ][safepoint   ] Safepoint "Cleanup", Time since last: 1140979518 ns, Reaching safepoint: 262272 ns, At safepoint: 14781 ns, Total: 277053 ns
[2023-07-18T19:39:26.301+0000][66][info ][safepoint   ] Safepoint "Cleanup", Time since last: 1202065008 ns, Reaching safepoint: 448008 ns, At safepoint: 29325 ns, Total: 477333 ns
[2023-07-18T19:39:27.304+0000][66][info ][safepoint   ] Safepoint "Cleanup", Time since last: 1002693424 ns, Reaching safepoint: 464012 ns, At safepoint: 9597 ns, Total: 473609 ns
[2023-07-18T19:39:30.954+0000][66][info ][safepoint   ] Safepoint "Cleanup", Time since last: 3649185576 ns, Reaching safepoint: 320659 ns, At safepoint: 7579 ns, Total: 328238 ns
[2023-07-18T19:39:35.966+0000][66][info ][safepoint   ] Safepoint "Cleanup", Time since last: 5012150675 ns, Reaching safepoint: 228441 ns, At safepoint: 21708 ns, Total: 250149 ns
[2023-07-18T19:39:42.594+0000][66][info ][safepoint   ] Safepoint "Cleanup", Time since last: 6627414137 ns, Reaching safepoint: 393199 ns, At safepoint: 58486 ns, Total: 451685 ns
[2023-07-18T19:39:44.688+0000][66][info ][safepoint   ] Safepoint "Cleanup", Time since last: 2094085909 ns, Reaching safepoint: 160357 ns, At safepoint: 3709 ns, Total: 164066 ns
[2023-07-18T19:39:47.691+0000][66][info ][safepoint   ] Safepoint "Cleanup", Time since last: 3002641835 ns, Reaching safepoint: 231795 ns, At safepoint: 4728 ns, Total: 236523 ns
[2023-07-18T19:39:48.994+0000][66][info ][safepoint   ] Safepoint "Cleanup", Time since last: 1302482192 ns, Reaching safepoint: 248585 ns, At safepoint: 41095 ns, Total: 289680 ns
[2023-07-18T19:39:51.099+0000][66][info ][safepoint   ] Safepoint "Cleanup", Time since last: 2104988717 ns, Reaching safepoint: 352004 ns, At safepoint: 17012 ns, Total: 369016 ns
[2023-07-18T19:39:55.830+0000][66][info ][safepoint   ] Safepoint "Cleanup", Time since last: 4730576206 ns, Reaching safepoint: 397700 ns, At safepoint: 63368 ns, Total: 461068 ns
[2023-07-18T19:40:03.014+0000][66][info ][safepoint   ] Safepoint "Cleanup", Time since last: 7183314722 ns, Reaching safepoint: 274524 ns, At safepoint: 13783 ns, Total: 288307 ns
[2023-07-18T19:40:06.017+0000][66][info ][safepoint   ] Safepoint "Cleanup", Time since last: 3002585646 ns, Reaching safepoint: 366172 ns, At safepoint: 20469 ns, Total: 386641 ns
[2023-07-18T19:40:07.234+0000][66][info ][safepoint   ] Safepoint "Cleanup", Time since last: 1216969706 ns, Reaching safepoint: 232547 ns, At safepoint: 5445 ns, Total: 237992 ns
[2023-07-18T19:40:08.427+0000][66][info ][safepoint   ] Safepoint "Cleanup", Time since last: 1192807778 ns, Reaching safepoint: 265555 ns, At safepoint: 5249 ns, Total: 270804 ns
[2023-07-18T19:40:09.430+0000][66][info ][safepoint   ] Safepoint "Cleanup", Time since last: 1002143444 ns, Reaching safepoint: 501822 ns, At safepoint: 9570 ns, Total: 511392 ns
[2023-07-18T19:40:12.000+0000][66][info ][safepoint   ] Safepoint "Cleanup", Time since last: 2569593659 ns, Reaching safepoint: 262184 ns, At safepoint: 44404 ns, Total: 306588 ns
[2023-07-18T19:40:13.835+0000][66][info ][safepoint   ] Safepoint "Cleanup", Time since last: 1834607637 ns, Reaching safepoint: 327181 ns, At safepoint: 4815 ns, Total: 331996 ns
[2023-07-18T19:40:18.010+0000][66][info ][safepoint   ] Safepoint "Cleanup", Time since last: 4174720757 ns, Reaching safepoint: 566708 ns, At safepoint: 110314 ns, Total: 677022 ns
[2023-07-18T19:40:20.240+0000][66][info ][safepoint   ] Safepoint "Cleanup", Time since last: 2228691735 ns, Reaching safepoint: 602375 ns, At safepoint: 7053 ns, Total: 609428 ns
[2023-07-18T19:40:22.243+0000][66][info ][safepoint   ] Safepoint "Cleanup", Time since last: 2003148308 ns, Reaching safepoint: 431046 ns, At safepoint: 16472 ns, Total: 447518 ns
[2023-07-18T19:40:23.663+0000][66][info ][safepoint   ] Safepoint "Cleanup", Time since last: 1419021740 ns, Reaching safepoint: 340012 ns, At safepoint: 63226 ns, Total: 403238 ns
[2023-07-18T19:40:24.665+0000][66][info ][safepoint   ] Safepoint "Cleanup", Time since last: 1001529999 ns, Reaching safepoint: 162794 ns, At safepoint: 42463 ns, Total: 205257 ns
[2023-07-18T19:40:28.130+0000][66][info ][safepoint   ] Safepoint "Cleanup", Time since last: 3464077087 ns, Reaching safepoint: 866797 ns, At safepoint: 26759 ns, Total: 893556 ns
[2023-07-18T19:40:31.096+0000][66][info ][safepoint   ] Safepoint "Cleanup", Time since last: 2966190386 ns, Reaching safepoint: 379035 ns, At safepoint: 17523 ns, Total: 396558 ns
[2023-07-18T19:40:36.800+0000][66][info ][safepoint   ] Safepoint "Cleanup", Time since last: 5703944262 ns, Reaching safepoint: 210342 ns, At safepoint: 41116 ns, Total: 251458 ns
[2023-07-18T19:40:43.216+0000][66][info ][safepoint   ] Safepoint "Cleanup", Time since last: 6414744758 ns, Reaching safepoint: 242425 ns, At safepoint: 52079 ns, Total: 294504 ns
[2023-07-18T19:40:45.313+0000][66][info ][safepoint   ] Safepoint "Cleanup", Time since last: 2096732634 ns, Reaching safepoint: 309351 ns, At safepoint: 59656 ns, Total: 369007 ns
[2023-07-18T19:40:48.020+0000][66][info ][safepoint   ] Safepoint "Cleanup", Time since last: 2706777681 ns, Reaching safepoint: 289871 ns, At safepoint: 42522 ns, Total: 332393 ns
[2023-07-18T19:40:49.906+0000][66][info ][safepoint   ] Safepoint "Cleanup", Time since last: 1885549237 ns, Reaching safepoint: 297358 ns, At safepoint: 6679 ns, Total: 304037 ns
[2023-07-18T19:40:50.909+0000][66][info ][safepoint   ] Safepoint "Cleanup", Time since last: 1002671225 ns, Reaching safepoint: 181861 ns, At safepoint: 3953 ns, Total: 185814 ns
[2023-07-18T19:40:52.123+0000][66][info ][safepoint   ] Safepoint "Cleanup", Time since last: 1214336103 ns, Reaching safepoint: 434619 ns, At safepoint: 56662 ns, Total: 491281 ns
[2023-07-18T19:40:55.601+0000][66][info ][safepoint   ] Safepoint "Cleanup", Time since last: 3477119421 ns, Reaching safepoint: 516043 ns, At safepoint: 9542 ns, Total: 525585 ns
[2023-07-18T19:40:56.957+0000][66][info ][safepoint   ] Safepoint "Cleanup", Time since last: 1356042097 ns, Reaching safepoint: 379095 ns, At safepoint: 21712 ns, Total: 400807 ns
[2023-07-18T19:40:58.229+0000][66][info ][safepoint   ] Safepoint "Cleanup", Time since last: 1271138654 ns, Reaching safepoint: 261750 ns, At safepoint: 7498 ns, Total: 269248 ns
[2023-07-18T19:40:59.326+0000][66][info ][safepoint   ] Safepoint "Cleanup", Time since last: 1096765884 ns, Reaching safepoint: 273055 ns, At safepoint: 4736 ns, Total: 277791 ns
[2023-07-18T19:41:00.329+0000][66][info ][safepoint   ] Safepoint "Cleanup", Time since last: 1000418956 ns, Reaching safepoint: 2445198 ns, At safepoint: 94565 ns, Total: 2539763 ns
[2023-07-18T19:41:01.329+0000][66][info ][safepoint   ] Safepoint "Cleanup", Time since last: 1000204946 ns, Reaching safepoint: 122394 ns, At safepoint: 56363 ns, Total: 178757 ns
[2023-07-18T19:41:02.832+0000][66][info ][safepoint   ] Safepoint "Cleanup", Time since last: 1502280904 ns, Reaching safepoint: 217879 ns, At safepoint: 71600 ns, Total: 289479 ns
[2023-07-18T19:41:04.842+0000][66][info ][safepoint   ] Safepoint "Cleanup", Time since last: 2009400261 ns, Reaching safepoint: 540010 ns, At safepoint: 9888 ns, Total: 549898 ns
[2023-07-18T19:41:07.812+0000][66][info ][safepoint   ] Safepoint "Cleanup", Time since last: 2969676122 ns, Reaching safepoint: 454392 ns, At safepoint: 9733 ns, Total: 464125 ns
[2023-07-18T19:41:10.817+0000][66][info ][safepoint   ] Safepoint "Cleanup", Time since last: 3004237848 ns, Reaching safepoint: 501184 ns, At safepoint: 30319 ns, Total: 531503 ns
[2023-07-18T19:41:11.821+0000][66][info ][safepoint   ] Safepoint "Cleanup", Time since last: 1003708897 ns, Reaching safepoint: 295108 ns, At safepoint: 6574 ns, Total: 301682 ns
[2023-07-18T19:41:13.100+0000][66][info ][safepoint   ] Safepoint "Cleanup", Time since last: 1275138303 ns, Reaching safepoint: 294488 ns, At safepoint: 55716 ns, Total: 350204 ns
[2023-07-18T19:41:15.191+0000][66][info ][safepoint   ] Safepoint "Cleanup", Time since last: 2089605859 ns, Reaching safepoint: 636726 ns, At safepoint: 11574 ns, Total: 648300 ns
[2023-07-18T19:41:18.041+0000][66][info ][safepoint   ] Safepoint "Cleanup", Time since last: 2849727789 ns, Reaching safepoint: 151789 ns, At safepoint: 43568 ns, Total: 195357 ns
[2023-07-18T19:41:19.590+0000][66][info ][safepoint   ] Safepoint "Cleanup", Time since last: 1548649373 ns, Reaching safepoint: 468783 ns, At safepoint: 17620 ns, Total: 486403 ns
[2023-07-18T19:41:21.064+0000][66][info ][safepoint   ] Safepoint "Cleanup", Time since last: 1474385576 ns, Reaching safepoint: 286038 ns, At safepoint: 70120 ns, Total: 356158 ns
[2023-07-18T19:41:24.028+0000][66][info ][safepoint   ] Safepoint "Cleanup", Time since last: 2963604438 ns, Reaching safepoint: 262725 ns, At safepoint: 47601 ns, Total: 310326 ns
[2023-07-18T19:41:25.120+0000][66][info ][safepoint   ] Safepoint "Cleanup", Time since last: 1090788896 ns, Reaching safepoint: 829683 ns, At safepoint: 18401 ns, Total: 848084 ns
[2023-07-18T19:41:26.435+0000][66][info ][safepoint   ] Safepoint "Cleanup", Time since last: 1314295871 ns, Reaching safepoint: 429952 ns, At safepoint: 22261 ns, Total: 452213 ns
[2023-07-18T19:41:30.036+0000][66][info ][safepoint   ] Safepoint "Cleanup", Time since last: 3600717418 ns, Reaching safepoint: 315850 ns, At safepoint: 55482 ns, Total: 371332 ns
[2023-07-18T19:41:31.830+0000][66][info ][safepoint   ] Safepoint "Cleanup", Time since last: 1793504418 ns, Reaching safepoint: 382389 ns, At safepoint: 4723 ns, Total: 387112 ns
[2023-07-18T19:41:32.832+0000][66][info ][safepoint   ] Safepoint "Cleanup", Time since last: 1002044659 ns, Reaching safepoint: 484059 ns, At safepoint: 7606 ns, Total: 491665 ns
[2023-07-18T19:41:35.837+0000][66][info ][safepoint   ] Safepoint "Cleanup", Time since last: 3003723110 ns, Reaching safepoint: 641835 ns, At safepoint: 10409 ns, Total: 652244 ns
[2023-07-18T19:41:37.127+0000][66][info ][safepoint   ] Safepoint "Cleanup", Time since last: 1289908717 ns, Reaching safepoint: 126768 ns, At safepoint: 53189 ns, Total: 179957 ns
[2023-07-18T19:41:38.218+0000][66][info ][safepoint   ] Safepoint "Cleanup", Time since last: 1090004236 ns, Reaching safepoint: 893646 ns, At safepoint: 23410 ns, Total: 917056 ns
[2023-07-18T19:41:40.221+0000][66][info ][safepoint   ] Safepoint "Cleanup", Time since last: 2002771747 ns, Reaching safepoint: 389642 ns, At safepoint: 21782 ns, Total: 411424 ns
[2023-07-18T19:41:42.031+0000][66][info ][safepoint   ] Safepoint "Cleanup", Time since last: 1809881018 ns, Reaching safepoint: 161094 ns, At safepoint: 46308 ns, Total: 207402 ns
[2023-07-18T19:41:43.620+0000][66][info ][safepoint   ] Safepoint "Cleanup", Time since last: 1591924723 ns, Reaching safepoint: 552159 ns, At safepoint: 6492 ns, Total: 558651 ns
[2023-07-18T19:41:45.151+0000][66][info ][safepoint   ] Safepoint "Cleanup", Time since last: 1530478819 ns, Reaching safepoint: 374314 ns, At safepoint: 53465 ns, Total: 427779 ns
[2023-07-18T19:41:48.027+0000][66][info ][safepoint   ] Safepoint "Cleanup", Time since last: 2876099005 ns, Reaching safepoint: 286226 ns, At safepoint: 41743 ns, Total: 327969 ns
[2023-07-18T19:41:50.477+0000][66][info ][safepoint   ] Safepoint "Cleanup", Time since last: 2449111681 ns, Reaching safepoint: 534242 ns, At safepoint: 10912 ns, Total: 545154 ns
[2023-07-18T19:41:54.067+0000][66][info ][safepoint   ] Safepoint "Cleanup", Time since last: 3590207670 ns, Reaching safepoint: 184123 ns, At safepoint: 32481 ns, Total: 216604 ns
[2023-07-18T19:41:55.871+0000][66][info ][safepoint   ] Safepoint "Cleanup", Time since last: 1802779056 ns, Reaching safepoint: 805818 ns, At safepoint: 24230 ns, Total: 830048 ns
[2023-07-18T19:41:57.874+0000][66][info ][safepoint   ] Safepoint "Cleanup", Time since last: 2003284394 ns, Reaching safepoint: 405528 ns, At safepoint: 16546 ns, Total: 422074 ns
[2023-07-18T19:42:01.166+0000][66][info ][safepoint   ] Safepoint "Cleanup", Time since last: 3290925607 ns, Reaching safepoint: 354223 ns, At safepoint: 95462 ns, Total: 449685 ns
[2023-07-18T19:42:12.051+0000][66][info ][safepoint   ] Safepoint "Cleanup", Time since last: 10884965770 ns, Reaching safepoint: 410939 ns, At safepoint: 55933 ns, Total: 466872 ns
[2023-07-18T19:42:13.058+0000][66][info ][safepoint   ] Safepoint "Cleanup", Time since last: 1006512069 ns, Reaching safepoint: 298610 ns, At safepoint: 66672 ns, Total: 365282 ns
[2023-07-18T19:42:14.247+0000][66][info ][safepoint   ] Safepoint "Cleanup", Time since last: 1188271465 ns, Reaching safepoint: 474301 ns, At safepoint: 19471 ns, Total: 493772 ns
[2023-07-18T19:42:18.465+0000][66][info ][safepoint   ] Safepoint "Cleanup", Time since last: 4217790777 ns, Reaching safepoint: 228393 ns, At safepoint: 57554 ns, Total: 285947 ns
[2023-07-18T19:42:20.909+0000][66][info ][safepoint   ] Safepoint "Cleanup", Time since last: 2443354712 ns, Reaching safepoint: 310223 ns, At safepoint: 5913 ns, Total: 316136 ns
[2023-07-18T19:42:23.912+0000][66][info ][safepoint   ] Safepoint "Cleanup", Time since last: 3002659131 ns, Reaching safepoint: 196638 ns, At safepoint: 18384 ns, Total: 215022 ns
[2023-07-18T19:42:25.136+0000][66][info ][safepoint   ] Safepoint "Cleanup", Time since last: 1224082680 ns, Reaching safepoint: 152667 ns, At safepoint: 3380 ns, Total: 156047 ns
[2023-07-18T19:42:27.265+0000][66][info ][safepoint   ] Safepoint "Cleanup", Time since last: 2129021367 ns, Reaching safepoint: 288401 ns, At safepoint: 6491 ns, Total: 294892 ns
[2023-07-18T19:42:28.268+0000][66][info ][safepoint   ] Safepoint "Cleanup", Time since last: 1002381735 ns, Reaching safepoint: 612406 ns, At safepoint: 9983 ns, Total: 622389 ns
[2023-07-18T19:42:36.400+0000][66][info ][safepoint   ] Safepoint "Cleanup", Time since last: 8131444900 ns, Reaching safepoint: 201081 ns, At safepoint: 44230 ns, Total: 245311 ns
[2023-07-18T19:42:39.209+0000][66][info ][safepoint   ] Safepoint "Cleanup", Time since last: 2808994037 ns, Reaching safepoint: 271237 ns, At safepoint: 5542 ns, Total: 276779 ns
[2023-07-18T19:42:42.240+0000][66][info ][safepoint   ] Safepoint "Cleanup", Time since last: 3030315791 ns, Reaching safepoint: 296601 ns, At safepoint: 40511 ns, Total: 337112 ns
[2023-07-18T19:42:45.520+0000][66][info ][safepoint   ] Safepoint "Cleanup", Time since last: 3279342060 ns, Reaching safepoint: 321992 ns, At safepoint: 17974 ns, Total: 339966 ns
[2023-07-18T19:42:47.523+0000][66][info ][safepoint   ] Safepoint "Cleanup", Time since last: 2002684411 ns, Reaching safepoint: 444835 ns, At safepoint: 10477 ns, Total: 455312 ns
[2023-07-18T19:43:01.003+0000][66][info ][safepoint   ] Safepoint "Cleanup", Time since last: 13479724990 ns, Reaching safepoint: 113425 ns, At safepoint: 3588 ns, Total: 117013 ns
[2023-07-18T19:43:02.878+0000][66][info ][safepoint   ] Safepoint "Cleanup", Time since last: 1874852161 ns, Reaching safepoint: 293003 ns, At safepoint: 13548 ns, Total: 306551 ns
[2023-07-18T19:43:05.882+0000][66][info ][safepoint   ] Safepoint "Cleanup", Time since last: 3002599626 ns, Reaching safepoint: 634850 ns, At safepoint: 87947 ns, Total: 722797 ns
[2023-07-18T19:43:08.222+0000][66][info ][safepoint   ] Safepoint "Cleanup", Time since last: 2339707826 ns, Reaching safepoint: 353786 ns, At safepoint: 7157 ns, Total: 360943 ns
[2023-07-18T19:43:12.037+0000][66][info ][safepoint   ] Safepoint "Cleanup", Time since last: 3815500402 ns, Reaching safepoint: 250916 ns, At safepoint: 15255 ns, Total: 266171 ns
[2023-07-18T19:43:25.051+0000][66][info ][safepoint   ] Safepoint "Cleanup", Time since last: 13013172550 ns, Reaching safepoint: 379356 ns, At safepoint: 52223 ns, Total: 431579 ns
[2023-07-18T19:43:26.927+0000][66][info ][safepoint   ] Safepoint "Cleanup", Time since last: 1875341696 ns, Reaching safepoint: 227237 ns, At safepoint: 5155 ns, Total: 232392 ns
[2023-07-18T19:43:33.260+0000][66][info ][safepoint   ] Safepoint "Cleanup", Time since last: 6332621905 ns, Reaching safepoint: 520308 ns, At safepoint: 17424 ns, Total: 537732 ns
[2023-07-18T19:43:34.264+0000][66][info ][safepoint   ] Safepoint "Cleanup", Time since last: 1003053442 ns, Reaching safepoint: 673769 ns, At safepoint: 28992 ns, Total: 702761 ns
[2023-07-18T19:43:36.045+0000][66][info ][safepoint   ] Safepoint "Cleanup", Time since last: 1781575757 ns, Reaching safepoint: 54947 ns, At safepoint: 40131 ns, Total: 95078 ns
[2023-07-18T19:43:42.939+0000][66][info ][safepoint   ] Safepoint "Cleanup", Time since last: 6892572905 ns, Reaching safepoint: 307636 ns, At safepoint: 62439 ns, Total: 370075 ns
[2023-07-18T19:43:45.033+0000][66][info ][safepoint   ] Safepoint "Cleanup", Time since last: 2093909213 ns, Reaching safepoint: 631824 ns, At safepoint: 9826 ns, Total: 641650 ns
[2023-07-18T19:43:54.286+0000][66][info ][safepoint   ] Safepoint "Cleanup", Time since last: 9252367640 ns, Reaching safepoint: 460503 ns, At safepoint: 53533 ns, Total: 514036 ns
[2023-07-18T19:43:56.059+0000][66][info ][safepoint   ] Safepoint "Cleanup", Time since last: 1772659648 ns, Reaching safepoint: 622084 ns, At safepoint: 10539 ns, Total: 632623 ns
[2023-07-18T19:43:57.063+0000][66][info ][safepoint   ] Safepoint "Cleanup", Time since last: 1002725171 ns, Reaching safepoint: 548025 ns, At safepoint: 8867 ns, Total: 556892 ns
[2023-07-18T19:44:00.067+0000][66][info ][safepoint   ] Safepoint "Cleanup", Time since last: 3003858733 ns, Reaching safepoint: 309570 ns, At safepoint: 45511 ns, Total: 355081 ns
[2023-07-18T19:44:05.468+0000][66][info ][safepoint   ] Safepoint "Cleanup", Time since last: 5400896437 ns, Reaching safepoint: 352304 ns, At safepoint: 6541 ns, Total: 358845 ns
[2023-07-18T19:44:09.852+0000][66][info ][safepoint   ] Safepoint "Cleanup", Time since last: 4382550554 ns, Reaching safepoint: 1007862 ns, At safepoint: 34491 ns, Total: 1042353 ns
[2023-07-18T19:44:12.057+0000][66][info ][safepoint   ] Safepoint "Cleanup", Time since last: 2205227050 ns, Reaching safepoint: 176595 ns, At safepoint: 41645 ns, Total: 218240 ns
[2023-07-18T19:44:13.146+0000][66][info ][safepoint   ] Safepoint "Cleanup", Time since last: 1088233866 ns, Reaching safepoint: 133248 ns, At safepoint: 18576 ns, Total: 151824 ns
[2023-07-18T19:44:15.239+0000][66][info ][safepoint   ] Safepoint "Cleanup", Time since last: 2093069963 ns, Reaching safepoint: 382301 ns, At safepoint: 5146 ns, Total: 387447 ns
[2023-07-18T19:44:20.090+0000][66][info ][safepoint   ] Safepoint "Cleanup", Time since last: 4850022318 ns, Reaching safepoint: 317213 ns, At safepoint: 40929 ns, Total: 358142 ns
[2023-07-18T19:44:25.148+0000][66][info ][safepoint   ] Safepoint "Cleanup", Time since last: 5057953448 ns, Reaching safepoint: 337640 ns, At safepoint: 6149 ns, Total: 343789 ns
[2023-07-18T19:44:42.989+0000][66][info ][safepoint   ] Safepoint "Cleanup", Time since last: 17840969696 ns, Reaching safepoint: 240272 ns, At safepoint: 5644 ns, Total: 245916 ns
[2023-07-18T19:44:45.117+0000][66][info ][safepoint   ] Safepoint "Cleanup", Time since last: 2127088349 ns, Reaching safepoint: 381886 ns, At safepoint: 16775 ns, Total: 398661 ns
[2023-07-18T19:44:48.060+0000][66][info ][safepoint   ] Safepoint "Cleanup", Time since last: 2943173292 ns, Reaching safepoint: 387578 ns, At safepoint: 58789 ns, Total: 446367 ns
[2023-07-18T19:44:49.147+0000][66][info ][safepoint   ] Safepoint "Cleanup", Time since last: 1085427095 ns, Reaching safepoint: 959715 ns, At safepoint: 18796 ns, Total: 978511 ns
[2023-07-18T19:44:50.467+0000][66][info ][safepoint   ] Safepoint "Cleanup", Time since last: 1319555859 ns, Reaching safepoint: 350610 ns, At safepoint: 6938 ns, Total: 357548 ns
[2023-07-18T19:44:54.770+0000][66][info ][safepoint   ] Safepoint "Cleanup", Time since last: 4302874939 ns, Reaching safepoint: 265121 ns, At safepoint: 41680 ns, Total: 306801 ns
[2023-07-18T19:44:57.862+0000][66][info ][safepoint   ] Safepoint "Cleanup", Time since last: 3091723729 ns, Reaching safepoint: 551910 ns, At safepoint: 17553 ns, Total: 569463 ns
[2023-07-18T19:45:06.067+0000][66][info ][safepoint   ] Safepoint "Cleanup", Time since last: 8204859843 ns, Reaching safepoint: 333883 ns, At safepoint: 81063 ns, Total: 414946 ns
[2023-07-18T19:45:07.068+0000][66][info ][safepoint   ] Safepoint "Cleanup", Time since last: 1000505922 ns, Reaching safepoint: 256113 ns, At safepoint: 50892 ns, Total: 307005 ns
[2023-07-18T19:45:13.173+0000][66][info ][safepoint   ] Safepoint "Cleanup", Time since last: 6103618142 ns, Reaching safepoint: 882687 ns, At safepoint: 16613 ns, Total: 899300 ns
[2023-07-18T19:45:14.473+0000][66][info ][safepoint   ] Safepoint "Cleanup", Time since last: 1299957230 ns, Reaching safepoint: 318567 ns, At safepoint: 22039 ns, Total: 340606 ns
[2023-07-18T19:45:15.476+0000][66][info ][safepoint   ] Safepoint "Cleanup", Time since last: 1002191573 ns, Reaching safepoint: 164822 ns, At safepoint: 13717 ns, Total: 178539 ns
[2023-07-18T19:45:18.063+0000][66][info ][safepoint   ] Safepoint "Cleanup", Time since last: 2586825774 ns, Reaching safepoint: 51600 ns, At safepoint: 2180 ns, Total: 53780 ns
[2023-07-18T19:45:19.901+0000][66][info ][safepoint   ] Safepoint "Cleanup", Time since last: 1837861382 ns, Reaching safepoint: 455324 ns, At safepoint: 8723 ns, Total: 464047 ns
[2023-07-18T19:45:20.905+0000][66][info ][safepoint   ] Safepoint "Cleanup", Time since last: 1003916677 ns, Reaching safepoint: 468916 ns, At safepoint: 52420 ns, Total: 521336 ns
[2023-07-18T19:45:32.044+0000][66][info ][safepoint   ] Safepoint "Cleanup", Time since last: 11138587553 ns, Reaching safepoint: 316176 ns, At safepoint: 57606 ns, Total: 373782 ns
[2023-07-18T19:45:33.922+0000][66][info ][safepoint   ] Safepoint "Cleanup", Time since last: 1877077317 ns, Reaching safepoint: 595646 ns, At safepoint: 10765 ns, Total: 606411 ns
[2023-07-18T19:45:35.925+0000][66][info ][safepoint   ] Safepoint "Cleanup", Time since last: 2003093831 ns, Reaching safepoint: 227512 ns, At safepoint: 4509 ns, Total: 232021 ns
[2023-07-18T19:45:44.896+0000][66][info ][safepoint   ] Safepoint "Cleanup", Time since last: 8969507594 ns, Reaching safepoint: 367888 ns, At safepoint: 7278 ns, Total: 375166 ns
[2023-07-18T19:45:49.190+0000][66][info ][safepoint   ] Safepoint "Cleanup", Time since last: 4294129306 ns, Reaching safepoint: 320808 ns, At safepoint: 48325 ns, Total: 369133 ns
[2023-07-18T19:45:50.277+0000][66][info ][safepoint   ] Safepoint "Cleanup", Time since last: 1086285578 ns, Reaching safepoint: 619959 ns, At safepoint: 27099 ns, Total: 647058 ns
[2023-07-18T19:45:55.671+0000][66][info ][safepoint   ] Safepoint "Cleanup", Time since last: 5393265070 ns, Reaching safepoint: 275493 ns, At safepoint: 4762 ns, Total: 280255 ns
[2023-07-18T19:45:57.155+0000][66][info ][safepoint   ] Safepoint "Cleanup", Time since last: 1483962403 ns, Reaching safepoint: 135214 ns, At safepoint: 60639 ns, Total: 195853 ns
[2023-07-18T19:46:00.102+0000][66][info ][safepoint   ] Safepoint "Cleanup", Time since last: 2946660188 ns, Reaching safepoint: 244924 ns, At safepoint: 56534 ns, Total: 301458 ns
[2023-07-18T19:46:01.333+0000][66][info ][safepoint   ] Safepoint "Cleanup", Time since last: 1230582314 ns, Reaching safepoint: 373185 ns, At safepoint: 18335 ns, Total: 391520 ns
[2023-07-18T19:46:02.574+0000][66][info ][safepoint   ] Safepoint "Cleanup", Time since last: 1241037079 ns, Reaching safepoint: 511149 ns, At safepoint: 17957 ns, Total: 529106 ns
[2023-07-18T19:46:05.578+0000][66][info ][safepoint   ] Safepoint "Cleanup", Time since last: 3003551788 ns, Reaching safepoint: 431955 ns, At safepoint: 20909 ns, Total: 452864 ns
[2023-07-18T19:46:06.874+0000][66][info ][safepoint   ] Safepoint "Cleanup", Time since last: 1294945624 ns, Reaching safepoint: 414583 ns, At safepoint: 69959 ns, Total: 484542 ns
[2023-07-18T19:46:07.995+0000][66][info ][safepoint   ] Safepoint "Cleanup", Time since last: 1120565570 ns, Reaching safepoint: 383620 ns, At safepoint: 6973 ns, Total: 390593 ns
[2023-07-18T19:46:09.917+0000][66][info ][safepoint   ] Safepoint "Cleanup", Time since last: 1921646897 ns, Reaching safepoint: 414961 ns, At safepoint: 18106 ns, Total: 433067 ns
[2023-07-18T19:46:17.407+0000][66][info ][safepoint   ] Safepoint "Cleanup", Time since last: 7490184498 ns, Reaching safepoint: 201649 ns, At safepoint: 3800 ns, Total: 205449 ns
[2023-07-18T19:46:18.703+0000][66][info ][safepoint   ] Safepoint "Cleanup", Time since last: 1295222719 ns, Reaching safepoint: 270462 ns, At safepoint: 58240 ns, Total: 328702 ns
[2023-07-18T19:46:22.894+0000][66][info ][safepoint   ] Safepoint "G1CollectForAllocation", Time since last: 4190336040 ns, Reaching safepoint: 327185 ns, At safepoint: 68389 ns, Total: 395574 ns
[2023-07-18T19:46:22.896+0000][66][info ][gc,start    ] GC(15) Pause Young (Normal) (GCLocker Initiated GC)
[2023-07-18T19:46:22.897+0000][66][info ][gc,task     ] GC(15) Using 6 workers of 6 for evacuation
[2023-07-18T19:46:22.899+0000][66][debug][gc,age      ] GC(15) Desired survivor size 155189248 bytes, new threshold 15 (max threshold 15)
[2023-07-18T19:46:22.926+0000][66][info ][gc,phases   ] GC(15)   Pre Evacuate Collection Set: 0.5ms
[2023-07-18T19:46:22.928+0000][66][info ][gc,phases   ] GC(15)   Merge Heap Roots: 0.3ms
[2023-07-18T19:46:22.929+0000][66][info ][gc,phases   ] GC(15)   Evacuate Collection Set: 19.8ms
[2023-07-18T19:46:22.931+0000][66][info ][gc,phases   ] GC(15)   Post Evacuate Collection Set: 4.3ms
[2023-07-18T19:46:22.932+0000][66][info ][gc,phases   ] GC(15)   Other: 4.0ms
[2023-07-18T19:46:22.933+0000][66][trace][gc,age      ] GC(15) Age table with threshold 15 (max threshold 15)
[2023-07-18T19:46:22.934+0000][66][trace][gc,age      ] GC(15) - age   1:    2178800 bytes,    2178800 total
[2023-07-18T19:46:22.936+0000][66][trace][gc,age      ] GC(15) - age   2:    2016248 bytes,    4195048 total
[2023-07-18T19:46:22.937+0000][66][trace][gc,age      ] GC(15) - age   3:    3902488 bytes,    8097536 total
[2023-07-18T19:46:22.938+0000][66][trace][gc,age      ] GC(15) - age   4:   31339696 bytes,   39437232 total
[2023-07-18T19:46:22.939+0000][66][trace][gc,age      ] GC(15) - age   5:    4029416 bytes,   43466648 total
[2023-07-18T19:46:22.940+0000][66][info ][gc,heap     ] GC(15) Eden regions: 577->0(578)
[2023-07-18T19:46:22.941+0000][66][info ][gc,heap     ] GC(15) Survivor regions: 12->11(74)
[2023-07-18T19:46:22.942+0000][66][info ][gc,heap     ] GC(15) Old regions: 17->17
[2023-07-18T19:46:22.944+0000][66][info ][gc,heap     ] GC(15) Archive regions: 2->2
[2023-07-18T19:46:22.945+0000][66][info ][gc,heap     ] GC(15) Humongous regions: 0->0
[2023-07-18T19:46:22.946+0000][66][info ][gc,metaspace] GC(15) Metaspace: 137739K(141120K)->137739K(141120K) NonClass: 119846K(121600K)->119846K(121600K) Class: 17893K(19520K)->17893K(19520K)
[2023-07-18T19:46:22.947+0000][66][info ][gc          ] GC(15) Pause Young (Normal) (GCLocker Initiated GC) 2424M->112M(3932M) 50.981ms
[2023-07-18T19:46:22.949+0000][66][info ][gc,cpu      ] GC(15) User=0.13s Sys=0.00s Real=0.05s
[2023-07-18T19:46:22.950+0000][66][info ][safepoint   ] Safepoint "G1CollectForAllocation", Time since last: 2358073 ns, Reaching safepoint: 308205 ns, At safepoint: 53320833 ns, Total: 53629038 ns
[2023-07-18T19:46:24.529+0000][66][info ][safepoint   ] Safepoint "Cleanup", Time since last: 1579655441 ns, Reaching safepoint: 225924 ns, At safepoint: 42867 ns, Total: 268791 ns
[2023-07-18T19:46:33.008+0000][66][info ][safepoint   ] Safepoint "Cleanup", Time since last: 8477979285 ns, Reaching safepoint: 395295 ns, At safepoint: 8842 ns, Total: 404137 ns
[2023-07-18T19:46:44.786+0000][66][info ][safepoint   ] Safepoint "Cleanup", Time since last: 11777369926 ns, Reaching safepoint: 321706 ns, At safepoint: 18242 ns, Total: 339948 ns
[2023-07-18T19:46:45.790+0000][66][info ][safepoint   ] Safepoint "Cleanup", Time since last: 1003189517 ns, Reaching safepoint: 575433 ns, At safepoint: 16217 ns, Total: 591650 ns
[2023-07-18T19:46:47.793+0000][66][info ][safepoint   ] Safepoint "Cleanup", Time since last: 2003015268 ns, Reaching safepoint: 258653 ns, At safepoint: 4483 ns, Total: 263136 ns
[2023-07-18T19:46:49.302+0000][66][info ][safepoint   ] Safepoint "Cleanup", Time since last: 1508662196 ns, Reaching safepoint: 228905 ns, At safepoint: 6326 ns, Total: 235231 ns
[2023-07-18T19:46:50.699+0000][66][info ][safepoint   ] Safepoint "Cleanup", Time since last: 1397475322 ns, Reaching safepoint: 102149 ns, At safepoint: 51672 ns, Total: 153821 ns
[2023-07-18T19:46:52.712+0000][66][info ][safepoint   ] Safepoint "Cleanup", Time since last: 2012417369 ns, Reaching safepoint: 394192 ns, At safepoint: 21249 ns, Total: 415441 ns
[2023-07-18T19:47:00.090+0000][66][info ][safepoint   ] Safepoint "Cleanup", Time since last: 7376951897 ns, Reaching safepoint: 325686 ns, At safepoint: 18836 ns, Total: 344522 ns
[2023-07-18T19:47:01.327+0000][66][info ][safepoint   ] Safepoint "Cleanup", Time since last: 1237205679 ns, Reaching safepoint: 129120 ns, At safepoint: 15181 ns, Total: 144301 ns
[2023-07-18T19:47:18.800+0000][66][info ][safepoint   ] Safepoint "Cleanup", Time since last: 17471675851 ns, Reaching safepoint: 879465 ns, At safepoint: 326683 ns, Total: 1206148 ns
[2023-07-18T19:47:25.109+0000][66][info ][safepoint   ] Safepoint "Cleanup", Time since last: 6308571794 ns, Reaching safepoint: 320999 ns, At safepoint: 54363 ns, Total: 375362 ns
[2023-07-18T19:47:36.127+0000][66][info ][safepoint   ] Safepoint "Cleanup", Time since last: 11017619132 ns, Reaching safepoint: 309661 ns, At safepoint: 20628 ns, Total: 330289 ns
[2023-07-18T19:47:42.014+0000][66][info ][safepoint   ] Safepoint "Cleanup", Time since last: 5886960291 ns, Reaching safepoint: 354549 ns, At safepoint: 17067 ns, Total: 371616 ns
[2023-07-18T19:47:45.573+0000][66][info ][safepoint   ] Safepoint "Cleanup", Time since last: 3558259396 ns, Reaching safepoint: 371609 ns, At safepoint: 5584 ns, Total: 377193 ns
[2023-07-18T19:47:48.105+0000][66][info ][safepoint   ] Safepoint "Cleanup", Time since last: 2531233072 ns, Reaching safepoint: 229463 ns, At safepoint: 44684 ns, Total: 274147 ns
[2023-07-18T19:47:49.889+0000][66][info ][safepoint   ] Safepoint "Cleanup", Time since last: 1783552817 ns, Reaching safepoint: 853607 ns, At safepoint: 26272 ns, Total: 879879 ns
[2023-07-18T19:47:54.119+0000][66][info ][safepoint   ] Safepoint "Cleanup", Time since last: 4229670938 ns, Reaching safepoint: 239847 ns, At safepoint: 7853 ns, Total: 247700 ns
[2023-07-18T19:47:57.397+0000][66][info ][safepoint   ] Safepoint "Cleanup", Time since last: 3277877400 ns, Reaching safepoint: 414567 ns, At safepoint: 18419 ns, Total: 432986 ns
[2023-07-18T19:48:00.119+0000][66][info ][safepoint   ] Safepoint "Cleanup", Time since last: 2721941746 ns, Reaching safepoint: 146155 ns, At safepoint: 43287 ns, Total: 189442 ns
[2023-07-18T19:48:01.787+0000][66][info ][safepoint   ] Safepoint "Cleanup", Time since last: 1667393451 ns, Reaching safepoint: 405651 ns, At safepoint: 20566 ns, Total: 426217 ns
[2023-07-18T19:48:12.493+0000][66][info ][safepoint   ] Safepoint "Cleanup", Time since last: 10705363845 ns, Reaching safepoint: 326797 ns, At safepoint: 60877 ns, Total: 387674 ns
[2023-07-18T19:48:14.171+0000][66][info ][safepoint   ] Safepoint "Cleanup", Time since last: 1676597112 ns, Reaching safepoint: 494631 ns, At safepoint: 7555 ns, Total: 502186 ns
[2023-07-18T19:48:45.260+0000][66][info ][safepoint   ] Safepoint "Cleanup", Time since last: 31088277034 ns, Reaching safepoint: 328614 ns, At safepoint: 17968 ns, Total: 346582 ns
[2023-07-18T19:48:48.570+0000][66][info ][safepoint   ] Safepoint "Cleanup", Time since last: 3310518340 ns, Reaching safepoint: 263474 ns, At safepoint: 56552 ns, Total: 320026 ns
[2023-07-18T19:48:57.409+0000][66][info ][safepoint   ] Safepoint "Cleanup", Time since last: 8837993391 ns, Reaching safepoint: 481647 ns, At safepoint: 16496 ns, Total: 498143 ns
[2023-07-18T19:48:58.412+0000][66][info ][safepoint   ] Safepoint "Cleanup", Time since last: 1002848688 ns, Reaching safepoint: 296155 ns, At safepoint: 6258 ns, Total: 302413 ns
[2023-07-18T19:49:00.742+0000][66][info ][safepoint   ] Safepoint "Cleanup", Time since last: 2329128939 ns, Reaching safepoint: 589747 ns, At safepoint: 24443 ns, Total: 614190 ns
[2023-07-18T19:49:02.032+0000][66][info ][safepoint   ] Safepoint "Cleanup", Time since last: 1289744308 ns, Reaching safepoint: 253122 ns, At safepoint: 238415 ns, Total: 491537 ns
[2023-07-18T19:49:18.349+0000][66][info ][safepoint   ] Safepoint "Cleanup", Time since last: 16316661860 ns, Reaching safepoint: 446964 ns, At safepoint: 47388 ns, Total: 494352 ns
[2023-07-18T19:49:20.320+0000][66][info ][safepoint   ] Safepoint "Cleanup", Time since last: 1970568779 ns, Reaching safepoint: 319822 ns, At safepoint: 7196 ns, Total: 327018 ns
[2023-07-18T19:49:21.323+0000][66][info ][safepoint   ] Safepoint "Cleanup", Time since last: 1002366608 ns, Reaching safepoint: 392472 ns, At safepoint: 7769 ns, Total: 400241 ns
[2023-07-18T19:49:24.143+0000][66][info ][safepoint   ] Safepoint "Cleanup", Time since last: 2819600219 ns, Reaching safepoint: 239564 ns, At safepoint: 55668 ns, Total: 295232 ns
[2023-07-18T19:49:26.371+0000][66][info ][safepoint   ] Safepoint "Cleanup", Time since last: 2228400460 ns, Reaching safepoint: 90731 ns, At safepoint: 7232 ns, Total: 97963 ns
[2023-07-18T19:49:28.243+0000][66][info ][safepoint   ] Safepoint "Cleanup", Time since last: 1871133572 ns, Reaching safepoint: 211444 ns, At safepoint: 52814 ns, Total: 264258 ns
[2023-07-18T19:49:36.133+0000][66][info ][safepoint   ] Safepoint "Cleanup", Time since last: 7889600290 ns, Reaching safepoint: 237770 ns, At safepoint: 54400 ns, Total: 292170 ns
[2023-07-18T19:49:42.110+0000][66][info ][safepoint   ] Safepoint "Cleanup", Time since last: 5976853922 ns, Reaching safepoint: 138276 ns, At safepoint: 4441 ns, Total: 142717 ns
[2023-07-18T19:49:45.544+0000][66][info ][safepoint   ] Safepoint "Cleanup", Time since last: 3433739066 ns, Reaching safepoint: 245186 ns, At safepoint: 5797 ns, Total: 250983 ns
[2023-07-18T19:49:48.130+0000][66][info ][safepoint   ] Safepoint "Cleanup", Time since last: 2585810348 ns, Reaching safepoint: 354254 ns, At safepoint: 94935 ns, Total: 449189 ns
[2023-07-18T19:49:49.940+0000][66][info ][safepoint   ] Safepoint "Cleanup", Time since last: 1809675017 ns, Reaching safepoint: 488371 ns, At safepoint: 6862 ns, Total: 495233 ns
[2023-07-18T19:49:54.599+0000][66][info ][safepoint   ] Safepoint "Cleanup", Time since last: 4657881733 ns, Reaching safepoint: 310837 ns, At safepoint: 43415 ns, Total: 354252 ns
[2023-07-18T19:49:57.506+0000][66][info ][safepoint   ] Safepoint "Cleanup", Time since last: 2907099579 ns, Reaching safepoint: 477393 ns, At safepoint: 16546 ns, Total: 493939 ns
[2023-07-18T19:50:00.154+0000][66][info ][safepoint   ] Safepoint "Cleanup", Time since last: 2647755070 ns, Reaching safepoint: 375831 ns, At safepoint: 47545 ns, Total: 423376 ns
[2023-07-18T19:50:01.844+0000][66][info ][safepoint   ] Safepoint "Cleanup", Time since last: 1689005047 ns, Reaching safepoint: 521128 ns, At safepoint: 44007 ns, Total: 565135 ns
[2023-07-18T19:50:03.847+0000][66][info ][safepoint   ] Safepoint "Cleanup", Time since last: 2002675371 ns, Reaching safepoint: 265086 ns, At safepoint: 5011 ns, Total: 270097 ns
[2023-07-18T19:50:06.146+0000][66][info ][safepoint   ] Safepoint "Cleanup", Time since last: 2298787132 ns, Reaching safepoint: 212960 ns, At safepoint: 52574 ns, Total: 265534 ns
[2023-07-18T19:50:07.250+0000][66][info ][safepoint   ] Safepoint "Cleanup", Time since last: 1103933312 ns, Reaching safepoint: 417912 ns, At safepoint: 57743 ns, Total: 475655 ns
[2023-07-18T19:50:18.147+0000][66][info ][safepoint   ] Safepoint "Cleanup", Time since last: 10896355963 ns, Reaching safepoint: 387821 ns, At safepoint: 61004 ns, Total: 448825 ns
[2023-07-18T19:50:19.701+0000][66][info ][safepoint   ] Safepoint "Cleanup", Time since last: 1553271782 ns, Reaching safepoint: 468606 ns, At safepoint: 60086 ns, Total: 528692 ns
[2023-07-18T19:50:21.487+0000][66][info ][safepoint   ] Safepoint "Cleanup", Time since last: 1785440112 ns, Reaching safepoint: 287826 ns, At safepoint: 5630 ns, Total: 293456 ns
[2023-07-18T19:50:24.717+0000][66][info ][safepoint   ] Safepoint "Cleanup", Time since last: 3229969001 ns, Reaching safepoint: 204144 ns, At safepoint: 56621 ns, Total: 260765 ns
[2023-07-18T19:50:26.815+0000][66][info ][safepoint   ] Safepoint "Cleanup", Time since last: 2097236985 ns, Reaching safepoint: 279988 ns, At safepoint: 14911 ns, Total: 294899 ns
[2023-07-18T19:50:27.818+0000][66][info ][safepoint   ] Safepoint "Cleanup", Time since last: 1002458660 ns, Reaching safepoint: 393021 ns, At safepoint: 6820 ns, Total: 399841 ns
[2023-07-18T19:50:30.308+0000][66][info ][safepoint   ] Safepoint "Cleanup", Time since last: 2490199298 ns, Reaching safepoint: 444161 ns, At safepoint: 127777 ns, Total: 571938 ns
[2023-07-18T19:50:43.205+0000][66][info ][safepoint   ] Safepoint "Cleanup", Time since last: 12896147367 ns, Reaching safepoint: 588897 ns, At safepoint: 9849 ns, Total: 598746 ns
[2023-07-18T19:50:44.664+0000][66][info ][safepoint   ] Safepoint "Cleanup", Time since last: 1458551007 ns, Reaching safepoint: 291665 ns, At safepoint: 42120 ns, Total: 333785 ns
[2023-07-18T19:50:45.678+0000][66][info ][safepoint   ] Safepoint "Cleanup", Time since last: 1013307376 ns, Reaching safepoint: 279575 ns, At safepoint: 4550 ns, Total: 284125 ns
[2023-07-18T19:50:48.144+0000][66][info ][safepoint   ] Safepoint "Cleanup", Time since last: 2465913091 ns, Reaching safepoint: 109159 ns, At safepoint: 51451 ns, Total: 160610 ns
[2023-07-18T19:50:50.091+0000][66][info ][safepoint   ] Safepoint "Cleanup", Time since last: 1946114801 ns, Reaching safepoint: 478203 ns, At safepoint: 29015 ns, Total: 507218 ns
[2023-07-18T19:50:58.487+0000][66][info ][safepoint   ] Safepoint "Cleanup", Time since last: 8396121608 ns, Reaching safepoint: 496913 ns, At safepoint: 15376 ns, Total: 512289 ns
[2023-07-18T19:51:00.144+0000][66][info ][safepoint   ] Safepoint "Cleanup", Time since last: 1655925783 ns, Reaching safepoint: 344595 ns, At safepoint: 43419 ns, Total: 388014 ns
[2023-07-18T19:51:03.148+0000][66][info ][safepoint   ] Safepoint "Cleanup", Time since last: 3003849484 ns, Reaching safepoint: 264395 ns, At safepoint: 58539 ns, Total: 322934 ns
[2023-07-18T19:51:04.247+0000][66][info ][safepoint   ] Safepoint "Cleanup", Time since last: 1099413599 ns, Reaching safepoint: 215146 ns, At safepoint: 46279 ns, Total: 261425 ns
[2023-07-18T19:51:06.033+0000][66][info ][safepoint   ] Safepoint "Cleanup", Time since last: 1785506834 ns, Reaching safepoint: 265638 ns, At safepoint: 42875 ns, Total: 308513 ns
[2023-07-18T19:51:07.090+0000][66][info ][safepoint   ] Safepoint "Cleanup", Time since last: 1056184418 ns, Reaching safepoint: 215536 ns, At safepoint: 90558 ns, Total: 306094 ns
[2023-07-18T19:51:37.400+0000][66][info ][safepoint   ] Safepoint "Cleanup", Time since last: 30329099126 ns, Reaching safepoint: 294400 ns, At safepoint: 48895 ns, Total: 343295 ns
[2023-07-18T19:51:44.861+0000][66][info ][safepoint   ] Safepoint "Cleanup", Time since last: 7465132260 ns, Reaching safepoint: 422692 ns, At safepoint: 7203 ns, Total: 429895 ns
[2023-07-18T19:51:48.327+0000][66][info ][safepoint   ] Safepoint "Cleanup", Time since last: 3465407275 ns, Reaching safepoint: 267010 ns, At safepoint: 53563 ns, Total: 320573 ns
[2023-07-18T19:51:50.261+0000][66][info ][safepoint   ] Safepoint "Cleanup", Time since last: 1933469445 ns, Reaching safepoint: 530116 ns, At safepoint: 10017 ns, Total: 540133 ns
[2023-07-18T19:51:51.265+0000][66][info ][safepoint   ] Safepoint "Cleanup", Time since last: 1003182472 ns, Reaching safepoint: 441209 ns, At safepoint: 74944 ns, Total: 516153 ns
[2023-07-18T19:51:54.914+0000][66][info ][safepoint   ] Safepoint "Cleanup", Time since last: 3648719958 ns, Reaching safepoint: 334966 ns, At safepoint: 63180 ns, Total: 398146 ns
[2023-07-18T19:51:57.139+0000][66][info ][safepoint   ] Safepoint "Cleanup", Time since last: 2224374422 ns, Reaching safepoint: 338441 ns, At safepoint: 5762 ns, Total: 344203 ns
[2023-07-18T19:52:19.972+0000][66][info ][safepoint   ] Safepoint "Cleanup", Time since last: 22833478545 ns, Reaching safepoint: 302268 ns, At safepoint: 66759 ns, Total: 369027 ns
[2023-07-18T19:52:30.091+0000][66][info ][safepoint   ] Safepoint "Cleanup", Time since last: 10117980787 ns, Reaching safepoint: 409749 ns, At safepoint: 61778 ns, Total: 471527 ns
[2023-07-18T19:52:38.976+0000][66][info ][safepoint   ] Safepoint "Cleanup", Time since last: 8885024586 ns, Reaching safepoint: 330280 ns, At safepoint: 6658 ns, Total: 336938 ns
[2023-07-18T19:52:40.980+0000][66][info ][safepoint   ] Safepoint "Cleanup", Time since last: 2003343914 ns, Reaching safepoint: 996783 ns, At safepoint: 26685 ns, Total: 1023468 ns
[2023-07-18T19:52:45.362+0000][66][info ][safepoint   ] Safepoint "Cleanup", Time since last: 4380990915 ns, Reaching safepoint: 348353 ns, At safepoint: 6495 ns, Total: 354848 ns
[2023-07-18T19:52:48.340+0000][66][info ][safepoint   ] Safepoint "Cleanup", Time since last: 2978510964 ns, Reaching safepoint: 158031 ns, At safepoint: 49347 ns, Total: 207378 ns
[2023-07-18T19:52:49.966+0000][66][info ][safepoint   ] Safepoint "Cleanup", Time since last: 1625357805 ns, Reaching safepoint: 397895 ns, At safepoint: 6843 ns, Total: 404738 ns
[2023-07-18T19:52:54.127+0000][66][info ][safepoint   ] Safepoint "Cleanup", Time since last: 4160409485 ns, Reaching safepoint: 162786 ns, At safepoint: 61759 ns, Total: 224545 ns
[2023-07-18T19:53:03.048+0000][66][info ][safepoint   ] Safepoint "Cleanup", Time since last: 8921160663 ns, Reaching safepoint: 341737 ns, At safepoint: 6464 ns, Total: 348201 ns
[2023-07-18T19:53:12.343+0000][66][info ][safepoint   ] Safepoint "Cleanup", Time since last: 9294137556 ns, Reaching safepoint: 147080 ns, At safepoint: 93731 ns, Total: 240811 ns
[2023-07-18T19:53:14.012+0000][66][info ][safepoint   ] Safepoint "Cleanup", Time since last: 1668554327 ns, Reaching safepoint: 520157 ns, At safepoint: 9976 ns, Total: 530133 ns
[2023-07-18T19:53:15.015+0000][66][info ][safepoint   ] Safepoint "Cleanup", Time since last: 1002912822 ns, Reaching safepoint: 292677 ns, At safepoint: 7332 ns, Total: 300009 ns
[2023-07-18T19:53:18.018+0000][66][info ][safepoint   ] Safepoint "Cleanup", Time since last: 3002822994 ns, Reaching safepoint: 409980 ns, At safepoint: 14822 ns, Total: 424802 ns
[2023-07-18T19:53:24.123+0000][66][info ][safepoint   ] Safepoint "Cleanup", Time since last: 6104432503 ns, Reaching safepoint: 316485 ns, At safepoint: 105587 ns, Total: 422072 ns
[2023-07-18T19:53:36.522+0000][66][info ][safepoint   ] Safepoint "Cleanup", Time since last: 12398527116 ns, Reaching safepoint: 225123 ns, At safepoint: 139957 ns, Total: 365080 ns
[2023-07-18T19:53:54.070+0000][66][info ][safepoint   ] Safepoint "Cleanup", Time since last: 17547201931 ns, Reaching safepoint: 270078 ns, At safepoint: 4592 ns, Total: 274670 ns
[2023-07-18T19:53:56.439+0000][66][info ][safepoint   ] Safepoint "Cleanup", Time since last: 2369178980 ns, Reaching safepoint: 232938 ns, At safepoint: 5043 ns, Total: 237981 ns
[2023-07-18T19:53:59.443+0000][66][info ][safepoint   ] Safepoint "Cleanup", Time since last: 3003002066 ns, Reaching safepoint: 341868 ns, At safepoint: 7199 ns, Total: 349067 ns
[2023-07-18T19:54:00.514+0000][66][info ][safepoint   ] Safepoint "Cleanup", Time since last: 1070608711 ns, Reaching safepoint: 130849 ns, At safepoint: 9048 ns, Total: 139897 ns
[2023-07-18T19:54:14.003+0000][66][info ][safepoint   ] Safepoint "Cleanup", Time since last: 13489219143 ns, Reaching safepoint: 230110 ns, At safepoint: 44195 ns, Total: 274305 ns
[2023-07-18T19:54:33.350+0000][66][info ][safepoint   ] Safepoint "Cleanup", Time since last: 19346277815 ns, Reaching safepoint: 379683 ns, At safepoint: 6966 ns, Total: 386649 ns
[2023-07-18T19:54:43.012+0000][66][info ][safepoint   ] Safepoint "Cleanup", Time since last: 9662052051 ns, Reaching safepoint: 135216 ns, At safepoint: 13691 ns, Total: 148907 ns
[2023-07-18T19:54:45.100+0000][66][info ][safepoint   ] Safepoint "Cleanup", Time since last: 2087186099 ns, Reaching safepoint: 457793 ns, At safepoint: 16218 ns, Total: 474011 ns
[2023-07-18T19:54:54.890+0000][66][info ][safepoint   ] Safepoint "Cleanup", Time since last: 9789314737 ns, Reaching safepoint: 414010 ns, At safepoint: 54815 ns, Total: 468825 ns
[2023-07-18T19:54:58.912+0000][66][info ][safepoint   ] Safepoint "Cleanup", Time since last: 4021466097 ns, Reaching safepoint: 519073 ns, At safepoint: 9757 ns, Total: 528830 ns
[2023-07-18T19:54:59.916+0000][66][info ][safepoint   ] Safepoint "Cleanup", Time since last: 1003855354 ns, Reaching safepoint: 709860 ns, At safepoint: 17577 ns, Total: 727437 ns
[2023-07-18T19:55:01.272+0000][66][info ][safepoint   ] Safepoint "Cleanup", Time since last: 1355133572 ns, Reaching safepoint: 303956 ns, At safepoint: 46629 ns, Total: 350585 ns
[2023-07-18T19:55:06.204+0000][66][info ][safepoint   ] Safepoint "Cleanup", Time since last: 4931898671 ns, Reaching safepoint: 724948 ns, At safepoint: 82026 ns, Total: 806974 ns
[2023-07-18T19:55:07.774+0000][66][info ][safepoint   ] Safepoint "Cleanup", Time since last: 1569420046 ns, Reaching safepoint: 417063 ns, At safepoint: 7111 ns, Total: 424174 ns
[2023-07-18T19:55:18.161+0000][66][info ][safepoint   ] Safepoint "Cleanup", Time since last: 10385659999 ns, Reaching safepoint: 355364 ns, At safepoint: 16682 ns, Total: 372046 ns
[2023-07-18T19:55:19.281+0000][66][info ][safepoint   ] Safepoint "Cleanup", Time since last: 1120115116 ns, Reaching safepoint: 265591 ns, At safepoint: 52212 ns, Total: 317803 ns
[2023-07-18T19:55:20.700+0000][66][info ][safepoint   ] Safepoint "Cleanup", Time since last: 1418780403 ns, Reaching safepoint: 298678 ns, At safepoint: 5769 ns, Total: 304447 ns
[2023-07-18T19:55:24.160+0000][66][info ][safepoint   ] Safepoint "Cleanup", Time since last: 3459367625 ns, Reaching safepoint: 243565 ns, At safepoint: 47224 ns, Total: 290789 ns
[2023-07-18T19:55:30.015+0000][66][info ][safepoint   ] Safepoint "Cleanup", Time since last: 5854704554 ns, Reaching safepoint: 126468 ns, At safepoint: 12969 ns, Total: 139437 ns
[2023-07-18T19:55:39.773+0000][66][info ][safepoint   ] Safepoint "Cleanup", Time since last: 9757956921 ns, Reaching safepoint: 532963 ns, At safepoint: 186037 ns, Total: 719000 ns
[2023-07-18T19:55:43.463+0000][66][info ][safepoint   ] Safepoint "Cleanup", Time since last: 3689461681 ns, Reaching safepoint: 296257 ns, At safepoint: 104377 ns, Total: 400634 ns
[2023-07-18T19:55:48.168+0000][66][info ][safepoint   ] Safepoint "Cleanup", Time since last: 4704309542 ns, Reaching safepoint: 297428 ns, At safepoint: 58716 ns, Total: 356144 ns
[2023-07-18T19:55:50.661+0000][66][info ][safepoint   ] Safepoint "Cleanup", Time since last: 2491951557 ns, Reaching safepoint: 619668 ns, At safepoint: 9730 ns, Total: 629398 ns
[2023-07-18T19:55:54.946+0000][66][info ][safepoint   ] Safepoint "Cleanup", Time since last: 4284527881 ns, Reaching safepoint: 413590 ns, At safepoint: 46346 ns, Total: 459936 ns
[2023-07-18T19:56:06.719+0000][66][info ][safepoint   ] Safepoint "Cleanup", Time since last: 11772943795 ns, Reaching safepoint: 359725 ns, At safepoint: 51440 ns, Total: 411165 ns
[2023-07-18T19:56:08.329+0000][66][info ][safepoint   ] Safepoint "Cleanup", Time since last: 1610096801 ns, Reaching safepoint: 289695 ns, At safepoint: 75533 ns, Total: 365228 ns
[2023-07-18T19:56:09.348+0000][66][info ][safepoint   ] Safepoint "Cleanup", Time since last: 1018336959 ns, Reaching safepoint: 460222 ns, At safepoint: 61450 ns, Total: 521672 ns
[2023-07-18T19:56:10.360+0000][66][info ][safepoint   ] Safepoint "Cleanup", Time since last: 1010854888 ns, Reaching safepoint: 398027 ns, At safepoint: 13271 ns, Total: 411298 ns
[2023-07-18T19:56:11.385+0000][66][info ][safepoint   ] Safepoint "Cleanup", Time since last: 1025305068 ns, Reaching safepoint: 358016 ns, At safepoint: 53381 ns, Total: 411397 ns
[2023-07-18T19:56:24.047+0000][66][info ][safepoint   ] Safepoint "Cleanup", Time since last: 12661439671 ns, Reaching safepoint: 92168 ns, At safepoint: 3413 ns, Total: 95581 ns
[2023-07-18T19:56:26.428+0000][66][info ][safepoint   ] Safepoint "Cleanup", Time since last: 2380572527 ns, Reaching safepoint: 536409 ns, At safepoint: 9522 ns, Total: 545931 ns
[2023-07-18T19:56:30.178+0000][66][info ][safepoint   ] Safepoint "Cleanup", Time since last: 3749994489 ns, Reaching safepoint: 93736 ns, At safepoint: 43835 ns, Total: 137571 ns
[2023-07-18T19:56:31.824+0000][66][info ][safepoint   ] Safepoint "Cleanup", Time since last: 1645327948 ns, Reaching safepoint: 508529 ns, At safepoint: 33110 ns, Total: 541639 ns
[2023-07-18T19:56:36.549+0000][66][info ][safepoint   ] Safepoint "Cleanup", Time since last: 4724558201 ns, Reaching safepoint: 177172 ns, At safepoint: 43661 ns, Total: 220833 ns
[2023-07-18T19:56:38.362+0000][66][info ][safepoint   ] Safepoint "Cleanup", Time since last: 1812375472 ns, Reaching safepoint: 783077 ns, At safepoint: 21439 ns, Total: 804516 ns
[2023-07-18T19:56:43.367+0000][66][info ][safepoint   ] Safepoint "Cleanup", Time since last: 5003874021 ns, Reaching safepoint: 543343 ns, At safepoint: 9624 ns, Total: 552967 ns
[2023-07-18T19:57:00.734+0000][66][info ][safepoint   ] Safepoint "Cleanup", Time since last: 17367130604 ns, Reaching safepoint: 196250 ns, At safepoint: 56491 ns, Total: 252741 ns
[2023-07-18T19:57:07.215+0000][66][info ][safepoint   ] Safepoint "Cleanup", Time since last: 6480615170 ns, Reaching safepoint: 284233 ns, At safepoint: 65945 ns, Total: 350178 ns
[2023-07-18T19:57:39.056+0000][66][info ][safepoint   ] Safepoint "Cleanup", Time since last: 31840365608 ns, Reaching safepoint: 452066 ns, At safepoint: 17852 ns, Total: 469918 ns
[2023-07-18T19:57:42.202+0000][66][info ][safepoint   ] Safepoint "Cleanup", Time since last: 3145271443 ns, Reaching safepoint: 280498 ns, At safepoint: 73403 ns, Total: 353901 ns
[2023-07-18T19:57:45.409+0000][66][info ][safepoint   ] Safepoint "Cleanup", Time since last: 3205737324 ns, Reaching safepoint: 639229 ns, At safepoint: 16468 ns, Total: 655697 ns
[2023-07-18T19:57:50.798+0000][66][info ][safepoint   ] Safepoint "Cleanup", Time since last: 5389164506 ns, Reaching safepoint: 306383 ns, At safepoint: 5500 ns, Total: 311883 ns
[2023-07-18T19:57:51.801+0000][66][info ][safepoint   ] Safepoint "Cleanup", Time since last: 1002899768 ns, Reaching safepoint: 348207 ns, At safepoint: 6849 ns, Total: 355056 ns
[2023-07-18T19:58:18.191+0000][66][info ][safepoint   ] Safepoint "Cleanup", Time since last: 26388988754 ns, Reaching safepoint: 438160 ns, At safepoint: 54166 ns, Total: 492326 ns
[2023-07-18T19:58:20.788+0000][66][info ][safepoint   ] Safepoint "Cleanup", Time since last: 2597154682 ns, Reaching safepoint: 104558 ns, At safepoint: 4262 ns, Total: 108820 ns
[2023-07-18T19:58:23.800+0000][66][info ][safepoint   ] Safepoint "Cleanup", Time since last: 3011819971 ns, Reaching safepoint: 343837 ns, At safepoint: 6623 ns, Total: 350460 ns
[2023-07-18T19:58:25.024+0000][66][info ][safepoint   ] Safepoint "Cleanup", Time since last: 1223232507 ns, Reaching safepoint: 249850 ns, At safepoint: 47745 ns, Total: 297595 ns
[2023-07-18T19:58:26.116+0000][66][info ][safepoint   ] Safepoint "Cleanup", Time since last: 1092195048 ns, Reaching safepoint: 360715 ns, At safepoint: 6525 ns, Total: 367240 ns
[2023-07-18T19:58:45.269+0000][66][info ][safepoint   ] Safepoint "Cleanup", Time since last: 19151794808 ns, Reaching safepoint: 469214 ns, At safepoint: 5485 ns, Total: 474699 ns
[2023-07-18T19:58:49.592+0000][66][info ][safepoint   ] Safepoint "Cleanup", Time since last: 4322915154 ns, Reaching safepoint: 257386 ns, At safepoint: 41269 ns, Total: 298655 ns
[2023-07-18T19:58:50.833+0000][66][info ][safepoint   ] Safepoint "Cleanup", Time since last: 1240697031 ns, Reaching safepoint: 289239 ns, At safepoint: 6247 ns, Total: 295486 ns
[2023-07-18T19:59:00.162+0000][66][info ][safepoint   ] Safepoint "Cleanup", Time since last: 9328357680 ns, Reaching safepoint: 337390 ns, At safepoint: 7670 ns, Total: 345060 ns
[2023-07-18T19:59:06.836+0000][66][info ][safepoint   ] Safepoint "Cleanup", Time since last: 6673547663 ns, Reaching safepoint: 378180 ns, At safepoint: 43733 ns, Total: 421913 ns
[2023-07-18T19:59:15.473+0000][66][info ][safepoint   ] Safepoint "Cleanup", Time since last: 8637135696 ns, Reaching safepoint: 456490 ns, At safepoint: 9686 ns, Total: 466176 ns
[2023-07-18T19:59:18.693+0000][66][info ][safepoint   ] Safepoint "Cleanup", Time since last: 3219203734 ns, Reaching safepoint: 357018 ns, At safepoint: 10796 ns, Total: 367814 ns
[2023-07-18T19:59:43.510+0000][66][info ][gc,start    ] GC(16) Pause Young (Normal) (G1 Evacuation Pause)
[2023-07-18T19:59:43.512+0000][66][info ][gc,task     ] GC(16) Using 6 workers of 6 for evacuation
[2023-07-18T19:59:43.513+0000][66][debug][gc,age      ] GC(16) Desired survivor size 155189248 bytes, new threshold 15 (max threshold 15)
[2023-07-18T19:59:43.542+0000][66][info ][gc,phases   ] GC(16)   Pre Evacuate Collection Set: 0.4ms
[2023-07-18T19:59:43.544+0000][66][info ][gc,phases   ] GC(16)   Merge Heap Roots: 0.3ms
[2023-07-18T19:59:43.545+0000][66][info ][gc,phases   ] GC(16)   Evacuate Collection Set: 23.2ms
[2023-07-18T19:59:43.547+0000][66][info ][gc,phases   ] GC(16)   Post Evacuate Collection Set: 3.9ms
[2023-07-18T19:59:43.548+0000][66][info ][gc,phases   ] GC(16)   Other: 2.1ms
[2023-07-18T19:59:43.550+0000][66][trace][gc,age      ] GC(16) Age table with threshold 15 (max threshold 15)
[2023-07-18T19:59:43.551+0000][66][trace][gc,age      ] GC(16) - age   1:    1947688 bytes,    1947688 total
[2023-07-18T19:59:43.553+0000][66][trace][gc,age      ] GC(16) - age   2:     424680 bytes,    2372368 total
[2023-07-18T19:59:43.554+0000][66][trace][gc,age      ] GC(16) - age   3:    2013160 bytes,    4385528 total
[2023-07-18T19:59:43.555+0000][66][trace][gc,age      ] GC(16) - age   4:    3902160 bytes,    8287688 total
[2023-07-18T19:59:43.556+0000][66][trace][gc,age      ] GC(16) - age   5:   31339168 bytes,   39626856 total
[2023-07-18T19:59:43.557+0000][66][trace][gc,age      ] GC(16) - age   6:    4029416 bytes,   43656272 total
[2023-07-18T19:59:43.558+0000][66][info ][gc,heap     ] GC(16) Eden regions: 578->0(577)
[2023-07-18T19:59:43.559+0000][66][info ][gc,heap     ] GC(16) Survivor regions: 11->12(74)
[2023-07-18T19:59:43.560+0000][66][info ][gc,heap     ] GC(16) Old regions: 17->17
[2023-07-18T19:59:43.562+0000][66][info ][gc,heap     ] GC(16) Archive regions: 2->2
[2023-07-18T19:59:43.562+0000][66][info ][gc,heap     ] GC(16) Humongous regions: 0->0
[2023-07-18T19:59:43.564+0000][66][info ][gc,metaspace] GC(16) Metaspace: 137943K(141312K)->137943K(141312K) NonClass: 120048K(121792K)->120048K(121792K) Class: 17894K(19520K)->17894K(19520K)
[2023-07-18T19:59:43.565+0000][66][info ][gc          ] GC(16) Pause Young (Normal) (G1 Evacuation Pause) 2424M->114M(3932M) 54.711ms
[2023-07-18T19:59:43.566+0000][66][info ][gc,cpu      ] GC(16) User=0.13s Sys=0.01s Real=0.06s
[2023-07-18T19:59:43.567+0000][66][info ][safepoint   ] Safepoint "G1CollectForAllocation", Time since last: 24816437789 ns, Reaching safepoint: 274054 ns, At safepoint: 57411867 ns, Total: 57685921 ns
[2023-07-18T19:59:45.578+0000][66][info ][safepoint   ] Safepoint "Cleanup", Time since last: 2010276174 ns, Reaching safepoint: 839849 ns, At safepoint: 24962 ns, Total: 864811 ns
[2023-07-18T20:00:01.549+0000][66][info ][safepoint   ] Safepoint "Cleanup", Time since last: 15970857127 ns, Reaching safepoint: 310519 ns, At safepoint: 14380 ns, Total: 324899 ns
[2023-07-18T20:00:07.326+0000][66][info ][safepoint   ] Safepoint "Cleanup", Time since last: 5776448408 ns, Reaching safepoint: 175939 ns, At safepoint: 76782 ns, Total: 252721 ns
[2023-07-18T20:00:09.199+0000][66][info ][safepoint   ] Safepoint "Cleanup", Time since last: 1871996584 ns, Reaching safepoint: 590120 ns, At safepoint: 26588 ns, Total: 616708 ns
[2023-07-18T20:00:12.203+0000][66][info ][safepoint   ] Safepoint "Cleanup", Time since last: 3004202260 ns, Reaching safepoint: 339343 ns, At safepoint: 15206 ns, Total: 354549 ns
[2023-07-18T20:00:24.215+0000][66][info ][safepoint   ] Safepoint "Cleanup", Time since last: 12011152249 ns, Reaching safepoint: 168230 ns, At safepoint: 9551 ns, Total: 177781 ns
[2023-07-18T20:00:25.425+0000][66][info ][safepoint   ] Safepoint "Cleanup", Time since last: 1209372000 ns, Reaching safepoint: 196808 ns, At safepoint: 4447 ns, Total: 201255 ns
[2023-07-18T20:00:30.236+0000][66][info ][safepoint   ] Safepoint "Cleanup", Time since last: 4810946827 ns, Reaching safepoint: 391619 ns, At safepoint: 55708 ns, Total: 447327 ns
[2023-07-18T20:00:36.424+0000][66][info ][safepoint   ] Safepoint "Cleanup", Time since last: 6187675725 ns, Reaching safepoint: 396432 ns, At safepoint: 78930 ns, Total: 475362 ns
[2023-07-18T20:00:37.425+0000][66][info ][safepoint   ] Safepoint "Cleanup", Time since last: 1000719019 ns, Reaching safepoint: 429832 ns, At safepoint: 42238 ns, Total: 472070 ns
[2023-07-18T20:00:44.902+0000][66][info ][safepoint   ] Safepoint "Cleanup", Time since last: 7475679218 ns, Reaching safepoint: 369417 ns, At safepoint: 7114 ns, Total: 376531 ns
[2023-07-18T20:00:48.428+0000][66][info ][safepoint   ] Safepoint "Cleanup", Time since last: 3525494833 ns, Reaching safepoint: 314149 ns, At safepoint: 42085 ns, Total: 356234 ns
[2023-07-18T20:00:50.301+0000][66][info ][safepoint   ] Safepoint "Cleanup", Time since last: 1872676564 ns, Reaching safepoint: 814854 ns, At safepoint: 18826 ns, Total: 833680 ns
[2023-07-18T20:00:57.687+0000][66][info ][safepoint   ] Safepoint "Cleanup", Time since last: 7384976203 ns, Reaching safepoint: 518363 ns, At safepoint: 9500 ns, Total: 527863 ns
[2023-07-18T20:01:10.778+0000][66][info ][safepoint   ] Safepoint "Cleanup", Time since last: 13090888614 ns, Reaching safepoint: 248670 ns, At safepoint: 65142 ns, Total: 313812 ns
[2023-07-18T20:01:12.218+0000][66][info ][safepoint   ] Safepoint "Cleanup", Time since last: 1439718224 ns, Reaching safepoint: 351380 ns, At safepoint: 46445 ns, Total: 397825 ns
[2023-07-18T20:01:15.105+0000][66][info ][safepoint   ] Safepoint "Cleanup", Time since last: 2886340532 ns, Reaching safepoint: 441598 ns, At safepoint: 18894 ns, Total: 460492 ns
[2023-07-18T20:01:20.618+0000][66][info ][safepoint   ] Safepoint "Cleanup", Time since last: 5512677871 ns, Reaching safepoint: 360946 ns, At safepoint: 7819 ns, Total: 368765 ns
[2023-07-18T20:01:28.934+0000][66][info ][safepoint   ] Safepoint "Cleanup", Time since last: 8315534505 ns, Reaching safepoint: 442697 ns, At safepoint: 18666 ns, Total: 461363 ns
[2023-07-18T20:01:43.453+0000][66][info ][safepoint   ] Safepoint "Cleanup", Time since last: 14518057882 ns, Reaching safepoint: 316951 ns, At safepoint: 45527 ns, Total: 362478 ns
[2023-07-18T20:01:51.604+0000][66][info ][safepoint   ] Safepoint "Cleanup", Time since last: 8150237376 ns, Reaching safepoint: 619048 ns, At safepoint: 18606 ns, Total: 637654 ns
[2023-07-18T20:02:21.136+0000][66][info ][safepoint   ] Safepoint "Cleanup", Time since last: 29531508574 ns, Reaching safepoint: 422122 ns, At safepoint: 10020 ns, Total: 432142 ns
[2023-07-18T20:02:25.455+0000][66][info ][safepoint   ] Safepoint "Cleanup", Time since last: 4318816262 ns, Reaching safepoint: 347623 ns, At safepoint: 43619 ns, Total: 391242 ns
[2023-07-18T20:02:40.536+0000][66][info ][safepoint   ] Safepoint "Cleanup", Time since last: 15080480616 ns, Reaching safepoint: 333470 ns, At safepoint: 17606 ns, Total: 351076 ns
[2023-07-18T20:02:44.858+0000][66][info ][safepoint   ] Safepoint "Cleanup", Time since last: 4321952112 ns, Reaching safepoint: 303472 ns, At safepoint: 6454 ns, Total: 309926 ns
[2023-07-18T20:02:50.240+0000][66][info ][safepoint   ] Safepoint "Cleanup", Time since last: 5381176941 ns, Reaching safepoint: 334278 ns, At safepoint: 5436 ns, Total: 339714 ns
[2023-07-18T20:02:57.641+0000][66][info ][safepoint   ] Safepoint "Cleanup", Time since last: 7400624992 ns, Reaching safepoint: 558089 ns, At safepoint: 23171 ns, Total: 581260 ns
[2023-07-18T20:03:06.244+0000][66][info ][safepoint   ] Safepoint "Cleanup", Time since last: 8602808039 ns, Reaching safepoint: 133597 ns, At safepoint: 43649 ns, Total: 177246 ns
[2023-07-18T20:03:24.253+0000][66][info ][safepoint   ] Safepoint "Cleanup", Time since last: 18008319951 ns, Reaching safepoint: 332738 ns, At safepoint: 52525 ns, Total: 385263 ns
[2023-07-18T20:03:25.463+0000][66][info ][safepoint   ] Safepoint "Cleanup", Time since last: 1209546886 ns, Reaching safepoint: 826026 ns, At safepoint: 25465 ns, Total: 851491 ns
[2023-07-18T20:03:30.266+0000][66][info ][safepoint   ] Safepoint "Cleanup", Time since last: 4802169346 ns, Reaching safepoint: 90993 ns, At safepoint: 97961 ns, Total: 188954 ns
[2023-07-18T20:03:31.293+0000][66][info ][safepoint   ] Safepoint "Cleanup", Time since last: 1027029410 ns, Reaching safepoint: 306571 ns, At safepoint: 43085 ns, Total: 349656 ns
[2023-07-18T20:03:37.448+0000][66][info ][safepoint   ] Safepoint "Cleanup", Time since last: 6154471121 ns, Reaching safepoint: 363027 ns, At safepoint: 49107 ns, Total: 412134 ns
[2023-07-18T20:03:42.452+0000][66][info ][safepoint   ] Safepoint "Cleanup", Time since last: 5003678115 ns, Reaching safepoint: 328857 ns, At safepoint: 52875 ns, Total: 381732 ns
[2023-07-18T20:03:44.026+0000][66][info ][safepoint   ] Safepoint "Cleanup", Time since last: 1573481351 ns, Reaching safepoint: 632505 ns, At safepoint: 11541 ns, Total: 644046 ns
[2023-07-18T20:03:45.029+0000][66][info ][safepoint   ] Safepoint "Cleanup", Time since last: 1002685555 ns, Reaching safepoint: 455354 ns, At safepoint: 21589 ns, Total: 476943 ns
[2023-07-18T20:03:56.079+0000][66][info ][safepoint   ] Safepoint "Cleanup", Time since last: 11049111740 ns, Reaching safepoint: 190556 ns, At safepoint: 47688 ns, Total: 238244 ns
[2023-07-18T20:04:01.402+0000][66][info ][safepoint   ] Safepoint "Cleanup", Time since last: 5323226577 ns, Reaching safepoint: 358612 ns, At safepoint: 26759 ns, Total: 385371 ns
[2023-07-18T20:04:12.251+0000][66][info ][safepoint   ] Safepoint "Cleanup", Time since last: 10848751664 ns, Reaching safepoint: 115204 ns, At safepoint: 55450 ns, Total: 170654 ns
[2023-07-18T20:04:13.318+0000][66][info ][safepoint   ] Safepoint "Cleanup", Time since last: 1066331465 ns, Reaching safepoint: 279403 ns, At safepoint: 15200 ns, Total: 294603 ns
[2023-07-18T20:04:18.488+0000][66][info ][safepoint   ] Safepoint "Cleanup", Time since last: 5169374229 ns, Reaching safepoint: 276207 ns, At safepoint: 45262 ns, Total: 321469 ns
[2023-07-18T20:04:20.220+0000][66][info ][safepoint   ] Safepoint "Cleanup", Time since last: 1731648710 ns, Reaching safepoint: 352518 ns, At safepoint: 118280 ns, Total: 470798 ns
[2023-07-18T20:04:21.438+0000][66][info ][safepoint   ] Safepoint "Cleanup", Time since last: 1217333974 ns, Reaching safepoint: 326940 ns, At safepoint: 15800 ns, Total: 342740 ns
[2023-07-18T20:04:24.261+0000][66][info ][safepoint   ] Safepoint "Cleanup", Time since last: 2822910721 ns, Reaching safepoint: 267792 ns, At safepoint: 49797 ns, Total: 317589 ns
[2023-07-18T20:04:30.264+0000][66][info ][safepoint   ] Safepoint "Cleanup", Time since last: 6002437963 ns, Reaching safepoint: 315252 ns, At safepoint: 61359 ns, Total: 376611 ns
[2023-07-18T20:04:43.326+0000][66][info ][safepoint   ] Safepoint "Cleanup", Time since last: 13061887019 ns, Reaching safepoint: 303409 ns, At safepoint: 57735 ns, Total: 361144 ns
[2023-07-18T20:04:45.105+0000][66][info ][safepoint   ] Safepoint "Cleanup", Time since last: 1778588973 ns, Reaching safepoint: 491507 ns, At safepoint: 15927 ns, Total: 507434 ns
[2023-07-18T20:05:01.381+0000][66][info ][safepoint   ] Safepoint "Cleanup", Time since last: 16275409785 ns, Reaching safepoint: 255784 ns, At safepoint: 5542 ns, Total: 261326 ns
[2023-07-18T20:05:05.526+0000][66][info ][safepoint   ] Safepoint "Cleanup", Time since last: 4144449808 ns, Reaching safepoint: 323112 ns, At safepoint: 17170 ns, Total: 340282 ns
[2023-07-18T20:05:06.822+0000][66][info ][safepoint   ] Safepoint "Cleanup", Time since last: 1295649470 ns, Reaching safepoint: 233185 ns, At safepoint: 42700 ns, Total: 275885 ns
[2023-07-18T20:05:10.077+0000][66][info ][safepoint   ] Safepoint "Cleanup", Time since last: 3254959841 ns, Reaching safepoint: 296479 ns, At safepoint: 12023 ns, Total: 308502 ns
[2023-07-18T20:05:12.262+0000][66][info ][safepoint   ] Safepoint "Cleanup", Time since last: 2184712077 ns, Reaching safepoint: 274550 ns, At safepoint: 54649 ns, Total: 329199 ns
[2023-07-18T20:05:15.392+0000][66][info ][safepoint   ] Safepoint "Cleanup", Time since last: 3129312708 ns, Reaching safepoint: 339108 ns, At safepoint: 20674 ns, Total: 359782 ns
[2023-07-18T20:05:18.272+0000][66][info ][safepoint   ] Safepoint "Cleanup", Time since last: 2880268903 ns, Reaching safepoint: 263885 ns, At safepoint: 52059 ns, Total: 315944 ns
[2023-07-18T20:05:19.477+0000][66][info ][safepoint   ] Safepoint "Cleanup", Time since last: 1204276974 ns, Reaching safepoint: 383695 ns, At safepoint: 19238 ns, Total: 402933 ns
[2023-07-18T20:05:36.276+0000][66][info ][safepoint   ] Safepoint "Cleanup", Time since last: 16798070752 ns, Reaching safepoint: 370091 ns, At safepoint: 55267 ns, Total: 425358 ns
[2023-07-18T20:05:45.412+0000][66][info ][safepoint   ] Safepoint "Cleanup", Time since last: 9135923196 ns, Reaching safepoint: 349812 ns, At safepoint: 6984 ns, Total: 356796 ns
[2023-07-18T20:05:51.138+0000][66][info ][safepoint   ] Safepoint "Cleanup", Time since last: 5725574644 ns, Reaching safepoint: 355876 ns, At safepoint: 6014 ns, Total: 361890 ns
[2023-07-18T20:06:00.523+0000][66][info ][safepoint   ] Safepoint "Cleanup", Time since last: 9385029030 ns, Reaching safepoint: 378274 ns, At safepoint: 55654 ns, Total: 433928 ns
[2023-07-18T20:06:07.405+0000][66][info ][safepoint   ] Safepoint "Cleanup", Time since last: 6880645272 ns, Reaching safepoint: 530208 ns, At safepoint: 9127 ns, Total: 539335 ns
[2023-07-18T20:06:13.096+0000][66][info ][safepoint   ] Safepoint "Cleanup", Time since last: 5697199199 ns, Reaching safepoint: 264991 ns, At safepoint: 51230 ns, Total: 316221 ns
[2023-07-18T20:06:14.444+0000][66][info ][safepoint   ] Safepoint "Cleanup", Time since last: 1347865140 ns, Reaching safepoint: 497791 ns, At safepoint: 80369 ns, Total: 578160 ns
[2023-07-18T20:06:16.031+0000][66][info ][safepoint   ] Safepoint "Cleanup", Time since last: 1586589536 ns, Reaching safepoint: 245062 ns, At safepoint: 51496 ns, Total: 296558 ns
[2023-07-18T20:06:18.846+0000][66][info ][safepoint   ] Safepoint "Cleanup", Time since last: 2814756088 ns, Reaching safepoint: 205384 ns, At safepoint: 49354 ns, Total: 254738 ns
[2023-07-18T20:06:20.111+0000][66][info ][safepoint   ] Safepoint "Cleanup", Time since last: 1264570303 ns, Reaching safepoint: 194605 ns, At safepoint: 100938 ns, Total: 295543 ns
[2023-07-18T20:06:31.645+0000][66][info ][safepoint   ] Safepoint "Cleanup", Time since last: 11533944134 ns, Reaching safepoint: 202033 ns, At safepoint: 17093 ns, Total: 219126 ns
[2023-07-18T20:06:42.278+0000][66][info ][safepoint   ] Safepoint "Cleanup", Time since last: 10632790988 ns, Reaching safepoint: 118192 ns, At safepoint: 4965 ns, Total: 123157 ns
[2023-07-18T20:06:44.784+0000][66][info ][safepoint   ] Safepoint "Cleanup", Time since last: 2511189003 ns, Reaching safepoint: 264199 ns, At safepoint: 4444 ns, Total: 268643 ns
[2023-07-18T20:06:45.787+0000][66][info ][safepoint   ] Safepoint "Cleanup", Time since last: 1002123133 ns, Reaching safepoint: 358099 ns, At safepoint: 6415 ns, Total: 364514 ns
[2023-07-18T20:06:55.456+0000][66][info ][safepoint   ] Safepoint "Cleanup", Time since last: 9668918132 ns, Reaching safepoint: 275871 ns, At safepoint: 15931 ns, Total: 291802 ns
[2023-07-18T20:07:11.424+0000][66][info ][safepoint   ] Safepoint "Cleanup", Time since last: 15967511406 ns, Reaching safepoint: 528392 ns, At safepoint: 9535 ns, Total: 537927 ns
[2023-07-18T20:07:19.493+0000][66][info ][safepoint   ] Safepoint "Cleanup", Time since last: 8068867929 ns, Reaching safepoint: 318260 ns, At safepoint: 45318 ns, Total: 363578 ns
[2023-07-18T20:07:24.279+0000][66][info ][safepoint   ] Safepoint "Cleanup", Time since last: 4785545500 ns, Reaching safepoint: 349177 ns, At safepoint: 43536 ns, Total: 392713 ns
[2023-07-18T20:07:32.417+0000][66][info ][safepoint   ] Safepoint "Cleanup", Time since last: 8137796289 ns, Reaching safepoint: 314670 ns, At safepoint: 4974 ns, Total: 319644 ns
[2023-07-18T20:07:37.084+0000][66][info ][safepoint   ] Safepoint "Cleanup", Time since last: 4667355067 ns, Reaching safepoint: 97362 ns, At safepoint: 137685 ns, Total: 235047 ns
[2023-07-18T20:07:43.378+0000][66][info ][safepoint   ] Safepoint "Cleanup", Time since last: 6293879604 ns, Reaching safepoint: 367194 ns, At safepoint: 16180 ns, Total: 383374 ns
[2023-07-18T20:07:48.884+0000][66][info ][safepoint   ] Safepoint "Cleanup", Time since last: 5505415695 ns, Reaching safepoint: 142448 ns, At safepoint: 40551 ns, Total: 182999 ns
[2023-07-18T20:07:50.980+0000][66][info ][safepoint   ] Safepoint "Cleanup", Time since last: 2095054160 ns, Reaching safepoint: 941738 ns, At safepoint: 24806 ns, Total: 966544 ns
[2023-07-18T20:07:51.984+0000][66][info ][safepoint   ] Safepoint "Cleanup", Time since last: 1003787714 ns, Reaching safepoint: 365335 ns, At safepoint: 7338 ns, Total: 372673 ns
[2023-07-18T20:08:01.448+0000][66][info ][safepoint   ] Safepoint "Cleanup", Time since last: 9463712650 ns, Reaching safepoint: 252173 ns, At safepoint: 44262 ns, Total: 296435 ns
[2023-07-18T20:08:06.275+0000][66][info ][safepoint   ] Safepoint "Cleanup", Time since last: 4826873775 ns, Reaching safepoint: 181265 ns, At safepoint: 5321 ns, Total: 186586 ns
[2023-07-18T20:08:14.064+0000][66][info ][safepoint   ] Safepoint "Cleanup", Time since last: 7788288399 ns, Reaching safepoint: 537162 ns, At safepoint: 29926 ns, Total: 567088 ns
[2023-07-18T20:08:36.296+0000][66][info ][safepoint   ] Safepoint "Cleanup", Time since last: 22231779620 ns, Reaching safepoint: 259908 ns, At safepoint: 45541 ns, Total: 305449 ns
[2023-07-18T20:08:45.391+0000][66][info ][safepoint   ] Safepoint "Cleanup", Time since last: 9094171409 ns, Reaching safepoint: 795821 ns, At safepoint: 25224 ns, Total: 821045 ns
[2023-07-18T20:08:49.678+0000][66][info ][safepoint   ] Safepoint "Cleanup", Time since last: 4285927855 ns, Reaching safepoint: 386747 ns, At safepoint: 78864 ns, Total: 465611 ns
[2023-07-18T20:08:51.768+0000][66][info ][safepoint   ] Safepoint "Cleanup", Time since last: 2089436601 ns, Reaching safepoint: 350128 ns, At safepoint: 6659 ns, Total: 356787 ns
[2023-07-18T20:08:54.655+0000][66][info ][safepoint   ] Safepoint "Cleanup", Time since last: 2886644261 ns, Reaching safepoint: 247970 ns, At safepoint: 21525 ns, Total: 269495 ns
[2023-07-18T20:08:56.290+0000][66][info ][safepoint   ] Safepoint "Cleanup", Time since last: 1634947738 ns, Reaching safepoint: 794991 ns, At safepoint: 24851 ns, Total: 819842 ns
[2023-07-18T20:09:06.911+0000][66][info ][safepoint   ] Safepoint "Cleanup", Time since last: 10620395502 ns, Reaching safepoint: 163354 ns, At safepoint: 39280 ns, Total: 202634 ns
[2023-07-18T20:09:19.453+0000][66][info ][safepoint   ] Safepoint "Cleanup", Time since last: 12541827710 ns, Reaching safepoint: 98650 ns, At safepoint: 4930 ns, Total: 103580 ns
[2023-07-18T20:09:59.723+0000][66][info ][safepoint   ] Safepoint "Cleanup", Time since last: 40268726783 ns, Reaching safepoint: 532829 ns, At safepoint: 8868 ns, Total: 541697 ns
[2023-07-18T20:10:09.560+0000][66][info ][safepoint   ] Safepoint "Cleanup", Time since last: 9837047797 ns, Reaching safepoint: 619385 ns, At safepoint: 9700 ns, Total: 629085 ns
[2023-07-18T20:10:12.309+0000][66][info ][safepoint   ] Safepoint "Cleanup", Time since last: 2747851759 ns, Reaching safepoint: 566862 ns, At safepoint: 56324 ns, Total: 623186 ns
[2023-07-18T20:10:13.358+0000][66][info ][safepoint   ] Safepoint "Cleanup", Time since last: 1048496377 ns, Reaching safepoint: 284532 ns, At safepoint: 24330 ns, Total: 308862 ns
[2023-07-18T20:10:18.135+0000][66][info ][safepoint   ] Safepoint "Cleanup", Time since last: 4776709453 ns, Reaching safepoint: 324814 ns, At safepoint: 12855 ns, Total: 337669 ns
[2023-07-18T20:10:24.318+0000][66][info ][safepoint   ] Safepoint "Cleanup", Time since last: 6182322174 ns, Reaching safepoint: 349504 ns, At safepoint: 56189 ns, Total: 405693 ns
[2023-07-18T20:10:44.724+0000][66][info ][safepoint   ] Safepoint "Cleanup", Time since last: 20402603252 ns, Reaching safepoint: 3012327 ns, At safepoint: 21058 ns, Total: 3033385 ns
[2023-07-18T20:10:54.850+0000][66][info ][safepoint   ] Safepoint "Cleanup", Time since last: 10125341459 ns, Reaching safepoint: 551538 ns, At safepoint: 291006 ns, Total: 842544 ns
[2023-07-18T20:10:57.307+0000][66][info ][safepoint   ] Safepoint "Cleanup", Time since last: 2457114702 ns, Reaching safepoint: 279163 ns, At safepoint: 46156 ns, Total: 325319 ns
[2023-07-18T20:10:58.963+0000][66][info ][safepoint   ] Safepoint "Cleanup", Time since last: 1655419353 ns, Reaching safepoint: 514252 ns, At safepoint: 19885 ns, Total: 534137 ns
[2023-07-18T20:11:31.211+0000][66][info ][safepoint   ] Safepoint "Cleanup", Time since last: 32247686009 ns, Reaching safepoint: 224447 ns, At safepoint: 55714 ns, Total: 280161 ns
[2023-07-18T20:11:32.240+0000][66][info ][safepoint   ] Safepoint "Cleanup", Time since last: 1029140297 ns, Reaching safepoint: 198933 ns, At safepoint: 54578 ns, Total: 253511 ns
[2023-07-18T20:11:39.750+0000][66][info ][safepoint   ] Safepoint "Cleanup", Time since last: 7509190998 ns, Reaching safepoint: 343777 ns, At safepoint: 6907 ns, Total: 350684 ns
[2023-07-18T20:11:45.138+0000][66][info ][safepoint   ] Safepoint "Cleanup", Time since last: 5387090453 ns, Reaching safepoint: 684161 ns, At safepoint: 26466 ns, Total: 710627 ns
[2023-07-18T20:11:55.197+0000][66][info ][safepoint   ] Safepoint "Cleanup", Time since last: 10058719341 ns, Reaching safepoint: 316075 ns, At safepoint: 62216 ns, Total: 378291 ns
[2023-07-18T20:12:19.277+0000][66][info ][safepoint   ] Safepoint "Cleanup", Time since last: 24079353039 ns, Reaching safepoint: 143426 ns, At safepoint: 44705 ns, Total: 188131 ns
[2023-07-18T20:12:45.143+0000][66][info ][safepoint   ] Safepoint "Cleanup", Time since last: 25865876756 ns, Reaching safepoint: 330716 ns, At safepoint: 4173 ns, Total: 334889 ns
[2023-07-18T20:12:47.763+0000][66][info ][gc,start    ] GC(17) Pause Young (Normal) (G1 Evacuation Pause)
[2023-07-18T20:12:47.765+0000][66][info ][gc,task     ] GC(17) Using 6 workers of 6 for evacuation
[2023-07-18T20:12:47.766+0000][66][debug][gc,age      ] GC(17) Desired survivor size 155189248 bytes, new threshold 15 (max threshold 15)
[2023-07-18T20:12:47.806+0000][66][info ][gc,phases   ] GC(17)   Pre Evacuate Collection Set: 0.6ms
[2023-07-18T20:12:47.807+0000][66][info ][gc,phases   ] GC(17)   Merge Heap Roots: 0.3ms
[2023-07-18T20:12:47.809+0000][66][info ][gc,phases   ] GC(17)   Evacuate Collection Set: 32.5ms
[2023-07-18T20:12:47.810+0000][66][info ][gc,phases   ] GC(17)   Post Evacuate Collection Set: 4.2ms
[2023-07-18T20:12:47.811+0000][66][info ][gc,phases   ] GC(17)   Other: 2.8ms
[2023-07-18T20:12:47.813+0000][66][trace][gc,age      ] GC(17) Age table with threshold 15 (max threshold 15)
[2023-07-18T20:12:47.814+0000][66][trace][gc,age      ] GC(17) - age   1:    1099880 bytes,    1099880 total
[2023-07-18T20:12:47.815+0000][66][trace][gc,age      ] GC(17) - age   2:      30176 bytes,    1130056 total
[2023-07-18T20:12:47.817+0000][66][trace][gc,age      ] GC(17) - age   3:     419800 bytes,    1549856 total
[2023-07-18T20:12:47.818+0000][66][trace][gc,age      ] GC(17) - age   4:    2012440 bytes,    3562296 total
[2023-07-18T20:12:47.819+0000][66][trace][gc,age      ] GC(17) - age   5:    3899280 bytes,    7461576 total
[2023-07-18T20:12:47.820+0000][66][trace][gc,age      ] GC(17) - age   6:   31328080 bytes,   38789656 total
[2023-07-18T20:12:47.821+0000][66][trace][gc,age      ] GC(17) - age   7:    4029416 bytes,   42819072 total
[2023-07-18T20:12:47.822+0000][66][info ][gc,heap     ] GC(17) Eden regions: 577->0(577)
[2023-07-18T20:12:47.823+0000][66][info ][gc,heap     ] GC(17) Survivor regions: 12->12(74)
[2023-07-18T20:12:47.825+0000][66][info ][gc,heap     ] GC(17) Old regions: 17->17
[2023-07-18T20:12:47.826+0000][66][info ][gc,heap     ] GC(17) Archive regions: 2->2
[2023-07-18T20:12:47.827+0000][66][info ][gc,heap     ] GC(17) Humongous regions: 0->0
[2023-07-18T20:12:47.829+0000][66][info ][gc,metaspace] GC(17) Metaspace: 138121K(141504K)->138121K(141504K) NonClass: 120224K(121984K)->120224K(121984K) Class: 17896K(19520K)->17896K(19520K)
[2023-07-18T20:12:47.830+0000][66][info ][gc          ] GC(17) Pause Young (Normal) (G1 Evacuation Pause) 2422M->114M(3932M) 66.268ms
[2023-07-18T20:12:47.831+0000][66][info ][gc,cpu      ] GC(17) User=0.19s Sys=0.00s Real=0.06s
[2023-07-18T20:12:47.832+0000][66][info ][safepoint   ] Safepoint "G1CollectForAllocation", Time since last: 2619479395 ns, Reaching safepoint: 355810 ns, At safepoint: 68955199 ns, Total: 69311009 ns
[2023-07-18T20:12:54.781+0000][66][info ][safepoint   ] Safepoint "Cleanup", Time since last: 6948294665 ns, Reaching safepoint: 317591 ns, At safepoint: 44875 ns, Total: 362466 ns
[2023-07-18T20:13:03.631+0000][66][info ][safepoint   ] Safepoint "Cleanup", Time since last: 8849754292 ns, Reaching safepoint: 264484 ns, At safepoint: 4176 ns, Total: 268660 ns
[2023-07-18T20:13:06.361+0000][66][info ][safepoint   ] Safepoint "Cleanup", Time since last: 2729652255 ns, Reaching safepoint: 251891 ns, At safepoint: 43169 ns, Total: 295060 ns
[2023-07-18T20:13:21.413+0000][66][info ][safepoint   ] Safepoint "Cleanup", Time since last: 15052046982 ns, Reaching safepoint: 309360 ns, At safepoint: 4903 ns, Total: 314263 ns
[2023-07-18T20:13:45.215+0000][66][info ][safepoint   ] Safepoint "Cleanup", Time since last: 23801564303 ns, Reaching safepoint: 291526 ns, At safepoint: 14569 ns, Total: 306095 ns
[2023-07-18T20:13:51.604+0000][66][info ][safepoint   ] Safepoint "Cleanup", Time since last: 6388128211 ns, Reaching safepoint: 307776 ns, At safepoint: 4093 ns, Total: 311869 ns
[2023-07-18T20:14:24.577+0000][66][info ][safepoint   ] Safepoint "Cleanup", Time since last: 32973085592 ns, Reaching safepoint: 64506 ns, At safepoint: 40987 ns, Total: 105493 ns
[2023-07-18T20:14:25.711+0000][66][info ][safepoint   ] Safepoint "Cleanup", Time since last: 1133104888 ns, Reaching safepoint: 360719 ns, At safepoint: 54190 ns, Total: 414909 ns
[2023-07-18T20:14:45.049+0000][66][info ][safepoint   ] Safepoint "Cleanup", Time since last: 19337682925 ns, Reaching safepoint: 135841 ns, At safepoint: 5519 ns, Total: 141360 ns
[2023-07-18T20:15:06.994+0000][66][info ][safepoint   ] Safepoint "Cleanup", Time since last: 21945148441 ns, Reaching safepoint: 361438 ns, At safepoint: 56411 ns, Total: 417849 ns
[2023-07-18T20:15:13.409+0000][66][info ][safepoint   ] Safepoint "Cleanup", Time since last: 6413570883 ns, Reaching safepoint: 249696 ns, At safepoint: 133917 ns, Total: 383613 ns
[2023-07-18T20:15:44.676+0000][66][info ][safepoint   ] Safepoint "Cleanup", Time since last: 31267283433 ns, Reaching safepoint: 320389 ns, At safepoint: 95351 ns, Total: 415740 ns
[2023-07-18T20:15:45.692+0000][66][info ][safepoint   ] Safepoint "Cleanup", Time since last: 1014641661 ns, Reaching safepoint: 580866 ns, At safepoint: 15671 ns, Total: 596537 ns
[2023-07-18T20:15:48.930+0000][66][info ][safepoint   ] Safepoint "Cleanup", Time since last: 3238485277 ns, Reaching safepoint: 137617 ns, At safepoint: 58294 ns, Total: 195911 ns
[2023-07-18T20:15:51.366+0000][66][info ][safepoint   ] Safepoint "Cleanup", Time since last: 2435072585 ns, Reaching safepoint: 567344 ns, At safepoint: 10827 ns, Total: 578171 ns
[2023-07-18T20:16:06.382+0000][66][info ][safepoint   ] Safepoint "Cleanup", Time since last: 15015867143 ns, Reaching safepoint: 287064 ns, At safepoint: 64712 ns, Total: 351776 ns
[2023-07-18T20:16:18.370+0000][66][info ][safepoint   ] Safepoint "Cleanup", Time since last: 11987455056 ns, Reaching safepoint: 293030 ns, At safepoint: 55734 ns, Total: 348764 ns
[2023-07-18T20:16:20.403+0000][66][info ][safepoint   ] Safepoint "Cleanup", Time since last: 2032772611 ns, Reaching safepoint: 230512 ns, At safepoint: 4511 ns, Total: 235023 ns
[2023-07-18T20:16:21.433+0000][66][info ][safepoint   ] Safepoint "Cleanup", Time since last: 1029884318 ns, Reaching safepoint: 548202 ns, At safepoint: 118551 ns, Total: 666753 ns
[2023-07-18T20:16:31.883+0000][66][info ][safepoint   ] Safepoint "Cleanup", Time since last: 10448599641 ns, Reaching safepoint: 401846 ns, At safepoint: 66207 ns, Total: 468053 ns
[2023-07-18T20:16:42.379+0000][66][info ][safepoint   ] Safepoint "Cleanup", Time since last: 10496349287 ns, Reaching safepoint: 336808 ns, At safepoint: 50523 ns, Total: 387331 ns
[2023-07-18T20:16:43.390+0000][66][info ][safepoint   ] Safepoint "Cleanup", Time since last: 1010309461 ns, Reaching safepoint: 414094 ns, At safepoint: 8065 ns, Total: 422159 ns
[2023-07-18T20:16:55.206+0000][66][info ][safepoint   ] Safepoint "Cleanup", Time since last: 11815185046 ns, Reaching safepoint: 150576 ns, At safepoint: 140467 ns, Total: 291043 ns
[2023-07-18T20:17:43.600+0000][66][info ][safepoint   ] Safepoint "Cleanup", Time since last: 48392905492 ns, Reaching safepoint: 628045 ns, At safepoint: 11371 ns, Total: 639416 ns
[2023-07-18T20:17:44.861+0000][66][info ][safepoint   ] Safepoint "Cleanup", Time since last: 1261348691 ns, Reaching safepoint: 342652 ns, At safepoint: 6617 ns, Total: 349269 ns
[2023-07-18T20:18:00.628+0000][66][info ][safepoint   ] Safepoint "Cleanup", Time since last: 15765994087 ns, Reaching safepoint: 251092 ns, At safepoint: 63274 ns, Total: 314366 ns
[2023-07-18T20:18:12.407+0000][66][info ][safepoint   ] Safepoint "Cleanup", Time since last: 11778699683 ns, Reaching safepoint: 250478 ns, At safepoint: 17254 ns, Total: 267732 ns
[2023-07-18T20:18:36.380+0000][66][info ][safepoint   ] Safepoint "Cleanup", Time since last: 23972635563 ns, Reaching safepoint: 88188 ns, At safepoint: 79122 ns, Total: 167310 ns
[2023-07-18T20:18:44.703+0000][66][info ][safepoint   ] Safepoint "Cleanup", Time since last: 8323086709 ns, Reaching safepoint: 483004 ns, At safepoint: 60288 ns, Total: 543292 ns
[2023-07-18T20:18:45.716+0000][66][info ][safepoint   ] Safepoint "Cleanup", Time since last: 1011801274 ns, Reaching safepoint: 371875 ns, At safepoint: 44652 ns, Total: 416527 ns
[2023-07-18T20:18:48.967+0000][66][info ][safepoint   ] Safepoint "Cleanup", Time since last: 3251093422 ns, Reaching safepoint: 271030 ns, At safepoint: 43904 ns, Total: 314934 ns
[2023-07-18T20:18:51.069+0000][66][info ][safepoint   ] Safepoint "Cleanup", Time since last: 2101446069 ns, Reaching safepoint: 322255 ns, At safepoint: 6874 ns, Total: 329129 ns
[2023-07-18T20:18:54.382+0000][66][info ][safepoint   ] Safepoint "Cleanup", Time since last: 3312927003 ns, Reaching safepoint: 338945 ns, At safepoint: 49066 ns, Total: 388011 ns
[2023-07-18T20:18:55.411+0000][66][info ][safepoint   ] Safepoint "Cleanup", Time since last: 1028360342 ns, Reaching safepoint: 137516 ns, At safepoint: 56204 ns, Total: 193720 ns
[2023-07-18T20:18:56.465+0000][66][info ][safepoint   ] Safepoint "Cleanup", Time since last: 1053788889 ns, Reaching safepoint: 346712 ns, At safepoint: 6367 ns, Total: 353079 ns
[2023-07-18T20:19:10.300+0000][66][info ][safepoint   ] Safepoint "Cleanup", Time since last: 13835110527 ns, Reaching safepoint: 327519 ns, At safepoint: 16002 ns, Total: 343521 ns
[2023-07-18T20:19:12.783+0000][66][info ][safepoint   ] Safepoint "Cleanup", Time since last: 2482481133 ns, Reaching safepoint: 237371 ns, At safepoint: 52617 ns, Total: 289988 ns
[2023-07-18T20:19:14.852+0000][66][info ][safepoint   ] Safepoint "Cleanup", Time since last: 2068674666 ns, Reaching safepoint: 356310 ns, At safepoint: 6303 ns, Total: 362613 ns
[2023-07-18T20:19:18.398+0000][66][info ][safepoint   ] Safepoint "Cleanup", Time since last: 3545076803 ns, Reaching safepoint: 436473 ns, At safepoint: 54365 ns, Total: 490838 ns
[2023-07-18T20:19:36.873+0000][66][info ][safepoint   ] Safepoint "Cleanup", Time since last: 18474715572 ns, Reaching safepoint: 50773 ns, At safepoint: 16130 ns, Total: 66903 ns
[2023-07-18T20:19:45.162+0000][66][info ][safepoint   ] Safepoint "Cleanup", Time since last: 8288694069 ns, Reaching safepoint: 378708 ns, At safepoint: 20282 ns, Total: 398990 ns
[2023-07-18T20:20:00.823+0000][66][info ][safepoint   ] Safepoint "Cleanup", Time since last: 15660623420 ns, Reaching safepoint: 493954 ns, At safepoint: 44569 ns, Total: 538523 ns
[2023-07-18T20:20:01.877+0000][66][info ][safepoint   ] Safepoint "Cleanup", Time since last: 1053952201 ns, Reaching safepoint: 273584 ns, At safepoint: 6733 ns, Total: 280317 ns
[2023-07-18T20:20:06.405+0000][66][info ][safepoint   ] Safepoint "Cleanup", Time since last: 4527744058 ns, Reaching safepoint: 309849 ns, At safepoint: 57449 ns, Total: 367298 ns
[2023-07-18T20:20:25.379+0000][66][info ][safepoint   ] Safepoint "Cleanup", Time since last: 18972564896 ns, Reaching safepoint: 275596 ns, At safepoint: 40848 ns, Total: 316444 ns
[2023-07-18T20:20:43.065+0000][66][info ][safepoint   ] Safepoint "Cleanup", Time since last: 17686182657 ns, Reaching safepoint: 370806 ns, At safepoint: 62160 ns, Total: 432966 ns
[2023-07-18T20:20:45.186+0000][66][info ][safepoint   ] Safepoint "Cleanup", Time since last: 2120037991 ns, Reaching safepoint: 561515 ns, At safepoint: 6445 ns, Total: 567960 ns
[2023-07-18T20:20:49.952+0000][66][info ][safepoint   ] Safepoint "Cleanup", Time since last: 4765303495 ns, Reaching safepoint: 335759 ns, At safepoint: 49773 ns, Total: 385532 ns
[2023-07-18T20:20:51.753+0000][66][info ][safepoint   ] Safepoint "Cleanup", Time since last: 1800439360 ns, Reaching safepoint: 440511 ns, At safepoint: 17848 ns, Total: 458359 ns
[2023-07-18T20:20:54.426+0000][66][info ][safepoint   ] Safepoint "Cleanup", Time since last: 2672855930 ns, Reaching safepoint: 352752 ns, At safepoint: 44488 ns, Total: 397240 ns
[2023-07-18T20:21:15.648+0000][66][info ][safepoint   ] Safepoint "Cleanup", Time since last: 21224712973 ns, Reaching safepoint: 255853 ns, At safepoint: 20098 ns, Total: 275951 ns
[2023-07-18T20:21:18.420+0000][66][info ][safepoint   ] Safepoint "Cleanup", Time since last: 2770918062 ns, Reaching safepoint: 386790 ns, At safepoint: 50967 ns, Total: 437757 ns
[2023-07-18T20:21:22.547+0000][66][info ][safepoint   ] Safepoint "Cleanup", Time since last: 4127811986 ns, Reaching safepoint: 53192 ns, At safepoint: 2476 ns, Total: 55668 ns
[2023-07-18T20:21:23.649+0000][66][info ][safepoint   ] Safepoint "Cleanup", Time since last: 1100834083 ns, Reaching safepoint: 743457 ns, At safepoint: 14736 ns, Total: 758193 ns
[2023-07-18T20:21:36.804+0000][66][info ][safepoint   ] Safepoint "Cleanup", Time since last: 13154870685 ns, Reaching safepoint: 317098 ns, At safepoint: 57562 ns, Total: 374660 ns
[2023-07-18T20:21:44.722+0000][66][info ][safepoint   ] Safepoint "Cleanup", Time since last: 7921780417 ns, Reaching safepoint: 248936 ns, At safepoint: 4928 ns, Total: 253864 ns
[2023-07-18T20:21:48.431+0000][66][info ][safepoint   ] Safepoint "Cleanup", Time since last: 3708857741 ns, Reaching safepoint: 276450 ns, At safepoint: 40432 ns, Total: 316882 ns
[2023-07-18T20:22:00.434+0000][66][info ][safepoint   ] Safepoint "Cleanup", Time since last: 12002455616 ns, Reaching safepoint: 315006 ns, At safepoint: 56423 ns, Total: 371429 ns
[2023-07-18T20:22:01.465+0000][66][info ][safepoint   ] Safepoint "Cleanup", Time since last: 1030774198 ns, Reaching safepoint: 249101 ns, At safepoint: 8838 ns, Total: 257939 ns
[2023-07-18T20:22:45.432+0000][66][info ][safepoint   ] Safepoint "Cleanup", Time since last: 43966893294 ns, Reaching safepoint: 327081 ns, At safepoint: 21074 ns, Total: 348155 ns
[2023-07-18T20:22:48.857+0000][66][info ][safepoint   ] Safepoint "Cleanup", Time since last: 3424660221 ns, Reaching safepoint: 316210 ns, At safepoint: 216500 ns, Total: 532710 ns
[2023-07-18T20:23:13.419+0000][66][info ][safepoint   ] Safepoint "Cleanup", Time since last: 24561029867 ns, Reaching safepoint: 272122 ns, At safepoint: 44492 ns, Total: 316614 ns
[2023-07-18T20:23:14.668+0000][66][info ][safepoint   ] Safepoint "Cleanup", Time since last: 1248943022 ns, Reaching safepoint: 301168 ns, At safepoint: 60762 ns, Total: 361930 ns
[2023-07-18T20:23:55.083+0000][66][info ][safepoint   ] Safepoint "Cleanup", Time since last: 40414874466 ns, Reaching safepoint: 216097 ns, At safepoint: 43718 ns, Total: 259815 ns
[2023-07-18T20:24:06.998+0000][66][info ][safepoint   ] Safepoint "Cleanup", Time since last: 11913788943 ns, Reaching safepoint: 298522 ns, At safepoint: 94812 ns, Total: 393334 ns
[2023-07-18T20:24:27.647+0000][66][info ][safepoint   ] Safepoint "Cleanup", Time since last: 20648329582 ns, Reaching safepoint: 494704 ns, At safepoint: 86417 ns, Total: 581121 ns
[2023-07-18T20:24:42.504+0000][66][info ][safepoint   ] Safepoint "Cleanup", Time since last: 14857170483 ns, Reaching safepoint: 347265 ns, At safepoint: 21228 ns, Total: 368493 ns
[2023-07-18T20:24:44.400+0000][66][info ][safepoint   ] Safepoint "Cleanup", Time since last: 1895623327 ns, Reaching safepoint: 295676 ns, At safepoint: 6215 ns, Total: 301891 ns
[2023-07-18T20:24:45.402+0000][66][info ][safepoint   ] Safepoint "Cleanup", Time since last: 1001394674 ns, Reaching safepoint: 396207 ns, At safepoint: 7601 ns, Total: 403808 ns
[2023-07-18T20:24:55.119+0000][66][info ][safepoint   ] Safepoint "Cleanup", Time since last: 9716412339 ns, Reaching safepoint: 337036 ns, At safepoint: 55390 ns, Total: 392426 ns
[2023-07-18T20:25:05.711+0000][66][info ][safepoint   ] Safepoint "Cleanup", Time since last: 10591593420 ns, Reaching safepoint: 440932 ns, At safepoint: 22383 ns, Total: 463315 ns
[2023-07-18T20:25:06.740+0000][66][info ][safepoint   ] Safepoint "Cleanup", Time since last: 1028497088 ns, Reaching safepoint: 255794 ns, At safepoint: 40760 ns, Total: 296554 ns
[2023-07-18T20:25:18.498+0000][66][info ][safepoint   ] Safepoint "Cleanup", Time since last: 11757878262 ns, Reaching safepoint: 378124 ns, At safepoint: 46614 ns, Total: 424738 ns
[2023-07-18T20:25:19.665+0000][66][info ][safepoint   ] Safepoint "Cleanup", Time since last: 1166484512 ns, Reaching safepoint: 163320 ns, At safepoint: 102547 ns, Total: 265867 ns
[2023-07-18T20:25:20.713+0000][66][info ][safepoint   ] Safepoint "Cleanup", Time since last: 1047425620 ns, Reaching safepoint: 230816 ns, At safepoint: 57755 ns, Total: 288571 ns
[2023-07-18T20:25:21.903+0000][66][info ][safepoint   ] Safepoint "Cleanup", Time since last: 1189935558 ns, Reaching safepoint: 442639 ns, At safepoint: 17040 ns, Total: 459679 ns
[2023-07-18T20:25:25.604+0000][66][info ][safepoint   ] Safepoint "Cleanup", Time since last: 3700704376 ns, Reaching safepoint: 343831 ns, At safepoint: 5862 ns, Total: 349693 ns
[2023-07-18T20:25:26.745+0000][66][info ][safepoint   ] Safepoint "Cleanup", Time since last: 1140109969 ns, Reaching safepoint: 761433 ns, At safepoint: 29586 ns, Total: 791019 ns
[2023-07-18T20:25:31.029+0000][66][info ][safepoint   ] Safepoint "Cleanup", Time since last: 4283294678 ns, Reaching safepoint: 210905 ns, At safepoint: 72862 ns, Total: 283767 ns
[2023-07-18T20:25:42.502+0000][66][info ][safepoint   ] Safepoint "Cleanup", Time since last: 11472953687 ns, Reaching safepoint: 313030 ns, At safepoint: 5405 ns, Total: 318435 ns
[2023-07-18T20:25:44.913+0000][66][info ][safepoint   ] Safepoint "Cleanup", Time since last: 2409872689 ns, Reaching safepoint: 803088 ns, At safepoint: 16386 ns, Total: 819474 ns
[2023-07-18T20:25:48.946+0000][66][info ][safepoint   ] Safepoint "Cleanup", Time since last: 4032281312 ns, Reaching safepoint: 644811 ns, At safepoint: 115224 ns, Total: 760035 ns
[2023-07-18T20:25:50.475+0000][66][info ][safepoint   ] Safepoint "Cleanup", Time since last: 1528448935 ns, Reaching safepoint: 401827 ns, At safepoint: 6743 ns, Total: 408570 ns
[2023-07-18T20:25:52.713+0000][66][info ][safepoint   ] Safepoint "Cleanup", Time since last: 2238077713 ns, Reaching safepoint: 91588 ns, At safepoint: 53912 ns, Total: 145500 ns
[2023-07-18T20:25:53.813+0000][66][info ][safepoint   ] Safepoint "Cleanup", Time since last: 1099258127 ns, Reaching safepoint: 343296 ns, At safepoint: 7104 ns, Total: 350400 ns
[2023-07-18T20:25:54.864+0000][66][info ][safepoint   ] Safepoint "Cleanup", Time since last: 1051459753 ns, Reaching safepoint: 309390 ns, At safepoint: 40882 ns, Total: 350272 ns
[2023-07-18T20:25:54.952+0000][66][info ][gc,start    ] GC(18) Pause Young (Normal) (G1 Evacuation Pause)
[2023-07-18T20:25:54.954+0000][66][info ][gc,task     ] GC(18) Using 6 workers of 6 for evacuation
[2023-07-18T20:25:54.955+0000][66][debug][gc,age      ] GC(18) Desired survivor size 155189248 bytes, new threshold 15 (max threshold 15)
[2023-07-18T20:25:54.980+0000][66][info ][gc,phases   ] GC(18)   Pre Evacuate Collection Set: 0.4ms
[2023-07-18T20:25:54.981+0000][66][info ][gc,phases   ] GC(18)   Merge Heap Roots: 0.3ms
[2023-07-18T20:25:54.982+0000][66][info ][gc,phases   ] GC(18)   Evacuate Collection Set: 18.6ms
[2023-07-18T20:25:54.984+0000][66][info ][gc,phases   ] GC(18)   Post Evacuate Collection Set: 4.3ms
[2023-07-18T20:25:54.985+0000][66][info ][gc,phases   ] GC(18)   Other: 2.8ms
[2023-07-18T20:25:54.986+0000][66][trace][gc,age      ] GC(18) Age table with threshold 15 (max threshold 15)
[2023-07-18T20:25:54.987+0000][66][trace][gc,age      ] GC(18) - age   1:    2613120 bytes,    2613120 total
[2023-07-18T20:25:54.988+0000][66][trace][gc,age      ] GC(18) - age   2:      45560 bytes,    2658680 total
[2023-07-18T20:25:54.989+0000][66][trace][gc,age      ] GC(18) - age   3:      25184 bytes,    2683864 total
[2023-07-18T20:25:54.990+0000][66][trace][gc,age      ] GC(18) - age   4:     296504 bytes,    2980368 total
[2023-07-18T20:25:54.992+0000][66][trace][gc,age      ] GC(18) - age   5:    2011096 bytes,    4991464 total
[2023-07-18T20:25:54.994+0000][66][trace][gc,age      ] GC(18) - age   6:    3898720 bytes,    8890184 total
[2023-07-18T20:25:54.995+0000][66][trace][gc,age      ] GC(18) - age   7:   31207784 bytes,   40097968 total
[2023-07-18T20:25:54.996+0000][66][trace][gc,age      ] GC(18) - age   8:    4029416 bytes,   44127384 total
[2023-07-18T20:25:54.998+0000][66][info ][gc,heap     ] GC(18) Eden regions: 577->0(577)
[2023-07-18T20:25:54.999+0000][66][info ][gc,heap     ] GC(18) Survivor regions: 12->12(74)
[2023-07-18T20:25:55.000+0000][66][info ][gc,heap     ] GC(18) Old regions: 17->17
[2023-07-18T20:25:55.001+0000][66][info ][gc,heap     ] GC(18) Archive regions: 2->2
[2023-07-18T20:25:55.002+0000][66][info ][gc,heap     ] GC(18) Humongous regions: 0->0
[2023-07-18T20:25:55.003+0000][66][info ][gc,metaspace] GC(18) Metaspace: 138280K(141632K)->138280K(141632K) NonClass: 120378K(122112K)->120378K(122112K) Class: 17901K(19520K)->17901K(19520K)
[2023-07-18T20:25:55.004+0000][66][info ][gc          ] GC(18) Pause Young (Normal) (G1 Evacuation Pause) 2422M->113M(3932M) 51.725ms
[2023-07-18T20:25:55.005+0000][66][info ][gc,cpu      ] GC(18) User=0.13s Sys=0.00s Real=0.05s
[2023-07-18T20:25:55.006+0000][66][info ][safepoint   ] Safepoint "G1CollectForAllocation", Time since last: 87430669 ns, Reaching safepoint: 111970 ns, At safepoint: 54054071 ns, Total: 54166041 ns
[2023-07-18T20:25:56.485+0000][66][info ][safepoint   ] Safepoint "Cleanup", Time since last: 1478908748 ns, Reaching safepoint: 374423 ns, At safepoint: 56067 ns, Total: 430490 ns
[2023-07-18T20:25:58.265+0000][66][info ][safepoint   ] Safepoint "Cleanup", Time since last: 1778845940 ns, Reaching safepoint: 690289 ns, At safepoint: 27541 ns, Total: 717830 ns
[2023-07-18T20:26:00.541+0000][66][info ][safepoint   ] Safepoint "Cleanup", Time since last: 2276132935 ns, Reaching safepoint: 73218 ns, At safepoint: 75770 ns, Total: 148988 ns
[2023-07-18T20:26:01.933+0000][66][info ][safepoint   ] Safepoint "Cleanup", Time since last: 1391214118 ns, Reaching safepoint: 395764 ns, At safepoint: 22292 ns, Total: 418056 ns
[2023-07-18T20:26:03.742+0000][66][info ][safepoint   ] Safepoint "Cleanup", Time since last: 1809037936 ns, Reaching safepoint: 342273 ns, At safepoint: 7180 ns, Total: 349453 ns
[2023-07-18T20:26:12.451+0000][66][info ][safepoint   ] Safepoint "Cleanup", Time since last: 8708299192 ns, Reaching safepoint: 69968 ns, At safepoint: 2839 ns, Total: 72807 ns
[2023-07-18T20:26:22.217+0000][66][info ][safepoint   ] Safepoint "Cleanup", Time since last: 9766148339 ns, Reaching safepoint: 363414 ns, At safepoint: 6715 ns, Total: 370129 ns
[2023-07-18T20:26:25.520+0000][66][info ][safepoint   ] Safepoint "Cleanup", Time since last: 3301887537 ns, Reaching safepoint: 432620 ns, At safepoint: 56268 ns, Total: 488888 ns
[2023-07-18T20:26:31.383+0000][66][info ][safepoint   ] Safepoint "Cleanup", Time since last: 5862829252 ns, Reaching safepoint: 232196 ns, At safepoint: 6587 ns, Total: 238783 ns
[2023-07-18T20:26:36.481+0000][66][info ][safepoint   ] Safepoint "Cleanup", Time since last: 5098284197 ns, Reaching safepoint: 271352 ns, At safepoint: 18708 ns, Total: 290060 ns
[2023-07-18T20:26:40.868+0000][66][info ][safepoint   ] Safepoint "Cleanup", Time since last: 4386462757 ns, Reaching safepoint: 240632 ns, At safepoint: 58793 ns, Total: 299425 ns
[2023-07-18T20:26:41.907+0000][66][info ][safepoint   ] Safepoint "Cleanup", Time since last: 1038176858 ns, Reaching safepoint: 608338 ns, At safepoint: 10599 ns, Total: 618937 ns
[2023-07-18T20:26:45.294+0000][66][info ][safepoint   ] Safepoint "Cleanup", Time since last: 3386475330 ns, Reaching safepoint: 321774 ns, At safepoint: 6057 ns, Total: 327831 ns
[2023-07-18T20:26:49.995+0000][66][info ][safepoint   ] Safepoint "Cleanup", Time since last: 4700375610 ns, Reaching safepoint: 276349 ns, At safepoint: 43907 ns, Total: 320256 ns
[2023-07-18T20:26:51.864+0000][66][info ][safepoint   ] Safepoint "Cleanup", Time since last: 1868843010 ns, Reaching safepoint: 677814 ns, At safepoint: 28697 ns, Total: 706511 ns
[2023-07-18T20:27:06.522+0000][66][info ][safepoint   ] Safepoint "Cleanup", Time since last: 14657953042 ns, Reaching safepoint: 158740 ns, At safepoint: 71562 ns, Total: 230302 ns
[2023-07-18T20:27:15.383+0000][66][info ][safepoint   ] Safepoint "Cleanup", Time since last: 8859320817 ns, Reaching safepoint: 700891 ns, At safepoint: 28167 ns, Total: 729058 ns
[2023-07-18T20:27:44.940+0000][66][info ][safepoint   ] Safepoint "Cleanup", Time since last: 29557102614 ns, Reaching safepoint: 395393 ns, At safepoint: 26202 ns, Total: 421595 ns
[2023-07-18T20:27:55.551+0000][66][info ][safepoint   ] Safepoint "Cleanup", Time since last: 10610918779 ns, Reaching safepoint: 104293 ns, At safepoint: 59852 ns, Total: 164145 ns
[2023-07-18T20:28:00.528+0000][66][info ][safepoint   ] Safepoint "Cleanup", Time since last: 4975973301 ns, Reaching safepoint: 255737 ns, At safepoint: 93874 ns, Total: 349611 ns
[2023-07-18T20:28:07.516+0000][66][info ][safepoint   ] Safepoint "Cleanup", Time since last: 6987607211 ns, Reaching safepoint: 242384 ns, At safepoint: 45685 ns, Total: 288069 ns
[2023-07-18T20:28:08.869+0000][66][info ][safepoint   ] Safepoint "Cleanup", Time since last: 1352643605 ns, Reaching safepoint: 200216 ns, At safepoint: 139390 ns, Total: 339606 ns
[2023-07-18T20:28:21.603+0000][66][info ][safepoint   ] Safepoint "Cleanup", Time since last: 12733887602 ns, Reaching safepoint: 318741 ns, At safepoint: 7178 ns, Total: 325919 ns
[2023-07-18T20:28:24.766+0000][66][info ][safepoint   ] Safepoint "Cleanup", Time since last: 3162562875 ns, Reaching safepoint: 113845 ns, At safepoint: 4469 ns, Total: 118314 ns
[2023-07-18T20:28:45.312+0000][66][info ][safepoint   ] Safepoint "Cleanup", Time since last: 20545650514 ns, Reaching safepoint: 329974 ns, At safepoint: 19366 ns, Total: 349340 ns
[2023-07-18T20:28:50.710+0000][66][info ][safepoint   ] Safepoint "Cleanup", Time since last: 5397866867 ns, Reaching safepoint: 291328 ns, At safepoint: 15515 ns, Total: 306843 ns
[2023-07-18T20:29:43.739+0000][66][info ][safepoint   ] Safepoint "Cleanup", Time since last: 53028156880 ns, Reaching safepoint: 215486 ns, At safepoint: 4626 ns, Total: 220112 ns
[2023-07-18T20:29:44.883+0000][66][info ][safepoint   ] Safepoint "Cleanup", Time since last: 1143870088 ns, Reaching safepoint: 490296 ns, At safepoint: 7035 ns, Total: 497331 ns
[2023-07-18T20:29:49.182+0000][66][info ][safepoint   ] Safepoint "Cleanup", Time since last: 4298509269 ns, Reaching safepoint: 112710 ns, At safepoint: 4213 ns, Total: 116923 ns
[2023-07-18T20:30:01.063+0000][66][info ][safepoint   ] Safepoint "Cleanup", Time since last: 11881066476 ns, Reaching safepoint: 441241 ns, At safepoint: 72878 ns, Total: 514119 ns
[2023-07-18T20:30:19.745+0000][66][info ][safepoint   ] Safepoint "Cleanup", Time since last: 18681110656 ns, Reaching safepoint: 248791 ns, At safepoint: 41513 ns, Total: 290304 ns
[2023-07-18T20:30:21.607+0000][66][info ][safepoint   ] Safepoint "Cleanup", Time since last: 1861379585 ns, Reaching safepoint: 364104 ns, At safepoint: 7235 ns, Total: 371339 ns
[2023-07-18T20:30:24.090+0000][66][info ][safepoint   ] Safepoint "Cleanup", Time since last: 2482639424 ns, Reaching safepoint: 501543 ns, At safepoint: 68073 ns, Total: 569616 ns
[2023-07-18T20:30:25.645+0000][66][info ][safepoint   ] Safepoint "Cleanup", Time since last: 1554641316 ns, Reaching safepoint: 320994 ns, At safepoint: 7399 ns, Total: 328393 ns
[2023-07-18T20:30:42.560+0000][66][info ][safepoint   ] Safepoint "Cleanup", Time since last: 16914804266 ns, Reaching safepoint: 423847 ns, At safepoint: 55101 ns, Total: 478948 ns
[2023-07-18T20:30:49.066+0000][66][info ][safepoint   ] Safepoint "Cleanup", Time since last: 6505132129 ns, Reaching safepoint: 176355 ns, At safepoint: 44919 ns, Total: 221274 ns
[2023-07-18T20:31:28.740+0000][66][info ][safepoint   ] Safepoint "Cleanup", Time since last: 39673957444 ns, Reaching safepoint: 103076 ns, At safepoint: 73144 ns, Total: 176220 ns
[2023-07-18T20:31:30.596+0000][66][info ][safepoint   ] Safepoint "Cleanup", Time since last: 1855016741 ns, Reaching safepoint: 411979 ns, At safepoint: 45691 ns, Total: 457670 ns
[2023-07-18T20:31:45.553+0000][66][info ][safepoint   ] Safepoint "Cleanup", Time since last: 14957137843 ns, Reaching safepoint: 168197 ns, At safepoint: 4988 ns, Total: 173185 ns
[2023-07-18T20:32:19.095+0000][66][info ][safepoint   ] Safepoint "Cleanup", Time since last: 33541882094 ns, Reaching safepoint: 156622 ns, At safepoint: 59518 ns, Total: 216140 ns
[2023-07-18T20:32:20.489+0000][66][info ][safepoint   ] Safepoint "Cleanup", Time since last: 1393181835 ns, Reaching safepoint: 566867 ns, At safepoint: 19497 ns, Total: 586364 ns
[2023-07-18T20:32:26.004+0000][66][info ][safepoint   ] Safepoint "Cleanup", Time since last: 5514304593 ns, Reaching safepoint: 288521 ns, At safepoint: 45341 ns, Total: 333862 ns
[2023-07-18T20:32:55.451+0000][66][info ][safepoint   ] Safepoint "Cleanup", Time since last: 29446302831 ns, Reaching safepoint: 349518 ns, At safepoint: 56409 ns, Total: 405927 ns
[2023-07-18T20:33:01.397+0000][66][info ][safepoint   ] Safepoint "Cleanup", Time since last: 5945708281 ns, Reaching safepoint: 334649 ns, At safepoint: 56537 ns, Total: 391186 ns
[2023-07-18T20:33:06.511+0000][66][info ][safepoint   ] Safepoint "Cleanup", Time since last: 5113641328 ns, Reaching safepoint: 268096 ns, At safepoint: 8189 ns, Total: 276285 ns
[2023-07-18T20:33:14.568+0000][66][info ][safepoint   ] Safepoint "Cleanup", Time since last: 8056873714 ns, Reaching safepoint: 696709 ns, At safepoint: 25937 ns, Total: 722646 ns
[2023-07-18T20:33:24.587+0000][66][info ][safepoint   ] Safepoint "Cleanup", Time since last: 10018482057 ns, Reaching safepoint: 275348 ns, At safepoint: 96080 ns, Total: 371428 ns
[2023-07-18T20:33:44.832+0000][66][info ][safepoint   ] Safepoint "Cleanup", Time since last: 20242563576 ns, Reaching safepoint: 965289 ns, At safepoint: 25127 ns, Total: 990416 ns
[2023-07-18T20:34:04.235+0000][66][info ][safepoint   ] Safepoint "Cleanup", Time since last: 19403043636 ns, Reaching safepoint: 388899 ns, At safepoint: 14812 ns, Total: 403711 ns
[2023-07-18T20:34:12.560+0000][66][info ][safepoint   ] Safepoint "Cleanup", Time since last: 8324314014 ns, Reaching safepoint: 268659 ns, At safepoint: 55995 ns, Total: 324654 ns
[2023-07-18T20:34:19.269+0000][66][info ][safepoint   ] Safepoint "Cleanup", Time since last: 6708991243 ns, Reaching safepoint: 208131 ns, At safepoint: 89700 ns, Total: 297831 ns
[2023-07-18T20:34:45.087+0000][66][info ][safepoint   ] Safepoint "Cleanup", Time since last: 25817773703 ns, Reaching safepoint: 400363 ns, At safepoint: 5329 ns, Total: 405692 ns
[2023-07-18T20:34:54.807+0000][66][info ][safepoint   ] Safepoint "Cleanup", Time since last: 9719678483 ns, Reaching safepoint: 255520 ns, At safepoint: 16970 ns, Total: 272490 ns
[2023-07-18T20:35:18.602+0000][66][info ][safepoint   ] Safepoint "Cleanup", Time since last: 23794301851 ns, Reaching safepoint: 312461 ns, At safepoint: 55728 ns, Total: 368189 ns
[2023-07-18T20:35:19.959+0000][66][info ][safepoint   ] Safepoint "Cleanup", Time since last: 1357031344 ns, Reaching safepoint: 319929 ns, At safepoint: 65596 ns, Total: 385525 ns
[2023-07-18T20:35:21.813+0000][66][info ][safepoint   ] Safepoint "Cleanup", Time since last: 1853006946 ns, Reaching safepoint: 501017 ns, At safepoint: 27187 ns, Total: 528204 ns
[2023-07-18T20:35:44.816+0000][66][info ][safepoint   ] Safepoint "Cleanup", Time since last: 23002417753 ns, Reaching safepoint: 252009 ns, At safepoint: 50890 ns, Total: 302899 ns
[2023-07-18T20:35:45.828+0000][66][info ][safepoint   ] Safepoint "Cleanup", Time since last: 1012005434 ns, Reaching safepoint: 364275 ns, At safepoint: 8336 ns, Total: 372611 ns
[2023-07-18T20:35:52.139+0000][66][info ][safepoint   ] Safepoint "Cleanup", Time since last: 6309988335 ns, Reaching safepoint: 501001 ns, At safepoint: 25790 ns, Total: 526791 ns
[2023-07-18T20:36:31.322+0000][66][info ][safepoint   ] Safepoint "Cleanup", Time since last: 39183118476 ns, Reaching safepoint: 51559 ns, At safepoint: 4983 ns, Total: 56542 ns
[2023-07-18T20:36:45.021+0000][66][info ][safepoint   ] Safepoint "Cleanup", Time since last: 13698472783 ns, Reaching safepoint: 339021 ns, At safepoint: 6255 ns, Total: 345276 ns
[2023-07-18T20:36:50.423+0000][66][info ][safepoint   ] Safepoint "Cleanup", Time since last: 5401858332 ns, Reaching safepoint: 554421 ns, At safepoint: 17963 ns, Total: 572384 ns
[2023-07-18T20:37:19.472+0000][66][info ][safepoint   ] Safepoint "Cleanup", Time since last: 29032401694 ns, Reaching safepoint: 220724 ns, At safepoint: 51059 ns, Total: 271783 ns
[2023-07-18T20:37:28.137+0000][66][info ][safepoint   ] Safepoint "Cleanup", Time since last: 8664629085 ns, Reaching safepoint: 342032 ns, At safepoint: 6254 ns, Total: 348286 ns
[2023-07-18T20:37:45.260+0000][66][info ][safepoint   ] Safepoint "Cleanup", Time since last: 17118790679 ns, Reaching safepoint: 313312 ns, At safepoint: 18425 ns, Total: 331737 ns
[2023-07-18T20:38:19.024+0000][66][info ][safepoint   ] Safepoint "Cleanup", Time since last: 33763156000 ns, Reaching safepoint: 342217 ns, At safepoint: 51529 ns, Total: 393746 ns
[2023-07-18T20:38:26.238+0000][66][info ][safepoint   ] Safepoint "Cleanup", Time since last: 7212804067 ns, Reaching safepoint: 670565 ns, At safepoint: 27057 ns, Total: 697622 ns
[2023-07-18T20:38:37.866+0000][66][info ][safepoint   ] Safepoint "Cleanup", Time since last: 11628613085 ns, Reaching safepoint: 183558 ns, At safepoint: 4182 ns, Total: 187740 ns
[2023-07-18T20:38:43.783+0000][66][info ][safepoint   ] Safepoint "Cleanup", Time since last: 5915658182 ns, Reaching safepoint: 216086 ns, At safepoint: 63139 ns, Total: 279225 ns
[2023-07-18T20:38:45.643+0000][66][info ][safepoint   ] Safepoint "Cleanup", Time since last: 1860360735 ns, Reaching safepoint: 158896 ns, At safepoint: 5693 ns, Total: 164589 ns
[2023-07-18T20:38:51.973+0000][66][info ][safepoint   ] Safepoint "Cleanup", Time since last: 6329233072 ns, Reaching safepoint: 339308 ns, At safepoint: 5977 ns, Total: 345285 ns
[2023-07-18T20:38:54.655+0000][66][info ][safepoint   ] Safepoint "Cleanup", Time since last: 2681301878 ns, Reaching safepoint: 305147 ns, At safepoint: 42674 ns, Total: 347821 ns
[2023-07-18T20:39:03.781+0000][66][info ][safepoint   ] Safepoint "Cleanup", Time since last: 9125708287 ns, Reaching safepoint: 370846 ns, At safepoint: 17843 ns, Total: 388689 ns
[2023-07-18T20:39:06.514+0000][66][info ][gc,start    ] GC(19) Pause Young (Normal) (G1 Evacuation Pause)
[2023-07-18T20:39:06.515+0000][66][info ][gc,task     ] GC(19) Using 6 workers of 6 for evacuation
[2023-07-18T20:39:06.516+0000][66][debug][gc,age      ] GC(19) Desired survivor size 155189248 bytes, new threshold 15 (max threshold 15)
[2023-07-18T20:39:06.541+0000][66][info ][gc,phases   ] GC(19)   Pre Evacuate Collection Set: 0.4ms
[2023-07-18T20:39:06.543+0000][66][info ][gc,phases   ] GC(19)   Merge Heap Roots: 0.2ms
[2023-07-18T20:39:06.544+0000][66][info ][gc,phases   ] GC(19)   Evacuate Collection Set: 19.3ms
[2023-07-18T20:39:06.546+0000][66][info ][gc,phases   ] GC(19)   Post Evacuate Collection Set: 4.1ms
[2023-07-18T20:39:06.547+0000][66][info ][gc,phases   ] GC(19)   Other: 2.3ms
[2023-07-18T20:39:06.548+0000][66][trace][gc,age      ] GC(19) Age table with threshold 15 (max threshold 15)
[2023-07-18T20:39:06.550+0000][66][trace][gc,age      ] GC(19) - age   1:    2119312 bytes,    2119312 total
[2023-07-18T20:39:06.551+0000][66][trace][gc,age      ] GC(19) - age   2:    1098000 bytes,    3217312 total
[2023-07-18T20:39:06.552+0000][66][trace][gc,age      ] GC(19) - age   3:      35304 bytes,    3252616 total
[2023-07-18T20:39:06.554+0000][66][trace][gc,age      ] GC(19) - age   4:      20776 bytes,    3273392 total
[2023-07-18T20:39:06.555+0000][66][trace][gc,age      ] GC(19) - age   5:     283312 bytes,    3556704 total
[2023-07-18T20:39:06.556+0000][66][trace][gc,age      ] GC(19) - age   6:    2003040 bytes,    5559744 total
[2023-07-18T20:39:06.557+0000][66][trace][gc,age      ] GC(19) - age   7:    3898448 bytes,    9458192 total
[2023-07-18T20:39:06.558+0000][66][trace][gc,age      ] GC(19) - age   8:   31170680 bytes,   40628872 total
[2023-07-18T20:39:06.560+0000][66][trace][gc,age      ] GC(19) - age   9:    4029416 bytes,   44658288 total
[2023-07-18T20:39:06.561+0000][66][info ][gc,heap     ] GC(19) Eden regions: 577->0(577)
[2023-07-18T20:39:06.562+0000][66][info ][gc,heap     ] GC(19) Survivor regions: 12->12(74)
[2023-07-18T20:39:06.563+0000][66][info ][gc,heap     ] GC(19) Old regions: 17->17
[2023-07-18T20:39:06.564+0000][66][info ][gc,heap     ] GC(19) Archive regions: 2->2
[2023-07-18T20:39:06.565+0000][66][info ][gc,heap     ] GC(19) Humongous regions: 0->0
[2023-07-18T20:39:06.566+0000][66][info ][gc,metaspace] GC(19) Metaspace: 138383K(141760K)->138383K(141760K) NonClass: 120480K(122240K)->120480K(122240K) Class: 17903K(19520K)->17903K(19520K)
[2023-07-18T20:39:06.568+0000][66][info ][gc          ] GC(19) Pause Young (Normal) (G1 Evacuation Pause) 2421M->115M(3932M) 53.900ms
[2023-07-18T20:39:06.568+0000][66][info ][gc,cpu      ] GC(19) User=0.13s Sys=0.00s Real=0.06s
[2023-07-18T20:39:06.570+0000][66][info ][safepoint   ] Safepoint "G1CollectForAllocation", Time since last: 2732777674 ns, Reaching safepoint: 266100 ns, At safepoint: 56109401 ns, Total: 56375501 ns
[2023-07-18T20:39:10.183+0000][66][info ][safepoint   ] Safepoint "Cleanup", Time since last: 3612890038 ns, Reaching safepoint: 485382 ns, At safepoint: 15985 ns, Total: 501367 ns
[2023-07-18T20:39:18.644+0000][66][info ][safepoint   ] Safepoint "Cleanup", Time since last: 8460390192 ns, Reaching safepoint: 234270 ns, At safepoint: 47554 ns, Total: 281824 ns
[2023-07-18T20:39:22.086+0000][66][info ][safepoint   ] Safepoint "Cleanup", Time since last: 3441724392 ns, Reaching safepoint: 374209 ns, At safepoint: 25363 ns, Total: 399572 ns
[2023-07-18T20:39:25.403+0000][66][info ][safepoint   ] Safepoint "Cleanup", Time since last: 3315769202 ns, Reaching safepoint: 307866 ns, At safepoint: 47668 ns, Total: 355534 ns
[2023-07-18T20:39:48.653+0000][66][info ][safepoint   ] Safepoint "Cleanup", Time since last: 23249764564 ns, Reaching safepoint: 278170 ns, At safepoint: 59466 ns, Total: 337636 ns
[2023-07-18T20:39:52.559+0000][66][info ][safepoint   ] Safepoint "Cleanup", Time since last: 3905422636 ns, Reaching safepoint: 399564 ns, At safepoint: 7998 ns, Total: 407562 ns
[2023-07-18T20:40:45.665+0000][66][info ][safepoint   ] Safepoint "Cleanup", Time since last: 53104487015 ns, Reaching safepoint: 317890 ns, At safepoint: 14240 ns, Total: 332130 ns
[2023-07-18T20:40:48.655+0000][66][info ][safepoint   ] Safepoint "Cleanup", Time since last: 2989924467 ns, Reaching safepoint: 316525 ns, At safepoint: 45705 ns, Total: 362230 ns
[2023-07-18T20:40:54.667+0000][66][info ][safepoint   ] Safepoint "Cleanup", Time since last: 6012230357 ns, Reaching safepoint: 294461 ns, At safepoint: 59662 ns, Total: 354123 ns
[2023-07-18T20:41:01.142+0000][66][info ][safepoint   ] Safepoint "Cleanup", Time since last: 6474183359 ns, Reaching safepoint: 221400 ns, At safepoint: 16031 ns, Total: 237431 ns
[2023-07-18T20:41:04.296+0000][66][info ][safepoint   ] Safepoint "Cleanup", Time since last: 3153425449 ns, Reaching safepoint: 351965 ns, At safepoint: 44482 ns, Total: 396447 ns
[2023-07-18T20:41:36.533+0000][66][info ][safepoint   ] Safepoint "Cleanup", Time since last: 32236766683 ns, Reaching safepoint: 146867 ns, At safepoint: 21411 ns, Total: 168278 ns
[2023-07-18T20:41:45.280+0000][66][info ][safepoint   ] Safepoint "Cleanup", Time since last: 8745762922 ns, Reaching safepoint: 580377 ns, At safepoint: 9265 ns, Total: 589642 ns
[2023-07-18T20:41:58.254+0000][66][info ][safepoint   ] Safepoint "Cleanup", Time since last: 12973977177 ns, Reaching safepoint: 677418 ns, At safepoint: 9001 ns, Total: 686419 ns
[2023-07-18T20:42:25.216+0000][66][info ][safepoint   ] Safepoint "Cleanup", Time since last: 26960691057 ns, Reaching safepoint: 214264 ns, At safepoint: 59980 ns, Total: 274244 ns
[2023-07-18T20:42:44.958+0000][66][info ][safepoint   ] Safepoint "Cleanup", Time since last: 19741899227 ns, Reaching safepoint: 288076 ns, At safepoint: 6931 ns, Total: 295007 ns
[2023-07-18T20:42:56.050+0000][66][info ][safepoint   ] Safepoint "Cleanup", Time since last: 11091907965 ns, Reaching safepoint: 319160 ns, At safepoint: 46401 ns, Total: 365561 ns
[2023-07-18T20:43:00.688+0000][66][info ][safepoint   ] Safepoint "Cleanup", Time since last: 4637763550 ns, Reaching safepoint: 55515 ns, At safepoint: 2247 ns, Total: 57762 ns
[2023-07-18T20:43:24.735+0000][66][info ][safepoint   ] Safepoint "Cleanup", Time since last: 24046111919 ns, Reaching safepoint: 345403 ns, At safepoint: 58251 ns, Total: 403654 ns
[2023-07-18T20:43:25.835+0000][66][info ][safepoint   ] Safepoint "Cleanup", Time since last: 1099116979 ns, Reaching safepoint: 507960 ns, At safepoint: 17587 ns, Total: 525547 ns
[2023-07-18T20:43:28.261+0000][66][info ][safepoint   ] Safepoint "Cleanup", Time since last: 2425695218 ns, Reaching safepoint: 346103 ns, At safepoint: 125048 ns, Total: 471151 ns
[2023-07-18T20:43:45.473+0000][66][info ][safepoint   ] Safepoint "Cleanup", Time since last: 17211267897 ns, Reaching safepoint: 288557 ns, At safepoint: 13234 ns, Total: 301791 ns
[2023-07-18T20:43:49.770+0000][66][info ][safepoint   ] Safepoint "Cleanup", Time since last: 4296811025 ns, Reaching safepoint: 263931 ns, At safepoint: 41839 ns, Total: 305770 ns
[2023-07-18T20:44:06.692+0000][66][info ][safepoint   ] Safepoint "Cleanup", Time since last: 16921489153 ns, Reaching safepoint: 273392 ns, At safepoint: 37643 ns, Total: 311035 ns
[2023-07-18T20:45:18.632+0000][66][info ][safepoint   ] Safepoint "Cleanup", Time since last: 71938928922 ns, Reaching safepoint: 103629 ns, At safepoint: 3205 ns, Total: 106834 ns
[2023-07-18T20:45:25.379+0000][66][info ][safepoint   ] Safepoint "Cleanup", Time since last: 6746327313 ns, Reaching safepoint: 362375 ns, At safepoint: 47316 ns, Total: 409691 ns
[2023-07-18T20:45:36.694+0000][66][info ][safepoint   ] Safepoint "Cleanup", Time since last: 11315103163 ns, Reaching safepoint: 284692 ns, At safepoint: 44102 ns, Total: 328794 ns
[2023-07-18T20:45:43.790+0000][66][info ][safepoint   ] Safepoint "Cleanup", Time since last: 7095518971 ns, Reaching safepoint: 412613 ns, At safepoint: 25383 ns, Total: 437996 ns
[2023-07-18T20:45:45.182+0000][66][info ][safepoint   ] Safepoint "Cleanup", Time since last: 1391062037 ns, Reaching safepoint: 401166 ns, At safepoint: 6561 ns, Total: 407727 ns
[2023-07-18T20:45:51.606+0000][66][info ][safepoint   ] Safepoint "Cleanup", Time since last: 6423733855 ns, Reaching safepoint: 378468 ns, At safepoint: 8466 ns, Total: 386934 ns
[2023-07-18T20:46:01.466+0000][66][info ][safepoint   ] Safepoint "Cleanup", Time since last: 9858985528 ns, Reaching safepoint: 1322455 ns, At safepoint: 87133 ns, Total: 1409588 ns
[2023-07-18T20:46:03.634+0000][66][info ][safepoint   ] Safepoint "Cleanup", Time since last: 2167282026 ns, Reaching safepoint: 539245 ns, At safepoint: 13630 ns, Total: 552875 ns
[2023-07-18T20:46:05.639+0000][66][info ][safepoint   ] Safepoint "Cleanup", Time since last: 2004070418 ns, Reaching safepoint: 926294 ns, At safepoint: 26341 ns, Total: 952635 ns
[2023-07-18T20:46:15.370+0000][66][info ][safepoint   ] Safepoint "Cleanup", Time since last: 9729064060 ns, Reaching safepoint: 936653 ns, At safepoint: 27803 ns, Total: 964456 ns
[2023-07-18T20:46:40.135+0000][66][info ][safepoint   ] Safepoint "Cleanup", Time since last: 24765304209 ns, Reaching safepoint: 374095 ns, At safepoint: 46303 ns, Total: 420398 ns
[2023-07-18T20:46:43.506+0000][66][info ][safepoint   ] Safepoint "Cleanup", Time since last: 3370255949 ns, Reaching safepoint: 281553 ns, At safepoint: 59738 ns, Total: 341291 ns
[2023-07-18T20:46:54.945+0000][66][info ][safepoint   ] Safepoint "Cleanup", Time since last: 11437937396 ns, Reaching safepoint: 479226 ns, At safepoint: 58758 ns, Total: 537984 ns
[2023-07-18T20:47:00.589+0000][66][info ][safepoint   ] Safepoint "Cleanup", Time since last: 5644160311 ns, Reaching safepoint: 191392 ns, At safepoint: 3880 ns, Total: 195272 ns
[2023-07-18T20:47:13.702+0000][66][info ][safepoint   ] Safepoint "Cleanup", Time since last: 13112056218 ns, Reaching safepoint: 374292 ns, At safepoint: 46854 ns, Total: 421146 ns
[2023-07-18T20:47:15.796+0000][66][info ][safepoint   ] Safepoint "Cleanup", Time since last: 2093210278 ns, Reaching safepoint: 285552 ns, At safepoint: 24432 ns, Total: 309984 ns
[2023-07-18T20:47:18.800+0000][66][info ][safepoint   ] Safepoint "Cleanup", Time since last: 3003924574 ns, Reaching safepoint: 149252 ns, At safepoint: 14141 ns, Total: 163393 ns
[2023-07-18T20:47:22.378+0000][66][info ][safepoint   ] Safepoint "Cleanup", Time since last: 3578063459 ns, Reaching safepoint: 435274 ns, At safepoint: 21290 ns, Total: 456564 ns
[2023-07-18T20:47:24.701+0000][66][info ][safepoint   ] Safepoint "Cleanup", Time since last: 2322422600 ns, Reaching safepoint: 395998 ns, At safepoint: 75484 ns, Total: 471482 ns
[2023-07-18T20:47:25.703+0000][66][info ][safepoint   ] Safepoint "Cleanup", Time since last: 1001701210 ns, Reaching safepoint: 289913 ns, At safepoint: 44935 ns, Total: 334848 ns
[2023-07-18T20:48:06.755+0000][66][info ][safepoint   ] Safepoint "Cleanup", Time since last: 41051056810 ns, Reaching safepoint: 542898 ns, At safepoint: 98894 ns, Total: 641792 ns
[2023-07-18T20:48:10.744+0000][66][info ][safepoint   ] Safepoint "Cleanup", Time since last: 3987898662 ns, Reaching safepoint: 652069 ns, At safepoint: 22936 ns, Total: 675005 ns
[2023-07-18T20:48:12.153+0000][66][info ][safepoint   ] Safepoint "Cleanup", Time since last: 1408547683 ns, Reaching safepoint: 283077 ns, At safepoint: 4842 ns, Total: 287919 ns
[2023-07-18T20:48:14.077+0000][66][info ][safepoint   ] Safepoint "Cleanup", Time since last: 1923237255 ns, Reaching safepoint: 526793 ns, At safepoint: 33105 ns, Total: 559898 ns
[2023-07-18T20:48:15.086+0000][66][info ][safepoint   ] Safepoint "Cleanup", Time since last: 1009175024 ns, Reaching safepoint: 279504 ns, At safepoint: 200532 ns, Total: 480036 ns
[2023-07-18T20:48:16.538+0000][66][info ][safepoint   ] Safepoint "Cleanup", Time since last: 1451356514 ns, Reaching safepoint: 295019 ns, At safepoint: 6022 ns, Total: 301041 ns
[2023-07-18T20:48:18.779+0000][66][info ][safepoint   ] Safepoint "Cleanup", Time since last: 2240231672 ns, Reaching safepoint: 496887 ns, At safepoint: 108496 ns, Total: 605383 ns
[2023-07-18T20:48:19.844+0000][66][info ][safepoint   ] Safepoint "Cleanup", Time since last: 1064919219 ns, Reaching safepoint: 292057 ns, At safepoint: 79443 ns, Total: 371500 ns
[2023-07-18T20:48:20.955+0000][66][info ][safepoint   ] Safepoint "ICBufferFull", Time since last: 1110033718 ns, Reaching safepoint: 449297 ns, At safepoint: 54868 ns, Total: 504165 ns
[2023-07-18T20:48:21.964+0000][66][info ][safepoint   ] Safepoint "Cleanup", Time since last: 1009087811 ns, Reaching safepoint: 317767 ns, At safepoint: 86927 ns, Total: 404694 ns
[2023-07-18T20:48:22.967+0000][66][info ][safepoint   ] Safepoint "Cleanup", Time since last: 1002051723 ns, Reaching safepoint: 540028 ns, At safepoint: 21415 ns, Total: 561443 ns
[2023-07-18T20:48:23.969+0000][66][info ][safepoint   ] Safepoint "Cleanup", Time since last: 1001899439 ns, Reaching safepoint: 275939 ns, At safepoint: 5178 ns, Total: 281117 ns
[2023-07-18T20:48:25.017+0000][66][info ][safepoint   ] Safepoint "Cleanup", Time since last: 1047350347 ns, Reaching safepoint: 348395 ns, At safepoint: 86057 ns, Total: 434452 ns
[2023-07-18T20:48:26.403+0000][66][info ][safepoint   ] Safepoint "Cleanup", Time since last: 1385213540 ns, Reaching safepoint: 685789 ns, At safepoint: 47083 ns, Total: 732872 ns
[2023-07-18T20:48:28.410+0000][66][info ][safepoint   ] Safepoint "Cleanup", Time since last: 2006698329 ns, Reaching safepoint: 422316 ns, At safepoint: 50309 ns, Total: 472625 ns
[2023-07-18T20:48:30.199+0000][66][info ][safepoint   ] Safepoint "Cleanup", Time since last: 1789201007 ns, Reaching safepoint: 268198 ns, At safepoint: 5550 ns, Total: 273748 ns
[2023-07-18T20:48:31.904+0000][66][info ][safepoint   ] Safepoint "Cleanup", Time since last: 1703980982 ns, Reaching safepoint: 670416 ns, At safepoint: 9853 ns, Total: 680269 ns
[2023-07-18T20:48:33.214+0000][66][info ][safepoint   ] Safepoint "Cleanup", Time since last: 1309804350 ns, Reaching safepoint: 344483 ns, At safepoint: 6996 ns, Total: 351479 ns
[2023-07-18T20:48:34.218+0000][66][info ][safepoint   ] Safepoint "Cleanup", Time since last: 1003863745 ns, Reaching safepoint: 314085 ns, At safepoint: 13890 ns, Total: 327975 ns
[2023-07-18T20:48:36.760+0000][66][info ][safepoint   ] Safepoint "Cleanup", Time since last: 2541743363 ns, Reaching safepoint: 191875 ns, At safepoint: 57534 ns, Total: 249409 ns
[2023-07-18T20:48:37.966+0000][66][info ][safepoint   ] Safepoint "Cleanup", Time since last: 1205712173 ns, Reaching safepoint: 306813 ns, At safepoint: 12549 ns, Total: 319362 ns
[2023-07-18T20:48:39.822+0000][66][info ][safepoint   ] Safepoint "Cleanup", Time since last: 1855191678 ns, Reaching safepoint: 526568 ns, At safepoint: 10404 ns, Total: 536972 ns
[2023-07-18T20:48:43.861+0000][66][info ][safepoint   ] Safepoint "Cleanup", Time since last: 4037927034 ns, Reaching safepoint: 340528 ns, At safepoint: 6519 ns, Total: 347047 ns
[2023-07-18T20:48:45.163+0000][66][info ][safepoint   ] Safepoint "Cleanup", Time since last: 1301903756 ns, Reaching safepoint: 337839 ns, At safepoint: 5550 ns, Total: 343389 ns
[2023-07-18T20:48:48.774+0000][66][info ][safepoint   ] Safepoint "Cleanup", Time since last: 3610777680 ns, Reaching safepoint: 370026 ns, At safepoint: 59829 ns, Total: 429855 ns
[2023-07-18T20:48:50.546+0000][66][info ][safepoint   ] Safepoint "Cleanup", Time since last: 1771217669 ns, Reaching safepoint: 526312 ns, At safepoint: 32164 ns, Total: 558476 ns
[2023-07-18T20:48:51.549+0000][66][info ][safepoint   ] Safepoint "Cleanup", Time since last: 1002076600 ns, Reaching safepoint: 541218 ns, At safepoint: 10500 ns, Total: 551718 ns
[2023-07-18T20:49:00.781+0000][66][info ][safepoint   ] Safepoint "Cleanup", Time since last: 9231905278 ns, Reaching safepoint: 320378 ns, At safepoint: 151776 ns, Total: 472154 ns
[2023-07-18T20:49:03.010+0000][66][info ][safepoint   ] Safepoint "Cleanup", Time since last: 2228225332 ns, Reaching safepoint: 208499 ns, At safepoint: 21123 ns, Total: 229622 ns
[2023-07-18T20:49:04.871+0000][66][info ][safepoint   ] Safepoint "Cleanup", Time since last: 1860313428 ns, Reaching safepoint: 516863 ns, At safepoint: 31690 ns, Total: 548553 ns
[2023-07-18T20:49:06.838+0000][66][info ][safepoint   ] Safepoint "Cleanup", Time since last: 1967254965 ns, Reaching safepoint: 150817 ns, At safepoint: 9636 ns, Total: 160453 ns
[2023-07-18T20:49:07.932+0000][66][info ][safepoint   ] Safepoint "Cleanup", Time since last: 1093643580 ns, Reaching safepoint: 538126 ns, At safepoint: 9795 ns, Total: 547921 ns
[2023-07-18T20:49:10.215+0000][66][info ][safepoint   ] Safepoint "Cleanup", Time since last: 2282456901 ns, Reaching safepoint: 441840 ns, At safepoint: 94161 ns, Total: 536001 ns
[2023-07-18T20:49:12.218+0000][66][info ][safepoint   ] Safepoint "Cleanup", Time since last: 2003210527 ns, Reaching safepoint: 154482 ns, At safepoint: 2957 ns, Total: 157439 ns
[2023-07-18T20:49:13.534+0000][66][info ][safepoint   ] Safepoint "Cleanup", Time since last: 1315304160 ns, Reaching safepoint: 267395 ns, At safepoint: 135236 ns, Total: 402631 ns
[2023-07-18T20:49:14.135+0000][66][info ][safepoint   ] Safepoint "ICBufferFull", Time since last: 599756340 ns, Reaching safepoint: 420291 ns, At safepoint: 14627 ns, Total: 434918 ns
[2023-07-18T20:49:15.202+0000][66][info ][safepoint   ] Safepoint "ICBufferFull", Time since last: 1066846955 ns, Reaching safepoint: 271285 ns, At safepoint: 4384 ns, Total: 275669 ns
[2023-07-18T20:49:16.204+0000][66][info ][safepoint   ] Safepoint "Cleanup", Time since last: 1001499051 ns, Reaching safepoint: 431583 ns, At safepoint: 20986 ns, Total: 452569 ns
[2023-07-18T20:49:17.711+0000][66][info ][safepoint   ] Safepoint "Cleanup", Time since last: 1506251101 ns, Reaching safepoint: 720377 ns, At safepoint: 22836 ns, Total: 743213 ns
[2023-07-18T20:49:18.714+0000][66][info ][safepoint   ] Safepoint "Cleanup", Time since last: 1002557580 ns, Reaching safepoint: 217790 ns, At safepoint: 4652 ns, Total: 222442 ns
[2023-07-18T20:49:20.008+0000][66][info ][safepoint   ] Safepoint "Cleanup", Time since last: 1293939339 ns, Reaching safepoint: 332604 ns, At safepoint: 6005 ns, Total: 338609 ns
[2023-07-18T20:49:21.173+0000][66][info ][safepoint   ] Safepoint "Cleanup", Time since last: 1164914160 ns, Reaching safepoint: 305905 ns, At safepoint: 15742 ns, Total: 321647 ns
[2023-07-18T20:49:22.175+0000][66][info ][safepoint   ] Safepoint "Cleanup", Time since last: 1001944916 ns, Reaching safepoint: 289140 ns, At safepoint: 4794 ns, Total: 293934 ns
[2023-07-18T20:49:23.179+0000][66][info ][safepoint   ] Safepoint "Cleanup", Time since last: 1003074403 ns, Reaching safepoint: 340691 ns, At safepoint: 6591 ns, Total: 347282 ns
[2023-07-18T20:49:24.812+0000][66][info ][safepoint   ] Safepoint "Cleanup", Time since last: 1633362419 ns, Reaching safepoint: 50483 ns, At safepoint: 16020 ns, Total: 66503 ns
[2023-07-18T20:49:26.591+0000][66][info ][safepoint   ] Safepoint "Cleanup", Time since last: 1778084004 ns, Reaching safepoint: 461428 ns, At safepoint: 6353 ns, Total: 467781 ns
[2023-07-18T20:49:27.897+0000][66][info ][safepoint   ] Safepoint "Cleanup", Time since last: 1306167209 ns, Reaching safepoint: 268308 ns, At safepoint: 4891 ns, Total: 273199 ns
[2023-07-18T20:49:31.193+0000][66][info ][safepoint   ] Safepoint "Cleanup", Time since last: 3294986534 ns, Reaching safepoint: 376311 ns, At safepoint: 48805 ns, Total: 425116 ns
[2023-07-18T20:49:32.196+0000][66][info ][safepoint   ] Safepoint "Cleanup", Time since last: 1002708405 ns, Reaching safepoint: 290333 ns, At safepoint: 43023 ns, Total: 333356 ns
[2023-07-18T20:49:35.208+0000][66][info ][safepoint   ] Safepoint "Cleanup", Time since last: 3011802615 ns, Reaching safepoint: 312519 ns, At safepoint: 6761 ns, Total: 319280 ns
[2023-07-18T20:49:37.003+0000][66][info ][safepoint   ] Safepoint "Cleanup", Time since last: 1794850967 ns, Reaching safepoint: 311852 ns, At safepoint: 64452 ns, Total: 376304 ns
[2023-07-18T20:49:38.544+0000][66][info ][safepoint   ] Safepoint "Cleanup", Time since last: 1540406804 ns, Reaching safepoint: 816471 ns, At safepoint: 32608 ns, Total: 849079 ns
[2023-07-18T20:49:40.192+0000][66][info ][safepoint   ] Safepoint "Cleanup", Time since last: 1647985539 ns, Reaching safepoint: 184187 ns, At safepoint: 146864 ns, Total: 331051 ns
[2023-07-18T20:49:41.973+0000][66][info ][safepoint   ] Safepoint "Cleanup", Time since last: 1779935963 ns, Reaching safepoint: 438034 ns, At safepoint: 92001 ns, Total: 530035 ns
[2023-07-18T20:49:43.004+0000][66][info ][safepoint   ] Safepoint "Cleanup", Time since last: 1030801651 ns, Reaching safepoint: 189345 ns, At safepoint: 48415 ns, Total: 237760 ns
[2023-07-18T20:49:44.291+0000][66][info ][safepoint   ] Safepoint "Cleanup", Time since last: 1286052849 ns, Reaching safepoint: 104794 ns, At safepoint: 23224 ns, Total: 128018 ns
[2023-07-18T20:49:45.298+0000][66][info ][safepoint   ] Safepoint "Cleanup", Time since last: 1007468166 ns, Reaching safepoint: 243342 ns, At safepoint: 5840 ns, Total: 249182 ns
[2023-07-18T20:49:49.895+0000][66][info ][safepoint   ] Safepoint "Cleanup", Time since last: 4596200805 ns, Reaching safepoint: 577473 ns, At safepoint: 277949 ns, Total: 855422 ns
[2023-07-18T20:49:51.740+0000][66][info ][safepoint   ] Safepoint "Cleanup", Time since last: 1844532114 ns, Reaching safepoint: 204767 ns, At safepoint: 6907 ns, Total: 211674 ns
[2023-07-18T20:49:52.743+0000][66][info ][safepoint   ] Safepoint "Cleanup", Time since last: 1002351986 ns, Reaching safepoint: 408801 ns, At safepoint: 6265 ns, Total: 415066 ns
[2023-07-18T20:49:54.746+0000][66][info ][safepoint   ] Safepoint "Cleanup", Time since last: 2002827626 ns, Reaching safepoint: 206496 ns, At safepoint: 19930 ns, Total: 226426 ns
[2023-07-18T20:49:55.964+0000][66][info ][safepoint   ] Safepoint "Cleanup", Time since last: 1217701777 ns, Reaching safepoint: 390743 ns, At safepoint: 60671 ns, Total: 451414 ns
[2023-07-18T20:49:57.290+0000][66][info ][safepoint   ] Safepoint "Cleanup", Time since last: 1325472006 ns, Reaching safepoint: 347896 ns, At safepoint: 117900 ns, Total: 465796 ns
[2023-07-18T20:50:00.851+0000][66][info ][safepoint   ] Safepoint "Cleanup", Time since last: 3560665758 ns, Reaching safepoint: 464237 ns, At safepoint: 54898 ns, Total: 519135 ns
[2023-07-18T20:50:02.272+0000][66][info ][safepoint   ] Safepoint "Cleanup", Time since last: 1420098496 ns, Reaching safepoint: 218312 ns, At safepoint: 50579 ns, Total: 268891 ns
[2023-07-18T20:50:03.318+0000][66][info ][safepoint   ] Safepoint "Cleanup", Time since last: 1046065066 ns, Reaching safepoint: 536972 ns, At safepoint: 52708 ns, Total: 589680 ns
[2023-07-18T20:50:04.320+0000][66][info ][safepoint   ] Safepoint "Cleanup", Time since last: 1001770908 ns, Reaching safepoint: 361134 ns, At safepoint: 12875 ns, Total: 374009 ns
[2023-07-18T20:50:05.323+0000][66][info ][safepoint   ] Safepoint "Cleanup", Time since last: 1002085522 ns, Reaching safepoint: 1010488 ns, At safepoint: 33117 ns, Total: 1043605 ns
[2023-07-18T20:50:06.787+0000][66][info ][safepoint   ] Safepoint "Cleanup", Time since last: 1463246421 ns, Reaching safepoint: 302520 ns, At safepoint: 93667 ns, Total: 396187 ns
[2023-07-18T20:50:08.016+0000][66][info ][safepoint   ] Safepoint "Cleanup", Time since last: 1228845911 ns, Reaching safepoint: 438596 ns, At safepoint: 63188 ns, Total: 501784 ns
[2023-07-18T20:50:09.109+0000][66][info ][safepoint   ] Safepoint "Cleanup", Time since last: 1091972825 ns, Reaching safepoint: 344055 ns, At safepoint: 5533 ns, Total: 349588 ns
[2023-07-18T20:50:10.401+0000][66][info ][safepoint   ] Safepoint "Cleanup", Time since last: 1291922807 ns, Reaching safepoint: 344716 ns, At safepoint: 7413 ns, Total: 352129 ns
[2023-07-18T20:50:12.404+0000][66][info ][safepoint   ] Safepoint "Cleanup", Time since last: 2002572267 ns, Reaching safepoint: 371589 ns, At safepoint: 31355 ns, Total: 402944 ns
[2023-07-18T20:50:13.437+0000][66][info ][safepoint   ] Safepoint "Cleanup", Time since last: 1032351100 ns, Reaching safepoint: 340993 ns, At safepoint: 235621 ns, Total: 576614 ns
[2023-07-18T20:50:14.444+0000][66][info ][safepoint   ] Safepoint "Cleanup", Time since last: 1006495209 ns, Reaching safepoint: 163972 ns, At safepoint: 53350 ns, Total: 217322 ns
[2023-07-18T20:50:17.122+0000][66][info ][safepoint   ] Safepoint "Cleanup", Time since last: 2677329664 ns, Reaching safepoint: 276562 ns, At safepoint: 82104 ns, Total: 358666 ns
[2023-07-18T20:50:18.171+0000][66][info ][safepoint   ] Safepoint "Cleanup", Time since last: 1049162887 ns, Reaching safepoint: 187057 ns, At safepoint: 4745 ns, Total: 191802 ns
[2023-07-18T20:50:19.402+0000][66][info ][safepoint   ] Safepoint "Cleanup", Time since last: 1230246881 ns, Reaching safepoint: 242641 ns, At safepoint: 56657 ns, Total: 299298 ns
[2023-07-18T20:50:19.696+0000][66][info ][gc,start    ] GC(20) Pause Young (Normal) (G1 Evacuation Pause)
[2023-07-18T20:50:19.698+0000][66][info ][gc,task     ] GC(20) Using 6 workers of 6 for evacuation
[2023-07-18T20:50:19.699+0000][66][debug][gc,age      ] GC(20) Desired survivor size 155189248 bytes, new threshold 15 (max threshold 15)
[2023-07-18T20:50:19.731+0000][66][info ][gc,phases   ] GC(20)   Pre Evacuate Collection Set: 0.5ms
[2023-07-18T20:50:19.733+0000][66][info ][gc,phases   ] GC(20)   Merge Heap Roots: 0.4ms
[2023-07-18T20:50:19.735+0000][66][info ][gc,phases   ] GC(20)   Evacuate Collection Set: 25.0ms
[2023-07-18T20:50:19.736+0000][66][info ][gc,phases   ] GC(20)   Post Evacuate Collection Set: 5.1ms
[2023-07-18T20:50:19.737+0000][66][info ][gc,phases   ] GC(20)   Other: 2.6ms
[2023-07-18T20:50:19.738+0000][66][trace][gc,age      ] GC(20) Age table with threshold 15 (max threshold 15)
[2023-07-18T20:50:19.739+0000][66][trace][gc,age      ] GC(20) - age   1:    7906224 bytes,    7906224 total
[2023-07-18T20:50:19.741+0000][66][trace][gc,age      ] GC(20) - age   2:      54344 bytes,    7960568 total
[2023-07-18T20:50:19.742+0000][66][trace][gc,age      ] GC(20) - age   3:    1078336 bytes,    9038904 total
[2023-07-18T20:50:19.743+0000][66][trace][gc,age      ] GC(20) - age   4:      35304 bytes,    9074208 total
[2023-07-18T20:50:19.745+0000][66][trace][gc,age      ] GC(20) - age   5:      20592 bytes,    9094800 total
[2023-07-18T20:50:19.746+0000][66][trace][gc,age      ] GC(20) - age   6:     274960 bytes,    9369760 total
[2023-07-18T20:50:19.747+0000][66][trace][gc,age      ] GC(20) - age   7:    1698232 bytes,   11067992 total
[2023-07-18T20:50:19.748+0000][66][trace][gc,age      ] GC(20) - age   8:    3844928 bytes,   14912920 total
[2023-07-18T20:50:19.749+0000][66][trace][gc,age      ] GC(20) - age   9:   30537104 bytes,   45450024 total
[2023-07-18T20:50:19.750+0000][66][trace][gc,age      ] GC(20) - age  10:    3859384 bytes,   49309408 total
[2023-07-18T20:50:19.752+0000][66][info ][gc,heap     ] GC(20) Eden regions: 577->0(576)
[2023-07-18T20:50:19.753+0000][66][info ][gc,heap     ] GC(20) Survivor regions: 12->13(74)
[2023-07-18T20:50:19.754+0000][66][info ][gc,heap     ] GC(20) Old regions: 17->17
[2023-07-18T20:50:19.755+0000][66][info ][gc,heap     ] GC(20) Archive regions: 2->2
[2023-07-18T20:50:19.756+0000][66][info ][gc,heap     ] GC(20) Humongous regions: 0->0
[2023-07-18T20:50:19.757+0000][66][info ][gc,metaspace] GC(20) Metaspace: 140748K(144256K)->140748K(144256K) NonClass: 122482K(124288K)->122482K(124288K) Class: 18265K(19968K)->18265K(19968K)
[2023-07-18T20:50:19.758+0000][66][info ][gc          ] GC(20) Pause Young (Normal) (G1 Evacuation Pause) 2423M->119M(3932M) 62.259ms
[2023-07-18T20:50:19.759+0000][66][info ][gc,cpu      ] GC(20) User=0.15s Sys=0.00s Real=0.06s
[2023-07-18T20:50:19.760+0000][66][info ][safepoint   ] Safepoint "G1CollectForAllocation", Time since last: 294196823 ns, Reaching safepoint: 158682 ns, At safepoint: 64362062 ns, Total: 64520744 ns
[2023-07-18T20:50:21.689+0000][66][info ][safepoint   ] Safepoint "Cleanup", Time since last: 1928511261 ns, Reaching safepoint: 366902 ns, At safepoint: 21424 ns, Total: 388326 ns
[2023-07-18T20:50:22.693+0000][66][info ][safepoint   ] Safepoint "Cleanup", Time since last: 1002647349 ns, Reaching safepoint: 475096 ns, At safepoint: 16950 ns, Total: 492046 ns
[2023-07-18T20:50:23.742+0000][66][info ][safepoint   ] Safepoint "Cleanup", Time since last: 1049483925 ns, Reaching safepoint: 130312 ns, At safepoint: 60250 ns, Total: 190562 ns
[2023-07-18T20:50:25.860+0000][66][info ][safepoint   ] Safepoint "Cleanup", Time since last: 2118085499 ns, Reaching safepoint: 179578 ns, At safepoint: 4288 ns, Total: 183866 ns
[2023-07-18T20:50:30.009+0000][66][info ][safepoint   ] Safepoint "Cleanup", Time since last: 4148267017 ns, Reaching safepoint: 231355 ns, At safepoint: 23071 ns, Total: 254426 ns
[2023-07-18T20:50:31.117+0000][66][info ][safepoint   ] Safepoint "Cleanup", Time since last: 1106890600 ns, Reaching safepoint: 629517 ns, At safepoint: 18897 ns, Total: 648414 ns
[2023-07-18T20:50:32.363+0000][66][info ][safepoint   ] Safepoint "Cleanup", Time since last: 1246219568 ns, Reaching safepoint: 221360 ns, At safepoint: 56166 ns, Total: 277526 ns
[2023-07-18T20:50:33.493+0000][66][info ][safepoint   ] Safepoint "Cleanup", Time since last: 1129423227 ns, Reaching safepoint: 230234 ns, At safepoint: 5391 ns, Total: 235625 ns
[2023-07-18T20:50:34.495+0000][66][info ][safepoint   ] Safepoint "Cleanup", Time since last: 1002156366 ns, Reaching safepoint: 375556 ns, At safepoint: 71446 ns, Total: 447002 ns
[2023-07-18T20:50:35.498+0000][66][info ][safepoint   ] Safepoint "Cleanup", Time since last: 1002278903 ns, Reaching safepoint: 353624 ns, At safepoint: 21853 ns, Total: 375477 ns
[2023-07-18T20:50:37.858+0000][66][info ][safepoint   ] Safepoint "Cleanup", Time since last: 2359823018 ns, Reaching safepoint: 322427 ns, At safepoint: 133290 ns, Total: 455717 ns
[2023-07-18T20:50:38.860+0000][66][info ][safepoint   ] Safepoint "Cleanup", Time since last: 1001509193 ns, Reaching safepoint: 280879 ns, At safepoint: 56368 ns, Total: 337247 ns
[2023-07-18T20:50:40.129+0000][66][info ][safepoint   ] Safepoint "Cleanup", Time since last: 1268075285 ns, Reaching safepoint: 473573 ns, At safepoint: 46503 ns, Total: 520076 ns
[2023-07-18T20:50:43.505+0000][66][info ][safepoint   ] Safepoint "Cleanup", Time since last: 3375907998 ns, Reaching safepoint: 154882 ns, At safepoint: 59569 ns, Total: 214451 ns
[2023-07-18T20:50:45.409+0000][66][info ][safepoint   ] Safepoint "Cleanup", Time since last: 1903244167 ns, Reaching safepoint: 455029 ns, At safepoint: 19484 ns, Total: 474513 ns
[2023-07-18T20:50:47.413+0000][66][info ][safepoint   ] Safepoint "Cleanup", Time since last: 2004016801 ns, Reaching safepoint: 243964 ns, At safepoint: 6676 ns, Total: 250640 ns
[2023-07-18T20:50:48.842+0000][66][info ][safepoint   ] Safepoint "Cleanup", Time since last: 1428667929 ns, Reaching safepoint: 279033 ns, At safepoint: 66063 ns, Total: 345096 ns
[2023-07-18T20:50:51.272+0000][66][info ][safepoint   ] Safepoint "Cleanup", Time since last: 2429934585 ns, Reaching safepoint: 262190 ns, At safepoint: 13585 ns, Total: 275775 ns
[2023-07-18T20:51:13.894+0000][66][info ][safepoint   ] Safepoint "Cleanup", Time since last: 22620535597 ns, Reaching safepoint: 345113 ns, At safepoint: 59707 ns, Total: 404820 ns
[2023-07-18T20:51:15.157+0000][66][info ][safepoint   ] Safepoint "Cleanup", Time since last: 1263683916 ns, Reaching safepoint: 86018 ns, At safepoint: 3001 ns, Total: 89019 ns
[2023-07-18T20:51:19.393+0000][66][info ][safepoint   ] Safepoint "Cleanup", Time since last: 4235343779 ns, Reaching safepoint: 382337 ns, At safepoint: 53032 ns, Total: 435369 ns
[2023-07-18T20:51:32.070+0000][66][info ][safepoint   ] Safepoint "Cleanup", Time since last: 12677204343 ns, Reaching safepoint: 144932 ns, At safepoint: 3546 ns, Total: 148478 ns
[2023-07-18T20:51:34.312+0000][66][info ][safepoint   ] Safepoint "Cleanup", Time since last: 2241152550 ns, Reaching safepoint: 223628 ns, At safepoint: 4676 ns, Total: 228304 ns
[2023-07-18T20:51:42.249+0000][66][info ][safepoint   ] Safepoint "Cleanup", Time since last: 7937125944 ns, Reaching safepoint: 488939 ns, At safepoint: 33059 ns, Total: 521998 ns
[2023-07-18T20:51:43.815+0000][66][info ][safepoint   ] Safepoint "Cleanup", Time since last: 1565074924 ns, Reaching safepoint: 398424 ns, At safepoint: 54280 ns, Total: 452704 ns
[2023-07-18T20:51:44.896+0000][66][info ][safepoint   ] Safepoint "Cleanup", Time since last: 1080020711 ns, Reaching safepoint: 287935 ns, At safepoint: 12391 ns, Total: 300326 ns
[2023-07-18T20:52:07.498+0000][66][info ][safepoint   ] Safepoint "Cleanup", Time since last: 22601358043 ns, Reaching safepoint: 403338 ns, At safepoint: 60528 ns, Total: 463866 ns
[2023-07-18T20:52:13.869+0000][66][info ][safepoint   ] Safepoint "Cleanup", Time since last: 6392304955 ns, Reaching safepoint: 157124 ns, At safepoint: 153804 ns, Total: 310928 ns
[2023-07-18T20:52:15.959+0000][66][info ][safepoint   ] Safepoint "Cleanup", Time since last: 2089371840 ns, Reaching safepoint: 352848 ns, At safepoint: 6626 ns, Total: 359474 ns
[2023-07-18T20:52:20.364+0000][66][info ][safepoint   ] Safepoint "Cleanup", Time since last: 4405385986 ns, Reaching safepoint: 444419 ns, At safepoint: 11555 ns, Total: 455974 ns
[2023-07-18T20:52:21.391+0000][66][info ][safepoint   ] Safepoint "Cleanup", Time since last: 1026203289 ns, Reaching safepoint: 93784 ns, At safepoint: 3302 ns, Total: 97086 ns
[2023-07-18T20:52:25.224+0000][66][info ][safepoint   ] Safepoint "Cleanup", Time since last: 3832522080 ns, Reaching safepoint: 461240 ns, At safepoint: 65589 ns, Total: 526829 ns
[2023-07-18T20:52:27.316+0000][66][info ][safepoint   ] Safepoint "Cleanup", Time since last: 2090797182 ns, Reaching safepoint: 949851 ns, At safepoint: 19639 ns, Total: 969490 ns
[2023-07-18T20:52:45.426+0000][66][info ][safepoint   ] Safepoint "Cleanup", Time since last: 18115039611 ns, Reaching safepoint: 182214 ns, At safepoint: 8256 ns, Total: 190470 ns
[2023-07-18T20:52:46.428+0000][66][info ][safepoint   ] Safepoint "Cleanup", Time since last: 1002122163 ns, Reaching safepoint: 318786 ns, At safepoint: 4941 ns, Total: 323727 ns
[2023-07-18T20:52:47.517+0000][66][info ][safepoint   ] Safepoint "Cleanup", Time since last: 1088551668 ns, Reaching safepoint: 356619 ns, At safepoint: 62777 ns, Total: 419396 ns
[2023-07-18T20:52:48.915+0000][66][info ][safepoint   ] Safepoint "Cleanup", Time since last: 1397417231 ns, Reaching safepoint: 422635 ns, At safepoint: 50957 ns, Total: 473592 ns
[2023-07-18T20:52:50.269+0000][66][info ][safepoint   ] Safepoint "Cleanup", Time since last: 1354108424 ns, Reaching safepoint: 139150 ns, At safepoint: 61724 ns, Total: 200874 ns
[2023-07-18T20:52:52.653+0000][66][info ][safepoint   ] Safepoint "Cleanup", Time since last: 2383769788 ns, Reaching safepoint: 284170 ns, At safepoint: 13525 ns, Total: 297695 ns
[2023-07-18T20:52:54.768+0000][66][info ][safepoint   ] Safepoint "Cleanup", Time since last: 2114556483 ns, Reaching safepoint: 247785 ns, At safepoint: 7993 ns, Total: 255778 ns
[2023-07-18T20:53:01.493+0000][66][info ][safepoint   ] Safepoint "Cleanup", Time since last: 6724335092 ns, Reaching safepoint: 66678 ns, At safepoint: 143108 ns, Total: 209786 ns
[2023-07-18T20:53:03.271+0000][66][info ][safepoint   ] Safepoint "Cleanup", Time since last: 1777770138 ns, Reaching safepoint: 283746 ns, At safepoint: 5576 ns, Total: 289322 ns
[2023-07-18T20:53:05.273+0000][66][info ][safepoint   ] Safepoint "Cleanup", Time since last: 2002449467 ns, Reaching safepoint: 235661 ns, At safepoint: 4485 ns, Total: 240146 ns
[2023-07-18T20:53:06.276+0000][66][info ][safepoint   ] Safepoint "Cleanup", Time since last: 1001955744 ns, Reaching safepoint: 140345 ns, At safepoint: 16825 ns, Total: 157170 ns
[2023-07-18T20:53:07.588+0000][66][info ][safepoint   ] Safepoint "Cleanup", Time since last: 1312628564 ns, Reaching safepoint: 116708 ns, At safepoint: 147895 ns, Total: 264603 ns
[2023-07-18T20:53:09.363+0000][66][info ][safepoint   ] Safepoint "Cleanup", Time since last: 1774474787 ns, Reaching safepoint: 314128 ns, At safepoint: 16392 ns, Total: 330520 ns
[2023-07-18T20:53:10.453+0000][66][info ][safepoint   ] Safepoint "Cleanup", Time since last: 1089383640 ns, Reaching safepoint: 290121 ns, At safepoint: 8437 ns, Total: 298558 ns
[2023-07-18T20:53:12.311+0000][66][info ][safepoint   ] Safepoint "Cleanup", Time since last: 1858139840 ns, Reaching safepoint: 259161 ns, At safepoint: 7442 ns, Total: 266603 ns
[2023-07-18T20:53:14.017+0000][66][info ][safepoint   ] Safepoint "Cleanup", Time since last: 1706403027 ns, Reaching safepoint: 192655 ns, At safepoint: 42328 ns, Total: 234983 ns
[2023-07-18T20:53:15.314+0000][66][info ][safepoint   ] Safepoint "Cleanup", Time since last: 1296247184 ns, Reaching safepoint: 277319 ns, At safepoint: 25030 ns, Total: 302349 ns
[2023-07-18T20:53:16.325+0000][66][info ][safepoint   ] Safepoint "Cleanup", Time since last: 1010118831 ns, Reaching safepoint: 448390 ns, At safepoint: 19472 ns, Total: 467862 ns
[2023-07-18T20:53:25.929+0000][66][info ][safepoint   ] Safepoint "Cleanup", Time since last: 9603755506 ns, Reaching safepoint: 160366 ns, At safepoint: 55736 ns, Total: 216102 ns
[2023-07-18T20:53:30.021+0000][66][info ][safepoint   ] Safepoint "Cleanup", Time since last: 4092606977 ns, Reaching safepoint: 343067 ns, At safepoint: 6868 ns, Total: 349935 ns
[2023-07-18T20:53:31.117+0000][66][info ][safepoint   ] Safepoint "Cleanup", Time since last: 1095324824 ns, Reaching safepoint: 352500 ns, At safepoint: 53245 ns, Total: 405745 ns
[2023-07-18T20:53:36.220+0000][66][info ][safepoint   ] Safepoint "Cleanup", Time since last: 5101876449 ns, Reaching safepoint: 660452 ns, At safepoint: 11758 ns, Total: 672210 ns
[2023-07-18T20:53:37.929+0000][66][info ][safepoint   ] Safepoint "Cleanup", Time since last: 1708331545 ns, Reaching safepoint: 392992 ns, At safepoint: 19242 ns, Total: 412234 ns
[2023-07-18T20:53:40.443+0000][66][info ][safepoint   ] Safepoint "Cleanup", Time since last: 2513481049 ns, Reaching safepoint: 654031 ns, At safepoint: 50534 ns, Total: 704565 ns
[2023-07-18T20:53:44.775+0000][66][info ][safepoint   ] Safepoint "Cleanup", Time since last: 4331110858 ns, Reaching safepoint: 414795 ns, At safepoint: 26189 ns, Total: 440984 ns
[2023-07-18T20:53:45.778+0000][66][info ][safepoint   ] Safepoint "Cleanup", Time since last: 1003113432 ns, Reaching safepoint: 402581 ns, At safepoint: 6123 ns, Total: 408704 ns
[2023-07-18T20:53:51.160+0000][66][info ][safepoint   ] Safepoint "Cleanup", Time since last: 5381458616 ns, Reaching safepoint: 673677 ns, At safepoint: 18664 ns, Total: 692341 ns
[2023-07-18T20:53:53.326+0000][66][info ][safepoint   ] Safepoint "Cleanup", Time since last: 2165446976 ns, Reaching safepoint: 468258 ns, At safepoint: 56788 ns, Total: 525046 ns
[2023-07-18T20:53:54.356+0000][66][info ][safepoint   ] Safepoint "Cleanup", Time since last: 1029973876 ns, Reaching safepoint: 235069 ns, At safepoint: 7718 ns, Total: 242787 ns
[2023-07-18T20:53:56.908+0000][66][info ][safepoint   ] Safepoint "Cleanup", Time since last: 2551097304 ns, Reaching safepoint: 214831 ns, At safepoint: 21195 ns, Total: 236026 ns
[2023-07-18T20:53:58.433+0000][66][info ][safepoint   ] Safepoint "Cleanup", Time since last: 1524406172 ns, Reaching safepoint: 319415 ns, At safepoint: 15129 ns, Total: 334544 ns
[2023-07-18T20:53:59.804+0000][66][info ][safepoint   ] Safepoint "Cleanup", Time since last: 1371092911 ns, Reaching safepoint: 341590 ns, At safepoint: 6823 ns, Total: 348413 ns
[2023-07-18T20:54:00.806+0000][66][info ][safepoint   ] Safepoint "Cleanup", Time since last: 1002345744 ns, Reaching safepoint: 76734 ns, At safepoint: 14931 ns, Total: 91665 ns
[2023-07-18T20:54:04.047+0000][66][info ][safepoint   ] Safepoint "Cleanup", Time since last: 3240097417 ns, Reaching safepoint: 552499 ns, At safepoint: 9705 ns, Total: 562204 ns
[2023-07-18T20:54:07.354+0000][66][info ][safepoint   ] Safepoint "Cleanup", Time since last: 3306785327 ns, Reaching safepoint: 253111 ns, At safepoint: 41304 ns, Total: 294415 ns
[2023-07-18T20:54:20.406+0000][66][info ][safepoint   ] Safepoint "Cleanup", Time since last: 13051770649 ns, Reaching safepoint: 125809 ns, At safepoint: 40831 ns, Total: 166640 ns
[2023-07-18T20:54:22.280+0000][66][info ][safepoint   ] Safepoint "Cleanup", Time since last: 1873721409 ns, Reaching safepoint: 384906 ns, At safepoint: 19086 ns, Total: 403992 ns
[2023-07-18T20:54:23.283+0000][66][info ][safepoint   ] Safepoint "Cleanup", Time since last: 1002514595 ns, Reaching safepoint: 256566 ns, At safepoint: 6059 ns, Total: 262625 ns
[2023-07-18T20:54:25.067+0000][66][info ][safepoint   ] Safepoint "Cleanup", Time since last: 1783628056 ns, Reaching safepoint: 325815 ns, At safepoint: 43388 ns, Total: 369203 ns
[2023-07-18T20:54:27.100+0000][66][info ][safepoint   ] Safepoint "Cleanup", Time since last: 2032340126 ns, Reaching safepoint: 232361 ns, At safepoint: 4743 ns, Total: 237104 ns
[2023-07-18T20:54:49.802+0000][66][info ][safepoint   ] Safepoint "Cleanup", Time since last: 22701923063 ns, Reaching safepoint: 276520 ns, At safepoint: 19108 ns, Total: 295628 ns
[2023-07-18T20:54:56.078+0000][66][info ][safepoint   ] Safepoint "Cleanup", Time since last: 6275586858 ns, Reaching safepoint: 386525 ns, At safepoint: 20279 ns, Total: 406804 ns
[2023-07-18T20:54:57.494+0000][66][info ][safepoint   ] Safepoint "Cleanup", Time since last: 1415670969 ns, Reaching safepoint: 532136 ns, At safepoint: 11009 ns, Total: 543145 ns
[2023-07-18T20:55:10.598+0000][66][info ][safepoint   ] Safepoint "Cleanup", Time since last: 13102544368 ns, Reaching safepoint: 696547 ns, At safepoint: 10723 ns, Total: 707270 ns
[2023-07-18T20:55:11.602+0000][66][info ][safepoint   ] Safepoint "Cleanup", Time since last: 1004101841 ns, Reaching safepoint: 493380 ns, At safepoint: 7161 ns, Total: 500541 ns
[2023-07-18T20:55:18.876+0000][66][info ][safepoint   ] Safepoint "Cleanup", Time since last: 7272733765 ns, Reaching safepoint: 366868 ns, At safepoint: 61215 ns, Total: 428083 ns
[2023-07-18T20:55:21.797+0000][66][info ][safepoint   ] Safepoint "Cleanup", Time since last: 2921277671 ns, Reaching safepoint: 263113 ns, At safepoint: 5247 ns, Total: 268360 ns
[2023-07-18T20:55:23.429+0000][66][info ][safepoint   ] Safepoint "Cleanup", Time since last: 1631668080 ns, Reaching safepoint: 85794 ns, At safepoint: 58389 ns, Total: 144183 ns
[2023-07-18T20:55:26.153+0000][66][info ][safepoint   ] Safepoint "Cleanup", Time since last: 2723812110 ns, Reaching safepoint: 262263 ns, At safepoint: 46743 ns, Total: 309006 ns
[2023-07-18T20:55:27.320+0000][66][info ][safepoint   ] Safepoint "Cleanup", Time since last: 1166343639 ns, Reaching safepoint: 330886 ns, At safepoint: 50707 ns, Total: 381593 ns
[2023-07-18T20:55:43.728+0000][66][info ][safepoint   ] Safepoint "Cleanup", Time since last: 16407084636 ns, Reaching safepoint: 321498 ns, At safepoint: 53268 ns, Total: 374766 ns
[2023-07-18T20:55:44.845+0000][66][info ][safepoint   ] Safepoint "Cleanup", Time since last: 1116385671 ns, Reaching safepoint: 403191 ns, At safepoint: 12649 ns, Total: 415840 ns
[2023-07-18T20:55:48.848+0000][66][info ][safepoint   ] Safepoint "Cleanup", Time since last: 4003350050 ns, Reaching safepoint: 248077 ns, At safepoint: 22422 ns, Total: 270499 ns
[2023-07-18T20:55:51.862+0000][66][info ][safepoint   ] Safepoint "Cleanup", Time since last: 3013095461 ns, Reaching safepoint: 235850 ns, At safepoint: 42780 ns, Total: 278630 ns
[2023-07-18T20:55:53.736+0000][66][info ][safepoint   ] Safepoint "Cleanup", Time since last: 1873733185 ns, Reaching safepoint: 290520 ns, At safepoint: 6166 ns, Total: 296686 ns
[2023-07-18T20:55:57.027+0000][66][info ][safepoint   ] Safepoint "Cleanup", Time since last: 3290665811 ns, Reaching safepoint: 338223 ns, At safepoint: 70946 ns, Total: 409169 ns
[2023-07-18T20:56:01.977+0000][66][info ][safepoint   ] Safepoint "Cleanup", Time since last: 4950060091 ns, Reaching safepoint: 260999 ns, At safepoint: 21936 ns, Total: 282935 ns
[2023-07-18T20:56:07.279+0000][66][info ][safepoint   ] Safepoint "Cleanup", Time since last: 5301457226 ns, Reaching safepoint: 417068 ns, At safepoint: 54867 ns, Total: 471935 ns
[2023-07-18T20:56:20.734+0000][66][info ][safepoint   ] Safepoint "Cleanup", Time since last: 13454430527 ns, Reaching safepoint: 557757 ns, At safepoint: 11489 ns, Total: 569246 ns
[2023-07-18T20:56:30.945+0000][66][info ][safepoint   ] Safepoint "Cleanup", Time since last: 10210883721 ns, Reaching safepoint: 261897 ns, At safepoint: 8365 ns, Total: 270262 ns
[2023-07-18T20:56:32.012+0000][66][info ][safepoint   ] Safepoint "Cleanup", Time since last: 1066175231 ns, Reaching safepoint: 289152 ns, At safepoint: 42713 ns, Total: 331865 ns
[2023-07-18T20:56:43.359+0000][66][info ][safepoint   ] Safepoint "Cleanup", Time since last: 11346475280 ns, Reaching safepoint: 84490 ns, At safepoint: 8819 ns, Total: 93309 ns
[2023-07-18T20:56:44.454+0000][66][info ][safepoint   ] Safepoint "Cleanup", Time since last: 1095186216 ns, Reaching safepoint: 277500 ns, At safepoint: 4522 ns, Total: 282022 ns
[2023-07-18T20:56:45.814+0000][66][info ][safepoint   ] Safepoint "Cleanup", Time since last: 1359539340 ns, Reaching safepoint: 266150 ns, At safepoint: 5799 ns, Total: 271949 ns
[2023-07-18T20:57:01.956+0000][66][info ][safepoint   ] Safepoint "Cleanup", Time since last: 16141924282 ns, Reaching safepoint: 227454 ns, At safepoint: 4206 ns, Total: 231660 ns
[2023-07-18T20:57:06.872+0000][66][info ][safepoint   ] Safepoint "Cleanup", Time since last: 4915249756 ns, Reaching safepoint: 333796 ns, At safepoint: 61441 ns, Total: 395237 ns
[2023-07-18T20:57:12.893+0000][66][info ][safepoint   ] Safepoint "Cleanup", Time since last: 6021347863 ns, Reaching safepoint: 296168 ns, At safepoint: 42779 ns, Total: 338947 ns
[2023-07-18T20:57:45.322+0000][66][info ][safepoint   ] Safepoint "Cleanup", Time since last: 32427453390 ns, Reaching safepoint: 207201 ns, At safepoint: 6696 ns, Total: 213897 ns
[2023-07-18T20:57:46.325+0000][66][info ][safepoint   ] Safepoint "Cleanup", Time since last: 1003127108 ns, Reaching safepoint: 412415 ns, At safepoint: 17369 ns, Total: 429784 ns
[2023-07-18T20:58:13.355+0000][66][info ][safepoint   ] Safepoint "Cleanup", Time since last: 27029653906 ns, Reaching safepoint: 149309 ns, At safepoint: 72840 ns, Total: 222149 ns
[2023-07-18T20:58:15.062+0000][66][info ][safepoint   ] Safepoint "Cleanup", Time since last: 1705989601 ns, Reaching safepoint: 384576 ns, At safepoint: 55495 ns, Total: 440071 ns
[2023-07-18T20:58:16.915+0000][66][info ][safepoint   ] Safepoint "Cleanup", Time since last: 1852248410 ns, Reaching safepoint: 697238 ns, At safepoint: 29250 ns, Total: 726488 ns
[2023-07-18T20:58:36.882+0000][66][info ][safepoint   ] Safepoint "Cleanup", Time since last: 19966224986 ns, Reaching safepoint: 434094 ns, At safepoint: 61193 ns, Total: 495287 ns
[2023-07-18T20:58:42.899+0000][66][info ][safepoint   ] Safepoint "Cleanup", Time since last: 6016684827 ns, Reaching safepoint: 260073 ns, At safepoint: 40958 ns, Total: 301031 ns
[2023-07-18T20:58:43.907+0000][66][info ][safepoint   ] Safepoint "Cleanup", Time since last: 1008334902 ns, Reaching safepoint: 412972 ns, At safepoint: 42778 ns, Total: 455750 ns
[2023-07-18T20:58:53.267+0000][66][info ][safepoint   ] Safepoint "Cleanup", Time since last: 9359015347 ns, Reaching safepoint: 252992 ns, At safepoint: 45139 ns, Total: 298131 ns
[2023-07-18T20:58:54.478+0000][66][info ][safepoint   ] Safepoint "Cleanup", Time since last: 1210384913 ns, Reaching safepoint: 299488 ns, At safepoint: 94136 ns, Total: 393624 ns
[2023-07-18T20:59:06.884+0000][66][info ][safepoint   ] Safepoint "Cleanup", Time since last: 12405960279 ns, Reaching safepoint: 307509 ns, At safepoint: 53509 ns, Total: 361018 ns
[2023-07-18T20:59:20.442+0000][66][info ][safepoint   ] Safepoint "Cleanup", Time since last: 13557601585 ns, Reaching safepoint: 240259 ns, At safepoint: 46527 ns, Total: 286786 ns
[2023-07-18T20:59:21.481+0000][66][info ][safepoint   ] Safepoint "Cleanup", Time since last: 1038174525 ns, Reaching safepoint: 730035 ns, At safepoint: 32120 ns, Total: 762155 ns
[2023-07-18T20:59:44.090+0000][66][info ][safepoint   ] Safepoint "Cleanup", Time since last: 22608799042 ns, Reaching safepoint: 224047 ns, At safepoint: 4934 ns, Total: 228981 ns
[2023-07-18T21:00:07.761+0000][66][info ][safepoint   ] Safepoint "Cleanup", Time since last: 23670112751 ns, Reaching safepoint: 514694 ns, At safepoint: 57342 ns, Total: 572036 ns
[2023-07-18T21:00:37.120+0000][66][info ][safepoint   ] Safepoint "Cleanup", Time since last: 29358111130 ns, Reaching safepoint: 258970 ns, At safepoint: 42414 ns, Total: 301384 ns
[2023-07-18T21:00:45.381+0000][66][info ][safepoint   ] Safepoint "Cleanup", Time since last: 8260202524 ns, Reaching safepoint: 629197 ns, At safepoint: 18089 ns, Total: 647286 ns
[2023-07-18T21:00:50.774+0000][66][info ][safepoint   ] Safepoint "Cleanup", Time since last: 5392735442 ns, Reaching safepoint: 361705 ns, At safepoint: 6638 ns, Total: 368343 ns
[2023-07-18T21:01:19.144+0000][66][info ][gc,start    ] GC(21) Pause Young (Normal) (G1 Evacuation Pause)
[2023-07-18T21:01:19.147+0000][66][info ][gc,task     ] GC(21) Using 6 workers of 6 for evacuation
[2023-07-18T21:01:19.148+0000][66][debug][gc,age      ] GC(21) Desired survivor size 155189248 bytes, new threshold 15 (max threshold 15)
[2023-07-18T21:01:19.185+0000][66][info ][gc,phases   ] GC(21)   Pre Evacuate Collection Set: 0.5ms
[2023-07-18T21:01:19.186+0000][66][info ][gc,phases   ] GC(21)   Merge Heap Roots: 0.6ms
[2023-07-18T21:01:19.188+0000][66][info ][gc,phases   ] GC(21)   Evacuate Collection Set: 28.7ms
[2023-07-18T21:01:19.189+0000][66][info ][gc,phases   ] GC(21)   Post Evacuate Collection Set: 5.1ms
[2023-07-18T21:01:19.190+0000][66][info ][gc,phases   ] GC(21)   Other: 2.9ms
[2023-07-18T21:01:19.191+0000][66][trace][gc,age      ] GC(21) Age table with threshold 15 (max threshold 15)
[2023-07-18T21:01:19.192+0000][66][trace][gc,age      ] GC(21) - age   1:    4046072 bytes,    4046072 total
[2023-07-18T21:01:19.193+0000][66][trace][gc,age      ] GC(21) - age   2:    4153224 bytes,    8199296 total
[2023-07-18T21:01:19.194+0000][66][trace][gc,age      ] GC(21) - age   3:      32360 bytes,    8231656 total
[2023-07-18T21:01:19.196+0000][66][trace][gc,age      ] GC(21) - age   4:    1077592 bytes,    9309248 total
[2023-07-18T21:01:19.197+0000][66][trace][gc,age      ] GC(21) - age   5:      35304 bytes,    9344552 total
[2023-07-18T21:01:19.199+0000][66][trace][gc,age      ] GC(21) - age   6:      20296 bytes,    9364848 total
[2023-07-18T21:01:19.200+0000][66][trace][gc,age      ] GC(21) - age   7:     274960 bytes,    9639808 total
[2023-07-18T21:01:19.201+0000][66][trace][gc,age      ] GC(21) - age   8:    1697576 bytes,   11337384 total
[2023-07-18T21:01:19.202+0000][66][trace][gc,age      ] GC(21) - age   9:    3844872 bytes,   15182256 total
[2023-07-18T21:01:19.203+0000][66][trace][gc,age      ] GC(21) - age  10:   30186680 bytes,   45368936 total
[2023-07-18T21:01:19.204+0000][66][trace][gc,age      ] GC(21) - age  11:    3858456 bytes,   49227392 total
[2023-07-18T21:01:19.205+0000][66][info ][gc,heap     ] GC(21) Eden regions: 576->0(576)
[2023-07-18T21:01:19.206+0000][66][info ][gc,heap     ] GC(21) Survivor regions: 13->13(74)
[2023-07-18T21:01:19.207+0000][66][info ][gc,heap     ] GC(21) Old regions: 17->17
[2023-07-18T21:01:19.208+0000][66][info ][gc,heap     ] GC(21) Archive regions: 2->2
[2023-07-18T21:01:19.209+0000][66][info ][gc,heap     ] GC(21) Humongous regions: 0->0
[2023-07-18T21:01:19.210+0000][66][info ][gc,metaspace] GC(21) Metaspace: 141297K(144768K)->141297K(144768K) NonClass: 123002K(124800K)->123002K(124800K) Class: 18294K(19968K)->18294K(19968K)
[2023-07-18T21:01:19.212+0000][66][info ][gc          ] GC(21) Pause Young (Normal) (G1 Evacuation Pause) 2423M->119M(3932M) 67.878ms
[2023-07-18T21:01:19.213+0000][66][info ][gc,cpu      ] GC(21) User=0.18s Sys=0.00s Real=0.07s
[2023-07-18T21:01:19.214+0000][66][info ][safepoint   ] Safepoint "G1CollectForAllocation", Time since last: 28368991925 ns, Reaching safepoint: 305191 ns, At safepoint: 70502534 ns, Total: 70807725 ns
[2023-07-18T21:01:42.846+0000][66][info ][safepoint   ] Safepoint "Cleanup", Time since last: 23630788602 ns, Reaching safepoint: 437156 ns, At safepoint: 18374 ns, Total: 455530 ns
[2023-07-18T21:01:44.507+0000][66][info ][safepoint   ] Safepoint "Cleanup", Time since last: 1660724227 ns, Reaching safepoint: 247711 ns, At safepoint: 54996 ns, Total: 302707 ns
[2023-07-18T21:01:45.917+0000][66][info ][safepoint   ] Safepoint "Cleanup", Time since last: 1410594051 ns, Reaching safepoint: 256357 ns, At safepoint: 40290 ns, Total: 296647 ns
[2023-07-18T21:01:47.707+0000][66][info ][safepoint   ] Safepoint "Cleanup", Time since last: 1789412836 ns, Reaching safepoint: 407532 ns, At safepoint: 20199 ns, Total: 427731 ns
[2023-07-18T21:01:50.773+0000][66][info ][safepoint   ] Safepoint "Cleanup", Time since last: 3064964115 ns, Reaching safepoint: 291096 ns, At safepoint: 49041 ns, Total: 340137 ns
[2023-07-18T21:01:54.962+0000][66][info ][safepoint   ] Safepoint "Cleanup", Time since last: 4189347128 ns, Reaching safepoint: 380678 ns, At safepoint: 10068 ns, Total: 390746 ns
[2023-07-18T21:02:01.820+0000][66][info ][safepoint   ] Safepoint "Cleanup", Time since last: 6857682726 ns, Reaching safepoint: 247148 ns, At safepoint: 42501 ns, Total: 289649 ns
[2023-07-18T21:02:08.053+0000][66][info ][safepoint   ] Safepoint "Cleanup", Time since last: 6232745908 ns, Reaching safepoint: 303881 ns, At safepoint: 84204 ns, Total: 388085 ns
[2023-07-18T21:02:18.925+0000][66][info ][safepoint   ] Safepoint "Cleanup", Time since last: 10871129588 ns, Reaching safepoint: 202357 ns, At safepoint: 43404 ns, Total: 245761 ns
[2023-07-18T21:02:24.945+0000][66][info ][safepoint   ] Safepoint "Cleanup", Time since last: 6019914897 ns, Reaching safepoint: 234849 ns, At safepoint: 13936 ns, Total: 248785 ns
[2023-07-18T21:02:30.938+0000][66][info ][safepoint   ] Safepoint "Cleanup", Time since last: 5992058551 ns, Reaching safepoint: 322503 ns, At safepoint: 56674 ns, Total: 379177 ns
[2023-07-18T21:02:44.727+0000][66][info ][safepoint   ] Safepoint "Cleanup", Time since last: 13788028172 ns, Reaching safepoint: 229342 ns, At safepoint: 13587 ns, Total: 242929 ns
[2023-07-18T21:02:46.729+0000][66][info ][safepoint   ] Safepoint "Cleanup", Time since last: 2002184542 ns, Reaching safepoint: 425575 ns, At safepoint: 7657 ns, Total: 433232 ns
[2023-07-18T21:03:14.118+0000][66][info ][safepoint   ] Safepoint "Cleanup", Time since last: 27388564653 ns, Reaching safepoint: 409071 ns, At safepoint: 15463 ns, Total: 424534 ns
[2023-07-18T21:03:19.315+0000][66][info ][safepoint   ] Safepoint "Cleanup", Time since last: 5195976070 ns, Reaching safepoint: 256123 ns, At safepoint: 44560 ns, Total: 300683 ns
[2023-07-18T21:03:44.903+0000][66][info ][safepoint   ] Safepoint "Cleanup", Time since last: 25588224345 ns, Reaching safepoint: 350111 ns, At safepoint: 14611 ns, Total: 364722 ns
[2023-07-18T21:03:50.513+0000][66][info ][safepoint   ] Safepoint "Cleanup", Time since last: 5609622264 ns, Reaching safepoint: 319924 ns, At safepoint: 54447 ns, Total: 374371 ns
[2023-07-18T21:03:51.936+0000][66][info ][safepoint   ] Safepoint "Cleanup", Time since last: 1421775476 ns, Reaching safepoint: 409187 ns, At safepoint: 17824 ns, Total: 427011 ns
[2023-07-18T21:04:08.187+0000][66][info ][safepoint   ] Safepoint "Cleanup", Time since last: 16251009106 ns, Reaching safepoint: 180260 ns, At safepoint: 4822 ns, Total: 185082 ns
[2023-07-18T21:04:37.568+0000][66][info ][safepoint   ] Safepoint "Cleanup", Time since last: 29380298315 ns, Reaching safepoint: 560859 ns, At safepoint: 56730 ns, Total: 617589 ns
[2023-07-18T21:04:45.624+0000][66][info ][safepoint   ] Safepoint "Cleanup", Time since last: 8055535741 ns, Reaching safepoint: 409142 ns, At safepoint: 25090 ns, Total: 434232 ns
[2023-07-18T21:04:57.596+0000][66][info ][safepoint   ] Safepoint "Cleanup", Time since last: 11971424468 ns, Reaching safepoint: 545506 ns, At safepoint: 22968 ns, Total: 568474 ns
[2023-07-18T21:05:18.878+0000][66][info ][safepoint   ] Safepoint "Cleanup", Time since last: 21281565035 ns, Reaching safepoint: 111730 ns, At safepoint: 3174 ns, Total: 114904 ns
[2023-07-18T21:05:26.012+0000][66][info ][safepoint   ] Safepoint "Cleanup", Time since last: 7133139054 ns, Reaching safepoint: 313288 ns, At safepoint: 57023 ns, Total: 370311 ns
[2023-07-18T21:05:27.850+0000][66][info ][safepoint   ] Safepoint "Cleanup", Time since last: 1834979290 ns, Reaching safepoint: 3532016 ns, At safepoint: 32119 ns, Total: 3564135 ns
[2023-07-18T21:05:29.865+0000][66][info ][safepoint   ] Safepoint "Cleanup", Time since last: 2014088365 ns, Reaching safepoint: 525699 ns, At safepoint: 21099 ns, Total: 546798 ns
[2023-07-18T21:05:30.868+0000][66][info ][safepoint   ] Safepoint "Cleanup", Time since last: 1002367033 ns, Reaching safepoint: 269635 ns, At safepoint: 161107 ns, Total: 430742 ns
[2023-07-18T21:05:32.074+0000][66][info ][safepoint   ] Safepoint "Cleanup", Time since last: 1206504588 ns, Reaching safepoint: 169580 ns, At safepoint: 6216 ns, Total: 175796 ns
[2023-07-18T21:05:34.206+0000][66][info ][safepoint   ] Safepoint "Cleanup", Time since last: 2130480843 ns, Reaching safepoint: 724682 ns, At safepoint: 38891 ns, Total: 763573 ns
[2023-07-18T21:05:35.209+0000][66][info ][safepoint   ] Safepoint "Cleanup", Time since last: 1002756493 ns, Reaching safepoint: 351656 ns, At safepoint: 9843 ns, Total: 361499 ns
[2023-07-18T21:05:43.011+0000][66][info ][safepoint   ] Safepoint "Cleanup", Time since last: 7801781498 ns, Reaching safepoint: 320832 ns, At safepoint: 66367 ns, Total: 387199 ns
[2023-07-18T21:05:45.006+0000][66][info ][safepoint   ] Safepoint "Cleanup", Time since last: 1994320327 ns, Reaching safepoint: 279585 ns, At safepoint: 6172 ns, Total: 285757 ns
[2023-07-18T21:05:50.267+0000][66][info ][safepoint   ] Safepoint "Cleanup", Time since last: 5260559122 ns, Reaching safepoint: 335152 ns, At safepoint: 19048 ns, Total: 354200 ns
[2023-07-18T21:05:51.553+0000][66][info ][safepoint   ] Safepoint "Cleanup", Time since last: 1285840547 ns, Reaching safepoint: 231055 ns, At safepoint: 69720 ns, Total: 300775 ns
[2023-07-18T21:05:52.749+0000][66][info ][safepoint   ] Safepoint "Cleanup", Time since last: 1196003656 ns, Reaching safepoint: 76339 ns, At safepoint: 4885 ns, Total: 81224 ns
[2023-07-18T21:05:54.266+0000][66][info ][safepoint   ] Safepoint "Cleanup", Time since last: 1516304004 ns, Reaching safepoint: 569106 ns, At safepoint: 27211 ns, Total: 596317 ns
[2023-07-18T21:05:55.378+0000][66][info ][safepoint   ] Safepoint "Cleanup", Time since last: 1111910776 ns, Reaching safepoint: 354170 ns, At safepoint: 50793 ns, Total: 404963 ns
[2023-07-18T21:06:03.457+0000][66][info ][safepoint   ] Safepoint "Cleanup", Time since last: 8078151017 ns, Reaching safepoint: 350995 ns, At safepoint: 14467 ns, Total: 365462 ns
[2023-07-18T21:06:14.325+0000][66][info ][safepoint   ] Safepoint "Cleanup", Time since last: 10867941566 ns, Reaching safepoint: 148942 ns, At safepoint: 55960 ns, Total: 204902 ns
[2023-07-18T21:06:15.453+0000][66][info ][safepoint   ] Safepoint "Cleanup", Time since last: 1127902201 ns, Reaching safepoint: 172329 ns, At safepoint: 4794 ns, Total: 177123 ns
[2023-07-18T21:06:16.458+0000][66][info ][safepoint   ] Safepoint "Cleanup", Time since last: 1004440525 ns, Reaching safepoint: 280018 ns, At safepoint: 6435 ns, Total: 286453 ns
[2023-07-18T21:06:17.684+0000][66][info ][safepoint   ] Safepoint "Cleanup", Time since last: 1225503747 ns, Reaching safepoint: 385818 ns, At safepoint: 6112 ns, Total: 391930 ns
[2023-07-18T21:06:18.964+0000][66][info ][safepoint   ] Safepoint "Cleanup", Time since last: 1279350734 ns, Reaching safepoint: 165334 ns, At safepoint: 49796 ns, Total: 215130 ns
[2023-07-18T21:06:20.257+0000][66][info ][safepoint   ] Safepoint "Cleanup", Time since last: 1293047260 ns, Reaching safepoint: 116917 ns, At safepoint: 5229 ns, Total: 122146 ns
[2023-07-18T21:06:22.109+0000][66][info ][safepoint   ] Safepoint "Cleanup", Time since last: 1851353364 ns, Reaching safepoint: 562327 ns, At safepoint: 10073 ns, Total: 572400 ns
[2023-07-18T21:06:34.872+0000][66][info ][safepoint   ] Safepoint "Cleanup", Time since last: 12762802888 ns, Reaching safepoint: 336430 ns, At safepoint: 6910 ns, Total: 343340 ns
[2023-07-18T21:06:45.660+0000][66][info ][safepoint   ] Safepoint "Cleanup", Time since last: 10786636532 ns, Reaching safepoint: 1000296 ns, At safepoint: 26528 ns, Total: 1026824 ns
[2023-07-18T21:06:49.405+0000][66][info ][safepoint   ] Safepoint "Cleanup", Time since last: 3745237163 ns, Reaching safepoint: 569693 ns, At safepoint: 66434 ns, Total: 636127 ns
[2023-07-18T21:06:50.408+0000][66][info ][safepoint   ] Safepoint "Cleanup", Time since last: 1002378876 ns, Reaching safepoint: 327836 ns, At safepoint: 43700 ns, Total: 371536 ns
[2023-07-18T21:06:51.657+0000][66][info ][safepoint   ] Safepoint "Cleanup", Time since last: 1248265464 ns, Reaching safepoint: 126280 ns, At safepoint: 5981 ns, Total: 132261 ns
[2023-07-18T21:06:53.297+0000][66][info ][safepoint   ] Safepoint "Cleanup", Time since last: 1639508408 ns, Reaching safepoint: 412626 ns, At safepoint: 31581 ns, Total: 444207 ns
[2023-07-18T21:06:56.204+0000][66][info ][safepoint   ] Safepoint "Cleanup", Time since last: 2907584879 ns, Reaching safepoint: 308081 ns, At safepoint: 21150 ns, Total: 329231 ns
[2023-07-18T21:07:00.660+0000][66][info ][safepoint   ] Safepoint "Cleanup", Time since last: 4455434276 ns, Reaching safepoint: 440650 ns, At safepoint: 5941 ns, Total: 446591 ns
[2023-07-18T21:07:02.861+0000][66][info ][safepoint   ] Safepoint "Cleanup", Time since last: 2200385242 ns, Reaching safepoint: 448803 ns, At safepoint: 51043 ns, Total: 499846 ns
[2023-07-18T21:07:04.114+0000][66][info ][safepoint   ] Safepoint "Cleanup", Time since last: 1252056338 ns, Reaching safepoint: 273735 ns, At safepoint: 19308 ns, Total: 293043 ns
[2023-07-18T21:07:05.562+0000][66][info ][safepoint   ] Safepoint "Cleanup", Time since last: 1448507705 ns, Reaching safepoint: 148297 ns, At safepoint: 8377 ns, Total: 156674 ns
[2023-07-18T21:07:07.884+0000][66][info ][safepoint   ] Safepoint "Cleanup", Time since last: 2321917104 ns, Reaching safepoint: 196099 ns, At safepoint: 43230 ns, Total: 239329 ns
[2023-07-18T21:07:13.033+0000][66][info ][safepoint   ] Safepoint "Cleanup", Time since last: 5148409611 ns, Reaching safepoint: 350333 ns, At safepoint: 45265 ns, Total: 395598 ns
[2023-07-18T21:07:14.130+0000][66][info ][safepoint   ] Safepoint "Cleanup", Time since last: 1112136575 ns, Reaching safepoint: 342177 ns, At safepoint: 21238 ns, Total: 363415 ns
[2023-07-18T21:07:22.581+0000][66][info ][safepoint   ] Safepoint "Cleanup", Time since last: 8450359124 ns, Reaching safepoint: 184021 ns, At safepoint: 54058 ns, Total: 238079 ns
[2023-07-18T21:07:24.196+0000][66][info ][safepoint   ] Safepoint "Cleanup", Time since last: 1614916078 ns, Reaching safepoint: 318036 ns, At safepoint: 23202 ns, Total: 341238 ns
[2023-07-18T21:07:26.306+0000][66][info ][safepoint   ] Safepoint "Cleanup", Time since last: 2109747392 ns, Reaching safepoint: 382380 ns, At safepoint: 15110 ns, Total: 397490 ns
[2023-07-18T21:07:27.372+0000][66][info ][safepoint   ] Safepoint "Cleanup", Time since last: 1065069790 ns, Reaching safepoint: 158625 ns, At safepoint: 98533 ns, Total: 257158 ns
[2023-07-18T21:07:28.602+0000][66][info ][safepoint   ] Safepoint "Cleanup", Time since last: 1230339041 ns, Reaching safepoint: 457288 ns, At safepoint: 6141 ns, Total: 463429 ns
[2023-07-18T21:07:36.965+0000][66][info ][safepoint   ] Safepoint "Cleanup", Time since last: 8362249039 ns, Reaching safepoint: 111950 ns, At safepoint: 5739 ns, Total: 117689 ns
[2023-07-18T21:07:38.526+0000][66][info ][safepoint   ] Safepoint "Cleanup", Time since last: 1560821017 ns, Reaching safepoint: 555230 ns, At safepoint: 25713 ns, Total: 580943 ns
[2023-07-18T21:07:44.209+0000][66][info ][safepoint   ] Safepoint "Cleanup", Time since last: 5686071148 ns, Reaching safepoint: 358434 ns, At safepoint: 82978 ns, Total: 441412 ns
[2023-07-18T21:07:45.249+0000][66][info ][safepoint   ] Safepoint "Cleanup", Time since last: 1040117352 ns, Reaching safepoint: 333022 ns, At safepoint: 9257 ns, Total: 342279 ns
[2023-07-18T21:07:47.738+0000][66][info ][safepoint   ] Safepoint "Cleanup", Time since last: 2488619602 ns, Reaching safepoint: 291435 ns, At safepoint: 46560 ns, Total: 337995 ns
[2023-07-18T21:07:55.961+0000][66][info ][safepoint   ] Safepoint "Cleanup", Time since last: 8222178045 ns, Reaching safepoint: 236227 ns, At safepoint: 67173 ns, Total: 303400 ns
[2023-07-18T21:07:57.218+0000][66][info ][safepoint   ] Safepoint "Cleanup", Time since last: 1257541324 ns, Reaching safepoint: 152848 ns, At safepoint: 6664 ns, Total: 159512 ns
[2023-07-18T21:08:12.969+0000][66][info ][safepoint   ] Safepoint "Cleanup", Time since last: 15749991589 ns, Reaching safepoint: 323399 ns, At safepoint: 59316 ns, Total: 382715 ns
[2023-07-18T21:08:14.656+0000][66][info ][safepoint   ] Safepoint "Cleanup", Time since last: 1687926995 ns, Reaching safepoint: 515795 ns, At safepoint: 15464 ns, Total: 531259 ns
[2023-07-18T21:08:17.660+0000][66][info ][safepoint   ] Safepoint "Cleanup", Time since last: 3002821031 ns, Reaching safepoint: 1065031 ns, At safepoint: 16891 ns, Total: 1081922 ns
[2023-07-18T21:08:20.528+0000][66][info ][safepoint   ] Safepoint "Cleanup", Time since last: 2867401796 ns, Reaching safepoint: 464416 ns, At safepoint: 66897 ns, Total: 531313 ns
[2023-07-18T21:08:22.549+0000][66][info ][safepoint   ] Safepoint "Cleanup", Time since last: 2020810525 ns, Reaching safepoint: 279724 ns, At safepoint: 55639 ns, Total: 335363 ns
[2023-07-18T21:08:23.644+0000][66][info ][safepoint   ] Safepoint "Cleanup", Time since last: 1093170217 ns, Reaching safepoint: 836861 ns, At safepoint: 64202 ns, Total: 901063 ns
[2023-07-18T21:08:31.067+0000][66][info ][safepoint   ] Safepoint "Cleanup", Time since last: 7423739368 ns, Reaching safepoint: 159068 ns, At safepoint: 15299 ns, Total: 174367 ns
[2023-07-18T21:08:32.788+0000][66][info ][safepoint   ] Safepoint "Cleanup", Time since last: 1719993677 ns, Reaching safepoint: 85329 ns, At safepoint: 4483 ns, Total: 89812 ns
[2023-07-18T21:08:33.810+0000][66][info ][safepoint   ] Safepoint "Cleanup", Time since last: 1022131377 ns, Reaching safepoint: 474389 ns, At safepoint: 56334 ns, Total: 530723 ns
[2023-07-18T21:08:34.819+0000][66][info ][safepoint   ] Safepoint "Cleanup", Time since last: 1008810825 ns, Reaching safepoint: 156950 ns, At safepoint: 5077 ns, Total: 162027 ns
[2023-07-18T21:08:35.821+0000][66][info ][safepoint   ] Safepoint "Cleanup", Time since last: 1001721041 ns, Reaching safepoint: 174626 ns, At safepoint: 16777 ns, Total: 191403 ns
[2023-07-18T21:08:36.997+0000][66][info ][safepoint   ] Safepoint "Cleanup", Time since last: 1176073362 ns, Reaching safepoint: 212420 ns, At safepoint: 47001 ns, Total: 259421 ns
[2023-07-18T21:08:38.208+0000][66][info ][safepoint   ] Safepoint "Cleanup", Time since last: 1210593182 ns, Reaching safepoint: 403502 ns, At safepoint: 15807 ns, Total: 419309 ns
[2023-07-18T21:08:44.901+0000][66][info ][safepoint   ] Safepoint "Cleanup", Time since last: 6691379038 ns, Reaching safepoint: 531584 ns, At safepoint: 110938 ns, Total: 642522 ns
[2023-07-18T21:08:47.905+0000][66][info ][safepoint   ] Safepoint "Cleanup", Time since last: 3003991286 ns, Reaching safepoint: 395245 ns, At safepoint: 25267 ns, Total: 420512 ns
[2023-07-18T21:08:49.226+0000][66][info ][safepoint   ] Safepoint "Cleanup", Time since last: 1320179116 ns, Reaching safepoint: 263802 ns, At safepoint: 55814 ns, Total: 319616 ns
[2023-07-18T21:08:50.245+0000][66][info ][safepoint   ] Safepoint "Cleanup", Time since last: 1018745381 ns, Reaching safepoint: 213932 ns, At safepoint: 62569 ns, Total: 276501 ns
[2023-07-18T21:09:13.398+0000][66][info ][safepoint   ] Safepoint "Cleanup", Time since last: 23152757285 ns, Reaching safepoint: 364697 ns, At safepoint: 60479 ns, Total: 425176 ns
[2023-07-18T21:09:14.544+0000][66][info ][safepoint   ] Safepoint "Cleanup", Time since last: 1144870139 ns, Reaching safepoint: 458581 ns, At safepoint: 161485 ns, Total: 620066 ns
[2023-07-18T21:09:15.552+0000][66][info ][safepoint   ] Safepoint "Cleanup", Time since last: 1008611758 ns, Reaching safepoint: 309165 ns, At safepoint: 4825 ns, Total: 313990 ns
[2023-07-18T21:09:16.555+0000][66][info ][safepoint   ] Safepoint "Cleanup", Time since last: 1001770891 ns, Reaching safepoint: 357496 ns, At safepoint: 5065 ns, Total: 362561 ns
[2023-07-18T21:09:17.557+0000][66][info ][safepoint   ] Safepoint "Cleanup", Time since last: 1002042498 ns, Reaching safepoint: 124388 ns, At safepoint: 4315 ns, Total: 128703 ns
[2023-07-18T21:09:18.992+0000][66][info ][safepoint   ] Safepoint "Cleanup", Time since last: 1435270969 ns, Reaching safepoint: 237545 ns, At safepoint: 124641 ns, Total: 362186 ns
[2023-07-18T21:09:20.863+0000][66][info ][safepoint   ] Safepoint "Cleanup", Time since last: 1869757077 ns, Reaching safepoint: 665767 ns, At safepoint: 11147 ns, Total: 676914 ns
[2023-07-18T21:09:22.866+0000][66][info ][safepoint   ] Safepoint "Cleanup", Time since last: 2002818506 ns, Reaching safepoint: 536020 ns, At safepoint: 30929 ns, Total: 566949 ns
[2023-07-18T21:09:24.491+0000][66][info ][safepoint   ] Safepoint "Cleanup", Time since last: 1624849697 ns, Reaching safepoint: 430291 ns, At safepoint: 15604 ns, Total: 445895 ns
[2023-07-18T21:09:26.166+0000][66][info ][safepoint   ] Safepoint "Cleanup", Time since last: 1674029401 ns, Reaching safepoint: 259842 ns, At safepoint: 42229 ns, Total: 302071 ns
[2023-07-18T21:09:27.260+0000][66][info ][safepoint   ] Safepoint "Cleanup", Time since last: 1093232024 ns, Reaching safepoint: 912994 ns, At safepoint: 26380 ns, Total: 939374 ns
[2023-07-18T21:09:31.018+0000][66][info ][safepoint   ] Safepoint "Cleanup", Time since last: 3757628140 ns, Reaching safepoint: 360894 ns, At safepoint: 62023 ns, Total: 422917 ns
[2023-07-18T21:09:34.686+0000][66][info ][safepoint   ] Safepoint "Cleanup", Time since last: 3667541724 ns, Reaching safepoint: 288038 ns, At safepoint: 7438 ns, Total: 295476 ns
[2023-07-18T21:09:35.689+0000][66][info ][safepoint   ] Safepoint "Cleanup", Time since last: 1003097979 ns, Reaching safepoint: 433857 ns, At safepoint: 18762 ns, Total: 452619 ns
[2023-07-18T21:09:38.432+0000][66][info ][safepoint   ] Safepoint "Cleanup", Time since last: 2742562503 ns, Reaching safepoint: 375234 ns, At safepoint: 57100 ns, Total: 432334 ns
[2023-07-18T21:09:40.279+0000][66][info ][safepoint   ] Safepoint "Cleanup", Time since last: 1846119024 ns, Reaching safepoint: 458759 ns, At safepoint: 24161 ns, Total: 482920 ns
[2023-07-18T21:09:44.634+0000][66][info ][safepoint   ] Safepoint "Cleanup", Time since last: 4354261023 ns, Reaching safepoint: 336379 ns, At safepoint: 6430 ns, Total: 342809 ns
[2023-07-18T21:09:46.024+0000][66][info ][safepoint   ] Safepoint "Cleanup", Time since last: 1389423759 ns, Reaching safepoint: 421183 ns, At safepoint: 18000 ns, Total: 439183 ns
[2023-07-18T21:09:49.004+0000][66][info ][safepoint   ] Safepoint "Cleanup", Time since last: 2980173931 ns, Reaching safepoint: 298692 ns, At safepoint: 87289 ns, Total: 385981 ns
[2023-07-18T21:09:50.336+0000][66][info ][safepoint   ] Safepoint "Cleanup", Time since last: 1331644961 ns, Reaching safepoint: 102405 ns, At safepoint: 96525 ns, Total: 198930 ns
[2023-07-18T21:09:51.872+0000][66][info ][safepoint   ] Safepoint "Cleanup", Time since last: 1535118560 ns, Reaching safepoint: 254252 ns, At safepoint: 5093 ns, Total: 259345 ns
[2023-07-18T21:09:54.874+0000][66][info ][safepoint   ] Safepoint "Cleanup", Time since last: 3002294922 ns, Reaching safepoint: 196050 ns, At safepoint: 3342 ns, Total: 199392 ns
[2023-07-18T21:09:56.848+0000][66][info ][safepoint   ] Safepoint "Cleanup", Time since last: 1973567383 ns, Reaching safepoint: 596633 ns, At safepoint: 33857 ns, Total: 630490 ns
[2023-07-18T21:09:57.851+0000][66][info ][safepoint   ] Safepoint "Cleanup", Time since last: 1002562085 ns, Reaching safepoint: 333525 ns, At safepoint: 20089 ns, Total: 353614 ns
[2023-07-18T21:10:00.854+0000][66][info ][safepoint   ] Safepoint "Cleanup", Time since last: 3002538123 ns, Reaching safepoint: 90588 ns, At safepoint: 17214 ns, Total: 107802 ns
[2023-07-18T21:10:02.107+0000][66][info ][safepoint   ] Safepoint "Cleanup", Time since last: 1253087957 ns, Reaching safepoint: 223058 ns, At safepoint: 10774 ns, Total: 233832 ns
[2023-07-18T21:10:03.522+0000][66][info ][safepoint   ] Safepoint "Cleanup", Time since last: 1414518660 ns, Reaching safepoint: 88335 ns, At safepoint: 17018 ns, Total: 105353 ns
[2023-07-18T21:10:05.536+0000][66][info ][safepoint   ] Safepoint "Cleanup", Time since last: 2013606468 ns, Reaching safepoint: 477723 ns, At safepoint: 25403 ns, Total: 503126 ns
[2023-07-18T21:10:07.119+0000][66][info ][safepoint   ] Safepoint "Cleanup", Time since last: 1582940353 ns, Reaching safepoint: 173444 ns, At safepoint: 41430 ns, Total: 214874 ns
[2023-07-18T21:10:09.071+0000][66][info ][safepoint   ] Safepoint "Cleanup", Time since last: 1951638731 ns, Reaching safepoint: 466580 ns, At safepoint: 10111 ns, Total: 476691 ns
[2023-07-18T21:10:23.668+0000][66][info ][safepoint   ] Safepoint "Cleanup", Time since last: 14595874739 ns, Reaching safepoint: 480197 ns, At safepoint: 9304 ns, Total: 489501 ns
[2023-07-18T21:10:25.032+0000][66][info ][safepoint   ] Safepoint "Cleanup", Time since last: 1363705702 ns, Reaching safepoint: 363591 ns, At safepoint: 115403 ns, Total: 478994 ns
[2023-07-18T21:10:30.096+0000][66][info ][safepoint   ] Safepoint "Cleanup", Time since last: 5063441329 ns, Reaching safepoint: 283294 ns, At safepoint: 5344 ns, Total: 288638 ns
[2023-07-18T21:10:31.117+0000][66][info ][safepoint   ] Safepoint "Cleanup", Time since last: 1021209134 ns, Reaching safepoint: 446716 ns, At safepoint: 55939 ns, Total: 502655 ns
[2023-07-18T21:10:32.451+0000][66][info ][safepoint   ] Safepoint "Cleanup", Time since last: 1332816690 ns, Reaching safepoint: 339571 ns, At safepoint: 20090 ns, Total: 359661 ns
[2023-07-18T21:10:44.345+0000][66][info ][safepoint   ] Safepoint "Cleanup", Time since last: 11894279193 ns, Reaching safepoint: 283478 ns, At safepoint: 15926 ns, Total: 299404 ns
[2023-07-18T21:10:45.539+0000][66][info ][safepoint   ] Safepoint "Cleanup", Time since last: 1193016665 ns, Reaching safepoint: 535155 ns, At safepoint: 16179 ns, Total: 551334 ns
[2023-07-18T21:10:49.927+0000][66][info ][safepoint   ] Safepoint "Cleanup", Time since last: 4387818112 ns, Reaching safepoint: 215718 ns, At safepoint: 14173 ns, Total: 229891 ns
[2023-07-18T21:11:07.019+0000][66][info ][safepoint   ] Safepoint "Cleanup", Time since last: 17091830343 ns, Reaching safepoint: 242188 ns, At safepoint: 136244 ns, Total: 378432 ns
[2023-07-18T21:11:10.806+0000][66][info ][safepoint   ] Safepoint "Cleanup", Time since last: 3786549199 ns, Reaching safepoint: 402485 ns, At safepoint: 61929 ns, Total: 464414 ns
[2023-07-18T21:11:15.322+0000][66][info ][safepoint   ] Safepoint "Cleanup", Time since last: 4515358837 ns, Reaching safepoint: 336118 ns, At safepoint: 6361 ns, Total: 342479 ns
[2023-07-18T21:11:22.845+0000][66][info ][safepoint   ] Safepoint "Cleanup", Time since last: 7522233689 ns, Reaching safepoint: 484401 ns, At safepoint: 15535 ns, Total: 499936 ns
[2023-07-18T21:11:24.274+0000][66][info ][safepoint   ] Safepoint "Cleanup", Time since last: 1429118580 ns, Reaching safepoint: 617985 ns, At safepoint: 10835 ns, Total: 628820 ns
[2023-07-18T21:11:53.280+0000][66][info ][safepoint   ] Safepoint "Cleanup", Time since last: 29005080789 ns, Reaching safepoint: 241588 ns, At safepoint: 19775 ns, Total: 261363 ns
[2023-07-18T21:11:55.858+0000][66][info ][safepoint   ] Safepoint "Cleanup", Time since last: 2577605200 ns, Reaching safepoint: 124086 ns, At safepoint: 12720 ns, Total: 136806 ns
[2023-07-18T21:11:57.021+0000][66][info ][safepoint   ] Safepoint "Cleanup", Time since last: 1162218664 ns, Reaching safepoint: 310861 ns, At safepoint: 90402 ns, Total: 401263 ns
[2023-07-18T21:12:31.664+0000][66][info ][safepoint   ] Safepoint "Cleanup", Time since last: 34642777886 ns, Reaching safepoint: 104866 ns, At safepoint: 56865 ns, Total: 161731 ns
[2023-07-18T21:12:32.689+0000][66][info ][safepoint   ] Safepoint "Cleanup", Time since last: 1024995389 ns, Reaching safepoint: 344260 ns, At safepoint: 48606 ns, Total: 392866 ns
[2023-07-18T21:12:33.910+0000][66][info ][safepoint   ] Safepoint "Cleanup", Time since last: 1220216232 ns, Reaching safepoint: 641408 ns, At safepoint: 57845 ns, Total: 699253 ns
[2023-07-18T21:12:34.913+0000][66][info ][gc,start    ] GC(22) Pause Young (Normal) (G1 Evacuation Pause)
[2023-07-18T21:12:34.914+0000][66][info ][gc,task     ] GC(22) Using 6 workers of 6 for evacuation
[2023-07-18T21:12:34.915+0000][66][debug][gc,age      ] GC(22) Desired survivor size 155189248 bytes, new threshold 15 (max threshold 15)
[2023-07-18T21:12:34.946+0000][66][info ][gc,phases   ] GC(22)   Pre Evacuate Collection Set: 0.7ms
[2023-07-18T21:12:34.947+0000][66][info ][gc,phases   ] GC(22)   Merge Heap Roots: 0.3ms
[2023-07-18T21:12:34.949+0000][66][info ][gc,phases   ] GC(22)   Evacuate Collection Set: 23.1ms
[2023-07-18T21:12:34.950+0000][66][info ][gc,phases   ] GC(22)   Post Evacuate Collection Set: 4.8ms
[2023-07-18T21:12:34.951+0000][66][info ][gc,phases   ] GC(22)   Other: 2.5ms
[2023-07-18T21:12:34.953+0000][66][trace][gc,age      ] GC(22) Age table with threshold 15 (max threshold 15)
[2023-07-18T21:12:34.954+0000][66][trace][gc,age      ] GC(22) - age   1:    2478872 bytes,    2478872 total
[2023-07-18T21:12:34.955+0000][66][trace][gc,age      ] GC(22) - age   2:     759016 bytes,    3237888 total
[2023-07-18T21:12:34.956+0000][66][trace][gc,age      ] GC(22) - age   3:    3459096 bytes,    6696984 total
[2023-07-18T21:12:34.957+0000][66][trace][gc,age      ] GC(22) - age   4:      23536 bytes,    6720520 total
[2023-07-18T21:12:34.959+0000][66][trace][gc,age      ] GC(22) - age   5:    1075936 bytes,    7796456 total
[2023-07-18T21:12:34.960+0000][66][trace][gc,age      ] GC(22) - age   6:      35304 bytes,    7831760 total
[2023-07-18T21:12:34.961+0000][66][trace][gc,age      ] GC(22) - age   7:      20296 bytes,    7852056 total
[2023-07-18T21:12:34.962+0000][66][trace][gc,age      ] GC(22) - age   8:     274824 bytes,    8126880 total
[2023-07-18T21:12:34.963+0000][66][trace][gc,age      ] GC(22) - age   9:    1663472 bytes,    9790352 total
[2023-07-18T21:12:34.965+0000][66][trace][gc,age      ] GC(22) - age  10:    3844096 bytes,   13634448 total
[2023-07-18T21:12:34.966+0000][66][trace][gc,age      ] GC(22) - age  11:   30152776 bytes,   43787224 total
[2023-07-18T21:12:34.967+0000][66][trace][gc,age      ] GC(22) - age  12:    3857032 bytes,   47644256 total
[2023-07-18T21:12:34.969+0000][66][info ][gc,heap     ] GC(22) Eden regions: 576->0(576)
[2023-07-18T21:12:34.970+0000][66][info ][gc,heap     ] GC(22) Survivor regions: 13->13(74)
[2023-07-18T21:12:34.971+0000][66][info ][gc,heap     ] GC(22) Old regions: 17->17
[2023-07-18T21:12:34.972+0000][66][info ][gc,heap     ] GC(22) Archive regions: 2->2
[2023-07-18T21:12:34.973+0000][66][info ][gc,heap     ] GC(22) Humongous regions: 0->0
[2023-07-18T21:12:34.974+0000][66][info ][gc,metaspace] GC(22) Metaspace: 141792K(145280K)->141792K(145280K) NonClass: 123464K(125248K)->123464K(125248K) Class: 18328K(20032K)->18328K(20032K)
[2023-07-18T21:12:34.975+0000][66][info ][gc          ] GC(22) Pause Young (Normal) (G1 Evacuation Pause) 2423M->118M(3932M) 62.418ms
[2023-07-18T21:12:34.977+0000][66][info ][gc,cpu      ] GC(22) User=0.13s Sys=0.00s Real=0.06s
[2023-07-18T21:12:34.978+0000][66][info ][safepoint   ] Safepoint "G1CollectForAllocation", Time since last: 1002711265 ns, Reaching safepoint: 142279 ns, At safepoint: 65335298 ns, Total: 65477577 ns
[2023-07-18T21:12:45.221+0000][66][info ][safepoint   ] Safepoint "Cleanup", Time since last: 10242028645 ns, Reaching safepoint: 285066 ns, At safepoint: 55964 ns, Total: 341030 ns
[2023-07-18T21:12:46.331+0000][66][info ][safepoint   ] Safepoint "Cleanup", Time since last: 1109477834 ns, Reaching safepoint: 474320 ns, At safepoint: 10490 ns, Total: 484810 ns
[2023-07-18T21:12:54.181+0000][66][info ][safepoint   ] Safepoint "Cleanup", Time since last: 7850168706 ns, Reaching safepoint: 324972 ns, At safepoint: 8237 ns, Total: 333209 ns
[2023-07-18T21:13:20.145+0000][66][info ][safepoint   ] Safepoint "Cleanup", Time since last: 25962641825 ns, Reaching safepoint: 365929 ns, At safepoint: 54540 ns, Total: 420469 ns
[2023-07-18T21:13:41.124+0000][66][info ][safepoint   ] Safepoint "Cleanup", Time since last: 20979311770 ns, Reaching safepoint: 350589 ns, At safepoint: 4582 ns, Total: 355171 ns
[2023-07-18T21:13:45.547+0000][66][info ][safepoint   ] Safepoint "Cleanup", Time since last: 4422170939 ns, Reaching safepoint: 390810 ns, At safepoint: 20911 ns, Total: 411721 ns
[2023-07-18T21:13:55.064+0000][66][info ][safepoint   ] Safepoint "Cleanup", Time since last: 9516178102 ns, Reaching safepoint: 377493 ns, At safepoint: 80524 ns, Total: 458017 ns
[2023-07-18T21:14:36.109+0000][66][info ][safepoint   ] Safepoint "Cleanup", Time since last: 41044639321 ns, Reaching safepoint: 509754 ns, At safepoint: 8957 ns, Total: 518711 ns
[2023-07-18T21:14:45.078+0000][66][info ][safepoint   ] Safepoint "Cleanup", Time since last: 8968257328 ns, Reaching safepoint: 234976 ns, At safepoint: 4514 ns, Total: 239490 ns
[2023-07-18T21:15:04.518+0000][66][info ][safepoint   ] Safepoint "Cleanup", Time since last: 19439272300 ns, Reaching safepoint: 338132 ns, At safepoint: 8369 ns, Total: 346501 ns
[2023-07-18T21:15:19.064+0000][66][info ][safepoint   ] Safepoint "Cleanup", Time since last: 14546010700 ns, Reaching safepoint: 226780 ns, At safepoint: 65781 ns, Total: 292561 ns
[2023-07-18T21:15:20.918+0000][66][info ][safepoint   ] Safepoint "Cleanup", Time since last: 1853383073 ns, Reaching safepoint: 212942 ns, At safepoint: 52421 ns, Total: 265363 ns
[2023-07-18T21:15:22.017+0000][66][info ][safepoint   ] Safepoint "Cleanup", Time since last: 1098629189 ns, Reaching safepoint: 353843 ns, At safepoint: 8782 ns, Total: 362625 ns
[2023-07-18T21:15:44.714+0000][66][info ][safepoint   ] Safepoint "Cleanup", Time since last: 22696673713 ns, Reaching safepoint: 304033 ns, At safepoint: 5090 ns, Total: 309123 ns
[2023-07-18T21:15:51.288+0000][66][info ][safepoint   ] Safepoint "Cleanup", Time since last: 6573458165 ns, Reaching safepoint: 606363 ns, At safepoint: 74180 ns, Total: 680543 ns
[2023-07-18T21:15:55.558+0000][66][info ][safepoint   ] Safepoint "Cleanup", Time since last: 4270063354 ns, Reaching safepoint: 249845 ns, At safepoint: 6547 ns, Total: 256392 ns
[2023-07-18T21:15:57.261+0000][66][info ][safepoint   ] Safepoint "Cleanup", Time since last: 1701771197 ns, Reaching safepoint: 420940 ns, At safepoint: 7227 ns, Total: 428167 ns
[2023-07-18T21:16:13.711+0000][66][info ][safepoint   ] Safepoint "Cleanup", Time since last: 16450178691 ns, Reaching safepoint: 193310 ns, At safepoint: 58314 ns, Total: 251624 ns
[2023-07-18T21:16:37.778+0000][66][info ][safepoint   ] Safepoint "Cleanup", Time since last: 24066254697 ns, Reaching safepoint: 343507 ns, At safepoint: 49552 ns, Total: 393059 ns
[2023-07-18T21:16:46.460+0000][66][info ][safepoint   ] Safepoint "Cleanup", Time since last: 8681207901 ns, Reaching safepoint: 343587 ns, At safepoint: 22650 ns, Total: 366237 ns
[2023-07-18T21:16:55.122+0000][66][info ][safepoint   ] Safepoint "Cleanup", Time since last: 8661502175 ns, Reaching safepoint: 200636 ns, At safepoint: 61080 ns, Total: 261716 ns
[2023-07-18T21:16:56.360+0000][66][info ][safepoint   ] Safepoint "Cleanup", Time since last: 1238138169 ns, Reaching safepoint: 624319 ns, At safepoint: 35275 ns, Total: 659594 ns
[2023-07-18T21:17:01.547+0000][66][info ][safepoint   ] Safepoint "Cleanup", Time since last: 5186008713 ns, Reaching safepoint: 376339 ns, At safepoint: 46521 ns, Total: 422860 ns
[2023-07-18T21:17:25.700+0000][66][info ][safepoint   ] Safepoint "Cleanup", Time since last: 24152827739 ns, Reaching safepoint: 513153 ns, At safepoint: 65233 ns, Total: 578386 ns
[2023-07-18T21:17:49.239+0000][66][info ][safepoint   ] Safepoint "Cleanup", Time since last: 23538148325 ns, Reaching safepoint: 247953 ns, At safepoint: 41786 ns, Total: 289739 ns
[2023-07-18T21:17:55.795+0000][66][info ][safepoint   ] Safepoint "Cleanup", Time since last: 6555614101 ns, Reaching safepoint: 441147 ns, At safepoint: 55487 ns, Total: 496634 ns
[2023-07-18T21:18:02.185+0000][66][info ][safepoint   ] Safepoint "Cleanup", Time since last: 6389756461 ns, Reaching safepoint: 225792 ns, At safepoint: 4052 ns, Total: 229844 ns
[2023-07-18T21:18:44.974+0000][66][info ][safepoint   ] Safepoint "Cleanup", Time since last: 42787227256 ns, Reaching safepoint: 505131 ns, At safepoint: 16440 ns, Total: 521571 ns
[2023-07-18T21:19:21.033+0000][66][info ][safepoint   ] Safepoint "Cleanup", Time since last: 36059091579 ns, Reaching safepoint: 406362 ns, At safepoint: 23082 ns, Total: 429444 ns
[2023-07-18T21:19:22.191+0000][66][info ][safepoint   ] Safepoint "Cleanup", Time since last: 1157646082 ns, Reaching safepoint: 232217 ns, At safepoint: 56532 ns, Total: 288749 ns
[2023-07-18T21:19:23.786+0000][66][info ][safepoint   ] Safepoint "Cleanup", Time since last: 1594774536 ns, Reaching safepoint: 450311 ns, At safepoint: 10886 ns, Total: 461197 ns
[2023-07-18T21:19:26.344+0000][66][info ][safepoint   ] Safepoint "Cleanup", Time since last: 2557475405 ns, Reaching safepoint: 301424 ns, At safepoint: 138292 ns, Total: 439716 ns
[2023-07-18T21:19:44.751+0000][66][info ][safepoint   ] Safepoint "Cleanup", Time since last: 18405967242 ns, Reaching safepoint: 111431 ns, At safepoint: 3469 ns, Total: 114900 ns
[2023-07-18T21:20:25.803+0000][66][info ][safepoint   ] Safepoint "Cleanup", Time since last: 41051801802 ns, Reaching safepoint: 307242 ns, At safepoint: 55738 ns, Total: 362980 ns
[2023-07-18T21:20:41.619+0000][66][info ][safepoint   ] Safepoint "Cleanup", Time since last: 15815918278 ns, Reaching safepoint: 330317 ns, At safepoint: 60051 ns, Total: 390368 ns
[2023-07-18T21:20:42.741+0000][66][info ][safepoint   ] Safepoint "Cleanup", Time since last: 1121364055 ns, Reaching safepoint: 802128 ns, At safepoint: 142319 ns, Total: 944447 ns
[2023-07-18T21:20:44.055+0000][66][info ][safepoint   ] Safepoint "Cleanup", Time since last: 1312872229 ns, Reaching safepoint: 345178 ns, At safepoint: 54637 ns, Total: 399815 ns
[2023-07-18T21:20:49.144+0000][66][info ][safepoint   ] Safepoint "Cleanup", Time since last: 5088799620 ns, Reaching safepoint: 248384 ns, At safepoint: 18662 ns, Total: 267046 ns
[2023-07-18T21:20:50.304+0000][66][info ][safepoint   ] Safepoint "Cleanup", Time since last: 1159853958 ns, Reaching safepoint: 276637 ns, At safepoint: 6206 ns, Total: 282843 ns
[2023-07-18T21:20:51.680+0000][66][info ][safepoint   ] Safepoint "Cleanup", Time since last: 1374916224 ns, Reaching safepoint: 336252 ns, At safepoint: 6190 ns, Total: 342442 ns
[2023-07-18T21:20:52.685+0000][66][info ][safepoint   ] Safepoint "Cleanup", Time since last: 1004090880 ns, Reaching safepoint: 820372 ns, At safepoint: 107346 ns, Total: 927718 ns
[2023-07-18T21:20:55.170+0000][66][info ][safepoint   ] Safepoint "Cleanup", Time since last: 2485015206 ns, Reaching safepoint: 250358 ns, At safepoint: 52244 ns, Total: 302602 ns
[2023-07-18T21:21:02.935+0000][66][info ][safepoint   ] Safepoint "Cleanup", Time since last: 7764794566 ns, Reaching safepoint: 330378 ns, At safepoint: 73986 ns, Total: 404364 ns
[2023-07-18T21:21:04.747+0000][66][info ][safepoint   ] Safepoint "Cleanup", Time since last: 1810978502 ns, Reaching safepoint: 542305 ns, At safepoint: 10891 ns, Total: 553196 ns
[2023-07-18T21:21:10.976+0000][66][info ][safepoint   ] Safepoint "Cleanup", Time since last: 6228151113 ns, Reaching safepoint: 598426 ns, At safepoint: 11282 ns, Total: 609708 ns
[2023-07-18T21:21:13.382+0000][66][info ][safepoint   ] Safepoint "Cleanup", Time since last: 2405738802 ns, Reaching safepoint: 348082 ns, At safepoint: 59919 ns, Total: 408001 ns
[2023-07-18T21:21:19.145+0000][66][info ][safepoint   ] Safepoint "Cleanup", Time since last: 5762740576 ns, Reaching safepoint: 301383 ns, At safepoint: 44212 ns, Total: 345595 ns
[2023-07-18T21:21:45.505+0000][66][info ][safepoint   ] Safepoint "Cleanup", Time since last: 26359004154 ns, Reaching safepoint: 974544 ns, At safepoint: 32509 ns, Total: 1007053 ns
[2023-07-18T21:21:58.165+0000][66][info ][safepoint   ] Safepoint "Cleanup", Time since last: 12659941095 ns, Reaching safepoint: 234523 ns, At safepoint: 47703 ns, Total: 282226 ns
[2023-07-18T21:22:20.481+0000][66][info ][safepoint   ] Safepoint "Cleanup", Time since last: 22283017018 ns, Reaching safepoint: 263757 ns, At safepoint: 20583 ns, Total: 284340 ns
[2023-07-18T21:22:25.731+0000][66][info ][safepoint   ] Safepoint "Cleanup", Time since last: 5249688249 ns, Reaching safepoint: 364318 ns, At safepoint: 55709 ns, Total: 420027 ns
[2023-07-18T21:22:49.198+0000][66][info ][safepoint   ] Safepoint "Cleanup", Time since last: 23456739929 ns, Reaching safepoint: 311096 ns, At safepoint: 42422 ns, Total: 353518 ns
[2023-07-18T21:23:25.000+0000][66][info ][safepoint   ] Safepoint "Cleanup", Time since last: 35799727613 ns, Reaching safepoint: 375365 ns, At safepoint: 6996 ns, Total: 382361 ns
[2023-07-18T21:24:15.101+0000][66][info ][safepoint   ] Safepoint "Cleanup", Time since last: 50099132864 ns, Reaching safepoint: 352521 ns, At safepoint: 12308 ns, Total: 364829 ns
[2023-07-18T21:24:20.325+0000][66][info ][safepoint   ] Safepoint "Cleanup", Time since last: 5224564631 ns, Reaching safepoint: 216901 ns, At safepoint: 42392 ns, Total: 259293 ns
[2023-07-18T21:25:07.458+0000][66][info ][safepoint   ] Safepoint "Cleanup", Time since last: 47131389957 ns, Reaching safepoint: 177084 ns, At safepoint: 4720 ns, Total: 181804 ns
[2023-07-18T21:25:19.189+0000][66][info ][safepoint   ] Safepoint "Cleanup", Time since last: 11730847925 ns, Reaching safepoint: 229608 ns, At safepoint: 15828 ns, Total: 245436 ns
[2023-07-18T21:25:20.196+0000][66][info ][safepoint   ] Safepoint "Cleanup", Time since last: 1007061148 ns, Reaching safepoint: 162989 ns, At safepoint: 6766 ns, Total: 169755 ns
[2023-07-18T21:25:21.700+0000][66][info ][safepoint   ] Safepoint "Cleanup", Time since last: 1503479936 ns, Reaching safepoint: 106682 ns, At safepoint: 3612 ns, Total: 110294 ns
[2023-07-18T21:25:22.937+0000][66][info ][safepoint   ] Safepoint "Cleanup", Time since last: 1236629784 ns, Reaching safepoint: 530573 ns, At safepoint: 17168 ns, Total: 547741 ns
[2023-07-18T21:25:25.242+0000][66][info ][safepoint   ] Safepoint "Cleanup", Time since last: 2304292166 ns, Reaching safepoint: 285396 ns, At safepoint: 43628 ns, Total: 329024 ns
[2023-07-18T21:25:32.709+0000][66][info ][gc,start    ] GC(23) Pause Young (Normal) (G1 Evacuation Pause)
[2023-07-18T21:25:32.710+0000][66][info ][gc,task     ] GC(23) Using 6 workers of 6 for evacuation
[2023-07-18T21:25:32.712+0000][66][debug][gc,age      ] GC(23) Desired survivor size 155189248 bytes, new threshold 15 (max threshold 15)
[2023-07-18T21:25:32.746+0000][66][info ][gc,phases   ] GC(23)   Pre Evacuate Collection Set: 0.5ms
[2023-07-18T21:25:32.748+0000][66][info ][gc,phases   ] GC(23)   Merge Heap Roots: 0.6ms
[2023-07-18T21:25:32.750+0000][66][info ][gc,phases   ] GC(23)   Evacuate Collection Set: 26.3ms
[2023-07-18T21:25:32.751+0000][66][info ][gc,phases   ] GC(23)   Post Evacuate Collection Set: 5.8ms
[2023-07-18T21:25:32.753+0000][66][info ][gc,phases   ] GC(23)   Other: 3.5ms
[2023-07-18T21:25:32.755+0000][66][trace][gc,age      ] GC(23) Age table with threshold 15 (max threshold 15)
[2023-07-18T21:25:32.756+0000][66][trace][gc,age      ] GC(23) - age   1:    2795416 bytes,    2795416 total
[2023-07-18T21:25:32.758+0000][66][trace][gc,age      ] GC(23) - age   2:    1039496 bytes,    3834912 total
[2023-07-18T21:25:32.759+0000][66][trace][gc,age      ] GC(23) - age   3:     721192 bytes,    4556104 total
[2023-07-18T21:25:32.761+0000][66][trace][gc,age      ] GC(23) - age   4:    3439616 bytes,    7995720 total
[2023-07-18T21:25:32.762+0000][66][trace][gc,age      ] GC(23) - age   5:      23536 bytes,    8019256 total
[2023-07-18T21:25:32.764+0000][66][trace][gc,age      ] GC(23) - age   6:    1075416 bytes,    9094672 total
[2023-07-18T21:25:32.765+0000][66][trace][gc,age      ] GC(23) - age   7:      35304 bytes,    9129976 total
[2023-07-18T21:25:32.767+0000][66][trace][gc,age      ] GC(23) - age   8:      20296 bytes,    9150272 total
[2023-07-18T21:25:32.769+0000][66][trace][gc,age      ] GC(23) - age   9:     274824 bytes,    9425096 total
[2023-07-18T21:25:32.770+0000][66][trace][gc,age      ] GC(23) - age  10:    1663472 bytes,   11088568 total
[2023-07-18T21:25:32.772+0000][66][trace][gc,age      ] GC(23) - age  11:    3844096 bytes,   14932664 total
[2023-07-18T21:25:32.773+0000][66][trace][gc,age      ] GC(23) - age  12:   30152048 bytes,   45084712 total
[2023-07-18T21:25:32.775+0000][66][trace][gc,age      ] GC(23) - age  13:    3857016 bytes,   48941728 total
[2023-07-18T21:25:32.776+0000][66][info ][gc,heap     ] GC(23) Eden regions: 576->0(576)
[2023-07-18T21:25:32.778+0000][66][info ][gc,heap     ] GC(23) Survivor regions: 13->13(74)
[2023-07-18T21:25:32.779+0000][66][info ][gc,heap     ] GC(23) Old regions: 17->17
[2023-07-18T21:25:32.781+0000][66][info ][gc,heap     ] GC(23) Archive regions: 2->2
[2023-07-18T21:25:32.782+0000][66][info ][gc,heap     ] GC(23) Humongous regions: 0->0
[2023-07-18T21:25:32.783+0000][66][info ][gc,metaspace] GC(23) Metaspace: 141892K(145344K)->141892K(145344K) NonClass: 123558K(125312K)->123558K(125312K) Class: 18333K(20032K)->18333K(20032K)
[2023-07-18T21:25:32.785+0000][66][info ][gc          ] GC(23) Pause Young (Normal) (G1 Evacuation Pause) 2422M->120M(3932M) 76.260ms
[2023-07-18T21:25:32.786+0000][66][info ][gc,cpu      ] GC(23) User=0.16s Sys=0.00s Real=0.08s
[2023-07-18T21:25:32.788+0000][66][info ][safepoint   ] Safepoint "G1CollectForAllocation", Time since last: 7466416716 ns, Reaching safepoint: 314957 ns, At safepoint: 79292438 ns, Total: 79607395 ns
[2023-07-18T21:25:53.024+0000][66][info ][safepoint   ] Safepoint "Cleanup", Time since last: 20235742788 ns, Reaching safepoint: 331454 ns, At safepoint: 63759 ns, Total: 395213 ns
[2023-07-18T21:25:54.129+0000][66][info ][safepoint   ] Safepoint "Cleanup", Time since last: 1104409428 ns, Reaching safepoint: 317567 ns, At safepoint: 17348 ns, Total: 334915 ns
[2023-07-18T21:25:55.266+0000][66][info ][safepoint   ] Safepoint "Cleanup", Time since last: 1136208555 ns, Reaching safepoint: 261287 ns, At safepoint: 45608 ns, Total: 306895 ns
[2023-07-18T21:25:56.404+0000][66][info ][safepoint   ] Safepoint "Cleanup", Time since last: 1137662517 ns, Reaching safepoint: 200108 ns, At safepoint: 6420 ns, Total: 206528 ns
[2023-07-18T21:25:58.552+0000][66][info ][safepoint   ] Safepoint "Cleanup", Time since last: 2148255971 ns, Reaching safepoint: 242360 ns, At safepoint: 5228 ns, Total: 247588 ns
[2023-07-18T21:26:26.395+0000][66][info ][safepoint   ] Safepoint "Cleanup", Time since last: 27841548001 ns, Reaching safepoint: 140870 ns, At safepoint: 56316 ns, Total: 197186 ns
[2023-07-18T21:26:44.816+0000][66][info ][safepoint   ] Safepoint "Cleanup", Time since last: 18421260237 ns, Reaching safepoint: 295526 ns, At safepoint: 41860 ns, Total: 337386 ns
[2023-07-18T21:26:54.123+0000][66][info ][safepoint   ] Safepoint "Cleanup", Time since last: 9305684904 ns, Reaching safepoint: 389337 ns, At safepoint: 7384 ns, Total: 396721 ns
[2023-07-18T21:27:01.830+0000][66][info ][safepoint   ] Safepoint "Cleanup", Time since last: 7707467219 ns, Reaching safepoint: 139360 ns, At safepoint: 141463 ns, Total: 280823 ns
[2023-07-18T21:27:19.432+0000][66][info ][safepoint   ] Safepoint "Cleanup", Time since last: 17600568188 ns, Reaching safepoint: 366900 ns, At safepoint: 56034 ns, Total: 422934 ns
[2023-07-18T21:28:07.864+0000][66][info ][safepoint   ] Safepoint "Cleanup", Time since last: 48431352706 ns, Reaching safepoint: 366245 ns, At safepoint: 21921 ns, Total: 388166 ns
[2023-07-18T21:28:26.419+0000][66][info ][safepoint   ] Safepoint "Cleanup", Time since last: 18553928571 ns, Reaching safepoint: 526148 ns, At safepoint: 94072 ns, Total: 620220 ns
[2023-07-18T21:28:45.464+0000][66][info ][safepoint   ] Safepoint "Cleanup", Time since last: 19043789831 ns, Reaching safepoint: 705758 ns, At safepoint: 27062 ns, Total: 732820 ns
[2023-07-18T21:29:26.281+0000][66][info ][safepoint   ] Safepoint "Cleanup", Time since last: 40815197192 ns, Reaching safepoint: 309378 ns, At safepoint: 48531 ns, Total: 357909 ns
[2023-07-18T21:29:45.556+0000][66][info ][safepoint   ] Safepoint "Cleanup", Time since last: 19274339162 ns, Reaching safepoint: 521004 ns, At safepoint: 7120 ns, Total: 528124 ns
[2023-07-18T21:30:18.106+0000][66][info ][safepoint   ] Safepoint "Cleanup", Time since last: 32548326999 ns, Reaching safepoint: 791892 ns, At safepoint: 26062 ns, Total: 817954 ns
[2023-07-18T21:30:51.682+0000][66][info ][safepoint   ] Safepoint "Cleanup", Time since last: 33575167846 ns, Reaching safepoint: 753582 ns, At safepoint: 63326 ns, Total: 816908 ns
[2023-07-18T21:31:43.196+0000][66][info ][safepoint   ] Safepoint "Cleanup", Time since last: 51512274302 ns, Reaching safepoint: 327424 ns, At safepoint: 5892 ns, Total: 333316 ns
[2023-07-18T21:31:45.568+0000][66][info ][safepoint   ] Safepoint "Cleanup", Time since last: 2371994747 ns, Reaching safepoint: 157639 ns, At safepoint: 11302 ns, Total: 168941 ns
[2023-07-18T21:32:25.262+0000][66][info ][safepoint   ] Safepoint "Cleanup", Time since last: 39692868073 ns, Reaching safepoint: 130947 ns, At safepoint: 4075 ns, Total: 135022 ns
[2023-07-18T21:32:44.968+0000][66][info ][safepoint   ] Safepoint "Cleanup", Time since last: 19704821082 ns, Reaching safepoint: 850338 ns, At safepoint: 212067 ns, Total: 1062405 ns
[2023-07-18T21:33:22.516+0000][66][info ][safepoint   ] Safepoint "Cleanup", Time since last: 37546360948 ns, Reaching safepoint: 972143 ns, At safepoint: 25905 ns, Total: 998048 ns
[2023-07-18T21:33:45.198+0000][66][info ][safepoint   ] Safepoint "Cleanup", Time since last: 22681428345 ns, Reaching safepoint: 224999 ns, At safepoint: 4833 ns, Total: 229832 ns
[2023-07-18T21:33:48.203+0000][66][info ][safepoint   ] Safepoint "Cleanup", Time since last: 3004290851 ns, Reaching safepoint: 517794 ns, At safepoint: 29767 ns, Total: 547561 ns
[2023-07-18T21:34:44.789+0000][66][info ][safepoint   ] Safepoint "Cleanup", Time since last: 56584349991 ns, Reaching safepoint: 319958 ns, At safepoint: 56916 ns, Total: 376874 ns
[2023-07-18T21:34:55.936+0000][66][info ][safepoint   ] Safepoint "Cleanup", Time since last: 11146658253 ns, Reaching safepoint: 434872 ns, At safepoint: 64888 ns, Total: 499760 ns
[2023-07-18T21:35:13.342+0000][66][info ][safepoint   ] Safepoint "Cleanup", Time since last: 17405723009 ns, Reaching safepoint: 194722 ns, At safepoint: 58383 ns, Total: 253105 ns
[2023-07-18T21:35:15.076+0000][66][info ][safepoint   ] Safepoint "Cleanup", Time since last: 1733710226 ns, Reaching safepoint: 327590 ns, At safepoint: 55321 ns, Total: 382911 ns
[2023-07-18T21:35:16.080+0000][66][info ][safepoint   ] Safepoint "Cleanup", Time since last: 1003080203 ns, Reaching safepoint: 246264 ns, At safepoint: 4526 ns, Total: 250790 ns
[2023-07-18T21:35:17.475+0000][66][info ][safepoint   ] Safepoint "Cleanup", Time since last: 1395049142 ns, Reaching safepoint: 337803 ns, At safepoint: 6222 ns, Total: 344025 ns
[2023-07-18T21:35:18.478+0000][66][info ][safepoint   ] Safepoint "Cleanup", Time since last: 1002463757 ns, Reaching safepoint: 281571 ns, At safepoint: 16045 ns, Total: 297616 ns
[2023-07-18T21:35:21.679+0000][66][info ][safepoint   ] Safepoint "Cleanup", Time since last: 3200298681 ns, Reaching safepoint: 193255 ns, At safepoint: 54579 ns, Total: 247834 ns
[2023-07-18T21:35:35.801+0000][66][info ][safepoint   ] Safepoint "Cleanup", Time since last: 14121958967 ns, Reaching safepoint: 555484 ns, At safepoint: 9770 ns, Total: 565254 ns
[2023-07-18T21:35:45.566+0000][66][info ][safepoint   ] Safepoint "Cleanup", Time since last: 9763827506 ns, Reaching safepoint: 333565 ns, At safepoint: 6254 ns, Total: 339819 ns
[2023-07-18T21:35:52.137+0000][66][info ][safepoint   ] Safepoint "Cleanup", Time since last: 6570094991 ns, Reaching safepoint: 796001 ns, At safepoint: 22430 ns, Total: 818431 ns
[2023-07-18T21:36:01.315+0000][66][info ][safepoint   ] Safepoint "Cleanup", Time since last: 9178148626 ns, Reaching safepoint: 227314 ns, At safepoint: 125574 ns, Total: 352888 ns
[2023-07-18T21:36:13.332+0000][66][info ][safepoint   ] Safepoint "Cleanup", Time since last: 12016658505 ns, Reaching safepoint: 179576 ns, At safepoint: 43518 ns, Total: 223094 ns
[2023-07-18T21:36:19.325+0000][66][info ][safepoint   ] Safepoint "Cleanup", Time since last: 5991914506 ns, Reaching safepoint: 320793 ns, At safepoint: 43348 ns, Total: 364141 ns
[2023-07-18T21:36:37.685+0000][66][info ][safepoint   ] Safepoint "Cleanup", Time since last: 18359285399 ns, Reaching safepoint: 302429 ns, At safepoint: 46256 ns, Total: 348685 ns
[2023-07-18T21:36:45.455+0000][66][info ][safepoint   ] Safepoint "Cleanup", Time since last: 7769024675 ns, Reaching safepoint: 661216 ns, At safepoint: 28754 ns, Total: 689970 ns
[2023-07-18T21:37:08.018+0000][66][info ][safepoint   ] Safepoint "Cleanup", Time since last: 22562702621 ns, Reaching safepoint: 109585 ns, At safepoint: 7240 ns, Total: 116825 ns
[2023-07-18T21:37:25.572+0000][66][info ][safepoint   ] Safepoint "Cleanup", Time since last: 17538085176 ns, Reaching safepoint: 208526 ns, At safepoint: 46268 ns, Total: 254794 ns
[2023-07-18T21:37:43.352+0000][66][info ][safepoint   ] Safepoint "Cleanup", Time since last: 17779950310 ns, Reaching safepoint: 286684 ns, At safepoint: 25534 ns, Total: 312218 ns
[2023-07-18T21:37:47.747+0000][66][info ][safepoint   ] Safepoint "Cleanup", Time since last: 4373166999 ns, Reaching safepoint: 343123 ns, At safepoint: 19655 ns, Total: 362778 ns
[2023-07-18T21:37:48.940+0000][66][info ][safepoint   ] Safepoint "Cleanup", Time since last: 1193045872 ns, Reaching safepoint: 407950 ns, At safepoint: 80341 ns, Total: 488291 ns
[2023-07-18T21:37:49.945+0000][66][info ][safepoint   ] Safepoint "Cleanup", Time since last: 1003885450 ns, Reaching safepoint: 445058 ns, At safepoint: 206154 ns, Total: 651212 ns
[2023-07-18T21:37:52.534+0000][66][info ][safepoint   ] Safepoint "Cleanup", Time since last: 2588621173 ns, Reaching safepoint: 545236 ns, At safepoint: 10374 ns, Total: 555610 ns
[2023-07-18T21:37:55.038+0000][66][info ][gc,start    ] GC(24) Pause Young (Normal) (G1 Evacuation Pause)
[2023-07-18T21:37:55.040+0000][66][info ][gc,task     ] GC(24) Using 6 workers of 6 for evacuation
[2023-07-18T21:37:55.042+0000][66][debug][gc,age      ] GC(24) Desired survivor size 155189248 bytes, new threshold 15 (max threshold 15)
[2023-07-18T21:37:55.080+0000][66][info ][gc,phases   ] GC(24)   Pre Evacuate Collection Set: 0.4ms
[2023-07-18T21:37:55.082+0000][66][info ][gc,phases   ] GC(24)   Merge Heap Roots: 0.7ms
[2023-07-18T21:37:55.085+0000][66][info ][gc,phases   ] GC(24)   Evacuate Collection Set: 29.7ms
[2023-07-18T21:37:55.086+0000][66][info ][gc,phases   ] GC(24)   Post Evacuate Collection Set: 6.4ms
[2023-07-18T21:37:55.087+0000][66][info ][gc,phases   ] GC(24)   Other: 3.1ms
[2023-07-18T21:37:55.089+0000][66][trace][gc,age      ] GC(24) Age table with threshold 15 (max threshold 15)
[2023-07-18T21:37:55.090+0000][66][trace][gc,age      ] GC(24) - age   1:    2586416 bytes,    2586416 total
[2023-07-18T21:37:55.091+0000][66][trace][gc,age      ] GC(24) - age   2:     627016 bytes,    3213432 total
[2023-07-18T21:37:55.093+0000][66][trace][gc,age      ] GC(24) - age   3:     967104 bytes,    4180536 total
[2023-07-18T21:37:55.095+0000][66][trace][gc,age      ] GC(24) - age   4:     720472 bytes,    4901008 total
[2023-07-18T21:37:55.097+0000][66][trace][gc,age      ] GC(24) - age   5:    3439552 bytes,    8340560 total
[2023-07-18T21:37:55.098+0000][66][trace][gc,age      ] GC(24) - age   6:      23536 bytes,    8364096 total
[2023-07-18T21:37:55.099+0000][66][trace][gc,age      ] GC(24) - age   7:    1075416 bytes,    9439512 total
[2023-07-18T21:37:55.100+0000][66][trace][gc,age      ] GC(24) - age   8:      35304 bytes,    9474816 total
[2023-07-18T21:37:55.102+0000][66][trace][gc,age      ] GC(24) - age   9:      20296 bytes,    9495112 total
[2023-07-18T21:37:55.103+0000][66][trace][gc,age      ] GC(24) - age  10:     274824 bytes,    9769936 total
[2023-07-18T21:37:55.104+0000][66][trace][gc,age      ] GC(24) - age  11:    1663472 bytes,   11433408 total
[2023-07-18T21:37:55.106+0000][66][trace][gc,age      ] GC(24) - age  12:    3843704 bytes,   15277112 total
[2023-07-18T21:37:55.107+0000][66][trace][gc,age      ] GC(24) - age  13:   30151616 bytes,   45428728 total
[2023-07-18T21:37:55.109+0000][66][trace][gc,age      ] GC(24) - age  14:    3857016 bytes,   49285744 total
[2023-07-18T21:37:55.111+0000][66][info ][gc,heap     ] GC(24) Eden regions: 576->0(576)
[2023-07-18T21:37:55.113+0000][66][info ][gc,heap     ] GC(24) Survivor regions: 13->13(74)
[2023-07-18T21:37:55.114+0000][66][info ][gc,heap     ] GC(24) Old regions: 17->17
[2023-07-18T21:37:55.116+0000][66][info ][gc,heap     ] GC(24) Archive regions: 2->2
[2023-07-18T21:37:55.117+0000][66][info ][gc,heap     ] GC(24) Humongous regions: 0->0
[2023-07-18T21:37:55.119+0000][66][info ][gc,metaspace] GC(24) Metaspace: 142099K(145600K)->142099K(145600K) NonClass: 123765K(125568K)->123765K(125568K) Class: 18333K(20032K)->18333K(20032K)
[2023-07-18T21:37:55.122+0000][66][info ][gc          ] GC(24) Pause Young (Normal) (G1 Evacuation Pause) 2424M->119M(3932M) 84.312ms
[2023-07-18T21:37:55.124+0000][66][info ][gc,cpu      ] GC(24) User=0.18s Sys=0.01s Real=0.09s
[2023-07-18T21:37:55.126+0000][66][info ][safepoint   ] Safepoint "G1CollectForAllocation", Time since last: 2503503367 ns, Reaching safepoint: 45090 ns, At safepoint: 88322504 ns, Total: 88367594 ns
[2023-07-18T21:37:56.281+0000][66][info ][safepoint   ] Safepoint "Cleanup", Time since last: 1154285684 ns, Reaching safepoint: 333001 ns, At safepoint: 46125 ns, Total: 379126 ns
[2023-07-18T21:38:12.711+0000][66][info ][safepoint   ] Safepoint "Cleanup", Time since last: 16429723782 ns, Reaching safepoint: 259974 ns, At safepoint: 6542 ns, Total: 266516 ns
[2023-07-18T21:38:14.034+0000][66][info ][safepoint   ] Safepoint "Cleanup", Time since last: 1319168548 ns, Reaching safepoint: 134244 ns, At safepoint: 60097 ns, Total: 194341 ns
[2023-07-18T21:38:15.371+0000][66][info ][safepoint   ] Safepoint "Cleanup", Time since last: 1336964506 ns, Reaching safepoint: 52383 ns, At safepoint: 37758 ns, Total: 90141 ns
[2023-07-18T21:38:26.120+0000][66][info ][safepoint   ] Safepoint "Cleanup", Time since last: 10749219468 ns, Reaching safepoint: 230271 ns, At safepoint: 52036 ns, Total: 282307 ns
[2023-07-18T21:38:27.136+0000][66][info ][safepoint   ] Safepoint "Cleanup", Time since last: 1015543284 ns, Reaching safepoint: 439833 ns, At safepoint: 18102 ns, Total: 457935 ns
[2023-07-18T21:38:29.141+0000][66][info ][safepoint   ] Safepoint "Cleanup", Time since last: 2003980496 ns, Reaching safepoint: 260381 ns, At safepoint: 5430 ns, Total: 265811 ns
[2023-07-18T21:38:30.143+0000][66][info ][safepoint   ] Safepoint "Cleanup", Time since last: 1002000319 ns, Reaching safepoint: 172052 ns, At safepoint: 24980 ns, Total: 197032 ns
[2023-07-18T21:38:44.486+0000][66][info ][safepoint   ] Safepoint "Cleanup", Time since last: 14341093778 ns, Reaching safepoint: 437904 ns, At safepoint: 6114 ns, Total: 444018 ns
[2023-07-18T21:38:45.887+0000][66][info ][safepoint   ] Safepoint "Cleanup", Time since last: 1401177355 ns, Reaching safepoint: 563457 ns, At safepoint: 9997 ns, Total: 573454 ns
[2023-07-18T21:39:17.359+0000][66][info ][safepoint   ] Safepoint "Cleanup", Time since last: 31470850631 ns, Reaching safepoint: 157595 ns, At safepoint: 4514 ns, Total: 162109 ns
[2023-07-18T21:39:21.543+0000][66][info ][safepoint   ] Safepoint "Cleanup", Time since last: 4183450457 ns, Reaching safepoint: 300015 ns, At safepoint: 89761 ns, Total: 389776 ns
[2023-07-18T21:39:23.023+0000][66][info ][safepoint   ] Safepoint "Cleanup", Time since last: 1479733818 ns, Reaching safepoint: 237091 ns, At safepoint: 5061 ns, Total: 242152 ns
[2023-07-18T21:39:45.572+0000][66][info ][safepoint   ] Safepoint "Cleanup", Time since last: 22548095813 ns, Reaching safepoint: 438852 ns, At safepoint: 8184 ns, Total: 447036 ns
[2023-07-18T21:39:52.971+0000][66][info ][safepoint   ] Safepoint "Cleanup", Time since last: 7398459955 ns, Reaching safepoint: 358683 ns, At safepoint: 6402 ns, Total: 365085 ns
[2023-07-18T21:40:45.047+0000][66][info ][safepoint   ] Safepoint "Cleanup", Time since last: 52074271310 ns, Reaching safepoint: 256873 ns, At safepoint: 3946 ns, Total: 260819 ns
[2023-07-18T21:40:51.972+0000][66][info ][safepoint   ] Safepoint "Cleanup", Time since last: 6924957761 ns, Reaching safepoint: 160327 ns, At safepoint: 3941 ns, Total: 164268 ns
[2023-07-18T21:41:02.620+0000][66][info ][safepoint   ] Safepoint "Cleanup", Time since last: 10647015754 ns, Reaching safepoint: 491028 ns, At safepoint: 21591 ns, Total: 512619 ns
[2023-07-18T21:41:25.473+0000][66][info ][safepoint   ] Safepoint "Cleanup", Time since last: 22851311499 ns, Reaching safepoint: 260050 ns, At safepoint: 53542 ns, Total: 313592 ns
[2023-07-18T21:41:26.884+0000][66][info ][safepoint   ] Safepoint "Cleanup", Time since last: 1410671326 ns, Reaching safepoint: 360548 ns, At safepoint: 63798 ns, Total: 424346 ns
[2023-07-18T21:43:14.242+0000][66][info ][safepoint   ] Safepoint "Cleanup", Time since last: 107355241419 ns, Reaching safepoint: 286636 ns, At safepoint: 83978 ns, Total: 370614 ns
[2023-07-18T21:44:08.215+0000][66][info ][safepoint   ] Safepoint "Cleanup", Time since last: 53971617375 ns, Reaching safepoint: 333990 ns, At safepoint: 59333 ns, Total: 393323 ns
[2023-07-18T21:45:10.899+0000][66][info ][safepoint   ] Safepoint "Cleanup", Time since last: 62681983180 ns, Reaching safepoint: 313486 ns, At safepoint: 5454 ns, Total: 318940 ns
[2023-07-18T21:45:19.227+0000][66][info ][safepoint   ] Safepoint "Cleanup", Time since last: 8326901203 ns, Reaching safepoint: 441241 ns, At safepoint: 6417 ns, Total: 447658 ns
[2023-07-18T21:47:13.973+0000][66][info ][safepoint   ] Safepoint "Cleanup", Time since last: 114742523405 ns, Reaching safepoint: 268821 ns, At safepoint: 22238 ns, Total: 291059 ns
[2023-07-18T21:47:16.437+0000][66][info ][safepoint   ] Safepoint "Cleanup", Time since last: 2463350104 ns, Reaching safepoint: 259508 ns, At safepoint: 41142 ns, Total: 300650 ns
[2023-07-18T21:47:38.382+0000][66][info ][safepoint   ] Safepoint "Cleanup", Time since last: 21945032728 ns, Reaching safepoint: 263443 ns, At safepoint: 5501 ns, Total: 268944 ns
[2023-07-18T21:47:44.737+0000][66][info ][safepoint   ] Safepoint "Cleanup", Time since last: 6353297007 ns, Reaching safepoint: 317127 ns, At safepoint: 46083 ns, Total: 363210 ns
[2023-07-18T21:48:16.907+0000][66][info ][safepoint   ] Safepoint "Cleanup", Time since last: 32169219295 ns, Reaching safepoint: 527414 ns, At safepoint: 19192 ns, Total: 546606 ns
[2023-07-18T21:48:18.729+0000][66][info ][safepoint   ] Safepoint "Cleanup", Time since last: 1821043028 ns, Reaching safepoint: 129817 ns, At safepoint: 6065 ns, Total: 135882 ns
[2023-07-18T21:49:25.765+0000][66][info ][safepoint   ] Safepoint "Cleanup", Time since last: 67034184058 ns, Reaching safepoint: 322968 ns, At safepoint: 43103 ns, Total: 366071 ns
[2023-07-18T21:49:45.608+0000][66][info ][safepoint   ] Safepoint "Cleanup", Time since last: 19841829082 ns, Reaching safepoint: 314076 ns, At safepoint: 71632 ns, Total: 385708 ns
[2023-07-18T21:49:46.621+0000][66][info ][safepoint   ] Safepoint "Cleanup", Time since last: 1012490914 ns, Reaching safepoint: 411313 ns, At safepoint: 6392 ns, Total: 417705 ns
[2023-07-18T21:50:19.405+0000][66][info ][gc,start    ] GC(25) Pause Young (Normal) (G1 Evacuation Pause)
[2023-07-18T21:50:19.408+0000][66][info ][gc,task     ] GC(25) Using 6 workers of 6 for evacuation
[2023-07-18T21:50:19.409+0000][66][debug][gc,age      ] GC(25) Desired survivor size 155189248 bytes, new threshold 15 (max threshold 15)
[2023-07-18T21:50:19.437+0000][66][info ][gc,phases   ] GC(25)   Pre Evacuate Collection Set: 0.4ms
[2023-07-18T21:50:19.439+0000][66][info ][gc,phases   ] GC(25)   Merge Heap Roots: 0.4ms
[2023-07-18T21:50:19.440+0000][66][info ][gc,phases   ] GC(25)   Evacuate Collection Set: 20.8ms
[2023-07-18T21:50:19.442+0000][66][info ][gc,phases   ] GC(25)   Post Evacuate Collection Set: 4.8ms
[2023-07-18T21:50:19.442+0000][66][info ][gc,phases   ] GC(25)   Other: 3.1ms
[2023-07-18T21:50:19.443+0000][66][trace][gc,age      ] GC(25) Age table with threshold 15 (max threshold 15)
[2023-07-18T21:50:19.445+0000][66][trace][gc,age      ] GC(25) - age   1:    1570544 bytes,    1570544 total
[2023-07-18T21:50:19.446+0000][66][trace][gc,age      ] GC(25) - age   2:     499288 bytes,    2069832 total
[2023-07-18T21:50:19.447+0000][66][trace][gc,age      ] GC(25) - age   3:     579656 bytes,    2649488 total
[2023-07-18T21:50:19.449+0000][66][trace][gc,age      ] GC(25) - age   4:     932368 bytes,    3581856 total
[2023-07-18T21:50:19.450+0000][66][trace][gc,age      ] GC(25) - age   5:     720240 bytes,    4302096 total
[2023-07-18T21:50:19.451+0000][66][trace][gc,age      ] GC(25) - age   6:    3423488 bytes,    7725584 total
[2023-07-18T21:50:19.452+0000][66][trace][gc,age      ] GC(25) - age   7:      23536 bytes,    7749120 total
[2023-07-18T21:50:19.453+0000][66][trace][gc,age      ] GC(25) - age   8:    1075416 bytes,    8824536 total
[2023-07-18T21:50:19.454+0000][66][trace][gc,age      ] GC(25) - age   9:      35304 bytes,    8859840 total
[2023-07-18T21:50:19.455+0000][66][trace][gc,age      ] GC(25) - age  10:      20296 bytes,    8880136 total
[2023-07-18T21:50:19.457+0000][66][trace][gc,age      ] GC(25) - age  11:     274496 bytes,    9154632 total
[2023-07-18T21:50:19.458+0000][66][trace][gc,age      ] GC(25) - age  12:    1663472 bytes,   10818104 total
[2023-07-18T21:50:19.459+0000][66][trace][gc,age      ] GC(25) - age  13:    3843704 bytes,   14661808 total
[2023-07-18T21:50:19.460+0000][66][trace][gc,age      ] GC(25) - age  14:   30151592 bytes,   44813400 total
[2023-07-18T21:50:19.461+0000][66][trace][gc,age      ] GC(25) - age  15:    3857016 bytes,   48670416 total
[2023-07-18T21:50:19.462+0000][66][info ][gc,heap     ] GC(25) Eden regions: 576->0(576)
[2023-07-18T21:50:19.463+0000][66][info ][gc,heap     ] GC(25) Survivor regions: 13->13(74)
[2023-07-18T21:50:19.464+0000][66][info ][gc,heap     ] GC(25) Old regions: 17->17
[2023-07-18T21:50:19.465+0000][66][info ][gc,heap     ] GC(25) Archive regions: 2->2
[2023-07-18T21:50:19.466+0000][66][info ][gc,heap     ] GC(25) Humongous regions: 0->0
[2023-07-18T21:50:19.467+0000][66][info ][gc,metaspace] GC(25) Metaspace: 142173K(145664K)->142173K(145664K) NonClass: 123839K(125632K)->123839K(125632K) Class: 18333K(20032K)->18333K(20032K)
[2023-07-18T21:50:19.468+0000][66][info ][gc          ] GC(25) Pause Young (Normal) (G1 Evacuation Pause) 2423M->120M(3932M) 62.673ms
[2023-07-18T21:50:19.470+0000][66][info ][gc,cpu      ] GC(25) User=0.14s Sys=0.00s Real=0.06s
[2023-07-18T21:50:19.471+0000][66][info ][safepoint   ] Safepoint "G1CollectForAllocation", Time since last: 32783493157 ns, Reaching safepoint: 298997 ns, At safepoint: 65753987 ns, Total: 66052984 ns
[2023-07-18T21:50:37.949+0000][66][info ][safepoint   ] Safepoint "Cleanup", Time since last: 18477831632 ns, Reaching safepoint: 103067 ns, At safepoint: 75869 ns, Total: 178936 ns
[2023-07-18T21:51:01.573+0000][66][info ][safepoint   ] Safepoint "Cleanup", Time since last: 23622419952 ns, Reaching safepoint: 282723 ns, At safepoint: 46252 ns, Total: 328975 ns
[2023-07-18T21:51:12.996+0000][66][info ][safepoint   ] Safepoint "Cleanup", Time since last: 11423235648 ns, Reaching safepoint: 434869 ns, At safepoint: 6519 ns, Total: 441388 ns
[2023-07-18T21:51:26.124+0000][66][info ][safepoint   ] Safepoint "Cleanup", Time since last: 13126024123 ns, Reaching safepoint: 199643 ns, At safepoint: 52758 ns, Total: 252401 ns
[2023-07-18T21:51:32.015+0000][66][info ][safepoint   ] Safepoint "Cleanup", Time since last: 5890822449 ns, Reaching safepoint: 352481 ns, At safepoint: 12827 ns, Total: 365308 ns
[2023-07-18T21:51:44.420+0000][66][info ][safepoint   ] Safepoint "Cleanup", Time since last: 12404435753 ns, Reaching safepoint: 189094 ns, At safepoint: 67948 ns, Total: 257042 ns
[2023-07-18T21:52:13.798+0000][66][info ][safepoint   ] Safepoint "Cleanup", Time since last: 29365139472 ns, Reaching safepoint: 244980 ns, At safepoint: 63336 ns, Total: 308316 ns
[2023-07-18T21:52:17.866+0000][66][info ][safepoint   ] Safepoint "Cleanup", Time since last: 4068058673 ns, Reaching safepoint: 175593 ns, At safepoint: 4892 ns, Total: 180485 ns
[2023-07-18T21:52:19.853+0000][66][info ][safepoint   ] Safepoint "Cleanup", Time since last: 1987077688 ns, Reaching safepoint: 310827 ns, At safepoint: 108678 ns, Total: 419505 ns
[2023-07-18T21:52:21.680+0000][66][info ][safepoint   ] Safepoint "Cleanup", Time since last: 1826450333 ns, Reaching safepoint: 316646 ns, At safepoint: 8468 ns, Total: 325114 ns
[2023-07-18T21:52:22.801+0000][66][info ][safepoint   ] Safepoint "Cleanup", Time since last: 1120412754 ns, Reaching safepoint: 271884 ns, At safepoint: 58548 ns, Total: 330432 ns
[2023-07-18T21:54:05.688+0000][66][info ][safepoint   ] Safepoint "Cleanup", Time since last: 102867721822 ns, Reaching safepoint: 850063 ns, At safepoint: 6621 ns, Total: 856684 ns
[2023-07-18T21:54:45.506+0000][66][info ][safepoint   ] Safepoint "Cleanup", Time since last: 39815833891 ns, Reaching safepoint: 270911 ns, At safepoint: 14444 ns, Total: 285355 ns
[2023-07-18T21:55:19.644+0000][66][info ][safepoint   ] Safepoint "Cleanup", Time since last: 34136692699 ns, Reaching safepoint: 259045 ns, At safepoint: 57184 ns, Total: 316229 ns
[2023-07-18T21:55:45.443+0000][66][info ][safepoint   ] Safepoint "Cleanup", Time since last: 25797772064 ns, Reaching safepoint: 372219 ns, At safepoint: 52369 ns, Total: 424588 ns
[2023-07-18T21:56:45.563+0000][66][info ][safepoint   ] Safepoint "Cleanup", Time since last: 60117857095 ns, Reaching safepoint: 307302 ns, At safepoint: 15783 ns, Total: 323085 ns
[2023-07-18T21:57:38.579+0000][66][info ][safepoint   ] Safepoint "Cleanup", Time since last: 53014584856 ns, Reaching safepoint: 327230 ns, At safepoint: 54658 ns, Total: 381888 ns
[2023-07-18T21:58:55.554+0000][66][info ][safepoint   ] Safepoint "Cleanup", Time since last: 76971797470 ns, Reaching safepoint: 255120 ns, At safepoint: 9579 ns, Total: 264699 ns
[2023-07-18T22:01:29.132+0000][66][info ][safepoint   ] Safepoint "Cleanup", Time since last: 153573475953 ns, Reaching safepoint: 466703 ns, At safepoint: 8661 ns, Total: 475364 ns
[2023-07-18T22:01:40.869+0000][66][info ][safepoint   ] Safepoint "Cleanup", Time since last: 11736420032 ns, Reaching safepoint: 237999 ns, At safepoint: 7075 ns, Total: 245074 ns
[2023-07-18T22:01:41.871+0000][66][info ][safepoint   ] Safepoint "Cleanup", Time since last: 1001712498 ns, Reaching safepoint: 248263 ns, At safepoint: 4011 ns, Total: 252274 ns
[2023-07-18T22:01:42.873+0000][66][info ][safepoint   ] Safepoint "Cleanup", Time since last: 1002608835 ns, Reaching safepoint: 304275 ns, At safepoint: 29020 ns, Total: 333295 ns
[2023-07-18T22:01:43.942+0000][66][info ][safepoint   ] Safepoint "Cleanup", Time since last: 1067481184 ns, Reaching safepoint: 278010 ns, At safepoint: 52412 ns, Total: 330422 ns
[2023-07-18T22:01:45.271+0000][66][info ][safepoint   ] Safepoint "Cleanup", Time since last: 1328085575 ns, Reaching safepoint: 591302 ns, At safepoint: 15346 ns, Total: 606648 ns
[2023-07-18T22:01:50.097+0000][66][info ][safepoint   ] Safepoint "Cleanup", Time since last: 4826164314 ns, Reaching safepoint: 243159 ns, At safepoint: 42967 ns, Total: 286126 ns
[2023-07-18T22:01:56.568+0000][66][info ][safepoint   ] Safepoint "Cleanup", Time since last: 6469877119 ns, Reaching safepoint: 555867 ns, At safepoint: 119084 ns, Total: 674951 ns
[2023-07-18T22:01:57.657+0000][66][info ][safepoint   ] Safepoint "Cleanup", Time since last: 1088786263 ns, Reaching safepoint: 282581 ns, At safepoint: 54319 ns, Total: 336900 ns
[2023-07-18T22:01:59.183+0000][66][info ][safepoint   ] Safepoint "Cleanup", Time since last: 1526054477 ns, Reaching safepoint: 300932 ns, At safepoint: 7160 ns, Total: 308092 ns
[2023-07-18T22:02:00.186+0000][66][info ][safepoint   ] Safepoint "Cleanup", Time since last: 1002222575 ns, Reaching safepoint: 260549 ns, At safepoint: 3841 ns, Total: 264390 ns
[2023-07-18T22:02:03.445+0000][66][info ][safepoint   ] Safepoint "Cleanup", Time since last: 3258714174 ns, Reaching safepoint: 312720 ns, At safepoint: 48536 ns, Total: 361256 ns
[2023-07-18T22:02:10.005+0000][66][info ][safepoint   ] Safepoint "Cleanup", Time since last: 6559778839 ns, Reaching safepoint: 233804 ns, At safepoint: 4580 ns, Total: 238384 ns
[2023-07-18T22:02:13.008+0000][66][info ][safepoint   ] Safepoint "Cleanup", Time since last: 3002969950 ns, Reaching safepoint: 431148 ns, At safepoint: 13292 ns, Total: 444440 ns
[2023-07-18T22:02:14.130+0000][66][info ][safepoint   ] Safepoint "Cleanup", Time since last: 1119999182 ns, Reaching safepoint: 259686 ns, At safepoint: 55666 ns, Total: 315352 ns
[2023-07-18T22:02:22.459+0000][66][info ][safepoint   ] Safepoint "Cleanup", Time since last: 8329051444 ns, Reaching safepoint: 102004 ns, At safepoint: 3146 ns, Total: 105150 ns
[2023-07-18T22:02:23.911+0000][66][info ][safepoint   ] Safepoint "Cleanup", Time since last: 1451829989 ns, Reaching safepoint: 443098 ns, At safepoint: 55490 ns, Total: 498588 ns
[2023-07-18T22:02:27.842+0000][66][info ][safepoint   ] Safepoint "Cleanup", Time since last: 3930146593 ns, Reaching safepoint: 356918 ns, At safepoint: 59141 ns, Total: 416059 ns
[2023-07-18T22:02:34.073+0000][66][info ][safepoint   ] Safepoint "Cleanup", Time since last: 6231302733 ns, Reaching safepoint: 427320 ns, At safepoint: 17794 ns, Total: 445114 ns
[2023-07-18T22:02:35.139+0000][66][info ][safepoint   ] Safepoint "Cleanup", Time since last: 1064885845 ns, Reaching safepoint: 322814 ns, At safepoint: 43672 ns, Total: 366486 ns
[2023-07-18T22:02:36.170+0000][66][info ][gc,start    ] GC(26) Pause Young (Normal) (G1 Evacuation Pause)
[2023-07-18T22:02:36.172+0000][66][info ][gc,task     ] GC(26) Using 6 workers of 6 for evacuation
[2023-07-18T22:02:36.174+0000][66][debug][gc,age      ] GC(26) Desired survivor size 155189248 bytes, new threshold 15 (max threshold 15)
[2023-07-18T22:02:36.277+0000][66][info ][gc,phases   ] GC(26)   Pre Evacuate Collection Set: 0.5ms
[2023-07-18T22:02:36.278+0000][66][info ][gc,phases   ] GC(26)   Merge Heap Roots: 0.5ms
[2023-07-18T22:02:36.280+0000][66][info ][gc,phases   ] GC(26)   Evacuate Collection Set: 95.4ms
[2023-07-18T22:02:36.281+0000][66][info ][gc,phases   ] GC(26)   Post Evacuate Collection Set: 5.1ms
[2023-07-18T22:02:36.282+0000][66][info ][gc,phases   ] GC(26)   Other: 3.2ms
[2023-07-18T22:02:36.284+0000][66][trace][gc,age      ] GC(26) Age table with threshold 15 (max threshold 15)
[2023-07-18T22:02:36.285+0000][66][trace][gc,age      ] GC(26) - age   1:    2879232 bytes,    2879232 total
[2023-07-18T22:02:36.288+0000][66][trace][gc,age      ] GC(26) - age   2:     288152 bytes,    3167384 total
[2023-07-18T22:02:36.290+0000][66][trace][gc,age      ] GC(26) - age   3:     372992 bytes,    3540376 total
[2023-07-18T22:02:36.291+0000][66][trace][gc,age      ] GC(26) - age   4:     448088 bytes,    3988464 total
[2023-07-18T22:02:36.292+0000][66][trace][gc,age      ] GC(26) - age   5:     768552 bytes,    4757016 total
[2023-07-18T22:02:36.293+0000][66][trace][gc,age      ] GC(26) - age   6:     720168 bytes,    5477184 total
[2023-07-18T22:02:36.294+0000][66][trace][gc,age      ] GC(26) - age   7:    3380912 bytes,    8858096 total
[2023-07-18T22:02:36.296+0000][66][trace][gc,age      ] GC(26) - age   8:      17968 bytes,    8876064 total
[2023-07-18T22:02:36.297+0000][66][trace][gc,age      ] GC(26) - age   9:    1075416 bytes,    9951480 total
[2023-07-18T22:02:36.298+0000][66][trace][gc,age      ] GC(26) - age  10:      35304 bytes,    9986784 total
[2023-07-18T22:02:36.299+0000][66][trace][gc,age      ] GC(26) - age  11:      20296 bytes,   10007080 total
[2023-07-18T22:02:36.300+0000][66][trace][gc,age      ] GC(26) - age  12:     274496 bytes,   10281576 total
[2023-07-18T22:02:36.301+0000][66][trace][gc,age      ] GC(26) - age  13:    1663120 bytes,   11944696 total
[2023-07-18T22:02:36.302+0000][66][trace][gc,age      ] GC(26) - age  14:    3826656 bytes,   15771352 total
[2023-07-18T22:02:36.303+0000][66][trace][gc,age      ] GC(26) - age  15:   30133528 bytes,   45904880 total
[2023-07-18T22:02:36.305+0000][66][info ][gc,heap     ] GC(26) Eden regions: 576->0(576)
[2023-07-18T22:02:36.307+0000][66][info ][gc,heap     ] GC(26) Survivor regions: 13->13(74)
[2023-07-18T22:02:36.308+0000][66][info ][gc,heap     ] GC(26) Old regions: 17->18
[2023-07-18T22:02:36.309+0000][66][info ][gc,heap     ] GC(26) Archive regions: 2->2
[2023-07-18T22:02:36.310+0000][66][info ][gc,heap     ] GC(26) Humongous regions: 0->0
[2023-07-18T22:02:36.312+0000][66][info ][gc,metaspace] GC(26) Metaspace: 142261K(145728K)->142261K(145728K) NonClass: 123927K(125696K)->123927K(125696K) Class: 18333K(20032K)->18333K(20032K)
[2023-07-18T22:02:36.313+0000][66][info ][gc          ] GC(26) Pause Young (Normal) (G1 Evacuation Pause) 2424M->122M(3932M) 142.459ms
[2023-07-18T22:02:36.314+0000][66][info ][gc,cpu      ] GC(26) User=0.21s Sys=0.06s Real=0.14s
[2023-07-18T22:02:36.315+0000][66][info ][safepoint   ] Safepoint "G1CollectForAllocation", Time since last: 1031487733 ns, Reaching safepoint: 329066 ns, At safepoint: 144853024 ns, Total: 145182090 ns
[2023-07-18T22:02:37.319+0000][66][info ][safepoint   ] Safepoint "Cleanup", Time since last: 1003696464 ns, Reaching safepoint: 236399 ns, At safepoint: 9242 ns, Total: 245641 ns
[2023-07-18T22:02:39.037+0000][66][info ][safepoint   ] Safepoint "Cleanup", Time since last: 1717740029 ns, Reaching safepoint: 151431 ns, At safepoint: 142939 ns, Total: 294370 ns
[2023-07-18T22:02:42.129+0000][66][info ][safepoint   ] Safepoint "Cleanup", Time since last: 3091266276 ns, Reaching safepoint: 347358 ns, At safepoint: 20869 ns, Total: 368227 ns
[2023-07-18T22:02:45.565+0000][66][info ][safepoint   ] Safepoint "Cleanup", Time since last: 3435227689 ns, Reaching safepoint: 625227 ns, At safepoint: 28373 ns, Total: 653600 ns
[2023-07-18T22:03:11.296+0000][66][info ][safepoint   ] Safepoint "Cleanup", Time since last: 25729581568 ns, Reaching safepoint: 541920 ns, At safepoint: 14914 ns, Total: 556834 ns
[2023-07-18T22:03:26.952+0000][66][info ][safepoint   ] Safepoint "Cleanup", Time since last: 15654574170 ns, Reaching safepoint: 253975 ns, At safepoint: 40425 ns, Total: 294400 ns
[2023-07-18T22:03:45.822+0000][66][info ][safepoint   ] Safepoint "Cleanup", Time since last: 18868617652 ns, Reaching safepoint: 748820 ns, At safepoint: 43687 ns, Total: 792507 ns
[2023-07-18T22:04:12.382+0000][66][info ][safepoint   ] Safepoint "Cleanup", Time since last: 26560228441 ns, Reaching safepoint: 485238 ns, At safepoint: 10517 ns, Total: 495755 ns
[2023-07-18T22:04:43.951+0000][66][info ][safepoint   ] Safepoint "Cleanup", Time since last: 31566101915 ns, Reaching safepoint: 529820 ns, At safepoint: 60323 ns, Total: 590143 ns
[2023-07-18T22:05:12.177+0000][66][info ][safepoint   ] Safepoint "Cleanup", Time since last: 28225930724 ns, Reaching safepoint: 342270 ns, At safepoint: 15932 ns, Total: 358202 ns
[2023-07-18T22:05:19.001+0000][66][info ][safepoint   ] Safepoint "Cleanup", Time since last: 6822702875 ns, Reaching safepoint: 511969 ns, At safepoint: 32548 ns, Total: 544517 ns
[2023-07-18T22:05:26.208+0000][66][info ][safepoint   ] Safepoint "Cleanup", Time since last: 7206224713 ns, Reaching safepoint: 488834 ns, At safepoint: 70668 ns, Total: 559502 ns
[2023-07-18T22:05:32.846+0000][66][info ][safepoint   ] Safepoint "Cleanup", Time since last: 6637523343 ns, Reaching safepoint: 288547 ns, At safepoint: 14564 ns, Total: 303111 ns
[2023-07-18T22:05:56.657+0000][66][info ][safepoint   ] Safepoint "Cleanup", Time since last: 23810108226 ns, Reaching safepoint: 289670 ns, At safepoint: 60708 ns, Total: 350378 ns
[2023-07-18T22:06:08.517+0000][66][info ][safepoint   ] Safepoint "Cleanup", Time since last: 11858929192 ns, Reaching safepoint: 257977 ns, At safepoint: 54793 ns, Total: 312770 ns
[2023-07-18T22:06:43.636+0000][66][info ][safepoint   ] Safepoint "Cleanup", Time since last: 35118369372 ns, Reaching safepoint: 220224 ns, At safepoint: 7816 ns, Total: 228040 ns
[2023-07-18T22:08:44.976+0000][66][info ][safepoint   ] Safepoint "Cleanup", Time since last: 121344763990 ns, Reaching safepoint: 222561 ns, At safepoint: 48204 ns, Total: 270765 ns
[2023-07-18T22:08:55.476+0000][66][info ][safepoint   ] Safepoint "Cleanup", Time since last: 10499490351 ns, Reaching safepoint: 349649 ns, At safepoint: 6175 ns, Total: 355824 ns
[2023-07-18T22:09:44.926+0000][66][info ][safepoint   ] Safepoint "Cleanup", Time since last: 49448542310 ns, Reaching safepoint: 292539 ns, At safepoint: 42555 ns, Total: 335094 ns
[2023-07-18T22:10:32.000+0000][66][info ][safepoint   ] Safepoint "Cleanup", Time since last: 47072816489 ns, Reaching safepoint: 263471 ns, At safepoint: 7433 ns, Total: 270904 ns
[2023-07-18T22:10:44.753+0000][66][info ][safepoint   ] Safepoint "Cleanup", Time since last: 12751679234 ns, Reaching safepoint: 275126 ns, At safepoint: 46866 ns, Total: 321992 ns
[2023-07-18T22:12:14.074+0000][66][info ][safepoint   ] Safepoint "Cleanup", Time since last: 89317896991 ns, Reaching safepoint: 215202 ns, At safepoint: 67050 ns, Total: 282252 ns
[2023-07-18T22:12:16.042+0000][66][info ][safepoint   ] Safepoint "Cleanup", Time since last: 1967635352 ns, Reaching safepoint: 597088 ns, At safepoint: 29555 ns, Total: 626643 ns
[2023-07-18T22:12:33.032+0000][66][info ][safepoint   ] Safepoint "Cleanup", Time since last: 16989382427 ns, Reaching safepoint: 227500 ns, At safepoint: 7233 ns, Total: 234733 ns
[2023-07-18T22:12:45.603+0000][66][info ][safepoint   ] Safepoint "Cleanup", Time since last: 12570286740 ns, Reaching safepoint: 115437 ns, At safepoint: 150115 ns, Total: 265552 ns
[2023-07-18T22:14:16.095+0000][66][info ][safepoint   ] Safepoint "Cleanup", Time since last: 90489077595 ns, Reaching safepoint: 367861 ns, At safepoint: 16497 ns, Total: 384358 ns
[2023-07-18T22:14:32.241+0000][66][info ][safepoint   ] Safepoint "Cleanup", Time since last: 16146141333 ns, Reaching safepoint: 351435 ns, At safepoint: 64112 ns, Total: 415547 ns
[2023-07-18T22:14:45.031+0000][66][info ][safepoint   ] Safepoint "Cleanup", Time since last: 12788220944 ns, Reaching safepoint: 392569 ns, At safepoint: 15695 ns, Total: 408264 ns
[2023-07-18T22:14:56.802+0000][66][info ][gc,start    ] GC(27) Pause Young (Normal) (G1 Evacuation Pause)
[2023-07-18T22:14:56.804+0000][66][info ][gc,task     ] GC(27) Using 6 workers of 6 for evacuation
[2023-07-18T22:14:56.804+0000][66][debug][gc,age      ] GC(27) Desired survivor size 155189248 bytes, new threshold 15 (max threshold 15)
[2023-07-18T22:14:56.973+0000][66][info ][gc,phases   ] GC(27)   Pre Evacuate Collection Set: 0.3ms
[2023-07-18T22:14:56.974+0000][66][info ][gc,phases   ] GC(27)   Merge Heap Roots: 0.2ms
[2023-07-18T22:14:56.977+0000][66][info ][gc,phases   ] GC(27)   Evacuate Collection Set: 162.5ms
[2023-07-18T22:14:56.979+0000][66][info ][gc,phases   ] GC(27)   Post Evacuate Collection Set: 3.7ms
[2023-07-18T22:14:56.980+0000][66][info ][gc,phases   ] GC(27)   Other: 2.5ms
[2023-07-18T22:14:56.981+0000][66][trace][gc,age      ] GC(27) Age table with threshold 15 (max threshold 15)
[2023-07-18T22:14:56.982+0000][66][trace][gc,age      ] GC(27) - age   1:    2636176 bytes,    2636176 total
[2023-07-18T22:14:56.983+0000][66][trace][gc,age      ] GC(27) - age   2:     692984 bytes,    3329160 total
[2023-07-18T22:14:56.985+0000][66][trace][gc,age      ] GC(27) - age   3:     142840 bytes,    3472000 total
[2023-07-18T22:14:56.986+0000][66][trace][gc,age      ] GC(27) - age   4:     339704 bytes,    3811704 total
[2023-07-18T22:14:56.987+0000][66][trace][gc,age      ] GC(27) - age   5:     447552 bytes,    4259256 total
[2023-07-18T22:14:56.988+0000][66][trace][gc,age      ] GC(27) - age   6:     729288 bytes,    4988544 total
[2023-07-18T22:14:56.989+0000][66][trace][gc,age      ] GC(27) - age   7:     720136 bytes,    5708680 total
[2023-07-18T22:14:56.990+0000][66][trace][gc,age      ] GC(27) - age   8:    3380896 bytes,    9089576 total
[2023-07-18T22:14:56.991+0000][66][trace][gc,age      ] GC(27) - age   9:      17912 bytes,    9107488 total
[2023-07-18T22:14:56.992+0000][66][trace][gc,age      ] GC(27) - age  10:    1075416 bytes,   10182904 total
[2023-07-18T22:14:56.993+0000][66][trace][gc,age      ] GC(27) - age  11:      35304 bytes,   10218208 total
[2023-07-18T22:14:56.995+0000][66][trace][gc,age      ] GC(27) - age  12:      20296 bytes,   10238504 total
[2023-07-18T22:14:56.996+0000][66][trace][gc,age      ] GC(27) - age  13:     274496 bytes,   10513000 total
[2023-07-18T22:14:56.997+0000][66][trace][gc,age      ] GC(27) - age  14:    1663120 bytes,   12176120 total
[2023-07-18T22:14:56.998+0000][66][trace][gc,age      ] GC(27) - age  15:    3826600 bytes,   16002720 total
[2023-07-18T22:14:56.999+0000][66][info ][gc,heap     ] GC(27) Eden regions: 576->0(584)
[2023-07-18T22:14:57.000+0000][66][info ][gc,heap     ] GC(27) Survivor regions: 13->5(74)
[2023-07-18T22:14:57.001+0000][66][info ][gc,heap     ] GC(27) Old regions: 18->26
[2023-07-18T22:14:57.002+0000][66][info ][gc,heap     ] GC(27) Archive regions: 2->2
[2023-07-18T22:14:57.003+0000][66][info ][gc,heap     ] GC(27) Humongous regions: 0->0
[2023-07-18T22:14:57.004+0000][66][info ][gc,metaspace] GC(27) Metaspace: 142295K(145728K)->142295K(145728K) NonClass: 123959K(125696K)->123959K(125696K) Class: 18336K(20032K)->18336K(20032K)
[2023-07-18T22:14:57.005+0000][66][info ][gc          ] GC(27) Pause Young (Normal) (G1 Evacuation Pause) 2426M->122M(3932M) 202.640ms
[2023-07-18T22:14:57.006+0000][66][info ][gc,cpu      ] GC(27) User=0.17s Sys=0.11s Real=0.20s
[2023-07-18T22:14:57.008+0000][66][info ][safepoint   ] Safepoint "G1CollectForAllocation", Time since last: 11771272071 ns, Reaching safepoint: 321194 ns, At safepoint: 205288073 ns, Total: 205609267 ns
[2023-07-18T22:14:58.280+0000][66][info ][safepoint   ] Safepoint "Cleanup", Time since last: 1272141435 ns, Reaching safepoint: 283442 ns, At safepoint: 134225 ns, Total: 417667 ns
[2023-07-18T22:15:25.272+0000][66][info ][safepoint   ] Safepoint "Cleanup", Time since last: 26989712273 ns, Reaching safepoint: 967791 ns, At safepoint: 8675 ns, Total: 976466 ns
[2023-07-18T22:16:03.662+0000][66][info ][safepoint   ] Safepoint "Cleanup", Time since last: 38388308234 ns, Reaching safepoint: 285109 ns, At safepoint: 59351 ns, Total: 344460 ns
[2023-07-18T22:16:28.777+0000][66][info ][safepoint   ] Safepoint "Cleanup", Time since last: 25114689614 ns, Reaching safepoint: 355973 ns, At safepoint: 5180 ns, Total: 361153 ns
[2023-07-18T22:16:38.512+0000][66][info ][safepoint   ] Safepoint "Cleanup", Time since last: 9734698179 ns, Reaching safepoint: 112415 ns, At safepoint: 53763 ns, Total: 166178 ns
[2023-07-18T22:19:02.429+0000][66][info ][safepoint   ] Safepoint "Cleanup", Time since last: 143912193138 ns, Reaching safepoint: 126403 ns, At safepoint: 48582 ns, Total: 174985 ns
[2023-07-18T22:19:03.589+0000][66][info ][safepoint   ] Safepoint "Cleanup", Time since last: 1159924904 ns, Reaching safepoint: 348505 ns, At safepoint: 49491 ns, Total: 397996 ns
[2023-07-18T22:19:20.609+0000][66][info ][safepoint   ] Safepoint "Cleanup", Time since last: 17018041940 ns, Reaching safepoint: 216908 ns, At safepoint: 7573 ns, Total: 224481 ns
[2023-07-18T22:19:38.925+0000][66][info ][safepoint   ] Safepoint "Cleanup", Time since last: 18316200380 ns, Reaching safepoint: 138386 ns, At safepoint: 63302 ns, Total: 201688 ns
[2023-07-18T22:20:18.390+0000][66][info ][safepoint   ] Safepoint "Cleanup", Time since last: 39462697766 ns, Reaching safepoint: 756826 ns, At safepoint: 27375 ns, Total: 784201 ns
[2023-07-18T22:20:45.504+0000][66][info ][safepoint   ] Safepoint "Cleanup", Time since last: 27113073401 ns, Reaching safepoint: 75302 ns, At safepoint: 4953 ns, Total: 80255 ns
[2023-07-18T22:21:15.985+0000][66][info ][safepoint   ] Safepoint "Cleanup", Time since last: 30479747368 ns, Reaching safepoint: 143913 ns, At safepoint: 44013 ns, Total: 187926 ns
[2023-07-18T22:22:32.306+0000][66][info ][safepoint   ] Safepoint "Cleanup", Time since last: 76318932679 ns, Reaching safepoint: 364369 ns, At safepoint: 64816 ns, Total: 429185 ns
[2023-07-18T22:23:03.739+0000][66][info ][safepoint   ] Safepoint "Cleanup", Time since last: 31430954506 ns, Reaching safepoint: 434625 ns, At safepoint: 20588 ns, Total: 455213 ns
[2023-07-18T22:23:14.532+0000][66][info ][safepoint   ] Safepoint "Cleanup", Time since last: 10800028553 ns, Reaching safepoint: 158904 ns, At safepoint: 188768 ns, Total: 347672 ns
[2023-07-18T22:24:44.907+0000][66][info ][safepoint   ] Safepoint "Cleanup", Time since last: 90375092297 ns, Reaching safepoint: 456381 ns, At safepoint: 76768 ns, Total: 533149 ns
[2023-07-18T22:25:19.034+0000][66][info ][safepoint   ] Safepoint "Cleanup", Time since last: 34125350260 ns, Reaching safepoint: 355959 ns, At safepoint: 7143 ns, Total: 363102 ns
[2023-07-18T22:25:21.370+0000][66][info ][safepoint   ] Safepoint "Cleanup", Time since last: 2336429667 ns, Reaching safepoint: 289340 ns, At safepoint: 45384 ns, Total: 334724 ns
[2023-07-18T22:25:22.863+0000][66][info ][safepoint   ] Safepoint "Cleanup", Time since last: 1492257246 ns, Reaching safepoint: 415561 ns, At safepoint: 63389 ns, Total: 478950 ns
[2023-07-18T22:25:50.585+0000][66][info ][safepoint   ] Safepoint "Cleanup", Time since last: 27720388743 ns, Reaching safepoint: 134276 ns, At safepoint: 4873 ns, Total: 139149 ns
[2023-07-18T22:25:53.087+0000][66][info ][safepoint   ] Safepoint "Cleanup", Time since last: 2502438700 ns, Reaching safepoint: 101396 ns, At safepoint: 127539 ns, Total: 228935 ns
[2023-07-18T22:25:54.317+0000][66][info ][safepoint   ] Safepoint "Cleanup", Time since last: 1228902556 ns, Reaching safepoint: 366697 ns, At safepoint: 56492 ns, Total: 423189 ns
[2023-07-18T22:26:45.116+0000][66][info ][safepoint   ] Safepoint "Cleanup", Time since last: 50797355834 ns, Reaching safepoint: 353811 ns, At safepoint: 60240 ns, Total: 414051 ns
[2023-07-18T22:27:45.080+0000][66][info ][safepoint   ] Safepoint "Cleanup", Time since last: 59962175785 ns, Reaching safepoint: 326045 ns, At safepoint: 19173 ns, Total: 345218 ns
[2023-07-18T22:28:13.958+0000][66][info ][gc,start    ] GC(28) Pause Young (Normal) (G1 Evacuation Pause)
[2023-07-18T22:28:13.959+0000][66][info ][gc,task     ] GC(28) Using 6 workers of 6 for evacuation
[2023-07-18T22:28:13.960+0000][66][debug][gc,age      ] GC(28) Desired survivor size 155189248 bytes, new threshold 15 (max threshold 15)
[2023-07-18T22:28:14.005+0000][66][info ][gc,phases   ] GC(28)   Pre Evacuate Collection Set: 0.5ms
[2023-07-18T22:28:14.006+0000][66][info ][gc,phases   ] GC(28)   Merge Heap Roots: 0.4ms
[2023-07-18T22:28:14.007+0000][66][info ][gc,phases   ] GC(28)   Evacuate Collection Set: 39.4ms
[2023-07-18T22:28:14.009+0000][66][info ][gc,phases   ] GC(28)   Post Evacuate Collection Set: 2.8ms
[2023-07-18T22:28:14.011+0000][66][info ][gc,phases   ] GC(28)   Other: 2.7ms
[2023-07-18T22:28:14.012+0000][66][trace][gc,age      ] GC(28) Age table with threshold 15 (max threshold 15)
[2023-07-18T22:28:14.013+0000][66][trace][gc,age      ] GC(28) - age   1:    1543392 bytes,    1543392 total
[2023-07-18T22:28:14.014+0000][66][trace][gc,age      ] GC(28) - age   2:     550640 bytes,    2094032 total
[2023-07-18T22:28:14.015+0000][66][trace][gc,age      ] GC(28) - age   3:     689872 bytes,    2783904 total
[2023-07-18T22:28:14.016+0000][66][trace][gc,age      ] GC(28) - age   4:     123368 bytes,    2907272 total
[2023-07-18T22:28:14.017+0000][66][trace][gc,age      ] GC(28) - age   5:     304416 bytes,    3211688 total
[2023-07-18T22:28:14.019+0000][66][trace][gc,age      ] GC(28) - age   6:     327360 bytes,    3539048 total
[2023-07-18T22:28:14.020+0000][66][trace][gc,age      ] GC(28) - age   7:     728296 bytes,    4267344 total
[2023-07-18T22:28:14.021+0000][66][trace][gc,age      ] GC(28) - age   8:     720080 bytes,    4987424 total
[2023-07-18T22:28:14.022+0000][66][trace][gc,age      ] GC(28) - age   9:    3380544 bytes,    8367968 total
[2023-07-18T22:28:14.023+0000][66][trace][gc,age      ] GC(28) - age  10:      17912 bytes,    8385880 total
[2023-07-18T22:28:14.023+0000][66][trace][gc,age      ] GC(28) - age  11:    1075416 bytes,    9461296 total
[2023-07-18T22:28:14.025+0000][66][trace][gc,age      ] GC(28) - age  12:      35304 bytes,    9496600 total
[2023-07-18T22:28:14.026+0000][66][trace][gc,age      ] GC(28) - age  13:      20296 bytes,    9516896 total
[2023-07-18T22:28:14.027+0000][66][trace][gc,age      ] GC(28) - age  14:     274496 bytes,    9791392 total
[2023-07-18T22:28:14.028+0000][66][trace][gc,age      ] GC(28) - age  15:    1663120 bytes,   11454512 total
[2023-07-18T22:28:14.029+0000][66][info ][gc,heap     ] GC(28) Eden regions: 584->0(585)
[2023-07-18T22:28:14.030+0000][66][info ][gc,heap     ] GC(28) Survivor regions: 5->4(74)
[2023-07-18T22:28:14.031+0000][66][info ][gc,heap     ] GC(28) Old regions: 26->27
[2023-07-18T22:28:14.032+0000][66][info ][gc,heap     ] GC(28) Archive regions: 2->2
[2023-07-18T22:28:14.033+0000][66][info ][gc,heap     ] GC(28) Humongous regions: 0->0
[2023-07-18T22:28:14.034+0000][66][info ][gc,metaspace] GC(28) Metaspace: 142335K(145792K)->142335K(145792K) NonClass: 123998K(125760K)->123998K(125760K) Class: 18336K(20032K)->18336K(20032K)
[2023-07-18T22:28:14.035+0000][66][info ][gc          ] GC(28) Pause Young (Normal) (G1 Evacuation Pause) 2458M->122M(3932M) 77.485ms
[2023-07-18T22:28:14.036+0000][66][info ][gc,cpu      ] GC(28) User=0.08s Sys=0.02s Real=0.08s
[2023-07-18T22:28:14.037+0000][66][info ][safepoint   ] Safepoint "G1CollectForAllocation", Time since last: 28876054516 ns, Reaching safepoint: 307069 ns, At safepoint: 79568379 ns, Total: 79875448 ns
[2023-07-18T22:28:51.807+0000][66][info ][safepoint   ] Safepoint "Cleanup", Time since last: 37768658868 ns, Reaching safepoint: 312046 ns, At safepoint: 17109 ns, Total: 329155 ns
[2023-07-18T22:30:45.689+0000][66][info ][safepoint   ] Safepoint "Cleanup", Time since last: 113877504807 ns, Reaching safepoint: 719913 ns, At safepoint: 208793 ns, Total: 928706 ns
[2023-07-18T22:30:46.693+0000][66][info ][safepoint   ] Safepoint "Cleanup", Time since last: 1003440462 ns, Reaching safepoint: 286925 ns, At safepoint: 7097 ns, Total: 294022 ns
[2023-07-18T22:31:26.416+0000][66][info ][safepoint   ] Safepoint "Cleanup", Time since last: 39722823882 ns, Reaching safepoint: 114364 ns, At safepoint: 41273 ns, Total: 155637 ns
[2023-07-18T22:32:42.036+0000][66][info ][safepoint   ] Safepoint "Cleanup", Time since last: 75617060606 ns, Reaching safepoint: 240119 ns, At safepoint: 61837 ns, Total: 301956 ns
[2023-07-18T22:35:18.947+0000][66][info ][safepoint   ] Safepoint "Cleanup", Time since last: 156905262735 ns, Reaching safepoint: 593130 ns, At safepoint: 27871 ns, Total: 621001 ns
[2023-07-18T22:36:29.080+0000][66][info ][safepoint   ] Safepoint "Cleanup", Time since last: 70131285965 ns, Reaching safepoint: 104412 ns, At safepoint: 3154 ns, Total: 107566 ns
[2023-07-18T22:36:32.084+0000][66][info ][safepoint   ] Safepoint "Cleanup", Time since last: 3003938709 ns, Reaching safepoint: 352885 ns, At safepoint: 18837 ns, Total: 371722 ns
[2023-07-18T22:37:23.532+0000][66][info ][safepoint   ] Safepoint "Cleanup", Time since last: 51445841903 ns, Reaching safepoint: 641519 ns, At safepoint: 46496 ns, Total: 688015 ns
[2023-07-18T22:37:28.840+0000][66][info ][safepoint   ] Safepoint "Cleanup", Time since last: 5306651530 ns, Reaching safepoint: 696219 ns, At safepoint: 26026 ns, Total: 722245 ns
[2023-07-18T22:37:44.954+0000][66][info ][safepoint   ] Safepoint "Cleanup", Time since last: 16113120780 ns, Reaching safepoint: 205648 ns, At safepoint: 8025 ns, Total: 213673 ns
[2023-07-18T22:38:45.855+0000][66][info ][safepoint   ] Safepoint "Cleanup", Time since last: 60877000941 ns, Reaching safepoint: 295658 ns, At safepoint: 7086 ns, Total: 302744 ns
[2023-07-18T22:41:09.306+0000][66][info ][safepoint   ] Safepoint "Cleanup", Time since last: 143445118682 ns, Reaching safepoint: 188737 ns, At safepoint: 42983 ns, Total: 231720 ns
[2023-07-18T22:41:26.237+0000][66][info ][safepoint   ] Safepoint "Cleanup", Time since last: 16930111140 ns, Reaching safepoint: 322714 ns, At safepoint: 56697 ns, Total: 379411 ns
[2023-07-18T22:41:34.417+0000][66][info ][safepoint   ] Safepoint "Cleanup", Time since last: 8179109495 ns, Reaching safepoint: 258136 ns, At safepoint: 50086 ns, Total: 308222 ns
[2023-07-18T22:41:34.425+0000][66][info ][gc,start    ] GC(29) Pause Young (Normal) (G1 Evacuation Pause)
[2023-07-18T22:41:34.426+0000][66][info ][gc,task     ] GC(29) Using 6 workers of 6 for evacuation
[2023-07-18T22:41:34.427+0000][66][debug][gc,age      ] GC(29) Desired survivor size 155189248 bytes, new threshold 15 (max threshold 15)
[2023-07-18T22:41:34.454+0000][66][info ][gc,phases   ] GC(29)   Pre Evacuate Collection Set: 0.3ms
[2023-07-18T22:41:34.456+0000][66][info ][gc,phases   ] GC(29)   Merge Heap Roots: 0.5ms
[2023-07-18T22:41:34.456+0000][66][info ][gc,phases   ] GC(29)   Evacuate Collection Set: 22.0ms
[2023-07-18T22:41:34.458+0000][66][info ][gc,phases   ] GC(29)   Post Evacuate Collection Set: 3.0ms
[2023-07-18T22:41:34.459+0000][66][info ][gc,phases   ] GC(29)   Other: 2.3ms
[2023-07-18T22:41:34.461+0000][66][trace][gc,age      ] GC(29) Age table with threshold 15 (max threshold 15)
[2023-07-18T22:41:34.462+0000][66][trace][gc,age      ] GC(29) - age   1:    2298944 bytes,    2298944 total
[2023-07-18T22:41:34.463+0000][66][trace][gc,age      ] GC(29) - age   2:     242536 bytes,    2541480 total
[2023-07-18T22:41:34.464+0000][66][trace][gc,age      ] GC(29) - age   3:     530976 bytes,    3072456 total
[2023-07-18T22:41:34.465+0000][66][trace][gc,age      ] GC(29) - age   4:     679816 bytes,    3752272 total
[2023-07-18T22:41:34.466+0000][66][trace][gc,age      ] GC(29) - age   5:     122504 bytes,    3874776 total
[2023-07-18T22:41:34.467+0000][66][trace][gc,age      ] GC(29) - age   6:     304288 bytes,    4179064 total
[2023-07-18T22:41:34.468+0000][66][trace][gc,age      ] GC(29) - age   7:     327296 bytes,    4506360 total
[2023-07-18T22:41:34.469+0000][66][trace][gc,age      ] GC(29) - age   8:     728296 bytes,    5234656 total
[2023-07-18T22:41:34.470+0000][66][trace][gc,age      ] GC(29) - age   9:     720080 bytes,    5954736 total
[2023-07-18T22:41:34.471+0000][66][trace][gc,age      ] GC(29) - age  10:    3380544 bytes,    9335280 total
[2023-07-18T22:41:34.472+0000][66][trace][gc,age      ] GC(29) - age  11:      17912 bytes,    9353192 total
[2023-07-18T22:41:34.473+0000][66][trace][gc,age      ] GC(29) - age  12:    1075416 bytes,   10428608 total
[2023-07-18T22:41:34.474+0000][66][trace][gc,age      ] GC(29) - age  13:      35304 bytes,   10463912 total
[2023-07-18T22:41:34.475+0000][66][trace][gc,age      ] GC(29) - age  14:      20296 bytes,   10484208 total
[2023-07-18T22:41:34.476+0000][66][trace][gc,age      ] GC(29) - age  15:     274496 bytes,   10758704 total
[2023-07-18T22:41:34.478+0000][66][info ][gc,heap     ] GC(29) Eden regions: 585->0(586)
[2023-07-18T22:41:34.480+0000][66][info ][gc,heap     ] GC(29) Survivor regions: 4->3(74)
[2023-07-18T22:41:34.481+0000][66][info ][gc,heap     ] GC(29) Old regions: 27->27
[2023-07-18T22:41:34.482+0000][66][info ][gc,heap     ] GC(29) Archive regions: 2->2
[2023-07-18T22:41:34.483+0000][66][info ][gc,heap     ] GC(29) Humongous regions: 0->0
[2023-07-18T22:41:34.484+0000][66][info ][gc,metaspace] GC(29) Metaspace: 142426K(145856K)->142426K(145856K) NonClass: 124090K(125824K)->124090K(125824K) Class: 18336K(20032K)->18336K(20032K)
[2023-07-18T22:41:34.485+0000][66][info ][gc          ] GC(29) Pause Young (Normal) (G1 Evacuation Pause) 2462M->123M(3932M) 60.269ms
[2023-07-18T22:41:34.486+0000][66][info ][gc,cpu      ] GC(29) User=0.05s Sys=0.02s Real=0.06s
[2023-07-18T22:41:34.488+0000][66][info ][safepoint   ] Safepoint "G1CollectForAllocation", Time since last: 7888583 ns, Reaching safepoint: 289388 ns, At safepoint: 62776320 ns, Total: 63065708 ns
[2023-07-18T22:42:01.473+0000][66][info ][safepoint   ] Safepoint "Cleanup", Time since last: 26983958875 ns, Reaching safepoint: 463119 ns, At safepoint: 5452 ns, Total: 468571 ns
[2023-07-18T22:42:02.690+0000][66][info ][safepoint   ] Safepoint "Cleanup", Time since last: 1217114590 ns, Reaching safepoint: 194292 ns, At safepoint: 17144 ns, Total: 211436 ns
[2023-07-18T22:42:45.925+0000][66][info ][safepoint   ] Safepoint "Cleanup", Time since last: 43232749020 ns, Reaching safepoint: 687462 ns, At safepoint: 27978 ns, Total: 715440 ns
[2023-07-18T22:44:02.627+0000][66][info ][safepoint   ] Safepoint "Cleanup", Time since last: 76699575313 ns, Reaching safepoint: 356022 ns, At safepoint: 99055 ns, Total: 455077 ns
[2023-07-18T22:45:45.809+0000][66][info ][safepoint   ] Safepoint "Cleanup", Time since last: 103177892258 ns, Reaching safepoint: 642655 ns, At safepoint: 33341 ns, Total: 675996 ns
[2023-07-18T22:45:50.265+0000][66][info ][safepoint   ] Safepoint "Cleanup", Time since last: 4455864136 ns, Reaching safepoint: 246034 ns, At safepoint: 50962 ns, Total: 296996 ns
[2023-07-18T22:45:55.713+0000][66][info ][safepoint   ] Safepoint "Cleanup", Time since last: 5446581583 ns, Reaching safepoint: 536048 ns, At safepoint: 28186 ns, Total: 564234 ns
[2023-07-18T22:47:59.437+0000][66][info ][safepoint   ] Safepoint "Cleanup", Time since last: 123720935681 ns, Reaching safepoint: 441002 ns, At safepoint: 17197 ns, Total: 458199 ns
[2023-07-18T22:48:29.240+0000][66][info ][safepoint   ] Safepoint "Cleanup", Time since last: 29800971076 ns, Reaching safepoint: 280980 ns, At safepoint: 6595 ns, Total: 287575 ns
[2023-07-18T22:50:22.816+0000][66][info ][safepoint   ] Safepoint "Cleanup", Time since last: 113572475489 ns, Reaching safepoint: 113898 ns, At safepoint: 12190 ns, Total: 126088 ns
[2023-07-18T22:51:17.935+0000][66][info ][safepoint   ] Safepoint "Cleanup", Time since last: 55116550379 ns, Reaching safepoint: 722631 ns, At safepoint: 27134 ns, Total: 749765 ns
[2023-07-18T22:51:23.246+0000][66][info ][safepoint   ] Safepoint "Cleanup", Time since last: 5310663296 ns, Reaching safepoint: 383564 ns, At safepoint: 17875 ns, Total: 401439 ns
[2023-07-18T22:51:46.193+0000][66][info ][safepoint   ] Safepoint "Cleanup", Time since last: 22945586837 ns, Reaching safepoint: 326131 ns, At safepoint: 57216 ns, Total: 383347 ns
[2023-07-18T22:51:47.286+0000][66][info ][safepoint   ] Safepoint "Cleanup", Time since last: 1092968520 ns, Reaching safepoint: 344831 ns, At safepoint: 6333 ns, Total: 351164 ns
[2023-07-18T22:52:03.690+0000][66][info ][safepoint   ] Safepoint "Cleanup", Time since last: 16403266830 ns, Reaching safepoint: 371101 ns, At safepoint: 203866 ns, Total: 574967 ns
[2023-07-18T22:52:05.564+0000][66][info ][safepoint   ] Safepoint "Cleanup", Time since last: 1872980237 ns, Reaching safepoint: 571608 ns, At safepoint: 11326 ns, Total: 582934 ns
[2023-07-18T22:52:17.270+0000][66][info ][safepoint   ] Safepoint "Cleanup", Time since last: 11704648424 ns, Reaching safepoint: 345340 ns, At safepoint: 6528 ns, Total: 351868 ns
[2023-07-18T22:52:55.388+0000][66][info ][safepoint   ] Safepoint "Cleanup", Time since last: 38116780495 ns, Reaching safepoint: 200332 ns, At safepoint: 48012 ns, Total: 248344 ns
[2023-07-18T22:52:57.793+0000][66][info ][safepoint   ] Safepoint "Cleanup", Time since last: 2405015933 ns, Reaching safepoint: 352919 ns, At safepoint: 17974 ns, Total: 370893 ns
[2023-07-18T22:53:38.513+0000][66][info ][safepoint   ] Safepoint "Cleanup", Time since last: 40714830008 ns, Reaching safepoint: 304247 ns, At safepoint: 46792 ns, Total: 351039 ns
[2023-07-18T22:54:34.223+0000][66][info ][safepoint   ] Safepoint "Cleanup", Time since last: 55705245568 ns, Reaching safepoint: 44949 ns, At safepoint: 2015 ns, Total: 46964 ns
[2023-07-18T22:54:56.682+0000][66][info ][gc,start    ] GC(30) Pause Young (Normal) (G1 Evacuation Pause)
[2023-07-18T22:54:56.684+0000][66][info ][gc,task     ] GC(30) Using 6 workers of 6 for evacuation
[2023-07-18T22:54:56.685+0000][66][debug][gc,age      ] GC(30) Desired survivor size 155189248 bytes, new threshold 15 (max threshold 15)
[2023-07-18T22:54:56.697+0000][66][info ][gc,phases   ] GC(30)   Pre Evacuate Collection Set: 0.5ms
[2023-07-18T22:54:56.699+0000][66][info ][gc,phases   ] GC(30)   Merge Heap Roots: 0.3ms
[2023-07-18T22:54:56.700+0000][66][info ][gc,phases   ] GC(30)   Evacuate Collection Set: 6.1ms
[2023-07-18T22:54:56.701+0000][66][info ][gc,phases   ] GC(30)   Post Evacuate Collection Set: 3.0ms
[2023-07-18T22:54:56.702+0000][66][info ][gc,phases   ] GC(30)   Other: 3.1ms
[2023-07-18T22:54:56.704+0000][66][trace][gc,age      ] GC(30) Age table with threshold 15 (max threshold 15)
[2023-07-18T22:54:56.705+0000][66][trace][gc,age      ] GC(30) - age   1:    1556632 bytes,    1556632 total
[2023-07-18T22:54:56.706+0000][66][trace][gc,age      ] GC(30) - age   2:     145864 bytes,    1702496 total
[2023-07-18T22:54:56.707+0000][66][trace][gc,age      ] GC(30) - age   3:     226576 bytes,    1929072 total
[2023-07-18T22:54:56.708+0000][66][trace][gc,age      ] GC(30) - age   4:     516144 bytes,    2445216 total
[2023-07-18T22:54:56.709+0000][66][trace][gc,age      ] GC(30) - age   5:     666904 bytes,    3112120 total
[2023-07-18T22:54:56.711+0000][66][trace][gc,age      ] GC(30) - age   6:     109200 bytes,    3221320 total
[2023-07-18T22:54:56.712+0000][66][trace][gc,age      ] GC(30) - age   7:     287048 bytes,    3508368 total
[2023-07-18T22:54:56.713+0000][66][trace][gc,age      ] GC(30) - age   8:     327296 bytes,    3835664 total
[2023-07-18T22:54:56.714+0000][66][trace][gc,age      ] GC(30) - age   9:     728296 bytes,    4563960 total
[2023-07-18T22:54:56.715+0000][66][trace][gc,age      ] GC(30) - age  10:     720080 bytes,    5284040 total
[2023-07-18T22:54:56.716+0000][66][trace][gc,age      ] GC(30) - age  11:    3380544 bytes,    8664584 total
[2023-07-18T22:54:56.717+0000][66][trace][gc,age      ] GC(30) - age  12:      17912 bytes,    8682496 total
[2023-07-18T22:54:56.718+0000][66][trace][gc,age      ] GC(30) - age  13:    1075416 bytes,    9757912 total
[2023-07-18T22:54:56.719+0000][66][trace][gc,age      ] GC(30) - age  14:      35304 bytes,    9793216 total
[2023-07-18T22:54:56.721+0000][66][trace][gc,age      ] GC(30) - age  15:      20296 bytes,    9813512 total
[2023-07-18T22:54:56.722+0000][66][info ][gc,heap     ] GC(30) Eden regions: 586->0(586)
[2023-07-18T22:54:56.723+0000][66][info ][gc,heap     ] GC(30) Survivor regions: 3->3(74)
[2023-07-18T22:54:56.724+0000][66][info ][gc,heap     ] GC(30) Old regions: 27->28
[2023-07-18T22:54:56.725+0000][66][info ][gc,heap     ] GC(30) Archive regions: 2->2
[2023-07-18T22:54:56.726+0000][66][info ][gc,heap     ] GC(30) Humongous regions: 0->0
[2023-07-18T22:54:56.727+0000][66][info ][gc,metaspace] GC(30) Metaspace: 142432K(145856K)->142432K(145856K) NonClass: 124095K(125824K)->124095K(125824K) Class: 18336K(20032K)->18336K(20032K)
[2023-07-18T22:54:56.728+0000][66][info ][gc          ] GC(30) Pause Young (Normal) (G1 Evacuation Pause) 2467M->122M(3932M) 45.780ms
[2023-07-18T22:54:56.729+0000][66][info ][gc,cpu      ] GC(30) User=0.03s Sys=0.00s Real=0.04s
[2023-07-18T22:54:56.732+0000][66][info ][safepoint   ] Safepoint "G1CollectForAllocation", Time since last: 22458398831 ns, Reaching safepoint: 375162 ns, At safepoint: 49353535 ns, Total: 49728697 ns
[2023-07-18T22:55:00.833+0000][66][info ][safepoint   ] Safepoint "Cleanup", Time since last: 4101023876 ns, Reaching safepoint: 525723 ns, At safepoint: 16353 ns, Total: 542076 ns
[2023-07-18T22:55:02.835+0000][66][info ][safepoint   ] Safepoint "Cleanup", Time since last: 2001265285 ns, Reaching safepoint: 317025 ns, At safepoint: 55135 ns, Total: 372160 ns
[2023-07-18T22:55:20.123+0000][66][info ][safepoint   ] Safepoint "Cleanup", Time since last: 17286452174 ns, Reaching safepoint: 478461 ns, At safepoint: 10002 ns, Total: 488463 ns
[2023-07-18T22:55:46.294+0000][66][info ][safepoint   ] Safepoint "Cleanup", Time since last: 26170077658 ns, Reaching safepoint: 249577 ns, At safepoint: 16136 ns, Total: 265713 ns
[2023-07-18T22:55:56.690+0000][66][info ][safepoint   ] Safepoint "Cleanup", Time since last: 10395419197 ns, Reaching safepoint: 298059 ns, At safepoint: 41414 ns, Total: 339473 ns
[2023-07-18T22:55:58.275+0000][66][info ][safepoint   ] Safepoint "Cleanup", Time since last: 1584950349 ns, Reaching safepoint: 346563 ns, At safepoint: 7310 ns, Total: 353873 ns
[2023-07-18T22:56:45.036+0000][66][info ][safepoint   ] Safepoint "Cleanup", Time since last: 46758598008 ns, Reaching safepoint: 235981 ns, At safepoint: 42480 ns, Total: 278461 ns
[2023-07-18T22:57:08.525+0000][66][info ][safepoint   ] Safepoint "Cleanup", Time since last: 23489291268 ns, Reaching safepoint: 164129 ns, At safepoint: 3824 ns, Total: 167953 ns
[2023-07-18T23:00:09.614+0000][66][info ][safepoint   ] Safepoint "Cleanup", Time since last: 181083215343 ns, Reaching safepoint: 276224 ns, At safepoint: 54582 ns, Total: 330806 ns
[2023-07-18T23:01:16.194+0000][66][info ][safepoint   ] Safepoint "Cleanup", Time since last: 66577494553 ns, Reaching safepoint: 123926 ns, At safepoint: 53322 ns, Total: 177248 ns
[2023-07-18T23:01:45.056+0000][66][info ][safepoint   ] Safepoint "Cleanup", Time since last: 28860443849 ns, Reaching safepoint: 368352 ns, At safepoint: 44925 ns, Total: 413277 ns
[2023-07-18T23:02:45.350+0000][66][info ][safepoint   ] Safepoint "Cleanup", Time since last: 60291582261 ns, Reaching safepoint: 264914 ns, At safepoint: 43293 ns, Total: 308207 ns
[2023-07-18T23:02:59.554+0000][66][info ][safepoint   ] Safepoint "Cleanup", Time since last: 14204410266 ns, Reaching safepoint: 367087 ns, At safepoint: 80524 ns, Total: 447611 ns
[2023-07-18T23:03:56.454+0000][66][info ][safepoint   ] Safepoint "Cleanup", Time since last: 56897394949 ns, Reaching safepoint: 297252 ns, At safepoint: 4746 ns, Total: 301998 ns
[2023-07-18T23:04:09.886+0000][66][info ][safepoint   ] Safepoint "Cleanup", Time since last: 13431596601 ns, Reaching safepoint: 389533 ns, At safepoint: 57609 ns, Total: 447142 ns
[2023-07-18T23:04:33.863+0000][66][info ][safepoint   ] Safepoint "Cleanup", Time since last: 23975060134 ns, Reaching safepoint: 290908 ns, At safepoint: 46755 ns, Total: 337663 ns
[2023-07-18T23:05:18.489+0000][66][info ][safepoint   ] Safepoint "Cleanup", Time since last: 44623296621 ns, Reaching safepoint: 558641 ns, At safepoint: 10759 ns, Total: 569400 ns
[2023-07-18T23:05:40.049+0000][66][info ][safepoint   ] Safepoint "Cleanup", Time since last: 21559309222 ns, Reaching safepoint: 270606 ns, At safepoint: 57644 ns, Total: 328250 ns
[2023-07-18T23:06:45.097+0000][66][info ][safepoint   ] Safepoint "Cleanup", Time since last: 65046516978 ns, Reaching safepoint: 54247 ns, At safepoint: 2260 ns, Total: 56507 ns
[2023-07-18T23:07:09.295+0000][66][info ][safepoint   ] Safepoint "Cleanup", Time since last: 24197274597 ns, Reaching safepoint: 261136 ns, At safepoint: 44830 ns, Total: 305966 ns
[2023-07-18T23:08:03.166+0000][66][info ][safepoint   ] Safepoint "Cleanup", Time since last: 53868878488 ns, Reaching safepoint: 157702 ns, At safepoint: 96196 ns, Total: 253898 ns
[2023-07-18T23:08:12.505+0000][66][info ][gc,start    ] GC(31) Pause Young (Normal) (G1 Evacuation Pause)
[2023-07-18T23:08:12.508+0000][66][info ][gc,task     ] GC(31) Using 6 workers of 6 for evacuation
[2023-07-18T23:08:12.510+0000][66][debug][gc,age      ] GC(31) Desired survivor size 155189248 bytes, new threshold 15 (max threshold 15)
[2023-07-18T23:08:12.521+0000][66][info ][gc,phases   ] GC(31)   Pre Evacuate Collection Set: 0.5ms
[2023-07-18T23:08:12.522+0000][66][info ][gc,phases   ] GC(31)   Merge Heap Roots: 0.3ms
[2023-07-18T23:08:12.524+0000][66][info ][gc,phases   ] GC(31)   Evacuate Collection Set: 5.6ms
[2023-07-18T23:08:12.525+0000][66][info ][gc,phases   ] GC(31)   Post Evacuate Collection Set: 3.0ms
[2023-07-18T23:08:12.526+0000][66][info ][gc,phases   ] GC(31)   Other: 3.2ms
[2023-07-18T23:08:12.527+0000][66][trace][gc,age      ] GC(31) Age table with threshold 15 (max threshold 15)
[2023-07-18T23:08:12.528+0000][66][trace][gc,age      ] GC(31) - age   1:     968448 bytes,     968448 total
[2023-07-18T23:08:12.530+0000][66][trace][gc,age      ] GC(31) - age   2:      70928 bytes,    1039376 total
[2023-07-18T23:08:12.531+0000][66][trace][gc,age      ] GC(31) - age   3:     134824 bytes,    1174200 total
[2023-07-18T23:08:12.532+0000][66][trace][gc,age      ] GC(31) - age   4:     226152 bytes,    1400352 total
[2023-07-18T23:08:12.534+0000][66][trace][gc,age      ] GC(31) - age   5:     516144 bytes,    1916496 total
[2023-07-18T23:08:12.534+0000][66][trace][gc,age      ] GC(31) - age   6:     666128 bytes,    2582624 total
[2023-07-18T23:08:12.536+0000][66][trace][gc,age      ] GC(31) - age   7:     109200 bytes,    2691824 total
[2023-07-18T23:08:12.537+0000][66][trace][gc,age      ] GC(31) - age   8:     279032 bytes,    2970856 total
[2023-07-18T23:08:12.538+0000][66][trace][gc,age      ] GC(31) - age   9:     327176 bytes,    3298032 total
[2023-07-18T23:08:12.539+0000][66][trace][gc,age      ] GC(31) - age  10:     711728 bytes,    4009760 total
[2023-07-18T23:08:12.540+0000][66][trace][gc,age      ] GC(31) - age  11:     720080 bytes,    4729840 total
[2023-07-18T23:08:12.541+0000][66][trace][gc,age      ] GC(31) - age  12:    3380168 bytes,    8110008 total
[2023-07-18T23:08:12.542+0000][66][trace][gc,age      ] GC(31) - age  13:      17912 bytes,    8127920 total
[2023-07-18T23:08:12.543+0000][66][trace][gc,age      ] GC(31) - age  14:    1075416 bytes,    9203336 total
[2023-07-18T23:08:12.544+0000][66][trace][gc,age      ] GC(31) - age  15:      35304 bytes,    9238640 total
[2023-07-18T23:08:12.545+0000][66][info ][gc,heap     ] GC(31) Eden regions: 586->0(586)
[2023-07-18T23:08:12.546+0000][66][info ][gc,heap     ] GC(31) Survivor regions: 3->3(74)
[2023-07-18T23:08:12.547+0000][66][info ][gc,heap     ] GC(31) Old regions: 28->28
[2023-07-18T23:08:12.548+0000][66][info ][gc,heap     ] GC(31) Archive regions: 2->2
[2023-07-18T23:08:12.549+0000][66][info ][gc,heap     ] GC(31) Humongous regions: 0->0
[2023-07-18T23:08:12.550+0000][66][info ][gc,metaspace] GC(31) Metaspace: 142449K(145920K)->142449K(145920K) NonClass: 124113K(125888K)->124113K(125888K) Class: 18336K(20032K)->18336K(20032K)
[2023-07-18T23:08:12.552+0000][66][info ][gc          ] GC(31) Pause Young (Normal) (G1 Evacuation Pause) 2466M->122M(3932M) 46.983ms
[2023-07-18T23:08:12.553+0000][66][info ][gc,cpu      ] GC(31) User=0.03s Sys=0.01s Real=0.05s
[2023-07-18T23:08:12.554+0000][66][info ][safepoint   ] Safepoint "G1CollectForAllocation", Time since last: 9338411829 ns, Reaching safepoint: 570016 ns, At safepoint: 49707689 ns, Total: 50277705 ns
[2023-07-18T23:10:45.711+0000][66][info ][safepoint   ] Safepoint "Cleanup", Time since last: 153193382891 ns, Reaching safepoint: 244264 ns, At safepoint: 6067 ns, Total: 250331 ns
[2023-07-18T23:13:07.255+0000][66][info ][safepoint   ] Safepoint "Cleanup", Time since last: 141541355422 ns, Reaching safepoint: 986175 ns, At safepoint: 26418 ns, Total: 1012593 ns
[2023-07-18T23:14:33.816+0000][66][info ][safepoint   ] Safepoint "Cleanup", Time since last: 86558901344 ns, Reaching safepoint: 299109 ns, At safepoint: 137020 ns, Total: 436129 ns
[2023-07-18T23:14:45.743+0000][66][info ][safepoint   ] Safepoint "Cleanup", Time since last: 11925852909 ns, Reaching safepoint: 388743 ns, At safepoint: 15673 ns, Total: 404416 ns
[2023-07-18T23:15:18.581+0000][66][info ][safepoint   ] Safepoint "Cleanup", Time since last: 32836313326 ns, Reaching safepoint: 424528 ns, At safepoint: 21339 ns, Total: 445867 ns
[2023-07-18T23:16:02.569+0000][66][info ][safepoint   ] Safepoint "Cleanup", Time since last: 43986967764 ns, Reaching safepoint: 214003 ns, At safepoint: 42986 ns, Total: 256989 ns
[2023-07-18T23:16:09.176+0000][66][info ][safepoint   ] Safepoint "Cleanup", Time since last: 6606831905 ns, Reaching safepoint: 249292 ns, At safepoint: 6253 ns, Total: 255545 ns
[2023-07-18T23:16:57.174+0000][66][info ][safepoint   ] Safepoint "Cleanup", Time since last: 47996893839 ns, Reaching safepoint: 309571 ns, At safepoint: 44276 ns, Total: 353847 ns
[2023-07-18T23:17:02.601+0000][66][info ][safepoint   ] Safepoint "Cleanup", Time since last: 5427397095 ns, Reaching safepoint: 308784 ns, At safepoint: 6097 ns, Total: 314881 ns
[2023-07-18T23:19:21.531+0000][66][info ][safepoint   ] Safepoint "Cleanup", Time since last: 138925742589 ns, Reaching safepoint: 392847 ns, At safepoint: 56852 ns, Total: 449699 ns
[2023-07-18T23:19:47.364+0000][66][info ][safepoint   ] Safepoint "Cleanup", Time since last: 25832259838 ns, Reaching safepoint: 582135 ns, At safepoint: 18434 ns, Total: 600569 ns
[2023-07-18T23:20:45.317+0000][66][info ][safepoint   ] Safepoint "Cleanup", Time since last: 57951389370 ns, Reaching safepoint: 361393 ns, At safepoint: 56413 ns, Total: 417806 ns
[2023-07-18T23:21:32.569+0000][66][info ][gc,start    ] GC(32) Pause Young (Normal) (G1 Evacuation Pause)
[2023-07-18T23:21:32.572+0000][66][info ][gc,task     ] GC(32) Using 6 workers of 6 for evacuation
[2023-07-18T23:21:32.573+0000][66][debug][gc,age      ] GC(32) Desired survivor size 155189248 bytes, new threshold 15 (max threshold 15)
[2023-07-18T23:21:32.593+0000][66][info ][gc,phases   ] GC(32)   Pre Evacuate Collection Set: 0.6ms
[2023-07-18T23:21:32.595+0000][66][info ][gc,phases   ] GC(32)   Merge Heap Roots: 0.4ms
[2023-07-18T23:21:32.597+0000][66][info ][gc,phases   ] GC(32)   Evacuate Collection Set: 12.7ms
[2023-07-18T23:21:32.599+0000][66][info ][gc,phases   ] GC(32)   Post Evacuate Collection Set: 4.2ms
[2023-07-18T23:21:32.601+0000][66][info ][gc,phases   ] GC(32)   Other: 3.3ms
[2023-07-18T23:21:32.603+0000][66][trace][gc,age      ] GC(32) Age table with threshold 15 (max threshold 15)
[2023-07-18T23:21:32.605+0000][66][trace][gc,age      ] GC(32) - age   1:    1735576 bytes,    1735576 total
[2023-07-18T23:21:32.606+0000][66][trace][gc,age      ] GC(32) - age   2:      26000 bytes,    1761576 total
[2023-07-18T23:21:32.608+0000][66][trace][gc,age      ] GC(32) - age   3:      69144 bytes,    1830720 total
[2023-07-18T23:21:32.610+0000][66][trace][gc,age      ] GC(32) - age   4:     134800 bytes,    1965520 total
[2023-07-18T23:21:32.611+0000][66][trace][gc,age      ] GC(32) - age   5:     226152 bytes,    2191672 total
[2023-07-18T23:21:32.613+0000][66][trace][gc,age      ] GC(32) - age   6:     515816 bytes,    2707488 total
[2023-07-18T23:21:32.616+0000][66][trace][gc,age      ] GC(32) - age   7:     634064 bytes,    3341552 total
[2023-07-18T23:21:32.617+0000][66][trace][gc,age      ] GC(32) - age   8:      93168 bytes,    3434720 total
[2023-07-18T23:21:32.619+0000][66][trace][gc,age      ] GC(32) - age   9:     278976 bytes,    3713696 total
[2023-07-18T23:21:32.620+0000][66][trace][gc,age      ] GC(32) - age  10:     327176 bytes,    4040872 total
[2023-07-18T23:21:32.622+0000][66][trace][gc,age      ] GC(32) - age  11:     711728 bytes,    4752600 total
[2023-07-18T23:21:32.623+0000][66][trace][gc,age      ] GC(32) - age  12:     720080 bytes,    5472680 total
[2023-07-18T23:21:32.624+0000][66][trace][gc,age      ] GC(32) - age  13:    3337688 bytes,    8810368 total
[2023-07-18T23:21:32.626+0000][66][trace][gc,age      ] GC(32) - age  14:      17912 bytes,    8828280 total
[2023-07-18T23:21:32.629+0000][66][trace][gc,age      ] GC(32) - age  15:    1075416 bytes,    9903696 total
[2023-07-18T23:21:32.630+0000][66][info ][gc,heap     ] GC(32) Eden regions: 586->0(586)
[2023-07-18T23:21:32.632+0000][66][info ][gc,heap     ] GC(32) Survivor regions: 3->3(74)
[2023-07-18T23:21:32.633+0000][66][info ][gc,heap     ] GC(32) Old regions: 28->28
[2023-07-18T23:21:32.635+0000][66][info ][gc,heap     ] GC(32) Archive regions: 2->2
[2023-07-18T23:21:32.636+0000][66][info ][gc,heap     ] GC(32) Humongous regions: 0->0
[2023-07-18T23:21:32.638+0000][66][info ][gc,metaspace] GC(32) Metaspace: 142482K(145920K)->142482K(145920K) NonClass: 124146K(125888K)->124146K(125888K) Class: 18336K(20032K)->18336K(20032K)
[2023-07-18T23:21:32.639+0000][66][info ][gc          ] GC(32) Pause Young (Normal) (G1 Evacuation Pause) 2466M->123M(3932M) 69.913ms
[2023-07-18T23:21:32.641+0000][66][info ][gc,cpu      ] GC(32) User=0.08s Sys=0.00s Real=0.08s
[2023-07-18T23:21:32.642+0000][66][info ][safepoint   ] Safepoint "G1CollectForAllocation", Time since last: 47251444515 ns, Reaching safepoint: 315128 ns, At safepoint: 72929737 ns, Total: 73244865 ns
[2023-07-18T23:23:45.817+0000][66][info ][safepoint   ] Safepoint "Cleanup", Time since last: 133195679956 ns, Reaching safepoint: 351159 ns, At safepoint: 44910 ns, Total: 396069 ns
[2023-07-18T23:23:59.935+0000][66][info ][safepoint   ] Safepoint "Cleanup", Time since last: 14117938710 ns, Reaching safepoint: 841646 ns, At safepoint: 7575 ns, Total: 849221 ns
[2023-07-18T23:25:58.008+0000][66][info ][safepoint   ] Safepoint "Cleanup", Time since last: 118073359875 ns, Reaching safepoint: 259808 ns, At safepoint: 44706 ns, Total: 304514 ns
[2023-07-18T23:27:51.145+0000][66][info ][safepoint   ] Safepoint "Cleanup", Time since last: 113134004183 ns, Reaching safepoint: 441165 ns, At safepoint: 56968 ns, Total: 498133 ns
[2023-07-18T23:28:15.267+0000][66][info ][safepoint   ] Safepoint "Cleanup", Time since last: 24122384161 ns, Reaching safepoint: 72372 ns, At safepoint: 59684 ns, Total: 132056 ns
[2023-07-18T23:28:38.778+0000][66][info ][safepoint   ] Safepoint "Cleanup", Time since last: 23510155890 ns, Reaching safepoint: 293567 ns, At safepoint: 49899 ns, Total: 343466 ns
[2023-07-18T23:28:45.000+0000][66][info ][safepoint   ] Safepoint "Cleanup", Time since last: 6221843233 ns, Reaching safepoint: 344222 ns, At safepoint: 53918 ns, Total: 398140 ns
[2023-07-18T23:29:45.878+0000][66][info ][safepoint   ] Safepoint "Cleanup", Time since last: 60876090641 ns, Reaching safepoint: 250925 ns, At safepoint: 63336 ns, Total: 314261 ns
[2023-07-18T23:31:43.829+0000][66][info ][safepoint   ] Safepoint "Cleanup", Time since last: 117950313515 ns, Reaching safepoint: 331474 ns, At safepoint: 4342 ns, Total: 335816 ns
[2023-07-18T23:31:45.926+0000][66][info ][safepoint   ] Safepoint "Cleanup", Time since last: 2095697748 ns, Reaching safepoint: 548037 ns, At safepoint: 25225 ns, Total: 573262 ns
[2023-07-18T23:31:47.779+0000][66][info ][safepoint   ] Safepoint "Cleanup", Time since last: 1852831496 ns, Reaching safepoint: 306572 ns, At safepoint: 56690 ns, Total: 363262 ns
[2023-07-18T23:31:49.366+0000][66][info ][safepoint   ] Safepoint "Cleanup", Time since last: 1586318072 ns, Reaching safepoint: 402500 ns, At safepoint: 40943 ns, Total: 443443 ns
[2023-07-18T23:32:16.601+0000][66][info ][safepoint   ] Safepoint "Cleanup", Time since last: 27234605968 ns, Reaching safepoint: 148088 ns, At safepoint: 49100 ns, Total: 197188 ns
[2023-07-18T23:32:25.377+0000][66][info ][safepoint   ] Safepoint "Cleanup", Time since last: 8775674052 ns, Reaching safepoint: 437199 ns, At safepoint: 17976 ns, Total: 455175 ns
[2023-07-18T23:32:27.043+0000][66][info ][safepoint   ] Safepoint "Cleanup", Time since last: 1665065497 ns, Reaching safepoint: 270306 ns, At safepoint: 42151 ns, Total: 312457 ns
[2023-07-18T23:32:30.664+0000][66][info ][safepoint   ] Safepoint "Cleanup", Time since last: 3620843584 ns, Reaching safepoint: 410362 ns, At safepoint: 15764 ns, Total: 426126 ns
[2023-07-18T23:33:21.969+0000][66][info ][safepoint   ] Safepoint "Cleanup", Time since last: 51304008772 ns, Reaching safepoint: 249737 ns, At safepoint: 129948 ns, Total: 379685 ns
[2023-07-18T23:33:23.101+0000][66][info ][safepoint   ] Safepoint "Cleanup", Time since last: 1132202455 ns, Reaching safepoint: 121845 ns, At safepoint: 50246 ns, Total: 172091 ns
[2023-07-18T23:33:26.832+0000][66][info ][safepoint   ] Safepoint "Cleanup", Time since last: 3729848108 ns, Reaching safepoint: 244338 ns, At safepoint: 179765 ns, Total: 424103 ns
[2023-07-18T23:33:46.690+0000][66][info ][safepoint   ] Safepoint "Cleanup", Time since last: 19858135998 ns, Reaching safepoint: 42706 ns, At safepoint: 2089 ns, Total: 44795 ns
[2023-07-18T23:33:50.310+0000][66][info ][safepoint   ] Safepoint "Cleanup", Time since last: 3619108101 ns, Reaching safepoint: 255110 ns, At safepoint: 42435 ns, Total: 297545 ns
[2023-07-18T23:33:53.717+0000][66][info ][safepoint   ] Safepoint "Cleanup", Time since last: 3406654673 ns, Reaching safepoint: 314433 ns, At safepoint: 56262 ns, Total: 370695 ns
[2023-07-18T23:33:57.515+0000][66][info ][gc,start    ] GC(33) Pause Young (Normal) (G1 Evacuation Pause)
[2023-07-18T23:33:57.516+0000][66][info ][gc,task     ] GC(33) Using 6 workers of 6 for evacuation
[2023-07-18T23:33:57.517+0000][66][debug][gc,age      ] GC(33) Desired survivor size 155189248 bytes, new threshold 15 (max threshold 15)
[2023-07-18T23:33:57.538+0000][66][info ][gc,phases   ] GC(33)   Pre Evacuate Collection Set: 0.4ms
[2023-07-18T23:33:57.540+0000][66][info ][gc,phases   ] GC(33)   Merge Heap Roots: 0.3ms
[2023-07-18T23:33:57.541+0000][66][info ][gc,phases   ] GC(33)   Evacuate Collection Set: 16.2ms
[2023-07-18T23:33:57.542+0000][66][info ][gc,phases   ] GC(33)   Post Evacuate Collection Set: 3.1ms
[2023-07-18T23:33:57.543+0000][66][info ][gc,phases   ] GC(33)   Other: 2.4ms
[2023-07-18T23:33:57.544+0000][66][trace][gc,age      ] GC(33) Age table with threshold 15 (max threshold 15)
[2023-07-18T23:33:57.546+0000][66][trace][gc,age      ] GC(33) - age   1:    2508544 bytes,    2508544 total
[2023-07-18T23:33:57.547+0000][66][trace][gc,age      ] GC(33) - age   2:      13824 bytes,    2522368 total
[2023-07-18T23:33:57.548+0000][66][trace][gc,age      ] GC(33) - age   3:       9144 bytes,    2531512 total
[2023-07-18T23:33:57.549+0000][66][trace][gc,age      ] GC(33) - age   4:      52288 bytes,    2583800 total
[2023-07-18T23:33:57.551+0000][66][trace][gc,age      ] GC(33) - age   5:      17032 bytes,    2600832 total
[2023-07-18T23:33:57.552+0000][66][trace][gc,age      ] GC(33) - age   6:      51000 bytes,    2651832 total
[2023-07-18T23:33:57.553+0000][66][trace][gc,age      ] GC(33) - age   7:     411616 bytes,    3063448 total
[2023-07-18T23:33:57.554+0000][66][trace][gc,age      ] GC(33) - age   8:     617832 bytes,    3681280 total
[2023-07-18T23:33:57.555+0000][66][trace][gc,age      ] GC(33) - age   9:      93168 bytes,    3774448 total
[2023-07-18T23:33:57.556+0000][66][trace][gc,age      ] GC(33) - age  10:     278944 bytes,    4053392 total
[2023-07-18T23:33:57.557+0000][66][trace][gc,age      ] GC(33) - age  11:     326224 bytes,    4379616 total
[2023-07-18T23:33:57.558+0000][66][trace][gc,age      ] GC(33) - age  12:     703464 bytes,    5083080 total
[2023-07-18T23:33:57.559+0000][66][trace][gc,age      ] GC(33) - age  13:     720080 bytes,    5803160 total
[2023-07-18T23:33:57.560+0000][66][trace][gc,age      ] GC(33) - age  14:    3337016 bytes,    9140176 total
[2023-07-18T23:33:57.561+0000][66][trace][gc,age      ] GC(33) - age  15:      17912 bytes,    9158088 total
[2023-07-18T23:33:57.563+0000][66][info ][gc,heap     ] GC(33) Eden regions: 586->0(586)
[2023-07-18T23:33:57.563+0000][66][info ][gc,heap     ] GC(33) Survivor regions: 3->3(74)
[2023-07-18T23:33:57.564+0000][66][info ][gc,heap     ] GC(33) Old regions: 28->28
[2023-07-18T23:33:57.565+0000][66][info ][gc,heap     ] GC(33) Archive regions: 2->2
[2023-07-18T23:33:57.566+0000][66][info ][gc,heap     ] GC(33) Humongous regions: 0->0
[2023-07-18T23:33:57.567+0000][66][info ][gc,metaspace] GC(33) Metaspace: 142543K(145984K)->142543K(145984K) NonClass: 124205K(125952K)->124205K(125952K) Class: 18338K(20032K)->18338K(20032K)
[2023-07-18T23:33:57.570+0000][66][info ][gc          ] GC(33) Pause Young (Normal) (G1 Evacuation Pause) 2467M->123M(3932M) 54.876ms
[2023-07-18T23:33:57.570+0000][66][info ][gc,cpu      ] GC(33) User=0.04s Sys=0.01s Real=0.05s
[2023-07-18T23:33:57.572+0000][66][info ][safepoint   ] Safepoint "G1CollectForAllocation", Time since last: 3797702726 ns, Reaching safepoint: 305375 ns, At safepoint: 57096448 ns, Total: 57401823 ns
[2023-07-18T23:34:02.801+0000][66][info ][safepoint   ] Safepoint "Cleanup", Time since last: 5229561588 ns, Reaching safepoint: 88936 ns, At safepoint: 3778 ns, Total: 92714 ns
[2023-07-18T23:34:03.909+0000][66][info ][safepoint   ] Safepoint "Cleanup", Time since last: 1107379281 ns, Reaching safepoint: 546573 ns, At safepoint: 11023 ns, Total: 557596 ns
[2023-07-18T23:34:10.649+0000][66][info ][safepoint   ] Safepoint "ICBufferFull", Time since last: 6739053686 ns, Reaching safepoint: 271086 ns, At safepoint: 6424 ns, Total: 277510 ns
[2023-07-18T23:34:12.105+0000][66][info ][safepoint   ] Safepoint "Cleanup", Time since last: 1456053607 ns, Reaching safepoint: 486654 ns, At safepoint: 5282 ns, Total: 491936 ns
[2023-07-18T23:34:13.107+0000][66][info ][safepoint   ] Safepoint "Cleanup", Time since last: 1001465248 ns, Reaching safepoint: 395165 ns, At safepoint: 8118 ns, Total: 403283 ns
[2023-07-18T23:34:20.145+0000][66][info ][safepoint   ] Safepoint "Cleanup", Time since last: 7036733500 ns, Reaching safepoint: 345343 ns, At safepoint: 5428 ns, Total: 350771 ns
[2023-07-18T23:34:24.005+0000][66][info ][safepoint   ] Safepoint "Cleanup", Time since last: 3860060911 ns, Reaching safepoint: 159075 ns, At safepoint: 56869 ns, Total: 215944 ns
[2023-07-18T23:34:25.035+0000][66][info ][safepoint   ] Safepoint "Cleanup", Time since last: 1029705016 ns, Reaching safepoint: 296164 ns, At safepoint: 5545 ns, Total: 301709 ns
[2023-07-18T23:34:26.910+0000][66][info ][safepoint   ] Safepoint "Cleanup", Time since last: 1874990921 ns, Reaching safepoint: 235454 ns, At safepoint: 55393 ns, Total: 290847 ns
[2023-07-18T23:34:28.066+0000][66][info ][safepoint   ] Safepoint "Cleanup", Time since last: 1155143198 ns, Reaching safepoint: 288326 ns, At safepoint: 5767 ns, Total: 294093 ns
[2023-07-18T23:34:29.828+0000][66][info ][safepoint   ] Safepoint "Cleanup", Time since last: 1762160973 ns, Reaching safepoint: 232526 ns, At safepoint: 11160 ns, Total: 243686 ns
[2023-07-18T23:34:32.155+0000][66][info ][safepoint   ] Safepoint "Cleanup", Time since last: 2326676186 ns, Reaching safepoint: 284000 ns, At safepoint: 15521 ns, Total: 299521 ns
[2023-07-18T23:34:33.906+0000][66][info ][safepoint   ] Safepoint "Cleanup", Time since last: 1750707183 ns, Reaching safepoint: 94121 ns, At safepoint: 4435 ns, Total: 98556 ns
[2023-07-18T23:34:36.527+0000][66][info ][safepoint   ] Safepoint "Cleanup", Time since last: 2620087505 ns, Reaching safepoint: 529652 ns, At safepoint: 103213 ns, Total: 632865 ns
[2023-07-18T23:34:38.852+0000][66][info ][safepoint   ] Safepoint "Cleanup", Time since last: 2324542361 ns, Reaching safepoint: 524217 ns, At safepoint: 63604 ns, Total: 587821 ns
[2023-07-18T23:34:39.859+0000][66][info ][safepoint   ] Safepoint "Cleanup", Time since last: 1006639880 ns, Reaching safepoint: 396553 ns, At safepoint: 43405 ns, Total: 439958 ns
[2023-07-18T23:34:40.877+0000][66][info ][safepoint   ] Safepoint "Cleanup", Time since last: 1017827241 ns, Reaching safepoint: 116889 ns, At safepoint: 49399 ns, Total: 166288 ns
[2023-07-18T23:34:41.925+0000][66][info ][safepoint   ] Safepoint "Cleanup", Time since last: 1047883342 ns, Reaching safepoint: 238703 ns, At safepoint: 3961 ns, Total: 242664 ns
[2023-07-18T23:34:45.596+0000][66][info ][safepoint   ] Safepoint "Cleanup", Time since last: 3670705895 ns, Reaching safepoint: 268485 ns, At safepoint: 60079 ns, Total: 328564 ns
[2023-07-18T23:34:46.804+0000][66][info ][safepoint   ] Safepoint "Cleanup", Time since last: 1206654683 ns, Reaching safepoint: 449422 ns, At safepoint: 65530 ns, Total: 514952 ns
[2023-07-18T23:34:47.816+0000][66][info ][safepoint   ] Safepoint "Cleanup", Time since last: 1012012881 ns, Reaching safepoint: 340254 ns, At safepoint: 18942 ns, Total: 359196 ns
[2023-07-18T23:34:50.424+0000][66][info ][safepoint   ] Safepoint "Cleanup", Time since last: 2607381742 ns, Reaching safepoint: 403825 ns, At safepoint: 6813 ns, Total: 410638 ns
[2023-07-18T23:34:51.725+0000][66][info ][safepoint   ] Safepoint "Cleanup", Time since last: 1300709010 ns, Reaching safepoint: 122858 ns, At safepoint: 6294 ns, Total: 129152 ns
[2023-07-18T23:34:52.819+0000][66][info ][safepoint   ] Safepoint "Cleanup", Time since last: 1094049500 ns, Reaching safepoint: 314450 ns, At safepoint: 5424 ns, Total: 319874 ns
[2023-07-18T23:34:53.847+0000][66][info ][safepoint   ] Safepoint "Cleanup", Time since last: 1027732341 ns, Reaching safepoint: 161810 ns, At safepoint: 10026 ns, Total: 171836 ns
[2023-07-18T23:34:56.851+0000][66][info ][safepoint   ] Safepoint "Cleanup", Time since last: 3004320494 ns, Reaching safepoint: 196336 ns, At safepoint: 58015 ns, Total: 254351 ns
[2023-07-18T23:34:58.595+0000][66][info ][safepoint   ] Safepoint "Cleanup", Time since last: 1743338734 ns, Reaching safepoint: 368313 ns, At safepoint: 68344 ns, Total: 436657 ns
[2023-07-18T23:35:00.444+0000][66][info ][safepoint   ] Safepoint "Cleanup", Time since last: 1848761543 ns, Reaching safepoint: 245325 ns, At safepoint: 13190 ns, Total: 258515 ns
[2023-07-18T23:35:06.416+0000][66][info ][safepoint   ] Safepoint "Cleanup", Time since last: 5971290542 ns, Reaching safepoint: 452988 ns, At safepoint: 88810 ns, Total: 541798 ns
[2023-07-18T23:35:18.656+0000][66][info ][safepoint   ] Safepoint "Cleanup", Time since last: 12239943501 ns, Reaching safepoint: 291093 ns, At safepoint: 16814 ns, Total: 307907 ns
[2023-07-18T23:35:19.692+0000][66][info ][safepoint   ] Safepoint "Cleanup", Time since last: 1035610530 ns, Reaching safepoint: 174600 ns, At safepoint: 4613 ns, Total: 179213 ns
[2023-07-18T23:35:20.848+0000][66][info ][safepoint   ] Safepoint "Cleanup", Time since last: 1155266393 ns, Reaching safepoint: 279510 ns, At safepoint: 55103 ns, Total: 334613 ns
[2023-07-18T23:35:52.566+0000][66][info ][safepoint   ] Safepoint "Cleanup", Time since last: 31717828185 ns, Reaching safepoint: 183941 ns, At safepoint: 45054 ns, Total: 228995 ns
[2023-07-18T23:35:56.894+0000][66][info ][safepoint   ] Safepoint "Cleanup", Time since last: 4326978676 ns, Reaching safepoint: 187004 ns, At safepoint: 61933 ns, Total: 248937 ns
[2023-07-18T23:35:57.895+0000][66][info ][safepoint   ] Safepoint "Cleanup", Time since last: 1000915719 ns, Reaching safepoint: 324857 ns, At safepoint: 65814 ns, Total: 390671 ns
[2023-07-18T23:35:58.901+0000][66][info ][safepoint   ] Safepoint "Cleanup", Time since last: 1005648801 ns, Reaching safepoint: 254342 ns, At safepoint: 47851 ns, Total: 302193 ns
[2023-07-18T23:38:17.144+0000][66][info ][safepoint   ] Safepoint "Cleanup", Time since last: 138250045039 ns, Reaching safepoint: 476845 ns, At safepoint: 17043 ns, Total: 493888 ns
[2023-07-18T23:38:21.540+0000][66][info ][safepoint   ] Safepoint "Cleanup", Time since last: 4395569415 ns, Reaching safepoint: 39474 ns, At safepoint: 83398 ns, Total: 122872 ns
[2023-07-18T23:39:14.857+0000][66][info ][safepoint   ] Safepoint "Cleanup", Time since last: 53324685737 ns, Reaching safepoint: 94184 ns, At safepoint: 2607 ns, Total: 96791 ns
[2023-07-18T23:39:18.087+0000][66][info ][safepoint   ] Safepoint "Cleanup", Time since last: 3229324298 ns, Reaching safepoint: 431749 ns, At safepoint: 26631 ns, Total: 458380 ns
[2023-07-18T23:40:17.832+0000][66][info ][safepoint   ] Safepoint "Cleanup", Time since last: 59744217113 ns, Reaching safepoint: 289102 ns, At safepoint: 6356 ns, Total: 295458 ns
[2023-07-18T23:40:52.069+0000][66][info ][safepoint   ] Safepoint "Cleanup", Time since last: 34236091759 ns, Reaching safepoint: 692454 ns, At safepoint: 111568 ns, Total: 804022 ns
[2023-07-18T23:40:53.309+0000][66][info ][safepoint   ] Safepoint "Cleanup", Time since last: 1238840836 ns, Reaching safepoint: 510271 ns, At safepoint: 10050 ns, Total: 520321 ns
[2023-07-18T23:41:38.131+0000][66][info ][safepoint   ] Safepoint "Cleanup", Time since last: 44821298379 ns, Reaching safepoint: 355714 ns, At safepoint: 7003 ns, Total: 362717 ns
[2023-07-18T23:41:45.080+0000][66][info ][safepoint   ] Safepoint "Cleanup", Time since last: 6948947166 ns, Reaching safepoint: 238027 ns, At safepoint: 54380 ns, Total: 292407 ns
[2023-07-18T23:42:01.011+0000][66][info ][safepoint   ] Safepoint "Cleanup", Time since last: 15930788793 ns, Reaching safepoint: 247549 ns, At safepoint: 7085 ns, Total: 254634 ns
[2023-07-18T23:42:38.864+0000][66][info ][safepoint   ] Safepoint "Cleanup", Time since last: 37852603286 ns, Reaching safepoint: 207272 ns, At safepoint: 45546 ns, Total: 252818 ns
[2023-07-18T23:45:02.367+0000][66][info ][safepoint   ] Safepoint "Cleanup", Time since last: 143500677620 ns, Reaching safepoint: 243902 ns, At safepoint: 45875 ns, Total: 289777 ns
[2023-07-18T23:45:04.003+0000][66][info ][safepoint   ] Safepoint "Cleanup", Time since last: 1635549886 ns, Reaching safepoint: 242624 ns, At safepoint: 43137 ns, Total: 285761 ns
[2023-07-18T23:45:18.952+0000][66][info ][safepoint   ] Safepoint "Cleanup", Time since last: 14948523556 ns, Reaching safepoint: 462403 ns, At safepoint: 11358 ns, Total: 473761 ns
[2023-07-18T23:45:27.107+0000][66][info ][gc,start    ] GC(34) Pause Young (Normal) (G1 Evacuation Pause)
[2023-07-18T23:45:27.108+0000][66][info ][gc,task     ] GC(34) Using 6 workers of 6 for evacuation
[2023-07-18T23:45:27.109+0000][66][debug][gc,age      ] GC(34) Desired survivor size 155189248 bytes, new threshold 15 (max threshold 15)
[2023-07-18T23:45:27.120+0000][66][info ][gc,phases   ] GC(34)   Pre Evacuate Collection Set: 0.4ms
[2023-07-18T23:45:27.121+0000][66][info ][gc,phases   ] GC(34)   Merge Heap Roots: 0.3ms
[2023-07-18T23:45:27.122+0000][66][info ][gc,phases   ] GC(34)   Evacuate Collection Set: 5.2ms
[2023-07-18T23:45:27.123+0000][66][info ][gc,phases   ] GC(34)   Post Evacuate Collection Set: 3.3ms
[2023-07-18T23:45:27.125+0000][66][info ][gc,phases   ] GC(34)   Other: 2.4ms
[2023-07-18T23:45:27.125+0000][66][trace][gc,age      ] GC(34) Age table with threshold 15 (max threshold 15)
[2023-07-18T23:45:27.127+0000][66][trace][gc,age      ] GC(34) - age   1:    2869856 bytes,    2869856 total
[2023-07-18T23:45:27.128+0000][66][trace][gc,age      ] GC(34) - age   2:     251256 bytes,    3121112 total
[2023-07-18T23:45:27.129+0000][66][trace][gc,age      ] GC(34) - age   3:      12032 bytes,    3133144 total
[2023-07-18T23:45:27.130+0000][66][trace][gc,age      ] GC(34) - age   4:       8696 bytes,    3141840 total
[2023-07-18T23:45:27.131+0000][66][trace][gc,age      ] GC(34) - age   5:      51760 bytes,    3193600 total
[2023-07-18T23:45:27.132+0000][66][trace][gc,age      ] GC(34) - age   6:       7312 bytes,    3200912 total
[2023-07-18T23:45:27.133+0000][66][trace][gc,age      ] GC(34) - age   7:       9296 bytes,    3210208 total
[2023-07-18T23:45:27.134+0000][66][trace][gc,age      ] GC(34) - age   8:     293376 bytes,    3503584 total
[2023-07-18T23:45:27.135+0000][66][trace][gc,age      ] GC(34) - age   9:     318200 bytes,    3821784 total
[2023-07-18T23:45:27.136+0000][66][trace][gc,age      ] GC(34) - age  10:      92816 bytes,    3914600 total
[2023-07-18T23:45:27.137+0000][66][trace][gc,age      ] GC(34) - age  11:     278496 bytes,    4193096 total
[2023-07-18T23:45:27.138+0000][66][trace][gc,age      ] GC(34) - age  12:     326168 bytes,    4519264 total
[2023-07-18T23:45:27.139+0000][66][trace][gc,age      ] GC(34) - age  13:     687096 bytes,    5206360 total
[2023-07-18T23:45:27.140+0000][66][trace][gc,age      ] GC(34) - age  14:     662408 bytes,    5868768 total
[2023-07-18T23:45:27.141+0000][66][trace][gc,age      ] GC(34) - age  15:    3320472 bytes,    9189240 total
[2023-07-18T23:45:27.142+0000][66][info ][gc,heap     ] GC(34) Eden regions: 586->0(586)
[2023-07-18T23:45:27.144+0000][66][info ][gc,heap     ] GC(34) Survivor regions: 3->3(74)
[2023-07-18T23:45:27.145+0000][66][info ][gc,heap     ] GC(34) Old regions: 28->28
[2023-07-18T23:45:27.146+0000][66][info ][gc,heap     ] GC(34) Archive regions: 2->2
[2023-07-18T23:45:27.146+0000][66][info ][gc,heap     ] GC(34) Humongous regions: 0->0
[2023-07-18T23:45:27.148+0000][66][info ][gc,metaspace] GC(34) Metaspace: 142753K(146240K)->142753K(146240K) NonClass: 124415K(126208K)->124415K(126208K) Class: 18338K(20032K)->18338K(20032K)
[2023-07-18T23:45:27.149+0000][66][info ][gc          ] GC(34) Pause Young (Normal) (G1 Evacuation Pause) 2467M->123M(3932M) 41.712ms
[2023-07-18T23:45:27.150+0000][66][info ][gc,cpu      ] GC(34) User=0.03s Sys=0.01s Real=0.04s
[2023-07-18T23:45:27.151+0000][66][info ][safepoint   ] Safepoint "G1CollectForAllocation", Time since last: 8154231587 ns, Reaching safepoint: 490485 ns, At safepoint: 43825379 ns, Total: 44315864 ns
[2023-07-18T23:45:52.333+0000][66][info ][safepoint   ] Safepoint "Cleanup", Time since last: 25181882397 ns, Reaching safepoint: 369290 ns, At safepoint: 68097 ns, Total: 437387 ns
[2023-07-18T23:46:44.987+0000][66][info ][safepoint   ] Safepoint "Cleanup", Time since last: 52652206368 ns, Reaching safepoint: 292577 ns, At safepoint: 91467 ns, Total: 384044 ns
[2023-07-18T23:48:28.208+0000][66][info ][safepoint   ] Safepoint "Cleanup", Time since last: 103220467363 ns, Reaching safepoint: 107387 ns, At safepoint: 13298 ns, Total: 120685 ns
[2023-07-18T23:48:33.363+0000][66][info ][safepoint   ] Safepoint "Cleanup", Time since last: 5154754572 ns, Reaching safepoint: 163959 ns, At safepoint: 54345 ns, Total: 218304 ns
[2023-07-18T23:53:45.035+0000][66][info ][safepoint   ] Safepoint "Cleanup", Time since last: 311645239798 ns, Reaching safepoint: 419996 ns, At safepoint: 53152 ns, Total: 473148 ns
[2023-07-18T23:54:09.607+0000][66][info ][safepoint   ] Safepoint "Cleanup", Time since last: 24571365659 ns, Reaching safepoint: 349532 ns, At safepoint: 46669 ns, Total: 396201 ns
[2023-07-18T23:54:17.683+0000][66][info ][safepoint   ] Safepoint "Cleanup", Time since last: 8074816371 ns, Reaching safepoint: 342621 ns, At safepoint: 43570 ns, Total: 386191 ns
[2023-07-18T23:55:19.205+0000][66][info ][safepoint   ] Safepoint "Cleanup", Time since last: 61519694506 ns, Reaching safepoint: 312977 ns, At safepoint: 5252 ns, Total: 318229 ns
[2023-07-18T23:58:44.901+0000][66][info ][gc,start    ] GC(35) Pause Young (Normal) (G1 Evacuation Pause)
[2023-07-18T23:58:44.904+0000][66][info ][gc,task     ] GC(35) Using 6 workers of 6 for evacuation
[2023-07-18T23:58:44.906+0000][66][debug][gc,age      ] GC(35) Desired survivor size 155189248 bytes, new threshold 15 (max threshold 15)
[2023-07-18T23:58:44.969+0000][66][info ][gc,phases   ] GC(35)   Pre Evacuate Collection Set: 0.7ms
[2023-07-18T23:58:44.971+0000][66][info ][gc,phases   ] GC(35)   Merge Heap Roots: 0.4ms
[2023-07-18T23:58:44.972+0000][66][info ][gc,phases   ] GC(35)   Evacuate Collection Set: 58.3ms
[2023-07-18T23:58:44.973+0000][66][info ][gc,phases   ] GC(35)   Post Evacuate Collection Set: 3.0ms
[2023-07-18T23:58:44.974+0000][66][info ][gc,phases   ] GC(35)   Other: 3.1ms
[2023-07-18T23:58:44.976+0000][66][trace][gc,age      ] GC(35) Age table with threshold 15 (max threshold 15)
[2023-07-18T23:58:44.977+0000][66][trace][gc,age      ] GC(35) - age   1:    1833304 bytes,    1833304 total
[2023-07-18T23:58:44.978+0000][66][trace][gc,age      ] GC(35) - age   2:    1482176 bytes,    3315480 total
[2023-07-18T23:58:44.979+0000][66][trace][gc,age      ] GC(35) - age   3:     230280 bytes,    3545760 total
[2023-07-18T23:58:44.981+0000][66][trace][gc,age      ] GC(35) - age   4:       9264 bytes,    3555024 total
[2023-07-18T23:58:44.982+0000][66][trace][gc,age      ] GC(35) - age   5:       8696 bytes,    3563720 total
[2023-07-18T23:58:44.983+0000][66][trace][gc,age      ] GC(35) - age   6:      51760 bytes,    3615480 total
[2023-07-18T23:58:44.984+0000][66][trace][gc,age      ] GC(35) - age   7:       5560 bytes,    3621040 total
[2023-07-18T23:58:44.986+0000][66][trace][gc,age      ] GC(35) - age   8:       8912 bytes,    3629952 total
[2023-07-18T23:58:44.987+0000][66][trace][gc,age      ] GC(35) - age   9:     293376 bytes,    3923328 total
[2023-07-18T23:58:44.988+0000][66][trace][gc,age      ] GC(35) - age  10:     316416 bytes,    4239744 total
[2023-07-18T23:58:44.989+0000][66][trace][gc,age      ] GC(35) - age  11:      92816 bytes,    4332560 total
[2023-07-18T23:58:44.990+0000][66][trace][gc,age      ] GC(35) - age  12:     278496 bytes,    4611056 total
[2023-07-18T23:58:44.991+0000][66][trace][gc,age      ] GC(35) - age  13:     326136 bytes,    4937192 total
[2023-07-18T23:58:44.993+0000][66][trace][gc,age      ] GC(35) - age  14:     687096 bytes,    5624288 total
[2023-07-18T23:58:44.994+0000][66][trace][gc,age      ] GC(35) - age  15:     662408 bytes,    6286696 total
[2023-07-18T23:58:44.995+0000][66][info ][gc,heap     ] GC(35) Eden regions: 586->0(587)
[2023-07-18T23:58:44.996+0000][66][info ][gc,heap     ] GC(35) Survivor regions: 3->2(74)
[2023-07-18T23:58:44.997+0000][66][info ][gc,heap     ] GC(35) Old regions: 28->29
[2023-07-18T23:58:44.998+0000][66][info ][gc,heap     ] GC(35) Archive regions: 2->2
[2023-07-18T23:58:44.999+0000][66][info ][gc,heap     ] GC(35) Humongous regions: 0->0
[2023-07-18T23:58:45.000+0000][66][info ][gc,metaspace] GC(35) Metaspace: 142759K(146240K)->142759K(146240K) NonClass: 124420K(126208K)->124420K(126208K) Class: 18338K(20032K)->18338K(20032K)
[2023-07-18T23:58:45.002+0000][66][info ][gc          ] GC(35) Pause Young (Normal) (G1 Evacuation Pause) 2467M->123M(3932M) 100.614ms
[2023-07-18T23:58:45.003+0000][66][info ][gc,cpu      ] GC(35) User=0.06s Sys=0.04s Real=0.10s
[2023-07-18T23:58:45.004+0000][66][info ][safepoint   ] Safepoint "G1CollectForAllocation", Time since last: 205692140476 ns, Reaching safepoint: 296632 ns, At safepoint: 102734763 ns, Total: 103031395 ns
[2023-07-18T23:59:45.083+0000][66][info ][safepoint   ] Safepoint "Cleanup", Time since last: 60077914330 ns, Reaching safepoint: 246931 ns, At safepoint: 5694 ns, Total: 252625 ns
[2023-07-18T23:59:46.211+0000][66][info ][safepoint   ] Safepoint "Cleanup", Time since last: 1127382056 ns, Reaching safepoint: 352412 ns, At safepoint: 56796 ns, Total: 409208 ns
[2023-07-19T00:00:03.072+0000][66][info ][safepoint   ] Safepoint "Cleanup", Time since last: 16860571800 ns, Reaching safepoint: 407519 ns, At safepoint: 48488 ns, Total: 456007 ns
[2023-07-19T00:00:03.740+0000][66][info ][safepoint   ] Safepoint "ICBufferFull", Time since last: 667180060 ns, Reaching safepoint: 1028925 ns, At safepoint: 79511 ns, Total: 1108436 ns
[2023-07-19T00:00:04.943+0000][66][info ][safepoint   ] Safepoint "Cleanup", Time since last: 1201768946 ns, Reaching safepoint: 507469 ns, At safepoint: 26167 ns, Total: 533636 ns
[2023-07-19T00:00:06.449+0000][66][info ][safepoint   ] Safepoint "Cleanup", Time since last: 1506010203 ns, Reaching safepoint: 648429 ns, At safepoint: 10819 ns, Total: 659248 ns
[2023-07-19T00:00:08.452+0000][66][info ][safepoint   ] Safepoint "Cleanup", Time since last: 2002959386 ns, Reaching safepoint: 314815 ns, At safepoint: 9625 ns, Total: 324440 ns
[2023-07-19T00:00:09.489+0000][66][info ][safepoint   ] Safepoint "Cleanup", Time since last: 1036373265 ns, Reaching safepoint: 270026 ns, At safepoint: 42296 ns, Total: 312322 ns
[2023-07-19T00:00:21.072+0000][66][info ][safepoint   ] Safepoint "Cleanup", Time since last: 11581246701 ns, Reaching safepoint: 366829 ns, At safepoint: 146000 ns, Total: 512829 ns
[2023-07-19T00:00:45.102+0000][66][info ][safepoint   ] Safepoint "Cleanup", Time since last: 24029110586 ns, Reaching safepoint: 248732 ns, At safepoint: 36921 ns, Total: 285653 ns
[2023-07-19T00:01:26.955+0000][66][info ][safepoint   ] Safepoint "Cleanup", Time since last: 41852660985 ns, Reaching safepoint: 213785 ns, At safepoint: 16657 ns, Total: 230442 ns
[2023-07-19T00:01:40.189+0000][66][info ][safepoint   ] Safepoint "Cleanup", Time since last: 13233236391 ns, Reaching safepoint: 502812 ns, At safepoint: 18012 ns, Total: 520824 ns
[2023-07-19T00:01:45.112+0000][66][info ][safepoint   ] Safepoint "Cleanup", Time since last: 4922171767 ns, Reaching safepoint: 290127 ns, At safepoint: 45321 ns, Total: 335448 ns
[2023-07-19T00:01:46.958+0000][66][info ][safepoint   ] Safepoint "Cleanup", Time since last: 1845588517 ns, Reaching safepoint: 343957 ns, At safepoint: 6333 ns, Total: 350290 ns
[2023-07-19T00:02:45.100+0000][66][info ][safepoint   ] Safepoint "Cleanup", Time since last: 58140784111 ns, Reaching safepoint: 404385 ns, At safepoint: 59068 ns, Total: 463453 ns
[2023-07-19T00:03:01.735+0000][66][info ][safepoint   ] Safepoint "Cleanup", Time since last: 16634281440 ns, Reaching safepoint: 531956 ns, At safepoint: 10944 ns, Total: 542900 ns
[2023-07-19T00:03:37.025+0000][66][info ][safepoint   ] Safepoint "Cleanup", Time since last: 35289910580 ns, Reaching safepoint: 61727 ns, At safepoint: 3396 ns, Total: 65123 ns
[2023-07-19T00:04:09.624+0000][66][info ][safepoint   ] Safepoint "Cleanup", Time since last: 32597488763 ns, Reaching safepoint: 171853 ns, At safepoint: 5107 ns, Total: 176960 ns
[2023-07-19T00:05:18.610+0000][66][info ][safepoint   ] Safepoint "Cleanup", Time since last: 68984203569 ns, Reaching safepoint: 376166 ns, At safepoint: 5553 ns, Total: 381719 ns
[2023-07-19T00:05:54.519+0000][66][info ][safepoint   ] Safepoint "Cleanup", Time since last: 35908375186 ns, Reaching safepoint: 315825 ns, At safepoint: 5047 ns, Total: 320872 ns
[2023-07-19T00:05:57.431+0000][66][info ][safepoint   ] Safepoint "Cleanup", Time since last: 2911531582 ns, Reaching safepoint: 295308 ns, At safepoint: 74732 ns, Total: 370040 ns
[2023-07-19T00:06:01.902+0000][66][info ][safepoint   ] Safepoint "Cleanup", Time since last: 4470235544 ns, Reaching safepoint: 305220 ns, At safepoint: 21225 ns, Total: 326445 ns
[2023-07-19T00:08:45.152+0000][66][info ][safepoint   ] Safepoint "Cleanup", Time since last: 163247112525 ns, Reaching safepoint: 137900 ns, At safepoint: 56345 ns, Total: 194245 ns
[2023-07-19T00:09:45.097+0000][66][info ][safepoint   ] Safepoint "Cleanup", Time since last: 60013355401 ns, Reaching safepoint: 402420 ns, At safepoint: 59867 ns, Total: 462287 ns
[2023-07-19T00:09:47.920+0000][66][info ][safepoint   ] Safepoint "Cleanup", Time since last: 2822243123 ns, Reaching safepoint: 363769 ns, At safepoint: 42577 ns, Total: 406346 ns
[2023-07-19T00:11:45.083+0000][66][info ][safepoint   ] Safepoint "Cleanup", Time since last: 117161787823 ns, Reaching safepoint: 388115 ns, At safepoint: 5000 ns, Total: 393115 ns
[2023-07-19T00:11:48.303+0000][66][info ][gc,start    ] GC(36) Pause Young (Normal) (G1 Evacuation Pause)
[2023-07-19T00:11:48.304+0000][66][info ][gc,task     ] GC(36) Using 6 workers of 6 for evacuation
[2023-07-19T00:11:48.305+0000][66][debug][gc,age      ] GC(36) Desired survivor size 155189248 bytes, new threshold 15 (max threshold 15)
[2023-07-19T00:11:48.321+0000][66][info ][gc,phases   ] GC(36)   Pre Evacuate Collection Set: 0.4ms
[2023-07-19T00:11:48.323+0000][66][info ][gc,phases   ] GC(36)   Merge Heap Roots: 0.3ms
[2023-07-19T00:11:48.324+0000][66][info ][gc,phases   ] GC(36)   Evacuate Collection Set: 11.8ms
[2023-07-19T00:11:48.325+0000][66][info ][gc,phases   ] GC(36)   Post Evacuate Collection Set: 2.7ms
[2023-07-19T00:11:48.327+0000][66][info ][gc,phases   ] GC(36)   Other: 2.4ms
[2023-07-19T00:11:48.328+0000][66][trace][gc,age      ] GC(36) Age table with threshold 15 (max threshold 15)
[2023-07-19T00:11:48.329+0000][66][trace][gc,age      ] GC(36) - age   1:    2847928 bytes,    2847928 total
[2023-07-19T00:11:48.331+0000][66][trace][gc,age      ] GC(36) - age   2:     407352 bytes,    3255280 total
[2023-07-19T00:11:48.332+0000][66][trace][gc,age      ] GC(36) - age   3:    1462112 bytes,    4717392 total
[2023-07-19T00:11:48.334+0000][66][trace][gc,age      ] GC(36) - age   4:     221880 bytes,    4939272 total
[2023-07-19T00:11:48.335+0000][66][trace][gc,age      ] GC(36) - age   5:       9264 bytes,    4948536 total
[2023-07-19T00:11:48.336+0000][66][trace][gc,age      ] GC(36) - age   6:       8696 bytes,    4957232 total
[2023-07-19T00:11:48.338+0000][66][trace][gc,age      ] GC(36) - age   7:      51720 bytes,    5008952 total
[2023-07-19T00:11:48.339+0000][66][trace][gc,age      ] GC(36) - age   8:       5560 bytes,    5014512 total
[2023-07-19T00:11:48.340+0000][66][trace][gc,age      ] GC(36) - age   9:       8912 bytes,    5023424 total
[2023-07-19T00:11:48.341+0000][66][trace][gc,age      ] GC(36) - age  10:     293240 bytes,    5316664 total
[2023-07-19T00:11:48.342+0000][66][trace][gc,age      ] GC(36) - age  11:     316416 bytes,    5633080 total
[2023-07-19T00:11:48.344+0000][66][trace][gc,age      ] GC(36) - age  12:      92816 bytes,    5725896 total
[2023-07-19T00:11:48.344+0000][66][trace][gc,age      ] GC(36) - age  13:     278496 bytes,    6004392 total
[2023-07-19T00:11:48.345+0000][66][trace][gc,age      ] GC(36) - age  14:     326104 bytes,    6330496 total
[2023-07-19T00:11:48.347+0000][66][trace][gc,age      ] GC(36) - age  15:     687096 bytes,    7017592 total
[2023-07-19T00:11:48.348+0000][66][info ][gc,heap     ] GC(36) Eden regions: 587->0(587)
[2023-07-19T00:11:48.349+0000][66][info ][gc,heap     ] GC(36) Survivor regions: 2->2(74)
[2023-07-19T00:11:48.350+0000][66][info ][gc,heap     ] GC(36) Old regions: 29->29
[2023-07-19T00:11:48.351+0000][66][info ][gc,heap     ] GC(36) Archive regions: 2->2
[2023-07-19T00:11:48.351+0000][66][info ][gc,heap     ] GC(36) Humongous regions: 0->0
[2023-07-19T00:11:48.353+0000][66][info ][gc,metaspace] GC(36) Metaspace: 143328K(146880K)->143328K(146880K) NonClass: 124918K(126720K)->124918K(126720K) Class: 18409K(20160K)->18409K(20160K)
[2023-07-19T00:11:48.354+0000][66][info ][gc          ] GC(36) Pause Young (Normal) (G1 Evacuation Pause) 2471M->124M(3932M) 50.928ms
[2023-07-19T00:11:48.355+0000][66][info ][gc,cpu      ] GC(36) User=0.04s Sys=0.01s Real=0.05s
[2023-07-19T00:11:48.356+0000][66][info ][safepoint   ] Safepoint "G1CollectForAllocation", Time since last: 3219603013 ns, Reaching safepoint: 336594 ns, At safepoint: 53394329 ns, Total: 53730923 ns
[2023-07-19T00:12:56.155+0000][66][info ][safepoint   ] Safepoint "Cleanup", Time since last: 67798042633 ns, Reaching safepoint: 305591 ns, At safepoint: 4197 ns, Total: 309788 ns
[2023-07-19T00:13:45.200+0000][66][info ][safepoint   ] Safepoint "Cleanup", Time since last: 49044898403 ns, Reaching safepoint: 103432 ns, At safepoint: 4378 ns, Total: 107810 ns
[2023-07-19T00:14:45.125+0000][66][info ][safepoint   ] Safepoint "Cleanup", Time since last: 59924755568 ns, Reaching safepoint: 119345 ns, At safepoint: 67453 ns, Total: 186798 ns
[2023-07-19T00:19:45.004+0000][66][info ][safepoint   ] Safepoint "Cleanup", Time since last: 299875895898 ns, Reaching safepoint: 438939 ns, At safepoint: 44183 ns, Total: 483122 ns
[2023-07-19T00:23:21.732+0000][66][info ][safepoint   ] Safepoint "Cleanup", Time since last: 216726532101 ns, Reaching safepoint: 445145 ns, At safepoint: 55718 ns, Total: 500863 ns
[2023-07-19T00:23:48.856+0000][66][info ][safepoint   ] Safepoint "Cleanup", Time since last: 27124175171 ns, Reaching safepoint: 153369 ns, At safepoint: 42765 ns, Total: 196134 ns
[2023-07-19T00:24:45.089+0000][66][info ][safepoint   ] Safepoint "Cleanup", Time since last: 56274344007 ns, Reaching safepoint: 295779 ns, At safepoint: 7268 ns, Total: 303047 ns
[2023-07-19T00:25:03.343+0000][66][info ][gc,start    ] GC(37) Pause Young (Normal) (G1 Evacuation Pause)
[2023-07-19T00:25:03.344+0000][66][info ][gc,task     ] GC(37) Using 6 workers of 6 for evacuation
[2023-07-19T00:25:03.345+0000][66][debug][gc,age      ] GC(37) Desired survivor size 155189248 bytes, new threshold 15 (max threshold 15)
[2023-07-19T00:25:03.361+0000][66][info ][gc,phases   ] GC(37)   Pre Evacuate Collection Set: 0.3ms
[2023-07-19T00:25:03.363+0000][66][info ][gc,phases   ] GC(37)   Merge Heap Roots: 0.3ms
[2023-07-19T00:25:03.364+0000][66][info ][gc,phases   ] GC(37)   Evacuate Collection Set: 11.4ms
[2023-07-19T00:25:03.365+0000][66][info ][gc,phases   ] GC(37)   Post Evacuate Collection Set: 2.8ms
[2023-07-19T00:25:03.367+0000][66][info ][gc,phases   ] GC(37)   Other: 2.6ms
[2023-07-19T00:25:03.369+0000][66][trace][gc,age      ] GC(37) Age table with threshold 15 (max threshold 15)
[2023-07-19T00:25:03.370+0000][66][trace][gc,age      ] GC(37) - age   1:     831016 bytes,     831016 total
[2023-07-19T00:25:03.371+0000][66][trace][gc,age      ] GC(37) - age   2:    1108216 bytes,    1939232 total
[2023-07-19T00:25:03.372+0000][66][trace][gc,age      ] GC(37) - age   3:     397928 bytes,    2337160 total
[2023-07-19T00:25:03.374+0000][66][trace][gc,age      ] GC(37) - age   4:    1461424 bytes,    3798584 total
[2023-07-19T00:25:03.374+0000][66][trace][gc,age      ] GC(37) - age   5:     213328 bytes,    4011912 total
[2023-07-19T00:25:03.376+0000][66][trace][gc,age      ] GC(37) - age   6:       9264 bytes,    4021176 total
[2023-07-19T00:25:03.377+0000][66][trace][gc,age      ] GC(37) - age   7:       8456 bytes,    4029632 total
[2023-07-19T00:25:03.378+0000][66][trace][gc,age      ] GC(37) - age   8:      51720 bytes,    4081352 total
[2023-07-19T00:25:03.379+0000][66][trace][gc,age      ] GC(37) - age   9:       5560 bytes,    4086912 total
[2023-07-19T00:25:03.380+0000][66][trace][gc,age      ] GC(37) - age  10:       8912 bytes,    4095824 total
[2023-07-19T00:25:03.381+0000][66][trace][gc,age      ] GC(37) - age  11:     293240 bytes,    4389064 total
[2023-07-19T00:25:03.382+0000][66][trace][gc,age      ] GC(37) - age  12:     316416 bytes,    4705480 total
[2023-07-19T00:25:03.383+0000][66][trace][gc,age      ] GC(37) - age  13:      92816 bytes,    4798296 total
[2023-07-19T00:25:03.384+0000][66][trace][gc,age      ] GC(37) - age  14:     278496 bytes,    5076792 total
[2023-07-19T00:25:03.385+0000][66][trace][gc,age      ] GC(37) - age  15:     326104 bytes,    5402896 total
[2023-07-19T00:25:03.386+0000][66][info ][gc,heap     ] GC(37) Eden regions: 587->0(587)
[2023-07-19T00:25:03.387+0000][66][info ][gc,heap     ] GC(37) Survivor regions: 2->2(74)
[2023-07-19T00:25:03.388+0000][66][info ][gc,heap     ] GC(37) Old regions: 29->29
[2023-07-19T00:25:03.389+0000][66][info ][gc,heap     ] GC(37) Archive regions: 2->2
[2023-07-19T00:25:03.390+0000][66][info ][gc,heap     ] GC(37) Humongous regions: 0->0
[2023-07-19T00:25:03.391+0000][66][info ][gc,metaspace] GC(37) Metaspace: 143372K(146944K)->143372K(146944K) NonClass: 124963K(126784K)->124963K(126784K) Class: 18409K(20160K)->18409K(20160K)
[2023-07-19T00:25:03.392+0000][66][info ][gc          ] GC(37) Pause Young (Normal) (G1 Evacuation Pause) 2472M->123M(3932M) 49.169ms
[2023-07-19T00:25:03.393+0000][66][info ][gc,cpu      ] GC(37) User=0.03s Sys=0.01s Real=0.05s
[2023-07-19T00:25:03.394+0000][66][info ][safepoint   ] Safepoint "G1CollectForAllocation", Time since last: 18253274886 ns, Reaching safepoint: 237727 ns, At safepoint: 51544563 ns, Total: 51782290 ns
[2023-07-19T00:25:21.160+0000][66][info ][safepoint   ] Safepoint "Cleanup", Time since last: 17769947871 ns, Reaching safepoint: 339797 ns, At safepoint: 87696 ns, Total: 427493 ns
[2023-07-19T00:25:22.441+0000][66][info ][safepoint   ] Safepoint "Cleanup", Time since last: 1280172509 ns, Reaching safepoint: 398189 ns, At safepoint: 21049 ns, Total: 419238 ns
[2023-07-19T00:25:23.483+0000][66][info ][safepoint   ] Safepoint "Cleanup", Time since last: 1041304177 ns, Reaching safepoint: 598171 ns, At safepoint: 50799 ns, Total: 648970 ns
[2023-07-19T00:25:47.413+0000][66][info ][safepoint   ] Safepoint "Cleanup", Time since last: 23930490985 ns, Reaching safepoint: 362180 ns, At safepoint: 54873 ns, Total: 417053 ns
[2023-07-19T00:26:00.588+0000][66][info ][safepoint   ] Safepoint "Cleanup", Time since last: 13174373492 ns, Reaching safepoint: 138044 ns, At safepoint: 11737 ns, Total: 149781 ns
[2023-07-19T00:26:16.789+0000][66][info ][safepoint   ] Safepoint "Cleanup", Time since last: 16201036734 ns, Reaching safepoint: 190610 ns, At safepoint: 120719 ns, Total: 311329 ns
[2023-07-19T00:26:40.846+0000][66][info ][safepoint   ] Safepoint "Cleanup", Time since last: 24056941877 ns, Reaching safepoint: 168906 ns, At safepoint: 61865 ns, Total: 230771 ns
[2023-07-19T00:26:45.171+0000][66][info ][safepoint   ] Safepoint "Cleanup", Time since last: 4325454289 ns, Reaching safepoint: 324696 ns, At safepoint: 52039 ns, Total: 376735 ns
[2023-07-19T00:26:52.294+0000][66][info ][safepoint   ] Safepoint "Cleanup", Time since last: 7122200697 ns, Reaching safepoint: 165833 ns, At safepoint: 66411 ns, Total: 232244 ns
[2023-07-19T00:27:45.184+0000][66][info ][safepoint   ] Safepoint "Cleanup", Time since last: 52889954292 ns, Reaching safepoint: 272491 ns, At safepoint: 9148 ns, Total: 281639 ns
[2023-07-19T00:35:45.037+0000][66][info ][safepoint   ] Safepoint "Cleanup", Time since last: 479852241719 ns, Reaching safepoint: 394816 ns, At safepoint: 29034 ns, Total: 423850 ns
[2023-07-19T00:38:03.111+0000][66][info ][gc,start    ] GC(38) Pause Young (Normal) (G1 Evacuation Pause)
[2023-07-19T00:38:03.114+0000][66][info ][gc,task     ] GC(38) Using 6 workers of 6 for evacuation
[2023-07-19T00:38:03.115+0000][66][debug][gc,age      ] GC(38) Desired survivor size 155189248 bytes, new threshold 15 (max threshold 15)
[2023-07-19T00:38:03.129+0000][66][info ][gc,phases   ] GC(38)   Pre Evacuate Collection Set: 0.4ms
[2023-07-19T00:38:03.131+0000][66][info ][gc,phases   ] GC(38)   Merge Heap Roots: 0.5ms
[2023-07-19T00:38:03.132+0000][66][info ][gc,phases   ] GC(38)   Evacuate Collection Set: 8.7ms
[2023-07-19T00:38:03.133+0000][66][info ][gc,phases   ] GC(38)   Post Evacuate Collection Set: 2.8ms
[2023-07-19T00:38:03.135+0000][66][info ][gc,phases   ] GC(38)   Other: 2.9ms
[2023-07-19T00:38:03.136+0000][66][trace][gc,age      ] GC(38) Age table with threshold 15 (max threshold 15)
[2023-07-19T00:38:03.137+0000][66][trace][gc,age      ] GC(38) - age   1:    2223232 bytes,    2223232 total
[2023-07-19T00:38:03.139+0000][66][trace][gc,age      ] GC(38) - age   2:       6264 bytes,    2229496 total
[2023-07-19T00:38:03.140+0000][66][trace][gc,age      ] GC(38) - age   3:    1081496 bytes,    3310992 total
[2023-07-19T00:38:03.141+0000][66][trace][gc,age      ] GC(38) - age   4:     242728 bytes,    3553720 total
[2023-07-19T00:38:03.142+0000][66][trace][gc,age      ] GC(38) - age   5:    1385496 bytes,    4939216 total
[2023-07-19T00:38:03.143+0000][66][trace][gc,age      ] GC(38) - age   6:     211768 bytes,    5150984 total
[2023-07-19T00:38:03.144+0000][66][trace][gc,age      ] GC(38) - age   7:       9264 bytes,    5160248 total
[2023-07-19T00:38:03.146+0000][66][trace][gc,age      ] GC(38) - age   8:       8456 bytes,    5168704 total
[2023-07-19T00:38:03.147+0000][66][trace][gc,age      ] GC(38) - age   9:      51720 bytes,    5220424 total
[2023-07-19T00:38:03.148+0000][66][trace][gc,age      ] GC(38) - age  10:       5560 bytes,    5225984 total
[2023-07-19T00:38:03.149+0000][66][trace][gc,age      ] GC(38) - age  11:       8912 bytes,    5234896 total
[2023-07-19T00:38:03.150+0000][66][trace][gc,age      ] GC(38) - age  12:     293240 bytes,    5528136 total
[2023-07-19T00:38:03.151+0000][66][trace][gc,age      ] GC(38) - age  13:     316416 bytes,    5844552 total
[2023-07-19T00:38:03.152+0000][66][trace][gc,age      ] GC(38) - age  14:      92552 bytes,    5937104 total
[2023-07-19T00:38:03.153+0000][66][trace][gc,age      ] GC(38) - age  15:     278472 bytes,    6215576 total
[2023-07-19T00:38:03.154+0000][66][info ][gc,heap     ] GC(38) Eden regions: 587->0(587)
[2023-07-19T00:38:03.155+0000][66][info ][gc,heap     ] GC(38) Survivor regions: 2->2(74)
[2023-07-19T00:38:03.156+0000][66][info ][gc,heap     ] GC(38) Old regions: 29->29
[2023-07-19T00:38:03.157+0000][66][info ][gc,heap     ] GC(38) Archive regions: 2->2
[2023-07-19T00:38:03.158+0000][66][info ][gc,heap     ] GC(38) Humongous regions: 0->0
[2023-07-19T00:38:03.160+0000][66][info ][gc,metaspace] GC(38) Metaspace: 143379K(146944K)->143379K(146944K) NonClass: 124970K(126784K)->124970K(126784K) Class: 18409K(20160K)->18409K(20160K)
[2023-07-19T00:38:03.161+0000][66][info ][gc          ] GC(38) Pause Young (Normal) (G1 Evacuation Pause) 2471M->125M(3932M) 49.977ms
[2023-07-19T00:38:03.162+0000][66][info ][gc,cpu      ] GC(38) User=0.03s Sys=0.01s Real=0.05s
[2023-07-19T00:38:03.164+0000][66][info ][safepoint   ] Safepoint "G1CollectForAllocation", Time since last: 138073881859 ns, Reaching safepoint: 292800 ns, At safepoint: 53753054 ns, Total: 54045854 ns
[2023-07-19T00:38:45.177+0000][66][info ][safepoint   ] Safepoint "Cleanup", Time since last: 42011748459 ns, Reaching safepoint: 308394 ns, At safepoint: 54925 ns, Total: 363319 ns
[2023-07-19T00:38:58.532+0000][66][info ][safepoint   ] Safepoint "Cleanup", Time since last: 13354908745 ns, Reaching safepoint: 243905 ns, At safepoint: 47075 ns, Total: 290980 ns
[2023-07-19T00:41:18.796+0000][66][info ][safepoint   ] Safepoint "Cleanup", Time since last: 140240849668 ns, Reaching safepoint: 510414 ns, At safepoint: 24467 ns, Total: 534881 ns
[2023-07-19T00:44:51.371+0000][66][info ][safepoint   ] Safepoint "Cleanup", Time since last: 212572677833 ns, Reaching safepoint: 349597 ns, At safepoint: 45459 ns, Total: 395056 ns
[2023-07-19T00:45:35.847+0000][66][info ][safepoint   ] Safepoint "Cleanup", Time since last: 44475656371 ns, Reaching safepoint: 532832 ns, At safepoint: 15337 ns, Total: 548169 ns
[2023-07-19T00:45:45.314+0000][66][info ][safepoint   ] Safepoint "Cleanup", Time since last: 9465781853 ns, Reaching safepoint: 812126 ns, At safepoint: 113973 ns, Total: 926099 ns
[2023-07-19T00:47:15.784+0000][66][info ][safepoint   ] Safepoint "Cleanup", Time since last: 90468881398 ns, Reaching safepoint: 313219 ns, At safepoint: 55211 ns, Total: 368430 ns
[2023-07-19T00:50:51.263+0000][66][info ][gc,start    ] GC(39) Pause Young (Normal) (G1 Evacuation Pause)
[2023-07-19T00:50:51.266+0000][66][info ][gc,task     ] GC(39) Using 6 workers of 6 for evacuation
[2023-07-19T00:50:51.267+0000][66][debug][gc,age      ] GC(39) Desired survivor size 155189248 bytes, new threshold 15 (max threshold 15)
[2023-07-19T00:50:51.281+0000][66][info ][gc,phases   ] GC(39)   Pre Evacuate Collection Set: 0.6ms
[2023-07-19T00:50:51.282+0000][66][info ][gc,phases   ] GC(39)   Merge Heap Roots: 0.5ms
[2023-07-19T00:50:51.284+0000][66][info ][gc,phases   ] GC(39)   Evacuate Collection Set: 8.3ms
[2023-07-19T00:50:51.285+0000][66][info ][gc,phases   ] GC(39)   Post Evacuate Collection Set: 2.9ms
[2023-07-19T00:50:51.286+0000][66][info ][gc,phases   ] GC(39)   Other: 3.1ms
[2023-07-19T00:50:51.288+0000][66][trace][gc,age      ] GC(39) Age table with threshold 15 (max threshold 15)
[2023-07-19T00:50:51.289+0000][66][trace][gc,age      ] GC(39) - age   1:    1217640 bytes,    1217640 total
[2023-07-19T00:50:51.290+0000][66][trace][gc,age      ] GC(39) - age   2:     239480 bytes,    1457120 total
[2023-07-19T00:50:51.291+0000][66][trace][gc,age      ] GC(39) - age   3:       4848 bytes,    1461968 total
[2023-07-19T00:50:51.292+0000][66][trace][gc,age      ] GC(39) - age   4:    1080904 bytes,    2542872 total
[2023-07-19T00:50:51.294+0000][66][trace][gc,age      ] GC(39) - age   5:     242696 bytes,    2785568 total
[2023-07-19T00:50:51.295+0000][66][trace][gc,age      ] GC(39) - age   6:    1315376 bytes,    4100944 total
[2023-07-19T00:50:51.296+0000][66][trace][gc,age      ] GC(39) - age   7:     147264 bytes,    4248208 total
[2023-07-19T00:50:51.297+0000][66][trace][gc,age      ] GC(39) - age   8:       9264 bytes,    4257472 total
[2023-07-19T00:50:51.298+0000][66][trace][gc,age      ] GC(39) - age   9:       8456 bytes,    4265928 total
[2023-07-19T00:50:51.299+0000][66][trace][gc,age      ] GC(39) - age  10:      51720 bytes,    4317648 total
[2023-07-19T00:50:51.300+0000][66][trace][gc,age      ] GC(39) - age  11:       5560 bytes,    4323208 total
[2023-07-19T00:50:51.301+0000][66][trace][gc,age      ] GC(39) - age  12:       8912 bytes,    4332120 total
[2023-07-19T00:50:51.303+0000][66][trace][gc,age      ] GC(39) - age  13:     293160 bytes,    4625280 total
[2023-07-19T00:50:51.304+0000][66][trace][gc,age      ] GC(39) - age  14:     316416 bytes,    4941696 total
[2023-07-19T00:50:51.305+0000][66][trace][gc,age      ] GC(39) - age  15:      92552 bytes,    5034248 total
[2023-07-19T00:50:51.308+0000][66][info ][gc,heap     ] GC(39) Eden regions: 587->0(587)
[2023-07-19T00:50:51.309+0000][66][info ][gc,heap     ] GC(39) Survivor regions: 2->2(74)
[2023-07-19T00:50:51.310+0000][66][info ][gc,heap     ] GC(39) Old regions: 29->29
[2023-07-19T00:50:51.311+0000][66][info ][gc,heap     ] GC(39) Archive regions: 2->2
[2023-07-19T00:50:51.312+0000][66][info ][gc,heap     ] GC(39) Humongous regions: 0->0
[2023-07-19T00:50:51.313+0000][66][info ][gc,metaspace] GC(39) Metaspace: 143387K(146944K)->143387K(146944K) NonClass: 124977K(126784K)->124977K(126784K) Class: 18410K(20160K)->18410K(20160K)
[2023-07-19T00:50:51.315+0000][66][info ][gc          ] GC(39) Pause Young (Normal) (G1 Evacuation Pause) 2473M->124M(3932M) 51.334ms
[2023-07-19T00:50:51.316+0000][66][info ][gc,cpu      ] GC(39) User=0.03s Sys=0.01s Real=0.05s
[2023-07-19T00:50:51.317+0000][66][info ][safepoint   ] Safepoint "G1CollectForAllocation", Time since last: 215477676681 ns, Reaching safepoint: 185223 ns, At safepoint: 53425494 ns, Total: 53610717 ns
[2023-07-19T00:52:27.529+0000][66][info ][safepoint   ] Safepoint "Cleanup", Time since last: 96211806686 ns, Reaching safepoint: 190529 ns, At safepoint: 19443 ns, Total: 209972 ns
[2023-07-19T00:52:28.808+0000][66][info ][safepoint   ] Safepoint "Cleanup", Time since last: 1278992421 ns, Reaching safepoint: 148473 ns, At safepoint: 10454 ns, Total: 158927 ns
[2023-07-19T00:52:30.106+0000][66][info ][safepoint   ] Safepoint "Cleanup", Time since last: 1297322918 ns, Reaching safepoint: 455768 ns, At safepoint: 78727 ns, Total: 534495 ns
[2023-07-19T00:52:31.438+0000][66][info ][safepoint   ] Safepoint "Cleanup", Time since last: 1331533781 ns, Reaching safepoint: 287151 ns, At safepoint: 15567 ns, Total: 302718 ns
[2023-07-19T00:52:40.041+0000][66][info ][safepoint   ] Safepoint "Cleanup", Time since last: 8602978481 ns, Reaching safepoint: 202085 ns, At safepoint: 65813 ns, Total: 267898 ns
[2023-07-19T00:52:41.134+0000][66][info ][safepoint   ] Safepoint "Cleanup", Time since last: 1092368909 ns, Reaching safepoint: 536561 ns, At safepoint: 10078 ns, Total: 546639 ns
[2023-07-19T00:53:04.196+0000][66][info ][safepoint   ] Safepoint "Cleanup", Time since last: 23061294611 ns, Reaching safepoint: 173330 ns, At safepoint: 46738 ns, Total: 220068 ns
[2023-07-19T00:53:15.979+0000][66][info ][safepoint   ] Safepoint "Cleanup", Time since last: 11782627046 ns, Reaching safepoint: 144945 ns, At safepoint: 61252 ns, Total: 206197 ns
[2023-07-19T00:54:38.825+0000][66][info ][safepoint   ] Safepoint "Cleanup", Time since last: 82840563433 ns, Reaching safepoint: 140147 ns, At safepoint: 4734 ns, Total: 144881 ns
[2023-07-19T00:54:40.211+0000][66][info ][safepoint   ] Safepoint "Cleanup", Time since last: 1385689920 ns, Reaching safepoint: 143623 ns, At safepoint: 45208 ns, Total: 188831 ns
[2023-07-19T00:54:44.673+0000][66][info ][safepoint   ] Safepoint "Cleanup", Time since last: 4441064010 ns, Reaching safepoint: 281521 ns, At safepoint: 4480 ns, Total: 286001 ns
[2023-07-19T00:55:18.314+0000][66][info ][safepoint   ] Safepoint "Cleanup", Time since last: 33636981372 ns, Reaching safepoint: 377546 ns, At safepoint: 17685 ns, Total: 395231 ns
[2023-07-19T00:55:19.317+0000][66][info ][safepoint   ] Safepoint "Cleanup", Time since last: 1002982710 ns, Reaching safepoint: 250318 ns, At safepoint: 22430 ns, Total: 272748 ns
[2023-07-19T00:55:21.319+0000][66][info ][safepoint   ] Safepoint "Cleanup", Time since last: 2002125512 ns, Reaching safepoint: 119438 ns, At safepoint: 3820 ns, Total: 123258 ns
[2023-07-19T00:55:22.683+0000][66][info ][safepoint   ] Safepoint "Cleanup", Time since last: 1363921058 ns, Reaching safepoint: 120733 ns, At safepoint: 9042 ns, Total: 129775 ns
[2023-07-19T00:55:34.605+0000][66][info ][safepoint   ] Safepoint "Cleanup", Time since last: 11921493849 ns, Reaching safepoint: 144228 ns, At safepoint: 51540 ns, Total: 195768 ns
[2023-07-19T00:55:43.412+0000][66][info ][safepoint   ] Safepoint "Cleanup", Time since last: 8806781497 ns, Reaching safepoint: 141923 ns, At safepoint: 4803 ns, Total: 146726 ns
[2023-07-19T00:55:45.421+0000][66][info ][safepoint   ] Safepoint "Cleanup", Time since last: 2008275619 ns, Reaching safepoint: 228101 ns, At safepoint: 51016 ns, Total: 279117 ns
[2023-07-19T00:56:03.529+0000][66][info ][safepoint   ] Safepoint "Cleanup", Time since last: 18107334976 ns, Reaching safepoint: 158977 ns, At safepoint: 7013 ns, Total: 165990 ns
[2023-07-19T00:56:12.997+0000][66][info ][safepoint   ] Safepoint "Cleanup", Time since last: 9467866136 ns, Reaching safepoint: 223945 ns, At safepoint: 15600 ns, Total: 239545 ns
[2023-07-19T00:56:21.452+0000][66][info ][safepoint   ] Safepoint "Cleanup", Time since last: 8453692611 ns, Reaching safepoint: 834829 ns, At safepoint: 118280 ns, Total: 953109 ns
[2023-07-19T00:56:45.412+0000][66][info ][safepoint   ] Safepoint "Cleanup", Time since last: 23959293533 ns, Reaching safepoint: 126083 ns, At safepoint: 7003 ns, Total: 133086 ns
[2023-07-19T00:57:13.973+0000][66][info ][safepoint   ] Safepoint "Cleanup", Time since last: 28560664845 ns, Reaching safepoint: 266561 ns, At safepoint: 5450 ns, Total: 272011 ns
[2023-07-19T00:57:14.974+0000][66][info ][safepoint   ] Safepoint "Cleanup", Time since last: 1001823128 ns, Reaching safepoint: 260853 ns, At safepoint: 6124 ns, Total: 266977 ns
[2023-07-19T00:57:16.228+0000][66][info ][safepoint   ] Safepoint "Cleanup", Time since last: 1254492679 ns, Reaching safepoint: 274162 ns, At safepoint: 45855 ns, Total: 320017 ns
[2023-07-19T00:57:38.958+0000][66][info ][safepoint   ] Safepoint "Cleanup", Time since last: 22729182845 ns, Reaching safepoint: 249220 ns, At safepoint: 23731 ns, Total: 272951 ns
[2023-07-19T00:57:44.357+0000][66][info ][safepoint   ] Safepoint "Cleanup", Time since last: 5399254856 ns, Reaching safepoint: 115407 ns, At safepoint: 5162 ns, Total: 120569 ns
[2023-07-19T00:57:56.342+0000][66][info ][safepoint   ] Safepoint "Cleanup", Time since last: 11982243885 ns, Reaching safepoint: 189201 ns, At safepoint: 8688 ns, Total: 197889 ns
[2023-07-19T00:58:24.620+0000][66][info ][safepoint   ] Safepoint "Cleanup", Time since last: 28278619177 ns, Reaching safepoint: 153467 ns, At safepoint: 5662 ns, Total: 159129 ns
[2023-07-19T00:58:25.623+0000][66][info ][safepoint   ] Safepoint "Cleanup", Time since last: 1002048952 ns, Reaching safepoint: 114294 ns, At safepoint: 4602 ns, Total: 118896 ns
[2023-07-19T00:58:45.573+0000][66][info ][safepoint   ] Safepoint "Cleanup", Time since last: 19949655496 ns, Reaching safepoint: 138756 ns, At safepoint: 3518 ns, Total: 142274 ns
[2023-07-19T00:59:02.524+0000][66][info ][safepoint   ] Safepoint "Cleanup", Time since last: 16950738614 ns, Reaching safepoint: 295296 ns, At safepoint: 21305 ns, Total: 316601 ns
[2023-07-19T00:59:45.082+0000][66][info ][safepoint   ] Safepoint "Cleanup", Time since last: 42557317156 ns, Reaching safepoint: 157463 ns, At safepoint: 19401 ns, Total: 176864 ns
[2023-07-19T00:59:47.938+0000][66][info ][safepoint   ] Safepoint "Cleanup", Time since last: 2855497068 ns, Reaching safepoint: 150337 ns, At safepoint: 13923 ns, Total: 164260 ns
[2023-07-19T01:00:18.448+0000][66][info ][safepoint   ] Safepoint "Cleanup", Time since last: 30509429295 ns, Reaching safepoint: 131349 ns, At safepoint: 4724 ns, Total: 136073 ns
[2023-07-19T01:00:21.451+0000][66][info ][safepoint   ] Safepoint "Cleanup", Time since last: 3002902159 ns, Reaching safepoint: 280987 ns, At safepoint: 57504 ns, Total: 338491 ns
[2023-07-19T01:01:15.779+0000][66][info ][safepoint   ] Safepoint "Cleanup", Time since last: 54325438501 ns, Reaching safepoint: 1205388 ns, At safepoint: 48372 ns, Total: 1253760 ns
[2023-07-19T01:04:15.850+0000][66][info ][safepoint   ] Safepoint "Cleanup", Time since last: 180067880037 ns, Reaching safepoint: 352013 ns, At safepoint: 20100 ns, Total: 372113 ns
[2023-07-19T01:04:19.854+0000][66][info ][safepoint   ] Safepoint "Cleanup", Time since last: 4003639482 ns, Reaching safepoint: 344380 ns, At safepoint: 6044 ns, Total: 350424 ns
[2023-07-19T01:04:21.857+0000][66][info ][safepoint   ] Safepoint "Cleanup", Time since last: 2002975275 ns, Reaching safepoint: 500761 ns, At safepoint: 22541 ns, Total: 523302 ns
[2023-07-19T01:04:48.870+0000][66][info ][safepoint   ] Safepoint "Cleanup", Time since last: 27012044163 ns, Reaching safepoint: 348958 ns, At safepoint: 7164 ns, Total: 356122 ns
[2023-07-19T01:05:18.883+0000][66][info ][safepoint   ] Safepoint "Cleanup", Time since last: 30012009794 ns, Reaching safepoint: 448186 ns, At safepoint: 23080 ns, Total: 471266 ns
[2023-07-19T01:05:45.895+0000][66][info ][safepoint   ] Safepoint "Cleanup", Time since last: 27010981638 ns, Reaching safepoint: 554512 ns, At safepoint: 17647 ns, Total: 572159 ns
[2023-07-19T01:06:48.920+0000][66][info ][safepoint   ] Safepoint "Cleanup", Time since last: 63023936645 ns, Reaching safepoint: 375723 ns, At safepoint: 16660 ns, Total: 392383 ns
[2023-07-19T01:08:55.971+0000][66][info ][safepoint   ] Safepoint "Cleanup", Time since last: 127049096802 ns, Reaching safepoint: 597413 ns, At safepoint: 15756 ns, Total: 613169 ns
[2023-07-19T01:15:19.129+0000][66][info ][safepoint   ] Safepoint "Cleanup", Time since last: 383142692665 ns, Reaching safepoint: 357460 ns, At safepoint: 6748 ns, Total: 364208 ns
[2023-07-19T01:30:00.492+0000][66][info ][safepoint   ] Safepoint "Cleanup", Time since last: 881309622350 ns, Reaching safepoint: 529471 ns, At safepoint: 17782 ns, Total: 547253 ns
[2023-07-19T01:36:43.673+0000][66][info ][safepoint   ] Safepoint "Cleanup", Time since last: 403171054060 ns, Reaching safepoint: 361689 ns, At safepoint: 3954 ns, Total: 365643 ns
[2023-07-19T01:36:44.676+0000][66][info ][safepoint   ] Safepoint "Cleanup", Time since last: 1003114615 ns, Reaching safepoint: 299130 ns, At safepoint: 16108 ns, Total: 315238 ns
