[2023-07-17T19:09:22.274+0000][67][info][gc,init] CardTable entry size: 512
[2023-07-17T19:09:22.276+0000][67][info][gc     ] Using G1
[2023-07-17T19:09:23.929+0000][67][info][gc,init] Version: 19.0.2+7-44 (release)
[2023-07-17T19:09:23.931+0000][67][info][gc,init] CPUs: 6 total, 6 available
[2023-07-17T19:09:23.933+0000][67][info][gc,init] Memory: 7859M
[2023-07-17T19:09:23.934+0000][67][info][gc,init] Large Page Support: Disabled
[2023-07-17T19:09:23.936+0000][67][info][gc,init] NUMA Support: Disabled
[2023-07-17T19:09:23.937+0000][67][info][gc,init] Compressed Oops: Enabled (Zero based)
[2023-07-17T19:09:23.939+0000][67][info][gc,init] Heap Region Size: 4M
[2023-07-17T19:09:23.940+0000][67][info][gc,init] Heap Min Capacity: 3932M
[2023-07-17T19:09:23.941+0000][67][info][gc,init] Heap Initial Capacity: 3932M
[2023-07-17T19:09:23.943+0000][67][info][gc,init] Heap Max Capacity: 3932M
[2023-07-17T19:09:23.944+0000][67][info][gc,init] Pre-touch: Enabled
[2023-07-17T19:09:23.946+0000][67][info][gc,init] Parallel Workers: 6
[2023-07-17T19:09:23.948+0000][67][info][gc,init] Concurrent Workers: 2
[2023-07-17T19:09:23.950+0000][67][info][gc,init] Concurrent Refinement Workers: 6
[2023-07-17T19:09:23.951+0000][67][info][gc,init] Periodic GC: Disabled
[2023-07-17T19:09:23.953+0000][67][info][gc,metaspace] CDS archive(s) mapped at: [0x0000000800000000-0x0000000800c4f000-0x0000000800c4f000), size 12906496, SharedBaseAddress: 0x0000000800000000, ArchiveRelocationMode: 0.
[2023-07-17T19:09:23.954+0000][67][info][gc,metaspace] Compressed class space mapped at: 0x0000000801000000-0x0000000841000000, reserved size: 1073741824
[2023-07-17T19:09:23.956+0000][67][info][gc,metaspace] Narrow klass base: 0x0000000800000000, Narrow klass shift: 0, Narrow klass range: 0x100000000
[2023-07-17T19:09:24.500+0000][67][info][safepoint   ] Safepoint "ICBufferFull", Time since last: 531532430 ns, Reaching safepoint: 318824 ns, At safepoint: 10406 ns, Total: 329230 ns
[2023-07-17T19:09:25.539+0000][67][info][safepoint   ] Safepoint "Cleanup", Time since last: 1039616661 ns, Reaching safepoint: 90498 ns, At safepoint: 2428 ns, Total: 92926 ns
[2023-07-17T19:09:26.694+0000][67][info][safepoint   ] Safepoint "ICBufferFull", Time since last: 1154226452 ns, Reaching safepoint: 149287 ns, At safepoint: 4000 ns, Total: 153287 ns
[2023-07-17T19:09:27.467+0000][67][info][safepoint   ] Safepoint "ICBufferFull", Time since last: 772912713 ns, Reaching safepoint: 146858 ns, At safepoint: 3359 ns, Total: 150217 ns
[2023-07-17T19:09:28.610+0000][67][info][safepoint   ] Safepoint "ICBufferFull", Time since last: 1143241255 ns, Reaching safepoint: 210592 ns, At safepoint: 2644 ns, Total: 213236 ns
[2023-07-17T19:09:29.770+0000][67][info][safepoint   ] Safepoint "Cleanup", Time since last: 1158829179 ns, Reaching safepoint: 419016 ns, At safepoint: 44241 ns, Total: 463257 ns
[2023-07-17T19:09:29.888+0000][67][info][gc,start    ] GC(0) Pause Young (Normal) (G1 Evacuation Pause)
[2023-07-17T19:09:29.897+0000][67][info][gc,task     ] GC(0) Using 6 workers of 6 for evacuation
[2023-07-17T19:09:29.906+0000][67][debug][gc,age      ] GC(0) Desired survivor size 14680064 bytes, new threshold 15 (max threshold 15)
[2023-07-17T19:09:29.943+0000][67][info ][gc,phases   ] GC(0)   Pre Evacuate Collection Set: 0.8ms
[2023-07-17T19:09:29.945+0000][67][info ][gc,phases   ] GC(0)   Merge Heap Roots: 1.3ms
[2023-07-17T19:09:29.946+0000][67][info ][gc,phases   ] GC(0)   Evacuate Collection Set: 27.5ms
[2023-07-17T19:09:29.948+0000][67][info ][gc,phases   ] GC(0)   Post Evacuate Collection Set: 3.6ms
[2023-07-17T19:09:29.951+0000][67][info ][gc,phases   ] GC(0)   Other: 12.9ms
[2023-07-17T19:09:29.953+0000][67][trace][gc,age      ] GC(0) Age table with threshold 15 (max threshold 15)
[2023-07-17T19:09:29.955+0000][67][trace][gc,age      ] GC(0) - age   1:   10860472 bytes,   10860472 total
[2023-07-17T19:09:29.959+0000][67][info ][gc,heap     ] GC(0) Eden regions: 49->0(46)
[2023-07-17T19:09:29.960+0000][67][info ][gc,heap     ] GC(0) Survivor regions: 0->3(7)
[2023-07-17T19:09:29.961+0000][67][info ][gc,heap     ] GC(0) Old regions: 0->0
[2023-07-17T19:09:29.965+0000][67][info ][gc,heap     ] GC(0) Archive regions: 2->2
[2023-07-17T19:09:29.966+0000][67][info ][gc,heap     ] GC(0) Humongous regions: 0->0
[2023-07-17T19:09:29.968+0000][67][info ][gc,metaspace] GC(0) Metaspace: 17769K(18240K)->17769K(18240K) NonClass: 15777K(16000K)->15777K(16000K) Class: 1991K(2240K)->1991K(2240K)
[2023-07-17T19:09:29.969+0000][67][info ][gc          ] GC(0) Pause Young (Normal) (G1 Evacuation Pause) 199M->14M(3932M) 80.793ms
[2023-07-17T19:09:29.970+0000][67][info ][gc,cpu      ] GC(0) User=0.04s Sys=0.00s Real=0.08s
[2023-07-17T19:09:29.971+0000][67][info ][safepoint   ] Safepoint "G1CollectForAllocation", Time since last: 117608933 ns, Reaching safepoint: 924112 ns, At safepoint: 82879398 ns, Total: 83803510 ns
[2023-07-17T19:09:30.796+0000][67][info ][gc,start    ] GC(1) Pause Young (Concurrent Start) (Metadata GC Threshold)
[2023-07-17T19:09:30.798+0000][67][info ][gc,task     ] GC(1) Using 6 workers of 6 for evacuation
[2023-07-17T19:09:30.799+0000][67][debug][gc,age      ] GC(1) Desired survivor size 14680064 bytes, new threshold 15 (max threshold 15)
[2023-07-17T19:09:30.822+0000][67][info ][gc,phases   ] GC(1)   Pre Evacuate Collection Set: 1.1ms
[2023-07-17T19:09:30.823+0000][67][info ][gc,phases   ] GC(1)   Merge Heap Roots: 1.1ms
[2023-07-17T19:09:30.825+0000][67][info ][gc,phases   ] GC(1)   Evacuate Collection Set: 15.8ms
[2023-07-17T19:09:30.826+0000][67][info ][gc,phases   ] GC(1)   Post Evacuate Collection Set: 3.2ms
[2023-07-17T19:09:30.827+0000][67][info ][gc,phases   ] GC(1)   Other: 3.0ms
[2023-07-17T19:09:30.831+0000][67][trace][gc,age      ] GC(1) Age table with threshold 15 (max threshold 15)
[2023-07-17T19:09:30.832+0000][67][trace][gc,age      ] GC(1) - age   1:    1084864 bytes,    1084864 total
[2023-07-17T19:09:30.834+0000][67][trace][gc,age      ] GC(1) - age   2:    9745328 bytes,   10830192 total
[2023-07-17T19:09:30.836+0000][67][info ][gc,heap     ] GC(1) Eden regions: 15->0(46)
[2023-07-17T19:09:30.837+0000][67][info ][gc,heap     ] GC(1) Survivor regions: 3->3(7)
[2023-07-17T19:09:30.839+0000][67][info ][gc,heap     ] GC(1) Old regions: 0->0
[2023-07-17T19:09:30.840+0000][67][info ][gc,heap     ] GC(1) Archive regions: 2->2
[2023-07-17T19:09:30.845+0000][67][info ][gc,heap     ] GC(1) Humongous regions: 0->0
[2023-07-17T19:09:30.847+0000][67][info ][gc,metaspace] GC(1) Metaspace: 21004K(21504K)->21004K(21504K) NonClass: 18693K(18944K)->18693K(18944K) Class: 2310K(2560K)->2310K(2560K)
[2023-07-17T19:09:30.849+0000][67][info ][gc          ] GC(1) Pause Young (Concurrent Start) (Metadata GC Threshold) 74M->15M(3932M) 53.334ms
[2023-07-17T19:09:30.851+0000][67][info ][gc          ] GC(2) Concurrent Mark Cycle
[2023-07-17T19:09:30.854+0000][67][info ][gc,marking  ] GC(2) Concurrent Clear Claimed Marks
[2023-07-17T19:09:30.855+0000][67][info ][gc,marking  ] GC(2) Concurrent Clear Claimed Marks 1.733ms
[2023-07-17T19:09:30.857+0000][67][info ][gc,marking  ] GC(2) Concurrent Scan Root Regions
[2023-07-17T19:09:30.851+0000][67][info ][gc,cpu      ] GC(1) User=0.04s Sys=0.00s Real=0.05s
[2023-07-17T19:09:30.862+0000][67][info ][safepoint   ] Safepoint "CollectForMetadataAllocation", Time since last: 824211727 ns, Reaching safepoint: 226606 ns, At safepoint: 66364813 ns, Total: 66591419 ns
[2023-07-17T19:09:30.867+0000][67][info ][gc,marking  ] GC(2) Concurrent Scan Root Regions 9.352ms
[2023-07-17T19:09:30.868+0000][67][info ][gc,marking  ] GC(2) Concurrent Mark
[2023-07-17T19:09:30.870+0000][67][info ][gc,marking  ] GC(2) Concurrent Mark From Roots
[2023-07-17T19:09:30.871+0000][67][info ][gc,task     ] GC(2) Using 2 workers of 2 for marking
[2023-07-17T19:09:30.874+0000][67][info ][gc,marking  ] GC(2) Concurrent Mark From Roots 4.203ms
[2023-07-17T19:09:30.875+0000][67][info ][gc,marking  ] GC(2) Concurrent Preclean
[2023-07-17T19:09:30.877+0000][67][info ][gc,marking  ] GC(2) Concurrent Preclean 1.308ms
[2023-07-17T19:09:30.879+0000][67][info ][gc,start    ] GC(2) Pause Remark
[2023-07-17T19:09:30.894+0000][67][info ][gc          ] GC(2) Pause Remark 18M->18M(3932M) 14.383ms
[2023-07-17T19:09:30.903+0000][67][info ][gc,cpu      ] GC(2) User=0.02s Sys=0.00s Real=0.02s
[2023-07-17T19:09:30.906+0000][67][info ][safepoint   ] Safepoint "G1PauseRemark", Time since last: 17104919 ns, Reaching safepoint: 248768 ns, At safepoint: 26398575 ns, Total: 26647343 ns
[2023-07-17T19:09:30.907+0000][67][info ][gc,marking  ] GC(2) Concurrent Mark 39.136ms
[2023-07-17T19:09:30.908+0000][67][info ][gc,marking  ] GC(2) Concurrent Rebuild Remembered Sets
[2023-07-17T19:09:30.909+0000][67][info ][gc,marking  ] GC(2) Concurrent Rebuild Remembered Sets 1.261ms
[2023-07-17T19:09:30.912+0000][67][info ][gc,start    ] GC(2) Pause Cleanup
[2023-07-17T19:09:30.914+0000][67][info ][gc          ] GC(2) Pause Cleanup 18M->18M(3932M) 1.985ms
[2023-07-17T19:09:30.915+0000][67][info ][gc,cpu      ] GC(2) User=0.00s Sys=0.00s Real=0.01s
[2023-07-17T19:09:30.917+0000][67][info ][safepoint   ] Safepoint "G1PauseCleanup", Time since last: 5227425 ns, Reaching safepoint: 893680 ns, At safepoint: 4732032 ns, Total: 5625712 ns
[2023-07-17T19:09:30.918+0000][67][info ][gc,marking  ] GC(2) Concurrent Cleanup for Next Mark
[2023-07-17T19:09:30.924+0000][67][info ][gc,marking  ] GC(2) Concurrent Cleanup for Next Mark 6.155ms
[2023-07-17T19:09:30.926+0000][67][info ][gc          ] GC(2) Concurrent Mark Cycle 74.844ms
[2023-07-17T19:09:31.974+0000][67][info ][safepoint   ] Safepoint "Cleanup", Time since last: 1057214816 ns, Reaching safepoint: 235577 ns, At safepoint: 2282 ns, Total: 237859 ns
[2023-07-17T19:09:32.760+0000][67][info ][gc,start    ] GC(3) Pause Young (Normal) (G1 Evacuation Pause)
[2023-07-17T19:09:32.762+0000][67][info ][gc,task     ] GC(3) Using 6 workers of 6 for evacuation
[2023-07-17T19:09:32.763+0000][67][debug][gc,age      ] GC(3) Desired survivor size 14680064 bytes, new threshold 15 (max threshold 15)
[2023-07-17T19:09:32.798+0000][67][info ][gc,phases   ] GC(3)   Pre Evacuate Collection Set: 3.9ms
[2023-07-17T19:09:32.800+0000][67][info ][gc,phases   ] GC(3)   Merge Heap Roots: 0.1ms
[2023-07-17T19:09:32.802+0000][67][info ][gc,phases   ] GC(3)   Evacuate Collection Set: 24.9ms
[2023-07-17T19:09:32.803+0000][67][info ][gc,phases   ] GC(3)   Post Evacuate Collection Set: 3.5ms
[2023-07-17T19:09:32.804+0000][67][info ][gc,phases   ] GC(3)   Other: 3.9ms
[2023-07-17T19:09:32.806+0000][67][trace][gc,age      ] GC(3) Age table with threshold 15 (max threshold 15)
[2023-07-17T19:09:32.807+0000][67][trace][gc,age      ] GC(3) - age   1:    6819872 bytes,    6819872 total
[2023-07-17T19:09:32.808+0000][67][trace][gc,age      ] GC(3) - age   2:    1058768 bytes,    7878640 total
[2023-07-17T19:09:32.809+0000][67][trace][gc,age      ] GC(3) - age   3:    9737648 bytes,   17616288 total
[2023-07-17T19:09:32.810+0000][67][info ][gc,heap     ] GC(3) Eden regions: 46->0(74)
[2023-07-17T19:09:32.810+0000][67][info ][gc,heap     ] GC(3) Survivor regions: 3->5(7)
[2023-07-17T19:09:32.812+0000][67][info ][gc,heap     ] GC(3) Old regions: 0->0
[2023-07-17T19:09:32.813+0000][67][info ][gc,heap     ] GC(3) Archive regions: 2->2
[2023-07-17T19:09:32.815+0000][67][info ][gc,heap     ] GC(3) Humongous regions: 0->0
[2023-07-17T19:09:32.817+0000][67][info ][gc,metaspace] GC(3) Metaspace: 25356K(25920K)->25356K(25920K) NonClass: 22453K(22720K)->22453K(22720K) Class: 2903K(3200K)->2903K(3200K)
[2023-07-17T19:09:32.819+0000][67][info ][gc          ] GC(3) Pause Young (Normal) (G1 Evacuation Pause) 199M->21M(3932M) 58.533ms
[2023-07-17T19:09:32.820+0000][67][info ][gc,cpu      ] GC(3) User=0.11s Sys=0.01s Real=0.06s
[2023-07-17T19:09:32.821+0000][67][info ][safepoint   ] Safepoint "G1CollectForAllocation", Time since last: 785885733 ns, Reaching safepoint: 185832 ns, At safepoint: 60713255 ns, Total: 60899087 ns
[2023-07-17T19:09:33.824+0000][67][info ][safepoint   ] Safepoint "Cleanup", Time since last: 1001506832 ns, Reaching safepoint: 1346060 ns, At safepoint: 113421 ns, Total: 1459481 ns
[2023-07-17T19:09:34.938+0000][67][info ][gc,start    ] GC(4) Pause Young (Normal) (G1 Evacuation Pause)
[2023-07-17T19:09:34.941+0000][67][info ][gc,task     ] GC(4) Using 6 workers of 6 for evacuation
[2023-07-17T19:09:34.942+0000][67][debug][gc,age      ] GC(4) Desired survivor size 20971520 bytes, new threshold 15 (max threshold 15)
[2023-07-17T19:09:34.974+0000][67][info ][gc,phases   ] GC(4)   Pre Evacuate Collection Set: 0.6ms
[2023-07-17T19:09:34.975+0000][67][info ][gc,phases   ] GC(4)   Merge Heap Roots: 0.5ms
[2023-07-17T19:09:34.977+0000][67][info ][gc,phases   ] GC(4)   Evacuate Collection Set: 26.0ms
[2023-07-17T19:09:34.978+0000][67][info ][gc,phases   ] GC(4)   Post Evacuate Collection Set: 3.3ms
[2023-07-17T19:09:34.980+0000][67][info ][gc,phases   ] GC(4)   Other: 2.5ms
[2023-07-17T19:09:34.981+0000][67][trace][gc,age      ] GC(4) Age table with threshold 15 (max threshold 15)
[2023-07-17T19:09:34.982+0000][67][trace][gc,age      ] GC(4) - age   1:    4314856 bytes,    4314856 total
[2023-07-17T19:09:34.984+0000][67][trace][gc,age      ] GC(4) - age   2:    5108360 bytes,    9423216 total
[2023-07-17T19:09:34.985+0000][67][trace][gc,age      ] GC(4) - age   3:    1058432 bytes,   10481648 total
[2023-07-17T19:09:34.986+0000][67][trace][gc,age      ] GC(4) - age   4:    9734144 bytes,   20215792 total
[2023-07-17T19:09:34.988+0000][67][info ][gc,heap     ] GC(4) Eden regions: 74->0(134)
[2023-07-17T19:09:34.989+0000][67][info ][gc,heap     ] GC(4) Survivor regions: 5->6(10)
[2023-07-17T19:09:34.990+0000][67][info ][gc,heap     ] GC(4) Old regions: 0->0
[2023-07-17T19:09:34.991+0000][67][info ][gc,heap     ] GC(4) Archive regions: 2->2
[2023-07-17T19:09:34.993+0000][67][info ][gc,heap     ] GC(4) Humongous regions: 0->0
[2023-07-17T19:09:34.994+0000][67][info ][gc,metaspace] GC(4) Metaspace: 30490K(31168K)->30490K(31168K) NonClass: 27057K(27456K)->27057K(27456K) Class: 3432K(3712K)->3432K(3712K)
[2023-07-17T19:09:34.995+0000][67][info ][gc          ] GC(4) Pause Young (Normal) (G1 Evacuation Pause) 317M->24M(3932M) 57.148ms
[2023-07-17T19:09:34.997+0000][67][info ][gc,cpu      ] GC(4) User=0.05s Sys=0.00s Real=0.06s
[2023-07-17T19:09:34.998+0000][67][info ][safepoint   ] Safepoint "G1CollectForAllocation", Time since last: 1113890368 ns, Reaching safepoint: 550574 ns, At safepoint: 60130204 ns, Total: 60680778 ns
[2023-07-17T19:09:36.000+0000][67][info ][safepoint   ] Safepoint "Cleanup", Time since last: 1001716296 ns, Reaching safepoint: 238787 ns, At safepoint: 7537 ns, Total: 246324 ns
[2023-07-17T19:09:37.003+0000][67][info ][safepoint   ] Safepoint "Cleanup", Time since last: 1002282997 ns, Reaching safepoint: 462389 ns, At safepoint: 102114 ns, Total: 564503 ns
[2023-07-17T19:09:37.240+0000][67][info ][gc,start    ] GC(5) Pause Young (Normal) (G1 Evacuation Pause)
[2023-07-17T19:09:37.241+0000][67][info ][gc,task     ] GC(5) Using 6 workers of 6 for evacuation
[2023-07-17T19:09:37.242+0000][67][debug][gc,age      ] GC(5) Desired survivor size 37748736 bytes, new threshold 15 (max threshold 15)
[2023-07-17T19:09:37.267+0000][67][info ][gc,phases   ] GC(5)   Pre Evacuate Collection Set: 0.5ms
[2023-07-17T19:09:37.269+0000][67][info ][gc,phases   ] GC(5)   Merge Heap Roots: 0.4ms
[2023-07-17T19:09:37.270+0000][67][info ][gc,phases   ] GC(5)   Evacuate Collection Set: 15.2ms
[2023-07-17T19:09:37.271+0000][67][info ][gc,phases   ] GC(5)   Post Evacuate Collection Set: 5.9ms
[2023-07-17T19:09:37.272+0000][67][info ][gc,phases   ] GC(5)   Other: 4.3ms
[2023-07-17T19:09:37.273+0000][67][trace][gc,age      ] GC(5) Age table with threshold 15 (max threshold 15)
[2023-07-17T19:09:37.274+0000][67][trace][gc,age      ] GC(5) - age   1:    8475800 bytes,    8475800 total
[2023-07-17T19:09:37.275+0000][67][trace][gc,age      ] GC(5) - age   2:    4299560 bytes,   12775360 total
[2023-07-17T19:09:37.277+0000][67][trace][gc,age      ] GC(5) - age   3:    5105120 bytes,   17880480 total
[2023-07-17T19:09:37.278+0000][67][trace][gc,age      ] GC(5) - age   4:    1056800 bytes,   18937280 total
[2023-07-17T19:09:37.279+0000][67][trace][gc,age      ] GC(5) - age   5:    9698800 bytes,   28636080 total
[2023-07-17T19:09:37.284+0000][67][info ][gc,heap     ] GC(5) Eden regions: 134->0(154)
[2023-07-17T19:09:37.286+0000][67][info ][gc,heap     ] GC(5) Survivor regions: 6->8(18)
[2023-07-17T19:09:37.287+0000][67][info ][gc,heap     ] GC(5) Old regions: 0->0
[2023-07-17T19:09:37.288+0000][67][info ][gc,heap     ] GC(5) Archive regions: 2->2
[2023-07-17T19:09:37.290+0000][67][info ][gc,heap     ] GC(5) Humongous regions: 0->0
[2023-07-17T19:09:37.291+0000][67][info ][gc,metaspace] GC(5) Metaspace: 33389K(34304K)->33389K(34304K) NonClass: 29565K(30080K)->29565K(30080K) Class: 3824K(4224K)->3824K(4224K)
[2023-07-17T19:09:37.293+0000][67][info ][gc          ] GC(5) Pause Young (Normal) (G1 Evacuation Pause) 560M->32M(3932M) 53.181ms
[2023-07-17T19:09:37.294+0000][67][info ][gc,cpu      ] GC(5) User=0.05s Sys=0.01s Real=0.06s
[2023-07-17T19:09:37.296+0000][67][info ][safepoint   ] Safepoint "G1CollectForAllocation", Time since last: 236344394 ns, Reaching safepoint: 216687 ns, At safepoint: 56111624 ns, Total: 56328311 ns
[2023-07-17T19:09:37.990+0000][67][info ][gc,start    ] GC(6) Pause Young (Concurrent Start) (Metadata GC Threshold)
[2023-07-17T19:09:37.991+0000][67][info ][gc,task     ] GC(6) Using 6 workers of 6 for evacuation
[2023-07-17T19:09:37.992+0000][67][debug][gc,age      ] GC(6) Desired survivor size 44040192 bytes, new threshold 15 (max threshold 15)
[2023-07-17T19:09:38.014+0000][67][info ][gc,phases   ] GC(6)   Pre Evacuate Collection Set: 0.8ms
[2023-07-17T19:09:38.016+0000][67][info ][gc,phases   ] GC(6)   Merge Heap Roots: 0.2ms
[2023-07-17T19:09:38.017+0000][67][info ][gc,phases   ] GC(6)   Evacuate Collection Set: 16.4ms
[2023-07-17T19:09:38.019+0000][67][info ][gc,phases   ] GC(6)   Post Evacuate Collection Set: 2.9ms
[2023-07-17T19:09:38.020+0000][67][info ][gc,phases   ] GC(6)   Other: 3.1ms
[2023-07-17T19:09:38.021+0000][67][trace][gc,age      ] GC(6) Age table with threshold 15 (max threshold 15)
[2023-07-17T19:09:38.023+0000][67][trace][gc,age      ] GC(6) - age   1:    1349928 bytes,    1349928 total
[2023-07-17T19:09:38.024+0000][67][trace][gc,age      ] GC(6) - age   2:    8284320 bytes,    9634248 total
[2023-07-17T19:09:38.025+0000][67][trace][gc,age      ] GC(6) - age   3:    4286088 bytes,   13920336 total
[2023-07-17T19:09:38.026+0000][67][trace][gc,age      ] GC(6) - age   4:    5092872 bytes,   19013208 total
[2023-07-17T19:09:38.027+0000][67][trace][gc,age      ] GC(6) - age   5:    1055072 bytes,   20068280 total
[2023-07-17T19:09:38.028+0000][67][trace][gc,age      ] GC(6) - age   6:    9579576 bytes,   29647856 total
[2023-07-17T19:09:38.029+0000][67][info ][gc,heap     ] GC(6) Eden regions: 35->0(180)
[2023-07-17T19:09:38.031+0000][67][info ][gc,heap     ] GC(6) Survivor regions: 8->8(21)
[2023-07-17T19:09:38.032+0000][67][info ][gc,heap     ] GC(6) Old regions: 0->0
[2023-07-17T19:09:38.034+0000][67][info ][gc,heap     ] GC(6) Archive regions: 2->2
[2023-07-17T19:09:38.035+0000][67][info ][gc,heap     ] GC(6) Humongous regions: 0->0
[2023-07-17T19:09:38.037+0000][67][info ][gc,metaspace] GC(6) Metaspace: 35095K(35968K)->35095K(35968K) NonClass: 31065K(31616K)->31065K(31616K) Class: 4030K(4352K)->4030K(4352K)
[2023-07-17T19:09:38.039+0000][67][info ][gc          ] GC(6) Pause Young (Concurrent Start) (Metadata GC Threshold) 170M->34M(3932M) 49.398ms
[2023-07-17T19:09:38.042+0000][67][info ][gc,cpu      ] GC(6) User=0.06s Sys=0.01s Real=0.05s
[2023-07-17T19:09:38.042+0000][67][info ][gc          ] GC(7) Concurrent Mark Cycle
[2023-07-17T19:09:38.044+0000][67][info ][gc,marking  ] GC(7) Concurrent Clear Claimed Marks
[2023-07-17T19:09:38.045+0000][67][info ][gc,marking  ] GC(7) Concurrent Clear Claimed Marks 1.027ms
[2023-07-17T19:09:38.046+0000][67][info ][gc,marking  ] GC(7) Concurrent Scan Root Regions
[2023-07-17T19:09:38.043+0000][67][info ][safepoint   ] Safepoint "CollectForMetadataAllocation", Time since last: 693552274 ns, Reaching safepoint: 219055 ns, At safepoint: 53883676 ns, Total: 54102731 ns
[2023-07-17T19:09:38.057+0000][67][info ][gc,marking  ] GC(7) Concurrent Scan Root Regions 10.618ms
[2023-07-17T19:09:38.061+0000][67][info ][gc,marking  ] GC(7) Concurrent Mark
[2023-07-17T19:09:38.062+0000][67][info ][gc,marking  ] GC(7) Concurrent Mark From Roots
[2023-07-17T19:09:38.064+0000][67][info ][gc,task     ] GC(7) Using 2 workers of 2 for marking
[2023-07-17T19:09:38.069+0000][67][info ][gc,marking  ] GC(7) Concurrent Mark From Roots 6.291ms
[2023-07-17T19:09:38.070+0000][67][info ][gc,marking  ] GC(7) Concurrent Preclean
[2023-07-17T19:09:38.071+0000][67][info ][gc,marking  ] GC(7) Concurrent Preclean 1.087ms
[2023-07-17T19:09:38.081+0000][67][info ][gc,start    ] GC(7) Pause Remark
[2023-07-17T19:09:38.093+0000][67][info ][gc          ] GC(7) Pause Remark 38M->38M(3932M) 12.324ms
[2023-07-17T19:09:38.095+0000][67][info ][gc,cpu      ] GC(7) User=0.02s Sys=0.00s Real=0.02s
[2023-07-17T19:09:38.097+0000][67][info ][safepoint   ] Safepoint "G1PauseRemark", Time since last: 28853185 ns, Reaching safepoint: 8678195 ns, At safepoint: 16090426 ns, Total: 24768621 ns
[2023-07-17T19:09:38.099+0000][67][info ][gc,marking  ] GC(7) Concurrent Mark 38.161ms
[2023-07-17T19:09:38.100+0000][67][info ][gc,marking  ] GC(7) Concurrent Rebuild Remembered Sets
[2023-07-17T19:09:38.101+0000][67][info ][gc,marking  ] GC(7) Concurrent Rebuild Remembered Sets 1.005ms
[2023-07-17T19:09:38.106+0000][67][info ][gc,start    ] GC(7) Pause Cleanup
[2023-07-17T19:09:38.110+0000][67][info ][gc          ] GC(7) Pause Cleanup 38M->38M(3932M) 3.793ms
[2023-07-17T19:09:38.112+0000][67][info ][gc,cpu      ] GC(7) User=0.00s Sys=0.00s Real=0.00s
[2023-07-17T19:09:38.113+0000][67][info ][safepoint   ] Safepoint "G1PauseCleanup", Time since last: 5543050 ns, Reaching safepoint: 3232761 ns, At safepoint: 7342724 ns, Total: 10575485 ns
[2023-07-17T19:09:38.115+0000][67][info ][gc,marking  ] GC(7) Concurrent Cleanup for Next Mark
[2023-07-17T19:09:38.131+0000][67][info ][gc,marking  ] GC(7) Concurrent Cleanup for Next Mark 15.661ms
[2023-07-17T19:09:38.133+0000][67][info ][gc          ] GC(7) Concurrent Mark Cycle 90.846ms
[2023-07-17T19:09:39.116+0000][67][info ][safepoint   ] Safepoint "Cleanup", Time since last: 1002092290 ns, Reaching safepoint: 490840 ns, At safepoint: 46644 ns, Total: 537484 ns
[2023-07-17T19:09:40.350+0000][67][info ][safepoint   ] Safepoint "ICBufferFull", Time since last: 1234105171 ns, Reaching safepoint: 305575 ns, At safepoint: 5228 ns, Total: 310803 ns
[2023-07-17T19:09:41.844+0000][67][info ][safepoint   ] Safepoint "ICBufferFull", Time since last: 1493136978 ns, Reaching safepoint: 386680 ns, At safepoint: 11132 ns, Total: 397812 ns
[2023-07-17T19:09:42.851+0000][67][info ][safepoint   ] Safepoint "Cleanup", Time since last: 1003531864 ns, Reaching safepoint: 3904501 ns, At safepoint: 82245 ns, Total: 3986746 ns
[2023-07-17T19:09:44.265+0000][67][info ][safepoint   ] Safepoint "ICBufferFull", Time since last: 1412955440 ns, Reaching safepoint: 554479 ns, At safepoint: 7571 ns, Total: 562050 ns
[2023-07-17T19:09:45.266+0000][67][info ][safepoint   ] Safepoint "Cleanup", Time since last: 1001355059 ns, Reaching safepoint: 117124 ns, At safepoint: 4384 ns, Total: 121508 ns
[2023-07-17T19:09:46.927+0000][67][info ][safepoint   ] Safepoint "ICBufferFull", Time since last: 1660679046 ns, Reaching safepoint: 453291 ns, At safepoint: 7369 ns, Total: 460660 ns
[2023-07-17T19:09:47.739+0000][67][info ][gc,start    ] GC(8) Pause Young (Concurrent Start) (Metadata GC Threshold)
[2023-07-17T19:09:47.743+0000][67][info ][gc,task     ] GC(8) Using 6 workers of 6 for evacuation
[2023-07-17T19:09:47.748+0000][67][debug][gc,age      ] GC(8) Desired survivor size 50331648 bytes, new threshold 15 (max threshold 15)
[2023-07-17T19:09:47.804+0000][67][info ][gc,phases   ] GC(8)   Pre Evacuate Collection Set: 0.4ms
[2023-07-17T19:09:47.807+0000][67][info ][gc,phases   ] GC(8)   Merge Heap Roots: 0.1ms
[2023-07-17T19:09:47.809+0000][67][info ][gc,phases   ] GC(8)   Evacuate Collection Set: 48.5ms
[2023-07-17T19:09:47.811+0000][67][info ][gc,phases   ] GC(8)   Post Evacuate Collection Set: 4.9ms
[2023-07-17T19:09:47.813+0000][67][info ][gc,phases   ] GC(8)   Other: 7.2ms
[2023-07-17T19:09:47.817+0000][67][trace][gc,age      ] GC(8) Age table with threshold 15 (max threshold 15)
[2023-07-17T19:09:47.818+0000][67][trace][gc,age      ] GC(8) - age   1:   25243224 bytes,   25243224 total
[2023-07-17T19:09:47.820+0000][67][trace][gc,age      ] GC(8) - age   2:    1295664 bytes,   26538888 total
[2023-07-17T19:09:47.822+0000][67][trace][gc,age      ] GC(8) - age   3:    8251608 bytes,   34790496 total
[2023-07-17T19:09:47.825+0000][67][trace][gc,age      ] GC(8) - age   4:    4276480 bytes,   39066976 total
[2023-07-17T19:09:47.826+0000][67][trace][gc,age      ] GC(8) - age   5:    5065488 bytes,   44132464 total
[2023-07-17T19:09:47.827+0000][67][trace][gc,age      ] GC(8) - age   6:    1050704 bytes,   45183168 total
[2023-07-17T19:09:47.829+0000][67][trace][gc,age      ] GC(8) - age   7:    9510936 bytes,   54694104 total
[2023-07-17T19:09:47.831+0000][67][info ][gc,heap     ] GC(8) Eden regions: 115->0(202)
[2023-07-17T19:09:47.833+0000][67][info ][gc,heap     ] GC(8) Survivor regions: 8->14(24)
[2023-07-17T19:09:47.835+0000][67][info ][gc,heap     ] GC(8) Old regions: 0->0
[2023-07-17T19:09:47.837+0000][67][info ][gc,heap     ] GC(8) Archive regions: 2->2
[2023-07-17T19:09:47.839+0000][67][info ][gc,heap     ] GC(8) Humongous regions: 0->0
[2023-07-17T19:09:47.840+0000][67][info ][gc,metaspace] GC(8) Metaspace: 58752K(60096K)->58752K(60096K) NonClass: 51497K(52288K)->51497K(52288K) Class: 7255K(7808K)->7255K(7808K)
[2023-07-17T19:09:47.842+0000][67][info ][gc          ] GC(8) Pause Young (Concurrent Start) (Metadata GC Threshold) 492M->59M(3932M) 102.858ms
[2023-07-17T19:09:47.843+0000][67][info ][gc          ] GC(9) Concurrent Mark Cycle
[2023-07-17T19:09:47.846+0000][67][info ][gc,marking  ] GC(9) Concurrent Clear Claimed Marks
[2023-07-17T19:09:47.843+0000][67][info ][gc,cpu      ] GC(8) User=0.19s Sys=0.01s Real=0.10s
[2023-07-17T19:09:47.848+0000][67][info ][gc,marking  ] GC(9) Concurrent Clear Claimed Marks 1.888ms
[2023-07-17T19:09:47.850+0000][67][info ][gc,marking  ] GC(9) Concurrent Scan Root Regions
[2023-07-17T19:09:47.849+0000][67][info ][safepoint   ] Safepoint "CollectForMetadataAllocation", Time since last: 811099037 ns, Reaching safepoint: 281666 ns, At safepoint: 110235042 ns, Total: 110516708 ns
[2023-07-17T19:09:47.885+0000][67][info ][gc,marking  ] GC(9) Concurrent Scan Root Regions 34.959ms
[2023-07-17T19:09:47.893+0000][67][info ][gc,marking  ] GC(9) Concurrent Mark
[2023-07-17T19:09:47.896+0000][67][info ][gc,marking  ] GC(9) Concurrent Mark From Roots
[2023-07-17T19:09:47.897+0000][67][info ][gc,task     ] GC(9) Using 2 workers of 2 for marking
[2023-07-17T19:09:47.900+0000][67][info ][gc,marking  ] GC(9) Concurrent Mark From Roots 4.841ms
[2023-07-17T19:09:47.902+0000][67][info ][gc,marking  ] GC(9) Concurrent Preclean
[2023-07-17T19:09:47.904+0000][67][info ][gc,marking  ] GC(9) Concurrent Preclean 1.886ms
[2023-07-17T19:09:47.906+0000][67][info ][gc,start    ] GC(9) Pause Remark
[2023-07-17T19:09:47.916+0000][67][info ][gc          ] GC(9) Pause Remark 61M->61M(3932M) 10.235ms
[2023-07-17T19:09:47.918+0000][67][info ][gc,cpu      ] GC(9) User=0.02s Sys=0.00s Real=0.01s
[2023-07-17T19:09:47.920+0000][67][info ][safepoint   ] Safepoint "G1PauseRemark", Time since last: 56797835 ns, Reaching safepoint: 261871 ns, At safepoint: 14050190 ns, Total: 14312061 ns
[2023-07-17T19:09:47.922+0000][67][info ][gc,marking  ] GC(9) Concurrent Mark 28.382ms
[2023-07-17T19:09:47.923+0000][67][info ][gc,marking  ] GC(9) Concurrent Rebuild Remembered Sets
[2023-07-17T19:09:47.925+0000][67][info ][gc,marking  ] GC(9) Concurrent Rebuild Remembered Sets 1.454ms
[2023-07-17T19:09:47.927+0000][67][info ][gc,start    ] GC(9) Pause Cleanup
[2023-07-17T19:09:47.929+0000][67][info ][gc          ] GC(9) Pause Cleanup 61M->61M(3932M) 1.654ms
[2023-07-17T19:09:47.931+0000][67][info ][gc,cpu      ] GC(9) User=0.00s Sys=0.00s Real=0.00s
[2023-07-17T19:09:47.933+0000][67][info ][safepoint   ] Safepoint "G1PauseCleanup", Time since last: 6351531 ns, Reaching safepoint: 815559 ns, At safepoint: 5424600 ns, Total: 6240159 ns
[2023-07-17T19:09:47.936+0000][67][info ][gc,marking  ] GC(9) Concurrent Cleanup for Next Mark
[2023-07-17T19:09:47.945+0000][67][info ][gc,marking  ] GC(9) Concurrent Cleanup for Next Mark 9.458ms
[2023-07-17T19:09:47.947+0000][67][info ][gc          ] GC(9) Concurrent Mark Cycle 103.536ms
[2023-07-17T19:09:48.942+0000][67][info ][safepoint   ] Safepoint "Cleanup", Time since last: 1005715426 ns, Reaching safepoint: 3262703 ns, At safepoint: 86270 ns, Total: 3348973 ns
[2023-07-17T19:09:49.945+0000][67][info ][safepoint   ] Safepoint "Cleanup", Time since last: 1003036462 ns, Reaching safepoint: 359992 ns, At safepoint: 9983 ns, Total: 369975 ns
[2023-07-17T19:09:50.948+0000][67][info ][safepoint   ] Safepoint "Cleanup", Time since last: 1002683065 ns, Reaching safepoint: 359553 ns, At safepoint: 8975 ns, Total: 368528 ns
[2023-07-17T19:09:52.336+0000][67][info ][safepoint   ] Safepoint "Cleanup", Time since last: 1385951521 ns, Reaching safepoint: 2333527 ns, At safepoint: 29070 ns, Total: 2362597 ns
[2023-07-17T19:09:53.456+0000][67][info ][safepoint   ] Safepoint "Cleanup", Time since last: 1118712423 ns, Reaching safepoint: 877804 ns, At safepoint: 11748 ns, Total: 889552 ns
[2023-07-17T19:09:54.459+0000][67][info ][safepoint   ] Safepoint "Cleanup", Time since last: 1002520405 ns, Reaching safepoint: 230398 ns, At safepoint: 41533 ns, Total: 271931 ns
[2023-07-17T19:09:55.653+0000][67][info ][safepoint   ] Safepoint "Cleanup", Time since last: 1190518381 ns, Reaching safepoint: 3226120 ns, At safepoint: 50800 ns, Total: 3276920 ns
[2023-07-17T19:09:56.287+0000][67][info ][gc,start    ] GC(10) Pause Young (Concurrent Start) (Metadata GC Threshold)
[2023-07-17T19:09:56.289+0000][67][info ][gc,task     ] GC(10) Using 6 workers of 6 for evacuation
[2023-07-17T19:09:56.290+0000][67][debug][gc,age      ] GC(10) Desired survivor size 56623104 bytes, new threshold 15 (max threshold 15)
[2023-07-17T19:09:56.407+0000][67][info ][gc,phases   ] GC(10)   Pre Evacuate Collection Set: 0.7ms
[2023-07-17T19:09:56.409+0000][67][info ][gc,phases   ] GC(10)   Merge Heap Roots: 0.1ms
[2023-07-17T19:09:56.411+0000][67][info ][gc,phases   ] GC(10)   Evacuate Collection Set: 95.9ms
[2023-07-17T19:09:56.412+0000][67][info ][gc,phases   ] GC(10)   Post Evacuate Collection Set: 18.7ms
[2023-07-17T19:09:56.414+0000][67][info ][gc,phases   ] GC(10)   Other: 2.9ms
[2023-07-17T19:09:56.415+0000][67][trace][gc,age      ] GC(10) Age table with threshold 15 (max threshold 15)
[2023-07-17T19:09:56.416+0000][67][trace][gc,age      ] GC(10) - age   1:   15702408 bytes,   15702408 total
[2023-07-17T19:09:56.417+0000][67][trace][gc,age      ] GC(10) - age   2:   24688176 bytes,   40390584 total
[2023-07-17T19:09:56.419+0000][67][trace][gc,age      ] GC(10) - age   3:    1283120 bytes,   41673704 total
[2023-07-17T19:09:56.420+0000][67][trace][gc,age      ] GC(10) - age   4:    8195136 bytes,   49868840 total
[2023-07-17T19:09:56.422+0000][67][trace][gc,age      ] GC(10) - age   5:    4251112 bytes,   54119952 total
[2023-07-17T19:09:56.423+0000][67][trace][gc,age      ] GC(10) - age   6:    5046304 bytes,   59166256 total
[2023-07-17T19:09:56.424+0000][67][trace][gc,age      ] GC(10) - age   7:    1044568 bytes,   60210824 total
[2023-07-17T19:09:56.426+0000][67][trace][gc,age      ] GC(10) - age   8:    9487112 bytes,   69697936 total
[2023-07-17T19:09:56.427+0000][67][info ][gc,heap     ] GC(10) Eden regions: 114->0(77)
[2023-07-17T19:09:56.428+0000][67][info ][gc,heap     ] GC(10) Survivor regions: 14->18(27)
[2023-07-17T19:09:56.430+0000][67][info ][gc,heap     ] GC(10) Old regions: 0->0
[2023-07-17T19:09:56.432+0000][67][info ][gc,heap     ] GC(10) Archive regions: 2->2
[2023-07-17T19:09:56.433+0000][67][info ][gc,heap     ] GC(10) Humongous regions: 0->0
[2023-07-17T19:09:56.434+0000][67][info ][gc,metaspace] GC(10) Metaspace: 98631K(100736K)->98631K(100736K) NonClass: 85848K(86976K)->85848K(86976K) Class: 12782K(13760K)->12782K(13760K)
[2023-07-17T19:09:56.436+0000][67][info ][gc          ] GC(10) Pause Young (Concurrent Start) (Metadata GC Threshold) 515M->73M(3932M) 148.146ms
[2023-07-17T19:09:56.440+0000][67][info ][gc,cpu      ] GC(10) User=0.21s Sys=0.00s Real=0.15s
[2023-07-17T19:09:56.440+0000][67][info ][gc          ] GC(11) Concurrent Mark Cycle
[2023-07-17T19:09:56.441+0000][67][info ][gc,marking  ] GC(11) Concurrent Clear Claimed Marks
[2023-07-17T19:09:56.443+0000][67][info ][gc,marking  ] GC(11) Concurrent Clear Claimed Marks 1.194ms
[2023-07-17T19:09:56.446+0000][67][info ][gc,marking  ] GC(11) Concurrent Scan Root Regions
[2023-07-17T19:09:56.447+0000][67][info ][safepoint   ] Safepoint "CollectForMetadataAllocation", Time since last: 634645078 ns, Reaching safepoint: 115518 ns, At safepoint: 159918610 ns, Total: 160034128 ns
[2023-07-17T19:09:56.500+0000][67][info ][gc,marking  ] GC(11) Concurrent Scan Root Regions 54.121ms
[2023-07-17T19:09:56.504+0000][67][info ][gc,marking  ] GC(11) Concurrent Mark
[2023-07-17T19:09:56.506+0000][67][info ][gc,marking  ] GC(11) Concurrent Mark From Roots
[2023-07-17T19:09:56.508+0000][67][info ][gc,task     ] GC(11) Using 2 workers of 2 for marking
[2023-07-17T19:09:56.524+0000][67][info ][gc,marking  ] GC(11) Concurrent Mark From Roots 17.554ms
[2023-07-17T19:09:56.528+0000][67][info ][gc,marking  ] GC(11) Concurrent Preclean
[2023-07-17T19:09:56.529+0000][67][info ][gc,marking  ] GC(11) Concurrent Preclean 1.240ms
[2023-07-17T19:09:56.531+0000][67][info ][gc,start    ] GC(11) Pause Remark
[2023-07-17T19:09:56.549+0000][67][info ][gc          ] GC(11) Pause Remark 83M->83M(3932M) 17.769ms
[2023-07-17T19:09:56.550+0000][67][info ][gc,cpu      ] GC(11) User=0.02s Sys=0.00s Real=0.02s
[2023-07-17T19:09:56.552+0000][67][info ][safepoint   ] Safepoint "G1PauseRemark", Time since last: 82774906 ns, Reaching safepoint: 894357 ns, At safepoint: 21095328 ns, Total: 21989685 ns
[2023-07-17T19:09:56.555+0000][67][info ][gc,marking  ] GC(11) Concurrent Mark 50.107ms
[2023-07-17T19:09:56.559+0000][67][info ][gc,marking  ] GC(11) Concurrent Rebuild Remembered Sets
[2023-07-17T19:09:56.560+0000][67][info ][gc,marking  ] GC(11) Concurrent Rebuild Remembered Sets 1.183ms
[2023-07-17T19:09:56.562+0000][67][info ][gc,start    ] GC(11) Pause Cleanup
[2023-07-17T19:09:56.563+0000][67][info ][gc          ] GC(11) Pause Cleanup 83M->83M(3932M) 1.188ms
[2023-07-17T19:09:56.564+0000][67][info ][gc,cpu      ] GC(11) User=0.00s Sys=0.00s Real=0.01s
[2023-07-17T19:09:56.565+0000][67][info ][safepoint   ] Safepoint "G1PauseCleanup", Time since last: 9108139 ns, Reaching safepoint: 514357 ns, At safepoint: 3340596 ns, Total: 3854953 ns
[2023-07-17T19:09:56.566+0000][67][info ][gc,marking  ] GC(11) Concurrent Cleanup for Next Mark
[2023-07-17T19:09:56.572+0000][67][info ][gc,marking  ] GC(11) Concurrent Cleanup for Next Mark 5.732ms
[2023-07-17T19:09:56.578+0000][67][info ][gc          ] GC(11) Concurrent Mark Cycle 137.897ms
[2023-07-17T19:09:57.569+0000][67][info ][safepoint   ] Safepoint "Cleanup", Time since last: 1003326033 ns, Reaching safepoint: 622911 ns, At safepoint: 7310 ns, Total: 630221 ns
[2023-07-17T19:09:58.930+0000][67][info ][safepoint   ] Safepoint "ICBufferFull", Time since last: 1360562584 ns, Reaching safepoint: 559460 ns, At safepoint: 53068 ns, Total: 612528 ns
[2023-07-17T19:09:59.938+0000][67][info ][safepoint   ] Safepoint "Cleanup", Time since last: 1001777805 ns, Reaching safepoint: 5866771 ns, At safepoint: 19753 ns, Total: 5886524 ns
[2023-07-17T19:10:01.420+0000][67][info ][safepoint   ] Safepoint "Cleanup", Time since last: 1480910831 ns, Reaching safepoint: 1244811 ns, At safepoint: 25423 ns, Total: 1270234 ns
[2023-07-17T19:10:02.489+0000][67][info ][safepoint   ] Safepoint "Cleanup", Time since last: 1065944362 ns, Reaching safepoint: 2552588 ns, At safepoint: 183522 ns, Total: 2736110 ns
[2023-07-17T19:10:03.511+0000][67][info ][safepoint   ] Safepoint "Cleanup", Time since last: 1021725072 ns, Reaching safepoint: 342466 ns, At safepoint: 42531 ns, Total: 384997 ns
[2023-07-17T19:10:04.514+0000][67][info ][safepoint   ] Safepoint "Cleanup", Time since last: 1002012152 ns, Reaching safepoint: 964320 ns, At safepoint: 38453 ns, Total: 1002773 ns
[2023-07-17T19:10:06.016+0000][67][info ][safepoint   ] Safepoint "Cleanup", Time since last: 1501537483 ns, Reaching safepoint: 458914 ns, At safepoint: 52509 ns, Total: 511423 ns
[2023-07-17T19:10:07.128+0000][67][info ][safepoint   ] Safepoint "Cleanup", Time since last: 1101885707 ns, Reaching safepoint: 9813333 ns, At safepoint: 161441 ns, Total: 9974774 ns
[2023-07-17T19:10:08.161+0000][67][info ][safepoint   ] Safepoint "Cleanup", Time since last: 1019040119 ns, Reaching safepoint: 11085496 ns, At safepoint: 2403568 ns, Total: 13489064 ns
[2023-07-17T19:10:09.438+0000][67][info ][safepoint   ] Safepoint "ICBufferFull", Time since last: 1276552025 ns, Reaching safepoint: 604990 ns, At safepoint: 143452 ns, Total: 748442 ns
[2023-07-17T19:10:10.161+0000][67][info ][safepoint   ] Safepoint "ICBufferFull", Time since last: 723273387 ns, Reaching safepoint: 359345 ns, At safepoint: 144831 ns, Total: 504176 ns
[2023-07-17T19:10:11.168+0000][67][info ][safepoint   ] Safepoint "Cleanup", Time since last: 1005201818 ns, Reaching safepoint: 1016304 ns, At safepoint: 22919 ns, Total: 1039223 ns
[2023-07-17T19:10:12.235+0000][67][info ][safepoint   ] Safepoint "Cleanup", Time since last: 1064120448 ns, Reaching safepoint: 3281189 ns, At safepoint: 211814 ns, Total: 3493003 ns
[2023-07-17T19:10:13.077+0000][67][info ][safepoint   ] Safepoint "ICBufferFull", Time since last: 840814518 ns, Reaching safepoint: 356714 ns, At safepoint: 93012 ns, Total: 449726 ns
[2023-07-17T19:10:14.084+0000][67][info ][safepoint   ] Safepoint "Cleanup", Time since last: 1007414866 ns, Reaching safepoint: 158591 ns, At safepoint: 19985 ns, Total: 178576 ns
[2023-07-17T19:10:15.090+0000][67][info ][safepoint   ] Safepoint "Cleanup", Time since last: 1004080416 ns, Reaching safepoint: 545510 ns, At safepoint: 52964 ns, Total: 598474 ns
[2023-07-17T19:10:16.236+0000][67][info ][safepoint   ] Safepoint "Cleanup", Time since last: 1145647024 ns, Reaching safepoint: 305518 ns, At safepoint: 20038 ns, Total: 325556 ns
[2023-07-17T19:10:17.378+0000][67][info ][safepoint   ] Safepoint "Cleanup", Time since last: 1142030229 ns, Reaching safepoint: 611602 ns, At safepoint: 53014 ns, Total: 664616 ns
[2023-07-17T19:10:18.827+0000][67][info ][safepoint   ] Safepoint "Cleanup", Time since last: 1448791237 ns, Reaching safepoint: 296443 ns, At safepoint: 15450 ns, Total: 311893 ns
[2023-07-17T19:10:19.830+0000][67][info ][safepoint   ] Safepoint "Cleanup", Time since last: 1002336516 ns, Reaching safepoint: 117262 ns, At safepoint: 7508 ns, Total: 124770 ns
[2023-07-17T19:10:20.869+0000][67][info ][gc,start    ] GC(12) Pause Young (Normal) (G1 Evacuation Pause)
[2023-07-17T19:10:20.872+0000][67][info ][gc,task     ] GC(12) Using 6 workers of 6 for evacuation
[2023-07-17T19:10:20.873+0000][67][debug][gc,age      ] GC(12) Desired survivor size 25165824 bytes, new threshold 2 (max threshold 15)
[2023-07-17T19:10:21.034+0000][67][info ][gc,phases   ] GC(12)   Pre Evacuate Collection Set: 0.8ms
[2023-07-17T19:10:21.036+0000][67][info ][gc,phases   ] GC(12)   Merge Heap Roots: 9.9ms
[2023-07-17T19:10:21.038+0000][67][info ][gc,phases   ] GC(12)   Evacuate Collection Set: 134.0ms
[2023-07-17T19:10:21.040+0000][67][info ][gc,phases   ] GC(12)   Post Evacuate Collection Set: 14.5ms
[2023-07-17T19:10:21.041+0000][67][info ][gc,phases   ] GC(12)   Other: 3.1ms
[2023-07-17T19:10:21.043+0000][67][trace][gc,age      ] GC(12) Age table with threshold 2 (max threshold 15)
[2023-07-17T19:10:21.045+0000][67][trace][gc,age      ] GC(12) - age   1:   17568680 bytes,   17568680 total
[2023-07-17T19:10:21.048+0000][67][trace][gc,age      ] GC(12) - age   2:   14720144 bytes,   32288824 total
[2023-07-17T19:10:21.051+0000][67][info ][gc,heap     ] GC(12) Eden regions: 77->0(315)
[2023-07-17T19:10:21.052+0000][67][info ][gc,heap     ] GC(12) Survivor regions: 18->9(12)
[2023-07-17T19:10:21.054+0000][67][info ][gc,heap     ] GC(12) Old regions: 0->14
[2023-07-17T19:10:21.057+0000][67][info ][gc,heap     ] GC(12) Archive regions: 2->2
[2023-07-17T19:10:21.058+0000][67][info ][gc,heap     ] GC(12) Humongous regions: 0->0
[2023-07-17T19:10:21.060+0000][67][info ][gc,metaspace] GC(12) Metaspace: 120172K(123200K)->120172K(123200K) NonClass: 104302K(105856K)->104302K(105856K) Class: 15869K(17344K)->15869K(17344K)
[2023-07-17T19:10:21.062+0000][67][info ][gc          ] GC(12) Pause Young (Normal) (G1 Evacuation Pause) 381M->90M(3932M) 192.155ms
[2023-07-17T19:10:21.063+0000][67][info ][gc,cpu      ] GC(12) User=0.28s Sys=0.01s Real=0.19s
[2023-07-17T19:10:21.065+0000][67][info ][safepoint   ] Safepoint "G1CollectForAllocation", Time since last: 1039570530 ns, Reaching safepoint: 96509 ns, At safepoint: 195551377 ns, Total: 195647886 ns
[2023-07-17T19:10:22.066+0000][67][info ][safepoint   ] Safepoint "Cleanup", Time since last: 1001344727 ns, Reaching safepoint: 151344 ns, At safepoint: 14620 ns, Total: 165964 ns
[2023-07-17T19:10:23.069+0000][67][info ][safepoint   ] Safepoint "Cleanup", Time since last: 1001879104 ns, Reaching safepoint: 233515 ns, At safepoint: 59488 ns, Total: 293003 ns
[2023-07-17T19:10:24.072+0000][67][info ][safepoint   ] Safepoint "Cleanup", Time since last: 1002704389 ns, Reaching safepoint: 350743 ns, At safepoint: 19650 ns, Total: 370393 ns
[2023-07-17T19:10:25.528+0000][67][info ][safepoint   ] Safepoint "Cleanup", Time since last: 1455321463 ns, Reaching safepoint: 445310 ns, At safepoint: 17219 ns, Total: 462529 ns
[2023-07-17T19:10:26.530+0000][67][info ][safepoint   ] Safepoint "Cleanup", Time since last: 1001968203 ns, Reaching safepoint: 168127 ns, At safepoint: 4997 ns, Total: 173124 ns
[2023-07-17T19:10:27.532+0000][67][info ][safepoint   ] Safepoint "Cleanup", Time since last: 1001850401 ns, Reaching safepoint: 234909 ns, At safepoint: 13773 ns, Total: 248682 ns
[2023-07-17T19:10:28.536+0000][67][info ][safepoint   ] Safepoint "Cleanup", Time since last: 1003855220 ns, Reaching safepoint: 192771 ns, At safepoint: 15064 ns, Total: 207835 ns
[2023-07-17T19:10:29.756+0000][67][info ][safepoint   ] Safepoint "Cleanup", Time since last: 1219763284 ns, Reaching safepoint: 541406 ns, At safepoint: 90163 ns, Total: 631569 ns
[2023-07-17T19:10:30.758+0000][67][info ][safepoint   ] Safepoint "Cleanup", Time since last: 1002029510 ns, Reaching safepoint: 145290 ns, At safepoint: 18511 ns, Total: 163801 ns
[2023-07-17T19:10:31.760+0000][67][info ][safepoint   ] Safepoint "Cleanup", Time since last: 1001347228 ns, Reaching safepoint: 97728 ns, At safepoint: 3578 ns, Total: 101306 ns
[2023-07-17T19:10:32.762+0000][67][info ][safepoint   ] Safepoint "Cleanup", Time since last: 1001662690 ns, Reaching safepoint: 380422 ns, At safepoint: 12641 ns, Total: 393063 ns
[2023-07-17T19:10:33.526+0000][67][info ][safepoint   ] Safepoint "ICBufferFull", Time since last: 763084898 ns, Reaching safepoint: 567240 ns, At safepoint: 27261 ns, Total: 594501 ns
[2023-07-17T19:10:33.546+0000][67][info ][safepoint   ] Safepoint "ICBufferFull", Time since last: 18053415 ns, Reaching safepoint: 2348604 ns, At safepoint: 56632 ns, Total: 2405236 ns
[2023-07-17T19:10:33.982+0000][67][info ][safepoint   ] Safepoint "ICBufferFull", Time since last: 429643849 ns, Reaching safepoint: 6242168 ns, At safepoint: 86287 ns, Total: 6328455 ns
[2023-07-17T19:10:35.158+0000][67][info ][safepoint   ] Safepoint "Cleanup", Time since last: 1175124937 ns, Reaching safepoint: 500895 ns, At safepoint: 121533 ns, Total: 622428 ns
[2023-07-17T19:10:36.733+0000][67][info ][safepoint   ] Safepoint "Cleanup", Time since last: 1574249771 ns, Reaching safepoint: 452148 ns, At safepoint: 89105 ns, Total: 541253 ns
[2023-07-17T19:10:37.520+0000][67][info ][safepoint   ] Safepoint "ICBufferFull", Time since last: 787198905 ns, Reaching safepoint: 362947 ns, At safepoint: 23382 ns, Total: 386329 ns
[2023-07-17T19:10:38.445+0000][67][info ][safepoint   ] Safepoint "ICBufferFull", Time since last: 923727780 ns, Reaching safepoint: 1276691 ns, At safepoint: 198374 ns, Total: 1475065 ns
[2023-07-17T19:10:39.725+0000][67][info ][safepoint   ] Safepoint "Cleanup", Time since last: 1279245439 ns, Reaching safepoint: 285944 ns, At safepoint: 80952 ns, Total: 366896 ns
[2023-07-17T19:10:40.729+0000][67][info ][safepoint   ] Safepoint "Cleanup", Time since last: 1003464170 ns, Reaching safepoint: 235551 ns, At safepoint: 4502 ns, Total: 240053 ns
[2023-07-17T19:10:41.731+0000][67][info ][safepoint   ] Safepoint "Cleanup", Time since last: 1001610016 ns, Reaching safepoint: 358563 ns, At safepoint: 51792 ns, Total: 410355 ns
[2023-07-17T19:10:42.776+0000][67][info ][safepoint   ] Safepoint "Cleanup", Time since last: 1044867287 ns, Reaching safepoint: 191989 ns, At safepoint: 31366 ns, Total: 223355 ns
[2023-07-17T19:10:43.889+0000][67][info ][safepoint   ] Safepoint "Cleanup", Time since last: 1113215604 ns, Reaching safepoint: 289263 ns, At safepoint: 40824 ns, Total: 330087 ns
[2023-07-17T19:10:44.961+0000][67][info ][safepoint   ] Safepoint "Cleanup", Time since last: 1072446086 ns, Reaching safepoint: 277911 ns, At safepoint: 18056 ns, Total: 295967 ns
[2023-07-17T19:10:46.069+0000][67][info ][safepoint   ] Safepoint "Cleanup", Time since last: 1107443205 ns, Reaching safepoint: 221414 ns, At safepoint: 61020 ns, Total: 282434 ns
[2023-07-17T19:10:47.071+0000][67][info ][safepoint   ] Safepoint "Cleanup", Time since last: 1001361810 ns, Reaching safepoint: 274504 ns, At safepoint: 3966 ns, Total: 278470 ns
[2023-07-17T19:10:48.073+0000][67][info ][safepoint   ] Safepoint "Cleanup", Time since last: 1001941328 ns, Reaching safepoint: 283046 ns, At safepoint: 39647 ns, Total: 322693 ns
[2023-07-17T19:10:49.222+0000][67][info ][safepoint   ] Safepoint "Cleanup", Time since last: 1149006108 ns, Reaching safepoint: 158141 ns, At safepoint: 28822 ns, Total: 186963 ns
[2023-07-17T19:10:50.254+0000][67][info ][safepoint   ] Safepoint "Cleanup", Time since last: 1032024155 ns, Reaching safepoint: 140406 ns, At safepoint: 33295 ns, Total: 173701 ns
[2023-07-17T19:10:52.037+0000][67][info ][safepoint   ] Safepoint "Cleanup", Time since last: 1782052096 ns, Reaching safepoint: 270032 ns, At safepoint: 5213 ns, Total: 275245 ns
[2023-07-17T19:10:54.039+0000][67][info ][safepoint   ] Safepoint "Cleanup", Time since last: 2002042229 ns, Reaching safepoint: 259143 ns, At safepoint: 5494 ns, Total: 264637 ns
[2023-07-17T19:10:55.715+0000][67][info ][safepoint   ] Safepoint "Cleanup", Time since last: 1675830159 ns, Reaching safepoint: 181469 ns, At safepoint: 11686 ns, Total: 193155 ns
[2023-07-17T19:10:56.915+0000][67][info ][safepoint   ] Safepoint "Cleanup", Time since last: 1199892283 ns, Reaching safepoint: 220920 ns, At safepoint: 14544 ns, Total: 235464 ns
[2023-07-17T19:10:57.928+0000][67][info ][safepoint   ] Safepoint "Cleanup", Time since last: 1012795521 ns, Reaching safepoint: 282553 ns, At safepoint: 12176 ns, Total: 294729 ns
[2023-07-17T19:10:58.931+0000][67][info ][safepoint   ] Safepoint "Cleanup", Time since last: 1002479085 ns, Reaching safepoint: 391152 ns, At safepoint: 21990 ns, Total: 413142 ns
[2023-07-17T19:11:00.961+0000][67][info ][safepoint   ] Safepoint "Cleanup", Time since last: 2009965893 ns, Reaching safepoint: 19260802 ns, At safepoint: 336680 ns, Total: 19597482 ns
[2023-07-17T19:11:02.088+0000][67][info ][safepoint   ] Safepoint "Cleanup", Time since last: 1126681094 ns, Reaching safepoint: 415349 ns, At safepoint: 48150 ns, Total: 463499 ns
[2023-07-17T19:11:03.241+0000][67][info ][safepoint   ] Safepoint "Cleanup", Time since last: 1152927809 ns, Reaching safepoint: 224850 ns, At safepoint: 80420 ns, Total: 305270 ns
[2023-07-17T19:11:04.405+0000][67][info ][safepoint   ] Safepoint "Cleanup", Time since last: 1163118600 ns, Reaching safepoint: 340912 ns, At safepoint: 100483 ns, Total: 441395 ns
[2023-07-17T19:11:05.407+0000][67][info ][safepoint   ] Safepoint "Cleanup", Time since last: 1001750441 ns, Reaching safepoint: 331521 ns, At safepoint: 13896 ns, Total: 345417 ns
[2023-07-17T19:11:06.409+0000][67][info ][safepoint   ] Safepoint "Cleanup", Time since last: 1001600178 ns, Reaching safepoint: 319469 ns, At safepoint: 8336 ns, Total: 327805 ns
[2023-07-17T19:11:07.754+0000][67][info ][safepoint   ] Safepoint "Cleanup", Time since last: 1344807299 ns, Reaching safepoint: 403765 ns, At safepoint: 60236 ns, Total: 464001 ns
[2023-07-17T19:11:08.843+0000][67][info ][safepoint   ] Safepoint "Cleanup", Time since last: 1089447212 ns, Reaching safepoint: 237006 ns, At safepoint: 4102 ns, Total: 241108 ns
[2023-07-17T19:11:09.846+0000][67][info ][safepoint   ] Safepoint "Cleanup", Time since last: 1001749628 ns, Reaching safepoint: 668531 ns, At safepoint: 37041 ns, Total: 705572 ns
[2023-07-17T19:11:11.850+0000][67][info ][safepoint   ] Safepoint "Cleanup", Time since last: 2003444174 ns, Reaching safepoint: 235960 ns, At safepoint: 4085 ns, Total: 240045 ns
[2023-07-17T19:11:12.873+0000][67][info ][safepoint   ] Safepoint "Cleanup", Time since last: 1022689042 ns, Reaching safepoint: 375399 ns, At safepoint: 43138 ns, Total: 418537 ns
[2023-07-17T19:11:14.459+0000][67][info ][safepoint   ] Safepoint "Cleanup", Time since last: 1586165435 ns, Reaching safepoint: 215689 ns, At safepoint: 7179 ns, Total: 222868 ns
[2023-07-17T19:11:16.054+0000][67][info ][safepoint   ] Safepoint "Cleanup", Time since last: 1595064617 ns, Reaching safepoint: 295022 ns, At safepoint: 4727 ns, Total: 299749 ns
[2023-07-17T19:11:17.057+0000][67][info ][safepoint   ] Safepoint "Cleanup", Time since last: 1001975631 ns, Reaching safepoint: 229789 ns, At safepoint: 4966 ns, Total: 234755 ns
[2023-07-17T19:11:18.560+0000][67][info ][safepoint   ] Safepoint "Cleanup", Time since last: 1502804120 ns, Reaching safepoint: 118691 ns, At safepoint: 55003 ns, Total: 173694 ns
[2023-07-17T19:11:19.894+0000][67][info ][safepoint   ] Safepoint "Cleanup", Time since last: 1334489363 ns, Reaching safepoint: 170380 ns, At safepoint: 90760 ns, Total: 261140 ns
[2023-07-17T19:11:21.772+0000][67][info ][safepoint   ] Safepoint "Cleanup", Time since last: 1877371474 ns, Reaching safepoint: 274802 ns, At safepoint: 11367 ns, Total: 286169 ns
[2023-07-17T19:11:22.774+0000][67][info ][safepoint   ] Safepoint "Cleanup", Time since last: 1001974287 ns, Reaching safepoint: 173783 ns, At safepoint: 3812 ns, Total: 177595 ns
[2023-07-17T19:11:23.834+0000][67][info ][safepoint   ] Safepoint "Cleanup", Time since last: 1058833511 ns, Reaching safepoint: 1038072 ns, At safepoint: 83102 ns, Total: 1121174 ns
[2023-07-17T19:11:25.086+0000][67][info ][safepoint   ] Safepoint "Cleanup", Time since last: 1251299968 ns, Reaching safepoint: 251321 ns, At safepoint: 44301 ns, Total: 295622 ns
[2023-07-17T19:11:26.201+0000][67][info ][safepoint   ] Safepoint "Cleanup", Time since last: 1115227086 ns, Reaching safepoint: 96462 ns, At safepoint: 5271 ns, Total: 101733 ns
[2023-07-17T19:11:27.573+0000][67][info ][safepoint   ] Safepoint "Cleanup", Time since last: 1371222890 ns, Reaching safepoint: 419561 ns, At safepoint: 18821 ns, Total: 438382 ns
[2023-07-17T19:11:28.575+0000][67][info ][safepoint   ] Safepoint "Cleanup", Time since last: 1001788164 ns, Reaching safepoint: 226193 ns, At safepoint: 3992 ns, Total: 230185 ns
[2023-07-17T19:11:30.577+0000][67][info ][safepoint   ] Safepoint "Cleanup", Time since last: 2001791175 ns, Reaching safepoint: 316705 ns, At safepoint: 16019 ns, Total: 332724 ns
[2023-07-17T19:11:31.711+0000][67][info ][safepoint   ] Safepoint "Cleanup", Time since last: 1133891675 ns, Reaching safepoint: 188321 ns, At safepoint: 38659 ns, Total: 226980 ns
[2023-07-17T19:11:32.998+0000][67][info ][safepoint   ] Safepoint "Cleanup", Time since last: 1286407274 ns, Reaching safepoint: 182205 ns, At safepoint: 5109 ns, Total: 187314 ns
[2023-07-17T19:11:33.999+0000][67][info ][safepoint   ] Safepoint "Cleanup", Time since last: 1001498967 ns, Reaching safepoint: 283132 ns, At safepoint: 17660 ns, Total: 300792 ns
[2023-07-17T19:11:36.001+0000][67][info ][safepoint   ] Safepoint "Cleanup", Time since last: 2001706882 ns, Reaching safepoint: 186301 ns, At safepoint: 3468 ns, Total: 189769 ns
[2023-07-17T19:11:37.389+0000][67][info ][safepoint   ] Safepoint "Cleanup", Time since last: 1387081533 ns, Reaching safepoint: 93135 ns, At safepoint: 29543 ns, Total: 122678 ns
[2023-07-17T19:11:38.495+0000][67][info ][safepoint   ] Safepoint "Cleanup", Time since last: 1106494100 ns, Reaching safepoint: 196598 ns, At safepoint: 4144 ns, Total: 200742 ns
[2023-07-17T19:11:39.497+0000][67][info ][safepoint   ] Safepoint "Cleanup", Time since last: 1001351734 ns, Reaching safepoint: 187984 ns, At safepoint: 3968 ns, Total: 191952 ns
[2023-07-17T19:11:40.499+0000][67][info ][safepoint   ] Safepoint "Cleanup", Time since last: 1001392894 ns, Reaching safepoint: 358847 ns, At safepoint: 5848 ns, Total: 364695 ns
[2023-07-17T19:11:42.501+0000][67][info ][safepoint   ] Safepoint "Cleanup", Time since last: 2001944610 ns, Reaching safepoint: 269295 ns, At safepoint: 275392 ns, Total: 544687 ns
[2023-07-17T19:11:43.812+0000][67][info ][safepoint   ] Safepoint "Cleanup", Time since last: 1310126990 ns, Reaching safepoint: 332233 ns, At safepoint: 39491 ns, Total: 371724 ns
[2023-07-17T19:11:45.023+0000][67][info ][safepoint   ] Safepoint "Cleanup", Time since last: 1210708032 ns, Reaching safepoint: 278997 ns, At safepoint: 9950 ns, Total: 288947 ns
[2023-07-17T19:11:46.039+0000][67][info ][safepoint   ] Safepoint "Cleanup", Time since last: 1015679163 ns, Reaching safepoint: 522641 ns, At safepoint: 16456 ns, Total: 539097 ns
[2023-07-17T19:11:48.745+0000][67][info ][safepoint   ] Safepoint "Cleanup", Time since last: 2706144054 ns, Reaching safepoint: 319018 ns, At safepoint: 106193 ns, Total: 425211 ns
[2023-07-17T19:11:50.438+0000][67][info ][safepoint   ] Safepoint "Cleanup", Time since last: 1691913513 ns, Reaching safepoint: 304836 ns, At safepoint: 46476 ns, Total: 351312 ns
[2023-07-17T19:11:51.561+0000][67][info ][safepoint   ] Safepoint "Cleanup", Time since last: 1123156230 ns, Reaching safepoint: 238872 ns, At safepoint: 5664 ns, Total: 244536 ns
[2023-07-17T19:11:53.563+0000][67][info ][safepoint   ] Safepoint "Cleanup", Time since last: 2001887197 ns, Reaching safepoint: 211999 ns, At safepoint: 3880 ns, Total: 215879 ns
[2023-07-17T19:11:54.565+0000][67][info ][safepoint   ] Safepoint "Cleanup", Time since last: 1001533690 ns, Reaching safepoint: 138700 ns, At safepoint: 19707 ns, Total: 158407 ns
[2023-07-17T19:11:55.587+0000][67][info ][safepoint   ] Safepoint "Cleanup", Time since last: 1022082374 ns, Reaching safepoint: 415656 ns, At safepoint: 62448 ns, Total: 478104 ns
[2023-07-17T19:11:56.978+0000][67][info ][safepoint   ] Safepoint "Cleanup", Time since last: 1389930470 ns, Reaching safepoint: 335843 ns, At safepoint: 4865 ns, Total: 340708 ns
[2023-07-17T19:11:57.980+0000][67][info ][safepoint   ] Safepoint "Cleanup", Time since last: 1002025640 ns, Reaching safepoint: 200402 ns, At safepoint: 4451 ns, Total: 204853 ns
[2023-07-17T19:11:58.983+0000][67][info ][safepoint   ] Safepoint "Cleanup", Time since last: 1003151241 ns, Reaching safepoint: 270014 ns, At safepoint: 61696 ns, Total: 331710 ns
[2023-07-17T19:12:00.197+0000][67][info ][safepoint   ] Safepoint "Cleanup", Time since last: 1213869328 ns, Reaching safepoint: 204176 ns, At safepoint: 82370 ns, Total: 286546 ns
[2023-07-17T19:12:01.222+0000][67][info ][safepoint   ] Safepoint "Cleanup", Time since last: 1024672132 ns, Reaching safepoint: 173005 ns, At safepoint: 36729 ns, Total: 209734 ns
[2023-07-17T19:12:02.293+0000][67][info ][safepoint   ] Safepoint "Cleanup", Time since last: 1070789638 ns, Reaching safepoint: 220435 ns, At safepoint: 4364 ns, Total: 224799 ns
[2023-07-17T19:12:04.295+0000][67][info ][safepoint   ] Safepoint "Cleanup", Time since last: 2001623810 ns, Reaching safepoint: 130022 ns, At safepoint: 3999 ns, Total: 134021 ns
[2023-07-17T19:12:05.297+0000][67][info ][safepoint   ] Safepoint "Cleanup", Time since last: 1001899121 ns, Reaching safepoint: 180295 ns, At safepoint: 5022 ns, Total: 185317 ns
[2023-07-17T19:12:06.299+0000][67][info ][safepoint   ] Safepoint "Cleanup", Time since last: 1001775412 ns, Reaching safepoint: 295776 ns, At safepoint: 17342 ns, Total: 313118 ns
[2023-07-17T19:12:07.716+0000][67][info ][safepoint   ] Safepoint "Cleanup", Time since last: 1416190300 ns, Reaching safepoint: 328155 ns, At safepoint: 16931 ns, Total: 345086 ns
[2023-07-17T19:12:08.837+0000][67][info ][safepoint   ] Safepoint "Cleanup", Time since last: 1120855964 ns, Reaching safepoint: 284822 ns, At safepoint: 19890 ns, Total: 304712 ns
[2023-07-17T19:12:09.841+0000][67][info ][safepoint   ] Safepoint "Cleanup", Time since last: 1003197594 ns, Reaching safepoint: 480336 ns, At safepoint: 22037 ns, Total: 502373 ns
[2023-07-17T19:12:10.844+0000][67][info ][safepoint   ] Safepoint "Cleanup", Time since last: 1002341377 ns, Reaching safepoint: 551468 ns, At safepoint: 75246 ns, Total: 626714 ns
[2023-07-17T19:12:11.846+0000][67][info ][safepoint   ] Safepoint "Cleanup", Time since last: 1002034576 ns, Reaching safepoint: 331674 ns, At safepoint: 21634 ns, Total: 353308 ns
[2023-07-17T19:12:12.950+0000][67][info ][safepoint   ] Safepoint "Cleanup", Time since last: 1103479405 ns, Reaching safepoint: 190827 ns, At safepoint: 42818 ns, Total: 233645 ns
[2023-07-17T19:12:14.160+0000][67][info ][safepoint   ] Safepoint "Cleanup", Time since last: 1209559605 ns, Reaching safepoint: 252862 ns, At safepoint: 34285 ns, Total: 287147 ns
[2023-07-17T19:12:15.402+0000][67][info ][safepoint   ] Safepoint "Cleanup", Time since last: 1242198717 ns, Reaching safepoint: 222980 ns, At safepoint: 199903 ns, Total: 422883 ns
[2023-07-17T19:12:16.405+0000][67][info ][safepoint   ] Safepoint "Cleanup", Time since last: 1002141753 ns, Reaching safepoint: 673525 ns, At safepoint: 19889 ns, Total: 693414 ns
[2023-07-17T19:12:18.229+0000][67][info ][safepoint   ] Safepoint "Cleanup", Time since last: 1823106039 ns, Reaching safepoint: 228500 ns, At safepoint: 56628 ns, Total: 285128 ns
[2023-07-17T19:12:19.310+0000][67][info ][safepoint   ] Safepoint "Cleanup", Time since last: 1081363063 ns, Reaching safepoint: 115246 ns, At safepoint: 24460 ns, Total: 139706 ns
[2023-07-17T19:12:20.761+0000][67][info ][safepoint   ] Safepoint "Cleanup", Time since last: 1449956016 ns, Reaching safepoint: 287796 ns, At safepoint: 270632 ns, Total: 558428 ns
[2023-07-17T19:12:21.768+0000][67][info ][safepoint   ] Safepoint "Cleanup", Time since last: 1007018838 ns, Reaching safepoint: 220182 ns, At safepoint: 16874 ns, Total: 237056 ns
[2023-07-17T19:12:23.770+0000][67][info ][safepoint   ] Safepoint "Cleanup", Time since last: 2001905016 ns, Reaching safepoint: 376121 ns, At safepoint: 59350 ns, Total: 435471 ns
[2023-07-17T19:12:24.776+0000][67][info ][safepoint   ] Safepoint "Cleanup", Time since last: 1005909976 ns, Reaching safepoint: 116047 ns, At safepoint: 47179 ns, Total: 163226 ns
[2023-07-17T19:12:26.573+0000][67][info ][safepoint   ] Safepoint "Cleanup", Time since last: 1796040957 ns, Reaching safepoint: 269297 ns, At safepoint: 18272 ns, Total: 287569 ns
[2023-07-17T19:12:27.575+0000][67][info ][safepoint   ] Safepoint "Cleanup", Time since last: 1002017555 ns, Reaching safepoint: 203822 ns, At safepoint: 16061 ns, Total: 219883 ns
[2023-07-17T19:12:30.577+0000][67][info ][safepoint   ] Safepoint "Cleanup", Time since last: 3001707514 ns, Reaching safepoint: 346178 ns, At safepoint: 88069 ns, Total: 434247 ns
[2023-07-17T19:12:31.901+0000][67][info ][safepoint   ] Safepoint "Cleanup", Time since last: 1323766987 ns, Reaching safepoint: 258193 ns, At safepoint: 51848 ns, Total: 310041 ns
[2023-07-17T19:12:33.011+0000][67][info ][safepoint   ] Safepoint "Cleanup", Time since last: 1109294470 ns, Reaching safepoint: 425836 ns, At safepoint: 17701 ns, Total: 443537 ns
[2023-07-17T19:12:34.013+0000][67][info ][safepoint   ] Safepoint "Cleanup", Time since last: 1001636871 ns, Reaching safepoint: 146720 ns, At safepoint: 4402 ns, Total: 151122 ns
[2023-07-17T19:12:35.014+0000][67][info ][safepoint   ] Safepoint "Cleanup", Time since last: 1001386393 ns, Reaching safepoint: 191722 ns, At safepoint: 10383 ns, Total: 202105 ns
[2023-07-17T19:12:36.016+0000][67][info ][safepoint   ] Safepoint "Cleanup", Time since last: 1001588687 ns, Reaching safepoint: 197199 ns, At safepoint: 3561 ns, Total: 200760 ns
[2023-07-17T19:12:37.288+0000][67][info ][safepoint   ] Safepoint "Cleanup", Time since last: 1271690644 ns, Reaching safepoint: 201238 ns, At safepoint: 32721 ns, Total: 233959 ns
[2023-07-17T19:12:38.551+0000][67][info ][safepoint   ] Safepoint "Cleanup", Time since last: 1262912782 ns, Reaching safepoint: 224351 ns, At safepoint: 36280 ns, Total: 260631 ns
[2023-07-17T19:12:39.563+0000][67][info ][safepoint   ] Safepoint "Cleanup", Time since last: 1011908682 ns, Reaching safepoint: 231993 ns, At safepoint: 6445 ns, Total: 238438 ns
[2023-07-17T19:12:40.710+0000][67][info ][safepoint   ] Safepoint "Cleanup", Time since last: 1146344874 ns, Reaching safepoint: 623409 ns, At safepoint: 67430 ns, Total: 690839 ns
[2023-07-17T19:12:42.309+0000][67][info ][safepoint   ] Safepoint "Cleanup", Time since last: 1598516493 ns, Reaching safepoint: 303220 ns, At safepoint: 8471 ns, Total: 311691 ns
[2023-07-17T19:12:42.321+0000][67][info ][gc,heap,exit] Heap
[2023-07-17T19:12:42.323+0000][67][info ][gc,heap,exit]  garbage-first heap   total 4026368K, used 653021K [0x000000070a400000, 0x0000000800000000)
[2023-07-17T19:12:42.325+0000][67][info ][gc,heap,exit]   region size 4096K, 146 young (598016K), 9 survivors (36864K)
[2023-07-17T19:12:42.326+0000][67][info ][gc,heap,exit]  Metaspace       used 132415K, committed 135616K, reserved 1179648K
[2023-07-17T19:12:42.328+0000][67][info ][gc,heap,exit]   class space    used 17419K, committed 18944K, reserved 1048576K
