[2023-07-18T00:52:49.128+0000][49][info][gc,init] CardTable entry size: 512
[2023-07-18T00:52:49.153+0000][49][info][gc     ] Using G1
[2023-07-18T00:52:49.195+0000][49][info][gc,init] Version: 19.0.2+7-44 (release)
[2023-07-18T00:52:49.197+0000][49][info][gc,init] CPUs: 6 total, 6 available
[2023-07-18T00:52:49.198+0000][49][info][gc,init] Memory: 7859M
[2023-07-18T00:52:49.200+0000][49][info][gc,init] Large Page Support: Disabled
[2023-07-18T00:52:49.201+0000][49][info][gc,init] NUMA Support: Disabled
[2023-07-18T00:52:49.202+0000][49][info][gc,init] Compressed Oops: Enabled (Zero based)
[2023-07-18T00:52:49.204+0000][49][info][gc,init] Heap Region Size: 2M
[2023-07-18T00:52:49.206+0000][49][info][gc,init] Heap Min Capacity: 3930M
[2023-07-18T00:52:49.207+0000][49][info][gc,init] Heap Initial Capacity: 3930M
[2023-07-18T00:52:49.208+0000][49][info][gc,init] Heap Max Capacity: 3930M
[2023-07-18T00:52:49.209+0000][49][info][gc,init] Pre-touch: Disabled
[2023-07-18T00:52:49.210+0000][49][info][gc,init] Parallel Workers: 6
[2023-07-18T00:52:49.212+0000][49][info][gc,init] Concurrent Workers: 2
[2023-07-18T00:52:49.213+0000][49][info][gc,init] Concurrent Refinement Workers: 6
[2023-07-18T00:52:49.214+0000][49][info][gc,init] Periodic GC: Disabled
[2023-07-18T00:52:49.216+0000][49][info][gc,metaspace] CDS archive(s) mapped at: [0x0000000800000000-0x0000000800c4f000-0x0000000800c4f000), size 12906496, SharedBaseAddress: 0x0000000800000000, ArchiveRelocationMode: 0.
[2023-07-18T00:52:49.218+0000][49][info][gc,metaspace] Compressed class space mapped at: 0x0000000801000000-0x0000000841000000, reserved size: 1073741824
[2023-07-18T00:52:49.219+0000][49][info][gc,metaspace] Narrow klass base: 0x0000000800000000, Narrow klass shift: 0, Narrow klass range: 0x100000000
[2023-07-18T00:52:49.329+0000][49][info][gc,heap,exit] Heap
[2023-07-18T00:52:49.330+0000][49][info][gc,heap,exit]  garbage-first heap   total 4024320K, used 5090K [0x000000070a600000, 0x0000000800000000)
[2023-07-18T00:52:49.332+0000][49][info][gc,heap,exit]   region size 2048K, 2 young (4096K), 0 survivors (0K)
[2023-07-18T00:52:49.334+0000][49][info][gc,heap,exit]  Metaspace       used 53K, committed 128K, reserved 1114112K
[2023-07-18T00:52:49.336+0000][49][info][gc,heap,exit]   class space    used 1K, committed 64K, reserved 1048576K
