[2023-07-15T00:51:04.482+0000][66][info][gc,init] CardTable entry size: 512
[2023-07-15T00:51:04.483+0000][66][info][gc     ] Using G1
[2023-07-15T00:51:05.989+0000][66][info][gc,init] Version: 19.0.2+7-44 (release)
[2023-07-15T00:51:05.996+0000][66][info][gc,init] CPUs: 6 total, 6 available
[2023-07-15T00:51:06.012+0000][66][info][gc,init] Memory: 7859M
[2023-07-15T00:51:06.015+0000][66][info][gc,init] Large Page Support: Disabled
[2023-07-15T00:51:06.016+0000][66][info][gc,init] NUMA Support: Disabled
[2023-07-15T00:51:06.019+0000][66][info][gc,init] Compressed Oops: Enabled (Zero based)
[2023-07-15T00:51:06.021+0000][66][info][gc,init] Heap Region Size: 4M
[2023-07-15T00:51:06.023+0000][66][info][gc,init] Heap Min Capacity: 3932M
[2023-07-15T00:51:06.025+0000][66][info][gc,init] Heap Initial Capacity: 3932M
[2023-07-15T00:51:06.027+0000][66][info][gc,init] Heap Max Capacity: 3932M
[2023-07-15T00:51:06.029+0000][66][info][gc,init] Pre-touch: Enabled
[2023-07-15T00:51:06.031+0000][66][info][gc,init] Parallel Workers: 6
[2023-07-15T00:51:06.032+0000][66][info][gc,init] Concurrent Workers: 2
[2023-07-15T00:51:06.034+0000][66][info][gc,init] Concurrent Refinement Workers: 6
[2023-07-15T00:51:06.035+0000][66][info][gc,init] Periodic GC: Disabled
[2023-07-15T00:51:06.038+0000][66][info][gc,metaspace] CDS archive(s) mapped at: [0x0000000800000000-0x0000000800c4f000-0x0000000800c4f000), size 12906496, SharedBaseAddress: 0x0000000800000000, ArchiveRelocationMode: 0.
[2023-07-15T00:51:06.039+0000][66][info][gc,metaspace] Compressed class space mapped at: 0x0000000801000000-0x0000000841000000, reserved size: 1073741824
[2023-07-15T00:51:06.042+0000][66][info][gc,metaspace] Narrow klass base: 0x0000000800000000, Narrow klass shift: 0, Narrow klass range: 0x100000000
[2023-07-15T00:51:06.339+0000][66][info][safepoint   ] Safepoint "ICBufferFull", Time since last: 284597632 ns, Reaching safepoint: 194290 ns, At safepoint: 32427 ns, Total: 226717 ns
[2023-07-15T00:51:06.675+0000][66][info][safepoint   ] Safepoint "ICBufferFull", Time since last: 335809496 ns, Reaching safepoint: 192148 ns, At safepoint: 50686 ns, Total: 242834 ns
[2023-07-15T00:51:07.076+0000][66][info][safepoint   ] Safepoint "ICBufferFull", Time since last: 400630774 ns, Reaching safepoint: 233896 ns, At safepoint: 34595 ns, Total: 268491 ns
[2023-07-15T00:51:07.298+0000][66][info][safepoint   ] Safepoint "ICBufferFull", Time since last: 222036722 ns, Reaching safepoint: 257077 ns, At safepoint: 37186 ns, Total: 294263 ns
[2023-07-15T00:51:07.759+0000][66][info][safepoint   ] Safepoint "ICBufferFull", Time since last: 460429880 ns, Reaching safepoint: 212872 ns, At safepoint: 42660 ns, Total: 255532 ns
[2023-07-15T00:51:08.225+0000][66][info][safepoint   ] Safepoint "ICBufferFull", Time since last: 466340111 ns, Reaching safepoint: 241650 ns, At safepoint: 37347 ns, Total: 278997 ns
[2023-07-15T00:51:08.295+0000][66][info][gc,start    ] GC(0) Pause Young (Normal) (G1 Evacuation Pause)
[2023-07-15T00:51:08.296+0000][66][info][gc,task     ] GC(0) Using 6 workers of 6 for evacuation
[2023-07-15T00:51:08.297+0000][66][debug][gc,age      ] GC(0) Desired survivor size 14680064 bytes, new threshold 15 (max threshold 15)
[2023-07-15T00:51:08.305+0000][66][info ][gc,phases   ] GC(0)   Pre Evacuate Collection Set: 0.4ms
[2023-07-15T00:51:08.306+0000][66][info ][gc,phases   ] GC(0)   Merge Heap Roots: 0.9ms
[2023-07-15T00:51:08.307+0000][66][info ][gc,phases   ] GC(0)   Evacuate Collection Set: 4.1ms
[2023-07-15T00:51:08.307+0000][66][info ][gc,phases   ] GC(0)   Post Evacuate Collection Set: 1.7ms
[2023-07-15T00:51:08.308+0000][66][info ][gc,phases   ] GC(0)   Other: 1.9ms
[2023-07-15T00:51:08.309+0000][66][trace][gc,age      ] GC(0) Age table with threshold 15 (max threshold 15)
[2023-07-15T00:51:08.309+0000][66][trace][gc,age      ] GC(0) - age   1:   11244872 bytes,   11244872 total
[2023-07-15T00:51:08.310+0000][66][info ][gc,heap     ] GC(0) Eden regions: 49->0(46)
[2023-07-15T00:51:08.311+0000][66][info ][gc,heap     ] GC(0) Survivor regions: 0->3(7)
[2023-07-15T00:51:08.311+0000][66][info ][gc,heap     ] GC(0) Old regions: 0->0
[2023-07-15T00:51:08.313+0000][66][info ][gc,heap     ] GC(0) Archive regions: 2->2
[2023-07-15T00:51:08.313+0000][66][info ][gc,heap     ] GC(0) Humongous regions: 0->0
[2023-07-15T00:51:08.314+0000][66][info ][gc,metaspace] GC(0) Metaspace: 17791K(18304K)->17791K(18304K) NonClass: 15800K(16064K)->15800K(16064K) Class: 1990K(2240K)->1990K(2240K)
[2023-07-15T00:51:08.315+0000][66][info ][gc          ] GC(0) Pause Young (Normal) (G1 Evacuation Pause) 199M->14M(3932M) 20.169ms
[2023-07-15T00:51:08.316+0000][66][info ][gc,cpu      ] GC(0) User=0.02s Sys=0.01s Real=0.02s
[2023-07-15T00:51:08.317+0000][66][info ][safepoint   ] Safepoint "G1CollectForAllocation", Time since last: 69351264 ns, Reaching safepoint: 114778 ns, At safepoint: 21867136 ns, Total: 21981914 ns
[2023-07-15T00:51:08.629+0000][66][info ][gc,start    ] GC(1) Pause Young (Concurrent Start) (Metadata GC Threshold)
[2023-07-15T00:51:08.630+0000][66][info ][gc,task     ] GC(1) Using 6 workers of 6 for evacuation
[2023-07-15T00:51:08.631+0000][66][debug][gc,age      ] GC(1) Desired survivor size 14680064 bytes, new threshold 15 (max threshold 15)
[2023-07-15T00:51:08.640+0000][66][info ][gc,phases   ] GC(1)   Pre Evacuate Collection Set: 0.5ms
[2023-07-15T00:51:08.641+0000][66][info ][gc,phases   ] GC(1)   Merge Heap Roots: 0.3ms
[2023-07-15T00:51:08.642+0000][66][info ][gc,phases   ] GC(1)   Evacuate Collection Set: 5.0ms
[2023-07-15T00:51:08.643+0000][66][info ][gc,phases   ] GC(1)   Post Evacuate Collection Set: 1.9ms
[2023-07-15T00:51:08.644+0000][66][info ][gc,phases   ] GC(1)   Other: 2.2ms
[2023-07-15T00:51:08.645+0000][66][trace][gc,age      ] GC(1) Age table with threshold 15 (max threshold 15)
[2023-07-15T00:51:08.646+0000][66][trace][gc,age      ] GC(1) - age   1:    1092136 bytes,    1092136 total
[2023-07-15T00:51:08.648+0000][66][trace][gc,age      ] GC(1) - age   2:    9745000 bytes,   10837136 total
[2023-07-15T00:51:08.649+0000][66][info ][gc,heap     ] GC(1) Eden regions: 14->0(46)
[2023-07-15T00:51:08.650+0000][66][info ][gc,heap     ] GC(1) Survivor regions: 3->3(7)
[2023-07-15T00:51:08.650+0000][66][info ][gc,heap     ] GC(1) Old regions: 0->0
[2023-07-15T00:51:08.651+0000][66][info ][gc,heap     ] GC(1) Archive regions: 2->2
[2023-07-15T00:51:08.652+0000][66][info ][gc,heap     ] GC(1) Humongous regions: 0->0
[2023-07-15T00:51:08.653+0000][66][info ][gc,metaspace] GC(1) Metaspace: 21039K(21504K)->21039K(21504K) NonClass: 18724K(18944K)->18724K(18944K) Class: 2315K(2560K)->2315K(2560K)
[2023-07-15T00:51:08.654+0000][66][info ][gc          ] GC(1) Pause Young (Concurrent Start) (Metadata GC Threshold) 70M->15M(3932M) 25.155ms
[2023-07-15T00:51:08.655+0000][66][info ][gc,cpu      ] GC(1) User=0.02s Sys=0.01s Real=0.03s
[2023-07-15T00:51:08.655+0000][66][info ][gc          ] GC(2) Concurrent Mark Cycle
[2023-07-15T00:51:08.657+0000][66][info ][gc,marking  ] GC(2) Concurrent Clear Claimed Marks
[2023-07-15T00:51:08.656+0000][66][info ][safepoint   ] Safepoint "CollectForMetadataAllocation", Time since last: 312010904 ns, Reaching safepoint: 233803 ns, At safepoint: 27036395 ns, Total: 27270198 ns
[2023-07-15T00:51:08.658+0000][66][info ][gc,marking  ] GC(2) Concurrent Clear Claimed Marks 0.980ms
[2023-07-15T00:51:08.660+0000][66][info ][gc,marking  ] GC(2) Concurrent Scan Root Regions
[2023-07-15T00:51:08.664+0000][66][info ][gc,marking  ] GC(2) Concurrent Scan Root Regions 4.047ms
[2023-07-15T00:51:08.665+0000][66][info ][gc,marking  ] GC(2) Concurrent Mark
[2023-07-15T00:51:08.666+0000][66][info ][gc,marking  ] GC(2) Concurrent Mark From Roots
[2023-07-15T00:51:08.666+0000][66][info ][gc,task     ] GC(2) Using 2 workers of 2 for marking
[2023-07-15T00:51:08.668+0000][66][info ][gc,marking  ] GC(2) Concurrent Mark From Roots 2.464ms
[2023-07-15T00:51:08.669+0000][66][info ][gc,marking  ] GC(2) Concurrent Preclean
[2023-07-15T00:51:08.670+0000][66][info ][gc,marking  ] GC(2) Concurrent Preclean 0.894ms
[2023-07-15T00:51:08.671+0000][66][info ][gc,start    ] GC(2) Pause Remark
[2023-07-15T00:51:08.675+0000][66][info ][gc          ] GC(2) Pause Remark 18M->18M(3932M) 3.336ms
[2023-07-15T00:51:08.677+0000][66][info ][gc,cpu      ] GC(2) User=0.01s Sys=0.00s Real=0.01s
[2023-07-15T00:51:08.678+0000][66][info ][safepoint   ] Safepoint "G1PauseRemark", Time since last: 15092998 ns, Reaching safepoint: 431601 ns, At safepoint: 6120732 ns, Total: 6552333 ns
[2023-07-15T00:51:08.678+0000][66][info ][gc,marking  ] GC(2) Concurrent Mark 13.576ms
[2023-07-15T00:51:08.679+0000][66][info ][gc,marking  ] GC(2) Concurrent Rebuild Remembered Sets
[2023-07-15T00:51:08.680+0000][66][info ][gc,marking  ] GC(2) Concurrent Rebuild Remembered Sets 0.911ms
[2023-07-15T00:51:08.684+0000][66][info ][gc,start    ] GC(2) Pause Cleanup
[2023-07-15T00:51:08.685+0000][66][info ][gc          ] GC(2) Pause Cleanup 18M->18M(3932M) 1.172ms
[2023-07-15T00:51:08.686+0000][66][info ][gc,cpu      ] GC(2) User=0.00s Sys=0.00s Real=0.00s
[2023-07-15T00:51:08.687+0000][66][info ][safepoint   ] Safepoint "G1PauseCleanup", Time since last: 3470586 ns, Reaching safepoint: 2514384 ns, At safepoint: 3163430 ns, Total: 5677814 ns
[2023-07-15T00:51:08.688+0000][66][info ][gc,marking  ] GC(2) Concurrent Cleanup for Next Mark
[2023-07-15T00:51:08.692+0000][66][info ][gc,marking  ] GC(2) Concurrent Cleanup for Next Mark 4.372ms
[2023-07-15T00:51:08.694+0000][66][info ][gc          ] GC(2) Concurrent Mark Cycle 38.650ms
[2023-07-15T00:51:09.129+0000][66][info ][safepoint   ] Safepoint "ICBufferFull", Time since last: 441741864 ns, Reaching safepoint: 215638 ns, At safepoint: 2232 ns, Total: 217870 ns
[2023-07-15T00:51:09.369+0000][66][info ][gc,start    ] GC(3) Pause Young (Normal) (G1 Evacuation Pause)
[2023-07-15T00:51:09.370+0000][66][info ][gc,task     ] GC(3) Using 6 workers of 6 for evacuation
[2023-07-15T00:51:09.371+0000][66][debug][gc,age      ] GC(3) Desired survivor size 14680064 bytes, new threshold 15 (max threshold 15)
[2023-07-15T00:51:09.381+0000][66][info ][gc,phases   ] GC(3)   Pre Evacuate Collection Set: 0.3ms
[2023-07-15T00:51:09.381+0000][66][info ][gc,phases   ] GC(3)   Merge Heap Roots: 0.2ms
[2023-07-15T00:51:09.382+0000][66][info ][gc,phases   ] GC(3)   Evacuate Collection Set: 6.3ms
[2023-07-15T00:51:09.383+0000][66][info ][gc,phases   ] GC(3)   Post Evacuate Collection Set: 1.4ms
[2023-07-15T00:51:09.383+0000][66][info ][gc,phases   ] GC(3)   Other: 2.1ms
[2023-07-15T00:51:09.384+0000][66][trace][gc,age      ] GC(3) Age table with threshold 15 (max threshold 15)
[2023-07-15T00:51:09.385+0000][66][trace][gc,age      ] GC(3) - age   1:    6756616 bytes,    6756616 total
[2023-07-15T00:51:09.386+0000][66][trace][gc,age      ] GC(3) - age   2:    1063216 bytes,    7819832 total
[2023-07-15T00:51:09.386+0000][66][trace][gc,age      ] GC(3) - age   3:    9737384 bytes,   17557216 total
[2023-07-15T00:51:09.387+0000][66][info ][gc,heap     ] GC(3) Eden regions: 46->0(79)
[2023-07-15T00:51:09.388+0000][66][info ][gc,heap     ] GC(3) Survivor regions: 3->5(7)
[2023-07-15T00:51:09.388+0000][66][info ][gc,heap     ] GC(3) Old regions: 0->0
[2023-07-15T00:51:09.389+0000][66][info ][gc,heap     ] GC(3) Archive regions: 2->2
[2023-07-15T00:51:09.390+0000][66][info ][gc,heap     ] GC(3) Humongous regions: 0->0
[2023-07-15T00:51:09.391+0000][66][info ][gc,metaspace] GC(3) Metaspace: 25382K(25984K)->25382K(25984K) NonClass: 22478K(22784K)->22478K(22784K) Class: 2904K(3200K)->2904K(3200K)
[2023-07-15T00:51:09.392+0000][66][info ][gc          ] GC(3) Pause Young (Normal) (G1 Evacuation Pause) 199M->22M(3932M) 22.414ms
[2023-07-15T00:51:09.392+0000][66][info ][gc,cpu      ] GC(3) User=0.03s Sys=0.01s Real=0.03s
[2023-07-15T00:51:09.393+0000][66][info ][safepoint   ] Safepoint "G1CollectForAllocation", Time since last: 240337672 ns, Reaching safepoint: 169401 ns, At safepoint: 24066912 ns, Total: 24236313 ns
[2023-07-15T00:51:09.712+0000][66][info ][safepoint   ] Safepoint "ICBufferFull", Time since last: 318924882 ns, Reaching safepoint: 261959 ns, At safepoint: 28879 ns, Total: 290838 ns
[2023-07-15T00:51:10.228+0000][66][info ][gc,start    ] GC(4) Pause Young (Normal) (G1 Evacuation Pause)
[2023-07-15T00:51:10.231+0000][66][info ][gc,task     ] GC(4) Using 6 workers of 6 for evacuation
[2023-07-15T00:51:10.232+0000][66][debug][gc,age      ] GC(4) Desired survivor size 23068672 bytes, new threshold 15 (max threshold 15)
[2023-07-15T00:51:10.246+0000][66][info ][gc,phases   ] GC(4)   Pre Evacuate Collection Set: 0.4ms
[2023-07-15T00:51:10.248+0000][66][info ][gc,phases   ] GC(4)   Merge Heap Roots: 0.2ms
[2023-07-15T00:51:10.248+0000][66][info ][gc,phases   ] GC(4)   Evacuate Collection Set: 10.5ms
[2023-07-15T00:51:10.249+0000][66][info ][gc,phases   ] GC(4)   Post Evacuate Collection Set: 2.2ms
[2023-07-15T00:51:10.250+0000][66][info ][gc,phases   ] GC(4)   Other: 2.3ms
[2023-07-15T00:51:10.251+0000][66][trace][gc,age      ] GC(4) Age table with threshold 15 (max threshold 15)
[2023-07-15T00:51:10.252+0000][66][trace][gc,age      ] GC(4) - age   1:    5407368 bytes,    5407368 total
[2023-07-15T00:51:10.253+0000][66][trace][gc,age      ] GC(4) - age   2:    5154592 bytes,   10561960 total
[2023-07-15T00:51:10.254+0000][66][trace][gc,age      ] GC(4) - age   3:    1062912 bytes,   11624872 total
[2023-07-15T00:51:10.256+0000][66][trace][gc,age      ] GC(4) - age   4:    9733208 bytes,   21358080 total
[2023-07-15T00:51:10.256+0000][66][info ][gc,heap     ] GC(4) Eden regions: 79->0(352)
[2023-07-15T00:51:10.258+0000][66][info ][gc,heap     ] GC(4) Survivor regions: 5->6(11)
[2023-07-15T00:51:10.259+0000][66][info ][gc,heap     ] GC(4) Old regions: 0->0
[2023-07-15T00:51:10.259+0000][66][info ][gc,heap     ] GC(4) Archive regions: 2->2
[2023-07-15T00:51:10.260+0000][66][info ][gc,heap     ] GC(4) Humongous regions: 0->0
[2023-07-15T00:51:10.261+0000][66][info ][gc,metaspace] GC(4) Metaspace: 31420K(32064K)->31420K(32064K) NonClass: 27853K(28224K)->27853K(28224K) Class: 3566K(3840K)->3566K(3840K)
[2023-07-15T00:51:10.262+0000][66][info ][gc          ] GC(4) Pause Young (Normal) (G1 Evacuation Pause) 338M->25M(3932M) 33.375ms
[2023-07-15T00:51:10.263+0000][66][info ][gc,cpu      ] GC(4) User=0.10s Sys=0.00s Real=0.04s
[2023-07-15T00:51:10.264+0000][66][info ][safepoint   ] Safepoint "G1CollectForAllocation", Time since last: 515588495 ns, Reaching safepoint: 356322 ns, At safepoint: 35192773 ns, Total: 35549095 ns
[2023-07-15T00:51:11.179+0000][66][info ][safepoint   ] Safepoint "ICBufferFull", Time since last: 915474406 ns, Reaching safepoint: 254240 ns, At safepoint: 2468 ns, Total: 256708 ns
[2023-07-15T00:51:11.406+0000][66][info ][gc,start    ] GC(5) Pause Young (Concurrent Start) (Metadata GC Threshold)
[2023-07-15T00:51:11.407+0000][66][info ][gc,task     ] GC(5) Using 6 workers of 6 for evacuation
[2023-07-15T00:51:11.408+0000][66][debug][gc,age      ] GC(5) Desired survivor size 94371840 bytes, new threshold 15 (max threshold 15)
[2023-07-15T00:51:11.422+0000][66][info ][gc,phases   ] GC(5)   Pre Evacuate Collection Set: 0.3ms
[2023-07-15T00:51:11.423+0000][66][info ][gc,phases   ] GC(5)   Merge Heap Roots: 0.2ms
[2023-07-15T00:51:11.424+0000][66][info ][gc,phases   ] GC(5)   Evacuate Collection Set: 11.3ms
[2023-07-15T00:51:11.425+0000][66][info ][gc,phases   ] GC(5)   Post Evacuate Collection Set: 1.7ms
[2023-07-15T00:51:11.426+0000][66][info ][gc,phases   ] GC(5)   Other: 1.7ms
[2023-07-15T00:51:11.427+0000][66][trace][gc,age      ] GC(5) Age table with threshold 15 (max threshold 15)
[2023-07-15T00:51:11.428+0000][66][trace][gc,age      ] GC(5) - age   1:    8567272 bytes,    8567272 total
[2023-07-15T00:51:11.428+0000][66][trace][gc,age      ] GC(5) - age   2:    5370336 bytes,   13937608 total
[2023-07-15T00:51:11.429+0000][66][trace][gc,age      ] GC(5) - age   3:    5138696 bytes,   19076304 total
[2023-07-15T00:51:11.430+0000][66][trace][gc,age      ] GC(5) - age   4:    1059472 bytes,   20135776 total
[2023-07-15T00:51:11.431+0000][66][trace][gc,age      ] GC(5) - age   5:    9579280 bytes,   29715056 total
[2023-07-15T00:51:11.431+0000][66][info ][gc,heap     ] GC(5) Eden regions: 144->0(433)
[2023-07-15T00:51:11.432+0000][66][info ][gc,heap     ] GC(5) Survivor regions: 6->8(45)
[2023-07-15T00:51:11.433+0000][66][info ][gc,heap     ] GC(5) Old regions: 0->0
[2023-07-15T00:51:11.434+0000][66][info ][gc,heap     ] GC(5) Archive regions: 2->2
[2023-07-15T00:51:11.434+0000][66][info ][gc,heap     ] GC(5) Humongous regions: 0->0
[2023-07-15T00:51:11.435+0000][66][info ][gc,metaspace] GC(5) Metaspace: 35287K(36160K)->35287K(36160K) NonClass: 31226K(31744K)->31226K(31744K) Class: 4061K(4416K)->4061K(4416K)
[2023-07-15T00:51:11.436+0000][66][info ][gc          ] GC(5) Pause Young (Concurrent Start) (Metadata GC Threshold) 599M->34M(3932M) 29.855ms
[2023-07-15T00:51:11.436+0000][66][info ][gc,cpu      ] GC(5) User=0.06s Sys=0.01s Real=0.03s
[2023-07-15T00:51:11.436+0000][66][info ][gc          ] GC(6) Concurrent Mark Cycle
[2023-07-15T00:51:11.438+0000][66][info ][gc,marking  ] GC(6) Concurrent Clear Claimed Marks
[2023-07-15T00:51:11.437+0000][66][info ][safepoint   ] Safepoint "CollectForMetadataAllocation", Time since last: 226405815 ns, Reaching safepoint: 141097 ns, At safepoint: 31434468 ns, Total: 31575565 ns
[2023-07-15T00:51:11.439+0000][66][info ][gc,marking  ] GC(6) Concurrent Clear Claimed Marks 0.776ms
[2023-07-15T00:51:11.440+0000][66][info ][gc,marking  ] GC(6) Concurrent Scan Root Regions
[2023-07-15T00:51:11.445+0000][66][info ][gc,marking  ] GC(6) Concurrent Scan Root Regions 5.141ms
[2023-07-15T00:51:11.446+0000][66][info ][gc,marking  ] GC(6) Concurrent Mark
[2023-07-15T00:51:11.446+0000][66][info ][gc,marking  ] GC(6) Concurrent Mark From Roots
[2023-07-15T00:51:11.447+0000][66][info ][gc,task     ] GC(6) Using 2 workers of 2 for marking
[2023-07-15T00:51:11.452+0000][66][info ][gc,marking  ] GC(6) Concurrent Mark From Roots 5.297ms
[2023-07-15T00:51:11.453+0000][66][info ][gc,marking  ] GC(6) Concurrent Preclean
[2023-07-15T00:51:11.453+0000][66][info ][gc,marking  ] GC(6) Concurrent Preclean 0.750ms
[2023-07-15T00:51:11.455+0000][66][info ][gc,start    ] GC(6) Pause Remark
[2023-07-15T00:51:11.458+0000][66][info ][gc          ] GC(6) Pause Remark 38M->38M(3932M) 3.444ms
[2023-07-15T00:51:11.459+0000][66][info ][gc,cpu      ] GC(6) User=0.01s Sys=0.00s Real=0.00s
[2023-07-15T00:51:11.460+0000][66][info ][safepoint   ] Safepoint "G1PauseRemark", Time since last: 16959319 ns, Reaching safepoint: 349115 ns, At safepoint: 5275013 ns, Total: 5624128 ns
[2023-07-15T00:51:11.460+0000][66][info ][gc,marking  ] GC(6) Concurrent Mark 14.571ms
[2023-07-15T00:51:11.461+0000][66][info ][gc,marking  ] GC(6) Concurrent Rebuild Remembered Sets
[2023-07-15T00:51:11.462+0000][66][info ][gc,marking  ] GC(6) Concurrent Rebuild Remembered Sets 0.707ms
[2023-07-15T00:51:11.463+0000][66][info ][gc,start    ] GC(6) Pause Cleanup
[2023-07-15T00:51:11.464+0000][66][info ][gc          ] GC(6) Pause Cleanup 38M->38M(3932M) 0.812ms
[2023-07-15T00:51:11.465+0000][66][info ][gc,cpu      ] GC(6) User=0.00s Sys=0.00s Real=0.00s
[2023-07-15T00:51:11.465+0000][66][info ][safepoint   ] Safepoint "G1PauseCleanup", Time since last: 2968371 ns, Reaching safepoint: 241302 ns, At safepoint: 2240390 ns, Total: 2481692 ns
[2023-07-15T00:51:11.466+0000][66][info ][gc,marking  ] GC(6) Concurrent Cleanup for Next Mark
[2023-07-15T00:51:11.471+0000][66][info ][gc,marking  ] GC(6) Concurrent Cleanup for Next Mark 5.507ms
[2023-07-15T00:51:11.472+0000][66][info ][gc          ] GC(6) Concurrent Mark Cycle 35.884ms
[2023-07-15T00:51:12.239+0000][66][info ][safepoint   ] Safepoint "ICBufferFull", Time since last: 772982055 ns, Reaching safepoint: 490625 ns, At safepoint: 52863 ns, Total: 543488 ns
[2023-07-15T00:51:12.556+0000][66][info ][safepoint   ] Safepoint "ICBufferFull", Time since last: 316355223 ns, Reaching safepoint: 370927 ns, At safepoint: 28608 ns, Total: 399535 ns
[2023-07-15T00:51:13.557+0000][66][info ][safepoint   ] Safepoint "Cleanup", Time since last: 1001294448 ns, Reaching safepoint: 446618 ns, At safepoint: 52108 ns, Total: 498726 ns
[2023-07-15T00:51:13.980+0000][66][info ][safepoint   ] Safepoint "ICBufferFull", Time since last: 422030331 ns, Reaching safepoint: 198831 ns, At safepoint: 3381 ns, Total: 202212 ns
[2023-07-15T00:51:14.930+0000][66][info ][safepoint   ] Safepoint "ICBufferFull", Time since last: 950294619 ns, Reaching safepoint: 399515 ns, At safepoint: 100427 ns, Total: 499942 ns
[2023-07-15T00:51:15.371+0000][66][info ][gc,start    ] GC(7) Pause Young (Concurrent Start) (Metadata GC Threshold)
[2023-07-15T00:51:15.372+0000][66][info ][gc,task     ] GC(7) Using 6 workers of 6 for evacuation
[2023-07-15T00:51:15.373+0000][66][debug][gc,age      ] GC(7) Desired survivor size 117440512 bytes, new threshold 15 (max threshold 15)
[2023-07-15T00:51:15.404+0000][66][info ][gc,phases   ] GC(7)   Pre Evacuate Collection Set: 0.5ms
[2023-07-15T00:51:15.406+0000][66][info ][gc,phases   ] GC(7)   Merge Heap Roots: 0.1ms
[2023-07-15T00:51:15.407+0000][66][info ][gc,phases   ] GC(7)   Evacuate Collection Set: 24.4ms
[2023-07-15T00:51:15.408+0000][66][info ][gc,phases   ] GC(7)   Post Evacuate Collection Set: 4.4ms
[2023-07-15T00:51:15.409+0000][66][info ][gc,phases   ] GC(7)   Other: 2.3ms
[2023-07-15T00:51:15.410+0000][66][trace][gc,age      ] GC(7) Age table with threshold 15 (max threshold 15)
[2023-07-15T00:51:15.411+0000][66][trace][gc,age      ] GC(7) - age   1:   25239552 bytes,   25239552 total
[2023-07-15T00:51:15.412+0000][66][trace][gc,age      ] GC(7) - age   2:    8476896 bytes,   33716448 total
[2023-07-15T00:51:15.413+0000][66][trace][gc,age      ] GC(7) - age   3:    5355824 bytes,   39072272 total
[2023-07-15T00:51:15.414+0000][66][trace][gc,age      ] GC(7) - age   4:    5111216 bytes,   44183488 total
[2023-07-15T00:51:15.415+0000][66][trace][gc,age      ] GC(7) - age   5:    1055072 bytes,   45238560 total
[2023-07-15T00:51:15.416+0000][66][trace][gc,age      ] GC(7) - age   6:    9510496 bytes,   54749056 total
[2023-07-15T00:51:15.417+0000][66][info ][gc,heap     ] GC(7) Eden regions: 115->0(157)
[2023-07-15T00:51:15.418+0000][66][info ][gc,heap     ] GC(7) Survivor regions: 8->14(56)
[2023-07-15T00:51:15.419+0000][66][info ][gc,heap     ] GC(7) Old regions: 0->0
[2023-07-15T00:51:15.420+0000][66][info ][gc,heap     ] GC(7) Archive regions: 2->2
[2023-07-15T00:51:15.421+0000][66][info ][gc,heap     ] GC(7) Humongous regions: 0->0
[2023-07-15T00:51:15.421+0000][66][info ][gc,metaspace] GC(7) Metaspace: 59061K(60416K)->59061K(60416K) NonClass: 51747K(52544K)->51747K(52544K) Class: 7314K(7872K)->7314K(7872K)
[2023-07-15T00:51:15.422+0000][66][info ][gc          ] GC(7) Pause Young (Concurrent Start) (Metadata GC Threshold) 492M->58M(3932M) 51.188ms
[2023-07-15T00:51:15.423+0000][66][info ][gc,cpu      ] GC(7) User=0.11s Sys=0.00s Real=0.06s
[2023-07-15T00:51:15.423+0000][66][info ][gc          ] GC(8) Concurrent Mark Cycle
[2023-07-15T00:51:15.424+0000][66][info ][gc,marking  ] GC(8) Concurrent Clear Claimed Marks
[2023-07-15T00:51:15.425+0000][66][info ][gc,marking  ] GC(8) Concurrent Clear Claimed Marks 0.468ms
[2023-07-15T00:51:15.426+0000][66][info ][gc,marking  ] GC(8) Concurrent Scan Root Regions
[2023-07-15T00:51:15.428+0000][66][info ][safepoint   ] Safepoint "CollectForMetadataAllocation", Time since last: 440581734 ns, Reaching safepoint: 193671 ns, At safepoint: 56658569 ns, Total: 56852240 ns
[2023-07-15T00:51:15.439+0000][66][info ][gc,marking  ] GC(8) Concurrent Scan Root Regions 13.037ms
[2023-07-15T00:51:15.440+0000][66][info ][gc,marking  ] GC(8) Concurrent Mark
[2023-07-15T00:51:15.441+0000][66][info ][gc,marking  ] GC(8) Concurrent Mark From Roots
[2023-07-15T00:51:15.442+0000][66][info ][gc,task     ] GC(8) Using 2 workers of 2 for marking
[2023-07-15T00:51:15.444+0000][66][info ][gc,marking  ] GC(8) Concurrent Mark From Roots 2.861ms
[2023-07-15T00:51:15.445+0000][66][info ][gc,marking  ] GC(8) Concurrent Preclean
[2023-07-15T00:51:15.446+0000][66][info ][gc,marking  ] GC(8) Concurrent Preclean 0.781ms
[2023-07-15T00:51:15.445+0000][66][info ][safepoint   ] Safepoint "CollectForMetadataAllocation", Time since last: 16770610 ns, Reaching safepoint: 57589 ns, At safepoint: 45393 ns, Total: 102982 ns
[2023-07-15T00:51:15.448+0000][66][info ][gc,start    ] GC(8) Pause Remark
[2023-07-15T00:51:15.458+0000][66][info ][gc          ] GC(8) Pause Remark 64M->64M(3932M) 9.521ms
[2023-07-15T00:51:15.459+0000][66][info ][gc,cpu      ] GC(8) User=0.01s Sys=0.00s Real=0.01s
[2023-07-15T00:51:15.459+0000][66][info ][safepoint   ] Safepoint "G1PauseRemark", Time since last: 3183616 ns, Reaching safepoint: 413002 ns, At safepoint: 11151339 ns, Total: 11564341 ns
[2023-07-15T00:51:15.460+0000][66][info ][gc,marking  ] GC(8) Concurrent Mark 20.254ms
[2023-07-15T00:51:15.461+0000][66][info ][gc,marking  ] GC(8) Concurrent Rebuild Remembered Sets
[2023-07-15T00:51:15.462+0000][66][info ][gc,marking  ] GC(8) Concurrent Rebuild Remembered Sets 0.940ms
[2023-07-15T00:51:15.463+0000][66][info ][gc,start    ] GC(8) Pause Cleanup
[2023-07-15T00:51:15.464+0000][66][info ][gc          ] GC(8) Pause Cleanup 64M->64M(3932M) 0.859ms
[2023-07-15T00:51:15.465+0000][66][info ][gc,cpu      ] GC(8) User=0.00s Sys=0.00s Real=0.00s
[2023-07-15T00:51:15.466+0000][66][info ][safepoint   ] Safepoint "G1PauseCleanup", Time since last: 3342256 ns, Reaching safepoint: 373235 ns, At safepoint: 2358438 ns, Total: 2731673 ns
[2023-07-15T00:51:15.466+0000][66][info ][gc,marking  ] GC(8) Concurrent Cleanup for Next Mark
[2023-07-15T00:51:15.471+0000][66][info ][gc,marking  ] GC(8) Concurrent Cleanup for Next Mark 4.581ms
[2023-07-15T00:51:15.472+0000][66][info ][gc          ] GC(8) Concurrent Mark Cycle 48.889ms
[2023-07-15T00:51:16.467+0000][66][info ][safepoint   ] Safepoint "Cleanup", Time since last: 1000978164 ns, Reaching safepoint: 416853 ns, At safepoint: 39516 ns, Total: 456369 ns
[2023-07-15T00:51:17.815+0000][66][info ][safepoint   ] Safepoint "ICBufferFull", Time since last: 1347206727 ns, Reaching safepoint: 759180 ns, At safepoint: 3866 ns, Total: 763046 ns
[2023-07-15T00:51:18.747+0000][66][info ][safepoint   ] Safepoint "ICBufferFull", Time since last: 931772640 ns, Reaching safepoint: 335806 ns, At safepoint: 33772 ns, Total: 369578 ns
[2023-07-15T00:51:18.973+0000][66][info ][gc,start    ] GC(9) Pause Young (Concurrent Start) (Metadata GC Threshold)
[2023-07-15T00:51:18.974+0000][66][info ][gc,task     ] GC(9) Using 6 workers of 6 for evacuation
[2023-07-15T00:51:18.975+0000][66][debug][gc,age      ] GC(9) Desired survivor size 46137344 bytes, new threshold 6 (max threshold 15)
[2023-07-15T00:51:19.008+0000][66][info ][gc,phases   ] GC(9)   Pre Evacuate Collection Set: 0.6ms
[2023-07-15T00:51:19.010+0000][66][info ][gc,phases   ] GC(9)   Merge Heap Roots: 0.3ms
[2023-07-15T00:51:19.010+0000][66][info ][gc,phases   ] GC(9)   Evacuate Collection Set: 27.6ms
[2023-07-15T00:51:19.011+0000][66][info ][gc,phases   ] GC(9)   Post Evacuate Collection Set: 3.7ms
[2023-07-15T00:51:19.012+0000][66][info ][gc,phases   ] GC(9)   Other: 2.2ms
[2023-07-15T00:51:19.013+0000][66][trace][gc,age      ] GC(9) Age table with threshold 6 (max threshold 15)
[2023-07-15T00:51:19.014+0000][66][trace][gc,age      ] GC(9) - age   1:   16004560 bytes,   16004560 total
[2023-07-15T00:51:19.015+0000][66][trace][gc,age      ] GC(9) - age   2:   24718064 bytes,   40722624 total
[2023-07-15T00:51:19.017+0000][66][trace][gc,age      ] GC(9) - age   3:    8410024 bytes,   49132648 total
[2023-07-15T00:51:19.017+0000][66][trace][gc,age      ] GC(9) - age   4:    5327968 bytes,   54460616 total
[2023-07-15T00:51:19.018+0000][66][trace][gc,age      ] GC(9) - age   5:    5091544 bytes,   59552160 total
[2023-07-15T00:51:19.019+0000][66][trace][gc,age      ] GC(9) - age   6:    1048872 bytes,   60601032 total
[2023-07-15T00:51:19.020+0000][66][info ][gc,heap     ] GC(9) Eden regions: 108->0(77)
[2023-07-15T00:51:19.021+0000][66][info ][gc,heap     ] GC(9) Survivor regions: 14->16(22)
[2023-07-15T00:51:19.022+0000][66][info ][gc,heap     ] GC(9) Old regions: 0->3
[2023-07-15T00:51:19.022+0000][66][info ][gc,heap     ] GC(9) Archive regions: 2->2
[2023-07-15T00:51:19.023+0000][66][info ][gc,heap     ] GC(9) Humongous regions: 0->0
[2023-07-15T00:51:19.024+0000][66][info ][gc,metaspace] GC(9) Metaspace: 99046K(101376K)->99046K(101376K) NonClass: 86180K(87360K)->86180K(87360K) Class: 12865K(14016K)->12865K(14016K)
[2023-07-15T00:51:19.025+0000][66][info ][gc          ] GC(9) Pause Young (Concurrent Start) (Metadata GC Threshold) 488M->74M(3932M) 52.755ms
[2023-07-15T00:51:19.026+0000][66][info ][gc,cpu      ] GC(9) User=0.13s Sys=0.01s Real=0.05s
[2023-07-15T00:51:19.026+0000][66][info ][gc          ] GC(10) Concurrent Mark Cycle
[2023-07-15T00:51:19.028+0000][66][info ][gc,marking  ] GC(10) Concurrent Clear Claimed Marks
[2023-07-15T00:51:19.027+0000][66][info ][safepoint   ] Safepoint "CollectForMetadataAllocation", Time since last: 225362765 ns, Reaching safepoint: 124472 ns, At safepoint: 54407551 ns, Total: 54532023 ns
[2023-07-15T00:51:19.029+0000][66][info ][gc,marking  ] GC(10) Concurrent Clear Claimed Marks 0.934ms
[2023-07-15T00:51:19.030+0000][66][info ][gc,marking  ] GC(10) Concurrent Scan Root Regions
[2023-07-15T00:51:19.056+0000][66][info ][safepoint   ] Safepoint "CollectForMetadataAllocation", Time since last: 28824923 ns, Reaching safepoint: 110058 ns, At safepoint: 57998 ns, Total: 168056 ns
[2023-07-15T00:51:19.068+0000][66][info ][gc,marking  ] GC(10) Concurrent Scan Root Regions 38.125ms
[2023-07-15T00:51:19.069+0000][66][info ][gc,marking  ] GC(10) Concurrent Mark
[2023-07-15T00:51:19.070+0000][66][info ][gc,marking  ] GC(10) Concurrent Mark From Roots
[2023-07-15T00:51:19.071+0000][66][info ][gc,task     ] GC(10) Using 2 workers of 2 for marking
[2023-07-15T00:51:19.075+0000][66][info ][gc,marking  ] GC(10) Concurrent Mark From Roots 4.651ms
[2023-07-15T00:51:19.076+0000][66][info ][gc,marking  ] GC(10) Concurrent Preclean
[2023-07-15T00:51:19.076+0000][66][info ][gc,marking  ] GC(10) Concurrent Preclean 0.698ms
[2023-07-15T00:51:19.078+0000][66][info ][gc,start    ] GC(10) Pause Remark
[2023-07-15T00:51:19.084+0000][66][info ][gc          ] GC(10) Pause Remark 81M->81M(3932M) 5.829ms
[2023-07-15T00:51:19.085+0000][66][info ][gc,cpu      ] GC(10) User=0.02s Sys=0.00s Real=0.01s
[2023-07-15T00:51:19.086+0000][66][info ][safepoint   ] Safepoint "G1PauseRemark", Time since last: 21357923 ns, Reaching safepoint: 559349 ns, At safepoint: 8250120 ns, Total: 8809469 ns
[2023-07-15T00:51:19.087+0000][66][info ][gc,marking  ] GC(10) Concurrent Mark 18.244ms
[2023-07-15T00:51:19.088+0000][66][info ][gc,marking  ] GC(10) Concurrent Rebuild Remembered Sets
[2023-07-15T00:51:19.093+0000][66][info ][gc,marking  ] GC(10) Concurrent Rebuild Remembered Sets 4.599ms
[2023-07-15T00:51:19.094+0000][66][info ][gc,start    ] GC(10) Pause Cleanup
[2023-07-15T00:51:19.096+0000][66][info ][gc          ] GC(10) Pause Cleanup 81M->81M(3932M) 1.197ms
[2023-07-15T00:51:19.097+0000][66][info ][gc,cpu      ] GC(10) User=0.00s Sys=0.00s Real=0.00s
[2023-07-15T00:51:19.098+0000][66][info ][safepoint   ] Safepoint "G1PauseCleanup", Time since last: 7699046 ns, Reaching safepoint: 482427 ns, At safepoint: 3641198 ns, Total: 4123625 ns
[2023-07-15T00:51:19.099+0000][66][info ][gc,marking  ] GC(10) Concurrent Cleanup for Next Mark
[2023-07-15T00:51:19.105+0000][66][info ][gc,marking  ] GC(10) Concurrent Cleanup for Next Mark 5.726ms
[2023-07-15T00:51:19.106+0000][66][info ][gc          ] GC(10) Concurrent Mark Cycle 80.263ms
[2023-07-15T00:51:20.057+0000][66][info ][safepoint   ] Safepoint "ICBufferFull", Time since last: 958509853 ns, Reaching safepoint: 359217 ns, At safepoint: 36249 ns, Total: 395466 ns
[2023-07-15T00:51:20.224+0000][66][info ][safepoint   ] Safepoint "ICBufferFull", Time since last: 166568862 ns, Reaching safepoint: 248309 ns, At safepoint: 57894 ns, Total: 306203 ns
[2023-07-15T00:51:20.753+0000][66][info ][safepoint   ] Safepoint "ICBufferFull", Time since last: 528486894 ns, Reaching safepoint: 383399 ns, At safepoint: 9941 ns, Total: 393340 ns
[2023-07-15T00:51:21.383+0000][66][info ][safepoint   ] Safepoint "ICBufferFull", Time since last: 629981481 ns, Reaching safepoint: 801975 ns, At safepoint: 57898 ns, Total: 859873 ns
[2023-07-15T00:51:22.018+0000][66][info ][safepoint   ] Safepoint "ICBufferFull", Time since last: 633874155 ns, Reaching safepoint: 417332 ns, At safepoint: 116679 ns, Total: 534011 ns
[2023-07-15T00:51:22.021+0000][66][info ][safepoint   ] Safepoint "ICBufferFull", Time since last: 2224479 ns, Reaching safepoint: 441222 ns, At safepoint: 76370 ns, Total: 517592 ns
[2023-07-15T00:51:22.791+0000][66][info ][safepoint   ] Safepoint "ICBufferFull", Time since last: 767679263 ns, Reaching safepoint: 2657359 ns, At safepoint: 68286 ns, Total: 2725645 ns
[2023-07-15T00:51:23.074+0000][66][info ][safepoint   ] Safepoint "ICBufferFull", Time since last: 282364485 ns, Reaching safepoint: 229083 ns, At safepoint: 332761 ns, Total: 561844 ns
[2023-07-15T00:51:23.472+0000][66][info ][safepoint   ] Safepoint "ICBufferFull", Time since last: 396411690 ns, Reaching safepoint: 1302388 ns, At safepoint: 106838 ns, Total: 1409226 ns
[2023-07-15T00:51:24.150+0000][66][info ][safepoint   ] Safepoint "ICBufferFull", Time since last: 676918075 ns, Reaching safepoint: 1070682 ns, At safepoint: 129560 ns, Total: 1200242 ns
[2023-07-15T00:51:24.700+0000][66][info ][safepoint   ] Safepoint "ICBufferFull", Time since last: 549780339 ns, Reaching safepoint: 331932 ns, At safepoint: 102711 ns, Total: 434643 ns
[2023-07-15T00:51:25.189+0000][66][info ][safepoint   ] Safepoint "ICBufferFull", Time since last: 488029849 ns, Reaching safepoint: 435833 ns, At safepoint: 104540 ns, Total: 540373 ns
[2023-07-15T00:51:26.163+0000][66][info ][safepoint   ] Safepoint "ICBufferFull", Time since last: 974168822 ns, Reaching safepoint: 227487 ns, At safepoint: 69402 ns, Total: 296889 ns
[2023-07-15T00:51:27.691+0000][66][info ][safepoint   ] Safepoint "Cleanup", Time since last: 1527618340 ns, Reaching safepoint: 248103 ns, At safepoint: 3423 ns, Total: 251526 ns
[2023-07-15T00:51:28.693+0000][66][info ][safepoint   ] Safepoint "Cleanup", Time since last: 1001934657 ns, Reaching safepoint: 178638 ns, At safepoint: 4017 ns, Total: 182655 ns
[2023-07-15T00:51:29.695+0000][66][info ][safepoint   ] Safepoint "Cleanup", Time since last: 1001473878 ns, Reaching safepoint: 217380 ns, At safepoint: 7836 ns, Total: 225216 ns
[2023-07-15T00:51:31.473+0000][66][info ][safepoint   ] Safepoint "Cleanup", Time since last: 1774584823 ns, Reaching safepoint: 322502 ns, At safepoint: 8123 ns, Total: 330625 ns
[2023-07-15T00:51:32.475+0000][66][info ][safepoint   ] Safepoint "Cleanup", Time since last: 1002061948 ns, Reaching safepoint: 105132 ns, At safepoint: 8095 ns, Total: 113227 ns
[2023-07-15T00:51:33.478+0000][66][info ][safepoint   ] Safepoint "Cleanup", Time since last: 1002205811 ns, Reaching safepoint: 358454 ns, At safepoint: 8222 ns, Total: 366676 ns
[2023-07-15T00:51:33.795+0000][66][info ][safepoint   ] Safepoint "ICBufferFull", Time since last: 316674503 ns, Reaching safepoint: 371599 ns, At safepoint: 82823 ns, Total: 454422 ns
[2023-07-15T00:51:35.658+0000][66][info ][safepoint   ] Safepoint "Cleanup", Time since last: 1862429948 ns, Reaching safepoint: 437788 ns, At safepoint: 14285 ns, Total: 452073 ns
[2023-07-15T00:51:36.771+0000][66][info ][safepoint   ] Safepoint "Cleanup", Time since last: 1112973273 ns, Reaching safepoint: 242254 ns, At safepoint: 38642 ns, Total: 280896 ns
[2023-07-15T00:51:36.975+0000][66][info ][gc,start    ] GC(11) Pause Young (Normal) (G1 Evacuation Pause)
[2023-07-15T00:51:36.976+0000][66][info ][gc,task     ] GC(11) Using 6 workers of 6 for evacuation
[2023-07-15T00:51:36.977+0000][66][debug][gc,age      ] GC(11) Desired survivor size 33554432 bytes, new threshold 2 (max threshold 15)
[2023-07-15T00:51:37.033+0000][66][info ][gc,phases   ] GC(11)   Pre Evacuate Collection Set: 0.2ms
[2023-07-15T00:51:37.034+0000][66][info ][gc,phases   ] GC(11)   Merge Heap Roots: 0.2ms
[2023-07-15T00:51:37.035+0000][66][info ][gc,phases   ] GC(11)   Evacuate Collection Set: 48.1ms
[2023-07-15T00:51:37.036+0000][66][info ][gc,phases   ] GC(11)   Post Evacuate Collection Set: 5.7ms
[2023-07-15T00:51:37.037+0000][66][info ][gc,phases   ] GC(11)   Other: 2.1ms
[2023-07-15T00:51:37.038+0000][66][trace][gc,age      ] GC(11) Age table with threshold 2 (max threshold 15)
[2023-07-15T00:51:37.041+0000][66][trace][gc,age      ] GC(11) - age   1:   32935120 bytes,   32935120 total
[2023-07-15T00:51:37.042+0000][66][trace][gc,age      ] GC(11) - age   2:   14971832 bytes,   47906952 total
[2023-07-15T00:51:37.043+0000][66][info ][gc,heap     ] GC(11) Eden regions: 107->0(163)
[2023-07-15T00:51:37.044+0000][66][info ][gc,heap     ] GC(11) Survivor regions: 16->14(16)
[2023-07-15T00:51:37.045+0000][66][info ][gc,heap     ] GC(11) Old regions: 3->14
[2023-07-15T00:51:37.046+0000][66][info ][gc,heap     ] GC(11) Archive regions: 2->2
[2023-07-15T00:51:37.046+0000][66][info ][gc,heap     ] GC(11) Humongous regions: 0->0
[2023-07-15T00:51:37.047+0000][66][info ][gc,metaspace] GC(11) Metaspace: 128497K(131776K)->128497K(131776K) NonClass: 111292K(112960K)->111292K(112960K) Class: 17204K(18816K)->17204K(18816K)
[2023-07-15T00:51:37.048+0000][66][info ][gc          ] GC(11) Pause Young (Normal) (G1 Evacuation Pause) 502M->112M(3932M) 72.929ms
[2023-07-15T00:51:37.049+0000][66][info ][gc,cpu      ] GC(11) User=0.31s Sys=0.00s Real=0.07s
[2023-07-15T00:51:37.051+0000][66][info ][safepoint   ] Safepoint "G1CollectForAllocation", Time since last: 204447167 ns, Reaching safepoint: 198412 ns, At safepoint: 75070258 ns, Total: 75268670 ns
[2023-07-15T00:51:37.714+0000][66][info ][safepoint   ] Safepoint "ICBufferFull", Time since last: 663504193 ns, Reaching safepoint: 206082 ns, At safepoint: 10857 ns, Total: 216939 ns
[2023-07-15T00:51:39.378+0000][66][info ][safepoint   ] Safepoint "Cleanup", Time since last: 1662846240 ns, Reaching safepoint: 601917 ns, At safepoint: 24914 ns, Total: 626831 ns
[2023-07-15T00:51:40.381+0000][66][info ][safepoint   ] Safepoint "Cleanup", Time since last: 1002633375 ns, Reaching safepoint: 541719 ns, At safepoint: 13420 ns, Total: 555139 ns
[2023-07-15T00:51:41.384+0000][66][info ][safepoint   ] Safepoint "Cleanup", Time since last: 1002477187 ns, Reaching safepoint: 244989 ns, At safepoint: 4565 ns, Total: 249554 ns
[2023-07-15T00:51:42.693+0000][66][info ][safepoint   ] Safepoint "Cleanup", Time since last: 1309024527 ns, Reaching safepoint: 347060 ns, At safepoint: 6511 ns, Total: 353571 ns
[2023-07-15T00:51:43.739+0000][66][info ][safepoint   ] Safepoint "Cleanup", Time since last: 1045569375 ns, Reaching safepoint: 344749 ns, At safepoint: 64771 ns, Total: 409520 ns
[2023-07-15T00:51:44.741+0000][66][info ][safepoint   ] Safepoint "Cleanup", Time since last: 1001761461 ns, Reaching safepoint: 604571 ns, At safepoint: 11701 ns, Total: 616272 ns
[2023-07-15T00:51:45.744+0000][66][info ][safepoint   ] Safepoint "Cleanup", Time since last: 1002682005 ns, Reaching safepoint: 270972 ns, At safepoint: 11005 ns, Total: 281977 ns
[2023-07-15T00:51:46.747+0000][66][info ][safepoint   ] Safepoint "Cleanup", Time since last: 1001825222 ns, Reaching safepoint: 991741 ns, At safepoint: 22293 ns, Total: 1014034 ns
[2023-07-15T00:51:48.751+0000][66][info ][safepoint   ] Safepoint "Cleanup", Time since last: 2003871633 ns, Reaching safepoint: 166746 ns, At safepoint: 10402 ns, Total: 177148 ns
[2023-07-15T00:51:49.998+0000][66][info ][safepoint   ] Safepoint "Cleanup", Time since last: 1246383730 ns, Reaching safepoint: 232071 ns, At safepoint: 5517 ns, Total: 237588 ns
[2023-07-15T00:51:51.162+0000][66][info ][safepoint   ] Safepoint "Cleanup", Time since last: 1164139318 ns, Reaching safepoint: 408486 ns, At safepoint: 8656 ns, Total: 417142 ns
[2023-07-15T00:51:52.166+0000][66][info ][safepoint   ] Safepoint "Cleanup", Time since last: 1002733157 ns, Reaching safepoint: 582409 ns, At safepoint: 23368 ns, Total: 605777 ns
[2023-07-15T00:51:53.171+0000][66][info ][safepoint   ] Safepoint "Cleanup", Time since last: 1004501743 ns, Reaching safepoint: 628088 ns, At safepoint: 10554 ns, Total: 638642 ns
[2023-07-15T00:51:54.174+0000][66][info ][safepoint   ] Safepoint "Cleanup", Time since last: 1002614977 ns, Reaching safepoint: 425890 ns, At safepoint: 9884 ns, Total: 435774 ns
[2023-07-15T00:51:55.138+0000][66][info ][safepoint   ] Safepoint "ICBufferFull", Time since last: 963474353 ns, Reaching safepoint: 255441 ns, At safepoint: 10153 ns, Total: 265594 ns
[2023-07-15T00:51:56.524+0000][66][info ][safepoint   ] Safepoint "Cleanup", Time since last: 1386514095 ns, Reaching safepoint: 255915 ns, At safepoint: 4817 ns, Total: 260732 ns
[2023-07-15T00:51:58.527+0000][66][info ][safepoint   ] Safepoint "Cleanup", Time since last: 2001638251 ns, Reaching safepoint: 654756 ns, At safepoint: 23463 ns, Total: 678219 ns
[2023-07-15T00:51:59.530+0000][66][info ][safepoint   ] Safepoint "Cleanup", Time since last: 1002596713 ns, Reaching safepoint: 317261 ns, At safepoint: 9326 ns, Total: 326587 ns
[2023-07-15T00:52:00.533+0000][66][info ][safepoint   ] Safepoint "Cleanup", Time since last: 1002496657 ns, Reaching safepoint: 723900 ns, At safepoint: 62808 ns, Total: 786708 ns
[2023-07-15T00:52:01.689+0000][66][info ][safepoint   ] Safepoint "Cleanup", Time since last: 1155669325 ns, Reaching safepoint: 186715 ns, At safepoint: 31225 ns, Total: 217940 ns
[2023-07-15T00:52:02.746+0000][66][info ][safepoint   ] Safepoint "Cleanup", Time since last: 1056028997 ns, Reaching safepoint: 933769 ns, At safepoint: 29605 ns, Total: 963374 ns
[2023-07-15T00:52:03.750+0000][66][info ][safepoint   ] Safepoint "Cleanup", Time since last: 1003732344 ns, Reaching safepoint: 320169 ns, At safepoint: 7411 ns, Total: 327580 ns
[2023-07-15T00:52:04.754+0000][66][info ][safepoint   ] Safepoint "Cleanup", Time since last: 1002583331 ns, Reaching safepoint: 606440 ns, At safepoint: 22468 ns, Total: 628908 ns
[2023-07-15T00:52:06.757+0000][66][info ][safepoint   ] Safepoint "Cleanup", Time since last: 2002755254 ns, Reaching safepoint: 455013 ns, At safepoint: 85662 ns, Total: 540675 ns
[2023-07-15T00:52:07.960+0000][66][info ][safepoint   ] Safepoint "Cleanup", Time since last: 1202530858 ns, Reaching safepoint: 180494 ns, At safepoint: 32525 ns, Total: 213019 ns
[2023-07-15T00:52:09.014+0000][66][info ][safepoint   ] Safepoint "Cleanup", Time since last: 1053778964 ns, Reaching safepoint: 835713 ns, At safepoint: 31609 ns, Total: 867322 ns
[2023-07-15T00:52:10.018+0000][66][info ][safepoint   ] Safepoint "Cleanup", Time since last: 1002828771 ns, Reaching safepoint: 514358 ns, At safepoint: 9469 ns, Total: 523827 ns
[2023-07-15T00:52:12.022+0000][66][info ][safepoint   ] Safepoint "Cleanup", Time since last: 2003484966 ns, Reaching safepoint: 518973 ns, At safepoint: 9153 ns, Total: 528126 ns
[2023-07-15T00:52:13.219+0000][66][info ][safepoint   ] Safepoint "Cleanup", Time since last: 1196926724 ns, Reaching safepoint: 244373 ns, At safepoint: 32742 ns, Total: 277115 ns
[2023-07-15T00:52:14.280+0000][66][info ][safepoint   ] Safepoint "Cleanup", Time since last: 1060221404 ns, Reaching safepoint: 512056 ns, At safepoint: 11127 ns, Total: 523183 ns
[2023-07-15T00:52:16.283+0000][66][info ][safepoint   ] Safepoint "Cleanup", Time since last: 2002825485 ns, Reaching safepoint: 440832 ns, At safepoint: 9713 ns, Total: 450545 ns
[2023-07-15T00:52:17.286+0000][66][info ][safepoint   ] Safepoint "Cleanup", Time since last: 1002314065 ns, Reaching safepoint: 636133 ns, At safepoint: 27809 ns, Total: 663942 ns
[2023-07-15T00:52:18.289+0000][66][info ][safepoint   ] Safepoint "Cleanup", Time since last: 1002712912 ns, Reaching safepoint: 664802 ns, At safepoint: 12003 ns, Total: 676805 ns
[2023-07-15T00:52:19.494+0000][66][info ][safepoint   ] Safepoint "Cleanup", Time since last: 1204723511 ns, Reaching safepoint: 151863 ns, At safepoint: 34540 ns, Total: 186403 ns
[2023-07-15T00:52:20.650+0000][66][info ][safepoint   ] Safepoint "Cleanup", Time since last: 1156022282 ns, Reaching safepoint: 212806 ns, At safepoint: 35458 ns, Total: 248264 ns
[2023-07-15T00:52:21.663+0000][66][info ][safepoint   ] Safepoint "Cleanup", Time since last: 1012472065 ns, Reaching safepoint: 559141 ns, At safepoint: 11322 ns, Total: 570463 ns
[2023-07-15T00:52:22.667+0000][66][info ][safepoint   ] Safepoint "Cleanup", Time since last: 1003468077 ns, Reaching safepoint: 347752 ns, At safepoint: 6918 ns, Total: 354670 ns
[2023-07-15T00:52:24.670+0000][66][info ][safepoint   ] Safepoint "Cleanup", Time since last: 2002747903 ns, Reaching safepoint: 382182 ns, At safepoint: 6568 ns, Total: 388750 ns
[2023-07-15T00:52:25.821+0000][66][info ][safepoint   ] Safepoint "Cleanup", Time since last: 1150753440 ns, Reaching safepoint: 144668 ns, At safepoint: 34094 ns, Total: 178762 ns
[2023-07-15T00:52:27.882+0000][66][info ][safepoint   ] Safepoint "Cleanup", Time since last: 2060670051 ns, Reaching safepoint: 281665 ns, At safepoint: 5765 ns, Total: 287430 ns
[2023-07-15T00:52:28.885+0000][66][info ][safepoint   ] Safepoint "Cleanup", Time since last: 1002083945 ns, Reaching safepoint: 565600 ns, At safepoint: 11507 ns, Total: 577107 ns
[2023-07-15T00:52:30.834+0000][66][info ][safepoint   ] Safepoint "Cleanup", Time since last: 1948083105 ns, Reaching safepoint: 184286 ns, At safepoint: 30163 ns, Total: 214449 ns
[2023-07-15T00:52:32.000+0000][66][info ][safepoint   ] Safepoint "Cleanup", Time since last: 1165751993 ns, Reaching safepoint: 523421 ns, At safepoint: 11442 ns, Total: 534863 ns
[2023-07-15T00:52:33.162+0000][66][info ][safepoint   ] Safepoint "Cleanup", Time since last: 1161484339 ns, Reaching safepoint: 564084 ns, At safepoint: 22529 ns, Total: 586613 ns
[2023-07-15T00:52:34.166+0000][66][info ][safepoint   ] Safepoint "Cleanup", Time since last: 1003490847 ns, Reaching safepoint: 278672 ns, At safepoint: 9041 ns, Total: 287713 ns
[2023-07-15T00:52:35.168+0000][66][info ][safepoint   ] Safepoint "Cleanup", Time since last: 1001793366 ns, Reaching safepoint: 395233 ns, At safepoint: 7977 ns, Total: 403210 ns
[2023-07-15T00:52:36.840+0000][66][info ][safepoint   ] Safepoint "Cleanup", Time since last: 1671020643 ns, Reaching safepoint: 251623 ns, At safepoint: 62484 ns, Total: 314107 ns
[2023-07-15T00:52:38.459+0000][66][info ][safepoint   ] Safepoint "Cleanup", Time since last: 1618936185 ns, Reaching safepoint: 534812 ns, At safepoint: 10247 ns, Total: 545059 ns
[2023-07-15T00:52:39.463+0000][66][info ][safepoint   ] Safepoint "Cleanup", Time since last: 1003013261 ns, Reaching safepoint: 575946 ns, At safepoint: 11135 ns, Total: 587081 ns
[2023-07-15T00:52:40.466+0000][66][info ][safepoint   ] Safepoint "Cleanup", Time since last: 1003089087 ns, Reaching safepoint: 533586 ns, At safepoint: 10827 ns, Total: 544413 ns
[2023-07-15T00:52:41.524+0000][66][info ][safepoint   ] Safepoint "Cleanup", Time since last: 1057902723 ns, Reaching safepoint: 39050 ns, At safepoint: 1731 ns, Total: 40781 ns
[2023-07-15T00:52:42.718+0000][66][info ][safepoint   ] Safepoint "Cleanup", Time since last: 1193057466 ns, Reaching safepoint: 440799 ns, At safepoint: 44485 ns, Total: 485284 ns
[2023-07-15T00:52:43.718+0000][66][info ][safepoint   ] Safepoint "Cleanup", Time since last: 1000309809 ns, Reaching safepoint: 159324 ns, At safepoint: 51480 ns, Total: 210804 ns
[2023-07-15T00:52:44.728+0000][66][info ][safepoint   ] Safepoint "Cleanup", Time since last: 1008934399 ns, Reaching safepoint: 636398 ns, At safepoint: 11344 ns, Total: 647742 ns
[2023-07-15T00:52:45.732+0000][66][info ][safepoint   ] Safepoint "Cleanup", Time since last: 1003370116 ns, Reaching safepoint: 178066 ns, At safepoint: 4283 ns, Total: 182349 ns
[2023-07-15T00:52:47.314+0000][66][info ][safepoint   ] Safepoint "Cleanup", Time since last: 1582103751 ns, Reaching safepoint: 575016 ns, At safepoint: 25290 ns, Total: 600306 ns
[2023-07-15T00:52:48.835+0000][66][info ][safepoint   ] Safepoint "Cleanup", Time since last: 1520380005 ns, Reaching safepoint: 173066 ns, At safepoint: 29165 ns, Total: 202231 ns
[2023-07-15T00:52:49.944+0000][66][info ][safepoint   ] Safepoint "Cleanup", Time since last: 1108837744 ns, Reaching safepoint: 134488 ns, At safepoint: 33648 ns, Total: 168136 ns
[2023-07-15T00:52:51.103+0000][66][info ][safepoint   ] Safepoint "Cleanup", Time since last: 1158954305 ns, Reaching safepoint: 233541 ns, At safepoint: 4581 ns, Total: 238122 ns
[2023-07-15T00:52:52.105+0000][66][info ][safepoint   ] Safepoint "Cleanup", Time since last: 1001546949 ns, Reaching safepoint: 386864 ns, At safepoint: 77356 ns, Total: 464220 ns
[2023-07-15T00:52:54.110+0000][66][info ][safepoint   ] Safepoint "Cleanup", Time since last: 2004708407 ns, Reaching safepoint: 335881 ns, At safepoint: 13242 ns, Total: 349123 ns
[2023-07-15T00:52:55.265+0000][66][info ][safepoint   ] Safepoint "Cleanup", Time since last: 1154761065 ns, Reaching safepoint: 233208 ns, At safepoint: 37628 ns, Total: 270836 ns
[2023-07-15T00:52:56.325+0000][66][info ][safepoint   ] Safepoint "Cleanup", Time since last: 1058937303 ns, Reaching safepoint: 832686 ns, At safepoint: 101194 ns, Total: 933880 ns
[2023-07-15T00:52:57.434+0000][66][info ][safepoint   ] Safepoint "Cleanup", Time since last: 1108889169 ns, Reaching safepoint: 193106 ns, At safepoint: 47192 ns, Total: 240298 ns
[2023-07-15T00:52:58.533+0000][66][info ][safepoint   ] Safepoint "Cleanup", Time since last: 1098391826 ns, Reaching safepoint: 536499 ns, At safepoint: 9460 ns, Total: 545959 ns
[2023-07-15T00:52:59.536+0000][66][info ][safepoint   ] Safepoint "Cleanup", Time since last: 1002747049 ns, Reaching safepoint: 212673 ns, At safepoint: 5456 ns, Total: 218129 ns
[2023-07-15T00:53:00.857+0000][66][info ][safepoint   ] Safepoint "Cleanup", Time since last: 1320251710 ns, Reaching safepoint: 341658 ns, At safepoint: 32307 ns, Total: 373965 ns
[2023-07-15T00:53:02.798+0000][66][info ][safepoint   ] Safepoint "Cleanup", Time since last: 1940676775 ns, Reaching safepoint: 618303 ns, At safepoint: 10604 ns, Total: 628907 ns
[2023-07-15T00:53:03.801+0000][66][info ][safepoint   ] Safepoint "Cleanup", Time since last: 1002856184 ns, Reaching safepoint: 467451 ns, At safepoint: 9932 ns, Total: 477383 ns
[2023-07-15T00:53:06.804+0000][66][info ][safepoint   ] Safepoint "Cleanup", Time since last: 3002641984 ns, Reaching safepoint: 63025 ns, At safepoint: 3404 ns, Total: 66429 ns
[2023-07-15T00:53:07.999+0000][66][info ][safepoint   ] Safepoint "Cleanup", Time since last: 1194271192 ns, Reaching safepoint: 214047 ns, At safepoint: 45799 ns, Total: 259846 ns
[2023-07-15T00:53:09.094+0000][66][info ][safepoint   ] Safepoint "Cleanup", Time since last: 1094616151 ns, Reaching safepoint: 619100 ns, At safepoint: 14434 ns, Total: 633534 ns
[2023-07-15T00:53:10.097+0000][66][info ][safepoint   ] Safepoint "Cleanup", Time since last: 1002399816 ns, Reaching safepoint: 658773 ns, At safepoint: 27631 ns, Total: 686404 ns
[2023-07-15T00:53:12.857+0000][66][info ][safepoint   ] Safepoint "Cleanup", Time since last: 2760295983 ns, Reaching safepoint: 120347 ns, At safepoint: 41473 ns, Total: 161820 ns
[2023-07-15T00:53:14.553+0000][66][info ][safepoint   ] Safepoint "Cleanup", Time since last: 1695713352 ns, Reaching safepoint: 168636 ns, At safepoint: 5651 ns, Total: 174287 ns
[2023-07-15T00:53:16.564+0000][66][info ][safepoint   ] Safepoint "Cleanup", Time since last: 2010032171 ns, Reaching safepoint: 737781 ns, At safepoint: 52536 ns, Total: 790317 ns
[2023-07-15T00:53:18.853+0000][66][info ][safepoint   ] Safepoint "Cleanup", Time since last: 2288993501 ns, Reaching safepoint: 251978 ns, At safepoint: 55040 ns, Total: 307018 ns
[2023-07-15T00:53:20.801+0000][66][info ][safepoint   ] Safepoint "Cleanup", Time since last: 1947535554 ns, Reaching safepoint: 124423 ns, At safepoint: 3227 ns, Total: 127650 ns
[2023-07-15T00:53:21.802+0000][66][info ][safepoint   ] Safepoint "Cleanup", Time since last: 1001074149 ns, Reaching safepoint: 148460 ns, At safepoint: 13278 ns, Total: 161738 ns
[2023-07-15T00:53:24.843+0000][66][info ][safepoint   ] Safepoint "Cleanup", Time since last: 3040389126 ns, Reaching safepoint: 92960 ns, At safepoint: 34523 ns, Total: 127483 ns
[2023-07-15T00:53:26.019+0000][66][info ][safepoint   ] Safepoint "Cleanup", Time since last: 1176171850 ns, Reaching safepoint: 167237 ns, At safepoint: 36431 ns, Total: 203668 ns
[2023-07-15T00:53:27.088+0000][66][info ][safepoint   ] Safepoint "Cleanup", Time since last: 1068139527 ns, Reaching safepoint: 425441 ns, At safepoint: 12650 ns, Total: 438091 ns
[2023-07-15T00:53:28.091+0000][66][info ][safepoint   ] Safepoint "Cleanup", Time since last: 1002211100 ns, Reaching safepoint: 405747 ns, At safepoint: 44153 ns, Total: 449900 ns
[2023-07-15T00:53:29.094+0000][66][info ][safepoint   ] Safepoint "Cleanup", Time since last: 1003362443 ns, Reaching safepoint: 226728 ns, At safepoint: 16709 ns, Total: 243437 ns
[2023-07-15T00:53:31.044+0000][66][info ][safepoint   ] Safepoint "Cleanup", Time since last: 1948945308 ns, Reaching safepoint: 120795 ns, At safepoint: 44134 ns, Total: 164929 ns
[2023-07-15T00:53:32.421+0000][66][info ][safepoint   ] Safepoint "Cleanup", Time since last: 1376657639 ns, Reaching safepoint: 343773 ns, At safepoint: 111311 ns, Total: 455084 ns
[2023-07-15T00:53:33.624+0000][66][info ][safepoint   ] Safepoint "Cleanup", Time since last: 1201794556 ns, Reaching safepoint: 843754 ns, At safepoint: 66026 ns, Total: 909780 ns
[2023-07-15T00:53:34.638+0000][66][info ][safepoint   ] Safepoint "Cleanup", Time since last: 1013996969 ns, Reaching safepoint: 279719 ns, At safepoint: 6456 ns, Total: 286175 ns
[2023-07-15T00:53:36.641+0000][66][info ][safepoint   ] Safepoint "Cleanup", Time since last: 2002752786 ns, Reaching safepoint: 445373 ns, At safepoint: 14575 ns, Total: 459948 ns
[2023-07-15T00:53:38.223+0000][66][info ][safepoint   ] Safepoint "Cleanup", Time since last: 1581160744 ns, Reaching safepoint: 532997 ns, At safepoint: 65814 ns, Total: 598811 ns
[2023-07-15T00:53:39.500+0000][66][info ][safepoint   ] Safepoint "Cleanup", Time since last: 1276089934 ns, Reaching safepoint: 704507 ns, At safepoint: 17309 ns, Total: 721816 ns
[2023-07-15T00:53:40.513+0000][66][info ][safepoint   ] Safepoint "Cleanup", Time since last: 1013081746 ns, Reaching safepoint: 312410 ns, At safepoint: 6735 ns, Total: 319145 ns
[2023-07-15T00:53:41.516+0000][66][info ][safepoint   ] Safepoint "Cleanup", Time since last: 1002276828 ns, Reaching safepoint: 403361 ns, At safepoint: 14182 ns, Total: 417543 ns
[2023-07-15T00:53:42.878+0000][66][info ][safepoint   ] Safepoint "Cleanup", Time since last: 1362353581 ns, Reaching safepoint: 189804 ns, At safepoint: 32123 ns, Total: 221927 ns
[2023-07-15T00:53:44.779+0000][66][info ][safepoint   ] Safepoint "Cleanup", Time since last: 1900429050 ns, Reaching safepoint: 237699 ns, At safepoint: 7655 ns, Total: 245354 ns
[2023-07-15T00:53:45.782+0000][66][info ][safepoint   ] Safepoint "Cleanup", Time since last: 1002161784 ns, Reaching safepoint: 297758 ns, At safepoint: 4403 ns, Total: 302161 ns
[2023-07-15T00:53:46.783+0000][66][info ][safepoint   ] Safepoint "Cleanup", Time since last: 1001487853 ns, Reaching safepoint: 258988 ns, At safepoint: 4801 ns, Total: 263789 ns
[2023-07-15T00:53:48.789+0000][66][info ][safepoint   ] Safepoint "Cleanup", Time since last: 2005766273 ns, Reaching safepoint: 75685 ns, At safepoint: 105338 ns, Total: 181023 ns
[2023-07-15T00:53:50.015+0000][66][info ][safepoint   ] Safepoint "Cleanup", Time since last: 1225176280 ns, Reaching safepoint: 124489 ns, At safepoint: 5957 ns, Total: 130446 ns
[2023-07-15T00:53:51.182+0000][66][info ][safepoint   ] Safepoint "Cleanup", Time since last: 1167156034 ns, Reaching safepoint: 205057 ns, At safepoint: 8479 ns, Total: 213536 ns
[2023-07-15T00:53:52.183+0000][66][info ][safepoint   ] Safepoint "Cleanup", Time since last: 1001304301 ns, Reaching safepoint: 233121 ns, At safepoint: 4369 ns, Total: 237490 ns
[2023-07-15T00:53:54.857+0000][66][info ][safepoint   ] Safepoint "Cleanup", Time since last: 2672998154 ns, Reaching safepoint: 269084 ns, At safepoint: 33435 ns, Total: 302519 ns
[2023-07-15T00:53:56.458+0000][66][info ][safepoint   ] Safepoint "Cleanup", Time since last: 1600901476 ns, Reaching safepoint: 286998 ns, At safepoint: 4390 ns, Total: 291388 ns
[2023-07-15T00:53:58.460+0000][66][info ][safepoint   ] Safepoint "Cleanup", Time since last: 2001496981 ns, Reaching safepoint: 152630 ns, At safepoint: 9031 ns, Total: 161661 ns
[2023-07-15T00:54:00.890+0000][66][info ][safepoint   ] Safepoint "Cleanup", Time since last: 2429990122 ns, Reaching safepoint: 169760 ns, At safepoint: 32673 ns, Total: 202433 ns
[2023-07-15T00:54:02.745+0000][66][info ][safepoint   ] Safepoint "Cleanup", Time since last: 1854832904 ns, Reaching safepoint: 249132 ns, At safepoint: 18264 ns, Total: 267396 ns
[2023-07-15T00:54:04.748+0000][66][info ][safepoint   ] Safepoint "Cleanup", Time since last: 2002472317 ns, Reaching safepoint: 163505 ns, At safepoint: 9087 ns, Total: 172592 ns
[2023-07-15T00:54:06.750+0000][66][info ][safepoint   ] Safepoint "Cleanup", Time since last: 2001284262 ns, Reaching safepoint: 201757 ns, At safepoint: 10459 ns, Total: 212216 ns
[2023-07-15T00:54:07.966+0000][66][info ][safepoint   ] Safepoint "Cleanup", Time since last: 1215768871 ns, Reaching safepoint: 93611 ns, At safepoint: 3762 ns, Total: 97373 ns
[2023-07-15T00:54:10.171+0000][66][info ][safepoint   ] Safepoint "Cleanup", Time since last: 2204799623 ns, Reaching safepoint: 197538 ns, At safepoint: 4179 ns, Total: 201717 ns
[2023-07-15T00:54:12.172+0000][66][info ][safepoint   ] Safepoint "Cleanup", Time since last: 2001440337 ns, Reaching safepoint: 79189 ns, At safepoint: 12885 ns, Total: 92074 ns
[2023-07-15T00:54:13.329+0000][66][info ][safepoint   ] Safepoint "Cleanup", Time since last: 1157137170 ns, Reaching safepoint: 182631 ns, At safepoint: 38018 ns, Total: 220649 ns
[2023-07-15T00:54:16.644+0000][66][info ][safepoint   ] Safepoint "Cleanup", Time since last: 3313900132 ns, Reaching safepoint: 254047 ns, At safepoint: 10048 ns, Total: 264095 ns
[2023-07-15T00:54:17.646+0000][66][info ][safepoint   ] Safepoint "Cleanup", Time since last: 1001688665 ns, Reaching safepoint: 247330 ns, At safepoint: 6312 ns, Total: 253642 ns
[2023-07-15T00:54:18.650+0000][66][info ][safepoint   ] Safepoint "Cleanup", Time since last: 1004775803 ns, Reaching safepoint: 105843 ns, At safepoint: 10079 ns, Total: 115922 ns
[2023-07-15T00:54:19.833+0000][66][info ][safepoint   ] Safepoint "Cleanup", Time since last: 1182545756 ns, Reaching safepoint: 129441 ns, At safepoint: 34252 ns, Total: 163693 ns
[2023-07-15T00:54:20.901+0000][66][info ][safepoint   ] Safepoint "Cleanup", Time since last: 1067273925 ns, Reaching safepoint: 147254 ns, At safepoint: 3684 ns, Total: 150938 ns
[2023-07-15T00:54:22.053+0000][66][info ][safepoint   ] Safepoint "Cleanup", Time since last: 1152088203 ns, Reaching safepoint: 170315 ns, At safepoint: 44363 ns, Total: 214678 ns
[2023-07-15T00:54:23.595+0000][66][info ][safepoint   ] Safepoint "Cleanup", Time since last: 1542077833 ns, Reaching safepoint: 270206 ns, At safepoint: 6503 ns, Total: 276709 ns
[2023-07-15T00:54:24.597+0000][66][info ][safepoint   ] Safepoint "Cleanup", Time since last: 1001427412 ns, Reaching safepoint: 133598 ns, At safepoint: 7712 ns, Total: 141310 ns
[2023-07-15T00:54:26.127+0000][66][info ][safepoint   ] Safepoint "Cleanup", Time since last: 1530166823 ns, Reaching safepoint: 58216 ns, At safepoint: 35359 ns, Total: 93575 ns
[2023-07-15T00:54:27.190+0000][66][info ][safepoint   ] Safepoint "Cleanup", Time since last: 1062702643 ns, Reaching safepoint: 342588 ns, At safepoint: 5256 ns, Total: 347844 ns
[2023-07-15T00:54:28.192+0000][66][info ][safepoint   ] Safepoint "Cleanup", Time since last: 1001337902 ns, Reaching safepoint: 211185 ns, At safepoint: 11861 ns, Total: 223046 ns
[2023-07-15T00:54:29.194+0000][66][info ][safepoint   ] Safepoint "Cleanup", Time since last: 1002103049 ns, Reaching safepoint: 257743 ns, At safepoint: 5257 ns, Total: 263000 ns
[2023-07-15T00:54:30.924+0000][66][info ][safepoint   ] Safepoint "Cleanup", Time since last: 1726177024 ns, Reaching safepoint: 175369 ns, At safepoint: 32425 ns, Total: 207794 ns
[2023-07-15T00:54:32.732+0000][66][info ][safepoint   ] Safepoint "Cleanup", Time since last: 1807971562 ns, Reaching safepoint: 284311 ns, At safepoint: 13741 ns, Total: 298052 ns
[2023-07-15T00:54:33.965+0000][66][info ][safepoint   ] Safepoint "Cleanup", Time since last: 1232917063 ns, Reaching safepoint: 568704 ns, At safepoint: 13471 ns, Total: 582175 ns
[2023-07-15T00:54:36.885+0000][66][info ][safepoint   ] Safepoint "Cleanup", Time since last: 2919197279 ns, Reaching safepoint: 250737 ns, At safepoint: 40231 ns, Total: 290968 ns
[2023-07-15T00:54:37.975+0000][66][info ][safepoint   ] Safepoint "Cleanup", Time since last: 1090326071 ns, Reaching safepoint: 263928 ns, At safepoint: 9698 ns, Total: 273626 ns
[2023-07-15T00:54:39.284+0000][66][info ][safepoint   ] Safepoint "Cleanup", Time since last: 1308095672 ns, Reaching safepoint: 218327 ns, At safepoint: 4293 ns, Total: 222620 ns
[2023-07-15T00:54:40.285+0000][66][info ][safepoint   ] Safepoint "Cleanup", Time since last: 1001266180 ns, Reaching safepoint: 228967 ns, At safepoint: 5502 ns, Total: 234469 ns
[2023-07-15T00:54:42.859+0000][66][info ][safepoint   ] Safepoint "Cleanup", Time since last: 2573819675 ns, Reaching safepoint: 227213 ns, At safepoint: 35771 ns, Total: 262984 ns
[2023-07-15T00:54:44.614+0000][66][info ][safepoint   ] Safepoint "Cleanup", Time since last: 1754610904 ns, Reaching safepoint: 206297 ns, At safepoint: 3665 ns, Total: 209962 ns
[2023-07-15T00:54:48.873+0000][66][info ][safepoint   ] Safepoint "Cleanup", Time since last: 4258754397 ns, Reaching safepoint: 187913 ns, At safepoint: 34144 ns, Total: 222057 ns
[2023-07-15T00:54:49.875+0000][66][info ][safepoint   ] Safepoint "Cleanup", Time since last: 1001337783 ns, Reaching safepoint: 155522 ns, At safepoint: 27635 ns, Total: 183157 ns
[2023-07-15T00:54:51.944+0000][66][info ][safepoint   ] Safepoint "Cleanup", Time since last: 2069483570 ns, Reaching safepoint: 66546 ns, At safepoint: 11149 ns, Total: 77695 ns
[2023-07-15T00:54:52.946+0000][66][info ][safepoint   ] Safepoint "Cleanup", Time since last: 1001227757 ns, Reaching safepoint: 247774 ns, At safepoint: 4986 ns, Total: 252760 ns
[2023-07-15T00:54:54.901+0000][66][info ][safepoint   ] Safepoint "Cleanup", Time since last: 1955186069 ns, Reaching safepoint: 309409 ns, At safepoint: 44724 ns, Total: 354133 ns
[2023-07-15T00:54:56.200+0000][66][info ][safepoint   ] Safepoint "Cleanup", Time since last: 1298850722 ns, Reaching safepoint: 294791 ns, At safepoint: 37619 ns, Total: 332410 ns
[2023-07-15T00:54:58.394+0000][66][info ][safepoint   ] Safepoint "Cleanup", Time since last: 2193815222 ns, Reaching safepoint: 243292 ns, At safepoint: 3841 ns, Total: 247133 ns
[2023-07-15T00:55:00.867+0000][66][info ][safepoint   ] Safepoint "Cleanup", Time since last: 2474889670 ns, Reaching safepoint: 107535 ns, At safepoint: 30112 ns, Total: 137647 ns
[2023-07-15T00:55:02.643+0000][66][info ][safepoint   ] Safepoint "Cleanup", Time since last: 1775708120 ns, Reaching safepoint: 101612 ns, At safepoint: 3949 ns, Total: 105561 ns
[2023-07-15T00:55:04.645+0000][66][info ][safepoint   ] Safepoint "Cleanup", Time since last: 2001171071 ns, Reaching safepoint: 317716 ns, At safepoint: 10456 ns, Total: 328172 ns
[2023-07-15T00:55:06.868+0000][66][info ][safepoint   ] Safepoint "Cleanup", Time since last: 2223647207 ns, Reaching safepoint: 163196 ns, At safepoint: 31600 ns, Total: 194796 ns
[2023-07-15T00:55:07.893+0000][66][info ][safepoint   ] Safepoint "Cleanup", Time since last: 1024490568 ns, Reaching safepoint: 110467 ns, At safepoint: 30580 ns, Total: 141047 ns
[2023-07-15T00:55:08.960+0000][66][info ][safepoint   ] Safepoint "Cleanup", Time since last: 1066154916 ns, Reaching safepoint: 673839 ns, At safepoint: 16040 ns, Total: 689879 ns
[2023-07-15T00:55:09.963+0000][66][info ][safepoint   ] Safepoint "Cleanup", Time since last: 1002639505 ns, Reaching safepoint: 217139 ns, At safepoint: 4118 ns, Total: 221257 ns
[2023-07-15T00:55:12.846+0000][66][info ][safepoint   ] Safepoint "Cleanup", Time since last: 2882694996 ns, Reaching safepoint: 105000 ns, At safepoint: 31103 ns, Total: 136103 ns
[2023-07-15T00:55:14.253+0000][66][info ][safepoint   ] Safepoint "Cleanup", Time since last: 1407637235 ns, Reaching safepoint: 199979 ns, At safepoint: 10820 ns, Total: 210799 ns
[2023-07-15T00:55:16.517+0000][66][info ][safepoint   ] Safepoint "Cleanup", Time since last: 2263664349 ns, Reaching safepoint: 174551 ns, At safepoint: 3597 ns, Total: 178148 ns
[2023-07-15T00:55:18.854+0000][66][info ][safepoint   ] Safepoint "Cleanup", Time since last: 2336590021 ns, Reaching safepoint: 273845 ns, At safepoint: 35141 ns, Total: 308986 ns
[2023-07-15T00:55:19.175+0000][66][info ][gc,start    ] GC(12) Pause Young (Normal) (G1 Evacuation Pause)
[2023-07-15T00:55:19.178+0000][66][info ][gc,task     ] GC(12) Using 6 workers of 6 for evacuation
[2023-07-15T00:55:19.179+0000][66][debug][gc,age      ] GC(12) Desired survivor size 48234496 bytes, new threshold 15 (max threshold 15)
[2023-07-15T00:55:19.227+0000][66][info ][gc,phases   ] GC(12)   Pre Evacuate Collection Set: 0.9ms
[2023-07-15T00:55:19.228+0000][66][info ][gc,phases   ] GC(12)   Merge Heap Roots: 0.2ms
[2023-07-15T00:55:19.229+0000][66][info ][gc,phases   ] GC(12)   Evacuate Collection Set: 38.2ms
[2023-07-15T00:55:19.230+0000][66][info ][gc,phases   ] GC(12)   Post Evacuate Collection Set: 6.7ms
[2023-07-15T00:55:19.231+0000][66][info ][gc,phases   ] GC(12)   Other: 4.5ms
[2023-07-15T00:55:19.232+0000][66][trace][gc,age      ] GC(12) Age table with threshold 15 (max threshold 15)
[2023-07-15T00:55:19.232+0000][66][trace][gc,age      ] GC(12) - age   1:    3255520 bytes,    3255520 total
[2023-07-15T00:55:19.233+0000][66][trace][gc,age      ] GC(12) - age   2:   31222696 bytes,   34478216 total
[2023-07-15T00:55:19.234+0000][66][trace][gc,age      ] GC(12) - age   3:   14971264 bytes,   49449480 total
[2023-07-15T00:55:19.235+0000][66][info ][gc,heap     ] GC(12) Eden regions: 163->0(576)
[2023-07-15T00:55:19.236+0000][66][info ][gc,heap     ] GC(12) Survivor regions: 14->13(23)
[2023-07-15T00:55:19.236+0000][66][info ][gc,heap     ] GC(12) Old regions: 14->14
[2023-07-15T00:55:19.237+0000][66][info ][gc,heap     ] GC(12) Archive regions: 2->2
[2023-07-15T00:55:19.238+0000][66][info ][gc,heap     ] GC(12) Humongous regions: 0->0
[2023-07-15T00:55:19.239+0000][66][info ][gc,metaspace] GC(12) Metaspace: 132304K(135552K)->132304K(135552K) NonClass: 114952K(116608K)->114952K(116608K) Class: 17351K(18944K)->17351K(18944K)
[2023-07-15T00:55:19.240+0000][66][info ][gc          ] GC(12) Pause Young (Normal) (G1 Evacuation Pause) 764M->108M(3932M) 65.524ms
[2023-07-15T00:55:19.241+0000][66][info ][gc,cpu      ] GC(12) User=0.22s Sys=0.02s Real=0.07s
[2023-07-15T00:55:19.242+0000][66][info ][safepoint   ] Safepoint "G1CollectForAllocation", Time since last: 315906273 ns, Reaching safepoint: 173863 ns, At safepoint: 71441376 ns, Total: 71615239 ns
[2023-07-15T00:55:20.884+0000][66][info ][safepoint   ] Safepoint "Cleanup", Time since last: 1641934062 ns, Reaching safepoint: 189490 ns, At safepoint: 11773 ns, Total: 201263 ns
[2023-07-15T00:55:21.885+0000][66][info ][safepoint   ] Safepoint "Cleanup", Time since last: 1001249467 ns, Reaching safepoint: 354612 ns, At safepoint: 11677 ns, Total: 366289 ns
[2023-07-15T00:55:23.888+0000][66][info ][safepoint   ] Safepoint "Cleanup", Time since last: 2002239801 ns, Reaching safepoint: 175705 ns, At safepoint: 5841 ns, Total: 181546 ns
[2023-07-15T00:55:24.890+0000][66][info ][safepoint   ] Safepoint "Cleanup", Time since last: 1001472073 ns, Reaching safepoint: 311097 ns, At safepoint: 22782 ns, Total: 333879 ns
[2023-07-15T00:55:26.053+0000][66][info ][safepoint   ] Safepoint "Cleanup", Time since last: 1162874884 ns, Reaching safepoint: 129924 ns, At safepoint: 34844 ns, Total: 164768 ns
[2023-07-15T00:55:27.119+0000][66][info ][safepoint   ] Safepoint "Cleanup", Time since last: 1066647601 ns, Reaching safepoint: 139828 ns, At safepoint: 9517 ns, Total: 149345 ns
[2023-07-15T00:55:28.121+0000][66][info ][safepoint   ] Safepoint "Cleanup", Time since last: 1001242327 ns, Reaching safepoint: 322851 ns, At safepoint: 4835 ns, Total: 327686 ns
[2023-07-15T00:55:30.857+0000][66][info ][safepoint   ] Safepoint "Cleanup", Time since last: 2735416961 ns, Reaching safepoint: 133892 ns, At safepoint: 44693 ns, Total: 178585 ns
[2023-07-15T00:55:32.406+0000][66][info ][safepoint   ] Safepoint "Cleanup", Time since last: 1548624964 ns, Reaching safepoint: 465655 ns, At safepoint: 10470 ns, Total: 476125 ns
[2023-07-15T00:55:34.409+0000][66][info ][safepoint   ] Safepoint "Cleanup", Time since last: 2002711741 ns, Reaching safepoint: 536429 ns, At safepoint: 11533 ns, Total: 547962 ns
[2023-07-15T00:55:35.414+0000][66][info ][safepoint   ] Safepoint "Cleanup", Time since last: 1004461285 ns, Reaching safepoint: 213906 ns, At safepoint: 5233 ns, Total: 219139 ns
[2023-07-15T00:55:36.416+0000][66][info ][safepoint   ] Safepoint "Cleanup", Time since last: 1001476280 ns, Reaching safepoint: 218287 ns, At safepoint: 13871 ns, Total: 232158 ns
[2023-07-15T00:55:37.627+0000][66][info ][safepoint   ] Safepoint "Cleanup", Time since last: 1211045547 ns, Reaching safepoint: 232227 ns, At safepoint: 46779 ns, Total: 279006 ns
[2023-07-15T00:55:40.720+0000][66][info ][safepoint   ] Safepoint "Cleanup", Time since last: 3092253154 ns, Reaching safepoint: 307677 ns, At safepoint: 4190 ns, Total: 311867 ns
[2023-07-15T00:55:42.722+0000][66][info ][safepoint   ] Safepoint "Cleanup", Time since last: 2001957683 ns, Reaching safepoint: 179034 ns, At safepoint: 6044 ns, Total: 185078 ns
[2023-07-15T00:55:43.933+0000][66][info ][safepoint   ] Safepoint "Cleanup", Time since last: 1211471002 ns, Reaching safepoint: 90059 ns, At safepoint: 33152 ns, Total: 123211 ns
[2023-07-15T00:55:45.114+0000][66][info ][safepoint   ] Safepoint "Cleanup", Time since last: 1179929265 ns, Reaching safepoint: 238709 ns, At safepoint: 48999 ns, Total: 287708 ns
[2023-07-15T00:55:46.132+0000][66][info ][safepoint   ] Safepoint "Cleanup", Time since last: 1018410797 ns, Reaching safepoint: 140913 ns, At safepoint: 9972 ns, Total: 150885 ns
[2023-07-15T00:55:47.134+0000][66][info ][safepoint   ] Safepoint "Cleanup", Time since last: 1001503542 ns, Reaching safepoint: 530647 ns, At safepoint: 123560 ns, Total: 654207 ns
[2023-07-15T00:55:48.863+0000][66][info ][safepoint   ] Safepoint "Cleanup", Time since last: 1728243630 ns, Reaching safepoint: 104157 ns, At safepoint: 14927 ns, Total: 119084 ns
[2023-07-15T00:55:50.416+0000][66][info ][safepoint   ] Safepoint "Cleanup", Time since last: 1552661522 ns, Reaching safepoint: 374442 ns, At safepoint: 14638 ns, Total: 389080 ns
[2023-07-15T00:55:51.418+0000][66][info ][safepoint   ] Safepoint "Cleanup", Time since last: 1002381549 ns, Reaching safepoint: 195930 ns, At safepoint: 3928 ns, Total: 199858 ns
[2023-07-15T00:55:52.420+0000][66][info ][safepoint   ] Safepoint "Cleanup", Time since last: 1001117376 ns, Reaching safepoint: 193916 ns, At safepoint: 4250 ns, Total: 198166 ns
[2023-07-15T00:55:53.421+0000][66][info ][safepoint   ] Safepoint "Cleanup", Time since last: 1001554054 ns, Reaching safepoint: 189277 ns, At safepoint: 3695 ns, Total: 192972 ns
[2023-07-15T00:55:54.860+0000][66][info ][safepoint   ] Safepoint "Cleanup", Time since last: 1438678468 ns, Reaching safepoint: 147923 ns, At safepoint: 36566 ns, Total: 184489 ns
[2023-07-15T00:55:56.689+0000][66][info ][safepoint   ] Safepoint "Cleanup", Time since last: 1828493823 ns, Reaching safepoint: 274104 ns, At safepoint: 4899 ns, Total: 279003 ns
[2023-07-15T00:56:00.693+0000][66][info ][safepoint   ] Safepoint "Cleanup", Time since last: 4002717227 ns, Reaching safepoint: 472546 ns, At safepoint: 7830 ns, Total: 480376 ns
[2023-07-15T00:56:01.893+0000][66][info ][safepoint   ] Safepoint "Cleanup", Time since last: 1200302077 ns, Reaching safepoint: 114233 ns, At safepoint: 26298 ns, Total: 140531 ns
[2023-07-15T00:56:02.958+0000][66][info ][safepoint   ] Safepoint "Cleanup", Time since last: 1064922758 ns, Reaching safepoint: 192795 ns, At safepoint: 3683 ns, Total: 196478 ns
[2023-07-15T00:56:03.960+0000][66][info ][safepoint   ] Safepoint "Cleanup", Time since last: 1001202989 ns, Reaching safepoint: 234075 ns, At safepoint: 3876 ns, Total: 237951 ns
[2023-07-15T00:56:06.861+0000][66][info ][safepoint   ] Safepoint "Cleanup", Time since last: 2901576053 ns, Reaching safepoint: 226067 ns, At safepoint: 68308 ns, Total: 294375 ns
[2023-07-15T00:56:08.032+0000][66][info ][safepoint   ] Safepoint "Cleanup", Time since last: 1170339280 ns, Reaching safepoint: 506706 ns, At safepoint: 20086 ns, Total: 526792 ns
[2023-07-15T00:56:10.262+0000][66][info ][safepoint   ] Safepoint "Cleanup", Time since last: 2229600150 ns, Reaching safepoint: 169176 ns, At safepoint: 9034 ns, Total: 178210 ns
[2023-07-15T00:56:12.941+0000][66][info ][safepoint   ] Safepoint "Cleanup", Time since last: 2678257190 ns, Reaching safepoint: 173532 ns, At safepoint: 34643 ns, Total: 208175 ns
[2023-07-15T00:56:14.789+0000][66][info ][safepoint   ] Safepoint "Cleanup", Time since last: 1847859362 ns, Reaching safepoint: 344885 ns, At safepoint: 5667 ns, Total: 350552 ns
[2023-07-15T00:56:15.791+0000][66][info ][safepoint   ] Safepoint "Cleanup", Time since last: 1001869481 ns, Reaching safepoint: 275907 ns, At safepoint: 10549 ns, Total: 286456 ns
[2023-07-15T00:56:18.802+0000][66][info ][safepoint   ] Safepoint "Cleanup", Time since last: 3010511247 ns, Reaching safepoint: 250032 ns, At safepoint: 57229 ns, Total: 307261 ns
[2023-07-15T00:56:19.959+0000][66][info ][safepoint   ] Safepoint "Cleanup", Time since last: 1157179114 ns, Reaching safepoint: 213141 ns, At safepoint: 44496 ns, Total: 257637 ns
[2023-07-15T00:56:21.032+0000][66][info ][safepoint   ] Safepoint "Cleanup", Time since last: 1072506601 ns, Reaching safepoint: 247575 ns, At safepoint: 23487 ns, Total: 271062 ns
[2023-07-15T00:56:22.040+0000][66][info ][safepoint   ] Safepoint "Cleanup", Time since last: 1007867980 ns, Reaching safepoint: 206694 ns, At safepoint: 3601 ns, Total: 210295 ns
[2023-07-15T00:56:23.042+0000][66][info ][safepoint   ] Safepoint "Cleanup", Time since last: 1001277933 ns, Reaching safepoint: 235993 ns, At safepoint: 13248 ns, Total: 249241 ns
[2023-07-15T00:56:24.043+0000][66][info ][safepoint   ] Safepoint "Cleanup", Time since last: 1001113385 ns, Reaching safepoint: 268755 ns, At safepoint: 11073 ns, Total: 279828 ns
[2023-07-15T00:56:25.304+0000][66][info ][safepoint   ] Safepoint "Cleanup", Time since last: 1261200825 ns, Reaching safepoint: 188206 ns, At safepoint: 32930 ns, Total: 221136 ns
[2023-07-15T00:56:26.365+0000][66][info ][safepoint   ] Safepoint "Cleanup", Time since last: 1060500396 ns, Reaching safepoint: 227647 ns, At safepoint: 4028 ns, Total: 231675 ns
[2023-07-15T00:56:27.619+0000][66][info ][safepoint   ] Safepoint "Cleanup", Time since last: 1253951830 ns, Reaching safepoint: 200982 ns, At safepoint: 8333 ns, Total: 209315 ns
[2023-07-15T00:56:28.621+0000][66][info ][safepoint   ] Safepoint "Cleanup", Time since last: 1001660495 ns, Reaching safepoint: 277045 ns, At safepoint: 4227 ns, Total: 281272 ns
[2023-07-15T00:56:29.623+0000][66][info ][safepoint   ] Safepoint "Cleanup", Time since last: 1001424882 ns, Reaching safepoint: 124706 ns, At safepoint: 3665 ns, Total: 128371 ns
[2023-07-15T00:56:30.872+0000][66][info ][safepoint   ] Safepoint "Cleanup", Time since last: 1247737397 ns, Reaching safepoint: 355643 ns, At safepoint: 32569 ns, Total: 388212 ns
[2023-07-15T00:56:31.875+0000][66][info ][safepoint   ] Safepoint "Cleanup", Time since last: 1003208608 ns, Reaching safepoint: 174179 ns, At safepoint: 30352 ns, Total: 204531 ns
[2023-07-15T00:56:33.889+0000][66][info ][safepoint   ] Safepoint "Cleanup", Time since last: 2013706470 ns, Reaching safepoint: 195693 ns, At safepoint: 4272 ns, Total: 199965 ns
[2023-07-15T00:56:36.891+0000][66][info ][safepoint   ] Safepoint "Cleanup", Time since last: 3001498353 ns, Reaching safepoint: 227534 ns, At safepoint: 9097 ns, Total: 236631 ns
[2023-07-15T00:56:38.150+0000][66][info ][safepoint   ] Safepoint "Cleanup", Time since last: 1259070954 ns, Reaching safepoint: 59476 ns, At safepoint: 33621 ns, Total: 93097 ns
[2023-07-15T00:56:39.326+0000][66][info ][safepoint   ] Safepoint "Cleanup", Time since last: 1176247481 ns, Reaching safepoint: 221539 ns, At safepoint: 3556 ns, Total: 225095 ns
[2023-07-15T00:56:40.328+0000][66][info ][safepoint   ] Safepoint "Cleanup", Time since last: 1001314227 ns, Reaching safepoint: 180961 ns, At safepoint: 3277 ns, Total: 184238 ns
[2023-07-15T00:56:42.889+0000][66][info ][safepoint   ] Safepoint "Cleanup", Time since last: 2561403270 ns, Reaching safepoint: 58089 ns, At safepoint: 8922 ns, Total: 67011 ns
[2023-07-15T00:56:44.549+0000][66][info ][safepoint   ] Safepoint "Cleanup", Time since last: 1659961558 ns, Reaching safepoint: 150834 ns, At safepoint: 3015 ns, Total: 153849 ns
[2023-07-15T00:56:46.551+0000][66][info ][safepoint   ] Safepoint "Cleanup", Time since last: 2001837569 ns, Reaching safepoint: 232236 ns, At safepoint: 8002 ns, Total: 240238 ns
[2023-07-15T00:56:48.914+0000][66][info ][safepoint   ] Safepoint "Cleanup", Time since last: 2362290640 ns, Reaching safepoint: 186250 ns, At safepoint: 35913 ns, Total: 222163 ns
[2023-07-15T00:56:49.917+0000][66][info ][safepoint   ] Safepoint "Cleanup", Time since last: 1003139336 ns, Reaching safepoint: 197745 ns, At safepoint: 44225 ns, Total: 241970 ns
[2023-07-15T00:56:51.951+0000][66][info ][safepoint   ] Safepoint "Cleanup", Time since last: 2032361616 ns, Reaching safepoint: 1039168 ns, At safepoint: 684561 ns, Total: 1723729 ns
[2023-07-15T00:56:54.898+0000][66][info ][safepoint   ] Safepoint "Cleanup", Time since last: 2946480637 ns, Reaching safepoint: 174692 ns, At safepoint: 33606 ns, Total: 208298 ns
[2023-07-15T00:56:56.041+0000][66][info ][safepoint   ] Safepoint "Cleanup", Time since last: 1141981267 ns, Reaching safepoint: 573162 ns, At safepoint: 17278 ns, Total: 590440 ns
[2023-07-15T00:56:57.261+0000][66][info ][safepoint   ] Safepoint "Cleanup", Time since last: 1219439305 ns, Reaching safepoint: 463935 ns, At safepoint: 15398 ns, Total: 479333 ns
[2023-07-15T00:56:58.264+0000][66][info ][safepoint   ] Safepoint "Cleanup", Time since last: 1002439879 ns, Reaching safepoint: 465505 ns, At safepoint: 15060 ns, Total: 480565 ns
[2023-07-15T00:57:00.879+0000][66][info ][safepoint   ] Safepoint "Cleanup", Time since last: 2615106802 ns, Reaching safepoint: 170084 ns, At safepoint: 27680 ns, Total: 197764 ns
[2023-07-15T00:57:02.639+0000][66][info ][safepoint   ] Safepoint "Cleanup", Time since last: 1759046434 ns, Reaching safepoint: 81886 ns, At safepoint: 6112 ns, Total: 87998 ns
[2023-07-15T00:57:04.649+0000][66][info ][safepoint   ] Safepoint "Cleanup", Time since last: 2009866711 ns, Reaching safepoint: 255648 ns, At safepoint: 7182 ns, Total: 262830 ns
[2023-07-15T00:57:06.886+0000][66][info ][safepoint   ] Safepoint "Cleanup", Time since last: 2236885074 ns, Reaching safepoint: 210829 ns, At safepoint: 31318 ns, Total: 242147 ns
[2023-07-15T00:57:08.885+0000][66][info ][safepoint   ] Safepoint "Cleanup", Time since last: 1998677524 ns, Reaching safepoint: 216311 ns, At safepoint: 13556 ns, Total: 229867 ns
[2023-07-15T00:57:13.084+0000][66][info ][safepoint   ] Safepoint "Cleanup", Time since last: 4199172625 ns, Reaching safepoint: 152666 ns, At safepoint: 35253 ns, Total: 187919 ns
[2023-07-15T00:57:14.085+0000][66][info ][safepoint   ] Safepoint "Cleanup", Time since last: 1001146125 ns, Reaching safepoint: 145955 ns, At safepoint: 3300 ns, Total: 149255 ns
[2023-07-15T00:57:16.179+0000][66][info ][safepoint   ] Safepoint "Cleanup", Time since last: 2092955491 ns, Reaching safepoint: 354379 ns, At safepoint: 8035 ns, Total: 362414 ns
[2023-07-15T00:57:18.892+0000][66][info ][safepoint   ] Safepoint "Cleanup", Time since last: 2713120937 ns, Reaching safepoint: 147852 ns, At safepoint: 26712 ns, Total: 174564 ns
[2023-07-15T00:57:20.567+0000][66][info ][safepoint   ] Safepoint "Cleanup", Time since last: 1674282698 ns, Reaching safepoint: 310810 ns, At safepoint: 9068 ns, Total: 319878 ns
[2023-07-15T00:57:21.569+0000][66][info ][safepoint   ] Safepoint "Cleanup", Time since last: 1001732235 ns, Reaching safepoint: 625102 ns, At safepoint: 10843 ns, Total: 635945 ns
[2023-07-15T00:57:22.572+0000][66][info ][safepoint   ] Safepoint "Cleanup", Time since last: 1002881636 ns, Reaching safepoint: 355695 ns, At safepoint: 7993 ns, Total: 363688 ns
[2023-07-15T00:57:23.575+0000][66][info ][safepoint   ] Safepoint "Cleanup", Time since last: 1002767916 ns, Reaching safepoint: 413884 ns, At safepoint: 7789 ns, Total: 421673 ns
[2023-07-15T00:57:24.890+0000][66][info ][safepoint   ] Safepoint "Cleanup", Time since last: 1314516635 ns, Reaching safepoint: 200886 ns, At safepoint: 35347 ns, Total: 236233 ns
[2023-07-15T00:57:26.830+0000][66][info ][safepoint   ] Safepoint "Cleanup", Time since last: 1939126974 ns, Reaching safepoint: 267530 ns, At safepoint: 4789 ns, Total: 272319 ns
[2023-07-15T00:57:30.833+0000][66][info ][safepoint   ] Safepoint "Cleanup", Time since last: 4002834303 ns, Reaching safepoint: 231630 ns, At safepoint: 10136 ns, Total: 241766 ns
[2023-07-15T00:57:32.041+0000][66][info ][safepoint   ] Safepoint "Cleanup", Time since last: 1207403821 ns, Reaching safepoint: 92480 ns, At safepoint: 33767 ns, Total: 126247 ns
[2023-07-15T00:57:33.195+0000][66][info ][safepoint   ] Safepoint "Cleanup", Time since last: 1153506101 ns, Reaching safepoint: 549986 ns, At safepoint: 17281 ns, Total: 567267 ns
[2023-07-15T00:57:34.197+0000][66][info ][safepoint   ] Safepoint "Cleanup", Time since last: 1002093230 ns, Reaching safepoint: 234277 ns, At safepoint: 4927 ns, Total: 239204 ns
[2023-07-15T00:57:37.397+0000][66][info ][safepoint   ] Safepoint "Cleanup", Time since last: 3199833234 ns, Reaching safepoint: 190064 ns, At safepoint: 35194 ns, Total: 225258 ns
[2023-07-15T00:57:38.451+0000][66][info ][safepoint   ] Safepoint "Cleanup", Time since last: 1053044908 ns, Reaching safepoint: 484875 ns, At safepoint: 15072 ns, Total: 499947 ns
[2023-07-15T00:57:42.887+0000][66][info ][safepoint   ] Safepoint "Cleanup", Time since last: 4436434424 ns, Reaching safepoint: 192289 ns, At safepoint: 9033 ns, Total: 201322 ns
[2023-07-15T00:57:44.711+0000][66][info ][safepoint   ] Safepoint "Cleanup", Time since last: 1823146579 ns, Reaching safepoint: 315691 ns, At safepoint: 12072 ns, Total: 327763 ns
[2023-07-15T00:57:49.923+0000][66][info ][safepoint   ] Safepoint "Cleanup", Time since last: 5211526324 ns, Reaching safepoint: 155126 ns, At safepoint: 32268 ns, Total: 187394 ns
[2023-07-15T00:57:51.977+0000][66][info ][safepoint   ] Safepoint "Cleanup", Time since last: 2054158219 ns, Reaching safepoint: 221930 ns, At safepoint: 4274 ns, Total: 226204 ns
[2023-07-15T00:57:53.979+0000][66][info ][safepoint   ] Safepoint "Cleanup", Time since last: 2001550687 ns, Reaching safepoint: 523625 ns, At safepoint: 9555 ns, Total: 533180 ns
[2023-07-15T00:57:55.021+0000][66][info ][safepoint   ] Safepoint "Cleanup", Time since last: 1041532362 ns, Reaching safepoint: 186438 ns, At safepoint: 28045 ns, Total: 214483 ns
[2023-07-15T00:57:56.022+0000][66][info ][safepoint   ] Safepoint "Cleanup", Time since last: 1001094036 ns, Reaching safepoint: 309430 ns, At safepoint: 6603 ns, Total: 316033 ns
[2023-07-15T00:57:57.338+0000][66][info ][safepoint   ] Safepoint "Cleanup", Time since last: 1315512101 ns, Reaching safepoint: 120914 ns, At safepoint: 10304 ns, Total: 131218 ns
[2023-07-15T00:57:58.349+0000][66][info ][safepoint   ] Safepoint "Cleanup", Time since last: 1010079898 ns, Reaching safepoint: 915474 ns, At safepoint: 22653 ns, Total: 938127 ns
[2023-07-15T00:58:00.891+0000][66][info ][safepoint   ] Safepoint "Cleanup", Time since last: 2541674502 ns, Reaching safepoint: 82070 ns, At safepoint: 5908 ns, Total: 87978 ns
[2023-07-15T00:58:02.569+0000][66][info ][safepoint   ] Safepoint "Cleanup", Time since last: 1677477083 ns, Reaching safepoint: 587711 ns, At safepoint: 13655 ns, Total: 601366 ns
[2023-07-15T00:58:04.572+0000][66][info ][safepoint   ] Safepoint "Cleanup", Time since last: 2002880597 ns, Reaching safepoint: 309472 ns, At safepoint: 4664 ns, Total: 314136 ns
[2023-07-15T00:58:07.773+0000][66][info ][safepoint   ] Safepoint "Cleanup", Time since last: 3200600920 ns, Reaching safepoint: 173538 ns, At safepoint: 29468 ns, Total: 203006 ns
[2023-07-15T00:58:09.835+0000][66][info ][safepoint   ] Safepoint "Cleanup", Time since last: 2060514301 ns, Reaching safepoint: 693364 ns, At safepoint: 10678 ns, Total: 704042 ns
[2023-07-15T00:58:12.838+0000][66][info ][safepoint   ] Safepoint "Cleanup", Time since last: 3003169609 ns, Reaching safepoint: 225199 ns, At safepoint: 27921 ns, Total: 253120 ns
[2023-07-15T00:58:14.043+0000][66][info ][safepoint   ] Safepoint "Cleanup", Time since last: 1205117022 ns, Reaching safepoint: 229321 ns, At safepoint: 28790 ns, Total: 258111 ns
[2023-07-15T00:58:18.907+0000][66][info ][safepoint   ] Safepoint "Cleanup", Time since last: 4863348152 ns, Reaching safepoint: 188714 ns, At safepoint: 35674 ns, Total: 224388 ns
[2023-07-15T00:58:20.363+0000][66][info ][safepoint   ] Safepoint "Cleanup", Time since last: 1455217220 ns, Reaching safepoint: 399217 ns, At safepoint: 15747 ns, Total: 414964 ns
[2023-07-15T00:58:22.366+0000][66][info ][safepoint   ] Safepoint "Cleanup", Time since last: 2002960245 ns, Reaching safepoint: 544086 ns, At safepoint: 10684 ns, Total: 554770 ns
[2023-07-15T00:58:24.369+0000][66][info ][safepoint   ] Safepoint "Cleanup", Time since last: 2002965575 ns, Reaching safepoint: 338770 ns, At safepoint: 6027 ns, Total: 344797 ns
[2023-07-15T00:58:25.403+0000][66][info ][safepoint   ] Safepoint "Cleanup", Time since last: 1033566973 ns, Reaching safepoint: 191033 ns, At safepoint: 29663 ns, Total: 220696 ns
[2023-07-15T00:58:26.733+0000][66][info ][safepoint   ] Safepoint "Cleanup", Time since last: 1329916424 ns, Reaching safepoint: 222274 ns, At safepoint: 4624 ns, Total: 226898 ns
[2023-07-15T00:58:27.922+0000][66][info ][safepoint   ] Safepoint "Cleanup", Time since last: 1188395606 ns, Reaching safepoint: 158253 ns, At safepoint: 29941 ns, Total: 188194 ns
[2023-07-15T00:58:28.925+0000][66][info ][safepoint   ] Safepoint "Cleanup", Time since last: 1002529470 ns, Reaching safepoint: 102673 ns, At safepoint: 37322 ns, Total: 139995 ns
[2023-07-15T00:58:30.155+0000][66][info ][safepoint   ] Safepoint "Cleanup", Time since last: 1229696033 ns, Reaching safepoint: 187988 ns, At safepoint: 33995 ns, Total: 221983 ns
[2023-07-15T00:58:31.260+0000][66][info ][safepoint   ] Safepoint "Cleanup", Time since last: 1104524440 ns, Reaching safepoint: 115006 ns, At safepoint: 31756 ns, Total: 146762 ns
[2023-07-15T00:58:32.487+0000][66][info ][safepoint   ] Safepoint "Cleanup", Time since last: 1226861780 ns, Reaching safepoint: 380910 ns, At safepoint: 10754 ns, Total: 391664 ns
[2023-07-15T00:58:34.490+0000][66][info ][safepoint   ] Safepoint "Cleanup", Time since last: 2002172158 ns, Reaching safepoint: 320797 ns, At safepoint: 17231 ns, Total: 338028 ns
[2023-07-15T00:58:36.899+0000][66][info ][safepoint   ] Safepoint "Cleanup", Time since last: 2409549448 ns, Reaching safepoint: 163252 ns, At safepoint: 44926 ns, Total: 208178 ns
[2023-07-15T00:58:38.787+0000][66][info ][safepoint   ] Safepoint "Cleanup", Time since last: 1887042416 ns, Reaching safepoint: 393638 ns, At safepoint: 7916 ns, Total: 401554 ns
[2023-07-15T00:58:39.789+0000][66][info ][safepoint   ] Safepoint "Cleanup", Time since last: 1002267747 ns, Reaching safepoint: 351140 ns, At safepoint: 12367 ns, Total: 363507 ns
[2023-07-15T00:58:42.792+0000][66][info ][safepoint   ] Safepoint "Cleanup", Time since last: 3002760655 ns, Reaching safepoint: 120046 ns, At safepoint: 4754 ns, Total: 124800 ns
[2023-07-15T00:58:43.997+0000][66][info ][safepoint   ] Safepoint "Cleanup", Time since last: 1204324852 ns, Reaching safepoint: 194742 ns, At safepoint: 31046 ns, Total: 225788 ns
[2023-07-15T00:58:55.556+0000][66][info ][safepoint   ] Safepoint "Cleanup", Time since last: 11559290104 ns, Reaching safepoint: 90693 ns, At safepoint: 5617 ns, Total: 96310 ns
[2023-07-15T00:58:56.619+0000][66][info ][safepoint   ] Safepoint "Cleanup", Time since last: 1062814669 ns, Reaching safepoint: 289197 ns, At safepoint: 5736 ns, Total: 294933 ns
[2023-07-15T00:59:01.825+0000][66][info ][safepoint   ] Safepoint "Cleanup", Time since last: 5205297491 ns, Reaching safepoint: 260909 ns, At safepoint: 42457 ns, Total: 303366 ns
[2023-07-15T00:59:03.887+0000][66][info ][safepoint   ] Safepoint "Cleanup", Time since last: 2061896350 ns, Reaching safepoint: 157213 ns, At safepoint: 3058 ns, Total: 160271 ns
[2023-07-15T00:59:08.344+0000][66][info ][safepoint   ] Safepoint "Cleanup", Time since last: 4456013380 ns, Reaching safepoint: 174157 ns, At safepoint: 32551 ns, Total: 206708 ns
[2023-07-15T00:59:10.274+0000][66][info ][safepoint   ] Safepoint "Cleanup", Time since last: 1929537889 ns, Reaching safepoint: 339045 ns, At safepoint: 6415 ns, Total: 345460 ns
[2023-07-15T00:59:13.473+0000][66][info ][safepoint   ] Safepoint "Cleanup", Time since last: 3199188916 ns, Reaching safepoint: 173618 ns, At safepoint: 26905 ns, Total: 200523 ns
[2023-07-15T00:59:18.915+0000][66][info ][safepoint   ] Safepoint "Cleanup", Time since last: 5441883067 ns, Reaching safepoint: 172133 ns, At safepoint: 116821 ns, Total: 288954 ns
[2023-07-15T00:59:26.014+0000][66][info ][safepoint   ] Safepoint "Cleanup", Time since last: 7098473599 ns, Reaching safepoint: 203057 ns, At safepoint: 39371 ns, Total: 242428 ns
[2023-07-15T00:59:31.045+0000][66][info ][safepoint   ] Safepoint "Cleanup", Time since last: 5032854268 ns, Reaching safepoint: 209133 ns, At safepoint: 27517 ns, Total: 236650 ns
[2023-07-15T00:59:32.349+0000][66][info ][safepoint   ] Safepoint "Cleanup", Time since last: 1302792815 ns, Reaching safepoint: 926549 ns, At safepoint: 25967 ns, Total: 952516 ns
[2023-07-15T00:59:33.680+0000][66][info ][safepoint   ] Safepoint "Cleanup", Time since last: 1331016763 ns, Reaching safepoint: 183522 ns, At safepoint: 98460 ns, Total: 281982 ns
[2023-07-15T00:59:34.695+0000][66][info ][safepoint   ] Safepoint "Cleanup", Time since last: 1014071626 ns, Reaching safepoint: 661229 ns, At safepoint: 11299 ns, Total: 672528 ns
[2023-07-15T00:59:36.910+0000][66][info ][safepoint   ] Safepoint "Cleanup", Time since last: 2214919310 ns, Reaching safepoint: 187250 ns, At safepoint: 30223 ns, Total: 217473 ns
[2023-07-15T00:59:37.910+0000][66][info ][safepoint   ] Safepoint "Cleanup", Time since last: 1000057727 ns, Reaching safepoint: 373417 ns, At safepoint: 32858 ns, Total: 406275 ns
[2023-07-15T00:59:39.930+0000][66][info ][safepoint   ] Safepoint "Cleanup", Time since last: 2019410132 ns, Reaching safepoint: 319123 ns, At safepoint: 16208 ns, Total: 335331 ns
[2023-07-15T00:59:42.907+0000][66][info ][safepoint   ] Safepoint "Cleanup", Time since last: 2976834039 ns, Reaching safepoint: 241574 ns, At safepoint: 48934 ns, Total: 290508 ns
[2023-07-15T00:59:44.039+0000][66][info ][safepoint   ] Safepoint "Cleanup", Time since last: 1131213832 ns, Reaching safepoint: 154973 ns, At safepoint: 11196 ns, Total: 166169 ns
[2023-07-15T00:59:45.214+0000][66][info ][safepoint   ] Safepoint "Cleanup", Time since last: 1175376212 ns, Reaching safepoint: 339978 ns, At safepoint: 9371 ns, Total: 349349 ns
[2023-07-15T00:59:48.919+0000][66][info ][safepoint   ] Safepoint "Cleanup", Time since last: 3703998791 ns, Reaching safepoint: 209240 ns, At safepoint: 35998 ns, Total: 245238 ns
[2023-07-15T00:59:50.478+0000][66][info ][safepoint   ] Safepoint "Cleanup", Time since last: 1558946987 ns, Reaching safepoint: 373888 ns, At safepoint: 5853 ns, Total: 379741 ns
[2023-07-15T00:59:51.481+0000][66][info ][safepoint   ] Safepoint "Cleanup", Time since last: 1002501694 ns, Reaching safepoint: 351715 ns, At safepoint: 16186 ns, Total: 367901 ns
[2023-07-15T00:59:52.484+0000][66][info ][safepoint   ] Safepoint "Cleanup", Time since last: 1002791728 ns, Reaching safepoint: 318131 ns, At safepoint: 10939 ns, Total: 329070 ns
[2023-07-15T00:59:54.916+0000][66][info ][safepoint   ] Safepoint "Cleanup", Time since last: 2431790874 ns, Reaching safepoint: 147497 ns, At safepoint: 39091 ns, Total: 186588 ns
[2023-07-15T00:59:56.744+0000][66][info ][safepoint   ] Safepoint "Cleanup", Time since last: 1826988089 ns, Reaching safepoint: 909816 ns, At safepoint: 21194 ns, Total: 931010 ns
[2023-07-15T00:59:58.748+0000][66][info ][safepoint   ] Safepoint "Cleanup", Time since last: 2004225129 ns, Reaching safepoint: 409545 ns, At safepoint: 8059 ns, Total: 417604 ns
[2023-07-15T01:00:01.149+0000][66][info ][safepoint   ] Safepoint "Cleanup", Time since last: 2397085641 ns, Reaching safepoint: 188122 ns, At safepoint: 30254 ns, Total: 218376 ns
[2023-07-15T01:00:03.116+0000][66][info ][safepoint   ] Safepoint "Cleanup", Time since last: 1967012155 ns, Reaching safepoint: 330245 ns, At safepoint: 13904 ns, Total: 344149 ns
[2023-07-15T01:00:04.122+0000][66][info ][safepoint   ] Safepoint "Cleanup", Time since last: 1004906752 ns, Reaching safepoint: 551945 ns, At safepoint: 10288 ns, Total: 562233 ns
[2023-07-15T01:00:06.921+0000][66][info ][safepoint   ] Safepoint "Cleanup", Time since last: 2798743326 ns, Reaching safepoint: 172646 ns, At safepoint: 47071 ns, Total: 219717 ns
[2023-07-15T01:00:08.454+0000][66][info ][safepoint   ] Safepoint "Cleanup", Time since last: 1532342746 ns, Reaching safepoint: 474656 ns, At safepoint: 13702 ns, Total: 488358 ns
[2023-07-15T01:00:09.616+0000][66][info ][safepoint   ] Safepoint "Cleanup", Time since last: 1161548188 ns, Reaching safepoint: 878482 ns, At safepoint: 21640 ns, Total: 900122 ns
[2023-07-15T01:00:10.620+0000][66][info ][safepoint   ] Safepoint "Cleanup", Time since last: 1003240641 ns, Reaching safepoint: 367145 ns, At safepoint: 13978 ns, Total: 381123 ns
[2023-07-15T01:00:12.927+0000][66][info ][safepoint   ] Safepoint "Cleanup", Time since last: 2306910440 ns, Reaching safepoint: 72089 ns, At safepoint: 3419 ns, Total: 75508 ns
[2023-07-15T01:00:14.854+0000][66][info ][safepoint   ] Safepoint "Cleanup", Time since last: 1926563292 ns, Reaching safepoint: 316574 ns, At safepoint: 7311 ns, Total: 323885 ns
[2023-07-15T01:00:15.859+0000][66][info ][safepoint   ] Safepoint "Cleanup", Time since last: 1005003792 ns, Reaching safepoint: 352448 ns, At safepoint: 6698 ns, Total: 359146 ns
[2023-07-15T01:00:16.862+0000][66][info ][safepoint   ] Safepoint "Cleanup", Time since last: 1002346875 ns, Reaching safepoint: 473234 ns, At safepoint: 8653 ns, Total: 481887 ns
[2023-07-15T01:00:19.054+0000][66][info ][safepoint   ] Safepoint "Cleanup", Time since last: 2191531696 ns, Reaching safepoint: 199448 ns, At safepoint: 28285 ns, Total: 227733 ns
[2023-07-15T01:00:22.111+0000][66][info ][safepoint   ] Safepoint "Cleanup", Time since last: 3057116643 ns, Reaching safepoint: 676892 ns, At safepoint: 24432 ns, Total: 701324 ns
[2023-07-15T01:00:24.115+0000][66][info ][safepoint   ] Safepoint "Cleanup", Time since last: 2003122057 ns, Reaching safepoint: 226581 ns, At safepoint: 5041 ns, Total: 231622 ns
[2023-07-15T01:00:25.149+0000][66][info ][safepoint   ] Safepoint "Cleanup", Time since last: 1033567372 ns, Reaching safepoint: 248010 ns, At safepoint: 37004 ns, Total: 285014 ns
[2023-07-15T01:00:26.532+0000][66][info ][safepoint   ] Safepoint "Cleanup", Time since last: 1382530676 ns, Reaching safepoint: 574572 ns, At safepoint: 70167 ns, Total: 644739 ns
[2023-07-15T01:00:28.535+0000][66][info ][safepoint   ] Safepoint "Cleanup", Time since last: 2002702828 ns, Reaching safepoint: 561588 ns, At safepoint: 13122 ns, Total: 574710 ns
[2023-07-15T01:00:30.925+0000][66][info ][safepoint   ] Safepoint "Cleanup", Time since last: 2389665993 ns, Reaching safepoint: 177871 ns, At safepoint: 33298 ns, Total: 211169 ns
[2023-07-15T01:00:32.772+0000][66][info ][safepoint   ] Safepoint "Cleanup", Time since last: 1846130549 ns, Reaching safepoint: 347979 ns, At safepoint: 6779 ns, Total: 354758 ns
[2023-07-15T01:00:33.775+0000][66][info ][safepoint   ] Safepoint "Cleanup", Time since last: 1002615324 ns, Reaching safepoint: 389587 ns, At safepoint: 13507 ns, Total: 403094 ns
[2023-07-15T01:00:34.962+0000][66][info ][safepoint   ] Safepoint "Cleanup", Time since last: 1186783907 ns, Reaching safepoint: 393006 ns, At safepoint: 11878 ns, Total: 404884 ns
[2023-07-15T01:00:36.914+0000][66][info ][safepoint   ] Safepoint "Cleanup", Time since last: 1952214612 ns, Reaching safepoint: 205299 ns, At safepoint: 29026 ns, Total: 234325 ns
[2023-07-15T01:00:38.347+0000][66][info ][safepoint   ] Safepoint "Cleanup", Time since last: 1432104481 ns, Reaching safepoint: 610793 ns, At safepoint: 11676 ns, Total: 622469 ns
[2023-07-15T01:00:43.152+0000][66][info ][safepoint   ] Safepoint "Cleanup", Time since last: 4804299239 ns, Reaching safepoint: 183965 ns, At safepoint: 34631 ns, Total: 218596 ns
[2023-07-15T01:00:44.929+0000][66][info ][safepoint   ] Safepoint "Cleanup", Time since last: 1777020591 ns, Reaching safepoint: 419730 ns, At safepoint: 6605 ns, Total: 426335 ns
[2023-07-15T01:00:52.148+0000][66][info ][safepoint   ] Safepoint "Cleanup", Time since last: 7218200806 ns, Reaching safepoint: 342630 ns, At safepoint: 26043 ns, Total: 368673 ns
[2023-07-15T01:00:55.336+0000][66][info ][safepoint   ] Safepoint "Cleanup", Time since last: 3188247792 ns, Reaching safepoint: 188978 ns, At safepoint: 30599 ns, Total: 219577 ns
[2023-07-15T01:00:58.392+0000][66][info ][safepoint   ] Safepoint "Cleanup", Time since last: 3055156983 ns, Reaching safepoint: 279142 ns, At safepoint: 5981 ns, Total: 285123 ns
[2023-07-15T01:01:00.921+0000][66][info ][safepoint   ] Safepoint "Cleanup", Time since last: 2528463986 ns, Reaching safepoint: 189456 ns, At safepoint: 30239 ns, Total: 219695 ns
[2023-07-15T01:01:02.643+0000][66][info ][safepoint   ] Safepoint "Cleanup", Time since last: 1721768218 ns, Reaching safepoint: 541284 ns, At safepoint: 10262 ns, Total: 551546 ns
[2023-07-15T01:01:06.938+0000][66][info ][safepoint   ] Safepoint "Cleanup", Time since last: 4294420134 ns, Reaching safepoint: 239077 ns, At safepoint: 34927 ns, Total: 274004 ns
[2023-07-15T01:01:08.095+0000][66][info ][safepoint   ] Safepoint "Cleanup", Time since last: 1157277794 ns, Reaching safepoint: 202711 ns, At safepoint: 10535 ns, Total: 213246 ns
[2023-07-15T01:01:10.023+0000][66][info ][safepoint   ] Safepoint "Cleanup", Time since last: 1927184719 ns, Reaching safepoint: 543677 ns, At safepoint: 10255 ns, Total: 553932 ns
[2023-07-15T01:01:12.937+0000][66][info ][safepoint   ] Safepoint "Cleanup", Time since last: 2913370828 ns, Reaching safepoint: 107169 ns, At safepoint: 42222 ns, Total: 149391 ns
[2023-07-15T01:01:13.997+0000][66][info ][safepoint   ] Safepoint "Cleanup", Time since last: 1060184275 ns, Reaching safepoint: 387024 ns, At safepoint: 64958 ns, Total: 451982 ns
[2023-07-15T01:01:15.249+0000][66][info ][safepoint   ] Safepoint "Cleanup", Time since last: 1251904117 ns, Reaching safepoint: 197219 ns, At safepoint: 56662 ns, Total: 253881 ns
[2023-07-15T01:01:18.923+0000][66][info ][safepoint   ] Safepoint "Cleanup", Time since last: 3673682403 ns, Reaching safepoint: 253550 ns, At safepoint: 64522 ns, Total: 318072 ns
[2023-07-15T01:01:20.511+0000][66][info ][safepoint   ] Safepoint "Cleanup", Time since last: 1586488836 ns, Reaching safepoint: 637272 ns, At safepoint: 11711 ns, Total: 648983 ns
[2023-07-15T01:01:21.514+0000][66][info ][safepoint   ] Safepoint "Cleanup", Time since last: 1002685700 ns, Reaching safepoint: 404982 ns, At safepoint: 8279 ns, Total: 413261 ns
[2023-07-15T01:01:23.580+0000][66][info ][safepoint   ] Safepoint "Cleanup", Time since last: 2065043574 ns, Reaching safepoint: 1081761 ns, At safepoint: 94971 ns, Total: 1176732 ns
[2023-07-15T01:01:25.066+0000][66][info ][safepoint   ] Safepoint "Cleanup", Time since last: 1486014511 ns, Reaching safepoint: 168316 ns, At safepoint: 26982 ns, Total: 195298 ns
[2023-07-15T01:01:26.779+0000][66][info ][safepoint   ] Safepoint "Cleanup", Time since last: 1712444616 ns, Reaching safepoint: 294176 ns, At safepoint: 5776 ns, Total: 299952 ns
[2023-07-15T01:01:28.782+0000][66][info ][safepoint   ] Safepoint "Cleanup", Time since last: 2002650981 ns, Reaching safepoint: 374455 ns, At safepoint: 13422 ns, Total: 387877 ns
[2023-07-15T01:01:30.918+0000][66][info ][safepoint   ] Safepoint "Cleanup", Time since last: 2135585944 ns, Reaching safepoint: 42048 ns, At safepoint: 1966 ns, Total: 44014 ns
[2023-07-15T01:01:31.988+0000][66][info ][safepoint   ] Safepoint "Cleanup", Time since last: 1069046476 ns, Reaching safepoint: 173984 ns, At safepoint: 30887 ns, Total: 204871 ns
[2023-07-15T01:01:33.046+0000][66][info ][safepoint   ] Safepoint "Cleanup", Time since last: 1058526353 ns, Reaching safepoint: 397377 ns, At safepoint: 6988 ns, Total: 404365 ns
[2023-07-15T01:01:34.050+0000][66][info ][safepoint   ] Safepoint "Cleanup", Time since last: 1002883960 ns, Reaching safepoint: 858005 ns, At safepoint: 22243 ns, Total: 880248 ns
[2023-07-15T01:01:36.931+0000][66][info ][safepoint   ] Safepoint "Cleanup", Time since last: 2880297626 ns, Reaching safepoint: 249859 ns, At safepoint: 21835 ns, Total: 271694 ns
[2023-07-15T01:01:38.260+0000][66][info ][safepoint   ] Safepoint "Cleanup", Time since last: 1329071047 ns, Reaching safepoint: 246769 ns, At safepoint: 33455 ns, Total: 280224 ns
[2023-07-15T01:01:39.414+0000][66][info ][safepoint   ] Safepoint "Cleanup", Time since last: 1152779543 ns, Reaching safepoint: 670735 ns, At safepoint: 13899 ns, Total: 684634 ns
[2023-07-15T01:01:43.573+0000][66][info ][safepoint   ] Safepoint "Cleanup", Time since last: 4159060388 ns, Reaching safepoint: 107778 ns, At safepoint: 30683 ns, Total: 138461 ns
[2023-07-15T01:01:48.912+0000][66][info ][safepoint   ] Safepoint "Cleanup", Time since last: 5339031843 ns, Reaching safepoint: 187570 ns, At safepoint: 32006 ns, Total: 219576 ns
[2023-07-15T01:01:50.887+0000][66][info ][safepoint   ] Safepoint "Cleanup", Time since last: 1973817120 ns, Reaching safepoint: 698115 ns, At safepoint: 13158 ns, Total: 711273 ns
[2023-07-15T01:01:52.890+0000][66][info ][safepoint   ] Safepoint "Cleanup", Time since last: 2002891605 ns, Reaching safepoint: 256266 ns, At safepoint: 27971 ns, Total: 284237 ns
[2023-07-15T01:02:00.942+0000][66][info ][safepoint   ] Safepoint "Cleanup", Time since last: 8051488375 ns, Reaching safepoint: 96498 ns, At safepoint: 38187 ns, Total: 134685 ns
[2023-07-15T01:02:02.494+0000][66][info ][safepoint   ] Safepoint "Cleanup", Time since last: 1551262756 ns, Reaching safepoint: 254774 ns, At safepoint: 60076 ns, Total: 314850 ns
[2023-07-15T01:02:04.506+0000][66][info ][safepoint   ] Safepoint "Cleanup", Time since last: 2011328927 ns, Reaching safepoint: 793917 ns, At safepoint: 21063 ns, Total: 814980 ns
[2023-07-15T01:02:06.923+0000][66][info ][safepoint   ] Safepoint "Cleanup", Time since last: 2417229322 ns, Reaching safepoint: 215999 ns, At safepoint: 32212 ns, Total: 248211 ns
[2023-07-15T01:02:08.746+0000][66][info ][safepoint   ] Safepoint "Cleanup", Time since last: 1821518108 ns, Reaching safepoint: 843783 ns, At safepoint: 21430 ns, Total: 865213 ns
[2023-07-15T01:02:12.931+0000][66][info ][safepoint   ] Safepoint "Cleanup", Time since last: 4185534588 ns, Reaching safepoint: 203904 ns, At safepoint: 31437 ns, Total: 235341 ns
[2023-07-15T01:02:16.241+0000][66][info ][safepoint   ] Safepoint "Cleanup", Time since last: 3309204674 ns, Reaching safepoint: 357778 ns, At safepoint: 7146 ns, Total: 364924 ns
[2023-07-15T01:02:18.936+0000][66][info ][safepoint   ] Safepoint "Cleanup", Time since last: 2695231539 ns, Reaching safepoint: 172619 ns, At safepoint: 54595 ns, Total: 227214 ns
[2023-07-15T01:02:20.510+0000][66][info ][safepoint   ] Safepoint "Cleanup", Time since last: 1572672716 ns, Reaching safepoint: 686484 ns, At safepoint: 11748 ns, Total: 698232 ns
[2023-07-15T01:02:22.513+0000][66][info ][safepoint   ] Safepoint "Cleanup", Time since last: 2002948620 ns, Reaching safepoint: 300955 ns, At safepoint: 5057 ns, Total: 306012 ns
[2023-07-15T01:02:24.932+0000][66][info ][safepoint   ] Safepoint "Cleanup", Time since last: 2419079270 ns, Reaching safepoint: 171542 ns, At safepoint: 31018 ns, Total: 202560 ns
[2023-07-15T01:02:31.070+0000][66][info ][safepoint   ] Safepoint "Cleanup", Time since last: 6136854158 ns, Reaching safepoint: 97905 ns, At safepoint: 3132 ns, Total: 101037 ns
[2023-07-15T01:02:32.123+0000][66][info ][safepoint   ] Safepoint "Cleanup", Time since last: 1052662054 ns, Reaching safepoint: 165496 ns, At safepoint: 26561 ns, Total: 192057 ns
[2023-07-15T01:02:34.129+0000][66][info ][safepoint   ] Safepoint "Cleanup", Time since last: 2006075827 ns, Reaching safepoint: 612928 ns, At safepoint: 21231 ns, Total: 634159 ns
[2023-07-15T01:02:36.942+0000][66][info ][safepoint   ] Safepoint "Cleanup", Time since last: 2812327046 ns, Reaching safepoint: 90672 ns, At safepoint: 42891 ns, Total: 133563 ns
[2023-07-15T01:02:38.360+0000][66][info ][safepoint   ] Safepoint "Cleanup", Time since last: 1417776261 ns, Reaching safepoint: 635234 ns, At safepoint: 21656 ns, Total: 656890 ns
[2023-07-15T01:02:40.653+0000][66][info ][safepoint   ] Safepoint "Cleanup", Time since last: 2292102401 ns, Reaching safepoint: 446065 ns, At safepoint: 13229 ns, Total: 459294 ns
[2023-07-15T01:02:42.933+0000][66][info ][safepoint   ] Safepoint "Cleanup", Time since last: 2279749266 ns, Reaching safepoint: 179508 ns, At safepoint: 33478 ns, Total: 212986 ns
[2023-07-15T01:02:44.903+0000][66][info ][safepoint   ] Safepoint "Cleanup", Time since last: 1969946730 ns, Reaching safepoint: 239726 ns, At safepoint: 4509 ns, Total: 244235 ns
[2023-07-15T01:02:45.905+0000][66][info ][safepoint   ] Safepoint "Cleanup", Time since last: 1001924304 ns, Reaching safepoint: 381439 ns, At safepoint: 16842 ns, Total: 398281 ns
[2023-07-15T01:02:46.908+0000][66][info ][safepoint   ] Safepoint "Cleanup", Time since last: 1002300434 ns, Reaching safepoint: 455541 ns, At safepoint: 17251 ns, Total: 472792 ns
[2023-07-15T01:02:48.913+0000][66][info ][safepoint   ] Safepoint "Cleanup", Time since last: 2002360265 ns, Reaching safepoint: 2468847 ns, At safepoint: 125013 ns, Total: 2593860 ns
[2023-07-15T01:02:55.089+0000][66][info ][safepoint   ] Safepoint "Cleanup", Time since last: 6175273205 ns, Reaching safepoint: 229972 ns, At safepoint: 78147 ns, Total: 308119 ns
[2023-07-15T01:02:56.547+0000][66][info ][safepoint   ] Safepoint "Cleanup", Time since last: 1457557010 ns, Reaching safepoint: 424806 ns, At safepoint: 13853 ns, Total: 438659 ns
[2023-07-15T01:02:59.551+0000][66][info ][safepoint   ] Safepoint "Cleanup", Time since last: 3003611721 ns, Reaching safepoint: 376957 ns, At safepoint: 6346 ns, Total: 383303 ns
[2023-07-15T01:03:00.554+0000][66][info ][safepoint   ] Safepoint "Cleanup", Time since last: 1002513076 ns, Reaching safepoint: 560862 ns, At safepoint: 16257 ns, Total: 577119 ns
[2023-07-15T01:03:04.754+0000][66][info ][safepoint   ] Safepoint "Cleanup", Time since last: 4199112949 ns, Reaching safepoint: 504711 ns, At safepoint: 25179 ns, Total: 529890 ns
[2023-07-15T01:03:06.938+0000][66][info ][safepoint   ] Safepoint "Cleanup", Time since last: 2184069837 ns, Reaching safepoint: 99686 ns, At safepoint: 59137 ns, Total: 158823 ns
[2023-07-15T01:03:09.016+0000][66][info ][safepoint   ] Safepoint "Cleanup", Time since last: 2077079792 ns, Reaching safepoint: 706625 ns, At safepoint: 9815 ns, Total: 716440 ns
[2023-07-15T01:03:13.268+0000][66][info ][safepoint   ] Safepoint "Cleanup", Time since last: 4252073567 ns, Reaching safepoint: 159383 ns, At safepoint: 32702 ns, Total: 192085 ns
[2023-07-15T01:03:19.223+0000][66][info ][safepoint   ] Safepoint "Cleanup", Time since last: 5954574030 ns, Reaching safepoint: 314969 ns, At safepoint: 36636 ns, Total: 351605 ns
[2023-07-15T01:03:21.914+0000][66][info ][safepoint   ] Safepoint "Cleanup", Time since last: 2690454402 ns, Reaching safepoint: 401621 ns, At safepoint: 13704 ns, Total: 415325 ns
[2023-07-15T01:03:23.917+0000][66][info ][safepoint   ] Safepoint "Cleanup", Time since last: 2002445794 ns, Reaching safepoint: 507984 ns, At safepoint: 13608 ns, Total: 521592 ns
[2023-07-15T01:03:24.920+0000][66][info ][safepoint   ] Safepoint "Cleanup", Time since last: 1002420831 ns, Reaching safepoint: 178372 ns, At safepoint: 74223 ns, Total: 252595 ns
[2023-07-15T01:03:27.142+0000][66][info ][safepoint   ] Safepoint "Cleanup", Time since last: 2221907323 ns, Reaching safepoint: 399865 ns, At safepoint: 20933 ns, Total: 420798 ns
[2023-07-15T01:03:28.145+0000][66][info ][safepoint   ] Safepoint "Cleanup", Time since last: 1002512856 ns, Reaching safepoint: 502666 ns, At safepoint: 16254 ns, Total: 518920 ns
[2023-07-15T01:03:31.058+0000][66][info ][safepoint   ] Safepoint "Cleanup", Time since last: 2911828894 ns, Reaching safepoint: 279197 ns, At safepoint: 35643 ns, Total: 314840 ns
[2023-07-15T01:03:32.223+0000][66][info ][safepoint   ] Safepoint "Cleanup", Time since last: 1164730076 ns, Reaching safepoint: 326527 ns, At safepoint: 5665 ns, Total: 332192 ns
[2023-07-15T01:03:33.574+0000][66][info ][safepoint   ] Safepoint "Cleanup", Time since last: 1350581077 ns, Reaching safepoint: 598559 ns, At safepoint: 67414 ns, Total: 665973 ns
[2023-07-15T01:03:34.578+0000][66][info ][safepoint   ] Safepoint "Cleanup", Time since last: 1003741086 ns, Reaching safepoint: 230634 ns, At safepoint: 5166 ns, Total: 235800 ns
[2023-07-15T01:03:36.580+0000][66][info ][safepoint   ] Safepoint "Cleanup", Time since last: 2001895662 ns, Reaching safepoint: 150586 ns, At safepoint: 5980 ns, Total: 156566 ns
[2023-07-15T01:03:37.658+0000][66][info ][safepoint   ] Safepoint "Cleanup", Time since last: 1077396619 ns, Reaching safepoint: 219747 ns, At safepoint: 38380 ns, Total: 258127 ns
[2023-07-15T01:03:42.956+0000][66][info ][safepoint   ] Safepoint "Cleanup", Time since last: 5298174187 ns, Reaching safepoint: 191371 ns, At safepoint: 30347 ns, Total: 221718 ns
[2023-07-15T01:03:44.188+0000][66][info ][safepoint   ] Safepoint "Cleanup", Time since last: 1232176609 ns, Reaching safepoint: 72516 ns, At safepoint: 31931 ns, Total: 104447 ns
[2023-07-15T01:03:46.110+0000][66][info ][safepoint   ] Safepoint "Cleanup", Time since last: 1920885869 ns, Reaching safepoint: 312710 ns, At safepoint: 5740 ns, Total: 318450 ns
[2023-07-15T01:03:54.942+0000][66][info ][safepoint   ] Safepoint "Cleanup", Time since last: 8832173203 ns, Reaching safepoint: 203770 ns, At safepoint: 35512 ns, Total: 239282 ns
[2023-07-15T01:04:01.198+0000][66][info ][safepoint   ] Safepoint "Cleanup", Time since last: 6255350252 ns, Reaching safepoint: 119510 ns, At safepoint: 65313 ns, Total: 184823 ns
[2023-07-15T01:04:06.975+0000][66][info ][safepoint   ] Safepoint "Cleanup", Time since last: 5776312523 ns, Reaching safepoint: 218150 ns, At safepoint: 34001 ns, Total: 252151 ns
[2023-07-15T01:04:12.847+0000][66][info ][safepoint   ] Safepoint "Cleanup", Time since last: 5871881234 ns, Reaching safepoint: 323679 ns, At safepoint: 15907 ns, Total: 339586 ns
[2023-07-15T01:04:14.048+0000][66][info ][safepoint   ] Safepoint "Cleanup", Time since last: 1200254149 ns, Reaching safepoint: 319549 ns, At safepoint: 27971 ns, Total: 347520 ns
[2023-07-15T01:04:19.368+0000][66][info ][safepoint   ] Safepoint "Cleanup", Time since last: 5320200619 ns, Reaching safepoint: 208328 ns, At safepoint: 35679 ns, Total: 244007 ns
[2023-07-15T01:04:24.659+0000][66][info ][safepoint   ] Safepoint "Cleanup", Time since last: 5290484960 ns, Reaching safepoint: 227895 ns, At safepoint: 4287 ns, Total: 232182 ns
[2023-07-15T01:04:30.933+0000][66][info ][safepoint   ] Safepoint "Cleanup", Time since last: 6266695574 ns, Reaching safepoint: 185240 ns, At safepoint: 8013 ns, Total: 193253 ns
[2023-07-15T01:04:32.080+0000][66][info ][safepoint   ] Safepoint "Cleanup", Time since last: 1146447100 ns, Reaching safepoint: 415857 ns, At safepoint: 14059 ns, Total: 429916 ns
[2023-07-15T01:04:34.278+0000][66][info ][safepoint   ] Safepoint "Cleanup", Time since last: 2197997639 ns, Reaching safepoint: 492764 ns, At safepoint: 10249 ns, Total: 503013 ns
[2023-07-15T01:04:37.262+0000][66][info ][safepoint   ] Safepoint "Cleanup", Time since last: 2984185905 ns, Reaching safepoint: 89459 ns, At safepoint: 9502 ns, Total: 98961 ns
[2023-07-15T01:04:39.068+0000][66][info ][safepoint   ] Safepoint "Cleanup", Time since last: 1805331355 ns, Reaching safepoint: 302442 ns, At safepoint: 9103 ns, Total: 311545 ns
[2023-07-15T01:05:05.575+0000][66][info ][safepoint   ] Safepoint "Cleanup", Time since last: 27393679321 ns, Reaching safepoint: 452158 ns, At safepoint: 60990 ns, Total: 513148 ns
[2023-07-15T01:05:07.197+0000][66][info ][safepoint   ] Safepoint "Cleanup", Time since last: 1622045598 ns, Reaching safepoint: 255115 ns, At safepoint: 5653 ns, Total: 260768 ns
[2023-07-15T01:05:08.361+0000][66][info ][safepoint   ] Safepoint "Cleanup", Time since last: 1162781596 ns, Reaching safepoint: 545455 ns, At safepoint: 9977 ns, Total: 555432 ns
[2023-07-15T01:05:09.743+0000][66][info ][safepoint   ] Safepoint "Cleanup", Time since last: 1382212419 ns, Reaching safepoint: 135532 ns, At safepoint: 4594 ns, Total: 140126 ns
[2023-07-15T01:05:10.816+0000][66][info ][safepoint   ] Safepoint "Cleanup", Time since last: 1073382413 ns, Reaching safepoint: 86247 ns, At safepoint: 17089 ns, Total: 103336 ns
[2023-07-15T01:05:12.599+0000][66][info ][safepoint   ] Safepoint "Cleanup", Time since last: 1781924367 ns, Reaching safepoint: 191887 ns, At safepoint: 32457 ns, Total: 224344 ns
[2023-07-15T01:05:19.964+0000][66][info ][safepoint   ] Safepoint "Cleanup", Time since last: 7364792389 ns, Reaching safepoint: 523560 ns, At safepoint: 20924 ns, Total: 544484 ns
[2023-07-15T01:05:23.409+0000][66][info ][safepoint   ] Safepoint "Cleanup", Time since last: 3445384765 ns, Reaching safepoint: 99234 ns, At safepoint: 38627 ns, Total: 137861 ns
[2023-07-15T01:05:25.339+0000][66][info ][safepoint   ] Safepoint "Cleanup", Time since last: 1929092365 ns, Reaching safepoint: 461532 ns, At safepoint: 9969 ns, Total: 471501 ns
[2023-07-15T01:05:33.567+0000][66][info ][safepoint   ] Safepoint "Cleanup", Time since last: 8227390814 ns, Reaching safepoint: 518784 ns, At safepoint: 7525 ns, Total: 526309 ns
[2023-07-15T01:05:36.708+0000][66][info ][safepoint   ] Safepoint "Cleanup", Time since last: 2212138061 ns, Reaching safepoint: 178976 ns, At safepoint: 29756 ns, Total: 208732 ns
[2023-07-15T01:05:38.638+0000][66][info ][safepoint   ] Safepoint "Cleanup", Time since last: 1929612977 ns, Reaching safepoint: 232406 ns, At safepoint: 35797 ns, Total: 268203 ns
[2023-07-15T01:05:40.011+0000][66][info ][safepoint   ] Safepoint "Cleanup", Time since last: 1371971125 ns, Reaching safepoint: 501964 ns, At safepoint: 9883 ns, Total: 511847 ns
[2023-07-15T01:05:44.673+0000][66][info ][safepoint   ] Safepoint "Cleanup", Time since last: 4662492936 ns, Reaching safepoint: 80320 ns, At safepoint: 3132 ns, Total: 83452 ns
[2023-07-15T01:05:45.757+0000][66][info ][safepoint   ] Safepoint "Cleanup", Time since last: 1083809822 ns, Reaching safepoint: 216806 ns, At safepoint: 27380 ns, Total: 244186 ns
[2023-07-15T01:06:07.598+0000][66][info ][safepoint   ] Safepoint "Cleanup", Time since last: 21840180364 ns, Reaching safepoint: 183079 ns, At safepoint: 14613 ns, Total: 197692 ns
[2023-07-15T01:06:08.646+0000][66][info ][safepoint   ] Safepoint "Cleanup", Time since last: 1063381182 ns, Reaching safepoint: 788673 ns, At safepoint: 59717 ns, Total: 848390 ns
[2023-07-15T01:06:09.727+0000][66][info ][safepoint   ] Safepoint "Cleanup", Time since last: 1080775740 ns, Reaching safepoint: 37156 ns, At safepoint: 1639 ns, Total: 38795 ns
[2023-07-15T01:06:10.867+0000][66][info ][safepoint   ] Safepoint "Cleanup", Time since last: 1140128510 ns, Reaching safepoint: 409164 ns, At safepoint: 6541 ns, Total: 415705 ns
[2023-07-15T01:06:12.871+0000][66][info ][safepoint   ] Safepoint "Cleanup", Time since last: 2003173192 ns, Reaching safepoint: 390241 ns, At safepoint: 15073 ns, Total: 405314 ns
[2023-07-15T01:06:14.080+0000][66][info ][safepoint   ] Safepoint "Cleanup", Time since last: 1208895621 ns, Reaching safepoint: 75541 ns, At safepoint: 45520 ns, Total: 121061 ns
[2023-07-15T01:06:18.384+0000][66][info ][safepoint   ] Safepoint "Cleanup", Time since last: 4303502438 ns, Reaching safepoint: 714288 ns, At safepoint: 35618 ns, Total: 749906 ns
[2023-07-15T01:06:20.379+0000][66][info ][safepoint   ] Safepoint "Cleanup", Time since last: 1994189680 ns, Reaching safepoint: 435557 ns, At safepoint: 22263 ns, Total: 457820 ns
[2023-07-15T02:38:22.785+0000][66][info ][safepoint   ] Safepoint "Cleanup", Time since last: 5522346418980 ns, Reaching safepoint: 63223274 ns, At safepoint: 60189689 ns, Total: 123412963 ns
[2023-07-15T02:38:23.788+0000][66][info ][safepoint   ] Safepoint "Cleanup", Time since last: 1002312260 ns, Reaching safepoint: 449988 ns, At safepoint: 80913 ns, Total: 530901 ns
[2023-07-15T02:38:24.789+0000][66][info ][safepoint   ] Safepoint "Cleanup", Time since last: 1001086286 ns, Reaching safepoint: 200996 ns, At safepoint: 37392 ns, Total: 238388 ns
[2023-07-15T02:38:26.039+0000][66][info ][safepoint   ] Safepoint "Cleanup", Time since last: 1249697237 ns, Reaching safepoint: 175684 ns, At safepoint: 28221 ns, Total: 203905 ns
[2023-07-15T02:38:27.711+0000][66][info ][safepoint   ] Safepoint "Cleanup", Time since last: 1671523816 ns, Reaching safepoint: 108007 ns, At safepoint: 27142 ns, Total: 135149 ns
[2023-07-15T02:38:29.341+0000][66][info ][safepoint   ] Safepoint "Cleanup", Time since last: 1629635855 ns, Reaching safepoint: 573910 ns, At safepoint: 11044 ns, Total: 584954 ns
[2023-07-15T02:38:31.594+0000][66][info ][safepoint   ] Safepoint "Cleanup", Time since last: 2252718708 ns, Reaching safepoint: 488947 ns, At safepoint: 14214 ns, Total: 503161 ns
[2023-07-15T03:04:35.898+0000][66][info ][safepoint   ] Safepoint "Cleanup", Time since last: 1564333260744 ns, Reaching safepoint: 124966 ns, At safepoint: 3552 ns, Total: 128518 ns
[2023-07-15T03:04:37.414+0000][66][info ][safepoint   ] Safepoint "Cleanup", Time since last: 1515863205 ns, Reaching safepoint: 208238 ns, At safepoint: 36935 ns, Total: 245173 ns
[2023-07-15T03:04:38.588+0000][66][info ][safepoint   ] Safepoint "Cleanup", Time since last: 1173737652 ns, Reaching safepoint: 619637 ns, At safepoint: 7360 ns, Total: 626997 ns
[2023-07-15T03:04:41.409+0000][66][info ][safepoint   ] Safepoint "Cleanup", Time since last: 2820878829 ns, Reaching safepoint: 141835 ns, At safepoint: 33090 ns, Total: 174925 ns
[2023-07-15T03:04:42.410+0000][66][info ][safepoint   ] Safepoint "Cleanup", Time since last: 1000430475 ns, Reaching safepoint: 88564 ns, At safepoint: 91225 ns, Total: 179789 ns
[2023-07-15T03:04:43.752+0000][66][info ][safepoint   ] Safepoint "Cleanup", Time since last: 1341311282 ns, Reaching safepoint: 813058 ns, At safepoint: 9598 ns, Total: 822656 ns
[2023-07-15T03:04:44.755+0000][66][info ][safepoint   ] Safepoint "Cleanup", Time since last: 1002573252 ns, Reaching safepoint: 553288 ns, At safepoint: 10599 ns, Total: 563887 ns
[2023-07-15T03:04:45.759+0000][66][info ][safepoint   ] Safepoint "Cleanup", Time since last: 1003229821 ns, Reaching safepoint: 289869 ns, At safepoint: 10406 ns, Total: 300275 ns
[2023-07-15T03:04:48.056+0000][66][info ][safepoint   ] Safepoint "Cleanup", Time since last: 2296764527 ns, Reaching safepoint: 270985 ns, At safepoint: 17530 ns, Total: 288515 ns
[2023-07-15T03:04:50.099+0000][66][info ][safepoint   ] Safepoint "Cleanup", Time since last: 2041728426 ns, Reaching safepoint: 2048041 ns, At safepoint: 34334 ns, Total: 2082375 ns
[2023-07-15T03:04:51.933+0000][66][info ][safepoint   ] Safepoint "Cleanup", Time since last: 1832242598 ns, Reaching safepoint: 1683882 ns, At safepoint: 40998 ns, Total: 1724880 ns
[2023-07-15T03:04:53.941+0000][66][info ][safepoint   ] Safepoint "Cleanup", Time since last: 2007220435 ns, Reaching safepoint: 413156 ns, At safepoint: 13585 ns, Total: 426741 ns
[2023-07-15T03:05:00.995+0000][66][info ][safepoint   ] Safepoint "Cleanup", Time since last: 7052139291 ns, Reaching safepoint: 1109917 ns, At safepoint: 260170 ns, Total: 1370087 ns
[2023-07-15T03:05:02.001+0000][66][info ][safepoint   ] Safepoint "Cleanup", Time since last: 1005769879 ns, Reaching safepoint: 757124 ns, At safepoint: 38190 ns, Total: 795314 ns
[2023-07-15T03:05:03.011+0000][66][info ][safepoint   ] Safepoint "Cleanup", Time since last: 1007860360 ns, Reaching safepoint: 1480884 ns, At safepoint: 401611 ns, Total: 1882495 ns
[2023-07-15T03:05:04.054+0000][66][info ][safepoint   ] Safepoint "Cleanup", Time since last: 1040551358 ns, Reaching safepoint: 2636764 ns, At safepoint: 36511 ns, Total: 2673275 ns
[2023-07-15T03:05:06.045+0000][66][info ][safepoint   ] Safepoint "Cleanup", Time since last: 2007299107 ns, Reaching safepoint: 480617 ns, At safepoint: 31283 ns, Total: 511900 ns
[2023-07-15T03:05:07.947+0000][66][info ][safepoint   ] Safepoint "Cleanup", Time since last: 1900720445 ns, Reaching safepoint: 437795 ns, At safepoint: 11789 ns, Total: 449584 ns
[2023-07-15T03:05:09.992+0000][66][info ][safepoint   ] Safepoint "Cleanup", Time since last: 2044728385 ns, Reaching safepoint: 1145407 ns, At safepoint: 33473 ns, Total: 1178880 ns
[2023-07-15T05:04:46.462+0000][66][info ][safepoint   ] Safepoint "Cleanup", Time since last: 47922146280 ns, Reaching safepoint: 500258754 ns, At safepoint: 83308 ns, Total: 500342062 ns
[2023-07-15T05:04:47.481+0000][66][info ][safepoint   ] Safepoint "Cleanup", Time since last: 1018745521 ns, Reaching safepoint: 198658 ns, At safepoint: 31995 ns, Total: 230653 ns
[2023-07-15T05:04:49.427+0000][66][info ][safepoint   ] Safepoint "Cleanup", Time since last: 1945983347 ns, Reaching safepoint: 657110 ns, At safepoint: 10448 ns, Total: 667558 ns
[2023-07-15T05:04:50.672+0000][66][info ][safepoint   ] Safepoint "Cleanup", Time since last: 1244841892 ns, Reaching safepoint: 264097 ns, At safepoint: 36048 ns, Total: 300145 ns
[2023-07-15T05:04:51.854+0000][66][info ][safepoint   ] Safepoint "Cleanup", Time since last: 1181443298 ns, Reaching safepoint: 307106 ns, At safepoint: 5094 ns, Total: 312200 ns
[2023-07-15T05:04:52.915+0000][66][info ][safepoint   ] Safepoint "Cleanup", Time since last: 1060789939 ns, Reaching safepoint: 178399 ns, At safepoint: 11175 ns, Total: 189574 ns
[2023-07-15T05:04:53.954+0000][66][info ][safepoint   ] Safepoint "Cleanup", Time since last: 1039183261 ns, Reaching safepoint: 229310 ns, At safepoint: 32520 ns, Total: 261830 ns
[2023-07-15T05:04:55.119+0000][66][info ][safepoint   ] Safepoint "Cleanup", Time since last: 1164371447 ns, Reaching safepoint: 289179 ns, At safepoint: 64949 ns, Total: 354128 ns
[2023-07-15T05:05:01.782+0000][66][info ][safepoint   ] Safepoint "Cleanup", Time since last: 6662429930 ns, Reaching safepoint: 510923 ns, At safepoint: 12141 ns, Total: 523064 ns
[2023-07-15T05:05:02.807+0000][66][info ][safepoint   ] Safepoint "Cleanup", Time since last: 1024475661 ns, Reaching safepoint: 215801 ns, At safepoint: 31726 ns, Total: 247527 ns
[2023-07-15T05:05:04.578+0000][66][info ][safepoint   ] Safepoint "Cleanup", Time since last: 1770898285 ns, Reaching safepoint: 293765 ns, At safepoint: 6414 ns, Total: 300179 ns
[2023-07-15T05:05:07.539+0000][66][info ][safepoint   ] Safepoint "Cleanup", Time since last: 2960310151 ns, Reaching safepoint: 205550 ns, At safepoint: 6196 ns, Total: 211746 ns
[2023-07-15T05:05:09.487+0000][66][info ][safepoint   ] Safepoint "Cleanup", Time since last: 1947319868 ns, Reaching safepoint: 652289 ns, At safepoint: 11003 ns, Total: 663292 ns
[2023-07-15T09:05:14.465+0000][66][info ][safepoint   ] Safepoint "Cleanup", Time since last: 7559295230 ns, Reaching safepoint: 327528 ns, At safepoint: 40341 ns, Total: 367869 ns
[2023-07-15T09:05:15.634+0000][66][info ][safepoint   ] Safepoint "Cleanup", Time since last: 1168555580 ns, Reaching safepoint: 533053 ns, At safepoint: 18586 ns, Total: 551639 ns
[2023-07-15T09:05:17.368+0000][66][info ][safepoint   ] Safepoint "Cleanup", Time since last: 1733395917 ns, Reaching safepoint: 165001 ns, At safepoint: 30122 ns, Total: 195123 ns
[2023-07-15T09:05:18.370+0000][66][info ][safepoint   ] Safepoint "Cleanup", Time since last: 1001997952 ns, Reaching safepoint: 293682 ns, At safepoint: 37987 ns, Total: 331669 ns
[2023-07-15T09:05:19.550+0000][66][info ][safepoint   ] Safepoint "Cleanup", Time since last: 1179459263 ns, Reaching safepoint: 175181 ns, At safepoint: 32612 ns, Total: 207793 ns
[2023-07-15T09:05:25.136+0000][66][info ][safepoint   ] Safepoint "Cleanup", Time since last: 5492222281 ns, Reaching safepoint: 75937691 ns, At safepoint: 17630964 ns, Total: 93568655 ns
[2023-07-15T09:05:26.353+0000][66][info ][safepoint   ] Safepoint "Cleanup", Time since last: 1216968009 ns, Reaching safepoint: 405912 ns, At safepoint: 41153 ns, Total: 447065 ns
[2023-07-15T09:05:28.323+0000][66][info ][safepoint   ] Safepoint "Cleanup", Time since last: 1969516713 ns, Reaching safepoint: 318988 ns, At safepoint: 7871 ns, Total: 326859 ns
[2023-07-15T09:05:29.522+0000][66][info ][safepoint   ] Safepoint "Cleanup", Time since last: 1199393492 ns, Reaching safepoint: 199281 ns, At safepoint: 35974 ns, Total: 235255 ns
[2023-07-15T09:05:30.584+0000][66][info ][safepoint   ] Safepoint "Cleanup", Time since last: 1060666564 ns, Reaching safepoint: 623896 ns, At safepoint: 138163 ns, Total: 762059 ns
[2023-07-15T09:05:38.791+0000][66][info ][safepoint   ] Safepoint "Cleanup", Time since last: 8206664721 ns, Reaching safepoint: 432351 ns, At safepoint: 37977 ns, Total: 470328 ns
[2023-07-15T09:05:40.039+0000][66][info ][safepoint   ] Safepoint "Cleanup", Time since last: 1247921831 ns, Reaching safepoint: 220772 ns, At safepoint: 9022 ns, Total: 229794 ns
[2023-07-15T09:05:41.405+0000][66][info ][safepoint   ] Safepoint "Cleanup", Time since last: 1365906818 ns, Reaching safepoint: 187759 ns, At safepoint: 8217 ns, Total: 195976 ns
[2023-07-15T09:05:43.419+0000][66][info ][safepoint   ] Safepoint "Cleanup", Time since last: 2013226363 ns, Reaching safepoint: 226485 ns, At safepoint: 27555 ns, Total: 254040 ns
[2023-07-15T12:51:47.924+0000][66][info ][safepoint   ] Safepoint "Cleanup", Time since last: 1217558484 ns, Reaching safepoint: 201275 ns, At safepoint: 33398 ns, Total: 234673 ns
[2023-07-15T12:51:48.987+0000][66][info ][safepoint   ] Safepoint "Cleanup", Time since last: 1062219027 ns, Reaching safepoint: 378691 ns, At safepoint: 7033 ns, Total: 385724 ns
[2023-07-15T12:51:50.415+0000][66][info ][safepoint   ] Safepoint "Cleanup", Time since last: 1427907820 ns, Reaching safepoint: 242241 ns, At safepoint: 39640 ns, Total: 281881 ns
[2023-07-15T12:51:56.160+0000][66][info ][safepoint   ] Safepoint "Cleanup", Time since last: 5743907313 ns, Reaching safepoint: 566863 ns, At safepoint: 50343 ns, Total: 617206 ns
[2023-07-15T12:51:57.840+0000][66][info ][safepoint   ] Safepoint "Cleanup", Time since last: 1679861740 ns, Reaching safepoint: 380886 ns, At safepoint: 6918 ns, Total: 387804 ns
[2023-07-15T12:51:58.843+0000][66][info ][safepoint   ] Safepoint "Cleanup", Time since last: 1002534258 ns, Reaching safepoint: 463376 ns, At safepoint: 10749 ns, Total: 474125 ns
[2023-07-15T19:04:34.151+0000][66][info ][safepoint   ] Safepoint "Cleanup", Time since last: 18917603997 ns, Reaching safepoint: 1256207 ns, At safepoint: 60982 ns, Total: 1317189 ns
[2023-07-15T19:04:35.443+0000][66][info ][safepoint   ] Safepoint "Cleanup", Time since last: 1291176985 ns, Reaching safepoint: 313376 ns, At safepoint: 34602 ns, Total: 347978 ns
[2023-07-15T19:04:36.447+0000][66][info ][safepoint   ] Safepoint "Cleanup", Time since last: 1003705575 ns, Reaching safepoint: 227435 ns, At safepoint: 48501 ns, Total: 275936 ns
[2023-07-15T19:04:36.588+0000][66][info ][gc,start    ] GC(13) Pause Young (Normal) (G1 Evacuation Pause)
[2023-07-15T19:04:36.603+0000][66][info ][gc,task     ] GC(13) Using 6 workers of 6 for evacuation
[2023-07-15T19:04:36.611+0000][66][debug][gc,age      ] GC(13) Desired survivor size 155189248 bytes, new threshold 15 (max threshold 15)
[2023-07-15T19:04:36.926+0000][66][info ][gc,mmu      ] GC(13) MMU target violated: 201.0ms (200.0ms/201.0ms)
[2023-07-15T19:04:36.927+0000][66][info ][gc,phases   ] GC(13)   Pre Evacuate Collection Set: 11.2ms
[2023-07-15T19:04:36.928+0000][66][info ][gc,phases   ] GC(13)   Merge Heap Roots: 6.8ms
[2023-07-15T19:04:36.928+0000][66][info ][gc,phases   ] GC(13)   Evacuate Collection Set: 268.6ms
[2023-07-15T19:04:36.929+0000][66][info ][gc,phases   ] GC(13)   Post Evacuate Collection Set: 16.3ms
[2023-07-15T19:04:36.930+0000][66][info ][gc,phases   ] GC(13)   Other: 29.5ms
[2023-07-15T19:04:36.932+0000][66][trace][gc,age      ] GC(13) Age table with threshold 15 (max threshold 15)
[2023-07-15T19:04:36.933+0000][66][trace][gc,age      ] GC(13) - age   1:    2585360 bytes,    2585360 total
[2023-07-15T19:04:36.934+0000][66][trace][gc,age      ] GC(13) - age   2:     526656 bytes,    3112016 total
[2023-07-15T19:04:36.935+0000][66][trace][gc,age      ] GC(13) - age   3:   30634664 bytes,   33746680 total
[2023-07-15T19:04:36.936+0000][66][trace][gc,age      ] GC(13) - age   4:   14969776 bytes,   48716456 total
[2023-07-15T19:04:36.937+0000][66][info ][gc,heap     ] GC(13) Eden regions: 576->0(36)
[2023-07-15T19:04:36.937+0000][66][info ][gc,heap     ] GC(13) Survivor regions: 13->13(74)
[2023-07-15T19:04:36.938+0000][66][info ][gc,heap     ] GC(13) Old regions: 14->14
[2023-07-15T19:04:36.940+0000][66][info ][gc,heap     ] GC(13) Archive regions: 2->2
[2023-07-15T19:04:36.941+0000][66][info ][gc,heap     ] GC(13) Humongous regions: 0->0
[2023-07-15T19:04:36.942+0000][66][info ][gc,metaspace] GC(13) Metaspace: 135565K(138880K)->135565K(138880K) NonClass: 118011K(119680K)->118011K(119680K) Class: 17554K(19200K)->17554K(19200K)
[2023-07-15T19:04:36.942+0000][66][info ][gc          ] GC(13) Pause Young (Normal) (G1 Evacuation Pause) 2412M->108M(3932M) 356.155ms
[2023-07-15T19:04:36.943+0000][66][info ][gc,cpu      ] GC(13) User=1.76s Sys=0.00s Real=0.36s
[2023-07-15T19:04:36.944+0000][66][info ][safepoint   ] Safepoint "G1CollectForAllocation", Time since last: 136218140 ns, Reaching safepoint: 175901 ns, At safepoint: 361354435 ns, Total: 361530336 ns
[2023-07-15T19:04:37.946+0000][66][info ][safepoint   ] Safepoint "Cleanup", Time since last: 1001410327 ns, Reaching safepoint: 164888 ns, At safepoint: 10163 ns, Total: 175051 ns
[2023-07-15T19:04:39.133+0000][66][info ][safepoint   ] Safepoint "Cleanup", Time since last: 1186971396 ns, Reaching safepoint: 337442 ns, At safepoint: 16825 ns, Total: 354267 ns
[2023-07-15T19:04:40.349+0000][66][info ][safepoint   ] Safepoint "Cleanup", Time since last: 1215281592 ns, Reaching safepoint: 182257 ns, At safepoint: 28574 ns, Total: 210831 ns
[2023-07-15T19:04:48.249+0000][66][info ][safepoint   ] Safepoint "Cleanup", Time since last: 7899858145 ns, Reaching safepoint: 546697 ns, At safepoint: 48479 ns, Total: 595176 ns
[2023-07-15T19:04:49.298+0000][66][info ][safepoint   ] Safepoint "Cleanup", Time since last: 1048105659 ns, Reaching safepoint: 268905 ns, At safepoint: 46665 ns, Total: 315570 ns
[2023-07-15T19:04:53.898+0000][66][info ][safepoint   ] Safepoint "Cleanup", Time since last: 4599722690 ns, Reaching safepoint: 226317 ns, At safepoint: 34105 ns, Total: 260422 ns
[2023-07-15T19:05:02.952+0000][66][info ][safepoint   ] Safepoint "Cleanup", Time since last: 9054189644 ns, Reaching safepoint: 470806 ns, At safepoint: 22108 ns, Total: 492914 ns
[2023-07-16T03:17:42.459+0000][66][info ][safepoint   ] Safepoint "Cleanup", Time since last: 1211457105 ns, Reaching safepoint: 111693 ns, At safepoint: 7955 ns, Total: 119648 ns
[2023-07-16T03:17:43.712+0000][66][info ][safepoint   ] Safepoint "Cleanup", Time since last: 1252408227 ns, Reaching safepoint: 159763 ns, At safepoint: 35181 ns, Total: 194944 ns
[2023-07-16T03:17:44.783+0000][66][info ][safepoint   ] Safepoint "Cleanup", Time since last: 1070310395 ns, Reaching safepoint: 900772 ns, At safepoint: 22091 ns, Total: 922863 ns
[2023-07-16T03:17:45.669+0000][66][info ][gc,start    ] GC(14) Pause Young (Normal) (G1 Evacuation Pause)
[2023-07-16T03:17:45.670+0000][66][info ][gc,task     ] GC(14) Using 6 workers of 6 for evacuation
[2023-07-16T03:17:45.670+0000][66][debug][gc,age      ] GC(14) Desired survivor size 14680064 bytes, new threshold 3 (max threshold 15)
[2023-07-16T03:17:45.999+0000][66][info ][gc,mmu      ] GC(14) MMU target violated: 201.0ms (200.0ms/201.0ms)
[2023-07-16T03:17:46.000+0000][66][info ][gc,phases   ] GC(14)   Pre Evacuate Collection Set: 2.8ms
[2023-07-16T03:17:46.001+0000][66][info ][gc,phases   ] GC(14)   Merge Heap Roots: 0.5ms
[2023-07-16T03:17:46.002+0000][66][info ][gc,phases   ] GC(14)   Evacuate Collection Set: 317.3ms
[2023-07-16T03:17:46.003+0000][66][info ][gc,phases   ] GC(14)   Post Evacuate Collection Set: 6.4ms
[2023-07-16T03:17:46.004+0000][66][info ][gc,phases   ] GC(14)   Other: 3.6ms
[2023-07-16T03:17:46.005+0000][66][trace][gc,age      ] GC(14) Age table with threshold 3 (max threshold 15)
[2023-07-16T03:17:46.005+0000][66][trace][gc,age      ] GC(14) - age   1:    2442880 bytes,    2442880 total
[2023-07-16T03:17:46.006+0000][66][trace][gc,age      ] GC(14) - age   2:    1070592 bytes,    3513472 total
[2023-07-16T03:17:46.007+0000][66][trace][gc,age      ] GC(14) - age   3:     505512 bytes,    4018984 total
[2023-07-16T03:17:46.007+0000][66][info ][gc,heap     ] GC(14) Eden regions: 36->0(587)
[2023-07-16T03:17:46.008+0000][66][info ][gc,heap     ] GC(14) Survivor regions: 13->2(7)
[2023-07-16T03:17:46.010+0000][66][info ][gc,heap     ] GC(14) Old regions: 14->25
[2023-07-16T03:17:46.010+0000][66][info ][gc,heap     ] GC(14) Archive regions: 2->2
[2023-07-16T03:17:46.011+0000][66][info ][gc,heap     ] GC(14) Humongous regions: 0->0
[2023-07-16T03:17:46.012+0000][66][info ][gc,metaspace] GC(14) Metaspace: 135602K(138944K)->135602K(138944K) NonClass: 118046K(119744K)->118046K(119744K) Class: 17555K(19200K)->17555K(19200K)
[2023-07-16T03:17:46.012+0000][66][info ][gc          ] GC(14) Pause Young (Normal) (G1 Evacuation Pause) 252M->107M(3932M) 343.692ms
[2023-07-16T03:17:46.013+0000][66][info ][gc,cpu      ] GC(14) User=0.83s Sys=0.00s Real=0.35s
[2023-07-16T03:17:46.014+0000][66][info ][safepoint   ] Safepoint "G1CollectForAllocation", Time since last: 885593270 ns, Reaching safepoint: 87897 ns, At safepoint: 345476256 ns, Total: 345564153 ns
[2023-07-16T03:17:46.692+0000][66][info ][safepoint   ] Safepoint "ICBufferFull", Time since last: 676483501 ns, Reaching safepoint: 1508815 ns, At safepoint: 166102 ns, Total: 1674917 ns
[2023-07-16T03:17:47.773+0000][66][info ][safepoint   ] Safepoint "Cleanup", Time since last: 1080762053 ns, Reaching safepoint: 125804 ns, At safepoint: 100848 ns, Total: 226652 ns
[2023-07-16T03:17:54.025+0000][66][info ][safepoint   ] Safepoint "Cleanup", Time since last: 6139771568 ns, Reaching safepoint: 68355369 ns, At safepoint: 43418836 ns, Total: 111774205 ns
[2023-07-16T03:17:55.783+0000][66][info ][safepoint   ] Safepoint "Cleanup", Time since last: 1758253610 ns, Reaching safepoint: 237509 ns, At safepoint: 10800 ns, Total: 248309 ns
[2023-07-16T03:18:09.723+0000][66][info ][safepoint   ] Safepoint "Cleanup", Time since last: 13939771518 ns, Reaching safepoint: 393756 ns, At safepoint: 17374 ns, Total: 411130 ns
[2023-07-16T03:18:11.011+0000][66][info ][safepoint   ] Safepoint "Cleanup", Time since last: 1287731212 ns, Reaching safepoint: 204907 ns, At safepoint: 49744 ns, Total: 254651 ns
[2023-07-16T16:20:52.699+0000][66][info ][safepoint   ] Safepoint "Cleanup", Time since last: 2014031669 ns, Reaching safepoint: 408264 ns, At safepoint: 7316 ns, Total: 415580 ns
[2023-07-16T16:20:53.898+0000][66][info ][safepoint   ] Safepoint "Cleanup", Time since last: 1198868528 ns, Reaching safepoint: 267157 ns, At safepoint: 36571 ns, Total: 303728 ns
[2023-07-16T16:20:55.150+0000][66][info ][safepoint   ] Safepoint "Cleanup", Time since last: 1251230584 ns, Reaching safepoint: 258833 ns, At safepoint: 33303 ns, Total: 292136 ns
[2023-07-16T16:20:57.423+0000][66][info ][safepoint   ] Safepoint "Cleanup", Time since last: 2272708461 ns, Reaching safepoint: 188741 ns, At safepoint: 35843 ns, Total: 224584 ns
[2023-07-16T16:20:58.727+0000][66][info ][safepoint   ] Safepoint "Cleanup", Time since last: 1303474651 ns, Reaching safepoint: 127659 ns, At safepoint: 38099 ns, Total: 165758 ns
[2023-07-16T16:21:00.056+0000][66][info ][safepoint   ] Safepoint "Cleanup", Time since last: 1329496797 ns, Reaching safepoint: 153296 ns, At safepoint: 4830 ns, Total: 158126 ns
[2023-07-16T16:21:01.116+0000][66][info ][safepoint   ] Safepoint "Cleanup", Time since last: 1058408216 ns, Reaching safepoint: 1069386 ns, At safepoint: 15909 ns, Total: 1085295 ns
[2023-07-16T16:21:03.119+0000][66][info ][safepoint   ] Safepoint "Cleanup", Time since last: 2003180402 ns, Reaching safepoint: 337760 ns, At safepoint: 4718 ns, Total: 342478 ns
[2023-07-16T16:21:05.606+0000][66][info ][safepoint   ] Safepoint "Cleanup", Time since last: 2486222790 ns, Reaching safepoint: 253945 ns, At safepoint: 7026 ns, Total: 260971 ns
[2023-07-16T16:21:07.483+0000][66][info ][safepoint   ] Safepoint "Cleanup", Time since last: 1876532237 ns, Reaching safepoint: 626005 ns, At safepoint: 21952 ns, Total: 647957 ns
[2023-07-16T16:21:08.487+0000][66][info ][safepoint   ] Safepoint "Cleanup", Time since last: 1003065296 ns, Reaching safepoint: 696745 ns, At safepoint: 23744 ns, Total: 720489 ns
[2023-07-16T16:21:11.425+0000][66][info ][safepoint   ] Safepoint "Cleanup", Time since last: 2938045689 ns, Reaching safepoint: 165960 ns, At safepoint: 29146 ns, Total: 195106 ns
[2023-07-16T16:21:12.556+0000][66][info ][safepoint   ] Safepoint "Cleanup", Time since last: 1131171105 ns, Reaching safepoint: 267783 ns, At safepoint: 12920 ns, Total: 280703 ns
[2023-07-16T16:21:17.950+0000][66][info ][safepoint   ] Safepoint "Cleanup", Time since last: 5393955301 ns, Reaching safepoint: 162222 ns, At safepoint: 26392 ns, Total: 188614 ns
[2023-07-16T16:21:21.768+0000][66][info ][safepoint   ] Safepoint "Cleanup", Time since last: 3817326527 ns, Reaching safepoint: 514013 ns, At safepoint: 51156 ns, Total: 565169 ns
[2023-07-16T16:21:27.330+0000][66][info ][safepoint   ] Safepoint "Cleanup", Time since last: 5442551806 ns, Reaching safepoint: 90440647 ns, At safepoint: 29558462 ns, Total: 119999109 ns
[2023-07-16T16:21:29.513+0000][66][info ][safepoint   ] Safepoint "Cleanup", Time since last: 2181671834 ns, Reaching safepoint: 893806 ns, At safepoint: 55082 ns, Total: 948888 ns
[2023-07-16T16:21:32.644+0000][66][info ][safepoint   ] Safepoint "Cleanup", Time since last: 3131195442 ns, Reaching safepoint: 114944 ns, At safepoint: 31859 ns, Total: 146803 ns
[2023-07-16T16:21:33.716+0000][66][info ][safepoint   ] Safepoint "Cleanup", Time since last: 1071224936 ns, Reaching safepoint: 373392 ns, At safepoint: 80193 ns, Total: 453585 ns
[2023-07-16T16:21:35.212+0000][66][info ][safepoint   ] Safepoint "Cleanup", Time since last: 1495566011 ns, Reaching safepoint: 171274 ns, At safepoint: 27552 ns, Total: 198826 ns
[2023-07-16T16:21:49.136+0000][66][info ][safepoint   ] Safepoint "Cleanup", Time since last: 13924347433 ns, Reaching safepoint: 483608 ns, At safepoint: 43682 ns, Total: 527290 ns
[2023-07-16T16:21:51.016+0000][66][info ][safepoint   ] Safepoint "Cleanup", Time since last: 1879542062 ns, Reaching safepoint: 413141 ns, At safepoint: 7292 ns, Total: 420433 ns
[2023-07-17T03:34:49.868+0000][66][info ][safepoint   ] Safepoint "Cleanup", Time since last: 2210701898 ns, Reaching safepoint: 274903 ns, At safepoint: 41034 ns, Total: 315937 ns
[2023-07-17T03:34:51.612+0000][66][info ][safepoint   ] Safepoint "Cleanup", Time since last: 1743212486 ns, Reaching safepoint: 144059 ns, At safepoint: 26195 ns, Total: 170254 ns
[2023-07-17T03:34:52.618+0000][66][info ][safepoint   ] Safepoint "Cleanup", Time since last: 1005496834 ns, Reaching safepoint: 172198 ns, At safepoint: 36881 ns, Total: 209079 ns
[2023-07-17T03:34:54.924+0000][66][info ][safepoint   ] Safepoint "Cleanup", Time since last: 2304698977 ns, Reaching safepoint: 1203694 ns, At safepoint: 144664 ns, Total: 1348358 ns
[2023-07-17T03:34:56.225+0000][66][info ][safepoint   ] Safepoint "Cleanup", Time since last: 1301729864 ns, Reaching safepoint: 126352 ns, At safepoint: 46234 ns, Total: 172586 ns
[2023-07-17T03:34:58.228+0000][66][info ][safepoint   ] Safepoint "Cleanup", Time since last: 2002641059 ns, Reaching safepoint: 348560 ns, At safepoint: 6710 ns, Total: 355270 ns
[2023-07-17T03:34:59.231+0000][66][info ][safepoint   ] Safepoint "Cleanup", Time since last: 1002470471 ns, Reaching safepoint: 400081 ns, At safepoint: 5825 ns, Total: 405906 ns
[2023-07-17T03:35:01.735+0000][66][info ][safepoint   ] Safepoint "Cleanup", Time since last: 2503761950 ns, Reaching safepoint: 119705 ns, At safepoint: 4878 ns, Total: 124583 ns
[2023-07-17T03:35:06.692+0000][66][info ][safepoint   ] Safepoint "Cleanup", Time since last: 4956305450 ns, Reaching safepoint: 422758 ns, At safepoint: 65696 ns, Total: 488454 ns
[2023-07-17T03:35:08.049+0000][66][info ][safepoint   ] Safepoint "Cleanup", Time since last: 1356448840 ns, Reaching safepoint: 248447 ns, At safepoint: 37638 ns, Total: 286085 ns
[2023-07-17T03:35:12.923+0000][66][info ][safepoint   ] Safepoint "Cleanup", Time since last: 4874065199 ns, Reaching safepoint: 179357 ns, At safepoint: 27585 ns, Total: 206942 ns
[2023-07-17T03:35:14.438+0000][66][info ][safepoint   ] Safepoint "Cleanup", Time since last: 1514925437 ns, Reaching safepoint: 246460 ns, At safepoint: 6523 ns, Total: 252983 ns
[2023-07-17T03:35:15.449+0000][66][info ][safepoint   ] Safepoint "Cleanup", Time since last: 1010453485 ns, Reaching safepoint: 381439 ns, At safepoint: 13597 ns, Total: 395036 ns
[2023-07-17T03:35:19.683+0000][66][info ][safepoint   ] Safepoint "Cleanup", Time since last: 3152341858 ns, Reaching safepoint: 340008 ns, At safepoint: 41512 ns, Total: 381520 ns
[2023-07-17T03:35:20.794+0000][66][info ][safepoint   ] Safepoint "Cleanup", Time since last: 1110526610 ns, Reaching safepoint: 126458 ns, At safepoint: 52242 ns, Total: 178700 ns
[2023-07-17T03:35:25.868+0000][66][info ][safepoint   ] Safepoint "Cleanup", Time since last: 5073908746 ns, Reaching safepoint: 281100 ns, At safepoint: 37253 ns, Total: 318353 ns
[2023-07-17T03:35:31.710+0000][66][info ][safepoint   ] Safepoint "Cleanup", Time since last: 5841933589 ns, Reaching safepoint: 131382 ns, At safepoint: 34450 ns, Total: 165832 ns
[2023-07-17T03:35:33.523+0000][66][info ][safepoint   ] Safepoint "Cleanup", Time since last: 1811535092 ns, Reaching safepoint: 525597 ns, At safepoint: 12454 ns, Total: 538051 ns
[2023-07-17T03:35:40.797+0000][66][info ][safepoint   ] Safepoint "Cleanup", Time since last: 7274516365 ns, Reaching safepoint: 208051 ns, At safepoint: 3259 ns, Total: 211310 ns
[2023-07-17T03:35:45.268+0000][66][info ][safepoint   ] Safepoint "Cleanup", Time since last: 4470342331 ns, Reaching safepoint: 173126 ns, At safepoint: 2394 ns, Total: 175520 ns
[2023-07-17T03:35:47.183+0000][66][info ][safepoint   ] Safepoint "Cleanup", Time since last: 1914322676 ns, Reaching safepoint: 847239 ns, At safepoint: 15946 ns, Total: 863185 ns
[2023-07-17T03:35:48.185+0000][66][info ][safepoint   ] Safepoint "Cleanup", Time since last: 1002255295 ns, Reaching safepoint: 174849 ns, At safepoint: 3609 ns, Total: 178458 ns
[2023-07-17T03:35:49.701+0000][66][info ][safepoint   ] Safepoint "Cleanup", Time since last: 1515157324 ns, Reaching safepoint: 151353 ns, At safepoint: 28534 ns, Total: 179887 ns
[2023-07-17T03:35:51.421+0000][66][info ][safepoint   ] Safepoint "Cleanup", Time since last: 1720402131 ns, Reaching safepoint: 400583 ns, At safepoint: 16913 ns, Total: 417496 ns
[2023-07-17T03:35:55.770+0000][66][info ][safepoint   ] Safepoint "Cleanup", Time since last: 4347979373 ns, Reaching safepoint: 217091 ns, At safepoint: 38103 ns, Total: 255194 ns
[2023-07-17T03:35:56.783+0000][66][info ][safepoint   ] Safepoint "Cleanup", Time since last: 1012898837 ns, Reaching safepoint: 167686 ns, At safepoint: 11449 ns, Total: 179135 ns
[2023-07-17T03:36:00.825+0000][66][info ][safepoint   ] Safepoint "Cleanup", Time since last: 4042528276 ns, Reaching safepoint: 161970 ns, At safepoint: 4138 ns, Total: 166108 ns
[2023-07-17T03:36:01.846+0000][66][info ][safepoint   ] Safepoint "Cleanup", Time since last: 1020778152 ns, Reaching safepoint: 193049 ns, At safepoint: 27506 ns, Total: 220555 ns
[2023-07-17T03:36:03.125+0000][66][info ][safepoint   ] Safepoint "Cleanup", Time since last: 1278469274 ns, Reaching safepoint: 353464 ns, At safepoint: 7886 ns, Total: 361350 ns
[2023-07-17T03:36:14.747+0000][66][info ][safepoint   ] Safepoint "Cleanup", Time since last: 11621524920 ns, Reaching safepoint: 356042 ns, At safepoint: 7003 ns, Total: 363045 ns
[2023-07-17T03:36:19.513+0000][66][info ][safepoint   ] Safepoint "Cleanup", Time since last: 4766190256 ns, Reaching safepoint: 314387 ns, At safepoint: 66529 ns, Total: 380916 ns
[2023-07-17T03:36:21.223+0000][66][info ][safepoint   ] Safepoint "Cleanup", Time since last: 1709392324 ns, Reaching safepoint: 517741 ns, At safepoint: 10345 ns, Total: 528086 ns
[2023-07-17T03:36:22.512+0000][66][info ][safepoint   ] Safepoint "Cleanup", Time since last: 1288668100 ns, Reaching safepoint: 260805 ns, At safepoint: 5724 ns, Total: 266529 ns
[2023-07-17T03:36:26.766+0000][66][info ][safepoint   ] Safepoint "Cleanup", Time since last: 4253265098 ns, Reaching safepoint: 546088 ns, At safepoint: 11042 ns, Total: 557130 ns
[2023-07-17T03:36:31.009+0000][66][info ][safepoint   ] Safepoint "Cleanup", Time since last: 4241901392 ns, Reaching safepoint: 578877 ns, At safepoint: 11703 ns, Total: 590580 ns
[2023-07-17T03:36:32.217+0000][66][info ][safepoint   ] Safepoint "Cleanup", Time since last: 1208207928 ns, Reaching safepoint: 236877 ns, At safepoint: 37961 ns, Total: 274838 ns
[2023-07-17T03:36:33.390+0000][66][info ][safepoint   ] Safepoint "Cleanup", Time since last: 1172726635 ns, Reaching safepoint: 49659 ns, At safepoint: 2598 ns, Total: 52257 ns
[2023-07-17T03:36:40.828+0000][66][info ][safepoint   ] Safepoint "Cleanup", Time since last: 7437614308 ns, Reaching safepoint: 205512 ns, At safepoint: 3437 ns, Total: 208949 ns
[2023-07-17T03:36:42.830+0000][66][info ][safepoint   ] Safepoint "Cleanup", Time since last: 2001701352 ns, Reaching safepoint: 440025 ns, At safepoint: 13819 ns, Total: 453844 ns
[2023-07-17T03:36:43.894+0000][66][info ][safepoint   ] Safepoint "Cleanup", Time since last: 1064372165 ns, Reaching safepoint: 206506 ns, At safepoint: 5005 ns, Total: 211511 ns
[2023-07-17T03:36:47.604+0000][66][info ][safepoint   ] Safepoint "Cleanup", Time since last: 3709274871 ns, Reaching safepoint: 646244 ns, At safepoint: 23007 ns, Total: 669251 ns
[2023-07-17T03:36:53.495+0000][66][info ][safepoint   ] Safepoint "Cleanup", Time since last: 5889999600 ns, Reaching safepoint: 412205 ns, At safepoint: 7235 ns, Total: 419440 ns
[2023-07-17T03:37:05.377+0000][66][info ][safepoint   ] Safepoint "Cleanup", Time since last: 11881745617 ns, Reaching safepoint: 323621 ns, At safepoint: 7826 ns, Total: 331447 ns
[2023-07-17T03:37:07.695+0000][66][info ][safepoint   ] Safepoint "Cleanup", Time since last: 2317392390 ns, Reaching safepoint: 175067 ns, At safepoint: 81157 ns, Total: 256224 ns
[2023-07-17T03:37:14.794+0000][66][info ][safepoint   ] Safepoint "Cleanup", Time since last: 7098859355 ns, Reaching safepoint: 85372 ns, At safepoint: 46479 ns, Total: 131851 ns
[2023-07-17T03:37:19.715+0000][66][info ][safepoint   ] Safepoint "Cleanup", Time since last: 4918790029 ns, Reaching safepoint: 454866 ns, At safepoint: 43436 ns, Total: 498302 ns
[2023-07-17T03:37:21.113+0000][66][info ][safepoint   ] Safepoint "Cleanup", Time since last: 1398216704 ns, Reaching safepoint: 312832 ns, At safepoint: 7790 ns, Total: 320622 ns
[2023-07-17T03:37:50.780+0000][66][info ][safepoint   ] Safepoint "Cleanup", Time since last: 29728243585 ns, Reaching safepoint: 1166257 ns, At safepoint: 29697 ns, Total: 1195954 ns
[2023-07-17T03:37:55.652+0000][66][info ][safepoint   ] Safepoint "Cleanup", Time since last: 4872251209 ns, Reaching safepoint: 192015 ns, At safepoint: 29291 ns, Total: 221306 ns
[2023-07-17T03:37:57.422+0000][66][info ][safepoint   ] Safepoint "Cleanup", Time since last: 1769075875 ns, Reaching safepoint: 936809 ns, At safepoint: 24736 ns, Total: 961545 ns
[2023-07-17T03:56:53.007+0000][66][info ][safepoint   ] Safepoint "Cleanup", Time since last: 1135534049751 ns, Reaching safepoint: 387309 ns, At safepoint: 52560 ns, Total: 439869 ns
[2023-07-17T03:56:54.714+0000][66][info ][safepoint   ] Safepoint "Cleanup", Time since last: 1706803101 ns, Reaching safepoint: 146064 ns, At safepoint: 4746 ns, Total: 150810 ns
[2023-07-17T03:56:55.883+0000][66][info ][safepoint   ] Safepoint "Cleanup", Time since last: 1168404951 ns, Reaching safepoint: 701494 ns, At safepoint: 25227 ns, Total: 726721 ns
[2023-07-17T03:56:57.588+0000][66][info ][safepoint   ] Safepoint "Cleanup", Time since last: 1704697954 ns, Reaching safepoint: 81692 ns, At safepoint: 37995 ns, Total: 119687 ns
[2023-07-17T03:56:58.755+0000][66][info ][safepoint   ] Safepoint "Cleanup", Time since last: 1167078702 ns, Reaching safepoint: 183102 ns, At safepoint: 43127 ns, Total: 226229 ns
[2023-07-17T05:45:07.796+0000][66][info ][safepoint   ] Safepoint "Cleanup", Time since last: 6489062700775 ns, Reaching safepoint: 9185090 ns, At safepoint: 1293755 ns, Total: 10478845 ns
[2023-07-17T05:45:09.367+0000][66][info ][safepoint   ] Safepoint "Cleanup", Time since last: 1570608107 ns, Reaching safepoint: 104973 ns, At safepoint: 4966 ns, Total: 109939 ns
[2023-07-17T05:45:10.679+0000][66][info ][safepoint   ] Safepoint "Cleanup", Time since last: 1312101365 ns, Reaching safepoint: 168887 ns, At safepoint: 29817 ns, Total: 198704 ns
[2023-07-17T05:45:11.940+0000][66][info ][safepoint   ] Safepoint "Cleanup", Time since last: 1261122024 ns, Reaching safepoint: 229449 ns, At safepoint: 36538 ns, Total: 265987 ns
[2023-07-17T05:45:13.094+0000][66][info ][safepoint   ] Safepoint "Cleanup", Time since last: 1153008000 ns, Reaching safepoint: 206832 ns, At safepoint: 30707 ns, Total: 237539 ns
[2023-07-17T05:45:14.278+0000][66][info ][safepoint   ] Safepoint "Cleanup", Time since last: 1184551153 ns, Reaching safepoint: 235824 ns, At safepoint: 32442 ns, Total: 268266 ns
[2023-07-17T05:45:16.591+0000][66][info ][safepoint   ] Safepoint "Cleanup", Time since last: 2311717982 ns, Reaching safepoint: 451502 ns, At safepoint: 8333 ns, Total: 459835 ns
[2023-07-17T05:45:17.593+0000][66][info ][safepoint   ] Safepoint "Cleanup", Time since last: 1002406544 ns, Reaching safepoint: 340982 ns, At safepoint: 6058 ns, Total: 347040 ns
[2023-07-17T05:45:20.734+0000][66][info ][safepoint   ] Safepoint "Cleanup", Time since last: 3140390794 ns, Reaching safepoint: 129288 ns, At safepoint: 9690 ns, Total: 138978 ns
[2023-07-17T05:45:22.841+0000][66][info ][safepoint   ] Safepoint "Cleanup", Time since last: 2106458515 ns, Reaching safepoint: 324821 ns, At safepoint: 15398 ns, Total: 340219 ns
[2023-07-17T05:45:28.124+0000][66][info ][safepoint   ] Safepoint "Cleanup", Time since last: 5283204330 ns, Reaching safepoint: 394472 ns, At safepoint: 180090 ns, Total: 574562 ns
[2023-07-17T05:45:28.334+0000][66][info ][safepoint   ] Safepoint "ICBufferFull", Time since last: 209153643 ns, Reaching safepoint: 591809 ns, At safepoint: 227961 ns, Total: 819770 ns
[2023-07-17T05:45:29.337+0000][66][info ][safepoint   ] Safepoint "Cleanup", Time since last: 1002403766 ns, Reaching safepoint: 414435 ns, At safepoint: 167537 ns, Total: 581972 ns
[2023-07-17T05:45:30.597+0000][66][info ][safepoint   ] Safepoint "Cleanup", Time since last: 1259536704 ns, Reaching safepoint: 180065 ns, At safepoint: 33297 ns, Total: 213362 ns
[2023-07-17T05:45:31.603+0000][66][info ][safepoint   ] Safepoint "Cleanup", Time since last: 1005839151 ns, Reaching safepoint: 349272 ns, At safepoint: 16834 ns, Total: 366106 ns
[2023-07-17T05:45:32.365+0000][66][info ][safepoint   ] Safepoint "ICBufferFull", Time since last: 760821399 ns, Reaching safepoint: 440232 ns, At safepoint: 13303 ns, Total: 453535 ns
[2023-07-17T05:45:34.099+0000][66][info ][safepoint   ] Safepoint "Cleanup", Time since last: 1734241943 ns, Reaching safepoint: 240698 ns, At safepoint: 34983 ns, Total: 275681 ns
[2023-07-17T05:45:35.121+0000][66][info ][safepoint   ] Safepoint "Cleanup", Time since last: 1021459101 ns, Reaching safepoint: 384336 ns, At safepoint: 17052 ns, Total: 401388 ns
[2023-07-17T05:45:36.124+0000][66][info ][safepoint   ] Safepoint "Cleanup", Time since last: 1002650315 ns, Reaching safepoint: 196923 ns, At safepoint: 9237 ns, Total: 206160 ns
[2023-07-17T05:45:37.727+0000][66][info ][safepoint   ] Safepoint "Cleanup", Time since last: 1556843378 ns, Reaching safepoint: 224812 ns, At safepoint: 30886 ns, Total: 255698 ns
[2023-07-17T05:45:38.411+0000][66][info ][safepoint   ] Safepoint "ICBufferFull", Time since last: 682676584 ns, Reaching safepoint: 360146 ns, At safepoint: 72080 ns, Total: 432226 ns
[2023-07-17T05:45:39.666+0000][66][info ][safepoint   ] Safepoint "Cleanup", Time since last: 1254690563 ns, Reaching safepoint: 323234 ns, At safepoint: 11919 ns, Total: 335153 ns
[2023-07-17T05:45:40.668+0000][66][info ][safepoint   ] Safepoint "Cleanup", Time since last: 1001907527 ns, Reaching safepoint: 299154 ns, At safepoint: 6569 ns, Total: 305723 ns
[2023-07-17T05:45:43.670+0000][66][info ][safepoint   ] Safepoint "Cleanup", Time since last: 3002181814 ns, Reaching safepoint: 222868 ns, At safepoint: 36815 ns, Total: 259683 ns
[2023-07-17T05:45:44.684+0000][66][info ][safepoint   ] Safepoint "Cleanup", Time since last: 1013165639 ns, Reaching safepoint: 251721 ns, At safepoint: 51708 ns, Total: 303429 ns
[2023-07-17T05:45:49.718+0000][66][info ][safepoint   ] Safepoint "Cleanup", Time since last: 5033798514 ns, Reaching safepoint: 248889 ns, At safepoint: 37865 ns, Total: 286754 ns
[2023-07-17T05:45:53.072+0000][66][info ][safepoint   ] Safepoint "Cleanup", Time since last: 3353631255 ns, Reaching safepoint: 246147 ns, At safepoint: 11457 ns, Total: 257604 ns
[2023-07-17T05:45:55.931+0000][66][info ][safepoint   ] Safepoint "Cleanup", Time since last: 2859194073 ns, Reaching safepoint: 162197 ns, At safepoint: 3986 ns, Total: 166183 ns
[2023-07-17T05:45:57.453+0000][66][info ][safepoint   ] Safepoint "Cleanup", Time since last: 1521216171 ns, Reaching safepoint: 300616 ns, At safepoint: 50063 ns, Total: 350679 ns
[2023-07-17T05:45:59.464+0000][66][info ][safepoint   ] Safepoint "Cleanup", Time since last: 2010210670 ns, Reaching safepoint: 710353 ns, At safepoint: 24740 ns, Total: 735093 ns
[2023-07-17T05:46:00.468+0000][66][info ][safepoint   ] Safepoint "Cleanup", Time since last: 1003678491 ns, Reaching safepoint: 297667 ns, At safepoint: 5298 ns, Total: 302965 ns
[2023-07-17T05:46:01.744+0000][66][info ][safepoint   ] Safepoint "Cleanup", Time since last: 1275861649 ns, Reaching safepoint: 254598 ns, At safepoint: 39783 ns, Total: 294381 ns
[2023-07-17T05:46:02.745+0000][66][info ][safepoint   ] Safepoint "Cleanup", Time since last: 1001240200 ns, Reaching safepoint: 208122 ns, At safepoint: 37507 ns, Total: 245629 ns
[2023-07-17T05:46:04.077+0000][66][info ][safepoint   ] Safepoint "Cleanup", Time since last: 1331763379 ns, Reaching safepoint: 151870 ns, At safepoint: 27864 ns, Total: 179734 ns
[2023-07-17T05:46:07.711+0000][66][info ][safepoint   ] Safepoint "Cleanup", Time since last: 3640425617 ns, Reaching safepoint: 103274 ns, At safepoint: 37043 ns, Total: 140317 ns
[2023-07-17T05:46:08.857+0000][66][info ][safepoint   ] Safepoint "Cleanup", Time since last: 1145078165 ns, Reaching safepoint: 307312 ns, At safepoint: 18122 ns, Total: 325434 ns
[2023-07-17T05:46:10.338+0000][66][info ][safepoint   ] Safepoint "Cleanup", Time since last: 1481201525 ns, Reaching safepoint: 299064 ns, At safepoint: 13718 ns, Total: 312782 ns
[2023-07-17T05:46:11.353+0000][66][info ][safepoint   ] Safepoint "Cleanup", Time since last: 1014819564 ns, Reaching safepoint: 621209 ns, At safepoint: 12068 ns, Total: 633277 ns
[2023-07-17T05:46:13.357+0000][66][info ][safepoint   ] Safepoint "Cleanup", Time since last: 2002930249 ns, Reaching safepoint: 339670 ns, At safepoint: 6948 ns, Total: 346618 ns
[2023-07-17T05:46:25.730+0000][66][info ][safepoint   ] Safepoint "Cleanup", Time since last: 12373368606 ns, Reaching safepoint: 221553 ns, At safepoint: 53869 ns, Total: 275422 ns
[2023-07-17T05:46:27.343+0000][66][info ][safepoint   ] Safepoint "Cleanup", Time since last: 1611969477 ns, Reaching safepoint: 397695 ns, At safepoint: 17342 ns, Total: 415037 ns
[2023-07-17T05:46:28.346+0000][66][info ][safepoint   ] Safepoint "Cleanup", Time since last: 1002309586 ns, Reaching safepoint: 642562 ns, At safepoint: 90688 ns, Total: 733250 ns
[2023-07-17T05:46:31.730+0000][66][info ][safepoint   ] Safepoint "Cleanup", Time since last: 3384411867 ns, Reaching safepoint: 192892 ns, At safepoint: 5479 ns, Total: 198371 ns
[2023-07-17T05:46:38.846+0000][66][info ][safepoint   ] Safepoint "Cleanup", Time since last: 7116517803 ns, Reaching safepoint: 337510 ns, At safepoint: 53163 ns, Total: 390673 ns
[2023-07-17T05:46:40.907+0000][66][info ][safepoint   ] Safepoint "Cleanup", Time since last: 2060262104 ns, Reaching safepoint: 380636 ns, At safepoint: 11327 ns, Total: 391963 ns
[2023-07-17T05:46:44.150+0000][66][info ][safepoint   ] Safepoint "Cleanup", Time since last: 3242088062 ns, Reaching safepoint: 255652 ns, At safepoint: 51865 ns, Total: 307517 ns
[2023-07-17T05:46:47.502+0000][66][info ][safepoint   ] Safepoint "Cleanup", Time since last: 3352491209 ns, Reaching safepoint: 206752 ns, At safepoint: 4126 ns, Total: 210878 ns
[2023-07-17T05:46:49.734+0000][66][info ][safepoint   ] Safepoint "Cleanup", Time since last: 2231203698 ns, Reaching safepoint: 174171 ns, At safepoint: 41964 ns, Total: 216135 ns
[2023-07-17T05:47:03.360+0000][66][info ][safepoint   ] Safepoint "Cleanup", Time since last: 13625496298 ns, Reaching safepoint: 837450 ns, At safepoint: 66744 ns, Total: 904194 ns
[2023-07-17T05:47:07.729+0000][66][info ][safepoint   ] Safepoint "Cleanup", Time since last: 4367976878 ns, Reaching safepoint: 204297 ns, At safepoint: 28744 ns, Total: 233041 ns
[2023-07-17T05:47:09.636+0000][66][info ][safepoint   ] Safepoint "Cleanup", Time since last: 1906592322 ns, Reaching safepoint: 841218 ns, At safepoint: 23106 ns, Total: 864324 ns
[2023-07-17T05:47:13.640+0000][66][info ][safepoint   ] Safepoint "Cleanup", Time since last: 4003248818 ns, Reaching safepoint: 212887 ns, At safepoint: 4297 ns, Total: 217184 ns
[2023-07-17T05:47:14.841+0000][66][info ][safepoint   ] Safepoint "Cleanup", Time since last: 1201218501 ns, Reaching safepoint: 201965 ns, At safepoint: 31437 ns, Total: 233402 ns
[2023-07-17T05:47:21.287+0000][66][info ][safepoint   ] Safepoint "Cleanup", Time since last: 6444944632 ns, Reaching safepoint: 530747 ns, At safepoint: 25654 ns, Total: 556401 ns
[2023-07-17T05:47:25.737+0000][66][info ][safepoint   ] Safepoint "Cleanup", Time since last: 4450234384 ns, Reaching safepoint: 252811 ns, At safepoint: 39499 ns, Total: 292310 ns
[2023-07-17T05:47:27.051+0000][66][info ][safepoint   ] Safepoint "Cleanup", Time since last: 1313156680 ns, Reaching safepoint: 191159 ns, At safepoint: 32623 ns, Total: 223782 ns
[2023-07-17T05:47:31.759+0000][66][info ][safepoint   ] Safepoint "Cleanup", Time since last: 4707769117 ns, Reaching safepoint: 222497 ns, At safepoint: 49204 ns, Total: 271701 ns
[2023-07-17T05:47:32.766+0000][66][info ][safepoint   ] Safepoint "Cleanup", Time since last: 1007384527 ns, Reaching safepoint: 198573 ns, At safepoint: 28202 ns, Total: 226775 ns
[2023-07-17T05:47:33.826+0000][66][info ][safepoint   ] Safepoint "Cleanup", Time since last: 1059161093 ns, Reaching safepoint: 220958 ns, At safepoint: 11800 ns, Total: 232758 ns
[2023-07-17T05:47:35.325+0000][66][info ][safepoint   ] Safepoint "Cleanup", Time since last: 1498915048 ns, Reaching safepoint: 667586 ns, At safepoint: 13204 ns, Total: 680790 ns
[2023-07-17T05:47:43.754+0000][66][info ][safepoint   ] Safepoint "Cleanup", Time since last: 8428047469 ns, Reaching safepoint: 191293 ns, At safepoint: 29310 ns, Total: 220603 ns
[2023-07-17T05:47:45.473+0000][66][info ][safepoint   ] Safepoint "Cleanup", Time since last: 1718834861 ns, Reaching safepoint: 438937 ns, At safepoint: 10677 ns, Total: 449614 ns
[2023-07-17T05:47:49.741+0000][66][info ][safepoint   ] Safepoint "Cleanup", Time since last: 4268219216 ns, Reaching safepoint: 170503 ns, At safepoint: 30157 ns, Total: 200660 ns
[2023-07-17T05:47:51.698+0000][66][info ][safepoint   ] Safepoint "Cleanup", Time since last: 1956018372 ns, Reaching safepoint: 522407 ns, At safepoint: 9730 ns, Total: 532137 ns
[2023-07-17T05:47:55.702+0000][66][info ][safepoint   ] Safepoint "Cleanup", Time since last: 4003539716 ns, Reaching safepoint: 79143 ns, At safepoint: 9161 ns, Total: 88304 ns
[2023-07-17T05:47:56.866+0000][66][info ][safepoint   ] Safepoint "Cleanup", Time since last: 1164549908 ns, Reaching safepoint: 235777 ns, At safepoint: 5677 ns, Total: 241454 ns
[2023-07-17T05:47:57.950+0000][66][info ][safepoint   ] Safepoint "Cleanup", Time since last: 1082638454 ns, Reaching safepoint: 702026 ns, At safepoint: 17551 ns, Total: 719577 ns
[2023-07-17T05:48:07.179+0000][66][info ][safepoint   ] Safepoint "Cleanup", Time since last: 9229200507 ns, Reaching safepoint: 310694 ns, At safepoint: 32508 ns, Total: 343202 ns
[2023-07-17T05:48:08.429+0000][66][info ][safepoint   ] Safepoint "Cleanup", Time since last: 1249071881 ns, Reaching safepoint: 223301 ns, At safepoint: 28508 ns, Total: 251809 ns
[2023-07-17T05:48:09.597+0000][66][info ][safepoint   ] Safepoint "Cleanup", Time since last: 1168179537 ns, Reaching safepoint: 234985 ns, At safepoint: 54659 ns, Total: 289644 ns
[2023-07-17T05:48:12.792+0000][66][info ][safepoint   ] Safepoint "Cleanup", Time since last: 3194473092 ns, Reaching safepoint: 233562 ns, At safepoint: 37116 ns, Total: 270678 ns
[2023-07-17T05:48:13.794+0000][66][info ][safepoint   ] Safepoint "Cleanup", Time since last: 1001293364 ns, Reaching safepoint: 224855 ns, At safepoint: 31242 ns, Total: 256097 ns
[2023-07-17T05:48:14.796+0000][66][info ][safepoint   ] Safepoint "Cleanup", Time since last: 1001885394 ns, Reaching safepoint: 89438 ns, At safepoint: 3501 ns, Total: 92939 ns
[2023-07-17T05:48:19.741+0000][66][info ][safepoint   ] Safepoint "Cleanup", Time since last: 4945405128 ns, Reaching safepoint: 143035 ns, At safepoint: 40840 ns, Total: 183875 ns
[2023-07-17T05:48:28.355+0000][66][info ][safepoint   ] Safepoint "Cleanup", Time since last: 8613373690 ns, Reaching safepoint: 450091 ns, At safepoint: 12225 ns, Total: 462316 ns
[2023-07-17T05:48:32.574+0000][66][info ][safepoint   ] Safepoint "Cleanup", Time since last: 4218246676 ns, Reaching safepoint: 198009 ns, At safepoint: 28696 ns, Total: 226705 ns
[2023-07-17T05:48:37.633+0000][66][info ][safepoint   ] Safepoint "Cleanup", Time since last: 5059384344 ns, Reaching safepoint: 105592 ns, At safepoint: 8938 ns, Total: 114530 ns
[2023-07-17T05:48:38.834+0000][66][info ][safepoint   ] Safepoint "Cleanup", Time since last: 1200439627 ns, Reaching safepoint: 261127 ns, At safepoint: 37619 ns, Total: 298746 ns
[2023-07-17T05:48:44.145+0000][66][info ][safepoint   ] Safepoint "Cleanup", Time since last: 5310268633 ns, Reaching safepoint: 277712 ns, At safepoint: 100702 ns, Total: 378414 ns
[2023-07-17T05:48:49.762+0000][66][info ][safepoint   ] Safepoint "Cleanup", Time since last: 5617119677 ns, Reaching safepoint: 184053 ns, At safepoint: 27899 ns, Total: 211952 ns
[2023-07-17T05:48:56.891+0000][66][info ][safepoint   ] Safepoint "Cleanup", Time since last: 7128319265 ns, Reaching safepoint: 132238 ns, At safepoint: 9897 ns, Total: 142135 ns
[2023-07-17T05:49:01.905+0000][66][info ][safepoint   ] Safepoint "Cleanup", Time since last: 5014250077 ns, Reaching safepoint: 254615 ns, At safepoint: 51369 ns, Total: 305984 ns
[2023-07-17T05:49:03.363+0000][66][info ][safepoint   ] Safepoint "Cleanup", Time since last: 1457059062 ns, Reaching safepoint: 670803 ns, At safepoint: 27615 ns, Total: 698418 ns
[2023-07-17T05:49:05.367+0000][66][info ][safepoint   ] Safepoint "Cleanup", Time since last: 2003094264 ns, Reaching safepoint: 520837 ns, At safepoint: 11605 ns, Total: 532442 ns
[2023-07-17T05:49:07.724+0000][66][info ][safepoint   ] Safepoint "Cleanup", Time since last: 2357409656 ns, Reaching safepoint: 97226 ns, At safepoint: 40577 ns, Total: 137803 ns
[2023-07-17T05:49:09.589+0000][66][info ][safepoint   ] Safepoint "Cleanup", Time since last: 1864353633 ns, Reaching safepoint: 747417 ns, At safepoint: 29008 ns, Total: 776425 ns
[2023-07-17T05:49:20.893+0000][66][info ][safepoint   ] Safepoint "Cleanup", Time since last: 11303032198 ns, Reaching safepoint: 525422 ns, At safepoint: 11898 ns, Total: 537320 ns
[2023-07-17T05:49:25.888+0000][66][info ][safepoint   ] Safepoint "Cleanup", Time since last: 4994314191 ns, Reaching safepoint: 165725 ns, At safepoint: 26700 ns, Total: 192425 ns
[2023-07-17T05:49:27.476+0000][66][info ][safepoint   ] Safepoint "Cleanup", Time since last: 1588721824 ns, Reaching safepoint: 53322 ns, At safepoint: 2590 ns, Total: 55912 ns
[2023-07-17T05:49:28.488+0000][66][info ][safepoint   ] Safepoint "Cleanup", Time since last: 1010916646 ns, Reaching safepoint: 577857 ns, At safepoint: 18942 ns, Total: 596799 ns
[2023-07-17T05:49:31.761+0000][66][info ][safepoint   ] Safepoint "Cleanup", Time since last: 3272628262 ns, Reaching safepoint: 71164 ns, At safepoint: 34727 ns, Total: 105891 ns
[2023-07-17T05:49:33.731+0000][66][info ][safepoint   ] Safepoint "Cleanup", Time since last: 1970095143 ns, Reaching safepoint: 270919 ns, At safepoint: 10930 ns, Total: 281849 ns
[2023-07-17T05:49:34.734+0000][66][info ][safepoint   ] Safepoint "Cleanup", Time since last: 1002151161 ns, Reaching safepoint: 529605 ns, At safepoint: 10270 ns, Total: 539875 ns
[2023-07-17T05:49:37.739+0000][66][info ][safepoint   ] Safepoint "Cleanup", Time since last: 3004497226 ns, Reaching safepoint: 506704 ns, At safepoint: 52724 ns, Total: 559428 ns
[2023-07-17T05:49:38.935+0000][66][info ][safepoint   ] Safepoint "Cleanup", Time since last: 1195549644 ns, Reaching safepoint: 163646 ns, At safepoint: 27584 ns, Total: 191230 ns
[2023-07-17T05:49:44.182+0000][66][info ][safepoint   ] Safepoint "Cleanup", Time since last: 5246649318 ns, Reaching safepoint: 76886 ns, At safepoint: 38679 ns, Total: 115565 ns
[2023-07-17T05:49:51.514+0000][66][info ][safepoint   ] Safepoint "Cleanup", Time since last: 7332103420 ns, Reaching safepoint: 242893 ns, At safepoint: 4504 ns, Total: 247397 ns
[2023-07-17T05:49:55.796+0000][66][info ][safepoint   ] Safepoint "Cleanup", Time since last: 4282178904 ns, Reaching safepoint: 163980 ns, At safepoint: 34815 ns, Total: 198795 ns
[2023-07-17T05:49:56.872+0000][66][info ][safepoint   ] Safepoint "Cleanup", Time since last: 1075037736 ns, Reaching safepoint: 240140 ns, At safepoint: 28659 ns, Total: 268799 ns
[2023-07-17T05:49:57.877+0000][66][info ][safepoint   ] Safepoint "Cleanup", Time since last: 1005563377 ns, Reaching safepoint: 287386 ns, At safepoint: 5281 ns, Total: 292667 ns
[2023-07-17T06:24:41.942+0000][66][info ][safepoint   ] Safepoint "Cleanup", Time since last: 2084009321350 ns, Reaching safepoint: 55681414 ns, At safepoint: 47005 ns, Total: 55728419 ns
[2023-07-17T06:24:42.982+0000][66][info ][safepoint   ] Safepoint "Cleanup", Time since last: 1009848984 ns, Reaching safepoint: 180714 ns, At safepoint: 17454 ns, Total: 198168 ns
[2023-07-17T06:24:43.986+0000][66][info ][safepoint   ] Safepoint "Cleanup", Time since last: 1003458765 ns, Reaching safepoint: 333573 ns, At safepoint: 11991 ns, Total: 345564 ns
[2023-07-17T06:24:52.155+0000][66][info ][safepoint   ] Safepoint "Cleanup", Time since last: 8168816538 ns, Reaching safepoint: 363970 ns, At safepoint: 35388 ns, Total: 399358 ns
[2023-07-17T06:24:53.527+0000][66][info ][safepoint   ] Safepoint "Cleanup", Time since last: 1371873376 ns, Reaching safepoint: 136552 ns, At safepoint: 55287 ns, Total: 191839 ns
[2023-07-17T06:25:05.245+0000][66][info ][safepoint   ] Safepoint "Cleanup", Time since last: 11716937651 ns, Reaching safepoint: 523566 ns, At safepoint: 10752 ns, Total: 534318 ns
[2023-07-17T06:25:07.937+0000][66][info ][safepoint   ] Safepoint "Cleanup", Time since last: 2691624448 ns, Reaching safepoint: 166961 ns, At safepoint: 37618 ns, Total: 204579 ns
[2023-07-17T06:25:09.625+0000][66][info ][safepoint   ] Safepoint "Cleanup", Time since last: 1687809804 ns, Reaching safepoint: 737590 ns, At safepoint: 18221 ns, Total: 755811 ns
[2023-07-17T06:25:12.050+0000][66][info ][safepoint   ] Safepoint "Cleanup", Time since last: 2531087095 ns, Reaching safepoint: 196765 ns, At safepoint: 34189 ns, Total: 230954 ns
[2023-07-17T06:25:13.749+0000][66][info ][safepoint   ] Safepoint "Cleanup", Time since last: 1699035857 ns, Reaching safepoint: 718981 ns, At safepoint: 40340 ns, Total: 759321 ns
[2023-07-17T06:25:22.047+0000][66][info ][safepoint   ] Safepoint "Cleanup", Time since last: 8296634009 ns, Reaching safepoint: 504869 ns, At safepoint: 16165 ns, Total: 521034 ns
[2023-07-17T06:25:30.037+0000][66][info ][safepoint   ] Safepoint "Cleanup", Time since last: 7990382450 ns, Reaching safepoint: 189637 ns, At safepoint: 59463 ns, Total: 249100 ns
[2023-07-17T06:25:31.586+0000][66][info ][safepoint   ] Safepoint "Cleanup", Time since last: 1548333102 ns, Reaching safepoint: 526997 ns, At safepoint: 11592 ns, Total: 538589 ns
[2023-07-17T06:25:33.591+0000][66][info ][safepoint   ] Safepoint "Cleanup", Time since last: 2003762446 ns, Reaching safepoint: 841105 ns, At safepoint: 33332 ns, Total: 874437 ns
[2023-07-17T06:25:37.415+0000][66][info ][safepoint   ] Safepoint "Cleanup", Time since last: 7182283662346 ns, Reaching safepoint: 212747 ns, At safepoint: 34301 ns, Total: 247048 ns
[2023-07-17T06:25:38.441+0000][66][info ][safepoint   ] Safepoint "Cleanup", Time since last: 1026337966 ns, Reaching safepoint: 219172 ns, At safepoint: 27726 ns, Total: 246898 ns
[2023-07-17T06:25:40.185+0000][66][info ][safepoint   ] Safepoint "Cleanup", Time since last: 1743297285 ns, Reaching safepoint: 367123 ns, At safepoint: 64252 ns, Total: 431375 ns
[2023-07-17T06:25:42.818+0000][66][info ][safepoint   ] Safepoint "Cleanup", Time since last: 2632895861 ns, Reaching safepoint: 71804 ns, At safepoint: 37269 ns, Total: 109073 ns
[2023-07-17T06:25:43.830+0000][66][info ][safepoint   ] Safepoint "Cleanup", Time since last: 1011719684 ns, Reaching safepoint: 140587 ns, At safepoint: 28212 ns, Total: 168799 ns
[2023-07-17T10:55:31.727+0000][66][info ][safepoint   ] Safepoint "Cleanup", Time since last: 1830998564928 ns, Reaching safepoint: 164534 ns, At safepoint: 27732 ns, Total: 192266 ns
[2023-07-17T10:55:33.018+0000][66][info ][safepoint   ] Safepoint "Cleanup", Time since last: 1290854455 ns, Reaching safepoint: 254089 ns, At safepoint: 12071 ns, Total: 266160 ns
[2023-07-17T10:55:34.376+0000][66][info ][safepoint   ] Safepoint "Cleanup", Time since last: 1357520476 ns, Reaching safepoint: 226929 ns, At safepoint: 47528 ns, Total: 274457 ns
[2023-07-17T10:55:39.298+0000][66][info ][safepoint   ] Safepoint "Cleanup", Time since last: 4921629934 ns, Reaching safepoint: 774444 ns, At safepoint: 46784 ns, Total: 821228 ns
[2023-07-17T10:55:43.379+0000][66][info ][safepoint   ] Safepoint "Cleanup", Time since last: 4078675221 ns, Reaching safepoint: 1811472 ns, At safepoint: 173995 ns, Total: 1985467 ns
[2023-07-17T10:55:49.797+0000][66][info ][safepoint   ] Safepoint "Cleanup", Time since last: 6416760555 ns, Reaching safepoint: 925937 ns, At safepoint: 40444 ns, Total: 966381 ns
[2023-07-17T10:55:52.820+0000][66][info ][safepoint   ] Safepoint "Cleanup", Time since last: 3022077632 ns, Reaching safepoint: 1172834 ns, At safepoint: 32994 ns, Total: 1205828 ns
[2023-07-17T10:55:55.855+0000][66][info ][safepoint   ] Safepoint "Cleanup", Time since last: 3034099147 ns, Reaching safepoint: 487574 ns, At safepoint: 357076 ns, Total: 844650 ns
[2023-07-17T10:55:57.698+0000][66][info ][safepoint   ] Safepoint "Cleanup", Time since last: 1842830544 ns, Reaching safepoint: 535631 ns, At safepoint: 152653 ns, Total: 688284 ns
[2023-07-17T10:55:58.726+0000][66][info ][safepoint   ] Safepoint "Cleanup", Time since last: 1026882999 ns, Reaching safepoint: 308812 ns, At safepoint: 443436 ns, Total: 752248 ns
[2023-07-17T10:56:00.602+0000][66][info ][safepoint   ] Safepoint "Cleanup", Time since last: 1875318203 ns, Reaching safepoint: 1021078 ns, At safepoint: 35225 ns, Total: 1056303 ns
[2023-07-17T08:56:29.306+0000][66][info ][safepoint   ] Safepoint "Cleanup", Time since last: 7009187011 ns, Reaching safepoint: 888300 ns, At safepoint: 174129 ns, Total: 1062429 ns
[2023-07-17T08:56:32.880+0000][66][info ][safepoint   ] Safepoint "Cleanup", Time since last: 11605033331431 ns, Reaching safepoint: 274148 ns, At safepoint: 65430 ns, Total: 339578 ns
[2023-07-17T08:56:35.029+0000][66][info ][safepoint   ] Safepoint "Cleanup", Time since last: 2148789465 ns, Reaching safepoint: 126676 ns, At safepoint: 9116 ns, Total: 135792 ns
[2023-07-17T08:56:42.370+0000][66][info ][safepoint   ] Safepoint "Cleanup", Time since last: 7340298706 ns, Reaching safepoint: 653923 ns, At safepoint: 17647 ns, Total: 671570 ns
[2023-07-17T17:23:27.562+0000][66][info ][safepoint   ] Safepoint "Cleanup", Time since last: 7202251264032 ns, Reaching safepoint: 78865 ns, At safepoint: 3175 ns, Total: 82040 ns
[2023-07-17T17:23:27.810+0000][66][info ][gc,start    ] GC(15) Pause Young (Normal) (G1 Evacuation Pause)
[2023-07-17T17:23:27.811+0000][66][info ][gc,task     ] GC(15) Using 6 workers of 6 for evacuation
[2023-07-17T17:23:27.812+0000][66][debug][gc,age      ] GC(15) Desired survivor size 155189248 bytes, new threshold 15 (max threshold 15)
[2023-07-17T17:23:27.843+0000][66][info ][gc,phases   ] GC(15)   Pre Evacuate Collection Set: 1.6ms
[2023-07-17T17:23:27.844+0000][66][info ][gc,phases   ] GC(15)   Merge Heap Roots: 0.5ms
[2023-07-17T17:23:27.846+0000][66][info ][gc,phases   ] GC(15)   Evacuate Collection Set: 23.0ms
[2023-07-17T17:23:27.847+0000][66][info ][gc,phases   ] GC(15)   Post Evacuate Collection Set: 4.6ms
[2023-07-17T17:23:27.847+0000][66][info ][gc,phases   ] GC(15)   Other: 2.0ms
[2023-07-17T17:23:27.848+0000][66][trace][gc,age      ] GC(15) Age table with threshold 15 (max threshold 15)
[2023-07-17T17:23:27.849+0000][66][trace][gc,age      ] GC(15) - age   1:    5413104 bytes,    5413104 total
[2023-07-17T17:23:27.849+0000][66][trace][gc,age      ] GC(15) - age   2:      23752 bytes,    5436856 total
[2023-07-17T17:23:27.850+0000][66][trace][gc,age      ] GC(15) - age   3:     490144 bytes,    5927000 total
[2023-07-17T17:23:27.851+0000][66][trace][gc,age      ] GC(15) - age   4:     477984 bytes,    6404984 total
[2023-07-17T17:23:27.852+0000][66][info ][gc,heap     ] GC(15) Eden regions: 587->0(587)
[2023-07-17T17:23:27.853+0000][66][info ][gc,heap     ] GC(15) Survivor regions: 2->2(74)
[2023-07-17T17:23:27.853+0000][66][info ][gc,heap     ] GC(15) Old regions: 25->25
[2023-07-17T17:23:27.854+0000][66][info ][gc,heap     ] GC(15) Archive regions: 2->2
[2023-07-17T17:23:27.855+0000][66][info ][gc,heap     ] GC(15) Humongous regions: 0->0
[2023-07-17T17:23:27.855+0000][66][info ][gc,metaspace] GC(15) Metaspace: 139912K(143360K)->139912K(143360K) NonClass: 121712K(123456K)->121712K(123456K) Class: 18200K(19904K)->18200K(19904K)
[2023-07-17T17:23:27.856+0000][66][info ][gc          ] GC(15) Pause Young (Normal) (G1 Evacuation Pause) 2455M->107M(3932M) 46.072ms
[2023-07-17T17:23:27.857+0000][66][info ][gc,cpu      ] GC(15) User=0.16s Sys=0.00s Real=0.04s
[2023-07-17T17:23:27.857+0000][66][info ][safepoint   ] Safepoint "G1CollectForAllocation", Time since last: 247174129 ns, Reaching safepoint: 238929 ns, At safepoint: 47688187 ns, Total: 47927116 ns
[2023-07-17T17:23:28.866+0000][66][info ][safepoint   ] Safepoint "Cleanup", Time since last: 1008074767 ns, Reaching safepoint: 173937 ns, At safepoint: 28487 ns, Total: 202424 ns
[2023-07-17T17:23:29.924+0000][66][info ][safepoint   ] Safepoint "Cleanup", Time since last: 1058015709 ns, Reaching safepoint: 413220 ns, At safepoint: 70905 ns, Total: 484125 ns
[2023-07-17T17:23:31.078+0000][66][info ][safepoint   ] Safepoint "Cleanup", Time since last: 1153510935 ns, Reaching safepoint: 187044 ns, At safepoint: 35177 ns, Total: 222221 ns
[2023-07-17T17:23:32.416+0000][66][info ][safepoint   ] Safepoint "Cleanup", Time since last: 1337923119 ns, Reaching safepoint: 303986 ns, At safepoint: 104111 ns, Total: 408097 ns
[2023-07-17T19:23:34.840+0000][66][info ][safepoint   ] Safepoint "Cleanup", Time since last: 7202420541321 ns, Reaching safepoint: 2660264 ns, At safepoint: 45270 ns, Total: 2705534 ns
[2023-07-17T16:10:14.448+0000][66][info ][safepoint   ] Safepoint "Cleanup", Time since last: 1084403526 ns, Reaching safepoint: 491393 ns, At safepoint: 91596 ns, Total: 582989 ns
[2023-07-17T16:35:14.232+0000][66][info ][safepoint   ] Safepoint "Cleanup", Time since last: 1499623549526 ns, Reaching safepoint: 70273831 ns, At safepoint: 64579 ns, Total: 70338410 ns
[2023-07-17T16:35:16.707+0000][66][info ][safepoint   ] Safepoint "Cleanup", Time since last: 2474546177 ns, Reaching safepoint: 601851 ns, At safepoint: 11750 ns, Total: 613601 ns
[2023-07-17T16:35:20.529+0000][66][info ][safepoint   ] Safepoint "Cleanup", Time since last: 3821308367 ns, Reaching safepoint: 244607 ns, At safepoint: 40155 ns, Total: 284762 ns
[2023-07-17T16:35:23.452+0000][66][info ][safepoint   ] Safepoint "Cleanup", Time since last: 2922510696 ns, Reaching safepoint: 451640 ns, At safepoint: 11204 ns, Total: 462844 ns
[2023-07-17T16:35:24.457+0000][66][info ][safepoint   ] Safepoint "Cleanup", Time since last: 1003464223 ns, Reaching safepoint: 1523888 ns, At safepoint: 32341 ns, Total: 1556229 ns
[2023-07-17T16:35:27.242+0000][66][info ][safepoint   ] Safepoint "Cleanup", Time since last: 2784141576 ns, Reaching safepoint: 843828 ns, At safepoint: 34574 ns, Total: 878402 ns
[2023-07-17T16:35:30.338+0000][66][info ][safepoint   ] Safepoint "Cleanup", Time since last: 3094429806 ns, Reaching safepoint: 1590805 ns, At safepoint: 33191 ns, Total: 1623996 ns
[2023-07-17T16:35:47.365+0000][66][info ][safepoint   ] Safepoint "Cleanup", Time since last: 17022454473 ns, Reaching safepoint: 662309 ns, At safepoint: 58171 ns, Total: 720480 ns
[2023-07-17T16:35:49.373+0000][66][info ][safepoint   ] Safepoint "Cleanup", Time since last: 2006389660 ns, Reaching safepoint: 1330451 ns, At safepoint: 33065 ns, Total: 1363516 ns
[2023-07-17T16:36:07.894+0000][66][info ][safepoint   ] Safepoint "Cleanup", Time since last: 4748590658864 ns, Reaching safepoint: 1059470 ns, At safepoint: 71317 ns, Total: 1130787 ns
[2023-07-17T16:36:09.364+0000][66][info ][safepoint   ] Safepoint "Cleanup", Time since last: 1468868169 ns, Reaching safepoint: 311676 ns, At safepoint: 7815 ns, Total: 319491 ns
[2023-07-17T16:36:10.366+0000][66][info ][safepoint   ] Safepoint "Cleanup", Time since last: 1002326223 ns, Reaching safepoint: 173822 ns, At safepoint: 3454 ns, Total: 177276 ns
[2023-07-17T16:36:13.017+0000][66][info ][safepoint   ] Safepoint "Cleanup", Time since last: 2650766960 ns, Reaching safepoint: 97876 ns, At safepoint: 35700 ns, Total: 133576 ns
[2023-07-17T16:36:28.316+0000][66][info ][safepoint   ] Safepoint "Cleanup", Time since last: 15297386724 ns, Reaching safepoint: 1267053 ns, At safepoint: 369694 ns, Total: 1636747 ns
[2023-07-17T16:36:35.328+0000][66][info ][safepoint   ] Safepoint "Cleanup", Time since last: 7010409697 ns, Reaching safepoint: 977858 ns, At safepoint: 17264 ns, Total: 995122 ns
[2023-07-17T17:55:27.423+0000][66][info ][safepoint   ] Safepoint "Cleanup", Time since last: 2006522762 ns, Reaching safepoint: 536517 ns, At safepoint: 26537 ns, Total: 563054 ns
[2023-07-17T17:55:30.430+0000][66][info ][safepoint   ] Safepoint "Cleanup", Time since last: 3005819159 ns, Reaching safepoint: 910166 ns, At safepoint: 217959 ns, Total: 1128125 ns
[2023-07-17T17:55:31.441+0000][66][info ][safepoint   ] Safepoint "Cleanup", Time since last: 1010796370 ns, Reaching safepoint: 898820 ns, At safepoint: 159085 ns, Total: 1057905 ns
[2023-07-17T17:55:34.241+0000][66][info ][safepoint   ] Safepoint "Cleanup", Time since last: 2798965766 ns, Reaching safepoint: 84711 ns, At safepoint: 6201 ns, Total: 90912 ns
[2023-07-17T17:55:35.771+0000][66][info ][safepoint   ] Safepoint "Cleanup", Time since last: 1529981869 ns, Reaching safepoint: 198695 ns, At safepoint: 36078 ns, Total: 234773 ns
[2023-07-17T17:55:37.108+0000][66][info ][safepoint   ] Safepoint "Cleanup", Time since last: 1336500376 ns, Reaching safepoint: 293451 ns, At safepoint: 43578 ns, Total: 337029 ns
[2023-07-17T17:55:38.146+0000][66][info ][safepoint   ] Safepoint "Cleanup", Time since last: 1038581499 ns, Reaching safepoint: 104284 ns, At safepoint: 5987 ns, Total: 110271 ns
[2023-07-17T17:55:40.167+0000][66][info ][safepoint   ] Safepoint "Cleanup", Time since last: 2020866808 ns, Reaching safepoint: 313102 ns, At safepoint: 7421 ns, Total: 320523 ns
[2023-07-17T17:55:41.421+0000][66][info ][safepoint   ] Safepoint "Cleanup", Time since last: 1253664483 ns, Reaching safepoint: 165309 ns, At safepoint: 4778 ns, Total: 170087 ns
[2023-07-17T17:55:52.779+0000][66][info ][safepoint   ] Safepoint "Cleanup", Time since last: 11357110124 ns, Reaching safepoint: 541181 ns, At safepoint: 12355 ns, Total: 553536 ns
[2023-07-17T17:55:57.547+0000][66][info ][safepoint   ] Safepoint "Cleanup", Time since last: 4825211645 ns, Reaching safepoint: 255832 ns, At safepoint: 15781 ns, Total: 271613 ns
[2023-07-17T18:06:16.665+0000][66][info ][safepoint   ] Safepoint "Cleanup", Time since last: 592036058368 ns, Reaching safepoint: 79457 ns, At safepoint: 32314 ns, Total: 111771 ns
[2023-07-17T18:06:18.267+0000][66][info ][safepoint   ] Safepoint "Cleanup", Time since last: 1601378285 ns, Reaching safepoint: 106514 ns, At safepoint: 39740 ns, Total: 146254 ns
[2023-07-17T18:06:19.426+0000][66][info ][safepoint   ] Safepoint "Cleanup", Time since last: 1158510924 ns, Reaching safepoint: 164791 ns, At safepoint: 92892 ns, Total: 257683 ns
[2023-07-17T18:06:20.545+0000][66][info ][safepoint   ] Safepoint "Cleanup", Time since last: 1119010091 ns, Reaching safepoint: 245423 ns, At safepoint: 42012 ns, Total: 287435 ns
[2023-07-17T18:06:29.172+0000][66][info ][safepoint   ] Safepoint "Cleanup", Time since last: 8626641749 ns, Reaching safepoint: 421940 ns, At safepoint: 8398 ns, Total: 430338 ns
[2023-07-17T18:06:32.175+0000][66][info ][safepoint   ] Safepoint "Cleanup", Time since last: 3002648782 ns, Reaching safepoint: 144589 ns, At safepoint: 10107 ns, Total: 154696 ns
[2023-07-17T18:06:33.178+0000][66][info ][safepoint   ] Safepoint "Cleanup", Time since last: 1002554675 ns, Reaching safepoint: 298360 ns, At safepoint: 39228 ns, Total: 337588 ns
[2023-07-17T18:06:38.456+0000][66][info ][safepoint   ] Safepoint "Cleanup", Time since last: 5278595868 ns, Reaching safepoint: 129613 ns, At safepoint: 66054 ns, Total: 195667 ns
[2023-07-17T18:06:43.685+0000][66][info ][safepoint   ] Safepoint "Cleanup", Time since last: 5228801548 ns, Reaching safepoint: 204328 ns, At safepoint: 35774 ns, Total: 240102 ns
[2023-07-17T18:06:44.950+0000][66][info ][safepoint   ] Safepoint "Cleanup", Time since last: 1264791325 ns, Reaching safepoint: 162418 ns, At safepoint: 36983 ns, Total: 199401 ns
[2023-07-17T18:06:19.797+0000][66][info ][safepoint   ] Safepoint "Cleanup", Time since last: 1929057889 ns, Reaching safepoint: 683933 ns, At safepoint: 26197 ns, Total: 710130 ns
[2023-07-17T18:06:24.801+0000][66][info ][safepoint   ] Safepoint "Cleanup", Time since last: 5003655773 ns, Reaching safepoint: 371703 ns, At safepoint: 7203 ns, Total: 378906 ns
[2023-07-17T18:06:49.612+0000][66][info ][safepoint   ] Safepoint "Cleanup", Time since last: 24811166223 ns, Reaching safepoint: 211694 ns, At safepoint: 31700 ns, Total: 243394 ns
[2023-07-17T18:06:51.038+0000][66][info ][safepoint   ] Safepoint "Cleanup", Time since last: 1424847171 ns, Reaching safepoint: 633990 ns, At safepoint: 12421 ns, Total: 646411 ns
[2023-07-17T18:06:55.270+0000][66][info ][safepoint   ] Safepoint "Cleanup", Time since last: 4232048204 ns, Reaching safepoint: 109527 ns, At safepoint: 3611 ns, Total: 113138 ns
[2023-07-17T18:06:56.479+0000][66][info ][safepoint   ] Safepoint "Cleanup", Time since last: 1208777422 ns, Reaching safepoint: 194169 ns, At safepoint: 27023 ns, Total: 221192 ns
[2023-07-17T18:06:59.537+0000][66][info ][safepoint   ] Safepoint "Cleanup", Time since last: 3057368998 ns, Reaching safepoint: 242696 ns, At safepoint: 9965 ns, Total: 252661 ns
[2023-07-17T18:07:10.388+0000][66][info ][safepoint   ] Safepoint "Cleanup", Time since last: 10851208596 ns, Reaching safepoint: 469062 ns, At safepoint: 18072 ns, Total: 487134 ns
[2023-07-17T18:07:16.982+0000][66][info ][safepoint   ] Safepoint "Cleanup", Time since last: 6592753809 ns, Reaching safepoint: 611517 ns, At safepoint: 104692 ns, Total: 716209 ns
[2023-07-17T18:07:19.613+0000][66][info ][safepoint   ] Safepoint "Cleanup", Time since last: 2630521308 ns, Reaching safepoint: 114622 ns, At safepoint: 30654 ns, Total: 145276 ns
[2023-07-17T18:07:25.613+0000][66][info ][safepoint   ] Safepoint "Cleanup", Time since last: 6000055960 ns, Reaching safepoint: 234398 ns, At safepoint: 11473 ns, Total: 245871 ns
[2023-07-17T18:07:27.489+0000][66][info ][safepoint   ] Safepoint "Cleanup", Time since last: 1875877581 ns, Reaching safepoint: 346202 ns, At safepoint: 17466 ns, Total: 363668 ns
[2023-07-17T18:07:34.757+0000][66][info ][safepoint   ] Safepoint "Cleanup", Time since last: 7267564503 ns, Reaching safepoint: 301779 ns, At safepoint: 21599 ns, Total: 323378 ns
[2023-07-17T18:07:37.612+0000][66][info ][safepoint   ] Safepoint "Cleanup", Time since last: 2854812699 ns, Reaching safepoint: 200247 ns, At safepoint: 34791 ns, Total: 235038 ns
[2023-07-17T18:07:40.345+0000][66][info ][safepoint   ] Safepoint "Cleanup", Time since last: 2732096447 ns, Reaching safepoint: 558785 ns, At safepoint: 14231 ns, Total: 573016 ns
[2023-07-17T18:07:41.348+0000][66][info ][safepoint   ] Safepoint "Cleanup", Time since last: 1002501906 ns, Reaching safepoint: 547608 ns, At safepoint: 9179 ns, Total: 556787 ns
[2023-07-17T18:07:42.354+0000][66][info ][safepoint   ] Safepoint "Cleanup", Time since last: 1005348201 ns, Reaching safepoint: 442408 ns, At safepoint: 15063 ns, Total: 457471 ns
[2023-07-17T18:07:47.655+0000][66][info ][safepoint   ] Safepoint "Cleanup", Time since last: 5300934572 ns, Reaching safepoint: 317848 ns, At safepoint: 18145 ns, Total: 335993 ns
[2023-07-17T18:07:49.609+0000][66][info ][safepoint   ] Safepoint "Cleanup", Time since last: 1953351235 ns, Reaching safepoint: 189556 ns, At safepoint: 28736 ns, Total: 218292 ns
[2023-07-17T18:07:50.758+0000][66][info ][safepoint   ] Safepoint "Cleanup", Time since last: 1149125829 ns, Reaching safepoint: 374848 ns, At safepoint: 16760 ns, Total: 391608 ns
[2023-07-17T18:08:01.648+0000][66][info ][safepoint   ] Safepoint "Cleanup", Time since last: 10889180208 ns, Reaching safepoint: 259002 ns, At safepoint: 50863 ns, Total: 309865 ns
[2023-07-17T18:08:04.561+0000][66][info ][safepoint   ] Safepoint "Cleanup", Time since last: 2913067564 ns, Reaching safepoint: 222273 ns, At safepoint: 5232 ns, Total: 227505 ns
[2023-07-17T18:08:08.711+0000][66][info ][safepoint   ] Safepoint "Cleanup", Time since last: 4149625189 ns, Reaching safepoint: 138620 ns, At safepoint: 32221 ns, Total: 170841 ns
[2023-07-17T18:08:19.622+0000][66][info ][safepoint   ] Safepoint "Cleanup", Time since last: 10910906304 ns, Reaching safepoint: 240549 ns, At safepoint: 47972 ns, Total: 288521 ns
[2023-07-17T18:08:31.771+0000][66][info ][safepoint   ] Safepoint "Cleanup", Time since last: 12148948696 ns, Reaching safepoint: 158218 ns, At safepoint: 26421 ns, Total: 184639 ns
[2023-07-17T18:08:33.620+0000][66][info ][safepoint   ] Safepoint "Cleanup", Time since last: 1848080954 ns, Reaching safepoint: 567124 ns, At safepoint: 27269 ns, Total: 594393 ns
[2023-07-17T18:08:38.762+0000][66][info ][safepoint   ] Safepoint "Cleanup", Time since last: 5142204325 ns, Reaching safepoint: 221818 ns, At safepoint: 5862 ns, Total: 227680 ns
[2023-07-17T18:08:43.612+0000][66][info ][safepoint   ] Safepoint "Cleanup", Time since last: 4849541143 ns, Reaching safepoint: 235807 ns, At safepoint: 45289 ns, Total: 281096 ns
[2023-07-17T18:08:45.233+0000][66][info ][safepoint   ] Safepoint "Cleanup", Time since last: 1620380255 ns, Reaching safepoint: 802559 ns, At safepoint: 24302 ns, Total: 826861 ns
[2023-07-17T18:08:49.616+0000][66][info ][safepoint   ] Safepoint "Cleanup", Time since last: 4382197820 ns, Reaching safepoint: 279044 ns, At safepoint: 29330 ns, Total: 308374 ns
[2023-07-17T18:08:51.450+0000][66][info ][safepoint   ] Safepoint "Cleanup", Time since last: 1834280288 ns, Reaching safepoint: 345553 ns, At safepoint: 6377 ns, Total: 351930 ns
[2023-07-17T18:09:05.268+0000][66][info ][safepoint   ] Safepoint "Cleanup", Time since last: 13817365429 ns, Reaching safepoint: 632310 ns, At safepoint: 12753 ns, Total: 645063 ns
[2023-07-17T18:09:32.527+0000][66][info ][safepoint   ] Safepoint "Cleanup", Time since last: 27257900854 ns, Reaching safepoint: 189357 ns, At safepoint: 86003 ns, Total: 275360 ns
[2023-07-17T18:09:33.687+0000][66][info ][safepoint   ] Safepoint "Cleanup", Time since last: 1159837011 ns, Reaching safepoint: 647582 ns, At safepoint: 62192 ns, Total: 709774 ns
[2023-07-17T18:09:34.698+0000][66][info ][safepoint   ] Safepoint "Cleanup", Time since last: 1010627170 ns, Reaching safepoint: 459158 ns, At safepoint: 9674 ns, Total: 468832 ns
[2023-07-17T18:09:37.694+0000][66][info ][safepoint   ] Safepoint "Cleanup", Time since last: 2995882410 ns, Reaching safepoint: 215649 ns, At safepoint: 29210 ns, Total: 244859 ns
[2023-07-17T18:09:38.759+0000][66][info ][safepoint   ] Safepoint "Cleanup", Time since last: 1063986171 ns, Reaching safepoint: 602120 ns, At safepoint: 70298 ns, Total: 672418 ns
[2023-07-17T18:09:43.629+0000][66][info ][safepoint   ] Safepoint "Cleanup", Time since last: 4869337588 ns, Reaching safepoint: 181803 ns, At safepoint: 90241 ns, Total: 272044 ns
[2023-07-17T18:09:49.704+0000][66][info ][safepoint   ] Safepoint "Cleanup", Time since last: 6074729480 ns, Reaching safepoint: 537790 ns, At safepoint: 103387 ns, Total: 641177 ns
[2023-07-17T18:09:50.732+0000][66][info ][safepoint   ] Safepoint "Cleanup", Time since last: 1028065095 ns, Reaching safepoint: 153206 ns, At safepoint: 5009 ns, Total: 158215 ns
[2023-07-17T18:10:01.861+0000][66][info ][safepoint   ] Safepoint "Cleanup", Time since last: 11129133032 ns, Reaching safepoint: 162146 ns, At safepoint: 68561 ns, Total: 230707 ns
[2023-07-17T18:10:14.517+0000][66][info ][safepoint   ] Safepoint "Cleanup", Time since last: 12654786451 ns, Reaching safepoint: 261345 ns, At safepoint: 33056 ns, Total: 294401 ns
[2023-07-17T18:10:26.261+0000][66][info ][safepoint   ] Safepoint "Cleanup", Time since last: 11744477971 ns, Reaching safepoint: 229400 ns, At safepoint: 5678 ns, Total: 235078 ns
[2023-07-17T18:10:38.631+0000][66][info ][safepoint   ] Safepoint "Cleanup", Time since last: 12369589934 ns, Reaching safepoint: 239445 ns, At safepoint: 35962 ns, Total: 275407 ns
[2023-07-17T18:10:49.623+0000][66][info ][safepoint   ] Safepoint "Cleanup", Time since last: 10991938228 ns, Reaching safepoint: 113386 ns, At safepoint: 34996 ns, Total: 148382 ns
[2023-07-17T18:10:52.233+0000][66][info ][safepoint   ] Safepoint "Cleanup", Time since last: 2609257039 ns, Reaching safepoint: 536731 ns, At safepoint: 25224 ns, Total: 561955 ns
[2023-07-17T18:10:55.641+0000][66][info ][safepoint   ] Safepoint "Cleanup", Time since last: 3408345448 ns, Reaching safepoint: 235277 ns, At safepoint: 35004 ns, Total: 270281 ns
[2023-07-17T18:11:07.635+0000][66][info ][safepoint   ] Safepoint "Cleanup", Time since last: 11993001410 ns, Reaching safepoint: 98891 ns, At safepoint: 43727 ns, Total: 142618 ns
[2023-07-17T18:11:09.071+0000][66][info ][safepoint   ] Safepoint "Cleanup", Time since last: 1435545701 ns, Reaching safepoint: 356991 ns, At safepoint: 9523 ns, Total: 366514 ns
[2023-07-17T18:11:19.840+0000][66][info ][safepoint   ] Safepoint "Cleanup", Time since last: 10769472653 ns, Reaching safepoint: 239263 ns, At safepoint: 37656 ns, Total: 276919 ns
[2023-07-17T18:11:20.951+0000][66][info ][safepoint   ] Safepoint "Cleanup", Time since last: 1110200365 ns, Reaching safepoint: 133864 ns, At safepoint: 35132 ns, Total: 168996 ns
[2023-07-17T18:11:26.168+0000][66][info ][safepoint   ] Safepoint "Cleanup", Time since last: 5217462173 ns, Reaching safepoint: 218496 ns, At safepoint: 43773 ns, Total: 262269 ns
[2023-07-17T18:11:38.788+0000][66][info ][safepoint   ] Safepoint "Cleanup", Time since last: 12619559977 ns, Reaching safepoint: 195185 ns, At safepoint: 11932 ns, Total: 207117 ns
[2023-07-17T18:11:47.317+0000][66][info ][safepoint   ] Safepoint "Cleanup", Time since last: 8528623858 ns, Reaching safepoint: 439890 ns, At safepoint: 23440 ns, Total: 463330 ns
[2023-07-17T18:11:49.685+0000][66][info ][safepoint   ] Safepoint "Cleanup", Time since last: 2367562266 ns, Reaching safepoint: 131922 ns, At safepoint: 34200 ns, Total: 166122 ns
[2023-07-17T18:11:51.523+0000][66][info ][safepoint   ] Safepoint "Cleanup", Time since last: 1837219985 ns, Reaching safepoint: 403032 ns, At safepoint: 5632 ns, Total: 408664 ns
[2023-07-17T18:12:06.113+0000][66][info ][safepoint   ] Safepoint "Cleanup", Time since last: 14590430739 ns, Reaching safepoint: 397455 ns, At safepoint: 6028 ns, Total: 403483 ns
[2023-07-17T18:12:13.914+0000][66][info ][safepoint   ] Safepoint "Cleanup", Time since last: 7800815041 ns, Reaching safepoint: 243455 ns, At safepoint: 6590 ns, Total: 250045 ns
[2023-07-17T18:12:19.653+0000][66][info ][safepoint   ] Safepoint "Cleanup", Time since last: 5738086436 ns, Reaching safepoint: 250530 ns, At safepoint: 38236 ns, Total: 288766 ns
[2023-07-17T18:12:49.648+0000][66][info ][safepoint   ] Safepoint "Cleanup", Time since last: 29995128598 ns, Reaching safepoint: 113258 ns, At safepoint: 39427 ns, Total: 152685 ns
[2023-07-17T18:12:51.647+0000][66][info ][safepoint   ] Safepoint "Cleanup", Time since last: 1997893490 ns, Reaching safepoint: 583796 ns, At safepoint: 70488 ns, Total: 654284 ns
[2023-07-17T18:13:19.659+0000][66][info ][safepoint   ] Safepoint "Cleanup", Time since last: 28011602938 ns, Reaching safepoint: 125215 ns, At safepoint: 26444 ns, Total: 151659 ns
[2023-07-17T18:13:25.207+0000][66][info ][safepoint   ] Safepoint "Cleanup", Time since last: 5547994543 ns, Reaching safepoint: 599181 ns, At safepoint: 12023 ns, Total: 611204 ns
[2023-07-17T18:13:26.713+0000][66][info ][safepoint   ] Safepoint "Cleanup", Time since last: 1505433773 ns, Reaching safepoint: 203323 ns, At safepoint: 32490 ns, Total: 235813 ns
[2023-07-17T18:13:44.611+0000][66][info ][safepoint   ] Safepoint "Cleanup", Time since last: 17897790323 ns, Reaching safepoint: 221734 ns, At safepoint: 35618 ns, Total: 257352 ns
[2023-07-17T18:13:49.649+0000][66][info ][safepoint   ] Safepoint "Cleanup", Time since last: 5038106273 ns, Reaching safepoint: 186825 ns, At safepoint: 38435 ns, Total: 225260 ns
[2023-07-17T18:14:01.991+0000][66][info ][safepoint   ] Safepoint "Cleanup", Time since last: 12341723956 ns, Reaching safepoint: 217456 ns, At safepoint: 32145 ns, Total: 249601 ns
[2023-07-17T18:14:19.669+0000][66][info ][safepoint   ] Safepoint "Cleanup", Time since last: 17677617472 ns, Reaching safepoint: 345171 ns, At safepoint: 35720 ns, Total: 380891 ns
[2023-07-17T18:14:26.843+0000][66][info ][safepoint   ] Safepoint "Cleanup", Time since last: 7173405799 ns, Reaching safepoint: 120341 ns, At safepoint: 34707 ns, Total: 155048 ns
[2023-07-17T18:14:49.482+0000][66][info ][safepoint   ] Safepoint "Cleanup", Time since last: 22639014759 ns, Reaching safepoint: 191786 ns, At safepoint: 10436 ns, Total: 202222 ns
[2023-07-17T18:15:37.811+0000][66][info ][safepoint   ] Safepoint "Cleanup", Time since last: 48329086598 ns, Reaching safepoint: 208085 ns, At safepoint: 31666 ns, Total: 239751 ns
[2023-07-17T18:15:40.315+0000][66][info ][safepoint   ] Safepoint "Cleanup", Time since last: 2502831439 ns, Reaching safepoint: 690294 ns, At safepoint: 25586 ns, Total: 715880 ns
[2023-07-17T18:15:45.664+0000][66][info ][safepoint   ] Safepoint "Cleanup", Time since last: 5348977431 ns, Reaching safepoint: 110174 ns, At safepoint: 8321 ns, Total: 118495 ns
[2023-07-17T18:15:49.673+0000][66][info ][safepoint   ] Safepoint "Cleanup", Time since last: 4008835430 ns, Reaching safepoint: 160528 ns, At safepoint: 26156 ns, Total: 186684 ns
[2023-07-17T18:15:50.731+0000][66][info ][safepoint   ] Safepoint "Cleanup", Time since last: 1058202811 ns, Reaching safepoint: 209829 ns, At safepoint: 3708 ns, Total: 213537 ns
[2023-07-17T18:16:01.834+0000][66][info ][safepoint   ] Safepoint "Cleanup", Time since last: 11102651304 ns, Reaching safepoint: 205961 ns, At safepoint: 30894 ns, Total: 236855 ns
[2023-07-17T18:16:19.674+0000][66][info ][safepoint   ] Safepoint "Cleanup", Time since last: 17839858304 ns, Reaching safepoint: 77683 ns, At safepoint: 30304 ns, Total: 107987 ns
[2023-07-17T18:16:21.260+0000][66][info ][safepoint   ] Safepoint "Cleanup", Time since last: 1585836917 ns, Reaching safepoint: 375474 ns, At safepoint: 17162 ns, Total: 392636 ns
[2023-07-17T18:16:23.471+0000][66][info ][safepoint   ] Safepoint "Cleanup", Time since last: 2210469623 ns, Reaching safepoint: 203798 ns, At safepoint: 11134 ns, Total: 214932 ns
[2023-07-17T18:16:25.687+0000][66][info ][safepoint   ] Safepoint "Cleanup", Time since last: 2216211557 ns, Reaching safepoint: 210646 ns, At safepoint: 35960 ns, Total: 246606 ns
[2023-07-17T18:16:38.838+0000][66][info ][safepoint   ] Safepoint "Cleanup", Time since last: 13150459731 ns, Reaching safepoint: 218009 ns, At safepoint: 9870 ns, Total: 227879 ns
[2023-07-17T18:16:43.743+0000][66][info ][safepoint   ] Safepoint "Cleanup", Time since last: 4904862700 ns, Reaching safepoint: 268839 ns, At safepoint: 41779 ns, Total: 310618 ns
[2023-07-17T18:16:49.676+0000][66][info ][safepoint   ] Safepoint "Cleanup", Time since last: 5932329559 ns, Reaching safepoint: 200110 ns, At safepoint: 27681 ns, Total: 227791 ns
[2023-07-17T18:16:51.546+0000][66][info ][safepoint   ] Safepoint "Cleanup", Time since last: 1869460193 ns, Reaching safepoint: 552617 ns, At safepoint: 20945 ns, Total: 573562 ns
[2023-07-17T18:16:53.551+0000][66][info ][safepoint   ] Safepoint "Cleanup", Time since last: 2004092891 ns, Reaching safepoint: 948720 ns, At safepoint: 24406 ns, Total: 973126 ns
[2023-07-17T18:16:55.962+0000][66][info ][safepoint   ] Safepoint "Cleanup", Time since last: 2410507966 ns, Reaching safepoint: 319793 ns, At safepoint: 34259 ns, Total: 354052 ns
[2023-07-17T18:17:01.694+0000][66][info ][safepoint   ] Safepoint "Cleanup", Time since last: 5731520422 ns, Reaching safepoint: 202964 ns, At safepoint: 33466 ns, Total: 236430 ns
[2023-07-17T18:17:05.165+0000][66][info ][safepoint   ] Safepoint "Cleanup", Time since last: 3470530424 ns, Reaching safepoint: 655860 ns, At safepoint: 10648 ns, Total: 666508 ns
[2023-07-17T18:17:09.431+0000][66][info ][safepoint   ] Safepoint "Cleanup", Time since last: 4266094979 ns, Reaching safepoint: 347826 ns, At safepoint: 7098 ns, Total: 354924 ns
[2023-07-17T18:17:19.695+0000][66][info ][safepoint   ] Safepoint "Cleanup", Time since last: 10263718079 ns, Reaching safepoint: 234405 ns, At safepoint: 33043 ns, Total: 267448 ns
[2023-07-17T18:17:20.829+0000][66][info ][safepoint   ] Safepoint "Cleanup", Time since last: 1133549064 ns, Reaching safepoint: 263562 ns, At safepoint: 11280 ns, Total: 274842 ns
[2023-07-17T18:17:22.072+0000][66][info ][safepoint   ] Safepoint "Cleanup", Time since last: 1242826117 ns, Reaching safepoint: 89699 ns, At safepoint: 3524 ns, Total: 93223 ns
[2023-07-17T18:17:48.225+0000][66][info ][safepoint   ] Safepoint "Cleanup", Time since last: 26152355289 ns, Reaching safepoint: 443109 ns, At safepoint: 16915 ns, Total: 460024 ns
[2023-07-17T18:17:50.247+0000][66][info ][safepoint   ] Safepoint "Cleanup", Time since last: 2022428303 ns, Reaching safepoint: 104730 ns, At safepoint: 3868 ns, Total: 108598 ns
[2023-07-17T18:17:51.613+0000][66][info ][safepoint   ] Safepoint "Cleanup", Time since last: 1365518198 ns, Reaching safepoint: 197339 ns, At safepoint: 4064 ns, Total: 201403 ns
[2023-07-17T18:18:13.701+0000][66][info ][safepoint   ] Safepoint "Cleanup", Time since last: 22087491521 ns, Reaching safepoint: 159213 ns, At safepoint: 37529 ns, Total: 196742 ns
[2023-07-17T18:18:19.689+0000][66][info ][safepoint   ] Safepoint "Cleanup", Time since last: 5988449724 ns, Reaching safepoint: 215797 ns, At safepoint: 28579 ns, Total: 244376 ns
[2023-07-17T18:18:21.321+0000][66][info ][safepoint   ] Safepoint "Cleanup", Time since last: 1630695211 ns, Reaching safepoint: 638826 ns, At safepoint: 10668 ns, Total: 649494 ns
[2023-07-17T18:18:22.590+0000][66][info ][gc,start    ] GC(16) Pause Young (Normal) (G1 Evacuation Pause)
[2023-07-17T18:18:22.592+0000][66][info ][gc,task     ] GC(16) Using 6 workers of 6 for evacuation
[2023-07-17T18:18:22.593+0000][66][debug][gc,age      ] GC(16) Desired survivor size 155189248 bytes, new threshold 15 (max threshold 15)
[2023-07-17T18:18:22.606+0000][66][info ][gc,phases   ] GC(16)   Pre Evacuate Collection Set: 0.4ms
[2023-07-17T18:18:22.608+0000][66][info ][gc,phases   ] GC(16)   Merge Heap Roots: 0.3ms
[2023-07-17T18:18:22.609+0000][66][info ][gc,phases   ] GC(16)   Evacuate Collection Set: 7.6ms
[2023-07-17T18:18:22.610+0000][66][info ][gc,phases   ] GC(16)   Post Evacuate Collection Set: 2.9ms
[2023-07-17T18:18:22.611+0000][66][info ][gc,phases   ] GC(16)   Other: 3.0ms
[2023-07-17T18:18:22.612+0000][66][trace][gc,age      ] GC(16) Age table with threshold 15 (max threshold 15)
[2023-07-17T18:18:22.613+0000][66][trace][gc,age      ] GC(16) - age   1:    2327488 bytes,    2327488 total
[2023-07-17T18:18:22.615+0000][66][trace][gc,age      ] GC(16) - age   2:    3100952 bytes,    5428440 total
[2023-07-17T18:18:22.616+0000][66][trace][gc,age      ] GC(16) - age   3:      22160 bytes,    5450600 total
[2023-07-17T18:18:22.616+0000][66][trace][gc,age      ] GC(16) - age   4:     489112 bytes,    5939712 total
[2023-07-17T18:18:22.617+0000][66][trace][gc,age      ] GC(16) - age   5:     477456 bytes,    6417168 total
[2023-07-17T18:18:22.619+0000][66][info ][gc,heap     ] GC(16) Eden regions: 587->0(587)
[2023-07-17T18:18:22.620+0000][66][info ][gc,heap     ] GC(16) Survivor regions: 2->2(74)
[2023-07-17T18:18:22.621+0000][66][info ][gc,heap     ] GC(16) Old regions: 25->25
[2023-07-17T18:18:22.622+0000][66][info ][gc,heap     ] GC(16) Archive regions: 2->2
[2023-07-17T18:18:22.623+0000][66][info ][gc,heap     ] GC(16) Humongous regions: 0->0
[2023-07-17T18:18:22.624+0000][66][info ][gc,metaspace] GC(16) Metaspace: 140247K(143680K)->140247K(143680K) NonClass: 122042K(123776K)->122042K(123776K) Class: 18204K(19904K)->18204K(19904K)
[2023-07-17T18:18:22.625+0000][66][info ][gc          ] GC(16) Pause Young (Normal) (G1 Evacuation Pause) 2455M->107M(3932M) 34.392ms
[2023-07-17T18:18:22.626+0000][66][info ][gc,cpu      ] GC(16) User=0.00s Sys=0.04s Real=0.04s
[2023-07-17T18:18:22.627+0000][66][info ][safepoint   ] Safepoint "G1CollectForAllocation", Time since last: 1269406105 ns, Reaching safepoint: 293690 ns, At safepoint: 36203773 ns, Total: 36497463 ns
[2023-07-17T18:18:25.629+0000][66][info ][safepoint   ] Safepoint "Cleanup", Time since last: 3001786805 ns, Reaching safepoint: 293494 ns, At safepoint: 9433 ns, Total: 302927 ns
[2023-07-17T18:18:38.404+0000][66][info ][safepoint   ] Safepoint "Cleanup", Time since last: 12774924698 ns, Reaching safepoint: 262367 ns, At safepoint: 29269 ns, Total: 291636 ns
[2023-07-17T18:18:45.497+0000][66][info ][safepoint   ] Safepoint "Cleanup", Time since last: 7092192776 ns, Reaching safepoint: 665102 ns, At safepoint: 36407 ns, Total: 701509 ns
[2023-07-17T18:18:49.501+0000][66][info ][safepoint   ] Safepoint "Cleanup", Time since last: 4003912645 ns, Reaching safepoint: 104584 ns, At safepoint: 13233 ns, Total: 117817 ns
[2023-07-17T18:19:07.715+0000][66][info ][safepoint   ] Safepoint "Cleanup", Time since last: 18214138884 ns, Reaching safepoint: 180534 ns, At safepoint: 68395 ns, Total: 248929 ns
[2023-07-17T18:19:19.705+0000][66][info ][safepoint   ] Safepoint "Cleanup", Time since last: 11989721994 ns, Reaching safepoint: 215977 ns, At safepoint: 13105 ns, Total: 229082 ns
[2023-07-17T18:19:25.717+0000][66][info ][safepoint   ] Safepoint "Cleanup", Time since last: 6011789398 ns, Reaching safepoint: 239438 ns, At safepoint: 27443 ns, Total: 266881 ns
[2023-07-17T18:19:31.708+0000][66][info ][safepoint   ] Safepoint "Cleanup", Time since last: 5990669052 ns, Reaching safepoint: 177181 ns, At safepoint: 47131 ns, Total: 224312 ns
[2023-07-17T18:19:32.845+0000][66][info ][safepoint   ] Safepoint "Cleanup", Time since last: 1136521593 ns, Reaching safepoint: 225906 ns, At safepoint: 32769 ns, Total: 258675 ns
[2023-07-17T18:19:41.210+0000][66][info ][safepoint   ] Safepoint "Cleanup", Time since last: 8364547075 ns, Reaching safepoint: 464490 ns, At safepoint: 13857 ns, Total: 478347 ns
[2023-07-17T18:19:49.474+0000][66][info ][safepoint   ] Safepoint "Cleanup", Time since last: 8263353839 ns, Reaching safepoint: 261815 ns, At safepoint: 7430 ns, Total: 269245 ns
[2023-07-17T18:19:57.209+0000][66][info ][safepoint   ] Safepoint "Cleanup", Time since last: 7735691382 ns, Reaching safepoint: 133818 ns, At safepoint: 30365 ns, Total: 164183 ns
[2023-07-17T18:20:10.625+0000][66][info ][safepoint   ] Safepoint "Cleanup", Time since last: 13415074964 ns, Reaching safepoint: 254362 ns, At safepoint: 6525 ns, Total: 260887 ns
[2023-07-17T18:20:20.099+0000][66][info ][safepoint   ] Safepoint "Cleanup", Time since last: 9474273515 ns, Reaching safepoint: 296867 ns, At safepoint: 33745 ns, Total: 330612 ns
[2023-07-17T18:20:23.477+0000][66][info ][safepoint   ] Safepoint "Cleanup", Time since last: 3376992071 ns, Reaching safepoint: 363980 ns, At safepoint: 6606 ns, Total: 370586 ns
[2023-07-17T18:20:35.964+0000][66][info ][safepoint   ] Safepoint "Cleanup", Time since last: 12486579992 ns, Reaching safepoint: 346433 ns, At safepoint: 7265 ns, Total: 353698 ns
[2023-07-17T18:20:49.482+0000][66][info ][safepoint   ] Safepoint "Cleanup", Time since last: 13518072818 ns, Reaching safepoint: 252727 ns, At safepoint: 12983 ns, Total: 265710 ns
[2023-07-17T18:20:50.685+0000][66][info ][safepoint   ] Safepoint "Cleanup", Time since last: 1202865940 ns, Reaching safepoint: 193241 ns, At safepoint: 33642 ns, Total: 226883 ns
[2023-07-17T18:20:55.718+0000][66][info ][safepoint   ] Safepoint "Cleanup", Time since last: 5032675764 ns, Reaching safepoint: 217642 ns, At safepoint: 39823 ns, Total: 257465 ns
[2023-07-17T18:20:58.249+0000][66][info ][safepoint   ] Safepoint "Cleanup", Time since last: 2530822853 ns, Reaching safepoint: 216370 ns, At safepoint: 5115 ns, Total: 221485 ns
[2023-07-17T18:21:02.287+0000][66][info ][safepoint   ] Safepoint "Cleanup", Time since last: 4037822839 ns, Reaching safepoint: 161604 ns, At safepoint: 28348 ns, Total: 189952 ns
[2023-07-17T18:21:06.203+0000][66][info ][safepoint   ] Safepoint "Cleanup", Time since last: 3915615157 ns, Reaching safepoint: 345262 ns, At safepoint: 25289 ns, Total: 370551 ns
[2023-07-17T18:21:07.205+0000][66][info ][safepoint   ] Safepoint "Cleanup", Time since last: 1001595247 ns, Reaching safepoint: 389185 ns, At safepoint: 15934 ns, Total: 405119 ns
[2023-07-17T18:21:11.971+0000][66][info ][safepoint   ] Safepoint "Cleanup", Time since last: 4765987636 ns, Reaching safepoint: 118921 ns, At safepoint: 84607 ns, Total: 203528 ns
[2023-07-17T18:21:13.728+0000][66][info ][safepoint   ] Safepoint "Cleanup", Time since last: 1756676270 ns, Reaching safepoint: 220283 ns, At safepoint: 57352 ns, Total: 277635 ns
[2023-07-17T18:21:14.796+0000][66][info ][safepoint   ] Safepoint "Cleanup", Time since last: 1067430627 ns, Reaching safepoint: 235543 ns, At safepoint: 37994 ns, Total: 273537 ns
[2023-07-17T18:21:15.957+0000][66][info ][safepoint   ] Safepoint "Cleanup", Time since last: 1161065219 ns, Reaching safepoint: 334664 ns, At safepoint: 45873 ns, Total: 380537 ns
[2023-07-17T18:21:16.968+0000][66][info ][safepoint   ] Safepoint "Cleanup", Time since last: 1010177721 ns, Reaching safepoint: 307909 ns, At safepoint: 5314 ns, Total: 313223 ns
[2023-07-17T18:21:19.735+0000][66][info ][safepoint   ] Safepoint "Cleanup", Time since last: 2767334842 ns, Reaching safepoint: 274266 ns, At safepoint: 32490 ns, Total: 306756 ns
[2023-07-17T18:21:25.745+0000][66][info ][safepoint   ] Safepoint "Cleanup", Time since last: 6009434704 ns, Reaching safepoint: 243065 ns, At safepoint: 91381 ns, Total: 334446 ns
[2023-07-17T18:21:27.476+0000][66][info ][safepoint   ] Safepoint "Cleanup", Time since last: 1730951969 ns, Reaching safepoint: 304766 ns, At safepoint: 6833 ns, Total: 311599 ns
[2023-07-17T18:21:28.625+0000][66][info ][safepoint   ] Safepoint "Cleanup", Time since last: 1148174678 ns, Reaching safepoint: 346642 ns, At safepoint: 51355 ns, Total: 397997 ns
[2023-07-17T18:21:31.218+0000][66][info ][safepoint   ] Safepoint "Cleanup", Time since last: 2591915882 ns, Reaching safepoint: 636564 ns, At safepoint: 53833 ns, Total: 690397 ns
[2023-07-17T18:21:32.863+0000][66][info ][safepoint   ] Safepoint "Cleanup", Time since last: 1645248993 ns, Reaching safepoint: 356024 ns, At safepoint: 20798 ns, Total: 376822 ns
[2023-07-17T18:21:37.374+0000][66][info ][safepoint   ] Safepoint "Cleanup", Time since last: 4510079747 ns, Reaching safepoint: 354747 ns, At safepoint: 20315 ns, Total: 375062 ns
[2023-07-17T18:21:39.438+0000][66][info ][safepoint   ] Safepoint "Cleanup", Time since last: 2063796357 ns, Reaching safepoint: 217101 ns, At safepoint: 68834 ns, Total: 285935 ns
[2023-07-17T18:21:40.459+0000][66][info ][safepoint   ] Safepoint "Cleanup", Time since last: 1021400674 ns, Reaching safepoint: 249600 ns, At safepoint: 4746 ns, Total: 254346 ns
[2023-07-17T18:21:42.462+0000][66][info ][safepoint   ] Safepoint "Cleanup", Time since last: 2001964068 ns, Reaching safepoint: 193037 ns, At safepoint: 25479 ns, Total: 218516 ns
[2023-07-17T18:21:43.667+0000][66][info ][safepoint   ] Safepoint "Cleanup", Time since last: 1204899560 ns, Reaching safepoint: 379797 ns, At safepoint: 140027 ns, Total: 519824 ns
[2023-07-17T18:21:44.692+0000][66][info ][safepoint   ] Safepoint "Cleanup", Time since last: 1024354274 ns, Reaching safepoint: 178753 ns, At safepoint: 5439 ns, Total: 184192 ns
[2023-07-17T18:21:46.040+0000][66][info ][safepoint   ] Safepoint "Cleanup", Time since last: 1348264153 ns, Reaching safepoint: 91274 ns, At safepoint: 102092 ns, Total: 193366 ns
[2023-07-17T18:21:47.048+0000][66][info ][safepoint   ] Safepoint "Cleanup", Time since last: 1007577193 ns, Reaching safepoint: 288716 ns, At safepoint: 11072 ns, Total: 299788 ns
[2023-07-17T18:21:48.050+0000][66][info ][safepoint   ] Safepoint "Cleanup", Time since last: 1002212945 ns, Reaching safepoint: 242377 ns, At safepoint: 10921 ns, Total: 253298 ns
[2023-07-17T18:21:49.776+0000][66][info ][safepoint   ] Safepoint "Cleanup", Time since last: 1692167974 ns, Reaching safepoint: 209430 ns, At safepoint: 42561 ns, Total: 251991 ns
[2023-07-17T18:21:56.266+0000][66][info ][safepoint   ] Safepoint "Cleanup", Time since last: 6489636327 ns, Reaching safepoint: 197325 ns, At safepoint: 38330 ns, Total: 235655 ns
[2023-07-17T18:21:57.334+0000][66][info ][safepoint   ] Safepoint "Cleanup", Time since last: 1067490849 ns, Reaching safepoint: 298644 ns, At safepoint: 5964 ns, Total: 304608 ns
[2023-07-17T18:22:00.337+0000][66][info ][safepoint   ] Safepoint "Cleanup", Time since last: 3002626166 ns, Reaching safepoint: 361808 ns, At safepoint: 5610 ns, Total: 367418 ns
[2023-07-17T18:22:01.762+0000][66][info ][safepoint   ] Safepoint "Cleanup", Time since last: 1425122045 ns, Reaching safepoint: 263798 ns, At safepoint: 35591 ns, Total: 299389 ns
[2023-07-17T18:22:03.608+0000][66][info ][safepoint   ] Safepoint "Cleanup", Time since last: 1844953959 ns, Reaching safepoint: 287784 ns, At safepoint: 6491 ns, Total: 294275 ns
[2023-07-17T18:22:07.929+0000][66][info ][safepoint   ] Safepoint "Cleanup", Time since last: 4321026258 ns, Reaching safepoint: 262653 ns, At safepoint: 29339 ns, Total: 291992 ns
[2023-07-17T18:22:08.963+0000][66][info ][safepoint   ] Safepoint "Cleanup", Time since last: 1033390880 ns, Reaching safepoint: 157332 ns, At safepoint: 29633 ns, Total: 186965 ns
[2023-07-17T18:22:10.969+0000][66][info ][safepoint   ] Safepoint "Cleanup", Time since last: 2005826901 ns, Reaching safepoint: 613987 ns, At safepoint: 12395 ns, Total: 626382 ns
[2023-07-17T18:22:16.433+0000][66][info ][safepoint   ] Safepoint "Cleanup", Time since last: 5463244012 ns, Reaching safepoint: 367602 ns, At safepoint: 20340 ns, Total: 387942 ns
[2023-07-17T18:22:19.779+0000][66][info ][safepoint   ] Safepoint "Cleanup", Time since last: 3334268701 ns, Reaching safepoint: 145229 ns, At safepoint: 30015 ns, Total: 175244 ns
[2023-07-17T18:22:21.676+0000][66][info ][safepoint   ] Safepoint "Cleanup", Time since last: 1896154764 ns, Reaching safepoint: 462612 ns, At safepoint: 11094 ns, Total: 473706 ns
[2023-07-17T18:22:23.077+0000][66][info ][safepoint   ] Safepoint "Cleanup", Time since last: 1399689708 ns, Reaching safepoint: 747839 ns, At safepoint: 12907 ns, Total: 760746 ns
[2023-07-17T18:22:25.787+0000][66][info ][safepoint   ] Safepoint "Cleanup", Time since last: 2710267014 ns, Reaching safepoint: 165691 ns, At safepoint: 69749 ns, Total: 235440 ns
[2023-07-17T18:22:26.887+0000][66][info ][safepoint   ] Safepoint "Cleanup", Time since last: 1099352974 ns, Reaching safepoint: 202243 ns, At safepoint: 30051 ns, Total: 232294 ns
[2023-07-17T18:22:28.949+0000][66][info ][safepoint   ] Safepoint "Cleanup", Time since last: 2061754524 ns, Reaching safepoint: 524551 ns, At safepoint: 17477 ns, Total: 542028 ns
[2023-07-17T18:22:32.000+0000][66][info ][safepoint   ] Safepoint "Cleanup", Time since last: 3050528654 ns, Reaching safepoint: 238472 ns, At safepoint: 62609 ns, Total: 301081 ns
[2023-07-17T18:22:33.302+0000][66][info ][safepoint   ] Safepoint "Cleanup", Time since last: 1302126525 ns, Reaching safepoint: 401621 ns, At safepoint: 7249 ns, Total: 408870 ns
[2023-07-17T18:22:38.713+0000][66][info ][safepoint   ] Safepoint "Cleanup", Time since last: 5410532613 ns, Reaching safepoint: 161657 ns, At safepoint: 59849 ns, Total: 221506 ns
[2023-07-17T18:22:43.776+0000][66][info ][safepoint   ] Safepoint "Cleanup", Time since last: 5063221025 ns, Reaching safepoint: 200120 ns, At safepoint: 46876 ns, Total: 246996 ns
[2023-07-17T18:22:49.778+0000][66][info ][safepoint   ] Safepoint "Cleanup", Time since last: 5999313961 ns, Reaching safepoint: 170746 ns, At safepoint: 76798 ns, Total: 247544 ns
[2023-07-17T18:22:59.671+0000][66][info ][safepoint   ] Safepoint "Cleanup", Time since last: 9892566362 ns, Reaching safepoint: 255928 ns, At safepoint: 5509 ns, Total: 261437 ns
[2023-07-17T18:23:01.673+0000][66][info ][safepoint   ] Safepoint "Cleanup", Time since last: 2002350514 ns, Reaching safepoint: 239467 ns, At safepoint: 6694 ns, Total: 246161 ns
[2023-07-17T18:23:02.835+0000][66][info ][safepoint   ] Safepoint "Cleanup", Time since last: 1160985770 ns, Reaching safepoint: 188459 ns, At safepoint: 5964 ns, Total: 194423 ns
[2023-07-17T18:23:03.953+0000][66][info ][safepoint   ] Safepoint "Cleanup", Time since last: 1118311435 ns, Reaching safepoint: 347300 ns, At safepoint: 14703 ns, Total: 362003 ns
[2023-07-17T18:23:10.455+0000][66][info ][safepoint   ] Safepoint "Cleanup", Time since last: 6501284243 ns, Reaching safepoint: 663083 ns, At safepoint: 25119 ns, Total: 688202 ns
[2023-07-17T18:23:14.168+0000][66][info ][safepoint   ] Safepoint "Cleanup", Time since last: 3712857608 ns, Reaching safepoint: 91960 ns, At safepoint: 31767 ns, Total: 123727 ns
[2023-07-17T18:23:20.043+0000][66][info ][safepoint   ] Safepoint "Cleanup", Time since last: 5874642918 ns, Reaching safepoint: 226055 ns, At safepoint: 12481 ns, Total: 238536 ns
[2023-07-17T18:23:27.316+0000][66][info ][safepoint   ] Safepoint "Cleanup", Time since last: 7272349824 ns, Reaching safepoint: 346840 ns, At safepoint: 7691 ns, Total: 354531 ns
[2023-07-17T18:23:28.806+0000][66][info ][safepoint   ] Safepoint "Cleanup", Time since last: 1489681685 ns, Reaching safepoint: 66012 ns, At safepoint: 34502 ns, Total: 100514 ns
[2023-07-17T18:23:29.807+0000][66][info ][safepoint   ] Safepoint "Cleanup", Time since last: 1000792602 ns, Reaching safepoint: 150356 ns, At safepoint: 26257 ns, Total: 176613 ns
[2023-07-17T18:23:35.836+0000][66][info ][safepoint   ] Safepoint "Cleanup", Time since last: 6028826763 ns, Reaching safepoint: 384463 ns, At safepoint: 34222 ns, Total: 418685 ns
[2023-07-17T18:23:37.765+0000][66][info ][safepoint   ] Safepoint "Cleanup", Time since last: 1928240006 ns, Reaching safepoint: 255486 ns, At safepoint: 20184 ns, Total: 275670 ns
[2023-07-17T18:23:44.653+0000][66][info ][safepoint   ] Safepoint "Cleanup", Time since last: 6887903371 ns, Reaching safepoint: 196509 ns, At safepoint: 6387 ns, Total: 202896 ns
[2023-07-17T18:24:07.798+0000][66][info ][safepoint   ] Safepoint "Cleanup", Time since last: 23144683753 ns, Reaching safepoint: 122706 ns, At safepoint: 108449 ns, Total: 231155 ns
[2023-07-17T18:24:08.815+0000][66][info ][safepoint   ] Safepoint "Cleanup", Time since last: 1017010938 ns, Reaching safepoint: 125787 ns, At safepoint: 33880 ns, Total: 159667 ns
[2023-07-17T18:24:24.387+0000][66][info ][safepoint   ] Safepoint "Cleanup", Time since last: 15571162050 ns, Reaching safepoint: 401262 ns, At safepoint: 18552 ns, Total: 419814 ns
[2023-07-17T18:24:49.687+0000][66][info ][safepoint   ] Safepoint "Cleanup", Time since last: 25299203523 ns, Reaching safepoint: 344490 ns, At safepoint: 44955 ns, Total: 389445 ns
[2023-07-17T18:24:56.046+0000][66][info ][safepoint   ] Safepoint "Cleanup", Time since last: 6359311997 ns, Reaching safepoint: 170331 ns, At safepoint: 30088 ns, Total: 200419 ns
[2023-07-17T18:25:35.456+0000][66][info ][safepoint   ] Safepoint "Cleanup", Time since last: 39408720595 ns, Reaching safepoint: 399003 ns, At safepoint: 7594 ns, Total: 406597 ns
[2023-07-17T18:25:40.969+0000][66][info ][safepoint   ] Safepoint "Cleanup", Time since last: 5513218975 ns, Reaching safepoint: 166507 ns, At safepoint: 10465 ns, Total: 176972 ns
[2023-07-17T18:25:43.817+0000][66][info ][safepoint   ] Safepoint "Cleanup", Time since last: 2847093705 ns, Reaching safepoint: 240017 ns, At safepoint: 38771 ns, Total: 278788 ns
[2023-07-17T18:25:49.807+0000][66][info ][safepoint   ] Safepoint "Cleanup", Time since last: 5989578938 ns, Reaching safepoint: 207147 ns, At safepoint: 96501 ns, Total: 303648 ns
[2023-07-17T18:26:01.820+0000][66][info ][safepoint   ] Safepoint "Cleanup", Time since last: 12013414827 ns, Reaching safepoint: 214909 ns, At safepoint: 7130 ns, Total: 222039 ns
[2023-07-17T18:26:09.435+0000][66][info ][safepoint   ] Safepoint "Cleanup", Time since last: 7614783928 ns, Reaching safepoint: 291600 ns, At safepoint: 6921 ns, Total: 298521 ns
[2023-07-17T18:26:19.700+0000][66][info ][safepoint   ] Safepoint "Cleanup", Time since last: 10264612075 ns, Reaching safepoint: 249078 ns, At safepoint: 42943 ns, Total: 292021 ns
[2023-07-17T18:26:29.730+0000][66][info ][safepoint   ] Safepoint "Cleanup", Time since last: 10029329821 ns, Reaching safepoint: 240243 ns, At safepoint: 28896 ns, Total: 269139 ns
[2023-07-17T18:26:37.828+0000][66][info ][safepoint   ] Safepoint "Cleanup", Time since last: 8097365197 ns, Reaching safepoint: 204339 ns, At safepoint: 39480 ns, Total: 243819 ns
[2023-07-17T18:26:39.752+0000][66][info ][safepoint   ] Safepoint "Cleanup", Time since last: 1924396097 ns, Reaching safepoint: 184919 ns, At safepoint: 79013 ns, Total: 263932 ns
[2023-07-17T18:26:40.753+0000][66][info ][safepoint   ] Safepoint "Cleanup", Time since last: 1000258956 ns, Reaching safepoint: 184944 ns, At safepoint: 121784 ns, Total: 306728 ns
[2023-07-17T18:26:43.818+0000][66][info ][safepoint   ] Safepoint "Cleanup", Time since last: 3065362665 ns, Reaching safepoint: 221257 ns, At safepoint: 30470 ns, Total: 251727 ns
[2023-07-17T18:26:44.994+0000][66][info ][safepoint   ] Safepoint "Cleanup", Time since last: 1175458489 ns, Reaching safepoint: 193803 ns, At safepoint: 31892 ns, Total: 225695 ns
[2023-07-17T18:26:50.909+0000][66][info ][safepoint   ] Safepoint "Cleanup", Time since last: 5914291766 ns, Reaching safepoint: 409852 ns, At safepoint: 28841 ns, Total: 438693 ns
[2023-07-17T18:27:01.820+0000][66][info ][safepoint   ] Safepoint "Cleanup", Time since last: 10910334616 ns, Reaching safepoint: 92153 ns, At safepoint: 3457 ns, Total: 95610 ns
[2023-07-17T18:27:14.056+0000][66][info ][safepoint   ] Safepoint "Cleanup", Time since last: 12236003270 ns, Reaching safepoint: 169828 ns, At safepoint: 44132 ns, Total: 213960 ns
