[2023-07-17T20:03:03.278+0000][67][info][gc,init] CardTable entry size: 512
[2023-07-17T20:03:03.279+0000][67][info][gc     ] Using G1
[2023-07-17T20:03:04.140+0000][67][info][gc,init] Version: 19.0.2+7-44 (release)
[2023-07-17T20:03:04.142+0000][67][info][gc,init] CPUs: 6 total, 6 available
[2023-07-17T20:03:04.143+0000][67][info][gc,init] Memory: 7859M
[2023-07-17T20:03:04.145+0000][67][info][gc,init] Large Page Support: Disabled
[2023-07-17T20:03:04.146+0000][67][info][gc,init] NUMA Support: Disabled
[2023-07-17T20:03:04.147+0000][67][info][gc,init] Compressed Oops: Enabled (Zero based)
[2023-07-17T20:03:04.149+0000][67][info][gc,init] Heap Region Size: 4M
[2023-07-17T20:03:04.150+0000][67][info][gc,init] Heap Min Capacity: 3932M
[2023-07-17T20:03:04.151+0000][67][info][gc,init] Heap Initial Capacity: 3932M
[2023-07-17T20:03:04.153+0000][67][info][gc,init] Heap Max Capacity: 3932M
[2023-07-17T20:03:04.155+0000][67][info][gc,init] Pre-touch: Enabled
[2023-07-17T20:03:04.156+0000][67][info][gc,init] Parallel Workers: 6
[2023-07-17T20:03:04.157+0000][67][info][gc,init] Concurrent Workers: 2
[2023-07-17T20:03:04.158+0000][67][info][gc,init] Concurrent Refinement Workers: 6
[2023-07-17T20:03:04.160+0000][67][info][gc,init] Periodic GC: Disabled
[2023-07-17T20:03:04.162+0000][67][info][gc,metaspace] CDS archive(s) mapped at: [0x0000000800000000-0x0000000800c4f000-0x0000000800c4f000), size 12906496, SharedBaseAddress: 0x0000000800000000, ArchiveRelocationMode: 0.
[2023-07-17T20:03:04.163+0000][67][info][gc,metaspace] Compressed class space mapped at: 0x0000000801000000-0x0000000841000000, reserved size: 1073741824
[2023-07-17T20:03:04.164+0000][67][info][gc,metaspace] Narrow klass base: 0x0000000800000000, Narrow klass shift: 0, Narrow klass range: 0x100000000
[2023-07-17T20:03:04.567+0000][67][info][safepoint   ] Safepoint "ICBufferFull", Time since last: 387175776 ns, Reaching safepoint: 340943 ns, At safepoint: 5389 ns, Total: 346332 ns
[2023-07-17T20:03:05.094+0000][67][info][safepoint   ] Safepoint "ICBufferFull", Time since last: 526483367 ns, Reaching safepoint: 360338 ns, At safepoint: 82335 ns, Total: 442673 ns
[2023-07-17T20:03:05.645+0000][67][info][safepoint   ] Safepoint "ICBufferFull", Time since last: 550205622 ns, Reaching safepoint: 403345 ns, At safepoint: 80446 ns, Total: 483791 ns
[2023-07-17T20:03:05.996+0000][67][info][safepoint   ] Safepoint "ICBufferFull", Time since last: 350834729 ns, Reaching safepoint: 328435 ns, At safepoint: 5652 ns, Total: 334087 ns
[2023-07-17T20:03:06.635+0000][67][info][safepoint   ] Safepoint "ICBufferFull", Time since last: 638763908 ns, Reaching safepoint: 404716 ns, At safepoint: 42578 ns, Total: 447294 ns
[2023-07-17T20:03:07.100+0000][67][info][gc,start    ] GC(0) Pause Young (Normal) (G1 Evacuation Pause)
[2023-07-17T20:03:07.103+0000][67][info][gc,task     ] GC(0) Using 6 workers of 6 for evacuation
[2023-07-17T20:03:07.105+0000][67][debug][gc,age      ] GC(0) Desired survivor size 14680064 bytes, new threshold 15 (max threshold 15)
[2023-07-17T20:03:07.116+0000][67][info ][gc,phases   ] GC(0)   Pre Evacuate Collection Set: 0.7ms
[2023-07-17T20:03:07.117+0000][67][info ][gc,phases   ] GC(0)   Merge Heap Roots: 0.3ms
[2023-07-17T20:03:07.118+0000][67][info ][gc,phases   ] GC(0)   Evacuate Collection Set: 5.7ms
[2023-07-17T20:03:07.119+0000][67][info ][gc,phases   ] GC(0)   Post Evacuate Collection Set: 2.4ms
[2023-07-17T20:03:07.120+0000][67][info ][gc,phases   ] GC(0)   Other: 3.1ms
[2023-07-17T20:03:07.122+0000][67][trace][gc,age      ] GC(0) Age table with threshold 15 (max threshold 15)
[2023-07-17T20:03:07.123+0000][67][trace][gc,age      ] GC(0) - age   1:   11255088 bytes,   11255088 total
[2023-07-17T20:03:07.124+0000][67][info ][gc,heap     ] GC(0) Eden regions: 49->0(46)
[2023-07-17T20:03:07.125+0000][67][info ][gc,heap     ] GC(0) Survivor regions: 0->3(7)
[2023-07-17T20:03:07.127+0000][67][info ][gc,heap     ] GC(0) Old regions: 0->0
[2023-07-17T20:03:07.128+0000][67][info ][gc,heap     ] GC(0) Archive regions: 2->2
[2023-07-17T20:03:07.130+0000][67][info ][gc,heap     ] GC(0) Humongous regions: 0->0
[2023-07-17T20:03:07.132+0000][67][info ][gc,metaspace] GC(0) Metaspace: 17788K(18304K)->17788K(18304K) NonClass: 15797K(16064K)->15797K(16064K) Class: 1991K(2240K)->1991K(2240K)
[2023-07-17T20:03:07.133+0000][67][info ][gc          ] GC(0) Pause Young (Normal) (G1 Evacuation Pause) 199M->15M(3932M) 33.113ms
[2023-07-17T20:03:07.134+0000][67][info ][gc,cpu      ] GC(0) User=0.03s Sys=0.01s Real=0.03s
[2023-07-17T20:03:07.136+0000][67][info ][safepoint   ] Safepoint "G1CollectForAllocation", Time since last: 464355585 ns, Reaching safepoint: 341930 ns, At safepoint: 35539711 ns, Total: 35881641 ns
[2023-07-17T20:03:07.704+0000][67][info ][gc,start    ] GC(1) Pause Young (Concurrent Start) (Metadata GC Threshold)
[2023-07-17T20:03:07.707+0000][67][info ][gc,task     ] GC(1) Using 6 workers of 6 for evacuation
[2023-07-17T20:03:07.709+0000][67][debug][gc,age      ] GC(1) Desired survivor size 14680064 bytes, new threshold 15 (max threshold 15)
[2023-07-17T20:03:07.726+0000][67][info ][gc,phases   ] GC(1)   Pre Evacuate Collection Set: 1.0ms
[2023-07-17T20:03:07.729+0000][67][info ][gc,phases   ] GC(1)   Merge Heap Roots: 0.5ms
[2023-07-17T20:03:07.731+0000][67][info ][gc,phases   ] GC(1)   Evacuate Collection Set: 9.2ms
[2023-07-17T20:03:07.733+0000][67][info ][gc,phases   ] GC(1)   Post Evacuate Collection Set: 3.7ms
[2023-07-17T20:03:07.735+0000][67][info ][gc,phases   ] GC(1)   Other: 5.0ms
[2023-07-17T20:03:07.736+0000][67][trace][gc,age      ] GC(1) Age table with threshold 15 (max threshold 15)
[2023-07-17T20:03:07.738+0000][67][trace][gc,age      ] GC(1) - age   1:    1091336 bytes,    1091336 total
[2023-07-17T20:03:07.739+0000][67][trace][gc,age      ] GC(1) - age   2:    9745496 bytes,   10836832 total
[2023-07-17T20:03:07.742+0000][67][info ][gc,heap     ] GC(1) Eden regions: 14->0(46)
[2023-07-17T20:03:07.743+0000][67][info ][gc,heap     ] GC(1) Survivor regions: 3->3(7)
[2023-07-17T20:03:07.745+0000][67][info ][gc,heap     ] GC(1) Old regions: 0->0
[2023-07-17T20:03:07.747+0000][67][info ][gc,heap     ] GC(1) Archive regions: 2->2
[2023-07-17T20:03:07.748+0000][67][info ][gc,heap     ] GC(1) Humongous regions: 0->0
[2023-07-17T20:03:07.750+0000][67][info ][gc,metaspace] GC(1) Metaspace: 21041K(21504K)->21041K(21504K) NonClass: 18725K(18944K)->18725K(18944K) Class: 2315K(2560K)->2315K(2560K)
[2023-07-17T20:03:07.751+0000][67][info ][gc          ] GC(1) Pause Young (Concurrent Start) (Metadata GC Threshold) 71M->14M(3932M) 47.094ms
[2023-07-17T20:03:07.753+0000][67][info ][gc,cpu      ] GC(1) User=0.06s Sys=0.00s Real=0.05s
[2023-07-17T20:03:07.753+0000][67][info ][gc          ] GC(2) Concurrent Mark Cycle
[2023-07-17T20:03:07.756+0000][67][info ][gc,marking  ] GC(2) Concurrent Clear Claimed Marks
[2023-07-17T20:03:07.758+0000][67][info ][gc,marking  ] GC(2) Concurrent Clear Claimed Marks 1.988ms
[2023-07-17T20:03:07.759+0000][67][info ][gc,marking  ] GC(2) Concurrent Scan Root Regions
[2023-07-17T20:03:07.754+0000][67][info ][safepoint   ] Safepoint "CollectForMetadataAllocation", Time since last: 567963774 ns, Reaching safepoint: 441074 ns, At safepoint: 50246756 ns, Total: 50687830 ns
[2023-07-17T20:03:07.767+0000][67][info ][gc,marking  ] GC(2) Concurrent Scan Root Regions 7.064ms
[2023-07-17T20:03:07.768+0000][67][info ][gc,marking  ] GC(2) Concurrent Mark
[2023-07-17T20:03:07.770+0000][67][info ][gc,marking  ] GC(2) Concurrent Mark From Roots
[2023-07-17T20:03:07.771+0000][67][info ][gc,task     ] GC(2) Using 2 workers of 2 for marking
[2023-07-17T20:03:07.775+0000][67][info ][gc,marking  ] GC(2) Concurrent Mark From Roots 5.705ms
[2023-07-17T20:03:07.777+0000][67][info ][gc,marking  ] GC(2) Concurrent Preclean
[2023-07-17T20:03:07.779+0000][67][info ][gc,marking  ] GC(2) Concurrent Preclean 2.214ms
[2023-07-17T20:03:07.781+0000][67][info ][gc,start    ] GC(2) Pause Remark
[2023-07-17T20:03:07.789+0000][67][info ][gc          ] GC(2) Pause Remark 17M->17M(3932M) 7.570ms
[2023-07-17T20:03:07.791+0000][67][info ][gc,cpu      ] GC(2) User=0.02s Sys=0.00s Real=0.01s
[2023-07-17T20:03:07.795+0000][67][info ][safepoint   ] Safepoint "G1PauseRemark", Time since last: 26553126 ns, Reaching safepoint: 485600 ns, At safepoint: 13390062 ns, Total: 13875662 ns
[2023-07-17T20:03:07.796+0000][67][info ][gc,marking  ] GC(2) Concurrent Mark 28.069ms
[2023-07-17T20:03:07.798+0000][67][info ][gc,marking  ] GC(2) Concurrent Rebuild Remembered Sets
[2023-07-17T20:03:07.800+0000][67][info ][gc,marking  ] GC(2) Concurrent Rebuild Remembered Sets 1.497ms
[2023-07-17T20:03:07.802+0000][67][info ][gc,start    ] GC(2) Pause Cleanup
[2023-07-17T20:03:07.803+0000][67][info ][gc          ] GC(2) Pause Cleanup 17M->17M(3932M) 1.390ms
[2023-07-17T20:03:07.805+0000][67][info ][gc,cpu      ] GC(2) User=0.00s Sys=0.00s Real=0.00s
[2023-07-17T20:03:07.807+0000][67][info ][safepoint   ] Safepoint "G1PauseCleanup", Time since last: 6868833 ns, Reaching safepoint: 512992 ns, At safepoint: 5114237 ns, Total: 5627229 ns
[2023-07-17T20:03:07.809+0000][67][info ][gc,marking  ] GC(2) Concurrent Cleanup for Next Mark
[2023-07-17T20:03:07.817+0000][67][info ][gc,marking  ] GC(2) Concurrent Cleanup for Next Mark 7.549ms
[2023-07-17T20:03:07.818+0000][67][info ][gc          ] GC(2) Concurrent Mark Cycle 65.766ms
[2023-07-17T20:03:08.536+0000][67][info ][safepoint   ] Safepoint "ICBufferFull", Time since last: 728328765 ns, Reaching safepoint: 321492 ns, At safepoint: 4974 ns, Total: 326466 ns
[2023-07-17T20:03:09.141+0000][67][info ][gc,start    ] GC(3) Pause Young (Normal) (G1 Evacuation Pause)
[2023-07-17T20:03:09.143+0000][67][info ][gc,task     ] GC(3) Using 6 workers of 6 for evacuation
[2023-07-17T20:03:09.145+0000][67][debug][gc,age      ] GC(3) Desired survivor size 14680064 bytes, new threshold 15 (max threshold 15)
[2023-07-17T20:03:09.165+0000][67][info ][gc,phases   ] GC(3)   Pre Evacuate Collection Set: 0.4ms
[2023-07-17T20:03:09.167+0000][67][info ][gc,phases   ] GC(3)   Merge Heap Roots: 0.4ms
[2023-07-17T20:03:09.169+0000][67][info ][gc,phases   ] GC(3)   Evacuate Collection Set: 14.7ms
[2023-07-17T20:03:09.170+0000][67][info ][gc,phases   ] GC(3)   Post Evacuate Collection Set: 2.9ms
[2023-07-17T20:03:09.172+0000][67][info ][gc,phases   ] GC(3)   Other: 3.8ms
[2023-07-17T20:03:09.173+0000][67][trace][gc,age      ] GC(3) Age table with threshold 15 (max threshold 15)
[2023-07-17T20:03:09.174+0000][67][trace][gc,age      ] GC(3) - age   1:    6980792 bytes,    6980792 total
[2023-07-17T20:03:09.176+0000][67][trace][gc,age      ] GC(3) - age   2:    1062760 bytes,    8043552 total
[2023-07-17T20:03:09.177+0000][67][trace][gc,age      ] GC(3) - age   3:    9737688 bytes,   17781240 total
[2023-07-17T20:03:09.179+0000][67][info ][gc,heap     ] GC(3) Eden regions: 46->0(76)
[2023-07-17T20:03:09.180+0000][67][info ][gc,heap     ] GC(3) Survivor regions: 3->5(7)
[2023-07-17T20:03:09.181+0000][67][info ][gc,heap     ] GC(3) Old regions: 0->0
[2023-07-17T20:03:09.183+0000][67][info ][gc,heap     ] GC(3) Archive regions: 2->2
[2023-07-17T20:03:09.184+0000][67][info ][gc,heap     ] GC(3) Humongous regions: 0->0
[2023-07-17T20:03:09.185+0000][67][info ][gc,metaspace] GC(3) Metaspace: 25473K(26112K)->25473K(26112K) NonClass: 22555K(22912K)->22555K(22912K) Class: 2918K(3200K)->2918K(3200K)
[2023-07-17T20:03:09.187+0000][67][info ][gc          ] GC(3) Pause Young (Normal) (G1 Evacuation Pause) 198M->22M(3932M) 46.211ms
[2023-07-17T20:03:09.188+0000][67][info ][gc,cpu      ] GC(3) User=0.08s Sys=0.01s Real=0.05s
[2023-07-17T20:03:09.190+0000][67][info ][safepoint   ] Safepoint "G1CollectForAllocation", Time since last: 604406123 ns, Reaching safepoint: 336596 ns, At safepoint: 49520113 ns, Total: 49856709 ns
[2023-07-17T20:03:10.032+0000][67][info ][safepoint   ] Safepoint "ICBufferFull", Time since last: 841000317 ns, Reaching safepoint: 478086 ns, At safepoint: 149973 ns, Total: 628059 ns
[2023-07-17T20:03:10.448+0000][67][info ][gc,start    ] GC(4) Pause Young (Normal) (G1 Evacuation Pause)
[2023-07-17T20:03:10.451+0000][67][info ][gc,task     ] GC(4) Using 6 workers of 6 for evacuation
[2023-07-17T20:03:10.455+0000][67][debug][gc,age      ] GC(4) Desired survivor size 23068672 bytes, new threshold 15 (max threshold 15)
[2023-07-17T20:03:10.475+0000][67][info ][gc,phases   ] GC(4)   Pre Evacuate Collection Set: 0.4ms
[2023-07-17T20:03:10.477+0000][67][info ][gc,phases   ] GC(4)   Merge Heap Roots: 0.4ms
[2023-07-17T20:03:10.479+0000][67][info ][gc,phases   ] GC(4)   Evacuate Collection Set: 13.1ms
[2023-07-17T20:03:10.480+0000][67][info ][gc,phases   ] GC(4)   Post Evacuate Collection Set: 2.7ms
[2023-07-17T20:03:10.482+0000][67][info ][gc,phases   ] GC(4)   Other: 7.1ms
[2023-07-17T20:03:10.483+0000][67][trace][gc,age      ] GC(4) Age table with threshold 15 (max threshold 15)
[2023-07-17T20:03:10.485+0000][67][trace][gc,age      ] GC(4) - age   1:    5629600 bytes,    5629600 total
[2023-07-17T20:03:10.487+0000][67][trace][gc,age      ] GC(4) - age   2:    5200368 bytes,   10829968 total
[2023-07-17T20:03:10.488+0000][67][trace][gc,age      ] GC(4) - age   3:    1062424 bytes,   11892392 total
[2023-07-17T20:03:10.490+0000][67][trace][gc,age      ] GC(4) - age   4:    9733528 bytes,   21625920 total
[2023-07-17T20:03:10.491+0000][67][info ][gc,heap     ] GC(4) Eden regions: 76->0(140)
[2023-07-17T20:03:10.492+0000][67][info ][gc,heap     ] GC(4) Survivor regions: 5->6(11)
[2023-07-17T20:03:10.494+0000][67][info ][gc,heap     ] GC(4) Old regions: 0->0
[2023-07-17T20:03:10.495+0000][67][info ][gc,heap     ] GC(4) Archive regions: 2->2
[2023-07-17T20:03:10.497+0000][67][info ][gc,heap     ] GC(4) Humongous regions: 0->0
[2023-07-17T20:03:10.498+0000][67][info ][gc,metaspace] GC(4) Metaspace: 31265K(31872K)->31265K(31872K) NonClass: 27719K(28096K)->27719K(28096K) Class: 3546K(3776K)->3546K(3776K)
[2023-07-17T20:03:10.499+0000][67][info ][gc          ] GC(4) Pause Young (Normal) (G1 Evacuation Pause) 326M->25M(3932M) 50.794ms
[2023-07-17T20:03:10.500+0000][67][info ][gc,cpu      ] GC(4) User=0.07s Sys=0.00s Real=0.05s
[2023-07-17T20:03:10.502+0000][67][info ][safepoint   ] Safepoint "G1CollectForAllocation", Time since last: 415928284 ns, Reaching safepoint: 643633 ns, At safepoint: 53599937 ns, Total: 54243570 ns
[2023-07-17T20:03:11.503+0000][67][info ][safepoint   ] Safepoint "Cleanup", Time since last: 1001221695 ns, Reaching safepoint: 355690 ns, At safepoint: 81712 ns, Total: 437402 ns
[2023-07-17T20:03:11.953+0000][67][info ][gc,start    ] GC(5) Pause Young (Normal) (G1 Evacuation Pause)
[2023-07-17T20:03:11.955+0000][67][info ][gc,task     ] GC(5) Using 6 workers of 6 for evacuation
[2023-07-17T20:03:11.956+0000][67][debug][gc,age      ] GC(5) Desired survivor size 39845888 bytes, new threshold 15 (max threshold 15)
[2023-07-17T20:03:11.974+0000][67][info ][gc,phases   ] GC(5)   Pre Evacuate Collection Set: 0.4ms
[2023-07-17T20:03:11.976+0000][67][info ][gc,phases   ] GC(5)   Merge Heap Roots: 0.3ms
[2023-07-17T20:03:11.978+0000][67][info ][gc,phases   ] GC(5)   Evacuate Collection Set: 11.5ms
[2023-07-17T20:03:11.979+0000][67][info ][gc,phases   ] GC(5)   Post Evacuate Collection Set: 3.6ms
[2023-07-17T20:03:11.981+0000][67][info ][gc,phases   ] GC(5)   Other: 3.6ms
[2023-07-17T20:03:11.982+0000][67][trace][gc,age      ] GC(5) Age table with threshold 15 (max threshold 15)
[2023-07-17T20:03:11.984+0000][67][trace][gc,age      ] GC(5) - age   1:   10525808 bytes,   10525808 total
[2023-07-17T20:03:11.986+0000][67][trace][gc,age      ] GC(5) - age   2:    4457496 bytes,   14983304 total
[2023-07-17T20:03:11.987+0000][67][trace][gc,age      ] GC(5) - age   3:    5197320 bytes,   20180624 total
[2023-07-17T20:03:11.988+0000][67][trace][gc,age      ] GC(5) - age   4:    1060728 bytes,   21241352 total
[2023-07-17T20:03:11.990+0000][67][trace][gc,age      ] GC(5) - age   5:    9698840 bytes,   30940192 total
[2023-07-17T20:03:11.991+0000][67][info ][gc,heap     ] GC(5) Eden regions: 140->0(465)
[2023-07-17T20:03:11.993+0000][67][info ][gc,heap     ] GC(5) Survivor regions: 6->8(19)
[2023-07-17T20:03:11.994+0000][67][info ][gc,heap     ] GC(5) Old regions: 0->0
[2023-07-17T20:03:11.995+0000][67][info ][gc,heap     ] GC(5) Archive regions: 2->2
[2023-07-17T20:03:11.997+0000][67][info ][gc,heap     ] GC(5) Humongous regions: 0->0
[2023-07-17T20:03:11.998+0000][67][info ][gc,metaspace] GC(5) Metaspace: 33505K(34240K)->33505K(34240K) NonClass: 29664K(30080K)->29664K(30080K) Class: 3841K(4160K)->3841K(4160K)
[2023-07-17T20:03:12.000+0000][67][info ][gc          ] GC(5) Pause Young (Normal) (G1 Evacuation Pause) 585M->35M(3932M) 46.266ms
[2023-07-17T20:03:12.001+0000][67][info ][gc,cpu      ] GC(5) User=0.08s Sys=0.01s Real=0.05s
[2023-07-17T20:03:12.002+0000][67][info ][safepoint   ] Safepoint "G1CollectForAllocation", Time since last: 449540499 ns, Reaching safepoint: 205587 ns, At safepoint: 48858677 ns, Total: 49064264 ns
[2023-07-17T20:03:12.492+0000][67][info ][gc,start    ] GC(6) Pause Young (Concurrent Start) (Metadata GC Threshold)
[2023-07-17T20:03:12.494+0000][67][info ][gc,task     ] GC(6) Using 6 workers of 6 for evacuation
[2023-07-17T20:03:12.495+0000][67][debug][gc,age      ] GC(6) Desired survivor size 125829120 bytes, new threshold 15 (max threshold 15)
[2023-07-17T20:03:12.513+0000][67][info ][gc,phases   ] GC(6)   Pre Evacuate Collection Set: 0.7ms
[2023-07-17T20:03:12.514+0000][67][info ][gc,phases   ] GC(6)   Merge Heap Roots: 0.2ms
[2023-07-17T20:03:12.516+0000][67][info ][gc,phases   ] GC(6)   Evacuate Collection Set: 11.9ms
[2023-07-17T20:03:12.517+0000][67][info ][gc,phases   ] GC(6)   Post Evacuate Collection Set: 3.1ms
[2023-07-17T20:03:12.518+0000][67][info ][gc,phases   ] GC(6)   Other: 3.2ms
[2023-07-17T20:03:12.520+0000][67][trace][gc,age      ] GC(6) Age table with threshold 15 (max threshold 15)
[2023-07-17T20:03:12.521+0000][67][trace][gc,age      ] GC(6) - age   1:    1710432 bytes,    1710432 total
[2023-07-17T20:03:12.523+0000][67][trace][gc,age      ] GC(6) - age   2:    8164216 bytes,    9874648 total
[2023-07-17T20:03:12.524+0000][67][trace][gc,age      ] GC(6) - age   3:    4442336 bytes,   14316984 total
[2023-07-17T20:03:12.525+0000][67][trace][gc,age      ] GC(6) - age   4:    5185072 bytes,   19502056 total
[2023-07-17T20:03:12.526+0000][67][trace][gc,age      ] GC(6) - age   5:    1059000 bytes,   20561056 total
[2023-07-17T20:03:12.527+0000][67][trace][gc,age      ] GC(6) - age   6:    9579728 bytes,   30140784 total
[2023-07-17T20:03:12.528+0000][67][info ][gc,heap     ] GC(6) Eden regions: 28->0(139)
[2023-07-17T20:03:12.530+0000][67][info ][gc,heap     ] GC(6) Survivor regions: 8->8(60)
[2023-07-17T20:03:12.531+0000][67][info ][gc,heap     ] GC(6) Old regions: 0->0
[2023-07-17T20:03:12.532+0000][67][info ][gc,heap     ] GC(6) Archive regions: 2->2
[2023-07-17T20:03:12.534+0000][67][info ][gc,heap     ] GC(6) Humongous regions: 0->0
[2023-07-17T20:03:12.535+0000][67][info ][gc,metaspace] GC(6) Metaspace: 35468K(36288K)->35468K(36288K) NonClass: 31388K(31872K)->31388K(31872K) Class: 4079K(4416K)->4079K(4416K)
[2023-07-17T20:03:12.536+0000][67][info ][gc          ] GC(6) Pause Young (Concurrent Start) (Metadata GC Threshold) 145M->35M(3932M) 43.945ms
[2023-07-17T20:03:12.537+0000][67][info ][gc,cpu      ] GC(6) User=0.10s Sys=0.00s Real=0.04s
[2023-07-17T20:03:12.537+0000][67][info ][gc          ] GC(7) Concurrent Mark Cycle
[2023-07-17T20:03:12.540+0000][67][info ][gc,marking  ] GC(7) Concurrent Clear Claimed Marks
[2023-07-17T20:03:12.541+0000][67][info ][gc,marking  ] GC(7) Concurrent Clear Claimed Marks 1.195ms
[2023-07-17T20:03:12.542+0000][67][info ][gc,marking  ] GC(7) Concurrent Scan Root Regions
[2023-07-17T20:03:12.539+0000][67][info ][safepoint   ] Safepoint "CollectForMetadataAllocation", Time since last: 489483099 ns, Reaching safepoint: 297053 ns, At safepoint: 46799155 ns, Total: 47096208 ns
[2023-07-17T20:03:12.551+0000][67][info ][gc,marking  ] GC(7) Concurrent Scan Root Regions 8.285ms
[2023-07-17T20:03:12.552+0000][67][info ][gc,marking  ] GC(7) Concurrent Mark
[2023-07-17T20:03:12.554+0000][67][info ][gc,marking  ] GC(7) Concurrent Mark From Roots
[2023-07-17T20:03:12.555+0000][67][info ][gc,task     ] GC(7) Using 2 workers of 2 for marking
[2023-07-17T20:03:12.558+0000][67][info ][gc,marking  ] GC(7) Concurrent Mark From Roots 3.956ms
[2023-07-17T20:03:12.561+0000][67][info ][gc,marking  ] GC(7) Concurrent Preclean
[2023-07-17T20:03:12.562+0000][67][info ][gc,marking  ] GC(7) Concurrent Preclean 1.205ms
[2023-07-17T20:03:12.564+0000][67][info ][gc,start    ] GC(7) Pause Remark
[2023-07-17T20:03:12.570+0000][67][info ][gc          ] GC(7) Pause Remark 39M->39M(3932M) 5.820ms
[2023-07-17T20:03:12.572+0000][67][info ][gc,cpu      ] GC(7) User=0.02s Sys=0.00s Real=0.01s
[2023-07-17T20:03:12.573+0000][67][info ][safepoint   ] Safepoint "G1PauseRemark", Time since last: 25237294 ns, Reaching safepoint: 517074 ns, At safepoint: 8752881 ns, Total: 9269955 ns
[2023-07-17T20:03:12.574+0000][67][info ][gc,marking  ] GC(7) Concurrent Mark 21.981ms
[2023-07-17T20:03:12.576+0000][67][info ][gc,marking  ] GC(7) Concurrent Rebuild Remembered Sets
[2023-07-17T20:03:12.577+0000][67][info ][gc,marking  ] GC(7) Concurrent Rebuild Remembered Sets 1.009ms
[2023-07-17T20:03:12.578+0000][67][info ][gc,start    ] GC(7) Pause Cleanup
[2023-07-17T20:03:12.579+0000][67][info ][gc          ] GC(7) Pause Cleanup 39M->39M(3932M) 1.301ms
[2023-07-17T20:03:12.580+0000][67][info ][gc,cpu      ] GC(7) User=0.00s Sys=0.00s Real=0.00s
[2023-07-17T20:03:12.582+0000][67][info ][safepoint   ] Safepoint "G1PauseCleanup", Time since last: 4495932 ns, Reaching safepoint: 145316 ns, At safepoint: 4013876 ns, Total: 4159192 ns
[2023-07-17T20:03:12.584+0000][67][info ][gc,marking  ] GC(7) Concurrent Cleanup for Next Mark
[2023-07-17T20:03:12.589+0000][67][info ][gc,marking  ] GC(7) Concurrent Cleanup for Next Mark 5.787ms
[2023-07-17T20:03:12.591+0000][67][info ][gc          ] GC(7) Concurrent Mark Cycle 54.161ms
[2023-07-17T20:03:13.718+0000][67][info ][safepoint   ] Safepoint "ICBufferFull", Time since last: 1134240450 ns, Reaching safepoint: 1364445 ns, At safepoint: 100640 ns, Total: 1465085 ns
[2023-07-17T20:03:14.281+0000][67][info ][safepoint   ] Safepoint "ICBufferFull", Time since last: 563216365 ns, Reaching safepoint: 516431 ns, At safepoint: 110336 ns, Total: 626767 ns
[2023-07-17T20:03:15.284+0000][67][info ][safepoint   ] Safepoint "Cleanup", Time since last: 1002483607 ns, Reaching safepoint: 525368 ns, At safepoint: 46489 ns, Total: 571857 ns
[2023-07-17T20:03:16.423+0000][67][info ][safepoint   ] Safepoint "ICBufferFull", Time since last: 1138762674 ns, Reaching safepoint: 293541 ns, At safepoint: 7251 ns, Total: 300792 ns
[2023-07-17T20:03:17.426+0000][67][info ][safepoint   ] Safepoint "Cleanup", Time since last: 1002320135 ns, Reaching safepoint: 184458 ns, At safepoint: 3715 ns, Total: 188173 ns
[2023-07-17T20:03:18.446+0000][67][info ][safepoint   ] Safepoint "Cleanup", Time since last: 1019300919 ns, Reaching safepoint: 563706 ns, At safepoint: 114085 ns, Total: 677791 ns
[2023-07-17T20:03:18.652+0000][67][info ][gc,start    ] GC(8) Pause Young (Concurrent Start) (Metadata GC Threshold)
[2023-07-17T20:03:18.654+0000][67][info ][gc,task     ] GC(8) Using 6 workers of 6 for evacuation
[2023-07-17T20:03:18.655+0000][67][debug][gc,age      ] GC(8) Desired survivor size 39845888 bytes, new threshold 15 (max threshold 15)
[2023-07-17T20:03:18.687+0000][67][info ][gc,phases   ] GC(8)   Pre Evacuate Collection Set: 0.6ms
[2023-07-17T20:03:18.689+0000][67][info ][gc,phases   ] GC(8)   Merge Heap Roots: 0.3ms
[2023-07-17T20:03:18.691+0000][67][info ][gc,phases   ] GC(8)   Evacuate Collection Set: 25.2ms
[2023-07-17T20:03:18.692+0000][67][info ][gc,phases   ] GC(8)   Post Evacuate Collection Set: 4.2ms
[2023-07-17T20:03:18.693+0000][67][info ][gc,phases   ] GC(8)   Other: 3.0ms
[2023-07-17T20:03:18.694+0000][67][trace][gc,age      ] GC(8) Age table with threshold 15 (max threshold 15)
[2023-07-17T20:03:18.695+0000][67][trace][gc,age      ] GC(8) - age   1:   25078808 bytes,   25078808 total
[2023-07-17T20:03:18.697+0000][67][trace][gc,age      ] GC(8) - age   2:    1626232 bytes,   26705040 total
[2023-07-17T20:03:18.698+0000][67][trace][gc,age      ] GC(8) - age   3:    8133192 bytes,   34838232 total
[2023-07-17T20:03:18.700+0000][67][trace][gc,age      ] GC(8) - age   4:    4429592 bytes,   39267824 total
[2023-07-17T20:03:18.702+0000][67][trace][gc,age      ] GC(8) - age   5:    5156248 bytes,   44424072 total
[2023-07-17T20:03:18.703+0000][67][trace][gc,age      ] GC(8) - age   6:    1054568 bytes,   45478640 total
[2023-07-17T20:03:18.704+0000][67][trace][gc,age      ] GC(8) - age   7:    9511040 bytes,   54989680 total
[2023-07-17T20:03:18.705+0000][67][info ][gc,heap     ] GC(8) Eden regions: 114->0(239)
[2023-07-17T20:03:18.706+0000][67][info ][gc,heap     ] GC(8) Survivor regions: 8->15(19)
[2023-07-17T20:03:18.708+0000][67][info ][gc,heap     ] GC(8) Old regions: 0->0
[2023-07-17T20:03:18.708+0000][67][info ][gc,heap     ] GC(8) Archive regions: 2->2
[2023-07-17T20:03:18.710+0000][67][info ][gc,heap     ] GC(8) Humongous regions: 0->0
[2023-07-17T20:03:18.711+0000][67][info ][gc,metaspace] GC(8) Metaspace: 59689K(61056K)->59689K(61056K) NonClass: 52275K(53120K)->52275K(53120K) Class: 7413K(7936K)->7413K(7936K)
[2023-07-17T20:03:18.712+0000][67][info ][gc          ] GC(8) Pause Young (Concurrent Start) (Metadata GC Threshold) 491M->60M(3932M) 59.833ms
[2023-07-17T20:03:18.713+0000][67][info ][gc,cpu      ] GC(8) User=0.13s Sys=0.01s Real=0.06s
[2023-07-17T20:03:18.713+0000][67][info ][gc          ] GC(9) Concurrent Mark Cycle
[2023-07-17T20:03:18.716+0000][67][info ][gc,marking  ] GC(9) Concurrent Clear Claimed Marks
[2023-07-17T20:03:18.717+0000][67][info ][gc,marking  ] GC(9) Concurrent Clear Claimed Marks 1.093ms
[2023-07-17T20:03:18.718+0000][67][info ][gc,marking  ] GC(9) Concurrent Scan Root Regions
[2023-07-17T20:03:18.715+0000][67][info ][safepoint   ] Safepoint "CollectForMetadataAllocation", Time since last: 206100981 ns, Reaching safepoint: 257158 ns, At safepoint: 62475420 ns, Total: 62732578 ns
[2023-07-17T20:03:18.742+0000][67][info ][gc,marking  ] GC(9) Concurrent Scan Root Regions 23.342ms
[2023-07-17T20:03:18.743+0000][67][info ][gc,marking  ] GC(9) Concurrent Mark
[2023-07-17T20:03:18.745+0000][67][info ][gc,marking  ] GC(9) Concurrent Mark From Roots
[2023-07-17T20:03:18.746+0000][67][info ][gc,task     ] GC(9) Using 2 workers of 2 for marking
[2023-07-17T20:03:18.749+0000][67][info ][gc,marking  ] GC(9) Concurrent Mark From Roots 4.228ms
[2023-07-17T20:03:18.751+0000][67][info ][gc,marking  ] GC(9) Concurrent Preclean
[2023-07-17T20:03:18.752+0000][67][info ][gc,marking  ] GC(9) Concurrent Preclean 1.014ms
[2023-07-17T20:03:18.754+0000][67][info ][gc,start    ] GC(9) Pause Remark
[2023-07-17T20:03:18.760+0000][67][info ][gc          ] GC(9) Pause Remark 65M->65M(3932M) 6.292ms
[2023-07-17T20:03:18.762+0000][67][info ][gc,cpu      ] GC(9) User=0.02s Sys=0.01s Real=0.01s
[2023-07-17T20:03:18.763+0000][67][info ][safepoint   ] Safepoint "G1PauseRemark", Time since last: 38845274 ns, Reaching safepoint: 518770 ns, At safepoint: 9081518 ns, Total: 9600288 ns
[2023-07-17T20:03:18.765+0000][67][info ][gc,marking  ] GC(9) Concurrent Mark 21.198ms
[2023-07-17T20:03:18.766+0000][67][info ][gc,marking  ] GC(9) Concurrent Rebuild Remembered Sets
[2023-07-17T20:03:18.767+0000][67][info ][gc,marking  ] GC(9) Concurrent Rebuild Remembered Sets 0.999ms
[2023-07-17T20:03:18.768+0000][67][info ][gc,start    ] GC(9) Pause Cleanup
[2023-07-17T20:03:18.769+0000][67][info ][gc          ] GC(9) Pause Cleanup 65M->65M(3932M) 0.971ms
[2023-07-17T20:03:18.770+0000][67][info ][gc,cpu      ] GC(9) User=0.00s Sys=0.00s Real=0.00s
[2023-07-17T20:03:18.771+0000][67][info ][safepoint   ] Safepoint "G1PauseCleanup", Time since last: 4278780 ns, Reaching safepoint: 372965 ns, At safepoint: 3336465 ns, Total: 3709430 ns
[2023-07-17T20:03:18.772+0000][67][info ][gc,marking  ] GC(9) Concurrent Cleanup for Next Mark
[2023-07-17T20:03:18.777+0000][67][info ][gc,marking  ] GC(9) Concurrent Cleanup for Next Mark 4.749ms
[2023-07-17T20:03:18.779+0000][67][info ][gc          ] GC(9) Concurrent Mark Cycle 65.265ms
[2023-07-17T20:03:19.774+0000][67][info ][safepoint   ] Safepoint "Cleanup", Time since last: 1001584144 ns, Reaching safepoint: 634991 ns, At safepoint: 296919 ns, Total: 931910 ns
[2023-07-17T20:03:21.197+0000][67][info ][safepoint   ] Safepoint "Cleanup", Time since last: 1421878389 ns, Reaching safepoint: 1084309 ns, At safepoint: 79881 ns, Total: 1164190 ns
[2023-07-17T20:03:22.292+0000][67][info ][safepoint   ] Safepoint "Cleanup", Time since last: 1094869358 ns, Reaching safepoint: 692532 ns, At safepoint: 91391 ns, Total: 783923 ns
[2023-07-17T20:03:23.256+0000][67][info ][safepoint   ] Safepoint "ICBufferFull", Time since last: 963387753 ns, Reaching safepoint: 409301 ns, At safepoint: 45586 ns, Total: 454887 ns
[2023-07-17T20:03:23.638+0000][67][info ][gc,start    ] GC(10) Pause Young (Concurrent Start) (Metadata GC Threshold)
[2023-07-17T20:03:23.640+0000][67][info ][gc,task     ] GC(10) Using 6 workers of 6 for evacuation
[2023-07-17T20:03:23.642+0000][67][debug][gc,age      ] GC(10) Desired survivor size 67108864 bytes, new threshold 15 (max threshold 15)
[2023-07-17T20:03:23.694+0000][67][info ][gc,phases   ] GC(10)   Pre Evacuate Collection Set: 0.6ms
[2023-07-17T20:03:23.696+0000][67][info ][gc,phases   ] GC(10)   Merge Heap Roots: 0.5ms
[2023-07-17T20:03:23.699+0000][67][info ][gc,phases   ] GC(10)   Evacuate Collection Set: 43.1ms
[2023-07-17T20:03:23.701+0000][67][info ][gc,phases   ] GC(10)   Post Evacuate Collection Set: 5.9ms
[2023-07-17T20:03:23.704+0000][67][info ][gc,phases   ] GC(10)   Other: 4.1ms
[2023-07-17T20:03:23.707+0000][67][trace][gc,age      ] GC(10) Age table with threshold 15 (max threshold 15)
[2023-07-17T20:03:23.709+0000][67][trace][gc,age      ] GC(10) - age   1:   16195736 bytes,   16195736 total
[2023-07-17T20:03:23.712+0000][67][trace][gc,age      ] GC(10) - age   2:   24535920 bytes,   40731656 total
[2023-07-17T20:03:23.713+0000][67][trace][gc,age      ] GC(10) - age   3:    1616048 bytes,   42347704 total
[2023-07-17T20:03:23.716+0000][67][trace][gc,age      ] GC(10) - age   4:    8079088 bytes,   50426792 total
[2023-07-17T20:03:23.718+0000][67][trace][gc,age      ] GC(10) - age   5:    4403312 bytes,   54830104 total
[2023-07-17T20:03:23.719+0000][67][trace][gc,age      ] GC(10) - age   6:    5138344 bytes,   59968448 total
[2023-07-17T20:03:23.721+0000][67][trace][gc,age      ] GC(10) - age   7:    1048368 bytes,   61016816 total
[2023-07-17T20:03:23.722+0000][67][trace][gc,age      ] GC(10) - age   8:    9487088 bytes,   70503904 total
[2023-07-17T20:03:23.724+0000][67][info ][gc,heap     ] GC(10) Eden regions: 116->0(105)
[2023-07-17T20:03:23.727+0000][67][info ][gc,heap     ] GC(10) Survivor regions: 15->18(32)
[2023-07-17T20:03:23.729+0000][67][info ][gc,heap     ] GC(10) Old regions: 0->0
[2023-07-17T20:03:23.732+0000][67][info ][gc,heap     ] GC(10) Archive regions: 2->2
[2023-07-17T20:03:23.733+0000][67][info ][gc,heap     ] GC(10) Humongous regions: 0->0
[2023-07-17T20:03:23.736+0000][67][info ][gc,metaspace] GC(10) Metaspace: 99762K(102208K)->99762K(102208K) NonClass: 86750K(88064K)->86750K(88064K) Class: 13012K(14144K)->13012K(14144K)
[2023-07-17T20:03:23.738+0000][67][info ][gc          ] GC(10) Pause Young (Concurrent Start) (Metadata GC Threshold) 524M->75M(3932M) 100.284ms
[2023-07-17T20:03:23.740+0000][67][info ][gc,cpu      ] GC(10) User=0.21s Sys=0.01s Real=0.10s
[2023-07-17T20:03:23.740+0000][67][info ][gc          ] GC(11) Concurrent Mark Cycle
[2023-07-17T20:03:23.743+0000][67][info ][safepoint   ] Safepoint "CollectForMetadataAllocation", Time since last: 381302634 ns, Reaching safepoint: 253090 ns, At safepoint: 105045064 ns, Total: 105298154 ns
[2023-07-17T20:03:23.744+0000][67][info ][gc,marking  ] GC(11) Concurrent Clear Claimed Marks
[2023-07-17T20:03:23.753+0000][67][info ][gc,marking  ] GC(11) Concurrent Clear Claimed Marks 9.094ms
[2023-07-17T20:03:23.758+0000][67][info ][gc,marking  ] GC(11) Concurrent Scan Root Regions
[2023-07-17T20:03:23.829+0000][67][info ][gc,marking  ] GC(11) Concurrent Scan Root Regions 71.041ms
[2023-07-17T20:03:23.834+0000][67][info ][gc,marking  ] GC(11) Concurrent Mark
[2023-07-17T20:03:23.837+0000][67][info ][gc,marking  ] GC(11) Concurrent Mark From Roots
[2023-07-17T20:03:23.840+0000][67][info ][gc,task     ] GC(11) Using 2 workers of 2 for marking
[2023-07-17T20:03:23.848+0000][67][info ][gc,marking  ] GC(11) Concurrent Mark From Roots 11.476ms
[2023-07-17T20:03:23.851+0000][67][info ][gc,marking  ] GC(11) Concurrent Preclean
[2023-07-17T20:03:23.854+0000][67][info ][gc,marking  ] GC(11) Concurrent Preclean 3.404ms
[2023-07-17T20:03:23.857+0000][67][info ][gc,start    ] GC(11) Pause Remark
[2023-07-17T20:03:23.866+0000][67][info ][gc          ] GC(11) Pause Remark 83M->83M(3932M) 9.077ms
[2023-07-17T20:03:23.870+0000][67][info ][gc,cpu      ] GC(11) User=0.03s Sys=0.01s Real=0.02s
[2023-07-17T20:03:23.871+0000][67][info ][safepoint   ] Safepoint "G1PauseRemark", Time since last: 113566752 ns, Reaching safepoint: 596658 ns, At safepoint: 14348023 ns, Total: 14944681 ns
[2023-07-17T20:03:23.874+0000][67][info ][gc,marking  ] GC(11) Concurrent Mark 39.224ms
[2023-07-17T20:03:23.876+0000][67][info ][gc,marking  ] GC(11) Concurrent Rebuild Remembered Sets
[2023-07-17T20:03:23.879+0000][67][info ][gc,marking  ] GC(11) Concurrent Rebuild Remembered Sets 3.271ms
[2023-07-17T20:03:23.883+0000][67][info ][gc,start    ] GC(11) Pause Cleanup
[2023-07-17T20:03:23.885+0000][67][info ][gc          ] GC(11) Pause Cleanup 83M->83M(3932M) 1.834ms
[2023-07-17T20:03:23.886+0000][67][info ][gc,cpu      ] GC(11) User=0.01s Sys=0.00s Real=0.00s
[2023-07-17T20:03:23.888+0000][67][info ][safepoint   ] Safepoint "G1PauseCleanup", Time since last: 10519384 ns, Reaching safepoint: 761309 ns, At safepoint: 5715966 ns, Total: 6477275 ns
[2023-07-17T20:03:23.890+0000][67][info ][gc,marking  ] GC(11) Concurrent Cleanup for Next Mark
[2023-07-17T20:03:23.902+0000][67][info ][gc,marking  ] GC(11) Concurrent Cleanup for Next Mark 11.967ms
[2023-07-17T20:03:23.904+0000][67][info ][gc          ] GC(11) Concurrent Mark Cycle 164.299ms
[2023-07-17T20:03:24.971+0000][67][info ][safepoint   ] Safepoint "Cleanup", Time since last: 1081913528 ns, Reaching safepoint: 781810 ns, At safepoint: 47976 ns, Total: 829786 ns
[2023-07-17T20:03:25.272+0000][67][info ][safepoint   ] Safepoint "ICBufferFull", Time since last: 300089390 ns, Reaching safepoint: 251301 ns, At safepoint: 86030 ns, Total: 337331 ns
[2023-07-17T20:03:25.910+0000][67][info ][safepoint   ] Safepoint "ICBufferFull", Time since last: 637724451 ns, Reaching safepoint: 626518 ns, At safepoint: 84517 ns, Total: 711035 ns
[2023-07-17T20:03:25.913+0000][67][info ][safepoint   ] Safepoint "ICBufferFull", Time since last: 2124558 ns, Reaching safepoint: 573693 ns, At safepoint: 388880 ns, Total: 962573 ns
[2023-07-17T20:03:26.917+0000][67][info ][safepoint   ] Safepoint "ICBufferFull", Time since last: 1003196657 ns, Reaching safepoint: 535397 ns, At safepoint: 58897 ns, Total: 594294 ns
[2023-07-17T20:03:28.112+0000][67][info ][safepoint   ] Safepoint "Cleanup", Time since last: 1193936413 ns, Reaching safepoint: 628221 ns, At safepoint: 333645 ns, Total: 961866 ns
[2023-07-17T20:03:28.543+0000][67][info ][safepoint   ] Safepoint "ICBufferFull", Time since last: 430606675 ns, Reaching safepoint: 457345 ns, At safepoint: 111574 ns, Total: 568919 ns
[2023-07-17T20:03:29.566+0000][67][info ][safepoint   ] Safepoint "Cleanup", Time since last: 1022427793 ns, Reaching safepoint: 294851 ns, At safepoint: 61593 ns, Total: 356444 ns
[2023-07-17T20:03:30.570+0000][67][info ][safepoint   ] Safepoint "Cleanup", Time since last: 1003911122 ns, Reaching safepoint: 259767 ns, At safepoint: 15170 ns, Total: 274937 ns
[2023-07-17T20:03:31.576+0000][67][info ][safepoint   ] Safepoint "Cleanup", Time since last: 1005235938 ns, Reaching safepoint: 300772 ns, At safepoint: 50053 ns, Total: 350825 ns
[2023-07-17T20:03:33.170+0000][67][info ][safepoint   ] Safepoint "Cleanup", Time since last: 1594080042 ns, Reaching safepoint: 333065 ns, At safepoint: 7582 ns, Total: 340647 ns
[2023-07-17T20:03:35.173+0000][67][info ][safepoint   ] Safepoint "Cleanup", Time since last: 2002634047 ns, Reaching safepoint: 317393 ns, At safepoint: 5779 ns, Total: 323172 ns
[2023-07-17T20:03:36.176+0000][67][info ][safepoint   ] Safepoint "Cleanup", Time since last: 1002125759 ns, Reaching safepoint: 376622 ns, At safepoint: 8926 ns, Total: 385548 ns
[2023-07-17T20:03:37.180+0000][67][info ][safepoint   ] Safepoint "Cleanup", Time since last: 1004045095 ns, Reaching safepoint: 585033 ns, At safepoint: 21541 ns, Total: 606574 ns
[2023-07-17T20:03:38.183+0000][67][info ][safepoint   ] Safepoint "Cleanup", Time since last: 1002489804 ns, Reaching safepoint: 430276 ns, At safepoint: 14355 ns, Total: 444631 ns
[2023-07-17T20:03:39.186+0000][67][info ][safepoint   ] Safepoint "Cleanup", Time since last: 1002510249 ns, Reaching safepoint: 317423 ns, At safepoint: 5944 ns, Total: 323367 ns
[2023-07-17T20:03:40.189+0000][67][info ][safepoint   ] Safepoint "Cleanup", Time since last: 1001973542 ns, Reaching safepoint: 424894 ns, At safepoint: 13066 ns, Total: 437960 ns
[2023-07-17T20:03:41.481+0000][67][info ][safepoint   ] Safepoint "Cleanup", Time since last: 1292180799 ns, Reaching safepoint: 452644 ns, At safepoint: 6364 ns, Total: 459008 ns
[2023-07-17T20:03:43.484+0000][67][info ][safepoint   ] Safepoint "Cleanup", Time since last: 2002881987 ns, Reaching safepoint: 344256 ns, At safepoint: 5288 ns, Total: 349544 ns
[2023-07-17T20:03:44.487+0000][67][info ][safepoint   ] Safepoint "Cleanup", Time since last: 1002158609 ns, Reaching safepoint: 611867 ns, At safepoint: 14598 ns, Total: 626465 ns
[2023-07-17T20:03:47.490+0000][67][info ][safepoint   ] Safepoint "Cleanup", Time since last: 3002552761 ns, Reaching safepoint: 376578 ns, At safepoint: 13280 ns, Total: 389858 ns
[2023-07-17T20:03:50.497+0000][67][info ][safepoint   ] Safepoint "Cleanup", Time since last: 3006628007 ns, Reaching safepoint: 450971 ns, At safepoint: 10353 ns, Total: 461324 ns
[2023-07-17T20:03:55.500+0000][67][info ][safepoint   ] Safepoint "Cleanup", Time since last: 5002763464 ns, Reaching safepoint: 304691 ns, At safepoint: 13386 ns, Total: 318077 ns
[2023-07-17T20:03:56.503+0000][67][info ][safepoint   ] Safepoint "Cleanup", Time since last: 1002058145 ns, Reaching safepoint: 287942 ns, At safepoint: 44212 ns, Total: 332154 ns
[2023-07-17T20:03:58.505+0000][67][info ][safepoint   ] Safepoint "Cleanup", Time since last: 2002264792 ns, Reaching safepoint: 330115 ns, At safepoint: 4710 ns, Total: 334825 ns
[2023-07-17T20:03:59.507+0000][67][info ][safepoint   ] Safepoint "Cleanup", Time since last: 1001839187 ns, Reaching safepoint: 325705 ns, At safepoint: 5151 ns, Total: 330856 ns
[2023-07-17T20:04:00.510+0000][67][info ][safepoint   ] Safepoint "Cleanup", Time since last: 1001985775 ns, Reaching safepoint: 372159 ns, At safepoint: 125432 ns, Total: 497591 ns
[2023-07-17T20:04:02.513+0000][67][info ][safepoint   ] Safepoint "Cleanup", Time since last: 2002524802 ns, Reaching safepoint: 267369 ns, At safepoint: 5190 ns, Total: 272559 ns
[2023-07-17T20:04:03.515+0000][67][info ][safepoint   ] Safepoint "Cleanup", Time since last: 1002122982 ns, Reaching safepoint: 298996 ns, At safepoint: 10815 ns, Total: 309811 ns
[2023-07-17T20:04:04.518+0000][67][info ][safepoint   ] Safepoint "Cleanup", Time since last: 1001935279 ns, Reaching safepoint: 283397 ns, At safepoint: 10844 ns, Total: 294241 ns
[2023-07-17T20:04:07.521+0000][67][info ][safepoint   ] Safepoint "Cleanup", Time since last: 3002495983 ns, Reaching safepoint: 379677 ns, At safepoint: 13071 ns, Total: 392748 ns
[2023-07-17T20:04:10.523+0000][67][info ][safepoint   ] Safepoint "Cleanup", Time since last: 3002322880 ns, Reaching safepoint: 265208 ns, At safepoint: 4465 ns, Total: 269673 ns
[2023-07-17T20:04:11.525+0000][67][info ][safepoint   ] Safepoint "Cleanup", Time since last: 1001908032 ns, Reaching safepoint: 258320 ns, At safepoint: 5911 ns, Total: 264231 ns
[2023-07-17T20:04:18.529+0000][67][info ][safepoint   ] Safepoint "Cleanup", Time since last: 7003498233 ns, Reaching safepoint: 354401 ns, At safepoint: 9501 ns, Total: 363902 ns
[2023-07-17T20:04:20.039+0000][67][info ][safepoint   ] Safepoint "Cleanup", Time since last: 1508792006 ns, Reaching safepoint: 451008 ns, At safepoint: 50633 ns, Total: 501641 ns
[2023-07-17T20:04:21.042+0000][67][info ][safepoint   ] Safepoint "Cleanup", Time since last: 1002534295 ns, Reaching safepoint: 491802 ns, At safepoint: 51100 ns, Total: 542902 ns
[2023-07-17T20:04:23.044+0000][67][info ][safepoint   ] Safepoint "Cleanup", Time since last: 2002478885 ns, Reaching safepoint: 371734 ns, At safepoint: 11123 ns, Total: 382857 ns
[2023-07-17T20:04:24.214+0000][67][info ][safepoint   ] Safepoint "Cleanup", Time since last: 1169220784 ns, Reaching safepoint: 450523 ns, At safepoint: 137613 ns, Total: 588136 ns
[2023-07-17T20:04:24.414+0000][67][info ][safepoint   ] Safepoint "ICBufferFull", Time since last: 199310982 ns, Reaching safepoint: 355999 ns, At safepoint: 54102 ns, Total: 410101 ns
[2023-07-17T20:04:25.472+0000][67][info ][safepoint   ] Safepoint "Cleanup", Time since last: 1057420926 ns, Reaching safepoint: 383774 ns, At safepoint: 199904 ns, Total: 583678 ns
[2023-07-17T20:04:26.003+0000][67][info ][safepoint   ] Safepoint "ICBufferFull", Time since last: 529547493 ns, Reaching safepoint: 815405 ns, At safepoint: 170973 ns, Total: 986378 ns
[2023-07-17T20:04:27.023+0000][67][info ][safepoint   ] Safepoint "Cleanup", Time since last: 1019854248 ns, Reaching safepoint: 414258 ns, At safepoint: 147126 ns, Total: 561384 ns
[2023-07-17T20:04:27.539+0000][67][info ][safepoint   ] Safepoint "ICBufferFull", Time since last: 514882761 ns, Reaching safepoint: 1223206 ns, At safepoint: 54409 ns, Total: 1277615 ns
[2023-07-17T20:04:28.205+0000][67][info ][safepoint   ] Safepoint "ICBufferFull", Time since last: 665909089 ns, Reaching safepoint: 404461 ns, At safepoint: 18972 ns, Total: 423433 ns
[2023-07-17T20:04:30.090+0000][67][info ][safepoint   ] Safepoint "Cleanup", Time since last: 1884551674 ns, Reaching safepoint: 451895 ns, At safepoint: 6361 ns, Total: 458256 ns
[2023-07-17T20:04:31.243+0000][67][info ][safepoint   ] Safepoint "Cleanup", Time since last: 1152467613 ns, Reaching safepoint: 348113 ns, At safepoint: 60378 ns, Total: 408491 ns
[2023-07-17T20:04:32.706+0000][67][info ][safepoint   ] Safepoint "Cleanup", Time since last: 1461717586 ns, Reaching safepoint: 452350 ns, At safepoint: 16427 ns, Total: 468777 ns
[2023-07-17T20:04:33.720+0000][67][info ][safepoint   ] Safepoint "Cleanup", Time since last: 1014092301 ns, Reaching safepoint: 228257 ns, At safepoint: 46333 ns, Total: 274590 ns
[2023-07-17T20:04:35.199+0000][67][info ][safepoint   ] Safepoint "Cleanup", Time since last: 1478686519 ns, Reaching safepoint: 309686 ns, At safepoint: 6592 ns, Total: 316278 ns
[2023-07-17T20:04:36.202+0000][67][info ][safepoint   ] Safepoint "Cleanup", Time since last: 1002413950 ns, Reaching safepoint: 354487 ns, At safepoint: 6274 ns, Total: 360761 ns
[2023-07-17T20:04:37.205+0000][67][info ][safepoint   ] Safepoint "Cleanup", Time since last: 1002467871 ns, Reaching safepoint: 678676 ns, At safepoint: 9860 ns, Total: 688536 ns
[2023-07-17T20:04:38.208+0000][67][info ][safepoint   ] Safepoint "Cleanup", Time since last: 1002612452 ns, Reaching safepoint: 385338 ns, At safepoint: 19148 ns, Total: 404486 ns
[2023-07-17T20:04:39.211+0000][67][info ][safepoint   ] Safepoint "Cleanup", Time since last: 1002469821 ns, Reaching safepoint: 508425 ns, At safepoint: 22842 ns, Total: 531267 ns
[2023-07-17T20:04:40.514+0000][67][info ][safepoint   ] Safepoint "Cleanup", Time since last: 1302407506 ns, Reaching safepoint: 278128 ns, At safepoint: 56368 ns, Total: 334496 ns
[2023-07-17T20:04:41.771+0000][67][info ][safepoint   ] Safepoint "Cleanup", Time since last: 1257188785 ns, Reaching safepoint: 280163 ns, At safepoint: 44302 ns, Total: 324465 ns
[2023-07-17T20:04:42.786+0000][67][info ][safepoint   ] Safepoint "Cleanup", Time since last: 1014172023 ns, Reaching safepoint: 521111 ns, At safepoint: 11915 ns, Total: 533026 ns
[2023-07-17T20:04:44.790+0000][67][info ][safepoint   ] Safepoint "Cleanup", Time since last: 2003310789 ns, Reaching safepoint: 529356 ns, At safepoint: 12925 ns, Total: 542281 ns
[2023-07-17T20:04:45.544+0000][67][info ][gc,start    ] GC(12) Pause Young (Normal) (G1 Evacuation Pause)
[2023-07-17T20:04:45.546+0000][67][info ][gc,task     ] GC(12) Using 6 workers of 6 for evacuation
[2023-07-17T20:04:45.548+0000][67][debug][gc,age      ] GC(12) Desired survivor size 33554432 bytes, new threshold 2 (max threshold 15)
[2023-07-17T20:04:45.608+0000][67][info ][gc,phases   ] GC(12)   Pre Evacuate Collection Set: 0.5ms
[2023-07-17T20:04:45.610+0000][67][info ][gc,phases   ] GC(12)   Merge Heap Roots: 0.3ms
[2023-07-17T20:04:45.611+0000][67][info ][gc,phases   ] GC(12)   Evacuate Collection Set: 52.1ms
[2023-07-17T20:04:45.612+0000][67][info ][gc,phases   ] GC(12)   Post Evacuate Collection Set: 6.3ms
[2023-07-17T20:04:45.614+0000][67][info ][gc,phases   ] GC(12)   Other: 2.3ms
[2023-07-17T20:04:45.615+0000][67][trace][gc,age      ] GC(12) Age table with threshold 2 (max threshold 15)
[2023-07-17T20:04:45.617+0000][67][trace][gc,age      ] GC(12) - age   1:   33131864 bytes,   33131864 total
[2023-07-17T20:04:45.618+0000][67][trace][gc,age      ] GC(12) - age   2:   15150168 bytes,   48282032 total
[2023-07-17T20:04:45.619+0000][67][info ][gc,heap     ] GC(12) Eden regions: 105->0(249)
[2023-07-17T20:04:45.620+0000][67][info ][gc,heap     ] GC(12) Survivor regions: 18->14(16)
[2023-07-17T20:04:45.621+0000][67][info ][gc,heap     ] GC(12) Old regions: 0->14
[2023-07-17T20:04:45.622+0000][67][info ][gc,heap     ] GC(12) Archive regions: 2->2
[2023-07-17T20:04:45.623+0000][67][info ][gc,heap     ] GC(12) Humongous regions: 0->0
[2023-07-17T20:04:45.624+0000][67][info ][gc,metaspace] GC(12) Metaspace: 129534K(132800K)->129534K(132800K) NonClass: 112178K(113856K)->112178K(113856K) Class: 17355K(18944K)->17355K(18944K)
[2023-07-17T20:04:45.625+0000][67][info ][gc          ] GC(12) Pause Young (Normal) (G1 Evacuation Pause) 495M->110M(3932M) 81.556ms
[2023-07-17T20:04:45.627+0000][67][info ][gc,cpu      ] GC(12) User=0.28s Sys=0.01s Real=0.08s
[2023-07-17T20:04:45.628+0000][67][info ][safepoint   ] Safepoint "G1CollectForAllocation", Time since last: 753475951 ns, Reaching safepoint: 367380 ns, At safepoint: 84105576 ns, Total: 84472956 ns
[2023-07-17T20:04:47.128+0000][67][info ][safepoint   ] Safepoint "Cleanup", Time since last: 1495191518 ns, Reaching safepoint: 4525549 ns, At safepoint: 57602 ns, Total: 4583151 ns
[2023-07-17T20:04:49.133+0000][67][info ][safepoint   ] Safepoint "Cleanup", Time since last: 2004602089 ns, Reaching safepoint: 322269 ns, At safepoint: 5846 ns, Total: 328115 ns
[2023-07-17T20:04:50.136+0000][67][info ][safepoint   ] Safepoint "Cleanup", Time since last: 1002097588 ns, Reaching safepoint: 774800 ns, At safepoint: 39109 ns, Total: 813909 ns
[2023-07-17T20:04:51.139+0000][67][info ][safepoint   ] Safepoint "Cleanup", Time since last: 1002946124 ns, Reaching safepoint: 364831 ns, At safepoint: 86256 ns, Total: 451087 ns
[2023-07-17T20:04:52.490+0000][67][info ][safepoint   ] Safepoint "Cleanup", Time since last: 1350884847 ns, Reaching safepoint: 282480 ns, At safepoint: 50570 ns, Total: 333050 ns
[2023-07-17T20:04:53.623+0000][67][info ][safepoint   ] Safepoint "Cleanup", Time since last: 1132171397 ns, Reaching safepoint: 918685 ns, At safepoint: 23403 ns, Total: 942088 ns
[2023-07-17T20:04:54.626+0000][67][info ][safepoint   ] Safepoint "Cleanup", Time since last: 1002712259 ns, Reaching safepoint: 466719 ns, At safepoint: 10207 ns, Total: 476926 ns
[2023-07-17T20:04:57.343+0000][67][info ][safepoint   ] Safepoint "Cleanup", Time since last: 2716387967 ns, Reaching safepoint: 240486 ns, At safepoint: 71651 ns, Total: 312137 ns
[2023-07-17T20:04:59.034+0000][67][info ][safepoint   ] Safepoint "Cleanup", Time since last: 1690179588 ns, Reaching safepoint: 371918 ns, At safepoint: 11521 ns, Total: 383439 ns
[2023-07-17T20:05:00.037+0000][67][info ][safepoint   ] Safepoint "Cleanup", Time since last: 1002454445 ns, Reaching safepoint: 352310 ns, At safepoint: 6993 ns, Total: 359303 ns
[2023-07-17T20:05:01.039+0000][67][info ][safepoint   ] Safepoint "Cleanup", Time since last: 1002046354 ns, Reaching safepoint: 370606 ns, At safepoint: 15357 ns, Total: 385963 ns
[2023-07-17T20:05:02.044+0000][67][info ][safepoint   ] Safepoint "Cleanup", Time since last: 1003802749 ns, Reaching safepoint: 793205 ns, At safepoint: 22425 ns, Total: 815630 ns
[2023-07-17T20:05:03.334+0000][67][info ][safepoint   ] Safepoint "Cleanup", Time since last: 1290409496 ns, Reaching safepoint: 222787 ns, At safepoint: 57464 ns, Total: 280251 ns
[2023-07-17T20:05:04.347+0000][67][info ][safepoint   ] Safepoint "Cleanup", Time since last: 1011759084 ns, Reaching safepoint: 259889 ns, At safepoint: 77453 ns, Total: 337342 ns
[2023-07-17T20:05:05.446+0000][67][info ][safepoint   ] Safepoint "Cleanup", Time since last: 1099416799 ns, Reaching safepoint: 344522 ns, At safepoint: 5529 ns, Total: 350051 ns
[2023-07-17T20:05:06.449+0000][67][info ][safepoint   ] Safepoint "Cleanup", Time since last: 1001788288 ns, Reaching safepoint: 379149 ns, At safepoint: 12039 ns, Total: 391188 ns
[2023-07-17T20:05:07.451+0000][67][info ][safepoint   ] Safepoint "Cleanup", Time since last: 1002345281 ns, Reaching safepoint: 445444 ns, At safepoint: 33352 ns, Total: 478796 ns
[2023-07-17T20:05:09.399+0000][67][info ][safepoint   ] Safepoint "Cleanup", Time since last: 1947549770 ns, Reaching safepoint: 215648 ns, At safepoint: 62181 ns, Total: 277829 ns
[2023-07-17T20:05:10.843+0000][67][info ][safepoint   ] Safepoint "Cleanup", Time since last: 1444021802 ns, Reaching safepoint: 216819 ns, At safepoint: 52826 ns, Total: 269645 ns
[2023-07-17T20:05:12.166+0000][67][info ][safepoint   ] Safepoint "Cleanup", Time since last: 1322395111 ns, Reaching safepoint: 216941 ns, At safepoint: 5825 ns, Total: 222766 ns
[2023-07-17T20:05:13.168+0000][67][info ][safepoint   ] Safepoint "Cleanup", Time since last: 1001335046 ns, Reaching safepoint: 289480 ns, At safepoint: 23024 ns, Total: 312504 ns
[2023-07-17T20:05:15.170+0000][67][info ][safepoint   ] Safepoint "Cleanup", Time since last: 2002212891 ns, Reaching safepoint: 338458 ns, At safepoint: 15974 ns, Total: 354432 ns
[2023-07-17T20:05:16.452+0000][67][info ][safepoint   ] Safepoint "Cleanup", Time since last: 1281086354 ns, Reaching safepoint: 141742 ns, At safepoint: 10165 ns, Total: 151907 ns
[2023-07-17T20:05:17.590+0000][67][info ][safepoint   ] Safepoint "Cleanup", Time since last: 1138063126 ns, Reaching safepoint: 173598 ns, At safepoint: 5671 ns, Total: 179269 ns
[2023-07-17T20:05:18.592+0000][67][info ][safepoint   ] Safepoint "Cleanup", Time since last: 1001614772 ns, Reaching safepoint: 119861 ns, At safepoint: 4771 ns, Total: 124632 ns
[2023-07-17T20:05:21.198+0000][67][info ][safepoint   ] Safepoint "Cleanup", Time since last: 2606341509 ns, Reaching safepoint: 152859 ns, At safepoint: 3702 ns, Total: 156561 ns
[2023-07-17T20:05:23.093+0000][67][info ][safepoint   ] Safepoint "Cleanup", Time since last: 1894412767 ns, Reaching safepoint: 234997 ns, At safepoint: 15550 ns, Total: 250547 ns
[2023-07-17T20:05:24.149+0000][67][info ][safepoint   ] Safepoint "Cleanup", Time since last: 1055776225 ns, Reaching safepoint: 434076 ns, At safepoint: 19403 ns, Total: 453479 ns
[2023-07-17T20:05:25.155+0000][67][info ][safepoint   ] Safepoint "Cleanup", Time since last: 1005682828 ns, Reaching safepoint: 380113 ns, At safepoint: 57371 ns, Total: 437484 ns
[2023-07-17T20:05:27.161+0000][67][info ][safepoint   ] Safepoint "Cleanup", Time since last: 2005277799 ns, Reaching safepoint: 346986 ns, At safepoint: 146367 ns, Total: 493353 ns
[2023-07-17T20:05:28.736+0000][67][info ][safepoint   ] Safepoint "Cleanup", Time since last: 1574982860 ns, Reaching safepoint: 338920 ns, At safepoint: 8581 ns, Total: 347501 ns
[2023-07-17T20:05:30.005+0000][67][info ][safepoint   ] Safepoint "Cleanup", Time since last: 1268856801 ns, Reaching safepoint: 398528 ns, At safepoint: 32959 ns, Total: 431487 ns
[2023-07-17T20:05:31.008+0000][67][info ][safepoint   ] Safepoint "Cleanup", Time since last: 1002510458 ns, Reaching safepoint: 184816 ns, At safepoint: 16392 ns, Total: 201208 ns
[2023-07-17T20:05:32.011+0000][67][info ][safepoint   ] Safepoint "Cleanup", Time since last: 1001870515 ns, Reaching safepoint: 116975 ns, At safepoint: 4457 ns, Total: 121432 ns
[2023-07-17T20:05:33.014+0000][67][info ][safepoint   ] Safepoint "Cleanup", Time since last: 1002708809 ns, Reaching safepoint: 151938 ns, At safepoint: 4947 ns, Total: 156885 ns
[2023-07-17T20:05:34.079+0000][67][info ][safepoint   ] Safepoint "Cleanup", Time since last: 1065150017 ns, Reaching safepoint: 236943 ns, At safepoint: 42789 ns, Total: 279732 ns
[2023-07-17T20:05:35.655+0000][67][info ][safepoint   ] Safepoint "Cleanup", Time since last: 1575673789 ns, Reaching safepoint: 308967 ns, At safepoint: 6438 ns, Total: 315405 ns
[2023-07-17T20:05:36.658+0000][67][info ][safepoint   ] Safepoint "Cleanup", Time since last: 1002573465 ns, Reaching safepoint: 338340 ns, At safepoint: 18154 ns, Total: 356494 ns
[2023-07-17T20:05:37.660+0000][67][info ][safepoint   ] Safepoint "Cleanup", Time since last: 1001870229 ns, Reaching safepoint: 404201 ns, At safepoint: 16923 ns, Total: 421124 ns
[2023-07-17T20:05:39.378+0000][67][info ][safepoint   ] Safepoint "Cleanup", Time since last: 1717837280 ns, Reaching safepoint: 119630 ns, At safepoint: 6926 ns, Total: 126556 ns
[2023-07-17T20:05:40.994+0000][67][info ][safepoint   ] Safepoint "Cleanup", Time since last: 1614990639 ns, Reaching safepoint: 427008 ns, At safepoint: 56300 ns, Total: 483308 ns
[2023-07-17T20:05:42.365+0000][67][info ][safepoint   ] Safepoint "Cleanup", Time since last: 1370741532 ns, Reaching safepoint: 324583 ns, At safepoint: 9380 ns, Total: 333963 ns
[2023-07-17T20:05:44.368+0000][67][info ][safepoint   ] Safepoint "Cleanup", Time since last: 2002672368 ns, Reaching safepoint: 282867 ns, At safepoint: 4638 ns, Total: 287505 ns
[2023-07-17T20:05:45.370+0000][67][info ][safepoint   ] Safepoint "Cleanup", Time since last: 1002167052 ns, Reaching safepoint: 191976 ns, At safepoint: 16779 ns, Total: 208755 ns
[2023-07-17T20:05:46.536+0000][67][info ][safepoint   ] Safepoint "Cleanup", Time since last: 1164995053 ns, Reaching safepoint: 794858 ns, At safepoint: 21846 ns, Total: 816704 ns
[2023-07-17T20:05:48.227+0000][67][info ][safepoint   ] Safepoint "Cleanup", Time since last: 1690904945 ns, Reaching safepoint: 278323 ns, At safepoint: 5191 ns, Total: 283514 ns
[2023-07-17T20:05:49.929+0000][67][info ][safepoint   ] Safepoint "Cleanup", Time since last: 1701178620 ns, Reaching safepoint: 433056 ns, At safepoint: 17708 ns, Total: 450764 ns
[2023-07-17T20:05:51.393+0000][67][info ][safepoint   ] Safepoint "Cleanup", Time since last: 1463738887 ns, Reaching safepoint: 361302 ns, At safepoint: 72062 ns, Total: 433364 ns
[2023-07-17T20:05:52.616+0000][67][info ][safepoint   ] Safepoint "Cleanup", Time since last: 1222620137 ns, Reaching safepoint: 324581 ns, At safepoint: 21526 ns, Total: 346107 ns
[2023-07-17T20:05:53.859+0000][67][info ][safepoint   ] Safepoint "Cleanup", Time since last: 1243119843 ns, Reaching safepoint: 277157 ns, At safepoint: 4798 ns, Total: 281955 ns
[2023-07-17T20:05:54.879+0000][67][info ][safepoint   ] Safepoint "Cleanup", Time since last: 1019405127 ns, Reaching safepoint: 555361 ns, At safepoint: 16754 ns, Total: 572115 ns
[2023-07-17T20:05:56.882+0000][67][info ][safepoint   ] Safepoint "Cleanup", Time since last: 2002401547 ns, Reaching safepoint: 167821 ns, At safepoint: 4545 ns, Total: 172366 ns
[2023-07-17T20:05:57.916+0000][67][info ][safepoint   ] Safepoint "Cleanup", Time since last: 1033815057 ns, Reaching safepoint: 124383 ns, At safepoint: 73097 ns, Total: 197480 ns
[2023-07-17T20:06:00.438+0000][67][info ][safepoint   ] Safepoint "Cleanup", Time since last: 2521414401 ns, Reaching safepoint: 624162 ns, At safepoint: 16500 ns, Total: 640662 ns
[2023-07-17T20:06:01.441+0000][67][info ][safepoint   ] Safepoint "Cleanup", Time since last: 1002829546 ns, Reaching safepoint: 439068 ns, At safepoint: 15891 ns, Total: 454959 ns
[2023-07-17T20:06:03.382+0000][67][info ][safepoint   ] Safepoint "Cleanup", Time since last: 1940024595 ns, Reaching safepoint: 277738 ns, At safepoint: 52050 ns, Total: 329788 ns
[2023-07-17T20:06:04.619+0000][67][info ][safepoint   ] Safepoint "Cleanup", Time since last: 1236636063 ns, Reaching safepoint: 391884 ns, At safepoint: 48917 ns, Total: 440801 ns
[2023-07-17T20:06:05.814+0000][67][info ][safepoint   ] Safepoint "Cleanup", Time since last: 1194763571 ns, Reaching safepoint: 233097 ns, At safepoint: 5231 ns, Total: 238328 ns
[2023-07-17T20:06:06.816+0000][67][info ][safepoint   ] Safepoint "Cleanup", Time since last: 1002281882 ns, Reaching safepoint: 343378 ns, At safepoint: 14654 ns, Total: 358032 ns
[2023-07-17T20:06:09.374+0000][67][info ][safepoint   ] Safepoint "Cleanup", Time since last: 2557206515 ns, Reaching safepoint: 352068 ns, At safepoint: 8133 ns, Total: 360201 ns
[2023-07-17T20:06:11.213+0000][67][info ][safepoint   ] Safepoint "Cleanup", Time since last: 1838701288 ns, Reaching safepoint: 594409 ns, At safepoint: 25066 ns, Total: 619475 ns
[2023-07-17T20:06:12.216+0000][67][info ][safepoint   ] Safepoint "Cleanup", Time since last: 1002495849 ns, Reaching safepoint: 337469 ns, At safepoint: 10971 ns, Total: 348440 ns
[2023-07-17T20:06:13.219+0000][67][info ][safepoint   ] Safepoint "Cleanup", Time since last: 1002079068 ns, Reaching safepoint: 712242 ns, At safepoint: 10811 ns, Total: 723053 ns
[2023-07-17T20:06:14.222+0000][67][info ][safepoint   ] Safepoint "Cleanup", Time since last: 1002489844 ns, Reaching safepoint: 364336 ns, At safepoint: 6564 ns, Total: 370900 ns
[2023-07-17T20:06:15.224+0000][67][info ][safepoint   ] Safepoint "Cleanup", Time since last: 1002372843 ns, Reaching safepoint: 321753 ns, At safepoint: 14411 ns, Total: 336164 ns
[2023-07-17T20:06:16.544+0000][67][info ][safepoint   ] Safepoint "Cleanup", Time since last: 1319722846 ns, Reaching safepoint: 266232 ns, At safepoint: 78036 ns, Total: 344268 ns
[2023-07-17T20:06:17.636+0000][67][info ][safepoint   ] Safepoint "Cleanup", Time since last: 1091242805 ns, Reaching safepoint: 499284 ns, At safepoint: 10031 ns, Total: 509315 ns
[2023-07-17T20:06:19.639+0000][67][info ][safepoint   ] Safepoint "Cleanup", Time since last: 2002925319 ns, Reaching safepoint: 281462 ns, At safepoint: 13645 ns, Total: 295107 ns
[2023-07-17T20:06:20.642+0000][67][info ][safepoint   ] Safepoint "Cleanup", Time since last: 1002749071 ns, Reaching safepoint: 194014 ns, At safepoint: 14828 ns, Total: 208842 ns
[2023-07-17T20:06:21.942+0000][67][info ][safepoint   ] Safepoint "Cleanup", Time since last: 1299177733 ns, Reaching safepoint: 208730 ns, At safepoint: 6577 ns, Total: 215307 ns
[2023-07-17T20:06:23.195+0000][67][info ][safepoint   ] Safepoint "Cleanup", Time since last: 1252714472 ns, Reaching safepoint: 129582 ns, At safepoint: 87113 ns, Total: 216695 ns
[2023-07-17T20:06:24.209+0000][67][info ][safepoint   ] Safepoint "Cleanup", Time since last: 1013487810 ns, Reaching safepoint: 399719 ns, At safepoint: 6333 ns, Total: 406052 ns
[2023-07-17T20:06:25.212+0000][67][info ][safepoint   ] Safepoint "Cleanup", Time since last: 1002575720 ns, Reaching safepoint: 353340 ns, At safepoint: 6902 ns, Total: 360242 ns
[2023-07-17T20:06:26.215+0000][67][info ][safepoint   ] Safepoint "Cleanup", Time since last: 1002523244 ns, Reaching safepoint: 791230 ns, At safepoint: 25010 ns, Total: 816240 ns
[2023-07-17T20:06:27.218+0000][67][info ][safepoint   ] Safepoint "Cleanup", Time since last: 1002328809 ns, Reaching safepoint: 329060 ns, At safepoint: 54002 ns, Total: 383062 ns
[2023-07-17T20:06:28.437+0000][67][info ][safepoint   ] Safepoint "Cleanup", Time since last: 1218681971 ns, Reaching safepoint: 292400 ns, At safepoint: 45228 ns, Total: 337628 ns
[2023-07-17T20:06:30.531+0000][67][info ][safepoint   ] Safepoint "Cleanup", Time since last: 2093985039 ns, Reaching safepoint: 296023 ns, At safepoint: 4630 ns, Total: 300653 ns
[2023-07-17T20:06:32.534+0000][67][info ][safepoint   ] Safepoint "Cleanup", Time since last: 2002268177 ns, Reaching safepoint: 320526 ns, At safepoint: 7449 ns, Total: 327975 ns
[2023-07-17T20:06:33.850+0000][67][info ][safepoint   ] Safepoint "Cleanup", Time since last: 1316208551 ns, Reaching safepoint: 299338 ns, At safepoint: 49058 ns, Total: 348396 ns
[2023-07-17T20:06:34.946+0000][67][info ][safepoint   ] Safepoint "Cleanup", Time since last: 1095562486 ns, Reaching safepoint: 392029 ns, At safepoint: 25050 ns, Total: 417079 ns
[2023-07-17T20:06:36.300+0000][67][info ][safepoint   ] Safepoint "Cleanup", Time since last: 1353322074 ns, Reaching safepoint: 364904 ns, At safepoint: 8053 ns, Total: 372957 ns
[2023-07-17T20:06:37.303+0000][67][info ][safepoint   ] Safepoint "Cleanup", Time since last: 1002529757 ns, Reaching safepoint: 593007 ns, At safepoint: 24378 ns, Total: 617385 ns
[2023-07-17T20:06:38.306+0000][67][info ][safepoint   ] Safepoint "Cleanup", Time since last: 1002818518 ns, Reaching safepoint: 287994 ns, At safepoint: 5296 ns, Total: 293290 ns
[2023-07-17T20:06:39.309+0000][67][info ][safepoint   ] Safepoint "Cleanup", Time since last: 1001953907 ns, Reaching safepoint: 326815 ns, At safepoint: 13530 ns, Total: 340345 ns
[2023-07-17T20:06:40.490+0000][67][info ][safepoint   ] Safepoint "Cleanup", Time since last: 1180803941 ns, Reaching safepoint: 166939 ns, At safepoint: 41376 ns, Total: 208315 ns
[2023-07-17T20:06:41.679+0000][67][info ][safepoint   ] Safepoint "Cleanup", Time since last: 1189283548 ns, Reaching safepoint: 475514 ns, At safepoint: 17283 ns, Total: 492797 ns
[2023-07-17T20:06:42.682+0000][67][info ][safepoint   ] Safepoint "Cleanup", Time since last: 1002131800 ns, Reaching safepoint: 411997 ns, At safepoint: 6989 ns, Total: 418986 ns
[2023-07-17T20:06:45.369+0000][67][info ][safepoint   ] Safepoint "Cleanup", Time since last: 2686142739 ns, Reaching safepoint: 329506 ns, At safepoint: 55854 ns, Total: 385360 ns
[2023-07-17T20:06:46.451+0000][67][info ][safepoint   ] Safepoint "Cleanup", Time since last: 1082370259 ns, Reaching safepoint: 241882 ns, At safepoint: 76986 ns, Total: 318868 ns
[2023-07-17T20:06:48.245+0000][67][info ][safepoint   ] Safepoint "Cleanup", Time since last: 1792455764 ns, Reaching safepoint: 844643 ns, At safepoint: 25528 ns, Total: 870171 ns
[2023-07-17T20:06:49.249+0000][67][info ][safepoint   ] Safepoint "Cleanup", Time since last: 1003790760 ns, Reaching safepoint: 944692 ns, At safepoint: 15590 ns, Total: 960282 ns
[2023-07-17T20:06:51.253+0000][67][info ][safepoint   ] Safepoint "Cleanup", Time since last: 2003038189 ns, Reaching safepoint: 262403 ns, At safepoint: 47167 ns, Total: 309570 ns
[2023-07-17T20:06:52.454+0000][67][info ][safepoint   ] Safepoint "Cleanup", Time since last: 1201269364 ns, Reaching safepoint: 155807 ns, At safepoint: 12453 ns, Total: 168260 ns
[2023-07-17T20:06:54.590+0000][67][info ][safepoint   ] Safepoint "Cleanup", Time since last: 2135614726 ns, Reaching safepoint: 351136 ns, At safepoint: 5364 ns, Total: 356500 ns
[2023-07-17T20:06:57.369+0000][67][info ][safepoint   ] Safepoint "Cleanup", Time since last: 2778209277 ns, Reaching safepoint: 387601 ns, At safepoint: 124047 ns, Total: 511648 ns
[2023-07-17T20:06:59.031+0000][67][info ][safepoint   ] Safepoint "Cleanup", Time since last: 1660974736 ns, Reaching safepoint: 912320 ns, At safepoint: 21989 ns, Total: 934309 ns
[2023-07-17T20:07:00.407+0000][67][info ][safepoint   ] Safepoint "Cleanup", Time since last: 1375643120 ns, Reaching safepoint: 792333 ns, At safepoint: 35274 ns, Total: 827607 ns
[2023-07-17T20:07:02.412+0000][67][info ][safepoint   ] Safepoint "Cleanup", Time since last: 2004245535 ns, Reaching safepoint: 657010 ns, At safepoint: 11216 ns, Total: 668226 ns
[2023-07-17T20:07:03.447+0000][67][info ][safepoint   ] Safepoint "Cleanup", Time since last: 1034613632 ns, Reaching safepoint: 347160 ns, At safepoint: 61295 ns, Total: 408455 ns
[2023-07-17T20:07:04.510+0000][67][info ][safepoint   ] Safepoint "Cleanup", Time since last: 1062455565 ns, Reaching safepoint: 439213 ns, At safepoint: 16292 ns, Total: 455505 ns
[2023-07-17T20:07:05.821+0000][67][info ][safepoint   ] Safepoint "Cleanup", Time since last: 1310352330 ns, Reaching safepoint: 380307 ns, At safepoint: 14211 ns, Total: 394518 ns
[2023-07-17T20:07:06.823+0000][67][info ][safepoint   ] Safepoint "Cleanup", Time since last: 1001784271 ns, Reaching safepoint: 374122 ns, At safepoint: 6136 ns, Total: 380258 ns
[2023-07-17T20:07:07.827+0000][67][info ][safepoint   ] Safepoint "Cleanup", Time since last: 1003294892 ns, Reaching safepoint: 761485 ns, At safepoint: 28257 ns, Total: 789742 ns
[2023-07-17T20:07:09.267+0000][67][info ][safepoint   ] Safepoint "Cleanup", Time since last: 1439046240 ns, Reaching safepoint: 213809 ns, At safepoint: 19286 ns, Total: 233095 ns
[2023-07-17T20:07:10.544+0000][67][info ][safepoint   ] Safepoint "Cleanup", Time since last: 1276936259 ns, Reaching safepoint: 173973 ns, At safepoint: 52962 ns, Total: 226935 ns
[2023-07-17T20:07:12.417+0000][67][info ][safepoint   ] Safepoint "Cleanup", Time since last: 1872838266 ns, Reaching safepoint: 648411 ns, At safepoint: 24639 ns, Total: 673050 ns
[2023-07-17T20:07:15.378+0000][67][info ][safepoint   ] Safepoint "Cleanup", Time since last: 2960714490 ns, Reaching safepoint: 261500 ns, At safepoint: 51325 ns, Total: 312825 ns
[2023-07-17T20:07:16.480+0000][67][info ][safepoint   ] Safepoint "Cleanup", Time since last: 1101729815 ns, Reaching safepoint: 241642 ns, At safepoint: 4894 ns, Total: 246536 ns
[2023-07-17T20:07:17.863+0000][67][info ][safepoint   ] Safepoint "Cleanup", Time since last: 1381419527 ns, Reaching safepoint: 950208 ns, At safepoint: 32329 ns, Total: 982537 ns
[2023-07-17T20:07:18.867+0000][67][info ][safepoint   ] Safepoint "Cleanup", Time since last: 1004174614 ns, Reaching safepoint: 414320 ns, At safepoint: 7218 ns, Total: 421538 ns
[2023-07-17T20:07:19.870+0000][67][info ][safepoint   ] Safepoint "Cleanup", Time since last: 1002793092 ns, Reaching safepoint: 369148 ns, At safepoint: 6802 ns, Total: 375950 ns
[2023-07-17T20:07:21.386+0000][67][info ][safepoint   ] Safepoint "Cleanup", Time since last: 1515238397 ns, Reaching safepoint: 111483 ns, At safepoint: 51381 ns, Total: 162864 ns
[2023-07-17T20:07:23.284+0000][67][info ][safepoint   ] Safepoint "Cleanup", Time since last: 1896812370 ns, Reaching safepoint: 947309 ns, At safepoint: 22915 ns, Total: 970224 ns
[2023-07-17T20:07:24.288+0000][67][info ][safepoint   ] Safepoint "Cleanup", Time since last: 1003627369 ns, Reaching safepoint: 352503 ns, At safepoint: 25291 ns, Total: 377794 ns
[2023-07-17T20:07:25.291+0000][67][info ][safepoint   ] Safepoint "Cleanup", Time since last: 1002472015 ns, Reaching safepoint: 478305 ns, At safepoint: 15648 ns, Total: 493953 ns
[2023-07-17T20:07:27.294+0000][67][info ][safepoint   ] Safepoint "Cleanup", Time since last: 2002821970 ns, Reaching safepoint: 224534 ns, At safepoint: 4617 ns, Total: 229151 ns
[2023-07-17T20:07:28.570+0000][67][info ][safepoint   ] Safepoint "Cleanup", Time since last: 1276354241 ns, Reaching safepoint: 225643 ns, At safepoint: 5202 ns, Total: 230845 ns
[2023-07-17T20:07:30.690+0000][67][info ][safepoint   ] Safepoint "Cleanup", Time since last: 2119423995 ns, Reaching safepoint: 269688 ns, At safepoint: 16553 ns, Total: 286241 ns
[2023-07-17T20:07:33.396+0000][67][info ][safepoint   ] Safepoint "Cleanup", Time since last: 2705694906 ns, Reaching safepoint: 225021 ns, At safepoint: 45541 ns, Total: 270562 ns
[2023-07-17T20:07:35.123+0000][67][info ][safepoint   ] Safepoint "Cleanup", Time since last: 1726780583 ns, Reaching safepoint: 342603 ns, At safepoint: 5765 ns, Total: 348368 ns
[2023-07-17T20:07:37.126+0000][67][info ][safepoint   ] Safepoint "Cleanup", Time since last: 2002618635 ns, Reaching safepoint: 258630 ns, At safepoint: 4517 ns, Total: 263147 ns
[2023-07-17T20:07:39.129+0000][67][info ][safepoint   ] Safepoint "Cleanup", Time since last: 2002189375 ns, Reaching safepoint: 166900 ns, At safepoint: 8219 ns, Total: 175119 ns
[2023-07-17T20:07:40.129+0000][67][info ][safepoint   ] Safepoint "Cleanup", Time since last: 1000109460 ns, Reaching safepoint: 188385 ns, At safepoint: 10936 ns, Total: 199321 ns
[2023-07-17T20:07:41.740+0000][67][info ][safepoint   ] Safepoint "Cleanup", Time since last: 1611056262 ns, Reaching safepoint: 271692 ns, At safepoint: 4058 ns, Total: 275750 ns
[2023-07-17T20:07:42.743+0000][67][info ][safepoint   ] Safepoint "Cleanup", Time since last: 1002068047 ns, Reaching safepoint: 355886 ns, At safepoint: 14165 ns, Total: 370051 ns
[2023-07-17T20:07:43.746+0000][67][info ][safepoint   ] Safepoint "Cleanup", Time since last: 1003033520 ns, Reaching safepoint: 249491 ns, At safepoint: 11520 ns, Total: 261011 ns
[2023-07-17T20:07:44.749+0000][67][info ][safepoint   ] Safepoint "Cleanup", Time since last: 1002284689 ns, Reaching safepoint: 368399 ns, At safepoint: 6192 ns, Total: 374591 ns
[2023-07-17T20:07:45.650+0000][67][info ][safepoint   ] Safepoint "ICBufferFull", Time since last: 900068214 ns, Reaching safepoint: 1015880 ns, At safepoint: 269543 ns, Total: 1285423 ns
[2023-07-17T20:07:46.739+0000][67][info ][safepoint   ] Safepoint "Cleanup", Time since last: 1088826125 ns, Reaching safepoint: 219109 ns, At safepoint: 164505 ns, Total: 383614 ns
[2023-07-17T20:07:48.630+0000][67][info ][safepoint   ] Safepoint "Cleanup", Time since last: 1890089820 ns, Reaching safepoint: 452599 ns, At safepoint: 20608 ns, Total: 473207 ns
[2023-07-17T20:07:49.634+0000][67][info ][safepoint   ] Safepoint "Cleanup", Time since last: 1003331038 ns, Reaching safepoint: 725279 ns, At safepoint: 27137 ns, Total: 752416 ns
[2023-07-17T20:07:51.374+0000][67][info ][safepoint   ] Safepoint "Cleanup", Time since last: 1740167822 ns, Reaching safepoint: 137560 ns, At safepoint: 80216 ns, Total: 217776 ns
[2023-07-17T20:07:52.444+0000][67][info ][safepoint   ] Safepoint "Cleanup", Time since last: 1069814664 ns, Reaching safepoint: 224395 ns, At safepoint: 57935 ns, Total: 282330 ns
[2023-07-17T20:07:53.466+0000][67][info ][safepoint   ] Safepoint "Cleanup", Time since last: 1021810812 ns, Reaching safepoint: 292588 ns, At safepoint: 81070 ns, Total: 373658 ns
[2023-07-17T20:07:54.476+0000][67][info ][safepoint   ] Safepoint "Cleanup", Time since last: 1008546602 ns, Reaching safepoint: 564105 ns, At safepoint: 13976 ns, Total: 578081 ns
[2023-07-17T20:07:55.478+0000][67][info ][safepoint   ] Safepoint "Cleanup", Time since last: 1002129431 ns, Reaching safepoint: 753635 ns, At safepoint: 13671 ns, Total: 767306 ns
[2023-07-17T20:07:57.400+0000][67][info ][safepoint   ] Safepoint "Cleanup", Time since last: 1921247206 ns, Reaching safepoint: 169263 ns, At safepoint: 46806 ns, Total: 216069 ns
[2023-07-17T20:07:58.573+0000][67][info ][safepoint   ] Safepoint "Cleanup", Time since last: 1173065718 ns, Reaching safepoint: 148455 ns, At safepoint: 45133 ns, Total: 193588 ns
[2023-07-17T20:07:59.670+0000][67][info ][safepoint   ] Safepoint "Cleanup", Time since last: 1095884513 ns, Reaching safepoint: 595051 ns, At safepoint: 7557 ns, Total: 602608 ns
[2023-07-17T20:08:00.682+0000][67][info ][safepoint   ] Safepoint "Cleanup", Time since last: 1011449593 ns, Reaching safepoint: 668059 ns, At safepoint: 18413 ns, Total: 686472 ns
[2023-07-17T20:08:02.686+0000][67][info ][safepoint   ] Safepoint "Cleanup", Time since last: 2002931366 ns, Reaching safepoint: 316987 ns, At safepoint: 14388 ns, Total: 331375 ns
[2023-07-17T20:08:04.003+0000][67][info ][safepoint   ] Safepoint "Cleanup", Time since last: 1316900911 ns, Reaching safepoint: 288483 ns, At safepoint: 102884 ns, Total: 391367 ns
[2023-07-17T20:08:05.273+0000][67][info ][safepoint   ] Safepoint "Cleanup", Time since last: 1269769663 ns, Reaching safepoint: 235568 ns, At safepoint: 14200 ns, Total: 249768 ns
[2023-07-17T20:08:07.286+0000][67][info ][safepoint   ] Safepoint "Cleanup", Time since last: 2012615466 ns, Reaching safepoint: 548981 ns, At safepoint: 7330 ns, Total: 556311 ns
[2023-07-17T20:08:09.290+0000][67][info ][safepoint   ] Safepoint "Cleanup", Time since last: 2003113826 ns, Reaching safepoint: 444557 ns, At safepoint: 20227 ns, Total: 464784 ns
[2023-07-17T20:08:10.517+0000][67][info ][safepoint   ] Safepoint "Cleanup", Time since last: 1226670442 ns, Reaching safepoint: 206632 ns, At safepoint: 20017 ns, Total: 226649 ns
[2023-07-17T20:08:11.637+0000][67][info ][safepoint   ] Safepoint "Cleanup", Time since last: 1119736310 ns, Reaching safepoint: 352715 ns, At safepoint: 20466 ns, Total: 373181 ns
[2023-07-17T20:08:13.407+0000][67][info ][safepoint   ] Safepoint "Cleanup", Time since last: 1770354923 ns, Reaching safepoint: 323780 ns, At safepoint: 16587 ns, Total: 340367 ns
[2023-07-17T20:08:14.410+0000][67][info ][safepoint   ] Safepoint "Cleanup", Time since last: 1002881397 ns, Reaching safepoint: 271972 ns, At safepoint: 6012 ns, Total: 277984 ns
[2023-07-17T20:08:15.440+0000][67][info ][safepoint   ] Safepoint "Cleanup", Time since last: 1029704488 ns, Reaching safepoint: 264564 ns, At safepoint: 43263 ns, Total: 307827 ns
[2023-07-17T20:08:17.072+0000][67][info ][safepoint   ] Safepoint "Cleanup", Time since last: 1631766722 ns, Reaching safepoint: 238355 ns, At safepoint: 5646 ns, Total: 244001 ns
[2023-07-17T20:08:18.075+0000][67][info ][safepoint   ] Safepoint "Cleanup", Time since last: 1002032921 ns, Reaching safepoint: 352537 ns, At safepoint: 13667 ns, Total: 366204 ns
[2023-07-17T20:08:19.076+0000][67][info ][safepoint   ] Safepoint "Cleanup", Time since last: 1001146140 ns, Reaching safepoint: 287552 ns, At safepoint: 5378 ns, Total: 292930 ns
[2023-07-17T20:08:21.357+0000][67][info ][safepoint   ] Safepoint "Cleanup", Time since last: 2280287177 ns, Reaching safepoint: 416721 ns, At safepoint: 61059 ns, Total: 477780 ns
[2023-07-17T20:08:22.370+0000][67][info ][safepoint   ] Safepoint "Cleanup", Time since last: 1012014105 ns, Reaching safepoint: 289559 ns, At safepoint: 138969 ns, Total: 428528 ns
[2023-07-17T20:08:23.455+0000][67][info ][safepoint   ] Safepoint "Cleanup", Time since last: 1085147816 ns, Reaching safepoint: 465007 ns, At safepoint: 15150 ns, Total: 480157 ns
[2023-07-17T20:08:24.458+0000][67][info ][safepoint   ] Safepoint "Cleanup", Time since last: 1002253729 ns, Reaching safepoint: 998249 ns, At safepoint: 22188 ns, Total: 1020437 ns
[2023-07-17T20:08:26.462+0000][67][info ][safepoint   ] Safepoint "Cleanup", Time since last: 2003218557 ns, Reaching safepoint: 346929 ns, At safepoint: 16391 ns, Total: 363320 ns
[2023-07-17T20:08:27.465+0000][67][info ][safepoint   ] Safepoint "Cleanup", Time since last: 1002753365 ns, Reaching safepoint: 429866 ns, At safepoint: 57937 ns, Total: 487803 ns
[2023-07-17T20:08:28.795+0000][67][info ][safepoint   ] Safepoint "Cleanup", Time since last: 1329001502 ns, Reaching safepoint: 194560 ns, At safepoint: 46876 ns, Total: 241436 ns
[2023-07-17T20:08:30.911+0000][67][info ][safepoint   ] Safepoint "Cleanup", Time since last: 2115530494 ns, Reaching safepoint: 448781 ns, At safepoint: 16562 ns, Total: 465343 ns
[2023-07-17T20:08:33.393+0000][67][info ][safepoint   ] Safepoint "Cleanup", Time since last: 2481751128 ns, Reaching safepoint: 310056 ns, At safepoint: 60659 ns, Total: 370715 ns
[2023-07-17T20:08:34.553+0000][67][info ][safepoint   ] Safepoint "Cleanup", Time since last: 1160096367 ns, Reaching safepoint: 287328 ns, At safepoint: 84703 ns, Total: 372031 ns
[2023-07-17T20:08:36.566+0000][67][info ][safepoint   ] Safepoint "Cleanup", Time since last: 2012689894 ns, Reaching safepoint: 260705 ns, At safepoint: 5184 ns, Total: 265889 ns
[2023-07-17T20:08:37.568+0000][67][info ][safepoint   ] Safepoint "Cleanup", Time since last: 1001674101 ns, Reaching safepoint: 357430 ns, At safepoint: 5236 ns, Total: 362666 ns
[2023-07-17T20:08:39.987+0000][67][info ][safepoint   ] Safepoint "Cleanup", Time since last: 2417978376 ns, Reaching safepoint: 252502 ns, At safepoint: 78907 ns, Total: 331409 ns
[2023-07-17T20:08:41.891+0000][67][info ][safepoint   ] Safepoint "Cleanup", Time since last: 1904060730 ns, Reaching safepoint: 296443 ns, At safepoint: 6804 ns, Total: 303247 ns
[2023-07-17T20:08:42.894+0000][67][info ][safepoint   ] Safepoint "Cleanup", Time since last: 1002444482 ns, Reaching safepoint: 797319 ns, At safepoint: 25175 ns, Total: 822494 ns
[2023-07-17T20:08:44.898+0000][67][info ][safepoint   ] Safepoint "Cleanup", Time since last: 2003828862 ns, Reaching safepoint: 73122 ns, At safepoint: 4063 ns, Total: 77185 ns
[2023-07-17T20:08:46.209+0000][67][info ][safepoint   ] Safepoint "Cleanup", Time since last: 1310633764 ns, Reaching safepoint: 205020 ns, At safepoint: 65087 ns, Total: 270107 ns
[2023-07-17T20:08:47.336+0000][67][info ][safepoint   ] Safepoint "Cleanup", Time since last: 1126458796 ns, Reaching safepoint: 263133 ns, At safepoint: 12614 ns, Total: 275747 ns
[2023-07-17T20:08:48.338+0000][67][info ][safepoint   ] Safepoint "Cleanup", Time since last: 1002051250 ns, Reaching safepoint: 505225 ns, At safepoint: 10903 ns, Total: 516128 ns
[2023-07-17T20:08:51.341+0000][67][info ][safepoint   ] Safepoint "Cleanup", Time since last: 3002941958 ns, Reaching safepoint: 143803 ns, At safepoint: 9514 ns, Total: 153317 ns
[2023-07-17T20:08:52.604+0000][67][info ][safepoint   ] Safepoint "Cleanup", Time since last: 1262122118 ns, Reaching safepoint: 313259 ns, At safepoint: 15350 ns, Total: 328609 ns
[2023-07-17T20:08:54.804+0000][67][info ][safepoint   ] Safepoint "Cleanup", Time since last: 2199677683 ns, Reaching safepoint: 459818 ns, At safepoint: 10760 ns, Total: 470578 ns
[2023-07-17T20:08:56.808+0000][67][info ][safepoint   ] Safepoint "Cleanup", Time since last: 2003227980 ns, Reaching safepoint: 303605 ns, At safepoint: 6785 ns, Total: 310390 ns
[2023-07-17T20:08:58.108+0000][67][info ][safepoint   ] Safepoint "Cleanup", Time since last: 1299815111 ns, Reaching safepoint: 249757 ns, At safepoint: 43960 ns, Total: 293717 ns
[2023-07-17T20:08:59.369+0000][67][info ][safepoint   ] Safepoint "Cleanup", Time since last: 1260497876 ns, Reaching safepoint: 451802 ns, At safepoint: 53022 ns, Total: 504824 ns
[2023-07-17T20:09:01.948+0000][67][info ][safepoint   ] Safepoint "Cleanup", Time since last: 2578749261 ns, Reaching safepoint: 283068 ns, At safepoint: 41288 ns, Total: 324356 ns
[2023-07-17T20:09:03.043+0000][67][info ][safepoint   ] Safepoint "Cleanup", Time since last: 1094196209 ns, Reaching safepoint: 422607 ns, At safepoint: 7098 ns, Total: 429705 ns
[2023-07-17T20:09:04.478+0000][67][info ][safepoint   ] Safepoint "Cleanup", Time since last: 1435283218 ns, Reaching safepoint: 260483 ns, At safepoint: 6309 ns, Total: 266792 ns
[2023-07-17T20:09:11.090+0000][67][info ][safepoint   ] Safepoint "Cleanup", Time since last: 6611287359 ns, Reaching safepoint: 366316 ns, At safepoint: 6862 ns, Total: 373178 ns
[2023-07-17T20:09:12.377+0000][67][info ][safepoint   ] Safepoint "Cleanup", Time since last: 1287156641 ns, Reaching safepoint: 211031 ns, At safepoint: 147384 ns, Total: 358415 ns
[2023-07-17T20:09:13.591+0000][67][info ][safepoint   ] Safepoint "Cleanup", Time since last: 1213425745 ns, Reaching safepoint: 252035 ns, At safepoint: 5663 ns, Total: 257698 ns
[2023-07-17T20:09:15.368+0000][67][info ][safepoint   ] Safepoint "Cleanup", Time since last: 1776669835 ns, Reaching safepoint: 293641 ns, At safepoint: 49227 ns, Total: 342868 ns
[2023-07-17T20:09:17.236+0000][67][info ][safepoint   ] Safepoint "Cleanup", Time since last: 1867229622 ns, Reaching safepoint: 563874 ns, At safepoint: 16781 ns, Total: 580655 ns
[2023-07-17T20:09:18.240+0000][67][info ][safepoint   ] Safepoint "Cleanup", Time since last: 1003376325 ns, Reaching safepoint: 552904 ns, At safepoint: 12205 ns, Total: 565109 ns
[2023-07-17T20:09:19.243+0000][67][info ][safepoint   ] Safepoint "Cleanup", Time since last: 1002599316 ns, Reaching safepoint: 307500 ns, At safepoint: 15834 ns, Total: 323334 ns
[2023-07-17T20:09:21.064+0000][67][info ][safepoint   ] Safepoint "Cleanup", Time since last: 1821231071 ns, Reaching safepoint: 420297 ns, At safepoint: 6823 ns, Total: 427120 ns
[2023-07-17T20:09:22.115+0000][67][info ][safepoint   ] Safepoint "Cleanup", Time since last: 1050120057 ns, Reaching safepoint: 286955 ns, At safepoint: 54900 ns, Total: 341855 ns
[2023-07-17T20:09:24.097+0000][67][info ][safepoint   ] Safepoint "Cleanup", Time since last: 1981613217 ns, Reaching safepoint: 794281 ns, At safepoint: 25401 ns, Total: 819682 ns
[2023-07-17T20:09:25.101+0000][67][info ][safepoint   ] Safepoint "Cleanup", Time since last: 1002911240 ns, Reaching safepoint: 659173 ns, At safepoint: 26653 ns, Total: 685826 ns
[2023-07-17T20:09:27.006+0000][67][info ][safepoint   ] Safepoint "Cleanup", Time since last: 1904997016 ns, Reaching safepoint: 292586 ns, At safepoint: 82915 ns, Total: 375501 ns
[2023-07-17T20:09:28.028+0000][67][info ][safepoint   ] Safepoint "Cleanup", Time since last: 1020836459 ns, Reaching safepoint: 535778 ns, At safepoint: 58132 ns, Total: 593910 ns
[2023-07-17T20:09:29.126+0000][67][info ][safepoint   ] Safepoint "Cleanup", Time since last: 1098579436 ns, Reaching safepoint: 231034 ns, At safepoint: 6215 ns, Total: 237249 ns
[2023-07-17T20:09:30.382+0000][67][info ][safepoint   ] Safepoint "Cleanup", Time since last: 1255222076 ns, Reaching safepoint: 271990 ns, At safepoint: 44330 ns, Total: 316320 ns
[2023-07-17T20:09:31.417+0000][67][info ][safepoint   ] Safepoint "Cleanup", Time since last: 1034897800 ns, Reaching safepoint: 384481 ns, At safepoint: 58637 ns, Total: 443118 ns
[2023-07-17T20:09:32.502+0000][67][info ][safepoint   ] Safepoint "Cleanup", Time since last: 1093476643 ns, Reaching safepoint: 343498 ns, At safepoint: 6914 ns, Total: 350412 ns
[2023-07-17T20:09:33.652+0000][67][info ][safepoint   ] Safepoint "Cleanup", Time since last: 1149873397 ns, Reaching safepoint: 456653 ns, At safepoint: 53413 ns, Total: 510066 ns
[2023-07-17T20:09:35.324+0000][67][info ][safepoint   ] Safepoint "Cleanup", Time since last: 1670362780 ns, Reaching safepoint: 965540 ns, At safepoint: 30122 ns, Total: 995662 ns
[2023-07-17T20:09:36.327+0000][67][info ][safepoint   ] Safepoint "Cleanup", Time since last: 1002396687 ns, Reaching safepoint: 390784 ns, At safepoint: 102969 ns, Total: 493753 ns
[2023-07-17T20:09:37.789+0000][67][info ][safepoint   ] Safepoint "Cleanup", Time since last: 1461679555 ns, Reaching safepoint: 474788 ns, At safepoint: 10007 ns, Total: 484795 ns
[2023-07-17T20:09:38.792+0000][67][info ][safepoint   ] Safepoint "Cleanup", Time since last: 1002649511 ns, Reaching safepoint: 522945 ns, At safepoint: 27699 ns, Total: 550644 ns
[2023-07-17T20:09:39.865+0000][67][info ][safepoint   ] Safepoint "Cleanup", Time since last: 1072513221 ns, Reaching safepoint: 308008 ns, At safepoint: 100730 ns, Total: 408738 ns
[2023-07-17T20:09:40.899+0000][67][info ][safepoint   ] Safepoint "Cleanup", Time since last: 1033626728 ns, Reaching safepoint: 226294 ns, At safepoint: 44398 ns, Total: 270692 ns
[2023-07-17T20:09:41.909+0000][67][info ][safepoint   ] Safepoint "Cleanup", Time since last: 1009544466 ns, Reaching safepoint: 277873 ns, At safepoint: 5669 ns, Total: 283542 ns
[2023-07-17T20:09:42.912+0000][67][info ][safepoint   ] Safepoint "Cleanup", Time since last: 1002136185 ns, Reaching safepoint: 1000028 ns, At safepoint: 29593 ns, Total: 1029621 ns
[2023-07-17T20:09:45.390+0000][67][info ][safepoint   ] Safepoint "Cleanup", Time since last: 2477725394 ns, Reaching safepoint: 124139 ns, At safepoint: 50827 ns, Total: 174966 ns
[2023-07-17T20:09:47.228+0000][67][info ][safepoint   ] Safepoint "Cleanup", Time since last: 1837607887 ns, Reaching safepoint: 498237 ns, At safepoint: 12458 ns, Total: 510695 ns
[2023-07-17T20:09:48.231+0000][67][info ][safepoint   ] Safepoint "Cleanup", Time since last: 1002653709 ns, Reaching safepoint: 236460 ns, At safepoint: 4981 ns, Total: 241441 ns
[2023-07-17T20:09:50.233+0000][67][info ][safepoint   ] Safepoint "Cleanup", Time since last: 2002381546 ns, Reaching safepoint: 301879 ns, At safepoint: 6344 ns, Total: 308223 ns
[2023-07-17T20:09:51.236+0000][67][info ][safepoint   ] Safepoint "Cleanup", Time since last: 1001565324 ns, Reaching safepoint: 568984 ns, At safepoint: 14052 ns, Total: 583036 ns
[2023-07-17T20:09:52.522+0000][67][info ][safepoint   ] Safepoint "Cleanup", Time since last: 1286028099 ns, Reaching safepoint: 195392 ns, At safepoint: 64822 ns, Total: 260214 ns
[2023-07-17T20:09:54.615+0000][67][info ][safepoint   ] Safepoint "Cleanup", Time since last: 2092689506 ns, Reaching safepoint: 411677 ns, At safepoint: 91719 ns, Total: 503396 ns
[2023-07-17T20:09:57.618+0000][67][info ][safepoint   ] Safepoint "Cleanup", Time since last: 3002562292 ns, Reaching safepoint: 415855 ns, At safepoint: 23991 ns, Total: 439846 ns
[2023-07-17T20:09:58.115+0000][67][info ][gc,start    ] GC(13) Pause Young (Normal) (G1 Evacuation Pause)
[2023-07-17T20:09:58.117+0000][67][info ][gc,task     ] GC(13) Using 6 workers of 6 for evacuation
[2023-07-17T20:09:58.119+0000][67][debug][gc,age      ] GC(13) Desired survivor size 69206016 bytes, new threshold 15 (max threshold 15)
[2023-07-17T20:09:58.164+0000][67][info ][gc,phases   ] GC(13)   Pre Evacuate Collection Set: 0.7ms
[2023-07-17T20:09:58.167+0000][67][info ][gc,phases   ] GC(13)   Merge Heap Roots: 0.4ms
[2023-07-17T20:09:58.168+0000][67][info ][gc,phases   ] GC(13)   Evacuate Collection Set: 35.0ms
[2023-07-17T20:09:58.170+0000][67][info ][gc,phases   ] GC(13)   Post Evacuate Collection Set: 7.7ms
[2023-07-17T20:09:58.175+0000][67][info ][gc,phases   ] GC(13)   Other: 4.1ms
[2023-07-17T20:09:58.178+0000][67][trace][gc,age      ] GC(13) Age table with threshold 15 (max threshold 15)
[2023-07-17T20:09:58.180+0000][67][trace][gc,age      ] GC(13) - age   1:    4746552 bytes,    4746552 total
[2023-07-17T20:09:58.182+0000][67][trace][gc,age      ] GC(13) - age   2:   30106064 bytes,   34852616 total
[2023-07-17T20:09:58.184+0000][67][trace][gc,age      ] GC(13) - age   3:   15149720 bytes,   50002336 total
[2023-07-17T20:09:58.186+0000][67][info ][gc,heap     ] GC(13) Eden regions: 249->0(576)
[2023-07-17T20:09:58.188+0000][67][info ][gc,heap     ] GC(13) Survivor regions: 14->13(33)
[2023-07-17T20:09:58.189+0000][67][info ][gc,heap     ] GC(13) Old regions: 14->14
[2023-07-17T20:09:58.191+0000][67][info ][gc,heap     ] GC(13) Archive regions: 2->2
[2023-07-17T20:09:58.194+0000][67][info ][gc,heap     ] GC(13) Humongous regions: 0->0
[2023-07-17T20:09:58.196+0000][67][info ][gc,metaspace] GC(13) Metaspace: 135054K(138432K)->135054K(138432K) NonClass: 117411K(119168K)->117411K(119168K) Class: 17642K(19264K)->17642K(19264K)
[2023-07-17T20:09:58.199+0000][67][info ][gc          ] GC(13) Pause Young (Normal) (G1 Evacuation Pause) 1106M->108M(3932M) 83.897ms
[2023-07-17T20:09:58.201+0000][67][info ][gc,cpu      ] GC(13) User=0.24s Sys=0.00s Real=0.08s
[2023-07-17T20:09:58.204+0000][67][info ][safepoint   ] Safepoint "G1CollectForAllocation", Time since last: 496534942 ns, Reaching safepoint: 128504 ns, At safepoint: 89645790 ns, Total: 89774294 ns
[2023-07-17T20:10:00.185+0000][67][info ][safepoint   ] Safepoint "Cleanup", Time since last: 1980896820 ns, Reaching safepoint: 272373 ns, At safepoint: 4716 ns, Total: 277089 ns
[2023-07-17T20:10:01.188+0000][67][info ][safepoint   ] Safepoint "Cleanup", Time since last: 1002119975 ns, Reaching safepoint: 439218 ns, At safepoint: 14615 ns, Total: 453833 ns
[2023-07-17T20:10:03.417+0000][67][info ][safepoint   ] Safepoint "Cleanup", Time since last: 2229299808 ns, Reaching safepoint: 565077 ns, At safepoint: 133597 ns, Total: 698674 ns
[2023-07-17T20:10:04.673+0000][67][info ][safepoint   ] Safepoint "Cleanup", Time since last: 1256473702 ns, Reaching safepoint: 210271 ns, At safepoint: 75411 ns, Total: 285682 ns
[2023-07-17T20:10:05.936+0000][67][info ][safepoint   ] Safepoint "Cleanup", Time since last: 1262540942 ns, Reaching safepoint: 66853 ns, At safepoint: 2675 ns, Total: 69528 ns
[2023-07-17T20:10:08.948+0000][67][info ][safepoint   ] Safepoint "Cleanup", Time since last: 3011870251 ns, Reaching safepoint: 105838 ns, At safepoint: 4356 ns, Total: 110194 ns
[2023-07-17T20:10:10.198+0000][67][info ][safepoint   ] Safepoint "Cleanup", Time since last: 1249834925 ns, Reaching safepoint: 264673 ns, At safepoint: 85647 ns, Total: 350320 ns
[2023-07-17T20:10:12.304+0000][67][info ][safepoint   ] Safepoint "Cleanup", Time since last: 2105851100 ns, Reaching safepoint: 333960 ns, At safepoint: 14409 ns, Total: 348369 ns
[2023-07-17T20:10:14.307+0000][67][info ][safepoint   ] Safepoint "Cleanup", Time since last: 2002444062 ns, Reaching safepoint: 304488 ns, At safepoint: 4899 ns, Total: 309387 ns
[2023-07-17T20:10:15.309+0000][67][info ][safepoint   ] Safepoint "Cleanup", Time since last: 1002050626 ns, Reaching safepoint: 210767 ns, At safepoint: 69585 ns, Total: 280352 ns
[2023-07-17T20:10:16.578+0000][67][info ][safepoint   ] Safepoint "Cleanup", Time since last: 1267823354 ns, Reaching safepoint: 591012 ns, At safepoint: 53280 ns, Total: 644292 ns
[2023-07-17T20:10:22.017+0000][67][info ][safepoint   ] Safepoint "Cleanup", Time since last: 5438582974 ns, Reaching safepoint: 421834 ns, At safepoint: 9078 ns, Total: 430912 ns
[2023-07-17T20:10:23.110+0000][67][info ][safepoint   ] Safepoint "Cleanup", Time since last: 1092836084 ns, Reaching safepoint: 449447 ns, At safepoint: 14707 ns, Total: 464154 ns
[2023-07-17T20:10:25.114+0000][67][info ][safepoint   ] Safepoint "Cleanup", Time since last: 2003143085 ns, Reaching safepoint: 620803 ns, At safepoint: 10808 ns, Total: 631611 ns
[2023-07-17T20:10:27.118+0000][67][info ][safepoint   ] Safepoint "Cleanup", Time since last: 2003840833 ns, Reaching safepoint: 296777 ns, At safepoint: 5505 ns, Total: 302282 ns
[2023-07-17T20:10:28.419+0000][67][info ][safepoint   ] Safepoint "Cleanup", Time since last: 1300136685 ns, Reaching safepoint: 575976 ns, At safepoint: 56237 ns, Total: 632213 ns
[2023-07-17T20:10:29.520+0000][67][info ][safepoint   ] Safepoint "Cleanup", Time since last: 1100471437 ns, Reaching safepoint: 770194 ns, At safepoint: 66311 ns, Total: 836505 ns
[2023-07-17T20:10:30.523+0000][67][info ][safepoint   ] Safepoint "Cleanup", Time since last: 1002508193 ns, Reaching safepoint: 386570 ns, At safepoint: 18227 ns, Total: 404797 ns
[2023-07-17T20:10:33.377+0000][67][info ][safepoint   ] Safepoint "Cleanup", Time since last: 2853867451 ns, Reaching safepoint: 336756 ns, At safepoint: 57318 ns, Total: 394074 ns
[2023-07-17T20:10:34.853+0000][67][info ][safepoint   ] Safepoint "Cleanup", Time since last: 1475738075 ns, Reaching safepoint: 340933 ns, At safepoint: 53645 ns, Total: 394578 ns
[2023-07-17T20:10:36.090+0000][67][info ][safepoint   ] Safepoint "Cleanup", Time since last: 1236431516 ns, Reaching safepoint: 540136 ns, At safepoint: 10427 ns, Total: 550563 ns
[2023-07-17T20:10:37.094+0000][67][info ][safepoint   ] Safepoint "Cleanup", Time since last: 1002757368 ns, Reaching safepoint: 996250 ns, At safepoint: 25487 ns, Total: 1021737 ns
[2023-07-17T20:10:39.407+0000][67][info ][safepoint   ] Safepoint "Cleanup", Time since last: 2312181090 ns, Reaching safepoint: 372884 ns, At safepoint: 55760 ns, Total: 428644 ns
[2023-07-17T20:10:41.398+0000][67][info ][safepoint   ] Safepoint "Cleanup", Time since last: 1990804636 ns, Reaching safepoint: 601229 ns, At safepoint: 28125 ns, Total: 629354 ns
[2023-07-17T20:10:42.402+0000][67][info ][safepoint   ] Safepoint "Cleanup", Time since last: 1002668513 ns, Reaching safepoint: 727892 ns, At safepoint: 25264 ns, Total: 753156 ns
[2023-07-17T20:10:44.406+0000][67][info ][safepoint   ] Safepoint "Cleanup", Time since last: 2003847322 ns, Reaching safepoint: 521045 ns, At safepoint: 9883 ns, Total: 530928 ns
[2023-07-17T20:10:45.411+0000][67][info ][safepoint   ] Safepoint "Cleanup", Time since last: 1004841022 ns, Reaching safepoint: 180563 ns, At safepoint: 61497 ns, Total: 242060 ns
[2023-07-17T20:10:46.569+0000][67][info ][safepoint   ] Safepoint "Cleanup", Time since last: 1157971675 ns, Reaching safepoint: 182138 ns, At safepoint: 5057 ns, Total: 187195 ns
[2023-07-17T20:10:49.073+0000][67][info ][safepoint   ] Safepoint "Cleanup", Time since last: 2503653748 ns, Reaching safepoint: 328117 ns, At safepoint: 16144 ns, Total: 344261 ns
[2023-07-17T20:10:51.434+0000][67][info ][safepoint   ] Safepoint "Cleanup", Time since last: 2359795828 ns, Reaching safepoint: 382277 ns, At safepoint: 159395 ns, Total: 541672 ns
[2023-07-17T20:10:52.470+0000][67][info ][safepoint   ] Safepoint "Cleanup", Time since last: 1036095194 ns, Reaching safepoint: 212996 ns, At safepoint: 40225 ns, Total: 253221 ns
[2023-07-17T20:10:53.526+0000][67][info ][safepoint   ] Safepoint "Cleanup", Time since last: 1056101965 ns, Reaching safepoint: 383960 ns, At safepoint: 16956 ns, Total: 400916 ns
[2023-07-17T20:10:56.768+0000][67][info ][safepoint   ] Safepoint "Cleanup", Time since last: 3241442153 ns, Reaching safepoint: 395086 ns, At safepoint: 54677 ns, Total: 449763 ns
[2023-07-17T20:10:58.623+0000][67][info ][safepoint   ] Safepoint "Cleanup", Time since last: 1854255955 ns, Reaching safepoint: 444373 ns, At safepoint: 8787 ns, Total: 453160 ns
[2023-07-17T20:10:59.657+0000][67][info ][safepoint   ] Safepoint "Cleanup", Time since last: 1033887526 ns, Reaching safepoint: 247454 ns, At safepoint: 59510 ns, Total: 306964 ns
[2023-07-17T20:11:01.520+0000][67][info ][safepoint   ] Safepoint "Cleanup", Time since last: 1862623495 ns, Reaching safepoint: 356442 ns, At safepoint: 29864 ns, Total: 386306 ns
[2023-07-17T20:11:03.374+0000][67][info ][safepoint   ] Safepoint "Cleanup", Time since last: 1853097416 ns, Reaching safepoint: 442516 ns, At safepoint: 79807 ns, Total: 522323 ns
[2023-07-17T20:11:04.489+0000][67][info ][safepoint   ] Safepoint "Cleanup", Time since last: 1114068183 ns, Reaching safepoint: 304708 ns, At safepoint: 23643 ns, Total: 328351 ns
[2023-07-17T20:11:07.847+0000][67][info ][safepoint   ] Safepoint "Cleanup", Time since last: 3358292436 ns, Reaching safepoint: 411399 ns, At safepoint: 16746 ns, Total: 428145 ns
[2023-07-17T20:11:09.624+0000][67][info ][safepoint   ] Safepoint "Cleanup", Time since last: 1776563611 ns, Reaching safepoint: 253052 ns, At safepoint: 48444 ns, Total: 301496 ns
[2023-07-17T20:11:11.325+0000][67][info ][safepoint   ] Safepoint "Cleanup", Time since last: 1700627974 ns, Reaching safepoint: 361493 ns, At safepoint: 6626 ns, Total: 368119 ns
[2023-07-17T20:11:15.608+0000][67][info ][safepoint   ] Safepoint "Cleanup", Time since last: 4282975877 ns, Reaching safepoint: 290353 ns, At safepoint: 62948 ns, Total: 353301 ns
[2023-07-17T20:11:16.610+0000][67][info ][safepoint   ] Safepoint "Cleanup", Time since last: 1001474935 ns, Reaching safepoint: 106215 ns, At safepoint: 7251 ns, Total: 113466 ns
[2023-07-17T20:11:18.767+0000][67][info ][safepoint   ] Safepoint "Cleanup", Time since last: 2155956202 ns, Reaching safepoint: 798726 ns, At safepoint: 25460 ns, Total: 824186 ns
[2023-07-17T20:11:19.772+0000][67][info ][safepoint   ] Safepoint "Cleanup", Time since last: 1004458610 ns, Reaching safepoint: 302607 ns, At safepoint: 77050 ns, Total: 379657 ns
[2023-07-17T20:11:21.392+0000][67][info ][safepoint   ] Safepoint "Cleanup", Time since last: 1619853519 ns, Reaching safepoint: 262828 ns, At safepoint: 115518 ns, Total: 378346 ns
[2023-07-17T20:11:23.227+0000][67][info ][safepoint   ] Safepoint "Cleanup", Time since last: 1834415125 ns, Reaching safepoint: 328950 ns, At safepoint: 12666 ns, Total: 341616 ns
[2023-07-17T20:11:24.229+0000][67][info ][safepoint   ] Safepoint "Cleanup", Time since last: 1002201805 ns, Reaching safepoint: 293426 ns, At safepoint: 5598 ns, Total: 299024 ns
[2023-07-17T20:11:25.232+0000][67][info ][safepoint   ] Safepoint "Cleanup", Time since last: 1002179581 ns, Reaching safepoint: 304683 ns, At safepoint: 14830 ns, Total: 319513 ns
[2023-07-17T20:11:27.410+0000][67][info ][safepoint   ] Safepoint "Cleanup", Time since last: 2177609061 ns, Reaching safepoint: 217417 ns, At safepoint: 73757 ns, Total: 291174 ns
[2023-07-17T20:11:28.536+0000][67][info ][safepoint   ] Safepoint "Cleanup", Time since last: 1126066150 ns, Reaching safepoint: 160415 ns, At safepoint: 6377 ns, Total: 166792 ns
[2023-07-17T20:11:29.826+0000][67][info ][safepoint   ] Safepoint "Cleanup", Time since last: 1289664519 ns, Reaching safepoint: 460227 ns, At safepoint: 32221 ns, Total: 492448 ns
[2023-07-17T20:11:31.250+0000][67][info ][safepoint   ] Safepoint "Cleanup", Time since last: 1424230366 ns, Reaching safepoint: 249578 ns, At safepoint: 6744 ns, Total: 256322 ns
[2023-07-17T20:11:33.254+0000][67][info ][safepoint   ] Safepoint "Cleanup", Time since last: 2002887323 ns, Reaching safepoint: 259213 ns, At safepoint: 18000 ns, Total: 277213 ns
[2023-07-17T20:11:35.187+0000][67][info ][safepoint   ] Safepoint "Cleanup", Time since last: 1931888702 ns, Reaching safepoint: 683440 ns, At safepoint: 10946 ns, Total: 694386 ns
[2023-07-17T20:11:37.190+0000][67][info ][safepoint   ] Safepoint "Cleanup", Time since last: 2003079043 ns, Reaching safepoint: 464616 ns, At safepoint: 9498 ns, Total: 474114 ns
[2023-07-17T20:11:39.196+0000][67][info ][safepoint   ] Safepoint "Cleanup", Time since last: 2006064964 ns, Reaching safepoint: 183951 ns, At safepoint: 4959 ns, Total: 188910 ns
[2023-07-17T20:11:40.503+0000][67][info ][safepoint   ] Safepoint "Cleanup", Time since last: 1305777582 ns, Reaching safepoint: 299216 ns, At safepoint: 63470 ns, Total: 362686 ns
[2023-07-17T20:11:48.977+0000][67][info ][safepoint   ] Safepoint "Cleanup", Time since last: 8473344561 ns, Reaching safepoint: 749596 ns, At safepoint: 17845 ns, Total: 767441 ns
[2023-07-17T20:11:49.980+0000][67][info ][safepoint   ] Safepoint "Cleanup", Time since last: 1002428499 ns, Reaching safepoint: 911818 ns, At safepoint: 18123 ns, Total: 929941 ns
[2023-07-17T20:11:51.398+0000][67][info ][safepoint   ] Safepoint "Cleanup", Time since last: 1417739177 ns, Reaching safepoint: 333995 ns, At safepoint: 97574 ns, Total: 431569 ns
[2023-07-17T20:11:52.710+0000][67][info ][safepoint   ] Safepoint "Cleanup", Time since last: 1311291535 ns, Reaching safepoint: 312538 ns, At safepoint: 20122 ns, Total: 332660 ns
[2023-07-17T20:11:54.548+0000][67][info ][safepoint   ] Safepoint "Cleanup", Time since last: 1838064122 ns, Reaching safepoint: 539147 ns, At safepoint: 7351 ns, Total: 546498 ns
[2023-07-17T20:11:55.551+0000][67][info ][safepoint   ] Safepoint "Cleanup", Time since last: 1002634468 ns, Reaching safepoint: 378381 ns, At safepoint: 7539 ns, Total: 385920 ns
[2023-07-17T20:11:58.499+0000][67][info ][safepoint   ] Safepoint "Cleanup", Time since last: 2946546573 ns, Reaching safepoint: 663374 ns, At safepoint: 11546 ns, Total: 674920 ns
[2023-07-17T20:11:59.914+0000][67][info ][safepoint   ] Safepoint "Cleanup", Time since last: 1414971351 ns, Reaching safepoint: 353803 ns, At safepoint: 21230 ns, Total: 375033 ns
[2023-07-17T20:12:00.934+0000][67][info ][safepoint   ] Safepoint "Cleanup", Time since last: 1019722564 ns, Reaching safepoint: 245503 ns, At safepoint: 49607 ns, Total: 295110 ns
[2023-07-17T20:12:02.794+0000][67][info ][safepoint   ] Safepoint "Cleanup", Time since last: 1859669179 ns, Reaching safepoint: 343839 ns, At safepoint: 7030 ns, Total: 350869 ns
[2023-07-17T20:12:04.221+0000][67][info ][safepoint   ] Safepoint "Cleanup", Time since last: 1426777650 ns, Reaching safepoint: 151617 ns, At safepoint: 8655 ns, Total: 160272 ns
[2023-07-17T20:12:05.319+0000][67][info ][safepoint   ] Safepoint "Cleanup", Time since last: 1097177257 ns, Reaching safepoint: 523046 ns, At safepoint: 11016 ns, Total: 534062 ns
[2023-07-17T20:12:09.327+0000][67][info ][safepoint   ] Safepoint "Cleanup", Time since last: 4008127737 ns, Reaching safepoint: 68757 ns, At safepoint: 14636 ns, Total: 83393 ns
[2023-07-17T20:12:15.372+0000][67][info ][safepoint   ] Safepoint "Cleanup", Time since last: 6044438640 ns, Reaching safepoint: 315203 ns, At safepoint: 52525 ns, Total: 367728 ns
[2023-07-17T20:12:17.095+0000][67][info ][safepoint   ] Safepoint "Cleanup", Time since last: 1721960643 ns, Reaching safepoint: 1037054 ns, At safepoint: 107922 ns, Total: 1144976 ns
[2023-07-17T20:12:21.391+0000][67][info ][safepoint   ] Safepoint "Cleanup", Time since last: 4296049155 ns, Reaching safepoint: 402015 ns, At safepoint: 43565 ns, Total: 445580 ns
[2023-07-17T20:12:22.757+0000][67][info ][safepoint   ] Safepoint "Cleanup", Time since last: 1365117442 ns, Reaching safepoint: 258096 ns, At safepoint: 57402 ns, Total: 315498 ns
[2023-07-17T20:12:24.999+0000][67][info ][safepoint   ] Safepoint "Cleanup", Time since last: 2241495611 ns, Reaching safepoint: 645152 ns, At safepoint: 21617 ns, Total: 666769 ns
[2023-07-17T20:12:27.430+0000][67][info ][safepoint   ] Safepoint "Cleanup", Time since last: 2430955305 ns, Reaching safepoint: 337382 ns, At safepoint: 51551 ns, Total: 388933 ns
[2023-07-17T20:12:29.310+0000][67][info ][safepoint   ] Safepoint "Cleanup", Time since last: 1879394148 ns, Reaching safepoint: 298471 ns, At safepoint: 13144 ns, Total: 311615 ns
[2023-07-17T20:12:30.316+0000][67][info ][safepoint   ] Safepoint "Cleanup", Time since last: 1005405988 ns, Reaching safepoint: 326194 ns, At safepoint: 6659 ns, Total: 332853 ns
[2023-07-17T20:12:33.686+0000][67][info ][safepoint   ] Safepoint "Cleanup", Time since last: 3369974722 ns, Reaching safepoint: 140038 ns, At safepoint: 43616 ns, Total: 183654 ns
[2023-07-17T20:12:34.689+0000][67][info ][safepoint   ] Safepoint "Cleanup", Time since last: 1001898159 ns, Reaching safepoint: 397522 ns, At safepoint: 42748 ns, Total: 440270 ns
[2023-07-17T20:12:39.406+0000][67][info ][safepoint   ] Safepoint "Cleanup", Time since last: 4716706551 ns, Reaching safepoint: 329327 ns, At safepoint: 57142 ns, Total: 386469 ns
[2023-07-17T20:12:41.113+0000][67][info ][safepoint   ] Safepoint "Cleanup", Time since last: 1706394681 ns, Reaching safepoint: 703554 ns, At safepoint: 25892 ns, Total: 729446 ns
[2023-07-17T20:12:45.411+0000][67][info ][safepoint   ] Safepoint "Cleanup", Time since last: 4298158469 ns, Reaching safepoint: 302879 ns, At safepoint: 62723 ns, Total: 365602 ns
[2023-07-17T20:12:46.420+0000][67][info ][safepoint   ] Safepoint "Cleanup", Time since last: 1008505665 ns, Reaching safepoint: 270039 ns, At safepoint: 54481 ns, Total: 324520 ns
[2023-07-17T20:12:47.742+0000][67][info ][safepoint   ] Safepoint "Cleanup", Time since last: 1321297751 ns, Reaching safepoint: 440907 ns, At safepoint: 65716 ns, Total: 506623 ns
[2023-07-17T20:12:48.755+0000][67][info ][safepoint   ] Safepoint "Cleanup", Time since last: 1012789588 ns, Reaching safepoint: 549349 ns, At safepoint: 9739 ns, Total: 559088 ns
[2023-07-17T20:12:49.759+0000][67][info ][safepoint   ] Safepoint "Cleanup", Time since last: 1002982141 ns, Reaching safepoint: 424483 ns, At safepoint: 6654 ns, Total: 431137 ns
[2023-07-17T20:12:50.761+0000][67][info ][safepoint   ] Safepoint "Cleanup", Time since last: 1002511103 ns, Reaching safepoint: 277382 ns, At safepoint: 5885 ns, Total: 283267 ns
[2023-07-17T20:12:51.990+0000][67][info ][safepoint   ] Safepoint "Cleanup", Time since last: 1228351332 ns, Reaching safepoint: 147157 ns, At safepoint: 58407 ns, Total: 205564 ns
[2023-07-17T20:12:53.098+0000][67][info ][safepoint   ] Safepoint "Cleanup", Time since last: 1107594220 ns, Reaching safepoint: 371649 ns, At safepoint: 16932 ns, Total: 388581 ns
[2023-07-17T20:12:55.101+0000][67][info ][safepoint   ] Safepoint "Cleanup", Time since last: 2002975129 ns, Reaching safepoint: 233923 ns, At safepoint: 5927 ns, Total: 239850 ns
[2023-07-17T20:12:57.392+0000][67][info ][safepoint   ] Safepoint "Cleanup", Time since last: 2290644000 ns, Reaching safepoint: 184793 ns, At safepoint: 83034 ns, Total: 267827 ns
[2023-07-17T20:12:58.433+0000][67][info ][safepoint   ] Safepoint "Cleanup", Time since last: 1040304955 ns, Reaching safepoint: 255292 ns, At safepoint: 55700 ns, Total: 310992 ns
[2023-07-17T20:13:00.522+0000][67][info ][safepoint   ] Safepoint "Cleanup", Time since last: 2088855852 ns, Reaching safepoint: 261745 ns, At safepoint: 16159 ns, Total: 277904 ns
[2023-07-17T20:13:03.413+0000][67][info ][safepoint   ] Safepoint "Cleanup", Time since last: 2890112770 ns, Reaching safepoint: 500394 ns, At safepoint: 64475 ns, Total: 564869 ns
[2023-07-17T20:13:04.639+0000][67][info ][safepoint   ] Safepoint "Cleanup", Time since last: 1226014485 ns, Reaching safepoint: 298942 ns, At safepoint: 7041 ns, Total: 305983 ns
[2023-07-17T20:13:06.919+0000][67][info ][safepoint   ] Safepoint "Cleanup", Time since last: 2278831703 ns, Reaching safepoint: 396205 ns, At safepoint: 16365 ns, Total: 412570 ns
[2023-07-17T20:13:10.207+0000][67][info ][safepoint   ] Safepoint "Cleanup", Time since last: 3288233241 ns, Reaching safepoint: 367504 ns, At safepoint: 57805 ns, Total: 425309 ns
[2023-07-17T20:13:14.300+0000][67][info ][safepoint   ] Safepoint "Cleanup", Time since last: 4092425682 ns, Reaching safepoint: 702587 ns, At safepoint: 10344 ns, Total: 712931 ns
[2023-07-17T20:13:15.303+0000][67][info ][safepoint   ] Safepoint "Cleanup", Time since last: 1002540907 ns, Reaching safepoint: 347517 ns, At safepoint: 131968 ns, Total: 479485 ns
[2023-07-17T20:13:16.599+0000][67][info ][safepoint   ] Safepoint "Cleanup", Time since last: 1295276107 ns, Reaching safepoint: 641437 ns, At safepoint: 68254 ns, Total: 709691 ns
[2023-07-17T20:13:17.901+0000][67][info ][safepoint   ] Safepoint "Cleanup", Time since last: 1300645988 ns, Reaching safepoint: 457541 ns, At safepoint: 17380 ns, Total: 474921 ns
[2023-07-17T20:13:20.538+0000][67][info ][safepoint   ] Safepoint "Cleanup", Time since last: 2636461170 ns, Reaching safepoint: 467153 ns, At safepoint: 10223 ns, Total: 477376 ns
[2023-07-17T20:13:21.616+0000][67][info ][safepoint   ] Safepoint "Cleanup", Time since last: 1077901816 ns, Reaching safepoint: 306087 ns, At safepoint: 47058 ns, Total: 353145 ns
[2023-07-17T20:13:23.274+0000][67][info ][safepoint   ] Safepoint "Cleanup", Time since last: 1658283399 ns, Reaching safepoint: 306744 ns, At safepoint: 7067 ns, Total: 313811 ns
[2023-07-17T20:13:24.278+0000][67][info ][safepoint   ] Safepoint "Cleanup", Time since last: 1002673290 ns, Reaching safepoint: 608848 ns, At safepoint: 26620 ns, Total: 635468 ns
[2023-07-17T20:13:27.281+0000][67][info ][safepoint   ] Safepoint "Cleanup", Time since last: 3003446062 ns, Reaching safepoint: 146552 ns, At safepoint: 13090 ns, Total: 159642 ns
[2023-07-17T20:13:28.563+0000][67][info ][safepoint   ] Safepoint "Cleanup", Time since last: 1281813361 ns, Reaching safepoint: 305975 ns, At safepoint: 46948 ns, Total: 352923 ns
[2023-07-17T20:13:29.656+0000][67][info ][safepoint   ] Safepoint "Cleanup", Time since last: 1092017580 ns, Reaching safepoint: 312012 ns, At safepoint: 6659 ns, Total: 318671 ns
[2023-07-17T20:13:30.659+0000][67][info ][safepoint   ] Safepoint "Cleanup", Time since last: 1002480095 ns, Reaching safepoint: 404427 ns, At safepoint: 16691 ns, Total: 421118 ns
[2023-07-17T20:13:33.965+0000][67][info ][safepoint   ] Safepoint "Cleanup", Time since last: 3305748423 ns, Reaching safepoint: 418636 ns, At safepoint: 45864 ns, Total: 464500 ns
[2023-07-17T20:13:39.428+0000][67][info ][safepoint   ] Safepoint "Cleanup", Time since last: 5462854886 ns, Reaching safepoint: 261482 ns, At safepoint: 56156 ns, Total: 317638 ns
[2023-07-17T20:13:40.431+0000][67][info ][safepoint   ] Safepoint "Cleanup", Time since last: 1002569258 ns, Reaching safepoint: 347785 ns, At safepoint: 7913 ns, Total: 355698 ns
[2023-07-17T20:13:41.624+0000][67][info ][safepoint   ] Safepoint "Cleanup", Time since last: 1192432425 ns, Reaching safepoint: 303220 ns, At safepoint: 12236 ns, Total: 315456 ns
[2023-07-17T20:13:42.640+0000][67][info ][safepoint   ] Safepoint "Cleanup", Time since last: 1015335080 ns, Reaching safepoint: 365484 ns, At safepoint: 7041 ns, Total: 372525 ns
[2023-07-17T20:13:44.644+0000][67][info ][safepoint   ] Safepoint "Cleanup", Time since last: 2003163782 ns, Reaching safepoint: 1079718 ns, At safepoint: 18861 ns, Total: 1098579 ns
[2023-07-17T20:13:45.877+0000][67][info ][safepoint   ] Safepoint "Cleanup", Time since last: 1232699317 ns, Reaching safepoint: 54860 ns, At safepoint: 4403 ns, Total: 59263 ns
[2023-07-17T20:13:50.386+0000][67][info ][safepoint   ] Safepoint "Cleanup", Time since last: 4508573509 ns, Reaching safepoint: 234061 ns, At safepoint: 15612 ns, Total: 249673 ns
[2023-07-17T20:13:51.408+0000][67][info ][safepoint   ] Safepoint "Cleanup", Time since last: 1021555078 ns, Reaching safepoint: 335625 ns, At safepoint: 70934 ns, Total: 406559 ns
[2023-07-17T20:13:52.515+0000][67][info ][safepoint   ] Safepoint "Cleanup", Time since last: 1106972843 ns, Reaching safepoint: 141404 ns, At safepoint: 15708 ns, Total: 157112 ns
[2023-07-17T20:13:53.806+0000][67][info ][safepoint   ] Safepoint "Cleanup", Time since last: 1291385900 ns, Reaching safepoint: 348219 ns, At safepoint: 5486 ns, Total: 353705 ns
[2023-07-17T20:13:57.455+0000][67][info ][safepoint   ] Safepoint "Cleanup", Time since last: 3647871797 ns, Reaching safepoint: 418774 ns, At safepoint: 64457 ns, Total: 483231 ns
[2023-07-17T20:14:00.593+0000][67][info ][safepoint   ] Safepoint "Cleanup", Time since last: 3137525205 ns, Reaching safepoint: 347881 ns, At safepoint: 6932 ns, Total: 354813 ns
[2023-07-17T20:14:01.846+0000][67][info ][safepoint   ] Safepoint "Cleanup", Time since last: 1253231209 ns, Reaching safepoint: 299885 ns, At safepoint: 86770 ns, Total: 386655 ns
[2023-07-17T20:14:03.392+0000][67][info ][safepoint   ] Safepoint "Cleanup", Time since last: 1544816646 ns, Reaching safepoint: 298555 ns, At safepoint: 54798 ns, Total: 353353 ns
[2023-07-17T20:14:04.424+0000][67][info ][safepoint   ] Safepoint "Cleanup", Time since last: 1031594575 ns, Reaching safepoint: 156123 ns, At safepoint: 57547 ns, Total: 213670 ns
[2023-07-17T20:14:05.541+0000][67][info ][safepoint   ] Safepoint "Cleanup", Time since last: 1116812365 ns, Reaching safepoint: 242631 ns, At safepoint: 89811 ns, Total: 332442 ns
[2023-07-17T20:14:07.369+0000][67][info ][safepoint   ] Safepoint "Cleanup", Time since last: 1827732844 ns, Reaching safepoint: 454100 ns, At safepoint: 6889 ns, Total: 460989 ns
[2023-07-17T20:14:08.372+0000][67][info ][safepoint   ] Safepoint "Cleanup", Time since last: 1002688156 ns, Reaching safepoint: 400012 ns, At safepoint: 6874 ns, Total: 406886 ns
[2023-07-17T20:14:09.375+0000][67][info ][safepoint   ] Safepoint "Cleanup", Time since last: 1002582580 ns, Reaching safepoint: 159504 ns, At safepoint: 57567 ns, Total: 217071 ns
[2023-07-17T20:14:10.559+0000][67][info ][safepoint   ] Safepoint "Cleanup", Time since last: 1183365304 ns, Reaching safepoint: 695555 ns, At safepoint: 39209 ns, Total: 734764 ns
[2023-07-17T20:14:11.872+0000][67][info ][safepoint   ] Safepoint "Cleanup", Time since last: 1312660129 ns, Reaching safepoint: 524160 ns, At safepoint: 16722 ns, Total: 540882 ns
[2023-07-17T20:14:12.875+0000][67][info ][safepoint   ] Safepoint "Cleanup", Time since last: 1002493536 ns, Reaching safepoint: 496302 ns, At safepoint: 23398 ns, Total: 519700 ns
[2023-07-17T20:14:13.878+0000][67][info ][safepoint   ] Safepoint "Cleanup", Time since last: 1002366158 ns, Reaching safepoint: 358975 ns, At safepoint: 6022 ns, Total: 364997 ns
[2023-07-17T20:14:14.881+0000][67][info ][safepoint   ] Safepoint "Cleanup", Time since last: 1002354453 ns, Reaching safepoint: 1003142 ns, At safepoint: 25878 ns, Total: 1029020 ns
[2023-07-17T20:14:16.161+0000][67][info ][safepoint   ] Safepoint "Cleanup", Time since last: 1279623350 ns, Reaching safepoint: 278798 ns, At safepoint: 54776 ns, Total: 333574 ns
[2023-07-17T20:14:21.257+0000][67][info ][safepoint   ] Safepoint "Cleanup", Time since last: 5095375848 ns, Reaching safepoint: 393208 ns, At safepoint: 17939 ns, Total: 411147 ns
[2023-07-17T20:14:24.650+0000][67][info ][safepoint   ] Safepoint "Cleanup", Time since last: 3392066431 ns, Reaching safepoint: 552836 ns, At safepoint: 312159 ns, Total: 864995 ns
[2023-07-17T20:14:28.032+0000][67][info ][safepoint   ] Safepoint "Cleanup", Time since last: 3381413283 ns, Reaching safepoint: 544442 ns, At safepoint: 82643 ns, Total: 627085 ns
[2023-07-17T20:14:29.303+0000][67][info ][safepoint   ] Safepoint "Cleanup", Time since last: 1270287236 ns, Reaching safepoint: 760688 ns, At safepoint: 57735 ns, Total: 818423 ns
[2023-07-17T20:14:33.318+0000][67][info ][safepoint   ] Safepoint "Cleanup", Time since last: 4014613227 ns, Reaching safepoint: 155120 ns, At safepoint: 13083 ns, Total: 168203 ns
[2023-07-17T20:14:34.592+0000][67][info ][safepoint   ] Safepoint "Cleanup", Time since last: 1273694651 ns, Reaching safepoint: 347380 ns, At safepoint: 53908 ns, Total: 401288 ns
[2023-07-17T20:14:35.595+0000][67][info ][safepoint   ] Safepoint "Cleanup", Time since last: 1002810881 ns, Reaching safepoint: 272200 ns, At safepoint: 69215 ns, Total: 341415 ns
[2023-07-17T20:14:37.292+0000][67][info ][safepoint   ] Safepoint "Cleanup", Time since last: 1696192458 ns, Reaching safepoint: 299670 ns, At safepoint: 5949 ns, Total: 305619 ns
[2023-07-17T20:14:39.294+0000][67][info ][safepoint   ] Safepoint "Cleanup", Time since last: 2002411300 ns, Reaching safepoint: 306839 ns, At safepoint: 18071 ns, Total: 324910 ns
[2023-07-17T20:14:40.462+0000][67][info ][safepoint   ] Safepoint "Cleanup", Time since last: 1166894072 ns, Reaching safepoint: 269664 ns, At safepoint: 42871 ns, Total: 312535 ns
[2023-07-17T20:14:41.551+0000][67][info ][safepoint   ] Safepoint "Cleanup", Time since last: 1088844318 ns, Reaching safepoint: 852908 ns, At safepoint: 16273 ns, Total: 869181 ns
[2023-07-17T20:14:42.554+0000][67][info ][safepoint   ] Safepoint "Cleanup", Time since last: 1002536150 ns, Reaching safepoint: 459549 ns, At safepoint: 18470 ns, Total: 478019 ns
[2023-07-17T20:14:45.620+0000][67][info ][safepoint   ] Safepoint "Cleanup", Time since last: 3065069684 ns, Reaching safepoint: 329861 ns, At safepoint: 93883 ns, Total: 423744 ns
[2023-07-17T20:14:46.981+0000][67][info ][safepoint   ] Safepoint "Cleanup", Time since last: 1351810764 ns, Reaching safepoint: 8771968 ns, At safepoint: 269674 ns, Total: 9041642 ns
[2023-07-17T20:14:51.409+0000][67][info ][safepoint   ] Safepoint "Cleanup", Time since last: 4427863790 ns, Reaching safepoint: 312761 ns, At safepoint: 12980 ns, Total: 325741 ns
[2023-07-17T20:14:52.743+0000][67][info ][safepoint   ] Safepoint "Cleanup", Time since last: 1333979651 ns, Reaching safepoint: 287990 ns, At safepoint: 56609 ns, Total: 344599 ns
[2023-07-17T20:14:54.983+0000][67][info ][safepoint   ] Safepoint "Cleanup", Time since last: 2238971934 ns, Reaching safepoint: 358682 ns, At safepoint: 6257 ns, Total: 364939 ns
[2023-07-17T20:14:57.613+0000][67][info ][safepoint   ] Safepoint "Cleanup", Time since last: 2629674725 ns, Reaching safepoint: 261081 ns, At safepoint: 48286 ns, Total: 309367 ns
[2023-07-17T20:14:59.323+0000][67][info ][safepoint   ] Safepoint "Cleanup", Time since last: 1710093009 ns, Reaching safepoint: 447382 ns, At safepoint: 23349 ns, Total: 470731 ns
[2023-07-17T20:15:04.658+0000][67][info ][safepoint   ] Safepoint "Cleanup", Time since last: 5333908443 ns, Reaching safepoint: 393431 ns, At safepoint: 30185 ns, Total: 423616 ns
[2023-07-17T20:15:06.778+0000][67][info ][safepoint   ] Safepoint "Cleanup", Time since last: 2119398402 ns, Reaching safepoint: 329919 ns, At safepoint: 17434 ns, Total: 347353 ns
[2023-07-17T20:15:09.790+0000][67][info ][safepoint   ] Safepoint "Cleanup", Time since last: 3004406627 ns, Reaching safepoint: 7358685 ns, At safepoint: 82637 ns, Total: 7441322 ns
[2023-07-17T20:15:12.130+0000][67][info ][safepoint   ] Safepoint "Cleanup", Time since last: 2339593754 ns, Reaching safepoint: 424694 ns, At safepoint: 64351 ns, Total: 489045 ns
[2023-07-17T20:15:13.260+0000][67][info ][safepoint   ] Safepoint "Cleanup", Time since last: 1129577974 ns, Reaching safepoint: 413526 ns, At safepoint: 16837 ns, Total: 430363 ns
[2023-07-17T20:15:15.877+0000][67][info ][safepoint   ] Safepoint "Cleanup", Time since last: 2617257145 ns, Reaching safepoint: 129482 ns, At safepoint: 5696 ns, Total: 135178 ns
[2023-07-17T20:15:17.311+0000][67][info ][safepoint   ] Safepoint "Cleanup", Time since last: 1433423292 ns, Reaching safepoint: 661657 ns, At safepoint: 11165 ns, Total: 672822 ns
[2023-07-17T20:15:21.463+0000][67][info ][safepoint   ] Safepoint "Cleanup", Time since last: 4151539661 ns, Reaching safepoint: 169089 ns, At safepoint: 16676 ns, Total: 185765 ns
[2023-07-17T20:15:22.537+0000][67][info ][safepoint   ] Safepoint "Cleanup", Time since last: 1073229177 ns, Reaching safepoint: 441587 ns, At safepoint: 56645 ns, Total: 498232 ns
[2023-07-17T20:15:24.625+0000][67][info ][safepoint   ] Safepoint "Cleanup", Time since last: 2088404424 ns, Reaching safepoint: 416851 ns, At safepoint: 5901 ns, Total: 422752 ns
[2023-07-17T20:15:27.454+0000][67][info ][safepoint   ] Safepoint "Cleanup", Time since last: 2828572288 ns, Reaching safepoint: 284828 ns, At safepoint: 60582 ns, Total: 345410 ns
[2023-07-17T20:15:29.057+0000][67][info ][safepoint   ] Safepoint "Cleanup", Time since last: 1602022965 ns, Reaching safepoint: 380894 ns, At safepoint: 12385 ns, Total: 393279 ns
[2023-07-17T20:15:30.663+0000][67][info ][safepoint   ] Safepoint "Cleanup", Time since last: 1605951721 ns, Reaching safepoint: 710408 ns, At safepoint: 25787 ns, Total: 736195 ns
[2023-07-17T20:15:33.981+0000][67][info ][safepoint   ] Safepoint "Cleanup", Time since last: 3316256843 ns, Reaching safepoint: 614090 ns, At safepoint: 94021 ns, Total: 708111 ns
[2023-07-17T20:15:37.079+0000][67][info ][safepoint   ] Safepoint "Cleanup", Time since last: 3096989775 ns, Reaching safepoint: 260921 ns, At safepoint: 7085 ns, Total: 268006 ns
[2023-07-17T20:15:39.456+0000][67][info ][safepoint   ] Safepoint "Cleanup", Time since last: 2377217200 ns, Reaching safepoint: 174539 ns, At safepoint: 15774 ns, Total: 190313 ns
[2023-07-17T20:15:40.458+0000][67][info ][safepoint   ] Safepoint "Cleanup", Time since last: 1001129926 ns, Reaching safepoint: 392412 ns, At safepoint: 55449 ns, Total: 447861 ns
[2023-07-17T20:15:42.628+0000][67][info ][safepoint   ] Safepoint "Cleanup", Time since last: 2169533465 ns, Reaching safepoint: 459739 ns, At safepoint: 17026 ns, Total: 476765 ns
[2023-07-17T20:15:45.426+0000][67][info ][safepoint   ] Safepoint "Cleanup", Time since last: 2798372941 ns, Reaching safepoint: 241915 ns, At safepoint: 16124 ns, Total: 258039 ns
[2023-07-17T20:15:49.201+0000][67][info ][safepoint   ] Safepoint "Cleanup", Time since last: 3773875192 ns, Reaching safepoint: 390123 ns, At safepoint: 12526 ns, Total: 402649 ns
[2023-07-17T20:15:50.203+0000][67][info ][safepoint   ] Safepoint "Cleanup", Time since last: 1002054451 ns, Reaching safepoint: 699965 ns, At safepoint: 18947 ns, Total: 718912 ns
[2023-07-17T20:15:52.501+0000][67][info ][safepoint   ] Safepoint "Cleanup", Time since last: 2296925386 ns, Reaching safepoint: 333802 ns, At safepoint: 44746 ns, Total: 378548 ns
[2023-07-17T20:15:57.423+0000][67][info ][safepoint   ] Safepoint "Cleanup", Time since last: 4921588130 ns, Reaching safepoint: 317119 ns, At safepoint: 55034 ns, Total: 372153 ns
[2023-07-17T20:15:58.991+0000][67][info ][safepoint   ] Safepoint "Cleanup", Time since last: 1567539523 ns, Reaching safepoint: 609398 ns, At safepoint: 105718 ns, Total: 715116 ns
[2023-07-17T20:16:02.402+0000][67][info ][safepoint   ] Safepoint "Cleanup", Time since last: 3411368539 ns, Reaching safepoint: 267590 ns, At safepoint: 15553 ns, Total: 283143 ns
[2023-07-17T20:16:03.816+0000][67][info ][safepoint   ] Safepoint "Cleanup", Time since last: 1413417868 ns, Reaching safepoint: 165327 ns, At safepoint: 52380 ns, Total: 217707 ns
[2023-07-17T20:16:15.245+0000][67][info ][safepoint   ] Safepoint "Cleanup", Time since last: 11429391520 ns, Reaching safepoint: 270362 ns, At safepoint: 4882 ns, Total: 275244 ns
[2023-07-17T20:16:16.547+0000][67][info ][safepoint   ] Safepoint "Cleanup", Time since last: 1301071270 ns, Reaching safepoint: 300138 ns, At safepoint: 123432 ns, Total: 423570 ns
[2023-07-17T20:16:21.425+0000][67][info ][safepoint   ] Safepoint "Cleanup", Time since last: 4877611537 ns, Reaching safepoint: 186759 ns, At safepoint: 6360 ns, Total: 193119 ns
[2023-07-17T20:16:23.067+0000][67][info ][safepoint   ] Safepoint "Cleanup", Time since last: 1642120725 ns, Reaching safepoint: 425472 ns, At safepoint: 7134 ns, Total: 432606 ns
[2023-07-17T20:16:24.070+0000][67][info ][safepoint   ] Safepoint "Cleanup", Time since last: 1002593479 ns, Reaching safepoint: 272576 ns, At safepoint: 53119 ns, Total: 325695 ns
[2023-07-17T20:16:25.074+0000][67][info ][safepoint   ] Safepoint "Cleanup", Time since last: 1002222583 ns, Reaching safepoint: 1114289 ns, At safepoint: 25219 ns, Total: 1139508 ns
[2023-07-17T20:16:28.359+0000][67][info ][safepoint   ] Safepoint "Cleanup", Time since last: 3285146450 ns, Reaching safepoint: 507238 ns, At safepoint: 56008 ns, Total: 563246 ns
[2023-07-17T20:16:33.418+0000][67][info ][safepoint   ] Safepoint "Cleanup", Time since last: 5057945466 ns, Reaching safepoint: 126980 ns, At safepoint: 8985 ns, Total: 135965 ns
[2023-07-17T20:16:34.958+0000][67][info ][safepoint   ] Safepoint "Cleanup", Time since last: 1539301514 ns, Reaching safepoint: 840209 ns, At safepoint: 26770 ns, Total: 866979 ns
[2023-07-17T20:16:36.301+0000][67][info ][safepoint   ] Safepoint "Cleanup", Time since last: 1342460517 ns, Reaching safepoint: 331772 ns, At safepoint: 6843 ns, Total: 338615 ns
[2023-07-17T20:16:39.305+0000][67][info ][safepoint   ] Safepoint "Cleanup", Time since last: 3003174712 ns, Reaching safepoint: 533362 ns, At safepoint: 162744 ns, Total: 696106 ns
[2023-07-17T20:16:40.566+0000][67][info ][safepoint   ] Safepoint "Cleanup", Time since last: 1260961245 ns, Reaching safepoint: 271891 ns, At safepoint: 4825 ns, Total: 276716 ns
[2023-07-17T20:16:42.663+0000][67][info ][safepoint   ] Safepoint "Cleanup", Time since last: 2097144809 ns, Reaching safepoint: 169326 ns, At safepoint: 7241 ns, Total: 176567 ns
[2023-07-17T20:16:45.407+0000][67][info ][safepoint   ] Safepoint "Cleanup", Time since last: 2743801790 ns, Reaching safepoint: 198108 ns, At safepoint: 66342 ns, Total: 264450 ns
[2023-07-17T20:16:47.045+0000][67][info ][safepoint   ] Safepoint "Cleanup", Time since last: 1637105145 ns, Reaching safepoint: 448374 ns, At safepoint: 9971 ns, Total: 458345 ns
[2023-07-17T20:16:51.422+0000][67][info ][safepoint   ] Safepoint "Cleanup", Time since last: 4377106685 ns, Reaching safepoint: 131749 ns, At safepoint: 47314 ns, Total: 179063 ns
[2023-07-17T20:16:52.426+0000][67][info ][safepoint   ] Safepoint "Cleanup", Time since last: 1004014401 ns, Reaching safepoint: 366985 ns, At safepoint: 52713 ns, Total: 419698 ns
[2023-07-17T20:16:53.609+0000][67][info ][safepoint   ] Safepoint "Cleanup", Time since last: 1182250396 ns, Reaching safepoint: 368350 ns, At safepoint: 18857 ns, Total: 387207 ns
[2023-07-17T20:16:57.434+0000][67][info ][safepoint   ] Safepoint "Cleanup", Time since last: 3825153756 ns, Reaching safepoint: 203884 ns, At safepoint: 10428 ns, Total: 214312 ns
[2023-07-17T20:16:58.959+0000][67][info ][safepoint   ] Safepoint "Cleanup", Time since last: 1523745585 ns, Reaching safepoint: 396048 ns, At safepoint: 6656 ns, Total: 402704 ns
[2023-07-17T20:17:00.328+0000][67][info ][safepoint   ] Safepoint "Cleanup", Time since last: 1369146125 ns, Reaching safepoint: 718414 ns, At safepoint: 26695 ns, Total: 745109 ns
[2023-07-17T20:17:04.497+0000][67][info ][safepoint   ] Safepoint "Cleanup", Time since last: 4168570994 ns, Reaching safepoint: 85764 ns, At safepoint: 13294 ns, Total: 99058 ns
[2023-07-17T20:17:05.720+0000][67][info ][safepoint   ] Safepoint "Cleanup", Time since last: 1222295759 ns, Reaching safepoint: 277495 ns, At safepoint: 6200 ns, Total: 283695 ns
[2023-07-17T20:17:15.114+0000][67][info ][safepoint   ] Safepoint "Cleanup", Time since last: 9393923324 ns, Reaching safepoint: 374697 ns, At safepoint: 61340 ns, Total: 436037 ns
[2023-07-17T20:17:16.476+0000][67][info ][safepoint   ] Safepoint "Cleanup", Time since last: 1361204672 ns, Reaching safepoint: 393634 ns, At safepoint: 17477 ns, Total: 411111 ns
[2023-07-17T20:17:17.896+0000][67][info ][safepoint   ] Safepoint "Cleanup", Time since last: 1420057280 ns, Reaching safepoint: 158303 ns, At safepoint: 51375 ns, Total: 209678 ns
[2023-07-17T20:17:24.241+0000][67][info ][safepoint   ] Safepoint "Cleanup", Time since last: 6344221813 ns, Reaching safepoint: 356527 ns, At safepoint: 19550 ns, Total: 376077 ns
[2023-07-17T20:17:27.633+0000][67][info ][safepoint   ] Safepoint "Cleanup", Time since last: 3391393674 ns, Reaching safepoint: 387575 ns, At safepoint: 43124 ns, Total: 430699 ns
[2023-07-17T20:17:29.658+0000][67][info ][safepoint   ] Safepoint "Cleanup", Time since last: 2024788704 ns, Reaching safepoint: 548511 ns, At safepoint: 9698 ns, Total: 558209 ns
[2023-07-17T20:17:36.472+0000][67][info ][safepoint   ] Safepoint "Cleanup", Time since last: 6812525430 ns, Reaching safepoint: 297804 ns, At safepoint: 5374 ns, Total: 303178 ns
[2023-07-17T20:17:39.444+0000][67][info ][safepoint   ] Safepoint "Cleanup", Time since last: 2972460469 ns, Reaching safepoint: 230686 ns, At safepoint: 12978 ns, Total: 243664 ns
[2023-07-17T20:17:40.581+0000][67][info ][safepoint   ] Safepoint "Cleanup", Time since last: 1136024646 ns, Reaching safepoint: 277944 ns, At safepoint: 4860 ns, Total: 282804 ns
[2023-07-17T20:17:42.070+0000][67][info ][safepoint   ] Safepoint "Cleanup", Time since last: 1489005545 ns, Reaching safepoint: 278243 ns, At safepoint: 65520 ns, Total: 343763 ns
[2023-07-17T20:17:45.424+0000][67][info ][safepoint   ] Safepoint "Cleanup", Time since last: 3353681556 ns, Reaching safepoint: 166909 ns, At safepoint: 32159 ns, Total: 199068 ns
[2023-07-17T20:17:47.398+0000][67][info ][safepoint   ] Safepoint "Cleanup", Time since last: 1974057034 ns, Reaching safepoint: 500400 ns, At safepoint: 17496 ns, Total: 517896 ns
[2023-07-17T20:17:51.482+0000][67][info ][safepoint   ] Safepoint "Cleanup", Time since last: 4082703282 ns, Reaching safepoint: 351081 ns, At safepoint: 43023 ns, Total: 394104 ns
[2023-07-17T20:17:52.639+0000][67][info ][safepoint   ] Safepoint "Cleanup", Time since last: 1157047995 ns, Reaching safepoint: 143450 ns, At safepoint: 3760 ns, Total: 147210 ns
[2023-07-17T20:17:53.828+0000][67][info ][safepoint   ] Safepoint "Cleanup", Time since last: 1188569380 ns, Reaching safepoint: 582608 ns, At safepoint: 68745 ns, Total: 651353 ns
[2023-07-17T20:17:58.122+0000][67][info ][safepoint   ] Safepoint "Cleanup", Time since last: 4294028412 ns, Reaching safepoint: 221757 ns, At safepoint: 45573 ns, Total: 267330 ns
[2023-07-17T20:17:59.212+0000][67][info ][safepoint   ] Safepoint "Cleanup", Time since last: 1089331170 ns, Reaching safepoint: 239763 ns, At safepoint: 4632 ns, Total: 244395 ns
[2023-07-17T20:18:03.433+0000][67][info ][safepoint   ] Safepoint "Cleanup", Time since last: 4221168070 ns, Reaching safepoint: 206961 ns, At safepoint: 114350 ns, Total: 321311 ns
[2023-07-17T20:18:09.826+0000][67][info ][safepoint   ] Safepoint "Cleanup", Time since last: 6392418944 ns, Reaching safepoint: 442329 ns, At safepoint: 163776 ns, Total: 606105 ns
[2023-07-17T20:18:11.217+0000][67][info ][safepoint   ] Safepoint "Cleanup", Time since last: 1390247141 ns, Reaching safepoint: 573479 ns, At safepoint: 10938 ns, Total: 584417 ns
[2023-07-17T20:18:12.533+0000][67][info ][safepoint   ] Safepoint "Cleanup", Time since last: 1314996103 ns, Reaching safepoint: 796383 ns, At safepoint: 23377 ns, Total: 819760 ns
[2023-07-17T20:18:15.429+0000][67][info ][safepoint   ] Safepoint "Cleanup", Time since last: 2896047072 ns, Reaching safepoint: 392720 ns, At safepoint: 95951 ns, Total: 488671 ns
[2023-07-17T20:18:16.836+0000][67][info ][safepoint   ] Safepoint "Cleanup", Time since last: 1406209553 ns, Reaching safepoint: 97746 ns, At safepoint: 42480 ns, Total: 140226 ns
[2023-07-17T20:18:22.270+0000][67][info ][safepoint   ] Safepoint "Cleanup", Time since last: 5433519519 ns, Reaching safepoint: 332446 ns, At safepoint: 46195 ns, Total: 378641 ns
[2023-07-17T20:18:24.373+0000][67][info ][safepoint   ] Safepoint "Cleanup", Time since last: 2102162909 ns, Reaching safepoint: 824924 ns, At safepoint: 22007 ns, Total: 846931 ns
[2023-07-17T20:18:27.377+0000][67][info ][safepoint   ] Safepoint "Cleanup", Time since last: 3003776697 ns, Reaching safepoint: 283795 ns, At safepoint: 12839 ns, Total: 296634 ns
[2023-07-17T20:18:28.678+0000][67][info ][safepoint   ] Safepoint "Cleanup", Time since last: 1300951484 ns, Reaching safepoint: 429936 ns, At safepoint: 19420 ns, Total: 449356 ns
[2023-07-17T20:18:29.802+0000][67][info ][safepoint   ] Safepoint "Cleanup", Time since last: 1123491713 ns, Reaching safepoint: 393822 ns, At safepoint: 8527 ns, Total: 402349 ns
[2023-07-17T20:18:33.479+0000][67][info ][safepoint   ] Safepoint "Cleanup", Time since last: 3676835706 ns, Reaching safepoint: 161632 ns, At safepoint: 5368 ns, Total: 167000 ns
[2023-07-17T20:18:35.442+0000][67][info ][safepoint   ] Safepoint "Cleanup", Time since last: 1961904881 ns, Reaching safepoint: 857004 ns, At safepoint: 31109 ns, Total: 888113 ns
[2023-07-17T20:18:38.446+0000][67][info ][safepoint   ] Safepoint "Cleanup", Time since last: 3003561537 ns, Reaching safepoint: 340768 ns, At safepoint: 11900 ns, Total: 352668 ns
[2023-07-17T20:18:39.457+0000][67][info ][safepoint   ] Safepoint "Cleanup", Time since last: 1005910824 ns, Reaching safepoint: 5125305 ns, At safepoint: 424006 ns, Total: 5549311 ns
[2023-07-17T20:18:50.158+0000][67][info ][safepoint   ] Safepoint "Cleanup", Time since last: 10699888339 ns, Reaching safepoint: 307429 ns, At safepoint: 16548 ns, Total: 323977 ns
[2023-07-17T20:18:51.513+0000][67][info ][safepoint   ] Safepoint "Cleanup", Time since last: 1354778794 ns, Reaching safepoint: 351771 ns, At safepoint: 53822 ns, Total: 405593 ns
[2023-07-17T20:18:52.520+0000][67][info ][safepoint   ] Safepoint "Cleanup", Time since last: 1007189701 ns, Reaching safepoint: 328659 ns, At safepoint: 66308 ns, Total: 394967 ns
[2023-07-17T20:18:54.553+0000][67][info ][safepoint   ] Safepoint "Cleanup", Time since last: 2032139957 ns, Reaching safepoint: 661210 ns, At safepoint: 26985 ns, Total: 688195 ns
[2023-07-17T20:18:55.557+0000][67][info ][safepoint   ] Safepoint "Cleanup", Time since last: 1002895738 ns, Reaching safepoint: 748006 ns, At safepoint: 27971 ns, Total: 775977 ns
[2023-07-17T20:18:57.448+0000][67][info ][safepoint   ] Safepoint "Cleanup", Time since last: 1891084161 ns, Reaching safepoint: 318684 ns, At safepoint: 136173 ns, Total: 454857 ns
[2023-07-17T20:18:59.387+0000][67][info ][safepoint   ] Safepoint "Cleanup", Time since last: 1938029467 ns, Reaching safepoint: 248793 ns, At safepoint: 59125 ns, Total: 307918 ns
[2023-07-17T20:19:03.456+0000][67][info ][safepoint   ] Safepoint "Cleanup", Time since last: 4068847192 ns, Reaching safepoint: 307765 ns, At safepoint: 51784 ns, Total: 359549 ns
[2023-07-17T20:19:06.499+0000][67][info ][safepoint   ] Safepoint "Cleanup", Time since last: 3041717054 ns, Reaching safepoint: 734635 ns, At safepoint: 26727 ns, Total: 761362 ns
[2023-07-17T20:19:11.912+0000][67][info ][safepoint   ] Safepoint "Cleanup", Time since last: 5412696306 ns, Reaching safepoint: 443518 ns, At safepoint: 24649 ns, Total: 468167 ns
[2023-07-17T20:19:18.308+0000][67][info ][safepoint   ] Safepoint "Cleanup", Time since last: 6395297845 ns, Reaching safepoint: 263420 ns, At safepoint: 12771 ns, Total: 276191 ns
[2023-07-17T20:19:21.465+0000][67][info ][safepoint   ] Safepoint "Cleanup", Time since last: 3156798412 ns, Reaching safepoint: 319120 ns, At safepoint: 16700 ns, Total: 335820 ns
[2023-07-17T20:19:22.612+0000][67][info ][safepoint   ] Safepoint "Cleanup", Time since last: 1146840609 ns, Reaching safepoint: 186813 ns, At safepoint: 117594 ns, Total: 304407 ns
[2023-07-17T20:19:24.713+0000][67][info ][safepoint   ] Safepoint "Cleanup", Time since last: 2101199911 ns, Reaching safepoint: 256916 ns, At safepoint: 4207 ns, Total: 261123 ns
[2023-07-17T20:19:27.660+0000][67][info ][safepoint   ] Safepoint "Cleanup", Time since last: 2946721442 ns, Reaching safepoint: 298593 ns, At safepoint: 41386 ns, Total: 339979 ns
[2023-07-17T20:19:29.320+0000][67][info ][safepoint   ] Safepoint "Cleanup", Time since last: 1658661038 ns, Reaching safepoint: 486403 ns, At safepoint: 10060 ns, Total: 496463 ns
[2023-07-17T20:19:30.324+0000][67][info ][safepoint   ] Safepoint "Cleanup", Time since last: 1004002334 ns, Reaching safepoint: 586258 ns, At safepoint: 18201 ns, Total: 604459 ns
[2023-07-17T20:19:34.550+0000][67][info ][safepoint   ] Safepoint "Cleanup", Time since last: 4225210339 ns, Reaching safepoint: 257436 ns, At safepoint: 43833 ns, Total: 301269 ns
[2023-07-17T20:19:36.449+0000][67][info ][safepoint   ] Safepoint "Cleanup", Time since last: 1898542245 ns, Reaching safepoint: 340182 ns, At safepoint: 67276 ns, Total: 407458 ns
[2023-07-17T20:19:38.076+0000][67][info ][safepoint   ] Safepoint "Cleanup", Time since last: 1626534153 ns, Reaching safepoint: 428471 ns, At safepoint: 9667 ns, Total: 438138 ns
[2023-07-17T20:19:39.440+0000][67][info ][safepoint   ] Safepoint "Cleanup", Time since last: 1363333813 ns, Reaching safepoint: 285365 ns, At safepoint: 14960 ns, Total: 300325 ns
[2023-07-17T20:19:40.718+0000][67][info ][safepoint   ] Safepoint "Cleanup", Time since last: 1278228454 ns, Reaching safepoint: 243990 ns, At safepoint: 198618 ns, Total: 442608 ns
[2023-07-17T20:19:42.274+0000][67][info ][safepoint   ] Safepoint "Cleanup", Time since last: 1555475103 ns, Reaching safepoint: 352089 ns, At safepoint: 6013 ns, Total: 358102 ns
[2023-07-17T20:19:44.277+0000][67][info ][safepoint   ] Safepoint "Cleanup", Time since last: 2002496948 ns, Reaching safepoint: 637749 ns, At safepoint: 7997 ns, Total: 645746 ns
[2023-07-17T20:19:45.670+0000][67][info ][safepoint   ] Safepoint "Cleanup", Time since last: 1392043816 ns, Reaching safepoint: 395632 ns, At safepoint: 135806 ns, Total: 531438 ns
[2023-07-17T20:19:47.436+0000][67][info ][safepoint   ] Safepoint "Cleanup", Time since last: 1765535983 ns, Reaching safepoint: 349042 ns, At safepoint: 6839 ns, Total: 355881 ns
[2023-07-17T20:19:48.439+0000][67][info ][safepoint   ] Safepoint "Cleanup", Time since last: 1002390607 ns, Reaching safepoint: 427561 ns, At safepoint: 56592 ns, Total: 484153 ns
[2023-07-17T20:19:50.443+0000][67][info ][safepoint   ] Safepoint "Cleanup", Time since last: 2003558349 ns, Reaching safepoint: 509187 ns, At safepoint: 25309 ns, Total: 534496 ns
[2023-07-17T20:19:55.013+0000][67][info ][safepoint   ] Safepoint "Cleanup", Time since last: 4569478895 ns, Reaching safepoint: 385075 ns, At safepoint: 21672 ns, Total: 406747 ns
[2023-07-17T20:19:57.728+0000][67][info ][safepoint   ] Safepoint "Cleanup", Time since last: 2715161480 ns, Reaching safepoint: 437009 ns, At safepoint: 123587 ns, Total: 560596 ns
[2023-07-17T20:19:59.484+0000][67][info ][safepoint   ] Safepoint "Cleanup", Time since last: 1755677374 ns, Reaching safepoint: 333389 ns, At safepoint: 50175 ns, Total: 383564 ns
[2023-07-17T20:20:00.489+0000][67][info ][safepoint   ] Safepoint "Cleanup", Time since last: 1004129811 ns, Reaching safepoint: 362668 ns, At safepoint: 43150 ns, Total: 405818 ns
[2023-07-17T20:20:01.678+0000][67][info ][safepoint   ] Safepoint "Cleanup", Time since last: 1188139657 ns, Reaching safepoint: 488646 ns, At safepoint: 40701 ns, Total: 529347 ns
[2023-07-17T20:20:02.681+0000][67][info ][safepoint   ] Safepoint "Cleanup", Time since last: 1002726222 ns, Reaching safepoint: 504843 ns, At safepoint: 14616 ns, Total: 519459 ns
[2023-07-17T20:20:03.749+0000][67][info ][safepoint   ] Safepoint "Cleanup", Time since last: 1067464015 ns, Reaching safepoint: 256797 ns, At safepoint: 78614 ns, Total: 335411 ns
[2023-07-17T20:20:04.750+0000][67][info ][safepoint   ] Safepoint "Cleanup", Time since last: 1001303138 ns, Reaching safepoint: 158144 ns, At safepoint: 23186 ns, Total: 181330 ns
[2023-07-17T20:20:05.938+0000][67][info ][safepoint   ] Safepoint "Cleanup", Time since last: 1187548796 ns, Reaching safepoint: 354793 ns, At safepoint: 8144 ns, Total: 362937 ns
[2023-07-17T20:20:09.481+0000][67][info ][safepoint   ] Safepoint "Cleanup", Time since last: 3542446791 ns, Reaching safepoint: 154064 ns, At safepoint: 41533 ns, Total: 195597 ns
[2023-07-17T20:20:14.527+0000][67][info ][safepoint   ] Safepoint "Cleanup", Time since last: 5045637654 ns, Reaching safepoint: 330576 ns, At safepoint: 15048 ns, Total: 345624 ns
[2023-07-17T20:20:15.537+0000][67][info ][safepoint   ] Safepoint "Cleanup", Time since last: 1009381257 ns, Reaching safepoint: 364385 ns, At safepoint: 49027 ns, Total: 413412 ns
[2023-07-17T20:20:16.559+0000][67][info ][safepoint   ] Safepoint "Cleanup", Time since last: 1021449325 ns, Reaching safepoint: 439549 ns, At safepoint: 14750 ns, Total: 454299 ns
[2023-07-17T20:20:17.913+0000][67][info ][safepoint   ] Safepoint "Cleanup", Time since last: 1354198992 ns, Reaching safepoint: 295565 ns, At safepoint: 6382 ns, Total: 301947 ns
[2023-07-17T20:20:24.333+0000][67][info ][safepoint   ] Safepoint "Cleanup", Time since last: 6419467099 ns, Reaching safepoint: 261690 ns, At safepoint: 54841 ns, Total: 316531 ns
[2023-07-17T20:20:28.631+0000][67][info ][safepoint   ] Safepoint "Cleanup", Time since last: 4298005806 ns, Reaching safepoint: 307876 ns, At safepoint: 45490 ns, Total: 353366 ns
[2023-07-17T20:20:37.122+0000][67][info ][safepoint   ] Safepoint "Cleanup", Time since last: 8490383698 ns, Reaching safepoint: 396875 ns, At safepoint: 7034 ns, Total: 403909 ns
[2023-07-17T20:20:39.730+0000][67][info ][safepoint   ] Safepoint "Cleanup", Time since last: 2607617805 ns, Reaching safepoint: 428265 ns, At safepoint: 79145 ns, Total: 507410 ns
[2023-07-17T20:20:51.376+0000][67][info ][safepoint   ] Safepoint "Cleanup", Time since last: 11645058334 ns, Reaching safepoint: 475527 ns, At safepoint: 15397 ns, Total: 490924 ns
[2023-07-17T20:20:57.460+0000][67][info ][safepoint   ] Safepoint "Cleanup", Time since last: 6083803240 ns, Reaching safepoint: 311042 ns, At safepoint: 105719 ns, Total: 416761 ns
[2023-07-17T20:20:59.840+0000][67][info ][safepoint   ] Safepoint "Cleanup", Time since last: 2379433768 ns, Reaching safepoint: 260121 ns, At safepoint: 59237 ns, Total: 319358 ns
[2023-07-17T20:21:01.718+0000][67][info ][safepoint   ] Safepoint "Cleanup", Time since last: 1877237848 ns, Reaching safepoint: 299961 ns, At safepoint: 13511 ns, Total: 313472 ns
[2023-07-17T20:21:03.956+0000][67][info ][safepoint   ] Safepoint "Cleanup", Time since last: 2238463085 ns, Reaching safepoint: 145282 ns, At safepoint: 9730 ns, Total: 155012 ns
[2023-07-17T20:21:10.753+0000][67][info ][safepoint   ] Safepoint "Cleanup", Time since last: 6795790485 ns, Reaching safepoint: 274688 ns, At safepoint: 60419 ns, Total: 335107 ns
[2023-07-17T20:21:14.764+0000][67][info ][safepoint   ] Safepoint "Cleanup", Time since last: 4010087138 ns, Reaching safepoint: 1080565 ns, At safepoint: 25444 ns, Total: 1106009 ns
[2023-07-17T20:21:17.153+0000][67][info ][safepoint   ] Safepoint "Cleanup", Time since last: 2388522489 ns, Reaching safepoint: 359033 ns, At safepoint: 6717 ns, Total: 365750 ns
[2023-07-17T20:21:22.683+0000][67][info ][safepoint   ] Safepoint "Cleanup", Time since last: 5530557461 ns, Reaching safepoint: 295882 ns, At safepoint: 17426 ns, Total: 313308 ns
[2023-07-17T20:21:24.085+0000][67][info ][safepoint   ] Safepoint "Cleanup", Time since last: 1401901789 ns, Reaching safepoint: 86026 ns, At safepoint: 4298 ns, Total: 90324 ns
[2023-07-17T20:21:25.098+0000][67][info ][safepoint   ] Safepoint "Cleanup", Time since last: 1012076738 ns, Reaching safepoint: 414942 ns, At safepoint: 16176 ns, Total: 431118 ns
[2023-07-17T20:21:26.101+0000][67][info ][safepoint   ] Safepoint "Cleanup", Time since last: 1002265647 ns, Reaching safepoint: 468712 ns, At safepoint: 9491 ns, Total: 478203 ns
[2023-07-17T20:21:28.327+0000][67][info ][safepoint   ] Safepoint "Cleanup", Time since last: 2226461513 ns, Reaching safepoint: 218037 ns, At safepoint: 72171 ns, Total: 290208 ns
[2023-07-17T20:21:29.419+0000][67][info ][safepoint   ] Safepoint "Cleanup", Time since last: 1091154448 ns, Reaching safepoint: 294441 ns, At safepoint: 12848 ns, Total: 307289 ns
[2023-07-17T20:21:33.423+0000][67][info ][safepoint   ] Safepoint "Cleanup", Time since last: 4003352177 ns, Reaching safepoint: 173733 ns, At safepoint: 12852 ns, Total: 186585 ns
[2023-07-17T20:21:34.722+0000][67][info ][safepoint   ] Safepoint "Cleanup", Time since last: 1298589080 ns, Reaching safepoint: 261181 ns, At safepoint: 49976 ns, Total: 311157 ns
[2023-07-17T20:21:48.616+0000][67][info ][safepoint   ] Safepoint "Cleanup", Time since last: 13894229314 ns, Reaching safepoint: 255536 ns, At safepoint: 4312 ns, Total: 259848 ns
[2023-07-17T20:21:51.851+0000][67][info ][safepoint   ] Safepoint "Cleanup", Time since last: 3234994792 ns, Reaching safepoint: 236661 ns, At safepoint: 47792 ns, Total: 284453 ns
[2023-07-17T20:21:53.297+0000][67][info ][safepoint   ] Safepoint "Cleanup", Time since last: 1444924955 ns, Reaching safepoint: 559821 ns, At safepoint: 8891 ns, Total: 568712 ns
[2023-07-17T20:21:57.472+0000][67][info ][safepoint   ] Safepoint "Cleanup", Time since last: 4175340104 ns, Reaching safepoint: 228202 ns, At safepoint: 42191 ns, Total: 270393 ns
[2023-07-17T20:21:58.529+0000][67][info ][safepoint   ] Safepoint "Cleanup", Time since last: 1056215661 ns, Reaching safepoint: 137093 ns, At safepoint: 40789 ns, Total: 177882 ns
[2023-07-17T20:22:00.621+0000][67][info ][safepoint   ] Safepoint "Cleanup", Time since last: 2091753813 ns, Reaching safepoint: 514575 ns, At safepoint: 25939 ns, Total: 540514 ns
[2023-07-17T20:22:03.924+0000][67][info ][safepoint   ] Safepoint "Cleanup", Time since last: 3302330487 ns, Reaching safepoint: 348659 ns, At safepoint: 53772 ns, Total: 402431 ns
[2023-07-17T20:22:05.015+0000][67][info ][safepoint   ] Safepoint "Cleanup", Time since last: 1090426548 ns, Reaching safepoint: 451133 ns, At safepoint: 10530 ns, Total: 461663 ns
[2023-07-17T20:22:15.712+0000][67][info ][safepoint   ] Safepoint "Cleanup", Time since last: 10696278268 ns, Reaching safepoint: 396953 ns, At safepoint: 87037 ns, Total: 483990 ns
[2023-07-17T20:22:17.357+0000][67][info ][safepoint   ] Safepoint "Cleanup", Time since last: 1644635142 ns, Reaching safepoint: 254578 ns, At safepoint: 5051 ns, Total: 259629 ns
[2023-07-17T20:22:18.372+0000][67][info ][safepoint   ] Safepoint "Cleanup", Time since last: 1013859062 ns, Reaching safepoint: 806005 ns, At safepoint: 25198 ns, Total: 831203 ns
[2023-07-17T20:22:21.376+0000][67][info ][safepoint   ] Safepoint "Cleanup", Time since last: 3004534562 ns, Reaching safepoint: 138294 ns, At safepoint: 4103 ns, Total: 142397 ns
[2023-07-17T20:22:22.609+0000][67][info ][safepoint   ] Safepoint "Cleanup", Time since last: 1232350817 ns, Reaching safepoint: 379543 ns, At safepoint: 23164 ns, Total: 402707 ns
[2023-07-17T20:22:24.713+0000][67][info ][safepoint   ] Safepoint "Cleanup", Time since last: 2103224388 ns, Reaching safepoint: 227600 ns, At safepoint: 67908 ns, Total: 295508 ns
[2023-07-17T20:22:28.067+0000][67][info ][safepoint   ] Safepoint "Cleanup", Time since last: 3354063607 ns, Reaching safepoint: 543848 ns, At safepoint: 70146 ns, Total: 613994 ns
[2023-07-17T20:22:30.645+0000][67][info ][safepoint   ] Safepoint "Cleanup", Time since last: 2577056625 ns, Reaching safepoint: 430328 ns, At safepoint: 13603 ns, Total: 443931 ns
[2023-07-17T20:22:33.486+0000][67][info ][safepoint   ] Safepoint "Cleanup", Time since last: 2840734704 ns, Reaching safepoint: 310920 ns, At safepoint: 40942 ns, Total: 351862 ns
[2023-07-17T20:22:35.030+0000][67][info ][safepoint   ] Safepoint "Cleanup", Time since last: 1543889989 ns, Reaching safepoint: 324306 ns, At safepoint: 4825 ns, Total: 329131 ns
[2023-07-17T20:22:36.542+0000][67][info ][safepoint   ] Safepoint "Cleanup", Time since last: 1511458823 ns, Reaching safepoint: 286652 ns, At safepoint: 43594 ns, Total: 330246 ns
[2023-07-17T20:22:39.548+0000][67][info ][safepoint   ] Safepoint "Cleanup", Time since last: 3006063878 ns, Reaching safepoint: 253599 ns, At safepoint: 51694 ns, Total: 305293 ns
[2023-07-17T20:22:47.288+0000][67][info ][safepoint   ] Safepoint "Cleanup", Time since last: 7739632710 ns, Reaching safepoint: 357941 ns, At safepoint: 7115 ns, Total: 365056 ns
[2023-07-17T20:22:51.476+0000][67][info ][safepoint   ] Safepoint "Cleanup", Time since last: 4186908954 ns, Reaching safepoint: 305763 ns, At safepoint: 47453 ns, Total: 353216 ns
[2023-07-17T20:22:52.674+0000][67][info ][safepoint   ] Safepoint "Cleanup", Time since last: 1198372982 ns, Reaching safepoint: 167456 ns, At safepoint: 10338 ns, Total: 177794 ns
[2023-07-17T20:23:03.955+0000][67][info ][safepoint   ] Safepoint "Cleanup", Time since last: 11279889695 ns, Reaching safepoint: 254875 ns, At safepoint: 43723 ns, Total: 298598 ns
[2023-07-17T20:23:10.553+0000][67][info ][safepoint   ] Safepoint "Cleanup", Time since last: 6597620975 ns, Reaching safepoint: 248405 ns, At safepoint: 42833 ns, Total: 291238 ns
[2023-07-17T20:23:11.648+0000][67][info ][safepoint   ] Safepoint "Cleanup", Time since last: 1094212190 ns, Reaching safepoint: 777828 ns, At safepoint: 20202 ns, Total: 798030 ns
[2023-07-17T20:23:12.305+0000][67][info ][gc,start    ] GC(14) Pause Young (Normal) (G1 Evacuation Pause)
[2023-07-17T20:23:12.307+0000][67][info ][gc,task     ] GC(14) Using 6 workers of 6 for evacuation
[2023-07-17T20:23:12.308+0000][67][debug][gc,age      ] GC(14) Desired survivor size 155189248 bytes, new threshold 15 (max threshold 15)
[2023-07-17T20:23:12.345+0000][67][info ][gc,phases   ] GC(14)   Pre Evacuate Collection Set: 0.7ms
[2023-07-17T20:23:12.347+0000][67][info ][gc,phases   ] GC(14)   Merge Heap Roots: 0.3ms
[2023-07-17T20:23:12.348+0000][67][info ][gc,phases   ] GC(14)   Evacuate Collection Set: 27.5ms
[2023-07-17T20:23:12.349+0000][67][info ][gc,phases   ] GC(14)   Post Evacuate Collection Set: 5.6ms
[2023-07-17T20:23:12.350+0000][67][info ][gc,phases   ] GC(14)   Other: 4.4ms
[2023-07-17T20:23:12.351+0000][67][trace][gc,age      ] GC(14) Age table with threshold 15 (max threshold 15)
[2023-07-17T20:23:12.353+0000][67][trace][gc,age      ] GC(14) - age   1:    2135664 bytes,    2135664 total
[2023-07-17T20:23:12.354+0000][67][trace][gc,age      ] GC(14) - age   2:    1806768 bytes,    3942432 total
[2023-07-17T20:23:12.355+0000][67][trace][gc,age      ] GC(14) - age   3:   29898048 bytes,   33840480 total
[2023-07-17T20:23:12.356+0000][67][trace][gc,age      ] GC(14) - age   4:   15149192 bytes,   48989672 total
[2023-07-17T20:23:12.357+0000][67][info ][gc,heap     ] GC(14) Eden regions: 576->0(576)
[2023-07-17T20:23:12.359+0000][67][info ][gc,heap     ] GC(14) Survivor regions: 13->13(74)
[2023-07-17T20:23:12.360+0000][67][info ][gc,heap     ] GC(14) Old regions: 14->14
[2023-07-17T20:23:12.361+0000][67][info ][gc,heap     ] GC(14) Archive regions: 2->2
[2023-07-17T20:23:12.362+0000][67][info ][gc,heap     ] GC(14) Humongous regions: 0->0
[2023-07-17T20:23:12.363+0000][67][info ][gc,metaspace] GC(14) Metaspace: 136735K(140032K)->136735K(140032K) NonClass: 119010K(120704K)->119010K(120704K) Class: 17724K(19328K)->17724K(19328K)
[2023-07-17T20:23:12.364+0000][67][info ][gc          ] GC(14) Pause Young (Normal) (G1 Evacuation Pause) 2412M->108M(3932M) 59.327ms
[2023-07-17T20:23:12.365+0000][67][info ][gc,cpu      ] GC(14) User=0.18s Sys=0.01s Real=0.06s
[2023-07-17T20:23:12.366+0000][67][info ][safepoint   ] Safepoint "G1CollectForAllocation", Time since last: 656463151 ns, Reaching safepoint: 307207 ns, At safepoint: 61579029 ns, Total: 61886236 ns
[2023-07-17T20:23:15.368+0000][67][info ][safepoint   ] Safepoint "Cleanup", Time since last: 3001652547 ns, Reaching safepoint: 247024 ns, At safepoint: 4716 ns, Total: 251740 ns
[2023-07-17T20:23:17.076+0000][67][info ][safepoint   ] Safepoint "Cleanup", Time since last: 1707658238 ns, Reaching safepoint: 313283 ns, At safepoint: 5288 ns, Total: 318571 ns
[2023-07-17T20:23:21.431+0000][67][info ][safepoint   ] Safepoint "Cleanup", Time since last: 4354665329 ns, Reaching safepoint: 313440 ns, At safepoint: 15553 ns, Total: 328993 ns
[2023-07-17T20:23:22.563+0000][67][info ][safepoint   ] Safepoint "Cleanup", Time since last: 1131112080 ns, Reaching safepoint: 531187 ns, At safepoint: 14120 ns, Total: 545307 ns
[2023-07-17T20:23:24.802+0000][67][info ][safepoint   ] Safepoint "Cleanup", Time since last: 2238585218 ns, Reaching safepoint: 316462 ns, At safepoint: 5789 ns, Total: 322251 ns
[2023-07-17T20:23:26.804+0000][67][info ][safepoint   ] Safepoint "Cleanup", Time since last: 2002413589 ns, Reaching safepoint: 120733 ns, At safepoint: 4092 ns, Total: 124825 ns
[2023-07-17T20:23:27.874+0000][67][info ][safepoint   ] Safepoint "Cleanup", Time since last: 1069910993 ns, Reaching safepoint: 93852 ns, At safepoint: 73173 ns, Total: 167025 ns
[2023-07-17T20:23:31.604+0000][67][info ][safepoint   ] Safepoint "Cleanup", Time since last: 3729394101 ns, Reaching safepoint: 186111 ns, At safepoint: 57276 ns, Total: 243387 ns
[2023-07-17T20:23:32.730+0000][67][info ][safepoint   ] Safepoint "Cleanup", Time since last: 1125739896 ns, Reaching safepoint: 262963 ns, At safepoint: 6943 ns, Total: 269906 ns
[2023-07-17T20:23:34.347+0000][67][info ][safepoint   ] Safepoint "Cleanup", Time since last: 1616529579 ns, Reaching safepoint: 280526 ns, At safepoint: 42260 ns, Total: 322786 ns
[2023-07-17T20:23:35.804+0000][67][info ][safepoint   ] Safepoint "Cleanup", Time since last: 1456575364 ns, Reaching safepoint: 328821 ns, At safepoint: 55634 ns, Total: 384455 ns
[2023-07-17T20:23:37.526+0000][67][info ][safepoint   ] Safepoint "Cleanup", Time since last: 1721354503 ns, Reaching safepoint: 671390 ns, At safepoint: 26214 ns, Total: 697604 ns
[2023-07-17T20:23:39.483+0000][67][info ][safepoint   ] Safepoint "Cleanup", Time since last: 1957236377 ns, Reaching safepoint: 129665 ns, At safepoint: 11848 ns, Total: 141513 ns
[2023-07-17T20:23:40.736+0000][67][info ][safepoint   ] Safepoint "Cleanup", Time since last: 1252020709 ns, Reaching safepoint: 120664 ns, At safepoint: 47723 ns, Total: 168387 ns
[2023-07-17T20:23:45.892+0000][67][info ][safepoint   ] Safepoint "Cleanup", Time since last: 5156323606 ns, Reaching safepoint: 113644 ns, At safepoint: 47039 ns, Total: 160683 ns
[2023-07-17T20:23:47.408+0000][67][info ][safepoint   ] Safepoint "Cleanup", Time since last: 1515118264 ns, Reaching safepoint: 545530 ns, At safepoint: 18979 ns, Total: 564509 ns
[2023-07-17T20:23:48.411+0000][67][info ][safepoint   ] Safepoint "Cleanup", Time since last: 1002644876 ns, Reaching safepoint: 548835 ns, At safepoint: 27517 ns, Total: 576352 ns
[2023-07-17T20:23:57.509+0000][67][info ][safepoint   ] Safepoint "Cleanup", Time since last: 9097355239 ns, Reaching safepoint: 351517 ns, At safepoint: 70574 ns, Total: 422091 ns
[2023-07-17T20:23:58.845+0000][67][info ][safepoint   ] Safepoint "Cleanup", Time since last: 1335356827 ns, Reaching safepoint: 415065 ns, At safepoint: 14668 ns, Total: 429733 ns
[2023-07-17T20:24:06.881+0000][67][info ][safepoint   ] Safepoint "Cleanup", Time since last: 8035697586 ns, Reaching safepoint: 344900 ns, At safepoint: 12047 ns, Total: 356947 ns
[2023-07-17T20:24:10.598+0000][67][info ][safepoint   ] Safepoint "Cleanup", Time since last: 3716827332 ns, Reaching safepoint: 483976 ns, At safepoint: 55885 ns, Total: 539861 ns
[2023-07-17T20:24:12.470+0000][67][info ][safepoint   ] Safepoint "Cleanup", Time since last: 1871768096 ns, Reaching safepoint: 302567 ns, At safepoint: 14798 ns, Total: 317365 ns
[2023-07-17T20:24:14.805+0000][67][info ][safepoint   ] Safepoint "Cleanup", Time since last: 2334567721 ns, Reaching safepoint: 526539 ns, At safepoint: 7188 ns, Total: 533727 ns
[2023-07-17T20:24:15.950+0000][67][info ][safepoint   ] Safepoint "Cleanup", Time since last: 1144285127 ns, Reaching safepoint: 196554 ns, At safepoint: 79461 ns, Total: 276015 ns
[2023-07-17T20:24:17.737+0000][67][info ][safepoint   ] Safepoint "Cleanup", Time since last: 1786845408 ns, Reaching safepoint: 371290 ns, At safepoint: 12940 ns, Total: 384230 ns
[2023-07-17T20:24:18.742+0000][67][info ][safepoint   ] Safepoint "Cleanup", Time since last: 1004579945 ns, Reaching safepoint: 372557 ns, At safepoint: 9568 ns, Total: 382125 ns
[2023-07-17T20:24:24.163+0000][67][info ][safepoint   ] Safepoint "Cleanup", Time since last: 5420191163 ns, Reaching safepoint: 208226 ns, At safepoint: 9226 ns, Total: 217452 ns
[2023-07-17T20:24:28.464+0000][67][info ][safepoint   ] Safepoint "Cleanup", Time since last: 4300883598 ns, Reaching safepoint: 327056 ns, At safepoint: 164372 ns, Total: 491428 ns
[2023-07-17T20:24:29.717+0000][67][info ][safepoint   ] Safepoint "Cleanup", Time since last: 1252679032 ns, Reaching safepoint: 140618 ns, At safepoint: 53335 ns, Total: 193953 ns
[2023-07-17T20:24:30.728+0000][67][info ][safepoint   ] Safepoint "Cleanup", Time since last: 1010455609 ns, Reaching safepoint: 499831 ns, At safepoint: 15305 ns, Total: 515136 ns
[2023-07-17T20:24:39.444+0000][67][info ][safepoint   ] Safepoint "Cleanup", Time since last: 8722965920 ns, Reaching safepoint: 375873 ns, At safepoint: 22499 ns, Total: 398372 ns
[2023-07-17T20:24:40.728+0000][67][info ][safepoint   ] Safepoint "Cleanup", Time since last: 1284106428 ns, Reaching safepoint: 306852 ns, At safepoint: 42484 ns, Total: 349336 ns
[2023-07-17T20:24:45.516+0000][67][info ][safepoint   ] Safepoint "Cleanup", Time since last: 4787513061 ns, Reaching safepoint: 65220 ns, At safepoint: 2679 ns, Total: 67899 ns
[2023-07-17T20:24:46.813+0000][67][info ][safepoint   ] Safepoint "Cleanup", Time since last: 1297049666 ns, Reaching safepoint: 78889 ns, At safepoint: 5684 ns, Total: 84573 ns
[2023-07-17T20:24:48.132+0000][67][info ][safepoint   ] Safepoint "Cleanup", Time since last: 1318083919 ns, Reaching safepoint: 1345269 ns, At safepoint: 27907 ns, Total: 1373176 ns
[2023-07-17T20:24:51.523+0000][67][info ][safepoint   ] Safepoint "Cleanup", Time since last: 3390371579 ns, Reaching safepoint: 194628 ns, At safepoint: 18270 ns, Total: 212898 ns
[2023-07-17T20:24:59.547+0000][67][info ][safepoint   ] Safepoint "Cleanup", Time since last: 8023058391 ns, Reaching safepoint: 468179 ns, At safepoint: 13319 ns, Total: 481498 ns
[2023-07-17T20:25:03.534+0000][67][info ][safepoint   ] Safepoint "Cleanup", Time since last: 3988082398 ns, Reaching safepoint: 408848 ns, At safepoint: 18846 ns, Total: 427694 ns
[2023-07-17T20:25:11.355+0000][67][info ][safepoint   ] Safepoint "Cleanup", Time since last: 7820306530 ns, Reaching safepoint: 811754 ns, At safepoint: 12213 ns, Total: 823967 ns
[2023-07-17T20:25:17.196+0000][67][info ][safepoint   ] Safepoint "Cleanup", Time since last: 5840312384 ns, Reaching safepoint: 234741 ns, At safepoint: 9788 ns, Total: 244529 ns
[2023-07-17T20:25:18.980+0000][67][info ][safepoint   ] Safepoint "Cleanup", Time since last: 1783595615 ns, Reaching safepoint: 378021 ns, At safepoint: 8293 ns, Total: 386314 ns
[2023-07-17T20:25:22.219+0000][67][info ][safepoint   ] Safepoint "Cleanup", Time since last: 3239339137 ns, Reaching safepoint: 293189 ns, At safepoint: 42104 ns, Total: 335293 ns
[2023-07-17T20:25:24.320+0000][67][info ][safepoint   ] Safepoint "Cleanup", Time since last: 2099403957 ns, Reaching safepoint: 969522 ns, At safepoint: 113654 ns, Total: 1083176 ns
[2023-07-17T20:25:25.322+0000][67][info ][safepoint   ] Safepoint "Cleanup", Time since last: 1002049205 ns, Reaching safepoint: 283023 ns, At safepoint: 5248 ns, Total: 288271 ns
[2023-07-17T20:25:28.610+0000][67][info ][safepoint   ] Safepoint "Cleanup", Time since last: 3287630744 ns, Reaching safepoint: 395470 ns, At safepoint: 55671 ns, Total: 451141 ns
[2023-07-17T20:25:30.715+0000][67][info ][safepoint   ] Safepoint "Cleanup", Time since last: 2104735009 ns, Reaching safepoint: 387643 ns, At safepoint: 15905 ns, Total: 403548 ns
[2023-07-17T20:25:33.492+0000][67][info ][safepoint   ] Safepoint "Cleanup", Time since last: 2776019322 ns, Reaching safepoint: 207402 ns, At safepoint: 59621 ns, Total: 267023 ns
[2023-07-17T20:25:35.170+0000][67][info ][safepoint   ] Safepoint "Cleanup", Time since last: 1677063938 ns, Reaching safepoint: 464561 ns, At safepoint: 9744 ns, Total: 474305 ns
[2023-07-17T20:25:37.559+0000][67][info ][safepoint   ] Safepoint "Cleanup", Time since last: 2388956055 ns, Reaching safepoint: 309197 ns, At safepoint: 27278 ns, Total: 336475 ns
[2023-07-17T20:26:01.215+0000][67][info ][safepoint   ] Safepoint "Cleanup", Time since last: 23655733135 ns, Reaching safepoint: 181282 ns, At safepoint: 5052 ns, Total: 186334 ns
[2023-07-17T20:26:09.918+0000][67][info ][safepoint   ] Safepoint "Cleanup", Time since last: 8702676846 ns, Reaching safepoint: 308041 ns, At safepoint: 107885 ns, Total: 415926 ns
[2023-07-17T20:26:11.010+0000][67][info ][safepoint   ] Safepoint "Cleanup", Time since last: 1091792998 ns, Reaching safepoint: 571126 ns, At safepoint: 57229 ns, Total: 628355 ns
[2023-07-17T20:26:16.750+0000][67][info ][safepoint   ] Safepoint "Cleanup", Time since last: 5739476688 ns, Reaching safepoint: 600420 ns, At safepoint: 9510 ns, Total: 609930 ns
[2023-07-17T20:26:18.161+0000][67][info ][safepoint   ] Safepoint "Cleanup", Time since last: 1410402975 ns, Reaching safepoint: 516191 ns, At safepoint: 26379 ns, Total: 542570 ns
[2023-07-17T20:26:21.165+0000][67][info ][safepoint   ] Safepoint "Cleanup", Time since last: 3003162931 ns, Reaching safepoint: 266424 ns, At safepoint: 4802 ns, Total: 271226 ns
[2023-07-17T20:26:23.711+0000][67][info ][safepoint   ] Safepoint "Cleanup", Time since last: 2545925903 ns, Reaching safepoint: 386750 ns, At safepoint: 18721 ns, Total: 405471 ns
[2023-07-17T20:26:24.886+0000][67][info ][safepoint   ] Safepoint "Cleanup", Time since last: 1174209933 ns, Reaching safepoint: 456694 ns, At safepoint: 74118 ns, Total: 530812 ns
[2023-07-17T20:26:25.919+0000][67][info ][safepoint   ] Safepoint "Cleanup", Time since last: 1032493617 ns, Reaching safepoint: 119985 ns, At safepoint: 4470 ns, Total: 124455 ns
[2023-07-17T20:26:27.083+0000][67][info ][safepoint   ] Safepoint "Cleanup", Time since last: 1164551485 ns, Reaching safepoint: 284497 ns, At safepoint: 4250 ns, Total: 288747 ns
[2023-07-17T20:26:28.088+0000][67][info ][safepoint   ] Safepoint "Cleanup", Time since last: 1003854833 ns, Reaching safepoint: 394648 ns, At safepoint: 73054 ns, Total: 467702 ns
[2023-07-17T20:26:29.118+0000][67][info ][safepoint   ] Safepoint "Cleanup", Time since last: 1029841695 ns, Reaching safepoint: 284209 ns, At safepoint: 5159 ns, Total: 289368 ns
[2023-07-17T20:26:30.925+0000][67][info ][safepoint   ] Safepoint "Cleanup", Time since last: 1806705681 ns, Reaching safepoint: 368229 ns, At safepoint: 6016 ns, Total: 374245 ns
[2023-07-17T20:26:33.518+0000][67][info ][safepoint   ] Safepoint "Cleanup", Time since last: 2592340789 ns, Reaching safepoint: 346195 ns, At safepoint: 50419 ns, Total: 396614 ns
[2023-07-17T20:26:34.827+0000][67][info ][safepoint   ] Safepoint "Cleanup", Time since last: 1308271230 ns, Reaching safepoint: 236345 ns, At safepoint: 52226 ns, Total: 288571 ns
[2023-07-17T20:26:37.071+0000][67][info ][safepoint   ] Safepoint "Cleanup", Time since last: 2244378093 ns, Reaching safepoint: 355085 ns, At safepoint: 73650 ns, Total: 428735 ns
[2023-07-17T20:26:38.075+0000][67][info ][safepoint   ] Safepoint "Cleanup", Time since last: 1003491179 ns, Reaching safepoint: 57082 ns, At safepoint: 13083 ns, Total: 70165 ns
[2023-07-17T20:26:39.224+0000][67][info ][safepoint   ] Safepoint "Cleanup", Time since last: 1148497877 ns, Reaching safepoint: 511682 ns, At safepoint: 18609 ns, Total: 530291 ns
[2023-07-17T20:26:40.324+0000][67][info ][safepoint   ] Safepoint "Cleanup", Time since last: 1099136569 ns, Reaching safepoint: 297399 ns, At safepoint: 61783 ns, Total: 359182 ns
[2023-07-17T20:26:42.077+0000][67][info ][safepoint   ] Safepoint "Cleanup", Time since last: 1753481183 ns, Reaching safepoint: 192825 ns, At safepoint: 231695 ns, Total: 424520 ns
[2023-07-17T20:26:43.302+0000][67][info ][safepoint   ] Safepoint "Cleanup", Time since last: 1223746859 ns, Reaching safepoint: 835742 ns, At safepoint: 7899 ns, Total: 843641 ns
[2023-07-17T20:26:44.305+0000][67][info ][safepoint   ] Safepoint "Cleanup", Time since last: 1002540199 ns, Reaching safepoint: 350670 ns, At safepoint: 7535 ns, Total: 358205 ns
[2023-07-17T20:26:45.543+0000][67][info ][safepoint   ] Safepoint "Cleanup", Time since last: 1237523893 ns, Reaching safepoint: 369251 ns, At safepoint: 17824 ns, Total: 387075 ns
[2023-07-17T20:26:46.766+0000][67][info ][safepoint   ] Safepoint "Cleanup", Time since last: 1222739703 ns, Reaching safepoint: 510644 ns, At safepoint: 25886 ns, Total: 536530 ns
[2023-07-17T20:26:58.685+0000][67][info ][safepoint   ] Safepoint "Cleanup", Time since last: 11918675755 ns, Reaching safepoint: 329263 ns, At safepoint: 83006 ns, Total: 412269 ns
[2023-07-17T20:26:59.935+0000][67][info ][safepoint   ] Safepoint "Cleanup", Time since last: 1249550031 ns, Reaching safepoint: 108470 ns, At safepoint: 3289 ns, Total: 111759 ns
[2023-07-17T20:27:04.211+0000][67][info ][safepoint   ] Safepoint "Cleanup", Time since last: 4276033891 ns, Reaching safepoint: 86436 ns, At safepoint: 4397 ns, Total: 90833 ns
[2023-07-17T20:27:06.301+0000][67][info ][safepoint   ] Safepoint "Cleanup", Time since last: 2088996462 ns, Reaching safepoint: 442096 ns, At safepoint: 7380 ns, Total: 449476 ns
[2023-07-17T20:27:18.455+0000][67][info ][safepoint   ] Safepoint "Cleanup", Time since last: 12153510635 ns, Reaching safepoint: 931878 ns, At safepoint: 25275 ns, Total: 957153 ns
[2023-07-17T20:27:23.097+0000][67][info ][safepoint   ] Safepoint "Cleanup", Time since last: 4641883669 ns, Reaching safepoint: 92251 ns, At safepoint: 58208 ns, Total: 150459 ns
[2023-07-17T20:27:24.974+0000][67][info ][safepoint   ] Safepoint "Cleanup", Time since last: 1875909469 ns, Reaching safepoint: 470411 ns, At safepoint: 10725 ns, Total: 481136 ns
[2023-07-17T20:27:33.513+0000][67][info ][safepoint   ] Safepoint "Cleanup", Time since last: 8538957875 ns, Reaching safepoint: 314400 ns, At safepoint: 67238 ns, Total: 381638 ns
[2023-07-17T20:27:34.632+0000][67][info ][safepoint   ] Safepoint "Cleanup", Time since last: 1118608487 ns, Reaching safepoint: 217472 ns, At safepoint: 56520 ns, Total: 273992 ns
[2023-07-17T20:27:35.726+0000][67][info ][safepoint   ] Safepoint "Cleanup", Time since last: 1093360119 ns, Reaching safepoint: 794379 ns, At safepoint: 20775 ns, Total: 815154 ns
[2023-07-17T20:27:36.729+0000][67][info ][safepoint   ] Safepoint "Cleanup", Time since last: 1002536763 ns, Reaching safepoint: 451172 ns, At safepoint: 5148 ns, Total: 456320 ns
[2023-07-17T20:27:37.732+0000][67][info ][safepoint   ] Safepoint "Cleanup", Time since last: 1001691869 ns, Reaching safepoint: 639460 ns, At safepoint: 32380 ns, Total: 671840 ns
[2023-07-17T20:27:46.641+0000][67][info ][safepoint   ] Safepoint "Cleanup", Time since last: 8907274971 ns, Reaching safepoint: 1344080 ns, At safepoint: 365439 ns, Total: 1709519 ns
[2023-07-17T20:27:48.166+0000][67][info ][safepoint   ] Safepoint "Cleanup", Time since last: 1524508124 ns, Reaching safepoint: 432551 ns, At safepoint: 90042 ns, Total: 522593 ns
[2023-07-17T20:27:49.178+0000][67][info ][safepoint   ] Safepoint "Cleanup", Time since last: 1011101207 ns, Reaching safepoint: 652421 ns, At safepoint: 91821 ns, Total: 744242 ns
[2023-07-17T20:27:57.547+0000][67][info ][safepoint   ] Safepoint "Cleanup", Time since last: 8369013703 ns, Reaching safepoint: 176156 ns, At safepoint: 4763 ns, Total: 180919 ns
[2023-07-17T20:27:58.779+0000][67][info ][safepoint   ] Safepoint "Cleanup", Time since last: 1232079797 ns, Reaching safepoint: 414642 ns, At safepoint: 17304 ns, Total: 431946 ns
[2023-07-17T20:27:59.993+0000][67][info ][safepoint   ] Safepoint "Cleanup", Time since last: 1213192784 ns, Reaching safepoint: 156210 ns, At safepoint: 4984 ns, Total: 161194 ns
[2023-07-17T20:28:00.995+0000][67][info ][safepoint   ] Safepoint "Cleanup", Time since last: 1002112309 ns, Reaching safepoint: 450371 ns, At safepoint: 14969 ns, Total: 465340 ns
[2023-07-17T20:28:01.998+0000][67][info ][safepoint   ] Safepoint "Cleanup", Time since last: 1002540994 ns, Reaching safepoint: 173284 ns, At safepoint: 5291 ns, Total: 178575 ns
[2023-07-17T20:28:02.751+0000][67][info ][safepoint   ] Safepoint "ICBufferFull", Time since last: 752276283 ns, Reaching safepoint: 372697 ns, At safepoint: 7572 ns, Total: 380269 ns
[2023-07-17T20:28:03.841+0000][67][info ][safepoint   ] Safepoint "Cleanup", Time since last: 1089977902 ns, Reaching safepoint: 426497 ns, At safepoint: 94867 ns, Total: 521364 ns
[2023-07-17T20:28:05.261+0000][67][info ][safepoint   ] Safepoint "Cleanup", Time since last: 1419271393 ns, Reaching safepoint: 182581 ns, At safepoint: 55052 ns, Total: 237633 ns
[2023-07-17T20:28:07.293+0000][67][info ][safepoint   ] Safepoint "Cleanup", Time since last: 2031125275 ns, Reaching safepoint: 462474 ns, At safepoint: 7371 ns, Total: 469845 ns
[2023-07-17T20:28:09.296+0000][67][info ][safepoint   ] Safepoint "Cleanup", Time since last: 2003298451 ns, Reaching safepoint: 390816 ns, At safepoint: 18588 ns, Total: 409404 ns
[2023-07-17T20:28:10.791+0000][67][info ][safepoint   ] Safepoint "Cleanup", Time since last: 1494318852 ns, Reaching safepoint: 291462 ns, At safepoint: 15012 ns, Total: 306474 ns
[2023-07-17T20:28:12.884+0000][67][info ][safepoint   ] Safepoint "Cleanup", Time since last: 2093118637 ns, Reaching safepoint: 381947 ns, At safepoint: 6844 ns, Total: 388791 ns
[2023-07-17T20:28:15.537+0000][67][info ][safepoint   ] Safepoint "Cleanup", Time since last: 2652379361 ns, Reaching safepoint: 215149 ns, At safepoint: 6098 ns, Total: 221247 ns
[2023-07-17T20:28:17.507+0000][67][info ][safepoint   ] Safepoint "Cleanup", Time since last: 1969475333 ns, Reaching safepoint: 72684 ns, At safepoint: 3567 ns, Total: 76251 ns
[2023-07-17T20:28:21.511+0000][67][info ][safepoint   ] Safepoint "Cleanup", Time since last: 4004139434 ns, Reaching safepoint: 293975 ns, At safepoint: 72234 ns, Total: 366209 ns
[2023-07-17T20:28:22.742+0000][67][info ][safepoint   ] Safepoint "Cleanup", Time since last: 1230194568 ns, Reaching safepoint: 415241 ns, At safepoint: 14579 ns, Total: 429820 ns
[2023-07-17T20:28:24.866+0000][67][info ][safepoint   ] Safepoint "Cleanup", Time since last: 2123629091 ns, Reaching safepoint: 422915 ns, At safepoint: 6565 ns, Total: 429480 ns
[2023-07-17T20:28:26.869+0000][67][info ][safepoint   ] Safepoint "Cleanup", Time since last: 2003173426 ns, Reaching safepoint: 259177 ns, At safepoint: 37086 ns, Total: 296263 ns
[2023-07-17T20:28:28.219+0000][67][info ][safepoint   ] Safepoint "Cleanup", Time since last: 1349586181 ns, Reaching safepoint: 391694 ns, At safepoint: 54382 ns, Total: 446076 ns
[2023-07-17T20:28:33.528+0000][67][info ][safepoint   ] Safepoint "Cleanup", Time since last: 5308400746 ns, Reaching safepoint: 219511 ns, At safepoint: 19315 ns, Total: 238826 ns
[2023-07-17T20:28:34.633+0000][67][info ][safepoint   ] Safepoint "Cleanup", Time since last: 1104220459 ns, Reaching safepoint: 213504 ns, At safepoint: 134792 ns, Total: 348296 ns
[2023-07-17T20:28:40.074+0000][67][info ][safepoint   ] Safepoint "Cleanup", Time since last: 5440781681 ns, Reaching safepoint: 224703 ns, At safepoint: 6490 ns, Total: 231193 ns
[2023-07-17T20:28:41.381+0000][67][info ][safepoint   ] Safepoint "Cleanup", Time since last: 1306801712 ns, Reaching safepoint: 323124 ns, At safepoint: 56862 ns, Total: 379986 ns
[2023-07-17T20:28:44.597+0000][67][info ][safepoint   ] Safepoint "Cleanup", Time since last: 3215656114 ns, Reaching safepoint: 352625 ns, At safepoint: 4704 ns, Total: 357329 ns
[2023-07-17T20:28:46.615+0000][67][info ][safepoint   ] Safepoint "Cleanup", Time since last: 2018012187 ns, Reaching safepoint: 282227 ns, At safepoint: 13872 ns, Total: 296099 ns
[2023-07-17T20:28:49.343+0000][67][info ][safepoint   ] Safepoint "Cleanup", Time since last: 2727308674 ns, Reaching safepoint: 335440 ns, At safepoint: 5315 ns, Total: 340755 ns
[2023-07-17T20:28:50.346+0000][67][info ][safepoint   ] Safepoint "Cleanup", Time since last: 1002682659 ns, Reaching safepoint: 822531 ns, At safepoint: 28964 ns, Total: 851495 ns
[2023-07-17T20:28:51.350+0000][67][info ][safepoint   ] Safepoint "Cleanup", Time since last: 1002984296 ns, Reaching safepoint: 400636 ns, At safepoint: 17426 ns, Total: 418062 ns
[2023-07-17T20:28:53.802+0000][67][info ][safepoint   ] Safepoint "Cleanup", Time since last: 2451193883 ns, Reaching safepoint: 469477 ns, At safepoint: 72683 ns, Total: 542160 ns
[2023-07-17T20:28:54.856+0000][67][info ][safepoint   ] Safepoint "Cleanup", Time since last: 1053790319 ns, Reaching safepoint: 356964 ns, At safepoint: 48943 ns, Total: 405907 ns
[2023-07-17T20:28:56.286+0000][67][info ][safepoint   ] Safepoint "Cleanup", Time since last: 1430018180 ns, Reaching safepoint: 316222 ns, At safepoint: 5867 ns, Total: 322089 ns
[2023-07-17T20:28:57.542+0000][67][info ][safepoint   ] Safepoint "Cleanup", Time since last: 1255823106 ns, Reaching safepoint: 159808 ns, At safepoint: 90415 ns, Total: 250223 ns
[2023-07-17T20:28:58.837+0000][67][info ][safepoint   ] Safepoint "Cleanup", Time since last: 1294772168 ns, Reaching safepoint: 59636 ns, At safepoint: 4223 ns, Total: 63859 ns
[2023-07-17T20:29:04.525+0000][67][info ][safepoint   ] Safepoint "Cleanup", Time since last: 5687242183 ns, Reaching safepoint: 139304 ns, At safepoint: 6265 ns, Total: 145569 ns
[2023-07-17T20:29:05.780+0000][67][info ][safepoint   ] Safepoint "Cleanup", Time since last: 1254895048 ns, Reaching safepoint: 438226 ns, At safepoint: 18532 ns, Total: 456758 ns
[2023-07-17T20:29:06.792+0000][67][info ][safepoint   ] Safepoint "Cleanup", Time since last: 1011773437 ns, Reaching safepoint: 314260 ns, At safepoint: 4549 ns, Total: 318809 ns
[2023-07-17T20:29:08.795+0000][67][info ][safepoint   ] Safepoint "Cleanup", Time since last: 2002359159 ns, Reaching safepoint: 319352 ns, At safepoint: 13708 ns, Total: 333060 ns
[2023-07-17T20:29:10.075+0000][67][info ][safepoint   ] Safepoint "Cleanup", Time since last: 1279253373 ns, Reaching safepoint: 315324 ns, At safepoint: 18448 ns, Total: 333772 ns
[2023-07-17T20:29:11.482+0000][67][info ][safepoint   ] Safepoint "Cleanup", Time since last: 1407111629 ns, Reaching safepoint: 355878 ns, At safepoint: 101604 ns, Total: 457482 ns
[2023-07-17T20:29:15.580+0000][67][info ][safepoint   ] Safepoint "Cleanup", Time since last: 4097040771 ns, Reaching safepoint: 340451 ns, At safepoint: 68906 ns, Total: 409357 ns
[2023-07-17T20:29:16.896+0000][67][info ][safepoint   ] Safepoint "Cleanup", Time since last: 1315219840 ns, Reaching safepoint: 871034 ns, At safepoint: 43558 ns, Total: 914592 ns
[2023-07-17T20:29:18.056+0000][67][info ][safepoint   ] Safepoint "Cleanup", Time since last: 1159825841 ns, Reaching safepoint: 320877 ns, At safepoint: 5922 ns, Total: 326799 ns
[2023-07-17T20:29:20.060+0000][67][info ][safepoint   ] Safepoint "Cleanup", Time since last: 2003572274 ns, Reaching safepoint: 293097 ns, At safepoint: 52409 ns, Total: 345506 ns
[2023-07-17T20:29:21.545+0000][67][info ][safepoint   ] Safepoint "Cleanup", Time since last: 1485088862 ns, Reaching safepoint: 404862 ns, At safepoint: 54310 ns, Total: 459172 ns
[2023-07-17T20:29:24.475+0000][67][info ][safepoint   ] Safepoint "Cleanup", Time since last: 2928365420 ns, Reaching safepoint: 918339 ns, At safepoint: 21656 ns, Total: 939995 ns
[2023-07-17T20:29:25.478+0000][67][info ][safepoint   ] Safepoint "Cleanup", Time since last: 1003439705 ns, Reaching safepoint: 370027 ns, At safepoint: 7275 ns, Total: 377302 ns
[2023-07-17T20:29:28.768+0000][67][info ][safepoint   ] Safepoint "Cleanup", Time since last: 3289354449 ns, Reaching safepoint: 415629 ns, At safepoint: 21999 ns, Total: 437628 ns
[2023-07-17T20:29:29.807+0000][67][info ][safepoint   ] Safepoint "Cleanup", Time since last: 1038355287 ns, Reaching safepoint: 253034 ns, At safepoint: 59395 ns, Total: 312429 ns
[2023-07-17T20:29:31.512+0000][67][info ][safepoint   ] Safepoint "Cleanup", Time since last: 1705025723 ns, Reaching safepoint: 324537 ns, At safepoint: 4788 ns, Total: 329325 ns
[2023-07-17T20:29:33.515+0000][67][info ][safepoint   ] Safepoint "Cleanup", Time since last: 2002904256 ns, Reaching safepoint: 158392 ns, At safepoint: 14807 ns, Total: 173199 ns
[2023-07-17T20:29:42.596+0000][67][info ][safepoint   ] Safepoint "Cleanup", Time since last: 9080361142 ns, Reaching safepoint: 354764 ns, At safepoint: 56637 ns, Total: 411401 ns
[2023-07-17T20:29:43.633+0000][67][info ][safepoint   ] Safepoint "Cleanup", Time since last: 1036546085 ns, Reaching safepoint: 192133 ns, At safepoint: 56088 ns, Total: 248221 ns
[2023-07-17T20:29:44.730+0000][67][info ][safepoint   ] Safepoint "Cleanup", Time since last: 1096511684 ns, Reaching safepoint: 532459 ns, At safepoint: 11151 ns, Total: 543610 ns
[2023-07-17T20:29:45.796+0000][67][info ][safepoint   ] Safepoint "Cleanup", Time since last: 1065501707 ns, Reaching safepoint: 323882 ns, At safepoint: 43202 ns, Total: 367084 ns
[2023-07-17T20:29:46.841+0000][67][info ][safepoint   ] Safepoint "Cleanup", Time since last: 1045311794 ns, Reaching safepoint: 163626 ns, At safepoint: 11403 ns, Total: 175029 ns
[2023-07-17T20:29:47.876+0000][67][info ][safepoint   ] Safepoint "Cleanup", Time since last: 1034044675 ns, Reaching safepoint: 232948 ns, At safepoint: 52379 ns, Total: 285327 ns
[2023-07-17T20:29:49.885+0000][67][info ][safepoint   ] Safepoint "Cleanup", Time since last: 2008836367 ns, Reaching safepoint: 409173 ns, At safepoint: 17348 ns, Total: 426521 ns
[2023-07-17T20:29:51.548+0000][67][info ][safepoint   ] Safepoint "Cleanup", Time since last: 1662327498 ns, Reaching safepoint: 223002 ns, At safepoint: 55248 ns, Total: 278250 ns
[2023-07-17T20:29:53.146+0000][67][info ][safepoint   ] Safepoint "Cleanup", Time since last: 1597048770 ns, Reaching safepoint: 827853 ns, At safepoint: 28657 ns, Total: 856510 ns
[2023-07-17T20:29:58.464+0000][67][info ][safepoint   ] Safepoint "Cleanup", Time since last: 5318055266 ns, Reaching safepoint: 392775 ns, At safepoint: 60937 ns, Total: 453712 ns
[2023-07-17T20:29:59.561+0000][67][info ][safepoint   ] Safepoint "Cleanup", Time since last: 1096092549 ns, Reaching safepoint: 350875 ns, At safepoint: 16837 ns, Total: 367712 ns
[2023-07-17T20:30:04.905+0000][67][info ][safepoint   ] Safepoint "Cleanup", Time since last: 5343198071 ns, Reaching safepoint: 314722 ns, At safepoint: 69097 ns, Total: 383819 ns
[2023-07-17T20:30:06.665+0000][67][info ][safepoint   ] Safepoint "Cleanup", Time since last: 1759966512 ns, Reaching safepoint: 452910 ns, At safepoint: 8269 ns, Total: 461179 ns
[2023-07-17T20:30:12.391+0000][67][info ][safepoint   ] Safepoint "Cleanup", Time since last: 5725409918 ns, Reaching safepoint: 323422 ns, At safepoint: 13867 ns, Total: 337289 ns
[2023-07-17T20:30:14.393+0000][67][info ][safepoint   ] Safepoint "Cleanup", Time since last: 2002077675 ns, Reaching safepoint: 404072 ns, At safepoint: 16546 ns, Total: 420618 ns
[2023-07-17T20:30:15.395+0000][67][info ][safepoint   ] Safepoint "Cleanup", Time since last: 1001947352 ns, Reaching safepoint: 177693 ns, At safepoint: 5107 ns, Total: 182800 ns
[2023-07-17T20:30:16.692+0000][67][info ][safepoint   ] Safepoint "Cleanup", Time since last: 1296013052 ns, Reaching safepoint: 331737 ns, At safepoint: 53569 ns, Total: 385306 ns
[2023-07-17T20:30:19.370+0000][67][info ][safepoint   ] Safepoint "Cleanup", Time since last: 2677587178 ns, Reaching safepoint: 797961 ns, At safepoint: 26408 ns, Total: 824369 ns
[2023-07-17T20:30:20.374+0000][67][info ][safepoint   ] Safepoint "Cleanup", Time since last: 1003638537 ns, Reaching safepoint: 191243 ns, At safepoint: 4336 ns, Total: 195579 ns
[2023-07-17T20:30:21.560+0000][67][info ][safepoint   ] Safepoint "Cleanup", Time since last: 1185228564 ns, Reaching safepoint: 216044 ns, At safepoint: 106872 ns, Total: 322916 ns
[2023-07-17T20:30:22.705+0000][67][info ][safepoint   ] Safepoint "Cleanup", Time since last: 1145531092 ns, Reaching safepoint: 282368 ns, At safepoint: 58594 ns, Total: 340962 ns
[2023-07-17T20:30:24.708+0000][67][info ][safepoint   ] Safepoint "Cleanup", Time since last: 2002010740 ns, Reaching safepoint: 692938 ns, At safepoint: 10929 ns, Total: 703867 ns
[2023-07-17T20:30:27.548+0000][67][info ][safepoint   ] Safepoint "Cleanup", Time since last: 2839104222 ns, Reaching safepoint: 241756 ns, At safepoint: 76501 ns, Total: 318257 ns
[2023-07-17T20:30:28.674+0000][67][info ][safepoint   ] Safepoint "Cleanup", Time since last: 1125493204 ns, Reaching safepoint: 398761 ns, At safepoint: 60016 ns, Total: 458777 ns
[2023-07-17T20:30:37.150+0000][67][info ][safepoint   ] Safepoint "Cleanup", Time since last: 8475174720 ns, Reaching safepoint: 409019 ns, At safepoint: 7632 ns, Total: 416651 ns
[2023-07-17T20:30:40.954+0000][67][info ][safepoint   ] Safepoint "Cleanup", Time since last: 3803421405 ns, Reaching safepoint: 527497 ns, At safepoint: 59854 ns, Total: 587351 ns
[2023-07-17T20:30:42.736+0000][67][info ][safepoint   ] Safepoint "Cleanup", Time since last: 1782678060 ns, Reaching safepoint: 248015 ns, At safepoint: 4695 ns, Total: 252710 ns
[2023-07-17T20:30:46.664+0000][67][info ][safepoint   ] Safepoint "Cleanup", Time since last: 3926460703 ns, Reaching safepoint: 1071575 ns, At safepoint: 109935 ns, Total: 1181510 ns
[2023-07-17T20:30:48.075+0000][67][info ][safepoint   ] Safepoint "Cleanup", Time since last: 1410098783 ns, Reaching safepoint: 357665 ns, At safepoint: 8092 ns, Total: 365757 ns
[2023-07-17T20:30:49.078+0000][67][info ][safepoint   ] Safepoint "Cleanup", Time since last: 1002626770 ns, Reaching safepoint: 539563 ns, At safepoint: 9929 ns, Total: 549492 ns
[2023-07-17T20:30:50.082+0000][67][info ][safepoint   ] Safepoint "Cleanup", Time since last: 1002886483 ns, Reaching safepoint: 949091 ns, At safepoint: 74115 ns, Total: 1023206 ns
[2023-07-17T20:30:51.552+0000][67][info ][safepoint   ] Safepoint "Cleanup", Time since last: 1470594282 ns, Reaching safepoint: 197342 ns, At safepoint: 54539 ns, Total: 251881 ns
[2023-07-17T20:30:53.475+0000][67][info ][safepoint   ] Safepoint "Cleanup", Time since last: 1922037683 ns, Reaching safepoint: 785104 ns, At safepoint: 52227 ns, Total: 837331 ns
[2023-07-17T20:31:03.560+0000][67][info ][safepoint   ] Safepoint "Cleanup", Time since last: 10083983038 ns, Reaching safepoint: 277440 ns, At safepoint: 47478 ns, Total: 324918 ns
[2023-07-17T20:31:05.261+0000][67][info ][safepoint   ] Safepoint "Cleanup", Time since last: 1700538359 ns, Reaching safepoint: 547041 ns, At safepoint: 16552 ns, Total: 563593 ns
[2023-07-17T20:31:09.558+0000][67][info ][safepoint   ] Safepoint "Cleanup", Time since last: 4296070828 ns, Reaching safepoint: 390886 ns, At safepoint: 83757 ns, Total: 474643 ns
[2023-07-17T20:31:11.802+0000][67][info ][safepoint   ] Safepoint "Cleanup", Time since last: 2243454097 ns, Reaching safepoint: 802266 ns, At safepoint: 45314 ns, Total: 847580 ns
[2023-07-17T20:31:16.025+0000][67][info ][safepoint   ] Safepoint "Cleanup", Time since last: 4222551950 ns, Reaching safepoint: 272355 ns, At safepoint: 45775 ns, Total: 318130 ns
[2023-07-17T20:31:17.118+0000][67][info ][safepoint   ] Safepoint "Cleanup", Time since last: 1092812302 ns, Reaching safepoint: 730616 ns, At safepoint: 108766 ns, Total: 839382 ns
[2023-07-17T20:31:21.474+0000][67][info ][safepoint   ] Safepoint "Cleanup", Time since last: 4355274530 ns, Reaching safepoint: 100001 ns, At safepoint: 3942 ns, Total: 103943 ns
[2023-07-17T20:31:22.659+0000][67][info ][safepoint   ] Safepoint "Cleanup", Time since last: 1184648469 ns, Reaching safepoint: 310735 ns, At safepoint: 15190 ns, Total: 325925 ns
[2023-07-17T20:31:24.818+0000][67][info ][safepoint   ] Safepoint "Cleanup", Time since last: 2158667142 ns, Reaching safepoint: 81191 ns, At safepoint: 5408 ns, Total: 86599 ns
[2023-07-17T20:31:26.753+0000][67][info ][safepoint   ] Safepoint "Cleanup", Time since last: 1934763120 ns, Reaching safepoint: 654389 ns, At safepoint: 11062 ns, Total: 665451 ns
[2023-07-17T20:31:27.756+0000][67][info ][safepoint   ] Safepoint "Cleanup", Time since last: 1002220297 ns, Reaching safepoint: 295183 ns, At safepoint: 94557 ns, Total: 389740 ns
[2023-07-17T20:31:29.218+0000][67][info ][safepoint   ] Safepoint "Cleanup", Time since last: 1461471202 ns, Reaching safepoint: 579073 ns, At safepoint: 11240 ns, Total: 590313 ns
[2023-07-17T20:31:31.221+0000][67][info ][safepoint   ] Safepoint "Cleanup", Time since last: 2003053570 ns, Reaching safepoint: 497512 ns, At safepoint: 11989 ns, Total: 509501 ns
[2023-07-17T20:31:33.554+0000][67][info ][safepoint   ] Safepoint "Cleanup", Time since last: 2331857924 ns, Reaching safepoint: 357629 ns, At safepoint: 86369 ns, Total: 443998 ns
[2023-07-17T20:31:34.558+0000][67][info ][safepoint   ] Safepoint "Cleanup", Time since last: 1004272544 ns, Reaching safepoint: 242066 ns, At safepoint: 51563 ns, Total: 293629 ns
[2023-07-17T20:31:42.067+0000][67][info ][safepoint   ] Safepoint "Cleanup", Time since last: 7507753896 ns, Reaching safepoint: 509482 ns, At safepoint: 10408 ns, Total: 519890 ns
[2023-07-17T20:31:43.071+0000][67][info ][safepoint   ] Safepoint "Cleanup", Time since last: 1004159025 ns, Reaching safepoint: 240053 ns, At safepoint: 4870 ns, Total: 244923 ns
[2023-07-17T20:31:50.450+0000][67][info ][safepoint   ] Safepoint "Cleanup", Time since last: 7378325057 ns, Reaching safepoint: 983589 ns, At safepoint: 26210 ns, Total: 1009799 ns
[2023-07-17T20:31:51.455+0000][67][info ][safepoint   ] Safepoint "Cleanup", Time since last: 1004069305 ns, Reaching safepoint: 178149 ns, At safepoint: 14256 ns, Total: 192405 ns
[2023-07-17T20:31:54.843+0000][67][info ][safepoint   ] Safepoint "Cleanup", Time since last: 3387607443 ns, Reaching safepoint: 270798 ns, At safepoint: 5105 ns, Total: 275903 ns
[2023-07-17T20:31:58.688+0000][67][info ][safepoint   ] Safepoint "Cleanup", Time since last: 3844854173 ns, Reaching safepoint: 516199 ns, At safepoint: 61043 ns, Total: 577242 ns
[2023-07-17T20:31:59.690+0000][67][info ][safepoint   ] Safepoint "Cleanup", Time since last: 1002326870 ns, Reaching safepoint: 99517 ns, At safepoint: 44270 ns, Total: 143787 ns
[2023-07-17T20:32:15.575+0000][67][info ][safepoint   ] Safepoint "Cleanup", Time since last: 15883429980 ns, Reaching safepoint: 368293 ns, At safepoint: 79675 ns, Total: 447968 ns
[2023-07-17T20:32:22.496+0000][67][info ][safepoint   ] Safepoint "Cleanup", Time since last: 6921110464 ns, Reaching safepoint: 278383 ns, At safepoint: 48361 ns, Total: 326744 ns
[2023-07-17T20:32:24.775+0000][67][info ][safepoint   ] Safepoint "Cleanup", Time since last: 2278006358 ns, Reaching safepoint: 392893 ns, At safepoint: 20521 ns, Total: 413414 ns
[2023-07-17T20:32:29.358+0000][67][info ][safepoint   ] Safepoint "Cleanup", Time since last: 4582992446 ns, Reaching safepoint: 484663 ns, At safepoint: 17333 ns, Total: 501996 ns
[2023-07-17T20:32:39.566+0000][67][info ][safepoint   ] Safepoint "Cleanup", Time since last: 10207289284 ns, Reaching safepoint: 238932 ns, At safepoint: 102499 ns, Total: 341431 ns
[2023-07-17T20:32:49.093+0000][67][info ][safepoint   ] Safepoint "Cleanup", Time since last: 9527006176 ns, Reaching safepoint: 438794 ns, At safepoint: 18727 ns, Total: 457521 ns
[2023-07-17T20:32:51.098+0000][67][info ][safepoint   ] Safepoint "Cleanup", Time since last: 2003473452 ns, Reaching safepoint: 1186252 ns, At safepoint: 106147 ns, Total: 1292399 ns
[2023-07-17T20:32:58.771+0000][67][info ][safepoint   ] Safepoint "Cleanup", Time since last: 7672376588 ns, Reaching safepoint: 463823 ns, At safepoint: 54270 ns, Total: 518093 ns
[2023-07-17T20:33:04.201+0000][67][info ][safepoint   ] Safepoint "Cleanup", Time since last: 5428799743 ns, Reaching safepoint: 407958 ns, At safepoint: 52223 ns, Total: 460181 ns
[2023-07-17T20:33:10.615+0000][67][info ][safepoint   ] Safepoint "Cleanup", Time since last: 6413391905 ns, Reaching safepoint: 282345 ns, At safepoint: 18224 ns, Total: 300569 ns
[2023-07-17T20:33:11.740+0000][67][info ][safepoint   ] Safepoint "Cleanup", Time since last: 1124488804 ns, Reaching safepoint: 698209 ns, At safepoint: 25898 ns, Total: 724107 ns
[2023-07-17T20:33:15.566+0000][67][info ][safepoint   ] Safepoint "Cleanup", Time since last: 3825763987 ns, Reaching safepoint: 174582 ns, At safepoint: 67913 ns, Total: 242495 ns
[2023-07-17T20:33:17.367+0000][67][info ][safepoint   ] Safepoint "Cleanup", Time since last: 1800406617 ns, Reaching safepoint: 562329 ns, At safepoint: 11137 ns, Total: 573466 ns
[2023-07-17T20:33:21.994+0000][67][info ][safepoint   ] Safepoint "Cleanup", Time since last: 4626588691 ns, Reaching safepoint: 292606 ns, At safepoint: 87171 ns, Total: 379777 ns
[2023-07-17T20:33:22.996+0000][67][info ][safepoint   ] Safepoint "Cleanup", Time since last: 1001713396 ns, Reaching safepoint: 82958 ns, At safepoint: 5336 ns, Total: 88294 ns
[2023-07-17T20:33:25.124+0000][67][info ][safepoint   ] Safepoint "Cleanup", Time since last: 2127377637 ns, Reaching safepoint: 387121 ns, At safepoint: 25149 ns, Total: 412270 ns
[2023-07-17T20:33:26.171+0000][67][info ][safepoint   ] Safepoint "Cleanup", Time since last: 1046992692 ns, Reaching safepoint: 304314 ns, At safepoint: 64601 ns, Total: 368915 ns
[2023-07-17T20:33:27.446+0000][67][info ][safepoint   ] Safepoint "Cleanup", Time since last: 1274293570 ns, Reaching safepoint: 184688 ns, At safepoint: 47906 ns, Total: 232594 ns
[2023-07-17T20:33:28.477+0000][67][info ][safepoint   ] Safepoint "Cleanup", Time since last: 1030754749 ns, Reaching safepoint: 215560 ns, At safepoint: 42355 ns, Total: 257915 ns
[2023-07-17T20:33:29.529+0000][67][info ][safepoint   ] Safepoint "Cleanup", Time since last: 1052609775 ns, Reaching safepoint: 307353 ns, At safepoint: 7151 ns, Total: 314504 ns
[2023-07-17T20:33:30.532+0000][67][info ][safepoint   ] Safepoint "Cleanup", Time since last: 1002107975 ns, Reaching safepoint: 366707 ns, At safepoint: 6790 ns, Total: 373497 ns
[2023-07-17T20:33:31.534+0000][67][info ][safepoint   ] Safepoint "Cleanup", Time since last: 1002298769 ns, Reaching safepoint: 169160 ns, At safepoint: 3793 ns, Total: 172953 ns
[2023-07-17T20:33:32.829+0000][67][info ][safepoint   ] Safepoint "Cleanup", Time since last: 1294053637 ns, Reaching safepoint: 182279 ns, At safepoint: 69850 ns, Total: 252129 ns
[2023-07-17T20:33:34.798+0000][67][info ][safepoint   ] Safepoint "Cleanup", Time since last: 1968976478 ns, Reaching safepoint: 207058 ns, At safepoint: 4926 ns, Total: 211984 ns
[2023-07-17T20:33:36.949+0000][67][info ][safepoint   ] Safepoint "Cleanup", Time since last: 2151285100 ns, Reaching safepoint: 230687 ns, At safepoint: 14879 ns, Total: 245566 ns
[2023-07-17T20:33:39.583+0000][67][info ][safepoint   ] Safepoint "Cleanup", Time since last: 2633676724 ns, Reaching safepoint: 292261 ns, At safepoint: 81122 ns, Total: 373383 ns
[2023-07-17T20:33:41.516+0000][67][info ][safepoint   ] Safepoint "Cleanup", Time since last: 1932384862 ns, Reaching safepoint: 186492 ns, At safepoint: 5924 ns, Total: 192416 ns
[2023-07-17T20:33:42.519+0000][67][info ][safepoint   ] Safepoint "Cleanup", Time since last: 1002472349 ns, Reaching safepoint: 393371 ns, At safepoint: 17518 ns, Total: 410889 ns
[2023-07-17T20:33:44.522+0000][67][info ][safepoint   ] Safepoint "Cleanup", Time since last: 2002684927 ns, Reaching safepoint: 350664 ns, At safepoint: 5643 ns, Total: 356307 ns
[2023-07-17T20:33:59.745+0000][67][info ][safepoint   ] Safepoint "Cleanup", Time since last: 15222452490 ns, Reaching safepoint: 874261 ns, At safepoint: 24963 ns, Total: 899224 ns
[2023-07-17T20:34:04.509+0000][67][info ][safepoint   ] Safepoint "Cleanup", Time since last: 4763374551 ns, Reaching safepoint: 242561 ns, At safepoint: 53816 ns, Total: 296377 ns
[2023-07-17T20:34:24.753+0000][67][info ][safepoint   ] Safepoint "Cleanup", Time since last: 20242693301 ns, Reaching safepoint: 869958 ns, At safepoint: 18483 ns, Total: 888441 ns
[2023-07-17T20:34:27.569+0000][67][info ][safepoint   ] Safepoint "Cleanup", Time since last: 2815661267 ns, Reaching safepoint: 308891 ns, At safepoint: 51618 ns, Total: 360509 ns
[2023-07-17T20:34:28.639+0000][67][info ][safepoint   ] Safepoint "Cleanup", Time since last: 1070269677 ns, Reaching safepoint: 280923 ns, At safepoint: 41725 ns, Total: 322648 ns
[2023-07-17T20:34:33.546+0000][67][info ][safepoint   ] Safepoint "Cleanup", Time since last: 4905710879 ns, Reaching safepoint: 323503 ns, At safepoint: 5089 ns, Total: 328592 ns
[2023-07-17T20:34:46.796+0000][67][info ][safepoint   ] Safepoint "Cleanup", Time since last: 13248902620 ns, Reaching safepoint: 754242 ns, At safepoint: 155342 ns, Total: 909584 ns
[2023-07-17T20:34:47.916+0000][67][info ][safepoint   ] Safepoint "Cleanup", Time since last: 1119898863 ns, Reaching safepoint: 651740 ns, At safepoint: 18367 ns, Total: 670107 ns
[2023-07-17T20:34:49.469+0000][67][info ][safepoint   ] Safepoint "Cleanup", Time since last: 1552626967 ns, Reaching safepoint: 300433 ns, At safepoint: 14351 ns, Total: 314784 ns
[2023-07-17T20:34:52.047+0000][67][info ][safepoint   ] Safepoint "Cleanup", Time since last: 2578059526 ns, Reaching safepoint: 220311 ns, At safepoint: 43073 ns, Total: 263384 ns
[2023-07-17T20:34:52.262+0000][67][info ][gc,start    ] GC(15) Pause Young (Normal) (G1 Evacuation Pause)
[2023-07-17T20:34:52.263+0000][67][info ][gc,task     ] GC(15) Using 6 workers of 6 for evacuation
[2023-07-17T20:34:52.265+0000][67][debug][gc,age      ] GC(15) Desired survivor size 155189248 bytes, new threshold 15 (max threshold 15)
[2023-07-17T20:34:52.307+0000][67][info ][gc,phases   ] GC(15)   Pre Evacuate Collection Set: 0.5ms
[2023-07-17T20:34:52.308+0000][67][info ][gc,phases   ] GC(15)   Merge Heap Roots: 0.3ms
[2023-07-17T20:34:52.310+0000][67][info ][gc,phases   ] GC(15)   Evacuate Collection Set: 34.0ms
[2023-07-17T20:34:52.312+0000][67][info ][gc,phases   ] GC(15)   Post Evacuate Collection Set: 6.0ms
[2023-07-17T20:34:52.314+0000][67][info ][gc,phases   ] GC(15)   Other: 2.4ms
[2023-07-17T20:34:52.315+0000][67][trace][gc,age      ] GC(15) Age table with threshold 15 (max threshold 15)
[2023-07-17T20:34:52.316+0000][67][trace][gc,age      ] GC(15) - age   1:    7476912 bytes,    7476912 total
[2023-07-17T20:34:52.318+0000][67][trace][gc,age      ] GC(15) - age   2:     369560 bytes,    7846472 total
[2023-07-17T20:34:52.321+0000][67][trace][gc,age      ] GC(15) - age   3:    1382632 bytes,    9229104 total
[2023-07-17T20:34:52.322+0000][67][trace][gc,age      ] GC(15) - age   4:   29543864 bytes,   38772968 total
[2023-07-17T20:34:52.324+0000][67][trace][gc,age      ] GC(15) - age   5:   15135072 bytes,   53908040 total
[2023-07-17T20:34:52.325+0000][67][info ][gc,heap     ] GC(15) Eden regions: 576->0(574)
[2023-07-17T20:34:52.327+0000][67][info ][gc,heap     ] GC(15) Survivor regions: 13->15(74)
[2023-07-17T20:34:52.328+0000][67][info ][gc,heap     ] GC(15) Old regions: 14->14
[2023-07-17T20:34:52.330+0000][67][info ][gc,heap     ] GC(15) Archive regions: 2->2
[2023-07-17T20:34:52.331+0000][67][info ][gc,heap     ] GC(15) Humongous regions: 0->0
[2023-07-17T20:34:52.332+0000][67][info ][gc,metaspace] GC(15) Metaspace: 137979K(141376K)->137979K(141376K) NonClass: 120132K(121856K)->120132K(121856K) Class: 17847K(19520K)->17847K(19520K)
[2023-07-17T20:34:52.333+0000][67][info ][gc          ] GC(15) Pause Young (Normal) (G1 Evacuation Pause) 2412M->116M(3932M) 71.303ms
[2023-07-17T20:34:52.335+0000][67][info ][gc,cpu      ] GC(15) User=0.18s Sys=0.00s Real=0.07s
[2023-07-17T20:34:52.336+0000][67][info ][safepoint   ] Safepoint "G1CollectForAllocation", Time since last: 214558065 ns, Reaching safepoint: 165680 ns, At safepoint: 74121521 ns, Total: 74287201 ns
[2023-07-17T20:34:57.600+0000][67][info ][safepoint   ] Safepoint "Cleanup", Time since last: 5263637778 ns, Reaching safepoint: 413316 ns, At safepoint: 76739 ns, Total: 490055 ns
[2023-07-17T20:34:59.209+0000][67][info ][safepoint   ] Safepoint "Cleanup", Time since last: 1608023428 ns, Reaching safepoint: 361078 ns, At safepoint: 13938 ns, Total: 375016 ns
[2023-07-17T20:35:04.680+0000][67][info ][safepoint   ] Safepoint "Cleanup", Time since last: 5469911404 ns, Reaching safepoint: 349858 ns, At safepoint: 6386 ns, Total: 356244 ns
[2023-07-17T20:35:16.064+0000][67][info ][safepoint   ] Safepoint "Cleanup", Time since last: 11384515360 ns, Reaching safepoint: 355380 ns, At safepoint: 43920 ns, Total: 399300 ns
[2023-07-17T20:35:22.183+0000][67][info ][safepoint   ] Safepoint "Cleanup", Time since last: 6118955572 ns, Reaching safepoint: 113351 ns, At safepoint: 7111 ns, Total: 120462 ns
[2023-07-17T20:35:24.297+0000][67][info ][safepoint   ] Safepoint "Cleanup", Time since last: 2112870262 ns, Reaching safepoint: 303890 ns, At safepoint: 5114 ns, Total: 309004 ns
[2023-07-17T20:35:25.902+0000][67][info ][safepoint   ] Safepoint "Cleanup", Time since last: 1604741908 ns, Reaching safepoint: 533166 ns, At safepoint: 17511 ns, Total: 550677 ns
[2023-07-17T20:35:26.905+0000][67][info ][safepoint   ] Safepoint "Cleanup", Time since last: 1002410558 ns, Reaching safepoint: 282461 ns, At safepoint: 4891 ns, Total: 287352 ns
[2023-07-17T20:35:28.629+0000][67][info ][safepoint   ] Safepoint "Cleanup", Time since last: 1724269556 ns, Reaching safepoint: 347079 ns, At safepoint: 56863 ns, Total: 403942 ns
[2023-07-17T20:35:37.105+0000][67][info ][safepoint   ] Safepoint "Cleanup", Time since last: 8475164585 ns, Reaching safepoint: 303550 ns, At safepoint: 6957 ns, Total: 310507 ns
[2023-07-17T20:35:40.401+0000][67][info ][safepoint   ] Safepoint "Cleanup", Time since last: 3295431532 ns, Reaching safepoint: 268957 ns, At safepoint: 42429 ns, Total: 311386 ns
[2023-07-17T20:35:42.660+0000][67][info ][safepoint   ] Safepoint "Cleanup", Time since last: 2258621913 ns, Reaching safepoint: 356684 ns, At safepoint: 5740 ns, Total: 362424 ns
[2023-07-17T20:35:51.600+0000][67][info ][safepoint   ] Safepoint "Cleanup", Time since last: 8939728107 ns, Reaching safepoint: 50897 ns, At safepoint: 54056 ns, Total: 104953 ns
[2023-07-17T20:35:53.410+0000][67][info ][safepoint   ] Safepoint "Cleanup", Time since last: 1810102172 ns, Reaching safepoint: 319717 ns, At safepoint: 6037 ns, Total: 325754 ns
[2023-07-17T20:36:06.687+0000][67][info ][safepoint   ] Safepoint "Cleanup", Time since last: 13276136749 ns, Reaching safepoint: 376541 ns, At safepoint: 15386 ns, Total: 391927 ns
[2023-07-17T20:36:10.753+0000][67][info ][safepoint   ] Safepoint "Cleanup", Time since last: 4065932790 ns, Reaching safepoint: 344036 ns, At safepoint: 6565 ns, Total: 350601 ns
[2023-07-17T20:36:22.740+0000][67][info ][safepoint   ] Safepoint "Cleanup", Time since last: 11986424121 ns, Reaching safepoint: 338439 ns, At safepoint: 43285 ns, Total: 381724 ns
[2023-07-17T20:36:24.826+0000][67][info ][safepoint   ] Safepoint "Cleanup", Time since last: 2085732298 ns, Reaching safepoint: 384599 ns, At safepoint: 25257 ns, Total: 409856 ns
[2023-07-17T20:36:43.179+0000][67][info ][safepoint   ] Safepoint "Cleanup", Time since last: 18351446445 ns, Reaching safepoint: 723878 ns, At safepoint: 10821 ns, Total: 734699 ns
[2023-07-17T20:36:45.183+0000][67][info ][safepoint   ] Safepoint "Cleanup", Time since last: 2003629684 ns, Reaching safepoint: 339276 ns, At safepoint: 6580 ns, Total: 345856 ns
[2023-07-17T20:36:46.477+0000][67][info ][safepoint   ] Safepoint "Cleanup", Time since last: 1294504659 ns, Reaching safepoint: 244686 ns, At safepoint: 6199 ns, Total: 250885 ns
[2023-07-17T20:36:51.769+0000][67][info ][safepoint   ] Safepoint "Cleanup", Time since last: 5290900751 ns, Reaching safepoint: 330093 ns, At safepoint: 26653 ns, Total: 356746 ns
[2023-07-17T20:36:57.097+0000][67][info ][safepoint   ] Safepoint "Cleanup", Time since last: 5327739950 ns, Reaching safepoint: 318592 ns, At safepoint: 16068 ns, Total: 334660 ns
[2023-07-17T20:36:59.128+0000][67][info ][safepoint   ] Safepoint "Cleanup", Time since last: 2031413838 ns, Reaching safepoint: 226880 ns, At safepoint: 116572 ns, Total: 343452 ns
[2023-07-17T20:37:00.929+0000][67][info ][safepoint   ] Safepoint "Cleanup", Time since last: 1799777466 ns, Reaching safepoint: 581132 ns, At safepoint: 23605 ns, Total: 604737 ns
[2023-07-17T20:37:03.849+0000][67][info ][safepoint   ] Safepoint "Cleanup", Time since last: 2919146543 ns, Reaching safepoint: 526255 ns, At safepoint: 114783 ns, Total: 641038 ns
[2023-07-17T20:37:05.065+0000][67][info ][safepoint   ] Safepoint "Cleanup", Time since last: 1215766869 ns, Reaching safepoint: 468786 ns, At safepoint: 61065 ns, Total: 529851 ns
[2023-07-17T20:37:06.438+0000][67][info ][safepoint   ] Safepoint "Cleanup", Time since last: 1372663300 ns, Reaching safepoint: 407952 ns, At safepoint: 53610 ns, Total: 461562 ns
[2023-07-17T20:37:07.441+0000][67][info ][safepoint   ] Safepoint "Cleanup", Time since last: 1002227293 ns, Reaching safepoint: 343977 ns, At safepoint: 5377 ns, Total: 349354 ns
[2023-07-17T20:37:09.638+0000][67][info ][safepoint   ] Safepoint "Cleanup", Time since last: 2196226114 ns, Reaching safepoint: 332496 ns, At safepoint: 77668 ns, Total: 410164 ns
[2023-07-17T20:37:10.824+0000][67][info ][safepoint   ] Safepoint "Cleanup", Time since last: 1185528841 ns, Reaching safepoint: 261032 ns, At safepoint: 216884 ns, Total: 477916 ns
[2023-07-17T20:37:11.982+0000][67][info ][safepoint   ] Safepoint "Cleanup", Time since last: 1157604808 ns, Reaching safepoint: 535550 ns, At safepoint: 18402 ns, Total: 553952 ns
[2023-07-17T20:37:15.837+0000][67][info ][safepoint   ] Safepoint "Cleanup", Time since last: 3854966200 ns, Reaching safepoint: 292974 ns, At safepoint: 43677 ns, Total: 336651 ns
[2023-07-17T20:37:17.215+0000][67][info ][safepoint   ] Safepoint "Cleanup", Time since last: 1377698162 ns, Reaching safepoint: 285526 ns, At safepoint: 22181 ns, Total: 307707 ns
[2023-07-17T20:37:18.459+0000][67][info ][safepoint   ] Safepoint "Cleanup", Time since last: 1243643119 ns, Reaching safepoint: 63419 ns, At safepoint: 5396 ns, Total: 68815 ns
[2023-07-17T20:37:21.467+0000][67][info ][safepoint   ] Safepoint "Cleanup", Time since last: 3008663053 ns, Reaching safepoint: 127093 ns, At safepoint: 4844 ns, Total: 131937 ns
[2023-07-17T20:37:22.883+0000][67][info ][safepoint   ] Safepoint "Cleanup", Time since last: 1414723686 ns, Reaching safepoint: 390564 ns, At safepoint: 16584 ns, Total: 407148 ns
[2023-07-17T20:37:24.858+0000][67][info ][safepoint   ] Safepoint "Cleanup", Time since last: 1974831507 ns, Reaching safepoint: 339044 ns, At safepoint: 14765 ns, Total: 353809 ns
[2023-07-17T20:37:32.595+0000][67][info ][safepoint   ] Safepoint "Cleanup", Time since last: 7736524554 ns, Reaching safepoint: 163570 ns, At safepoint: 13367 ns, Total: 176937 ns
[2023-07-17T20:37:39.614+0000][67][info ][safepoint   ] Safepoint "Cleanup", Time since last: 7018977706 ns, Reaching safepoint: 309313 ns, At safepoint: 56269 ns, Total: 365582 ns
[2023-07-17T20:37:47.727+0000][67][info ][safepoint   ] Safepoint "Cleanup", Time since last: 8112233300 ns, Reaching safepoint: 625450 ns, At safepoint: 34738 ns, Total: 660188 ns
[2023-07-17T20:37:51.617+0000][67][info ][safepoint   ] Safepoint "Cleanup", Time since last: 3889062418 ns, Reaching safepoint: 276838 ns, At safepoint: 48655 ns, Total: 325493 ns
[2023-07-17T20:37:52.850+0000][67][info ][safepoint   ] Safepoint "Cleanup", Time since last: 1233250190 ns, Reaching safepoint: 246584 ns, At safepoint: 4420 ns, Total: 251004 ns
[2023-07-17T20:37:57.619+0000][67][info ][safepoint   ] Safepoint "Cleanup", Time since last: 4768160868 ns, Reaching safepoint: 263766 ns, At safepoint: 41478 ns, Total: 305244 ns
[2023-07-17T20:38:02.623+0000][67][info ][safepoint   ] Safepoint "Cleanup", Time since last: 5002926859 ns, Reaching safepoint: 479152 ns, At safepoint: 16761 ns, Total: 495913 ns
[2023-07-17T20:38:16.796+0000][67][info ][safepoint   ] Safepoint "Cleanup", Time since last: 14172781971 ns, Reaching safepoint: 113750 ns, At safepoint: 18167 ns, Total: 131917 ns
[2023-07-17T20:38:21.622+0000][67][info ][safepoint   ] Safepoint "Cleanup", Time since last: 4826108519 ns, Reaching safepoint: 273463 ns, At safepoint: 57545 ns, Total: 331008 ns
[2023-07-17T20:38:24.510+0000][67][info ][safepoint   ] Safepoint "Cleanup", Time since last: 2887710213 ns, Reaching safepoint: 289859 ns, At safepoint: 4942 ns, Total: 294801 ns
[2023-07-17T20:38:29.825+0000][67][info ][safepoint   ] Safepoint "Cleanup", Time since last: 5314736970 ns, Reaching safepoint: 306108 ns, At safepoint: 14618 ns, Total: 320726 ns
[2023-07-17T20:38:30.840+0000][67][info ][safepoint   ] Safepoint "Cleanup", Time since last: 1014473629 ns, Reaching safepoint: 228376 ns, At safepoint: 122780 ns, Total: 351156 ns
[2023-07-17T20:38:33.552+0000][67][info ][safepoint   ] Safepoint "Cleanup", Time since last: 2712052002 ns, Reaching safepoint: 383279 ns, At safepoint: 96605 ns, Total: 479884 ns
[2023-07-17T20:38:35.238+0000][67][info ][safepoint   ] Safepoint "Cleanup", Time since last: 1684902652 ns, Reaching safepoint: 365643 ns, At safepoint: 15976 ns, Total: 381619 ns
[2023-07-17T20:38:40.979+0000][67][info ][safepoint   ] Safepoint "Cleanup", Time since last: 5741062042 ns, Reaching safepoint: 270774 ns, At safepoint: 56556 ns, Total: 327330 ns
[2023-07-17T20:38:45.623+0000][67][info ][safepoint   ] Safepoint "Cleanup", Time since last: 4643211820 ns, Reaching safepoint: 294265 ns, At safepoint: 56994 ns, Total: 351259 ns
[2023-07-17T20:38:46.623+0000][67][info ][safepoint   ] Safepoint "Cleanup", Time since last: 1000030363 ns, Reaching safepoint: 140760 ns, At safepoint: 8493 ns, Total: 149253 ns
[2023-07-17T20:38:51.626+0000][67][info ][safepoint   ] Safepoint "Cleanup", Time since last: 5002720886 ns, Reaching safepoint: 279319 ns, At safepoint: 84314 ns, Total: 363633 ns
[2023-07-17T20:38:52.825+0000][67][info ][safepoint   ] Safepoint "Cleanup", Time since last: 1198396402 ns, Reaching safepoint: 393205 ns, At safepoint: 14825 ns, Total: 408030 ns
[2023-07-17T20:38:59.349+0000][67][info ][safepoint   ] Safepoint "Cleanup", Time since last: 6524204962 ns, Reaching safepoint: 416359 ns, At safepoint: 7158 ns, Total: 423517 ns
[2023-07-17T20:39:12.433+0000][67][info ][safepoint   ] Safepoint "Cleanup", Time since last: 13083475630 ns, Reaching safepoint: 136888 ns, At safepoint: 21566 ns, Total: 158454 ns
[2023-07-17T20:39:13.798+0000][67][info ][safepoint   ] Safepoint "Cleanup", Time since last: 1363192954 ns, Reaching safepoint: 1313639 ns, At safepoint: 102869 ns, Total: 1416508 ns
[2023-07-17T20:39:14.940+0000][67][info ][safepoint   ] Safepoint "Cleanup", Time since last: 1141341229 ns, Reaching safepoint: 282339 ns, At safepoint: 25358 ns, Total: 307697 ns
[2023-07-17T20:39:15.943+0000][67][info ][safepoint   ] Safepoint "Cleanup", Time since last: 1003314537 ns, Reaching safepoint: 150384 ns, At safepoint: 37769 ns, Total: 188153 ns
[2023-07-17T20:39:16.943+0000][67][info ][safepoint   ] Safepoint "Cleanup", Time since last: 1000015963 ns, Reaching safepoint: 68571 ns, At safepoint: 42925 ns, Total: 111496 ns
[2023-07-17T20:39:18.254+0000][67][info ][safepoint   ] Safepoint "Cleanup", Time since last: 1310689577 ns, Reaching safepoint: 237819 ns, At safepoint: 107255 ns, Total: 345074 ns
[2023-07-17T20:39:19.600+0000][67][info ][safepoint   ] Safepoint "Cleanup", Time since last: 1345217398 ns, Reaching safepoint: 396969 ns, At safepoint: 64213 ns, Total: 461182 ns
[2023-07-17T20:39:21.398+0000][67][info ][safepoint   ] Safepoint "Cleanup", Time since last: 1797159709 ns, Reaching safepoint: 414215 ns, At safepoint: 28248 ns, Total: 442463 ns
[2023-07-17T20:39:23.033+0000][67][info ][safepoint   ] Safepoint "Cleanup", Time since last: 1635294491 ns, Reaching safepoint: 80574 ns, At safepoint: 46342 ns, Total: 126916 ns
[2023-07-17T20:39:24.457+0000][67][info ][safepoint   ] Safepoint "Cleanup", Time since last: 1423364155 ns, Reaching safepoint: 358947 ns, At safepoint: 223149 ns, Total: 582096 ns
[2023-07-17T20:39:25.547+0000][67][info ][safepoint   ] Safepoint "Cleanup", Time since last: 1089332341 ns, Reaching safepoint: 234175 ns, At safepoint: 6864 ns, Total: 241039 ns
[2023-07-17T20:39:26.845+0000][67][info ][safepoint   ] Safepoint "Cleanup", Time since last: 1297948859 ns, Reaching safepoint: 305120 ns, At safepoint: 6897 ns, Total: 312017 ns
[2023-07-17T20:39:28.014+0000][67][info ][safepoint   ] Safepoint "Cleanup", Time since last: 1169348597 ns, Reaching safepoint: 283377 ns, At safepoint: 55566 ns, Total: 338943 ns
[2023-07-17T20:39:29.860+0000][67][info ][safepoint   ] Safepoint "Cleanup", Time since last: 1845447773 ns, Reaching safepoint: 266687 ns, At safepoint: 4384 ns, Total: 271071 ns
[2023-07-17T20:39:32.858+0000][67][info ][safepoint   ] Safepoint "Cleanup", Time since last: 3002365579 ns, Reaching safepoint: 665161 ns, At safepoint: 16811 ns, Total: 681972 ns
[2023-07-17T20:39:40.586+0000][67][info ][safepoint   ] Safepoint "Cleanup", Time since last: 7727180652 ns, Reaching safepoint: 392513 ns, At safepoint: 56594 ns, Total: 449107 ns
[2023-07-17T20:40:02.016+0000][67][info ][safepoint   ] Safepoint "Cleanup", Time since last: 21429365179 ns, Reaching safepoint: 899268 ns, At safepoint: 21069 ns, Total: 920337 ns
[2023-07-17T20:40:03.019+0000][67][info ][safepoint   ] Safepoint "Cleanup", Time since last: 1003208714 ns, Reaching safepoint: 375281 ns, At safepoint: 17502 ns, Total: 392783 ns
[2023-07-17T20:40:04.324+0000][67][info ][safepoint   ] Safepoint "Cleanup", Time since last: 1304612491 ns, Reaching safepoint: 444681 ns, At safepoint: 55777 ns, Total: 500458 ns
[2023-07-17T20:40:07.422+0000][67][info ][safepoint   ] Safepoint "Cleanup", Time since last: 3097864873 ns, Reaching safepoint: 575327 ns, At safepoint: 6935 ns, Total: 582262 ns
[2023-07-17T20:40:09.617+0000][67][info ][safepoint   ] Safepoint "Cleanup", Time since last: 2194021804 ns, Reaching safepoint: 296023 ns, At safepoint: 42143 ns, Total: 338166 ns
[2023-07-17T20:40:10.796+0000][67][info ][safepoint   ] Safepoint "Cleanup", Time since last: 1178867791 ns, Reaching safepoint: 93697 ns, At safepoint: 92426 ns, Total: 186123 ns
[2023-07-17T20:40:13.102+0000][67][info ][safepoint   ] Safepoint "Cleanup", Time since last: 2305824481 ns, Reaching safepoint: 189017 ns, At safepoint: 166611 ns, Total: 355628 ns
[2023-07-17T20:40:14.373+0000][67][info ][safepoint   ] Safepoint "Cleanup", Time since last: 1270929754 ns, Reaching safepoint: 291792 ns, At safepoint: 5355 ns, Total: 297147 ns
[2023-07-17T20:40:15.678+0000][67][info ][safepoint   ] Safepoint "Cleanup", Time since last: 1304462768 ns, Reaching safepoint: 123984 ns, At safepoint: 18834 ns, Total: 142818 ns
[2023-07-17T20:40:25.094+0000][67][info ][safepoint   ] Safepoint "Cleanup", Time since last: 9415644864 ns, Reaching safepoint: 655752 ns, At safepoint: 32465 ns, Total: 688217 ns
[2023-07-17T20:40:27.820+0000][67][info ][safepoint   ] Safepoint "Cleanup", Time since last: 2725294608 ns, Reaching safepoint: 366399 ns, At safepoint: 156916 ns, Total: 523315 ns
[2023-07-17T20:40:29.474+0000][67][info ][safepoint   ] Safepoint "Cleanup", Time since last: 1653955087 ns, Reaching safepoint: 289643 ns, At safepoint: 5866 ns, Total: 295509 ns
[2023-07-17T20:40:35.173+0000][67][info ][safepoint   ] Safepoint "Cleanup", Time since last: 5698424361 ns, Reaching safepoint: 276950 ns, At safepoint: 47640 ns, Total: 324590 ns
[2023-07-17T20:40:37.049+0000][67][info ][safepoint   ] Safepoint "Cleanup", Time since last: 1875680567 ns, Reaching safepoint: 379193 ns, At safepoint: 12541 ns, Total: 391734 ns
[2023-07-17T20:40:39.624+0000][67][info ][safepoint   ] Safepoint "Cleanup", Time since last: 2573954155 ns, Reaching safepoint: 225997 ns, At safepoint: 41078 ns, Total: 267075 ns
[2023-07-17T20:40:41.374+0000][67][info ][safepoint   ] Safepoint "Cleanup", Time since last: 1750290479 ns, Reaching safepoint: 528096 ns, At safepoint: 16381 ns, Total: 544477 ns
[2023-07-17T20:40:51.632+0000][67][info ][safepoint   ] Safepoint "Cleanup", Time since last: 10257252575 ns, Reaching safepoint: 341279 ns, At safepoint: 52869 ns, Total: 394148 ns
[2023-07-17T20:41:00.759+0000][67][info ][safepoint   ] Safepoint "Cleanup", Time since last: 9125947787 ns, Reaching safepoint: 726986 ns, At safepoint: 10296 ns, Total: 737282 ns
[2023-07-17T20:41:03.832+0000][67][info ][safepoint   ] Safepoint "Cleanup", Time since last: 3073262820 ns, Reaching safepoint: 123880 ns, At safepoint: 16152 ns, Total: 140032 ns
[2023-07-17T20:41:05.414+0000][67][info ][safepoint   ] Safepoint "Cleanup", Time since last: 1581223838 ns, Reaching safepoint: 727356 ns, At safepoint: 51175 ns, Total: 778531 ns
[2023-07-17T20:41:13.126+0000][67][info ][safepoint   ] Safepoint "Cleanup", Time since last: 7711213488 ns, Reaching safepoint: 294733 ns, At safepoint: 5436 ns, Total: 300169 ns
[2023-07-17T20:41:15.129+0000][67][info ][safepoint   ] Safepoint "Cleanup", Time since last: 2002870856 ns, Reaching safepoint: 255739 ns, At safepoint: 23138 ns, Total: 278877 ns
[2023-07-17T20:41:17.523+0000][67][info ][safepoint   ] Safepoint "Cleanup", Time since last: 2393782525 ns, Reaching safepoint: 239233 ns, At safepoint: 43690 ns, Total: 282923 ns
[2023-07-17T20:41:19.200+0000][67][info ][safepoint   ] Safepoint "Cleanup", Time since last: 1676910891 ns, Reaching safepoint: 302319 ns, At safepoint: 45999 ns, Total: 348318 ns
[2023-07-17T20:41:21.621+0000][67][info ][safepoint   ] Safepoint "Cleanup", Time since last: 2420220688 ns, Reaching safepoint: 253895 ns, At safepoint: 67182 ns, Total: 321077 ns
[2023-07-17T20:41:23.979+0000][67][info ][safepoint   ] Safepoint "Cleanup", Time since last: 2357392482 ns, Reaching safepoint: 342225 ns, At safepoint: 21411 ns, Total: 363636 ns
[2023-07-17T20:41:24.981+0000][67][info ][safepoint   ] Safepoint "Cleanup", Time since last: 1001995075 ns, Reaching safepoint: 132793 ns, At safepoint: 7869 ns, Total: 140662 ns
[2023-07-17T20:41:26.447+0000][67][info ][safepoint   ] Safepoint "Cleanup", Time since last: 1466012593 ns, Reaching safepoint: 301988 ns, At safepoint: 5814 ns, Total: 307802 ns
[2023-07-17T20:41:27.645+0000][67][info ][safepoint   ] Safepoint "Cleanup", Time since last: 1197536357 ns, Reaching safepoint: 252565 ns, At safepoint: 71804 ns, Total: 324369 ns
[2023-07-17T20:41:29.640+0000][67][info ][safepoint   ] Safepoint "Cleanup", Time since last: 1994312770 ns, Reaching safepoint: 382206 ns, At safepoint: 16416 ns, Total: 398622 ns
[2023-07-17T20:41:30.642+0000][67][info ][safepoint   ] Safepoint "Cleanup", Time since last: 1001856236 ns, Reaching safepoint: 405997 ns, At safepoint: 9561 ns, Total: 415558 ns
[2023-07-17T20:41:35.278+0000][67][info ][safepoint   ] Safepoint "Cleanup", Time since last: 4635297745 ns, Reaching safepoint: 482913 ns, At safepoint: 131359 ns, Total: 614272 ns
[2023-07-17T20:41:36.953+0000][67][info ][safepoint   ] Safepoint "Cleanup", Time since last: 1674104288 ns, Reaching safepoint: 283799 ns, At safepoint: 13096 ns, Total: 296895 ns
[2023-07-17T20:41:52.598+0000][67][info ][safepoint   ] Safepoint "Cleanup", Time since last: 15644839603 ns, Reaching safepoint: 562525 ns, At safepoint: 52986 ns, Total: 615511 ns
[2023-07-17T20:41:54.467+0000][67][info ][safepoint   ] Safepoint "Cleanup", Time since last: 1868390559 ns, Reaching safepoint: 197882 ns, At safepoint: 5666 ns, Total: 203548 ns
[2023-07-17T20:42:00.807+0000][67][info ][safepoint   ] Safepoint "Cleanup", Time since last: 6339437537 ns, Reaching safepoint: 344187 ns, At safepoint: 26674 ns, Total: 370861 ns
[2023-07-17T20:42:05.228+0000][67][info ][safepoint   ] Safepoint "Cleanup", Time since last: 4420491286 ns, Reaching safepoint: 188887 ns, At safepoint: 5154 ns, Total: 194041 ns
[2023-07-17T20:42:06.591+0000][67][info ][safepoint   ] Safepoint "Cleanup", Time since last: 1362957292 ns, Reaching safepoint: 276286 ns, At safepoint: 4601 ns, Total: 280887 ns
[2023-07-17T20:42:15.846+0000][67][info ][safepoint   ] Safepoint "Cleanup", Time since last: 9254690561 ns, Reaching safepoint: 279689 ns, At safepoint: 42342 ns, Total: 322031 ns
[2023-07-17T20:42:16.855+0000][67][info ][safepoint   ] Safepoint "Cleanup", Time since last: 1008825367 ns, Reaching safepoint: 284398 ns, At safepoint: 54652 ns, Total: 339050 ns
[2023-07-17T20:42:24.806+0000][67][info ][safepoint   ] Safepoint "Cleanup", Time since last: 7950681793 ns, Reaching safepoint: 514781 ns, At safepoint: 10055 ns, Total: 524836 ns
[2023-07-17T20:42:40.903+0000][67][info ][safepoint   ] Safepoint "Cleanup", Time since last: 16095813789 ns, Reaching safepoint: 386151 ns, At safepoint: 51923 ns, Total: 438074 ns
[2023-07-17T20:42:54.219+0000][67][info ][safepoint   ] Safepoint "Cleanup", Time since last: 13315503601 ns, Reaching safepoint: 205108 ns, At safepoint: 15564 ns, Total: 220672 ns
[2023-07-17T20:42:56.140+0000][67][info ][safepoint   ] Safepoint "Cleanup", Time since last: 1920937456 ns, Reaching safepoint: 412673 ns, At safepoint: 53262 ns, Total: 465935 ns
[2023-07-17T20:43:02.621+0000][67][info ][safepoint   ] Safepoint "Cleanup", Time since last: 6479467543 ns, Reaching safepoint: 868110 ns, At safepoint: 14258 ns, Total: 882368 ns
[2023-07-17T20:43:10.048+0000][67][info ][safepoint   ] Safepoint "Cleanup", Time since last: 7426925741 ns, Reaching safepoint: 228947 ns, At safepoint: 87466 ns, Total: 316413 ns
[2023-07-17T20:43:11.093+0000][67][info ][safepoint   ] Safepoint "Cleanup", Time since last: 1045131159 ns, Reaching safepoint: 254513 ns, At safepoint: 53893 ns, Total: 308406 ns
[2023-07-17T20:43:13.244+0000][67][info ][safepoint   ] Safepoint "Cleanup", Time since last: 2150375209 ns, Reaching safepoint: 571712 ns, At safepoint: 9978 ns, Total: 581690 ns
[2023-07-17T20:43:15.646+0000][67][info ][safepoint   ] Safepoint "Cleanup", Time since last: 2401332786 ns, Reaching safepoint: 135698 ns, At safepoint: 29319 ns, Total: 165017 ns
[2023-07-17T20:43:19.718+0000][67][info ][safepoint   ] Safepoint "Cleanup", Time since last: 4071613597 ns, Reaching safepoint: 254098 ns, At safepoint: 5981 ns, Total: 260079 ns
[2023-07-17T20:43:27.329+0000][67][info ][safepoint   ] Safepoint "Cleanup", Time since last: 7609684462 ns, Reaching safepoint: 1152056 ns, At safepoint: 22511 ns, Total: 1174567 ns
[2023-07-17T20:43:35.437+0000][67][info ][safepoint   ] Safepoint "Cleanup", Time since last: 8107946745 ns, Reaching safepoint: 163810 ns, At safepoint: 45128 ns, Total: 208938 ns
[2023-07-17T20:43:37.310+0000][67][info ][safepoint   ] Safepoint "Cleanup", Time since last: 1872088200 ns, Reaching safepoint: 553299 ns, At safepoint: 18677 ns, Total: 571976 ns
[2023-07-17T20:43:58.877+0000][67][info ][safepoint   ] Safepoint "Cleanup", Time since last: 21566619058 ns, Reaching safepoint: 276499 ns, At safepoint: 5083 ns, Total: 281582 ns
[2023-07-17T20:44:01.073+0000][67][info ][safepoint   ] Safepoint "Cleanup", Time since last: 2195960849 ns, Reaching safepoint: 314549 ns, At safepoint: 11474 ns, Total: 326023 ns
[2023-07-17T20:44:04.164+0000][67][info ][safepoint   ] Safepoint "Cleanup", Time since last: 3089897437 ns, Reaching safepoint: 247619 ns, At safepoint: 9508 ns, Total: 257127 ns
[2023-07-17T20:44:05.790+0000][67][info ][safepoint   ] Safepoint "Cleanup", Time since last: 1625344094 ns, Reaching safepoint: 583207 ns, At safepoint: 27370 ns, Total: 610577 ns
[2023-07-17T20:44:06.793+0000][67][info ][safepoint   ] Safepoint "Cleanup", Time since last: 1002858933 ns, Reaching safepoint: 449988 ns, At safepoint: 8889 ns, Total: 458877 ns
[2023-07-17T20:44:09.655+0000][67][info ][safepoint   ] Safepoint "Cleanup", Time since last: 2861701944 ns, Reaching safepoint: 455583 ns, At safepoint: 59471 ns, Total: 515054 ns
[2023-07-17T20:44:10.875+0000][67][info ][safepoint   ] Safepoint "Cleanup", Time since last: 1219729250 ns, Reaching safepoint: 326127 ns, At safepoint: 7911 ns, Total: 334038 ns
[2023-07-17T20:44:17.523+0000][67][info ][safepoint   ] Safepoint "Cleanup", Time since last: 6647424107 ns, Reaching safepoint: 503523 ns, At safepoint: 15422 ns, Total: 518945 ns
[2023-07-17T20:44:20.526+0000][67][info ][safepoint   ] Safepoint "Cleanup", Time since last: 3002637758 ns, Reaching safepoint: 281642 ns, At safepoint: 29535 ns, Total: 311177 ns
[2023-07-17T20:44:21.650+0000][67][info ][safepoint   ] Safepoint "Cleanup", Time since last: 1123880627 ns, Reaching safepoint: 321939 ns, At safepoint: 51904 ns, Total: 373843 ns
[2023-07-17T20:44:22.883+0000][67][info ][safepoint   ] Safepoint "Cleanup", Time since last: 1231876545 ns, Reaching safepoint: 299233 ns, At safepoint: 9120 ns, Total: 308353 ns
[2023-07-17T20:44:25.079+0000][67][info ][safepoint   ] Safepoint "Cleanup", Time since last: 2196351948 ns, Reaching safepoint: 380451 ns, At safepoint: 6353 ns, Total: 386804 ns
[2023-07-17T20:44:27.888+0000][67][info ][safepoint   ] Safepoint "Cleanup", Time since last: 2807864007 ns, Reaching safepoint: 284030 ns, At safepoint: 6759 ns, Total: 290789 ns
[2023-07-17T20:44:28.897+0000][67][info ][safepoint   ] Safepoint "Cleanup", Time since last: 1008968883 ns, Reaching safepoint: 121458 ns, At safepoint: 84538 ns, Total: 205996 ns
[2023-07-17T20:44:29.961+0000][67][info ][safepoint   ] Safepoint "Cleanup", Time since last: 1063825072 ns, Reaching safepoint: 279180 ns, At safepoint: 47363 ns, Total: 326543 ns
[2023-07-17T20:44:31.006+0000][67][info ][safepoint   ] Safepoint "Cleanup", Time since last: 1044966989 ns, Reaching safepoint: 383486 ns, At safepoint: 18278 ns, Total: 401764 ns
[2023-07-17T20:44:33.669+0000][67][info ][safepoint   ] Safepoint "Cleanup", Time since last: 2661710590 ns, Reaching safepoint: 401944 ns, At safepoint: 53154 ns, Total: 455098 ns
[2023-07-17T20:44:52.926+0000][67][info ][safepoint   ] Safepoint "Cleanup", Time since last: 19257237411 ns, Reaching safepoint: 299371 ns, At safepoint: 6002 ns, Total: 305373 ns
[2023-07-17T20:44:55.217+0000][67][info ][safepoint   ] Safepoint "Cleanup", Time since last: 2290087489 ns, Reaching safepoint: 520300 ns, At safepoint: 11017 ns, Total: 531317 ns
[2023-07-17T20:45:04.886+0000][67][info ][safepoint   ] Safepoint "Cleanup", Time since last: 9667981227 ns, Reaching safepoint: 306827 ns, At safepoint: 14741 ns, Total: 321568 ns
[2023-07-17T20:45:12.968+0000][67][info ][safepoint   ] Safepoint "Cleanup", Time since last: 8081783233 ns, Reaching safepoint: 187398 ns, At safepoint: 13473 ns, Total: 200871 ns
[2023-07-17T20:45:22.538+0000][67][info ][safepoint   ] Safepoint "Cleanup", Time since last: 9570250877 ns, Reaching safepoint: 328045 ns, At safepoint: 74135 ns, Total: 402180 ns
[2023-07-17T20:45:23.546+0000][67][info ][safepoint   ] Safepoint "Cleanup", Time since last: 1007558985 ns, Reaching safepoint: 196189 ns, At safepoint: 57475 ns, Total: 253664 ns
[2023-07-17T20:45:24.757+0000][67][info ][safepoint   ] Safepoint "Cleanup", Time since last: 1211131312 ns, Reaching safepoint: 354153 ns, At safepoint: 6852 ns, Total: 361005 ns
[2023-07-17T20:45:28.781+0000][67][info ][safepoint   ] Safepoint "Cleanup", Time since last: 4022367085 ns, Reaching safepoint: 659032 ns, At safepoint: 26165 ns, Total: 685197 ns
[2023-07-17T20:45:39.936+0000][67][info ][gc,start    ] GC(16) Pause Young (Normal) (G1 Evacuation Pause)
[2023-07-17T20:45:39.937+0000][67][info ][gc,task     ] GC(16) Using 6 workers of 6 for evacuation
[2023-07-17T20:45:39.938+0000][67][debug][gc,age      ] GC(16) Desired survivor size 155189248 bytes, new threshold 15 (max threshold 15)
[2023-07-17T20:45:39.971+0000][67][info ][gc,phases   ] GC(16)   Pre Evacuate Collection Set: 0.5ms
[2023-07-17T20:45:39.973+0000][67][info ][gc,phases   ] GC(16)   Merge Heap Roots: 0.3ms
[2023-07-17T20:45:39.974+0000][67][info ][gc,phases   ] GC(16)   Evacuate Collection Set: 26.2ms
[2023-07-17T20:45:39.975+0000][67][info ][gc,phases   ] GC(16)   Post Evacuate Collection Set: 4.9ms
[2023-07-17T20:45:39.977+0000][67][info ][gc,phases   ] GC(16)   Other: 2.4ms
[2023-07-17T20:45:39.978+0000][67][trace][gc,age      ] GC(16) Age table with threshold 15 (max threshold 15)
[2023-07-17T20:45:39.979+0000][67][trace][gc,age      ] GC(16) - age   1:    7505128 bytes,    7505128 total
[2023-07-17T20:45:39.980+0000][67][trace][gc,age      ] GC(16) - age   2:    3574784 bytes,   11079912 total
[2023-07-17T20:45:39.981+0000][67][trace][gc,age      ] GC(16) - age   3:     368104 bytes,   11448016 total
[2023-07-17T20:45:39.982+0000][67][trace][gc,age      ] GC(16) - age   4:    1366976 bytes,   12814992 total
[2023-07-17T20:45:39.983+0000][67][trace][gc,age      ] GC(16) - age   5:   29518568 bytes,   42333560 total
[2023-07-17T20:45:39.984+0000][67][trace][gc,age      ] GC(16) - age   6:   15134920 bytes,   57468480 total
[2023-07-17T20:45:39.986+0000][67][info ][gc,heap     ] GC(16) Eden regions: 574->0(573)
[2023-07-17T20:45:39.987+0000][67][info ][gc,heap     ] GC(16) Survivor regions: 15->16(74)
[2023-07-17T20:45:39.988+0000][67][info ][gc,heap     ] GC(16) Old regions: 14->14
[2023-07-17T20:45:39.989+0000][67][info ][gc,heap     ] GC(16) Archive regions: 2->2
[2023-07-17T20:45:39.990+0000][67][info ][gc,heap     ] GC(16) Humongous regions: 0->0
[2023-07-17T20:45:39.991+0000][67][info ][gc,metaspace] GC(16) Metaspace: 138474K(141824K)->138474K(141824K) NonClass: 120607K(122304K)->120607K(122304K) Class: 17866K(19520K)->17866K(19520K)
[2023-07-17T20:45:39.992+0000][67][info ][gc          ] GC(16) Pause Young (Normal) (G1 Evacuation Pause) 2412M->117M(3932M) 56.580ms
[2023-07-17T20:45:39.993+0000][67][info ][gc,cpu      ] GC(16) User=0.14s Sys=0.02s Real=0.06s
[2023-07-17T20:45:39.994+0000][67][info ][safepoint   ] Safepoint "G1CollectForAllocation", Time since last: 11154331333 ns, Reaching safepoint: 297810 ns, At safepoint: 58566722 ns, Total: 58864532 ns
[2023-07-17T20:45:41.942+0000][67][info ][safepoint   ] Safepoint "Cleanup", Time since last: 1947576398 ns, Reaching safepoint: 221014 ns, At safepoint: 7516 ns, Total: 228530 ns
[2023-07-17T20:45:59.262+0000][67][info ][safepoint   ] Safepoint "Cleanup", Time since last: 17319696602 ns, Reaching safepoint: 323409 ns, At safepoint: 14443 ns, Total: 337852 ns
[2023-07-17T20:46:00.643+0000][67][info ][safepoint   ] Safepoint "Cleanup", Time since last: 1380303024 ns, Reaching safepoint: 615960 ns, At safepoint: 10906 ns, Total: 626866 ns
[2023-07-17T20:46:04.723+0000][67][info ][safepoint   ] Safepoint "Cleanup", Time since last: 4078986251 ns, Reaching safepoint: 327966 ns, At safepoint: 71187 ns, Total: 399153 ns
[2023-07-17T20:46:13.612+0000][67][info ][safepoint   ] Safepoint "Cleanup", Time since last: 8889404331 ns, Reaching safepoint: 246904 ns, At safepoint: 65813 ns, Total: 312717 ns
[2023-07-17T20:46:24.799+0000][67][info ][safepoint   ] Safepoint "Cleanup", Time since last: 11186014709 ns, Reaching safepoint: 295848 ns, At safepoint: 5526 ns, Total: 301374 ns
[2023-07-17T20:46:29.093+0000][67][info ][safepoint   ] Safepoint "Cleanup", Time since last: 4293863456 ns, Reaching safepoint: 761698 ns, At safepoint: 21118 ns, Total: 782816 ns
[2023-07-17T20:46:55.301+0000][67][info ][safepoint   ] Safepoint "Cleanup", Time since last: 26206930660 ns, Reaching safepoint: 815221 ns, At safepoint: 11957 ns, Total: 827178 ns
[2023-07-17T20:47:03.896+0000][67][info ][safepoint   ] Safepoint "Cleanup", Time since last: 8593824996 ns, Reaching safepoint: 229232 ns, At safepoint: 104884 ns, Total: 334116 ns
[2023-07-17T20:47:05.046+0000][67][info ][safepoint   ] Safepoint "Cleanup", Time since last: 1149424410 ns, Reaching safepoint: 62819 ns, At safepoint: 3840 ns, Total: 66659 ns
[2023-07-17T20:47:07.292+0000][67][info ][safepoint   ] Safepoint "Cleanup", Time since last: 2246102288 ns, Reaching safepoint: 341385 ns, At safepoint: 16847 ns, Total: 358232 ns
[2023-07-17T20:47:15.616+0000][67][info ][safepoint   ] Safepoint "Cleanup", Time since last: 8323204866 ns, Reaching safepoint: 293781 ns, At safepoint: 5016 ns, Total: 298797 ns
[2023-07-17T20:47:16.896+0000][67][info ][safepoint   ] Safepoint "Cleanup", Time since last: 1279767723 ns, Reaching safepoint: 261861 ns, At safepoint: 4261 ns, Total: 266122 ns
[2023-07-17T20:47:24.390+0000][67][info ][safepoint   ] Safepoint "Cleanup", Time since last: 7493958255 ns, Reaching safepoint: 329603 ns, At safepoint: 11535 ns, Total: 341138 ns
[2023-07-17T20:47:25.393+0000][67][info ][safepoint   ] Safepoint "Cleanup", Time since last: 1002250559 ns, Reaching safepoint: 648350 ns, At safepoint: 10179 ns, Total: 658529 ns
[2023-07-17T20:47:33.697+0000][67][info ][safepoint   ] Safepoint "Cleanup", Time since last: 8303949273 ns, Reaching safepoint: 241819 ns, At safepoint: 40691 ns, Total: 282510 ns
[2023-07-17T20:47:46.178+0000][67][info ][safepoint   ] Safepoint "Cleanup", Time since last: 12480406606 ns, Reaching safepoint: 226076 ns, At safepoint: 6137 ns, Total: 232213 ns
[2023-07-17T20:48:03.689+0000][67][info ][safepoint   ] Safepoint "Cleanup", Time since last: 17510086509 ns, Reaching safepoint: 363279 ns, At safepoint: 57183 ns, Total: 420462 ns
[2023-07-17T20:48:10.938+0000][67][info ][safepoint   ] Safepoint "Cleanup", Time since last: 7248627817 ns, Reaching safepoint: 179234 ns, At safepoint: 15512 ns, Total: 194746 ns
[2023-07-17T20:48:21.696+0000][67][info ][safepoint   ] Safepoint "Cleanup", Time since last: 10757761556 ns, Reaching safepoint: 243104 ns, At safepoint: 47791 ns, Total: 290895 ns
[2023-07-17T20:48:23.402+0000][67][info ][safepoint   ] Safepoint "Cleanup", Time since last: 1705746053 ns, Reaching safepoint: 157456 ns, At safepoint: 18731 ns, Total: 176187 ns
[2023-07-17T20:48:25.174+0000][67][info ][safepoint   ] Safepoint "Cleanup", Time since last: 1771660844 ns, Reaching safepoint: 591751 ns, At safepoint: 24753 ns, Total: 616504 ns
[2023-07-17T20:48:28.418+0000][67][info ][safepoint   ] Safepoint "Cleanup", Time since last: 3243188312 ns, Reaching safepoint: 510934 ns, At safepoint: 71675 ns, Total: 582609 ns
[2023-07-17T20:48:48.662+0000][67][info ][safepoint   ] Safepoint "Cleanup", Time since last: 20243369725 ns, Reaching safepoint: 176556 ns, At safepoint: 58621 ns, Total: 235177 ns
[2023-07-17T20:49:03.920+0000][67][info ][safepoint   ] Safepoint "Cleanup", Time since last: 15257561475 ns, Reaching safepoint: 323198 ns, At safepoint: 44438 ns, Total: 367636 ns
[2023-07-17T20:49:13.164+0000][67][info ][safepoint   ] Safepoint "Cleanup", Time since last: 9243577404 ns, Reaching safepoint: 667508 ns, At safepoint: 8726 ns, Total: 676234 ns
[2023-07-17T20:49:25.006+0000][67][info ][safepoint   ] Safepoint "Cleanup", Time since last: 11841627525 ns, Reaching safepoint: 397903 ns, At safepoint: 17020 ns, Total: 414923 ns
[2023-07-17T20:49:27.708+0000][67][info ][safepoint   ] Safepoint "Cleanup", Time since last: 2701747688 ns, Reaching safepoint: 166125 ns, At safepoint: 68358 ns, Total: 234483 ns
[2023-07-17T20:49:30.405+0000][67][info ][safepoint   ] Safepoint "Cleanup", Time since last: 2696666478 ns, Reaching safepoint: 573986 ns, At safepoint: 12991 ns, Total: 586977 ns
[2023-07-17T20:49:37.209+0000][67][info ][safepoint   ] Safepoint "Cleanup", Time since last: 6802120981 ns, Reaching safepoint: 450345 ns, At safepoint: 15064 ns, Total: 465409 ns
[2023-07-17T20:49:38.213+0000][67][info ][safepoint   ] Safepoint "Cleanup", Time since last: 1004652811 ns, Reaching safepoint: 163043 ns, At safepoint: 15458 ns, Total: 178501 ns
[2023-07-17T20:49:39.216+0000][67][info ][safepoint   ] Safepoint "Cleanup", Time since last: 1001897744 ns, Reaching safepoint: 257622 ns, At safepoint: 15473 ns, Total: 273095 ns
[2023-07-17T20:49:40.603+0000][67][info ][safepoint   ] Safepoint "Cleanup", Time since last: 1386915249 ns, Reaching safepoint: 77473 ns, At safepoint: 49311 ns, Total: 126784 ns
[2023-07-17T20:49:41.931+0000][67][info ][safepoint   ] Safepoint "Cleanup", Time since last: 1328435552 ns, Reaching safepoint: 294472 ns, At safepoint: 59255 ns, Total: 353727 ns
[2023-07-17T20:49:48.645+0000][67][info ][safepoint   ] Safepoint "Cleanup", Time since last: 6713611246 ns, Reaching safepoint: 414441 ns, At safepoint: 20121 ns, Total: 434562 ns
[2023-07-17T20:49:58.096+0000][67][info ][safepoint   ] Safepoint "Cleanup", Time since last: 9450099862 ns, Reaching safepoint: 649700 ns, At safepoint: 112005 ns, Total: 761705 ns
[2023-07-17T20:49:59.347+0000][67][info ][safepoint   ] Safepoint "Cleanup", Time since last: 1250557088 ns, Reaching safepoint: 320065 ns, At safepoint: 58209 ns, Total: 378274 ns
[2023-07-17T20:50:01.351+0000][67][info ][safepoint   ] Safepoint "Cleanup", Time since last: 2003708085 ns, Reaching safepoint: 394718 ns, At safepoint: 4992 ns, Total: 399710 ns
[2023-07-17T20:50:02.675+0000][67][info ][safepoint   ] Safepoint "Cleanup", Time since last: 1322911643 ns, Reaching safepoint: 688906 ns, At safepoint: 25995 ns, Total: 714901 ns
[2023-07-17T20:50:18.434+0000][67][info ][safepoint   ] Safepoint "Cleanup", Time since last: 15758080736 ns, Reaching safepoint: 335879 ns, At safepoint: 5257 ns, Total: 341136 ns
[2023-07-17T20:50:24.985+0000][67][info ][safepoint   ] Safepoint "Cleanup", Time since last: 6550487333 ns, Reaching safepoint: 665878 ns, At safepoint: 17537 ns, Total: 683415 ns
[2023-07-17T20:50:57.926+0000][67][info ][safepoint   ] Safepoint "Cleanup", Time since last: 32940154361 ns, Reaching safepoint: 306694 ns, At safepoint: 59140 ns, Total: 365834 ns
[2023-07-17T20:51:10.837+0000][67][info ][safepoint   ] Safepoint "Cleanup", Time since last: 12910607529 ns, Reaching safepoint: 123906 ns, At safepoint: 51985 ns, Total: 175891 ns
[2023-07-17T20:51:12.121+0000][67][info ][safepoint   ] Safepoint "Cleanup", Time since last: 1283389839 ns, Reaching safepoint: 308763 ns, At safepoint: 13744 ns, Total: 322507 ns
[2023-07-17T20:51:15.124+0000][67][info ][safepoint   ] Safepoint "Cleanup", Time since last: 3002991225 ns, Reaching safepoint: 469099 ns, At safepoint: 12543 ns, Total: 481642 ns
[2023-07-17T20:51:17.275+0000][67][info ][safepoint   ] Safepoint "Cleanup", Time since last: 2150494928 ns, Reaching safepoint: 407183 ns, At safepoint: 68222 ns, Total: 475405 ns
[2023-07-17T20:51:24.447+0000][67][info ][safepoint   ] Safepoint "Cleanup", Time since last: 7171152978 ns, Reaching safepoint: 296060 ns, At safepoint: 14008 ns, Total: 310068 ns
[2023-07-17T20:51:35.230+0000][67][info ][safepoint   ] Safepoint "Cleanup", Time since last: 10782027246 ns, Reaching safepoint: 592518 ns, At safepoint: 89246 ns, Total: 681764 ns
[2023-07-17T20:51:39.596+0000][67][info ][safepoint   ] Safepoint "Cleanup", Time since last: 4365979111 ns, Reaching safepoint: 299956 ns, At safepoint: 13146 ns, Total: 313102 ns
[2023-07-17T20:52:00.207+0000][67][info ][safepoint   ] Safepoint "Cleanup", Time since last: 20610965802 ns, Reaching safepoint: 290688 ns, At safepoint: 6995 ns, Total: 297683 ns
[2023-07-17T20:52:10.130+0000][67][info ][safepoint   ] Safepoint "Cleanup", Time since last: 9921649682 ns, Reaching safepoint: 135176 ns, At safepoint: 51472 ns, Total: 186648 ns
[2023-07-17T20:52:15.164+0000][67][info ][safepoint   ] Safepoint "Cleanup", Time since last: 5033820155 ns, Reaching safepoint: 612410 ns, At safepoint: 24126 ns, Total: 636536 ns
[2023-07-17T20:52:24.871+0000][67][info ][safepoint   ] Safepoint "Cleanup", Time since last: 9706677713 ns, Reaching safepoint: 291423 ns, At safepoint: 5654 ns, Total: 297077 ns
[2023-07-17T20:52:45.460+0000][67][info ][safepoint   ] Safepoint "Cleanup", Time since last: 20588495141 ns, Reaching safepoint: 643276 ns, At safepoint: 25806 ns, Total: 669082 ns
[2023-07-17T20:52:55.251+0000][67][info ][safepoint   ] Safepoint "Cleanup", Time since last: 9790582833 ns, Reaching safepoint: 292147 ns, At safepoint: 11352 ns, Total: 303499 ns
[2023-07-17T20:53:10.460+0000][67][info ][safepoint   ] Safepoint "Cleanup", Time since last: 15208329214 ns, Reaching safepoint: 222779 ns, At safepoint: 47739 ns, Total: 270518 ns
[2023-07-17T20:53:24.325+0000][67][info ][safepoint   ] Safepoint "Cleanup", Time since last: 13864170547 ns, Reaching safepoint: 555527 ns, At safepoint: 19833 ns, Total: 575360 ns
[2023-07-17T20:53:27.330+0000][67][info ][safepoint   ] Safepoint "Cleanup", Time since last: 3004416057 ns, Reaching safepoint: 332593 ns, At safepoint: 15459 ns, Total: 348052 ns
[2023-07-17T20:53:28.380+0000][67][info ][safepoint   ] Safepoint "Cleanup", Time since last: 1049436128 ns, Reaching safepoint: 268152 ns, At safepoint: 61570 ns, Total: 329722 ns
[2023-07-17T20:53:52.614+0000][67][info ][safepoint   ] Safepoint "Cleanup", Time since last: 24233184836 ns, Reaching safepoint: 252371 ns, At safepoint: 55616 ns, Total: 307987 ns
[2023-07-17T20:53:53.622+0000][67][info ][safepoint   ] Safepoint "Cleanup", Time since last: 1008260916 ns, Reaching safepoint: 203868 ns, At safepoint: 16547 ns, Total: 220415 ns
[2023-07-17T20:53:54.828+0000][67][info ][safepoint   ] Safepoint "Cleanup", Time since last: 1204792946 ns, Reaching safepoint: 1026675 ns, At safepoint: 18665 ns, Total: 1045340 ns
[2023-07-17T20:53:57.748+0000][67][info ][safepoint   ] Safepoint "Cleanup", Time since last: 2919520913 ns, Reaching safepoint: 357332 ns, At safepoint: 53771 ns, Total: 411103 ns
[2023-07-17T20:54:11.577+0000][67][info ][safepoint   ] Safepoint "Cleanup", Time since last: 13828065014 ns, Reaching safepoint: 505876 ns, At safepoint: 125478 ns, Total: 631354 ns
[2023-07-17T20:54:12.968+0000][67][info ][safepoint   ] Safepoint "Cleanup", Time since last: 1391161577 ns, Reaching safepoint: 303947 ns, At safepoint: 5561 ns, Total: 309508 ns
[2023-07-17T20:54:14.971+0000][67][info ][safepoint   ] Safepoint "Cleanup", Time since last: 2002517291 ns, Reaching safepoint: 248666 ns, At safepoint: 5519 ns, Total: 254185 ns
[2023-07-17T20:54:16.899+0000][67][info ][safepoint   ] Safepoint "Cleanup", Time since last: 1927739464 ns, Reaching safepoint: 273084 ns, At safepoint: 84498 ns, Total: 357582 ns
[2023-07-17T20:54:18.110+0000][67][info ][safepoint   ] Safepoint "Cleanup", Time since last: 1211143609 ns, Reaching safepoint: 186146 ns, At safepoint: 13144 ns, Total: 199290 ns
[2023-07-17T20:54:19.321+0000][67][info ][safepoint   ] Safepoint "Cleanup", Time since last: 1210760136 ns, Reaching safepoint: 343457 ns, At safepoint: 70285 ns, Total: 413742 ns
[2023-07-17T20:54:21.782+0000][67][info ][safepoint   ] Safepoint "Cleanup", Time since last: 2460035122 ns, Reaching safepoint: 115208 ns, At safepoint: 53646 ns, Total: 168854 ns
[2023-07-17T20:54:22.885+0000][67][info ][safepoint   ] Safepoint "Cleanup", Time since last: 1103382773 ns, Reaching safepoint: 150301 ns, At safepoint: 4977 ns, Total: 155278 ns
[2023-07-17T20:54:25.096+0000][67][info ][safepoint   ] Safepoint "Cleanup", Time since last: 2210780131 ns, Reaching safepoint: 463093 ns, At safepoint: 19351 ns, Total: 482444 ns
[2023-07-17T20:54:33.771+0000][67][info ][safepoint   ] Safepoint "Cleanup", Time since last: 8677462944 ns, Reaching safepoint: 242777 ns, At safepoint: 46025 ns, Total: 288802 ns
[2023-07-17T20:54:41.120+0000][67][info ][safepoint   ] Safepoint "Cleanup", Time since last: 7348527855 ns, Reaching safepoint: 520333 ns, At safepoint: 35236 ns, Total: 555569 ns
[2023-07-17T20:54:51.757+0000][67][info ][safepoint   ] Safepoint "Cleanup", Time since last: 10636779522 ns, Reaching safepoint: 332926 ns, At safepoint: 55869 ns, Total: 388795 ns
[2023-07-17T20:55:11.186+0000][67][info ][safepoint   ] Safepoint "Cleanup", Time since last: 19429713848 ns, Reaching safepoint: 108182 ns, At safepoint: 191471 ns, Total: 299653 ns
[2023-07-17T20:55:24.190+0000][67][info ][safepoint   ] Safepoint "Cleanup", Time since last: 13003124350 ns, Reaching safepoint: 464575 ns, At safepoint: 6117 ns, Total: 470692 ns
[2023-07-17T20:55:25.194+0000][67][info ][safepoint   ] Safepoint "Cleanup", Time since last: 1003588746 ns, Reaching safepoint: 557846 ns, At safepoint: 10829 ns, Total: 568675 ns
[2023-07-17T20:55:29.588+0000][67][info ][safepoint   ] Safepoint "Cleanup", Time since last: 4393433007 ns, Reaching safepoint: 543970 ns, At safepoint: 9768 ns, Total: 553738 ns
[2023-07-17T20:55:46.207+0000][67][info ][safepoint   ] Safepoint "Cleanup", Time since last: 16617721347 ns, Reaching safepoint: 242048 ns, At safepoint: 46168 ns, Total: 288216 ns
[2023-07-17T20:55:58.025+0000][67][info ][safepoint   ] Safepoint "Cleanup", Time since last: 11818333701 ns, Reaching safepoint: 299551 ns, At safepoint: 65842 ns, Total: 365393 ns
[2023-07-17T20:56:24.666+0000][67][info ][safepoint   ] Safepoint "Cleanup", Time since last: 26640058170 ns, Reaching safepoint: 617320 ns, At safepoint: 9733 ns, Total: 627053 ns
[2023-07-17T20:56:31.008+0000][67][info ][safepoint   ] Safepoint "Cleanup", Time since last: 6341094864 ns, Reaching safepoint: 538684 ns, At safepoint: 10002 ns, Total: 548686 ns
[2023-07-17T20:56:35.480+0000][67][info ][safepoint   ] Safepoint "Cleanup", Time since last: 4470655347 ns, Reaching safepoint: 595044 ns, At safepoint: 15259 ns, Total: 610303 ns
[2023-07-17T20:57:00.161+0000][67][info ][safepoint   ] Safepoint "Cleanup", Time since last: 24681182716 ns, Reaching safepoint: 246464 ns, At safepoint: 3868 ns, Total: 250332 ns
[2023-07-17T20:57:01.163+0000][67][info ][safepoint   ] Safepoint "Cleanup", Time since last: 1001549979 ns, Reaching safepoint: 198748 ns, At safepoint: 4050 ns, Total: 202798 ns
[2023-07-17T20:57:04.460+0000][67][info ][safepoint   ] Safepoint "Cleanup", Time since last: 3296815940 ns, Reaching safepoint: 323947 ns, At safepoint: 56607 ns, Total: 380554 ns
[2023-07-17T20:57:16.204+0000][67][info ][safepoint   ] Safepoint "Cleanup", Time since last: 11743252853 ns, Reaching safepoint: 260873 ns, At safepoint: 54021 ns, Total: 314894 ns
[2023-07-17T20:57:24.219+0000][67][info ][safepoint   ] Safepoint "Cleanup", Time since last: 8014265237 ns, Reaching safepoint: 245645 ns, At safepoint: 15980 ns, Total: 261625 ns
[2023-07-17T20:57:27.786+0000][67][info ][safepoint   ] Safepoint "Cleanup", Time since last: 3566820948 ns, Reaching safepoint: 285162 ns, At safepoint: 48237 ns, Total: 333399 ns
[2023-07-17T20:57:54.651+0000][67][info ][safepoint   ] Safepoint "Cleanup", Time since last: 26864080090 ns, Reaching safepoint: 453308 ns, At safepoint: 17162 ns, Total: 470470 ns
[2023-07-17T20:58:00.616+0000][67][info ][gc,start    ] GC(17) Pause Young (Normal) (G1 Evacuation Pause)
[2023-07-17T20:58:00.618+0000][67][info ][gc,task     ] GC(17) Using 6 workers of 6 for evacuation
[2023-07-17T20:58:00.619+0000][67][debug][gc,age      ] GC(17) Desired survivor size 155189248 bytes, new threshold 15 (max threshold 15)
[2023-07-17T20:58:00.656+0000][67][info ][gc,phases   ] GC(17)   Pre Evacuate Collection Set: 1.0ms
[2023-07-17T20:58:00.657+0000][67][info ][gc,phases   ] GC(17)   Merge Heap Roots: 0.6ms
[2023-07-17T20:58:00.659+0000][67][info ][gc,phases   ] GC(17)   Evacuate Collection Set: 27.6ms
[2023-07-17T20:58:00.660+0000][67][info ][gc,phases   ] GC(17)   Post Evacuate Collection Set: 5.8ms
[2023-07-17T20:58:00.661+0000][67][info ][gc,phases   ] GC(17)   Other: 3.4ms
[2023-07-17T20:58:00.663+0000][67][trace][gc,age      ] GC(17) Age table with threshold 15 (max threshold 15)
[2023-07-17T20:58:00.664+0000][67][trace][gc,age      ] GC(17) - age   1:    2772400 bytes,    2772400 total
[2023-07-17T20:58:00.666+0000][67][trace][gc,age      ] GC(17) - age   2:    4161328 bytes,    6933728 total
[2023-07-17T20:58:00.669+0000][67][trace][gc,age      ] GC(17) - age   3:    3178760 bytes,   10112488 total
[2023-07-17T20:58:00.670+0000][67][trace][gc,age      ] GC(17) - age   4:     327368 bytes,   10439856 total
[2023-07-17T20:58:00.672+0000][67][trace][gc,age      ] GC(17) - age   5:    1359880 bytes,   11799736 total
[2023-07-17T20:58:00.673+0000][67][trace][gc,age      ] GC(17) - age   6:   29502224 bytes,   41301960 total
[2023-07-17T20:58:00.674+0000][67][trace][gc,age      ] GC(17) - age   7:   15134920 bytes,   56436880 total
[2023-07-17T20:58:00.676+0000][67][info ][gc,heap     ] GC(17) Eden regions: 573->0(573)
[2023-07-17T20:58:00.677+0000][67][info ][gc,heap     ] GC(17) Survivor regions: 16->16(74)
[2023-07-17T20:58:00.678+0000][67][info ][gc,heap     ] GC(17) Old regions: 14->14
[2023-07-17T20:58:00.679+0000][67][info ][gc,heap     ] GC(17) Archive regions: 2->2
[2023-07-17T20:58:00.680+0000][67][info ][gc,heap     ] GC(17) Humongous regions: 0->0
[2023-07-17T20:58:00.681+0000][67][info ][gc,metaspace] GC(17) Metaspace: 138651K(142016K)->138651K(142016K) NonClass: 120784K(122496K)->120784K(122496K) Class: 17866K(19520K)->17866K(19520K)
[2023-07-17T20:58:00.682+0000][67][info ][gc          ] GC(17) Pause Young (Normal) (G1 Evacuation Pause) 2409M->118M(3932M) 66.359ms
[2023-07-17T20:58:00.684+0000][67][info ][gc,cpu      ] GC(17) User=0.17s Sys=0.00s Real=0.07s
[2023-07-17T20:58:00.685+0000][67][info ][safepoint   ] Safepoint "G1CollectForAllocation", Time since last: 5964962859 ns, Reaching safepoint: 236872 ns, At safepoint: 68756979 ns, Total: 68993851 ns
[2023-07-17T20:58:09.778+0000][67][info ][safepoint   ] Safepoint "Cleanup", Time since last: 9092276870 ns, Reaching safepoint: 243332 ns, At safepoint: 69538 ns, Total: 312870 ns
[2023-07-17T20:58:21.682+0000][67][info ][safepoint   ] Safepoint "Cleanup", Time since last: 11903925767 ns, Reaching safepoint: 342355 ns, At safepoint: 4699 ns, Total: 347054 ns
[2023-07-17T20:58:22.883+0000][67][info ][safepoint   ] Safepoint "Cleanup", Time since last: 1200867821 ns, Reaching safepoint: 271896 ns, At safepoint: 40704 ns, Total: 312600 ns
[2023-07-17T20:58:29.140+0000][67][info ][safepoint   ] Safepoint "Cleanup", Time since last: 6256486835 ns, Reaching safepoint: 142397 ns, At safepoint: 30628 ns, Total: 173025 ns
[2023-07-17T20:58:30.318+0000][67][info ][safepoint   ] Safepoint "Cleanup", Time since last: 1177803137 ns, Reaching safepoint: 130651 ns, At safepoint: 11302 ns, Total: 141953 ns
[2023-07-17T20:58:32.784+0000][67][info ][safepoint   ] Safepoint "Cleanup", Time since last: 2465878557 ns, Reaching safepoint: 447970 ns, At safepoint: 13619 ns, Total: 461589 ns
[2023-07-17T20:58:33.787+0000][67][info ][safepoint   ] Safepoint "Cleanup", Time since last: 1002257349 ns, Reaching safepoint: 282006 ns, At safepoint: 5375 ns, Total: 287381 ns
[2023-07-17T20:58:34.900+0000][67][info ][safepoint   ] Safepoint "Cleanup", Time since last: 1112519544 ns, Reaching safepoint: 919190 ns, At safepoint: 17738 ns, Total: 936928 ns
[2023-07-17T20:58:45.542+0000][67][info ][safepoint   ] Safepoint "Cleanup", Time since last: 10641429885 ns, Reaching safepoint: 119982 ns, At safepoint: 3756 ns, Total: 123738 ns
[2023-07-17T20:58:52.234+0000][67][info ][safepoint   ] Safepoint "Cleanup", Time since last: 6691233917 ns, Reaching safepoint: 585958 ns, At safepoint: 58545 ns, Total: 644503 ns
[2023-07-17T20:58:53.965+0000][67][info ][safepoint   ] Safepoint "Cleanup", Time since last: 1730808238 ns, Reaching safepoint: 283876 ns, At safepoint: 48103 ns, Total: 331979 ns
[2023-07-17T20:58:55.826+0000][67][info ][safepoint   ] Safepoint "Cleanup", Time since last: 1861105357 ns, Reaching safepoint: 331900 ns, At safepoint: 5314 ns, Total: 337214 ns
[2023-07-17T20:58:57.865+0000][67][info ][safepoint   ] Safepoint "Cleanup", Time since last: 2038643151 ns, Reaching safepoint: 349305 ns, At safepoint: 13686 ns, Total: 362991 ns
[2023-07-17T20:59:08.688+0000][67][info ][safepoint   ] Safepoint "Cleanup", Time since last: 10821896406 ns, Reaching safepoint: 402488 ns, At safepoint: 9685 ns, Total: 412173 ns
[2023-07-17T20:59:09.693+0000][67][info ][safepoint   ] Safepoint "Cleanup", Time since last: 1004902889 ns, Reaching safepoint: 325844 ns, At safepoint: 21133 ns, Total: 346977 ns
[2023-07-17T20:59:11.248+0000][67][info ][safepoint   ] Safepoint "Cleanup", Time since last: 1553696102 ns, Reaching safepoint: 352613 ns, At safepoint: 56375 ns, Total: 408988 ns
[2023-07-17T20:59:12.363+0000][67][info ][safepoint   ] Safepoint "Cleanup", Time since last: 1115384730 ns, Reaching safepoint: 245995 ns, At safepoint: 4657 ns, Total: 250652 ns
[2023-07-17T20:59:14.366+0000][67][info ][safepoint   ] Safepoint "Cleanup", Time since last: 2002394525 ns, Reaching safepoint: 663695 ns, At safepoint: 68319 ns, Total: 732014 ns
[2023-07-17T20:59:18.751+0000][67][info ][safepoint   ] Safepoint "Cleanup", Time since last: 4384542174 ns, Reaching safepoint: 453842 ns, At safepoint: 9007 ns, Total: 462849 ns
[2023-07-17T20:59:21.756+0000][67][info ][safepoint   ] Safepoint "Cleanup", Time since last: 3004165264 ns, Reaching safepoint: 398437 ns, At safepoint: 14722 ns, Total: 413159 ns
[2023-07-17T20:59:24.345+0000][67][info ][safepoint   ] Safepoint "Cleanup", Time since last: 2588529762 ns, Reaching safepoint: 612510 ns, At safepoint: 9650 ns, Total: 622160 ns
[2023-07-17T20:59:25.348+0000][67][info ][safepoint   ] Safepoint "Cleanup", Time since last: 1002824142 ns, Reaching safepoint: 552867 ns, At safepoint: 25574 ns, Total: 578441 ns
[2023-07-17T20:59:30.663+0000][67][info ][safepoint   ] Safepoint "Cleanup", Time since last: 5314425579 ns, Reaching safepoint: 362274 ns, At safepoint: 7614 ns, Total: 369888 ns
[2023-07-17T20:59:40.370+0000][67][info ][safepoint   ] Safepoint "Cleanup", Time since last: 9706228101 ns, Reaching safepoint: 273852 ns, At safepoint: 50164 ns, Total: 324016 ns
[2023-07-17T20:59:42.485+0000][67][info ][safepoint   ] Safepoint "Cleanup", Time since last: 2114359236 ns, Reaching safepoint: 225041 ns, At safepoint: 5128 ns, Total: 230169 ns
[2023-07-17T20:59:47.665+0000][67][info ][safepoint   ] Safepoint "Cleanup", Time since last: 5179469872 ns, Reaching safepoint: 256840 ns, At safepoint: 47471 ns, Total: 304311 ns
[2023-07-17T20:59:51.085+0000][67][info ][safepoint   ] Safepoint "Cleanup", Time since last: 3420649135 ns, Reaching safepoint: 118807 ns, At safepoint: 4834 ns, Total: 123641 ns
[2023-07-17T20:59:52.255+0000][67][info ][safepoint   ] Safepoint "Cleanup", Time since last: 1169771647 ns, Reaching safepoint: 253677 ns, At safepoint: 41876 ns, Total: 295553 ns
[2023-07-17T20:59:53.446+0000][67][info ][safepoint   ] Safepoint "Cleanup", Time since last: 1189855348 ns, Reaching safepoint: 251501 ns, At safepoint: 41157 ns, Total: 292658 ns
[2023-07-17T20:59:55.048+0000][67][info ][safepoint   ] Safepoint "Cleanup", Time since last: 1601654615 ns, Reaching safepoint: 354190 ns, At safepoint: 6272 ns, Total: 360462 ns
[2023-07-17T20:59:57.806+0000][67][info ][safepoint   ] Safepoint "Cleanup", Time since last: 2758323393 ns, Reaching safepoint: 313908 ns, At safepoint: 43909 ns, Total: 357817 ns
[2023-07-17T21:00:01.621+0000][67][info ][safepoint   ] Safepoint "Cleanup", Time since last: 3813985364 ns, Reaching safepoint: 287241 ns, At safepoint: 10602 ns, Total: 297843 ns
[2023-07-17T21:00:02.714+0000][67][info ][safepoint   ] Safepoint "Cleanup", Time since last: 1092021003 ns, Reaching safepoint: 458374 ns, At safepoint: 10810 ns, Total: 469184 ns
[2023-07-17T21:00:04.779+0000][67][info ][safepoint   ] Safepoint "Cleanup", Time since last: 2064579872 ns, Reaching safepoint: 307702 ns, At safepoint: 52523 ns, Total: 360225 ns
[2023-07-17T21:00:06.154+0000][67][info ][safepoint   ] Safepoint "Cleanup", Time since last: 1375399310 ns, Reaching safepoint: 130142 ns, At safepoint: 5944 ns, Total: 136086 ns
[2023-07-17T21:00:10.730+0000][67][info ][safepoint   ] Safepoint "Cleanup", Time since last: 4575368465 ns, Reaching safepoint: 384479 ns, At safepoint: 18732 ns, Total: 403211 ns
[2023-07-17T21:00:12.535+0000][67][info ][safepoint   ] Safepoint "Cleanup", Time since last: 1805123134 ns, Reaching safepoint: 213487 ns, At safepoint: 43272 ns, Total: 256759 ns
[2023-07-17T21:00:13.719+0000][67][info ][safepoint   ] Safepoint "Cleanup", Time since last: 1183453490 ns, Reaching safepoint: 641249 ns, At safepoint: 26096 ns, Total: 667345 ns
[2023-07-17T21:00:23.826+0000][67][info ][safepoint   ] Safepoint "Cleanup", Time since last: 10106051823 ns, Reaching safepoint: 517017 ns, At safepoint: 15991 ns, Total: 533008 ns
[2023-07-17T21:00:24.829+0000][67][info ][safepoint   ] Safepoint "Cleanup", Time since last: 1002448539 ns, Reaching safepoint: 673637 ns, At safepoint: 17334 ns, Total: 690971 ns
[2023-07-17T21:00:29.023+0000][67][info ][safepoint   ] Safepoint "Cleanup", Time since last: 4193108099 ns, Reaching safepoint: 271069 ns, At safepoint: 73608 ns, Total: 344677 ns
[2023-07-17T21:00:31.213+0000][67][info ][safepoint   ] Safepoint "Cleanup", Time since last: 2189652368 ns, Reaching safepoint: 389689 ns, At safepoint: 7375 ns, Total: 397064 ns
[2023-07-17T21:00:54.869+0000][67][info ][safepoint   ] Safepoint "Cleanup", Time since last: 23655375640 ns, Reaching safepoint: 634201 ns, At safepoint: 30606 ns, Total: 664807 ns
[2023-07-17T21:00:57.810+0000][67][info ][safepoint   ] Safepoint "Cleanup", Time since last: 2940671841 ns, Reaching safepoint: 332459 ns, At safepoint: 46430 ns, Total: 378889 ns
[2023-07-17T21:00:59.029+0000][67][info ][safepoint   ] Safepoint "Cleanup", Time since last: 1218560030 ns, Reaching safepoint: 192936 ns, At safepoint: 6000 ns, Total: 198936 ns
[2023-07-17T21:01:00.419+0000][67][info ][safepoint   ] Safepoint "Cleanup", Time since last: 1389656953 ns, Reaching safepoint: 350403 ns, At safepoint: 52059 ns, Total: 402462 ns
[2023-07-17T21:01:02.432+0000][67][info ][safepoint   ] Safepoint "Cleanup", Time since last: 2012659078 ns, Reaching safepoint: 389812 ns, At safepoint: 80595 ns, Total: 470407 ns
[2023-07-17T21:01:24.925+0000][67][info ][safepoint   ] Safepoint "Cleanup", Time since last: 22492243042 ns, Reaching safepoint: 362442 ns, At safepoint: 7498 ns, Total: 369940 ns
[2023-07-17T21:01:28.211+0000][67][info ][safepoint   ] Safepoint "Cleanup", Time since last: 3285297344 ns, Reaching safepoint: 355697 ns, At safepoint: 47736 ns, Total: 403433 ns
[2023-07-17T21:01:53.338+0000][67][info ][safepoint   ] Safepoint "Cleanup", Time since last: 25127051970 ns, Reaching safepoint: 112785 ns, At safepoint: 12851 ns, Total: 125636 ns
[2023-07-17T21:01:55.208+0000][67][info ][safepoint   ] Safepoint "Cleanup", Time since last: 1869085794 ns, Reaching safepoint: 324190 ns, At safepoint: 5742 ns, Total: 329932 ns
[2023-07-17T21:02:17.665+0000][67][info ][safepoint   ] Safepoint "Cleanup", Time since last: 22455906181 ns, Reaching safepoint: 810457 ns, At safepoint: 24149 ns, Total: 834606 ns
[2023-07-17T21:02:24.195+0000][67][info ][safepoint   ] Safepoint "Cleanup", Time since last: 6529435563 ns, Reaching safepoint: 337509 ns, At safepoint: 6571 ns, Total: 344080 ns
[2023-07-17T21:02:47.096+0000][67][info ][safepoint   ] Safepoint "Cleanup", Time since last: 22900945389 ns, Reaching safepoint: 152086 ns, At safepoint: 67731 ns, Total: 219817 ns
[2023-07-17T21:02:58.481+0000][67][info ][safepoint   ] Safepoint "Cleanup", Time since last: 11384296129 ns, Reaching safepoint: 252177 ns, At safepoint: 54117 ns, Total: 306294 ns
[2023-07-17T21:03:23.257+0000][67][info ][safepoint   ] Safepoint "Cleanup", Time since last: 24775570880 ns, Reaching safepoint: 378600 ns, At safepoint: 8631 ns, Total: 387231 ns
[2023-07-17T21:03:26.523+0000][67][info ][safepoint   ] Safepoint "Cleanup", Time since last: 3265048587 ns, Reaching safepoint: 766819 ns, At safepoint: 205713 ns, Total: 972532 ns
[2023-07-17T21:03:27.526+0000][67][info ][safepoint   ] Safepoint "Cleanup", Time since last: 1002632911 ns, Reaching safepoint: 397008 ns, At safepoint: 5328 ns, Total: 402336 ns
[2023-07-17T21:03:28.837+0000][67][info ][safepoint   ] Safepoint "Cleanup", Time since last: 1310006083 ns, Reaching safepoint: 331387 ns, At safepoint: 86899 ns, Total: 418286 ns
[2023-07-17T21:03:29.957+0000][67][info ][safepoint   ] Safepoint "Cleanup", Time since last: 1119896633 ns, Reaching safepoint: 522835 ns, At safepoint: 15830 ns, Total: 538665 ns
[2023-07-17T21:03:31.674+0000][67][info ][safepoint   ] Safepoint "Cleanup", Time since last: 1716496081 ns, Reaching safepoint: 260874 ns, At safepoint: 42689 ns, Total: 303563 ns
[2023-07-17T21:03:33.854+0000][67][info ][safepoint   ] Safepoint "Cleanup", Time since last: 2178609972 ns, Reaching safepoint: 704696 ns, At safepoint: 22464 ns, Total: 727160 ns
[2023-07-17T21:03:35.417+0000][67][info ][safepoint   ] Safepoint "Cleanup", Time since last: 1562903300 ns, Reaching safepoint: 496736 ns, At safepoint: 19004 ns, Total: 515740 ns
[2023-07-17T21:03:37.199+0000][67][info ][safepoint   ] Safepoint "Cleanup", Time since last: 1781320631 ns, Reaching safepoint: 542563 ns, At safepoint: 8177 ns, Total: 550740 ns
[2023-07-17T21:03:39.857+0000][67][info ][safepoint   ] Safepoint "Cleanup", Time since last: 2657252955 ns, Reaching safepoint: 251950 ns, At safepoint: 64763 ns, Total: 316713 ns
[2023-07-17T21:03:41.174+0000][67][info ][safepoint   ] Safepoint "Cleanup", Time since last: 1317381199 ns, Reaching safepoint: 186688 ns, At safepoint: 64409 ns, Total: 251097 ns
[2023-07-17T21:04:01.547+0000][67][info ][safepoint   ] Safepoint "Cleanup", Time since last: 20372020206 ns, Reaching safepoint: 289721 ns, At safepoint: 5403 ns, Total: 295124 ns
[2023-07-17T21:04:03.852+0000][67][info ][safepoint   ] Safepoint "Cleanup", Time since last: 2304681352 ns, Reaching safepoint: 96529 ns, At safepoint: 4708 ns, Total: 101237 ns
[2023-07-17T21:04:05.681+0000][67][info ][safepoint   ] Safepoint "Cleanup", Time since last: 1828840553 ns, Reaching safepoint: 191115 ns, At safepoint: 23409 ns, Total: 214524 ns
[2023-07-17T21:04:15.806+0000][67][info ][safepoint   ] Safepoint "Cleanup", Time since last: 10124787066 ns, Reaching safepoint: 255268 ns, At safepoint: 41197 ns, Total: 296465 ns
[2023-07-17T21:04:22.572+0000][67][info ][safepoint   ] Safepoint "Cleanup", Time since last: 6765914380 ns, Reaching safepoint: 530824 ns, At safepoint: 124416 ns, Total: 655240 ns
[2023-07-17T21:04:23.680+0000][67][info ][safepoint   ] Safepoint "Cleanup", Time since last: 1106532367 ns, Reaching safepoint: 515070 ns, At safepoint: 14941 ns, Total: 530011 ns
[2023-07-17T21:04:24.682+0000][67][info ][safepoint   ] Safepoint "Cleanup", Time since last: 1002367195 ns, Reaching safepoint: 383444 ns, At safepoint: 92005 ns, Total: 475449 ns
[2023-07-17T21:04:33.855+0000][67][info ][safepoint   ] Safepoint "Cleanup", Time since last: 9172029909 ns, Reaching safepoint: 268141 ns, At safepoint: 46170 ns, Total: 314311 ns
[2023-07-17T21:04:35.686+0000][67][info ][safepoint   ] Safepoint "Cleanup", Time since last: 1830544994 ns, Reaching safepoint: 413748 ns, At safepoint: 17551 ns, Total: 431299 ns
[2023-07-17T21:04:52.953+0000][67][info ][safepoint   ] Safepoint "Cleanup", Time since last: 17266936943 ns, Reaching safepoint: 299270 ns, At safepoint: 12248 ns, Total: 311518 ns
[2023-07-17T21:04:59.785+0000][67][info ][safepoint   ] Safepoint "Cleanup", Time since last: 6830748094 ns, Reaching safepoint: 695536 ns, At safepoint: 14145 ns, Total: 709681 ns
[2023-07-17T21:05:03.845+0000][67][info ][safepoint   ] Safepoint "Cleanup", Time since last: 4059556775 ns, Reaching safepoint: 272692 ns, At safepoint: 42058 ns, Total: 314750 ns
[2023-07-17T21:05:05.542+0000][67][info ][safepoint   ] Safepoint "Cleanup", Time since last: 1696503900 ns, Reaching safepoint: 411582 ns, At safepoint: 6899 ns, Total: 418481 ns
[2023-07-17T21:05:07.550+0000][67][info ][safepoint   ] Safepoint "Cleanup", Time since last: 2006586871 ns, Reaching safepoint: 832265 ns, At safepoint: 18035 ns, Total: 850300 ns
[2023-07-17T21:05:09.865+0000][67][info ][safepoint   ] Safepoint "Cleanup", Time since last: 2314587218 ns, Reaching safepoint: 373910 ns, At safepoint: 55990 ns, Total: 429900 ns
[2023-07-17T21:05:20.865+0000][67][info ][safepoint   ] Safepoint "Cleanup", Time since last: 10999687162 ns, Reaching safepoint: 261748 ns, At safepoint: 44045 ns, Total: 305793 ns
[2023-07-17T21:05:21.897+0000][67][info ][safepoint   ] Safepoint "Cleanup", Time since last: 1032631424 ns, Reaching safepoint: 270679 ns, At safepoint: 43161 ns, Total: 313840 ns
[2023-07-17T21:05:24.319+0000][67][info ][safepoint   ] Safepoint "Cleanup", Time since last: 2421240687 ns, Reaching safepoint: 542936 ns, At safepoint: 7107 ns, Total: 550043 ns
[2023-07-17T21:05:27.895+0000][67][info ][safepoint   ] Safepoint "Cleanup", Time since last: 3575295505 ns, Reaching safepoint: 259874 ns, At safepoint: 15455 ns, Total: 275329 ns
[2023-07-17T21:05:29.733+0000][67][info ][safepoint   ] Safepoint "Cleanup", Time since last: 1837841410 ns, Reaching safepoint: 407166 ns, At safepoint: 6289 ns, Total: 413455 ns
[2023-07-17T21:05:45.630+0000][67][info ][safepoint   ] Safepoint "Cleanup", Time since last: 15895687139 ns, Reaching safepoint: 379080 ns, At safepoint: 19403 ns, Total: 398483 ns
[2023-07-17T21:05:46.939+0000][67][info ][safepoint   ] Safepoint "Cleanup", Time since last: 1308768612 ns, Reaching safepoint: 325684 ns, At safepoint: 53807 ns, Total: 379491 ns
[2023-07-17T21:05:54.530+0000][67][info ][safepoint   ] Safepoint "Cleanup", Time since last: 7591418151 ns, Reaching safepoint: 331610 ns, At safepoint: 4454 ns, Total: 336064 ns
[2023-07-17T21:06:11.039+0000][67][info ][safepoint   ] Safepoint "Cleanup", Time since last: 16507575781 ns, Reaching safepoint: 283006 ns, At safepoint: 8126 ns, Total: 291132 ns
[2023-07-17T21:06:13.903+0000][67][info ][safepoint   ] Safepoint "Cleanup", Time since last: 2863754499 ns, Reaching safepoint: 575827 ns, At safepoint: 14750 ns, Total: 590577 ns
[2023-07-17T21:06:24.669+0000][67][info ][safepoint   ] Safepoint "Cleanup", Time since last: 10765653277 ns, Reaching safepoint: 441832 ns, At safepoint: 16122 ns, Total: 457954 ns
[2023-07-17T21:06:36.167+0000][67][info ][safepoint   ] Safepoint "Cleanup", Time since last: 11496875918 ns, Reaching safepoint: 194220 ns, At safepoint: 52582 ns, Total: 246802 ns
[2023-07-17T21:07:04.096+0000][67][info ][safepoint   ] Safepoint "Cleanup", Time since last: 27928221272 ns, Reaching safepoint: 625574 ns, At safepoint: 53671 ns, Total: 679245 ns
[2023-07-17T21:07:09.865+0000][67][info ][safepoint   ] Safepoint "Cleanup", Time since last: 5768849855 ns, Reaching safepoint: 264436 ns, At safepoint: 42885 ns, Total: 307321 ns
[2023-07-17T21:07:16.978+0000][67][info ][safepoint   ] Safepoint "Cleanup", Time since last: 7111831878 ns, Reaching safepoint: 462055 ns, At safepoint: 15324 ns, Total: 477379 ns
[2023-07-17T21:07:24.589+0000][67][info ][safepoint   ] Safepoint "Cleanup", Time since last: 7610244702 ns, Reaching safepoint: 471959 ns, At safepoint: 10221 ns, Total: 482180 ns
[2023-07-17T21:07:28.879+0000][67][info ][safepoint   ] Safepoint "Cleanup", Time since last: 4290225282 ns, Reaching safepoint: 274792 ns, At safepoint: 58026 ns, Total: 332818 ns
[2023-07-17T21:07:34.079+0000][67][info ][safepoint   ] Safepoint "Cleanup", Time since last: 5199396624 ns, Reaching safepoint: 321654 ns, At safepoint: 44495 ns, Total: 366149 ns
[2023-07-17T21:07:35.450+0000][67][info ][safepoint   ] Safepoint "Cleanup", Time since last: 1369670103 ns, Reaching safepoint: 1067281 ns, At safepoint: 17139 ns, Total: 1084420 ns
[2023-07-17T21:08:03.801+0000][67][info ][safepoint   ] Safepoint "Cleanup", Time since last: 28350335015 ns, Reaching safepoint: 313189 ns, At safepoint: 14563 ns, Total: 327752 ns
[2023-07-17T21:08:24.497+0000][67][info ][safepoint   ] Safepoint "Cleanup", Time since last: 20695866056 ns, Reaching safepoint: 453193 ns, At safepoint: 16949 ns, Total: 470142 ns
[2023-07-17T21:08:26.501+0000][67][info ][safepoint   ] Safepoint "Cleanup", Time since last: 2002905410 ns, Reaching safepoint: 441239 ns, At safepoint: 9812 ns, Total: 451051 ns
[2023-07-17T21:08:28.806+0000][67][info ][safepoint   ] Safepoint "Cleanup", Time since last: 2305468136 ns, Reaching safepoint: 140869 ns, At safepoint: 86188 ns, Total: 227057 ns
[2023-07-17T21:08:30.903+0000][67][info ][safepoint   ] Safepoint "Cleanup", Time since last: 2095978436 ns, Reaching safepoint: 361046 ns, At safepoint: 43370 ns, Total: 404416 ns
[2023-07-17T21:08:46.312+0000][67][info ][safepoint   ] Safepoint "Cleanup", Time since last: 15408143523 ns, Reaching safepoint: 289112 ns, At safepoint: 60554 ns, Total: 349666 ns
[2023-07-17T21:08:59.053+0000][67][info ][safepoint   ] Safepoint "Cleanup", Time since last: 12741383685 ns, Reaching safepoint: 309564 ns, At safepoint: 53623 ns, Total: 363187 ns
[2023-07-17T21:09:15.885+0000][67][info ][safepoint   ] Safepoint "Cleanup", Time since last: 16830365363 ns, Reaching safepoint: 472584 ns, At safepoint: 106112 ns, Total: 578696 ns
[2023-07-17T21:09:24.584+0000][67][info ][safepoint   ] Safepoint "Cleanup", Time since last: 8698863195 ns, Reaching safepoint: 465765 ns, At safepoint: 10898 ns, Total: 476663 ns
[2023-07-17T21:09:26.119+0000][67][info ][safepoint   ] Safepoint "Cleanup", Time since last: 1534480130 ns, Reaching safepoint: 535693 ns, At safepoint: 71191 ns, Total: 606884 ns
[2023-07-17T21:09:27.519+0000][67][info ][safepoint   ] Safepoint "Cleanup", Time since last: 1399794529 ns, Reaching safepoint: 321833 ns, At safepoint: 60818 ns, Total: 382651 ns
[2023-07-17T21:09:51.941+0000][67][info ][safepoint   ] Safepoint "Cleanup", Time since last: 24423444678 ns, Reaching safepoint: 266422 ns, At safepoint: 16450 ns, Total: 282872 ns
[2023-07-17T21:09:53.067+0000][67][info ][safepoint   ] Safepoint "Cleanup", Time since last: 1125767197 ns, Reaching safepoint: 97288 ns, At safepoint: 10681 ns, Total: 107969 ns
[2023-07-17T21:09:54.865+0000][67][info ][safepoint   ] Safepoint "Cleanup", Time since last: 1797506241 ns, Reaching safepoint: 391294 ns, At safepoint: 18011 ns, Total: 409305 ns
[2023-07-17T21:10:03.911+0000][67][info ][safepoint   ] Safepoint "Cleanup", Time since last: 9046180283 ns, Reaching safepoint: 322223 ns, At safepoint: 54836 ns, Total: 377059 ns
[2023-07-17T21:10:06.733+0000][67][info ][gc,start    ] GC(18) Pause Young (Normal) (G1 Evacuation Pause)
[2023-07-17T21:10:06.735+0000][67][info ][gc,task     ] GC(18) Using 6 workers of 6 for evacuation
[2023-07-17T21:10:06.737+0000][67][debug][gc,age      ] GC(18) Desired survivor size 155189248 bytes, new threshold 15 (max threshold 15)
[2023-07-17T21:10:06.768+0000][67][info ][gc,phases   ] GC(18)   Pre Evacuate Collection Set: 0.3ms
[2023-07-17T21:10:06.770+0000][67][info ][gc,phases   ] GC(18)   Merge Heap Roots: 0.4ms
[2023-07-17T21:10:06.771+0000][67][info ][gc,phases   ] GC(18)   Evacuate Collection Set: 24.0ms
[2023-07-17T21:10:06.773+0000][67][info ][gc,phases   ] GC(18)   Post Evacuate Collection Set: 4.6ms
[2023-07-17T21:10:06.774+0000][67][info ][gc,phases   ] GC(18)   Other: 3.8ms
[2023-07-17T21:10:06.776+0000][67][trace][gc,age      ] GC(18) Age table with threshold 15 (max threshold 15)
[2023-07-17T21:10:06.777+0000][67][trace][gc,age      ] GC(18) - age   1:    3078024 bytes,    3078024 total
[2023-07-17T21:10:06.778+0000][67][trace][gc,age      ] GC(18) - age   2:     336120 bytes,    3414144 total
[2023-07-17T21:10:06.780+0000][67][trace][gc,age      ] GC(18) - age   3:    3947280 bytes,    7361424 total
[2023-07-17T21:10:06.781+0000][67][trace][gc,age      ] GC(18) - age   4:    2978248 bytes,   10339672 total
[2023-07-17T21:10:06.782+0000][67][trace][gc,age      ] GC(18) - age   5:     276672 bytes,   10616344 total
[2023-07-17T21:10:06.783+0000][67][trace][gc,age      ] GC(18) - age   6:    1332816 bytes,   11949160 total
[2023-07-17T21:10:06.784+0000][67][trace][gc,age      ] GC(18) - age   7:   27338536 bytes,   39287696 total
[2023-07-17T21:10:06.785+0000][67][trace][gc,age      ] GC(18) - age   8:   15134600 bytes,   54422296 total
[2023-07-17T21:10:06.786+0000][67][info ][gc,heap     ] GC(18) Eden regions: 573->0(574)
[2023-07-17T21:10:06.787+0000][67][info ][gc,heap     ] GC(18) Survivor regions: 16->15(74)
[2023-07-17T21:10:06.789+0000][67][info ][gc,heap     ] GC(18) Old regions: 14->14
[2023-07-17T21:10:06.790+0000][67][info ][gc,heap     ] GC(18) Archive regions: 2->2
[2023-07-17T21:10:06.792+0000][67][info ][gc,heap     ] GC(18) Humongous regions: 0->0
[2023-07-17T21:10:06.793+0000][67][info ][gc,metaspace] GC(18) Metaspace: 139036K(142464K)->139036K(142464K) NonClass: 121138K(122880K)->121138K(122880K) Class: 17897K(19584K)->17897K(19584K)
[2023-07-17T21:10:06.794+0000][67][info ][gc          ] GC(18) Pause Young (Normal) (G1 Evacuation Pause) 2410M->115M(3932M) 61.740ms
[2023-07-17T21:10:06.796+0000][67][info ][gc,cpu      ] GC(18) User=0.14s Sys=0.00s Real=0.06s
[2023-07-17T21:10:06.797+0000][67][info ][safepoint   ] Safepoint "G1CollectForAllocation", Time since last: 2820886308 ns, Reaching safepoint: 274173 ns, At safepoint: 64497038 ns, Total: 64771211 ns
[2023-07-17T21:10:12.368+0000][67][info ][safepoint   ] Safepoint "Cleanup", Time since last: 5570987307 ns, Reaching safepoint: 345534 ns, At safepoint: 85881 ns, Total: 431415 ns
[2023-07-17T21:10:22.571+0000][67][info ][safepoint   ] Safepoint "Cleanup", Time since last: 10201906943 ns, Reaching safepoint: 276844 ns, At safepoint: 59361 ns, Total: 336205 ns
[2023-07-17T21:10:35.718+0000][67][info ][safepoint   ] Safepoint "Cleanup", Time since last: 13146877434 ns, Reaching safepoint: 279475 ns, At safepoint: 50263 ns, Total: 329738 ns
[2023-07-17T21:11:27.919+0000][67][info ][safepoint   ] Safepoint "Cleanup", Time since last: 52199811591 ns, Reaching safepoint: 245409 ns, At safepoint: 44747 ns, Total: 290156 ns
[2023-07-17T21:11:47.747+0000][67][info ][safepoint   ] Safepoint "Cleanup", Time since last: 19827456151 ns, Reaching safepoint: 304943 ns, At safepoint: 81606 ns, Total: 386549 ns
[2023-07-17T21:11:49.608+0000][67][info ][safepoint   ] Safepoint "Cleanup", Time since last: 1859886447 ns, Reaching safepoint: 309769 ns, At safepoint: 6447 ns, Total: 316216 ns
[2023-07-17T21:12:16.126+0000][67][info ][safepoint   ] Safepoint "Cleanup", Time since last: 26517613919 ns, Reaching safepoint: 318375 ns, At safepoint: 60133 ns, Total: 378508 ns
[2023-07-17T21:12:21.937+0000][67][info ][safepoint   ] Safepoint "Cleanup", Time since last: 5811055022 ns, Reaching safepoint: 399335 ns, At safepoint: 48793 ns, Total: 448128 ns
[2023-07-17T21:12:25.057+0000][67][info ][safepoint   ] Safepoint "Cleanup", Time since last: 3118367670 ns, Reaching safepoint: 848676 ns, At safepoint: 24219 ns, Total: 872895 ns
[2023-07-17T21:12:39.853+0000][67][info ][safepoint   ] Safepoint "Cleanup", Time since last: 14795830210 ns, Reaching safepoint: 155183 ns, At safepoint: 4600 ns, Total: 159783 ns
[2023-07-17T21:12:53.047+0000][67][info ][safepoint   ] Safepoint "Cleanup", Time since last: 13193291953 ns, Reaching safepoint: 335266 ns, At safepoint: 62967 ns, Total: 398233 ns
[2023-07-17T21:13:10.366+0000][67][info ][safepoint   ] Safepoint "Cleanup", Time since last: 17318597896 ns, Reaching safepoint: 313730 ns, At safepoint: 57472 ns, Total: 371202 ns
[2023-07-17T21:13:25.210+0000][67][info ][safepoint   ] Safepoint "Cleanup", Time since last: 14843234740 ns, Reaching safepoint: 554339 ns, At safepoint: 332281 ns, Total: 886620 ns
[2023-07-17T21:13:27.214+0000][67][info ][safepoint   ] Safepoint "Cleanup", Time since last: 2002939170 ns, Reaching safepoint: 346642 ns, At safepoint: 11915 ns, Total: 358557 ns
[2023-07-17T21:14:34.750+0000][67][info ][safepoint   ] Safepoint "Cleanup", Time since last: 67534457214 ns, Reaching safepoint: 125185 ns, At safepoint: 53783 ns, Total: 178968 ns
[2023-07-17T21:14:39.879+0000][67][info ][safepoint   ] Safepoint "Cleanup", Time since last: 5127660345 ns, Reaching safepoint: 1449185 ns, At safepoint: 205363 ns, Total: 1654548 ns
[2023-07-17T21:14:41.172+0000][67][info ][safepoint   ] Safepoint "Cleanup", Time since last: 1292232832 ns, Reaching safepoint: 230335 ns, At safepoint: 73699 ns, Total: 304034 ns
[2023-07-17T21:14:55.059+0000][67][info ][safepoint   ] Safepoint "Cleanup", Time since last: 13886842323 ns, Reaching safepoint: 310516 ns, At safepoint: 6898 ns, Total: 317414 ns
[2023-07-17T21:14:56.986+0000][67][info ][safepoint   ] Safepoint "Cleanup", Time since last: 1926581885 ns, Reaching safepoint: 331168 ns, At safepoint: 6584 ns, Total: 337752 ns
[2023-07-17T21:15:01.312+0000][67][info ][safepoint   ] Safepoint "Cleanup", Time since last: 4326408390 ns, Reaching safepoint: 282001 ns, At safepoint: 133485 ns, Total: 415486 ns
[2023-07-17T21:15:02.986+0000][67][info ][safepoint   ] Safepoint "Cleanup", Time since last: 1672865523 ns, Reaching safepoint: 412824 ns, At safepoint: 14842 ns, Total: 427666 ns
[2023-07-17T21:15:11.199+0000][67][info ][safepoint   ] Safepoint "Cleanup", Time since last: 8212390190 ns, Reaching safepoint: 659820 ns, At safepoint: 18626 ns, Total: 678446 ns
[2023-07-17T21:15:15.959+0000][67][info ][safepoint   ] Safepoint "Cleanup", Time since last: 4759211907 ns, Reaching safepoint: 220517 ns, At safepoint: 30726 ns, Total: 251243 ns
[2023-07-17T21:15:23.181+0000][67][info ][safepoint   ] Safepoint "Cleanup", Time since last: 7221893874 ns, Reaching safepoint: 140870 ns, At safepoint: 4635 ns, Total: 145505 ns
[2023-07-17T21:15:24.484+0000][67][info ][safepoint   ] Safepoint "Cleanup", Time since last: 1302954641 ns, Reaching safepoint: 271558 ns, At safepoint: 46825 ns, Total: 318383 ns
[2023-07-17T21:15:39.964+0000][67][info ][safepoint   ] Safepoint "Cleanup", Time since last: 15478696689 ns, Reaching safepoint: 221192 ns, At safepoint: 6054 ns, Total: 227246 ns
[2023-07-17T21:15:50.007+0000][67][info ][safepoint   ] Safepoint "Cleanup", Time since last: 10043266696 ns, Reaching safepoint: 277523 ns, At safepoint: 13148 ns, Total: 290671 ns
[2023-07-17T21:15:57.963+0000][67][info ][safepoint   ] Safepoint "Cleanup", Time since last: 7955221514 ns, Reaching safepoint: 418022 ns, At safepoint: 48366 ns, Total: 466388 ns
[2023-07-17T21:16:01.315+0000][67][info ][safepoint   ] Safepoint "Cleanup", Time since last: 3351594835 ns, Reaching safepoint: 225723 ns, At safepoint: 9270 ns, Total: 234993 ns
[2023-07-17T21:16:05.185+0000][67][info ][safepoint   ] Safepoint "Cleanup", Time since last: 3869380242 ns, Reaching safepoint: 191454 ns, At safepoint: 13556 ns, Total: 205010 ns
[2023-07-17T21:16:09.791+0000][67][info ][safepoint   ] Safepoint "Cleanup", Time since last: 4606364510 ns, Reaching safepoint: 55372 ns, At safepoint: 2226 ns, Total: 57598 ns
[2023-07-17T21:16:11.436+0000][67][info ][safepoint   ] Safepoint "Cleanup", Time since last: 1643873709 ns, Reaching safepoint: 404611 ns, At safepoint: 44918 ns, Total: 449529 ns
[2023-07-17T21:16:16.370+0000][67][info ][safepoint   ] Safepoint "Cleanup", Time since last: 4934273130 ns, Reaching safepoint: 454439 ns, At safepoint: 211511 ns, Total: 665950 ns
[2023-07-17T21:16:21.827+0000][67][info ][safepoint   ] Safepoint "Cleanup", Time since last: 5456186855 ns, Reaching safepoint: 263324 ns, At safepoint: 66080 ns, Total: 329404 ns
[2023-07-17T21:16:24.679+0000][67][info ][safepoint   ] Safepoint "Cleanup", Time since last: 2852151382 ns, Reaching safepoint: 318199 ns, At safepoint: 23032 ns, Total: 341231 ns
[2023-07-17T21:16:32.067+0000][67][info ][safepoint   ] Safepoint "Cleanup", Time since last: 7386837847 ns, Reaching safepoint: 267480 ns, At safepoint: 4804 ns, Total: 272284 ns
[2023-07-17T21:16:35.209+0000][67][info ][safepoint   ] Safepoint "Cleanup", Time since last: 3141940773 ns, Reaching safepoint: 485911 ns, At safepoint: 15092 ns, Total: 501003 ns
[2023-07-17T21:16:39.781+0000][67][info ][safepoint   ] Safepoint "Cleanup", Time since last: 4570894557 ns, Reaching safepoint: 439144 ns, At safepoint: 16708 ns, Total: 455852 ns
[2023-07-17T21:16:40.811+0000][67][info ][safepoint   ] Safepoint "Cleanup", Time since last: 1030293767 ns, Reaching safepoint: 186449 ns, At safepoint: 8815 ns, Total: 195264 ns
[2023-07-17T21:16:41.861+0000][67][info ][safepoint   ] Safepoint "Cleanup", Time since last: 1049782867 ns, Reaching safepoint: 337454 ns, At safepoint: 6090 ns, Total: 343544 ns
[2023-07-17T21:16:42.864+0000][67][info ][safepoint   ] Safepoint "Cleanup", Time since last: 1002406620 ns, Reaching safepoint: 267232 ns, At safepoint: 5516 ns, Total: 272748 ns
[2023-07-17T21:16:47.224+0000][67][info ][safepoint   ] Safepoint "Cleanup", Time since last: 4358886867 ns, Reaching safepoint: 531607 ns, At safepoint: 141268 ns, Total: 672875 ns
[2023-07-17T21:16:49.216+0000][67][info ][safepoint   ] Safepoint "Cleanup", Time since last: 1992366523 ns, Reaching safepoint: 312958 ns, At safepoint: 7456 ns, Total: 320414 ns
[2023-07-17T21:16:53.704+0000][67][info ][safepoint   ] Safepoint "Cleanup", Time since last: 4487515137 ns, Reaching safepoint: 215880 ns, At safepoint: 81570 ns, Total: 297450 ns
[2023-07-17T21:17:17.742+0000][67][info ][safepoint   ] Safepoint "Cleanup", Time since last: 24037523140 ns, Reaching safepoint: 349122 ns, At safepoint: 54819 ns, Total: 403941 ns
[2023-07-17T21:17:25.123+0000][67][info ][safepoint   ] Safepoint "Cleanup", Time since last: 7380410642 ns, Reaching safepoint: 458954 ns, At safepoint: 17712 ns, Total: 476666 ns
[2023-07-17T21:17:30.518+0000][67][info ][safepoint   ] Safepoint "Cleanup", Time since last: 5394693968 ns, Reaching safepoint: 403820 ns, At safepoint: 14837 ns, Total: 418657 ns
[2023-07-17T21:17:39.974+0000][67][info ][safepoint   ] Safepoint "Cleanup", Time since last: 9455359586 ns, Reaching safepoint: 100541 ns, At safepoint: 56333 ns, Total: 156874 ns
[2023-07-17T21:17:41.212+0000][67][info ][safepoint   ] Safepoint "Cleanup", Time since last: 1237528588 ns, Reaching safepoint: 96011 ns, At safepoint: 4681 ns, Total: 100692 ns
[2023-07-17T21:18:24.804+0000][67][info ][safepoint   ] Safepoint "Cleanup", Time since last: 43591385831 ns, Reaching safepoint: 267496 ns, At safepoint: 13175 ns, Total: 280671 ns
[2023-07-17T21:18:28.033+0000][67][info ][safepoint   ] Safepoint "Cleanup", Time since last: 3228450694 ns, Reaching safepoint: 300936 ns, At safepoint: 78262 ns, Total: 379198 ns
[2023-07-17T21:18:29.102+0000][67][info ][safepoint   ] Safepoint "Cleanup", Time since last: 1068667228 ns, Reaching safepoint: 337277 ns, At safepoint: 50363 ns, Total: 387640 ns
[2023-07-17T21:18:36.752+0000][67][info ][safepoint   ] Safepoint "Cleanup", Time since last: 7648570140 ns, Reaching safepoint: 441494 ns, At safepoint: 14746 ns, Total: 456240 ns
[2023-07-17T21:18:37.755+0000][67][info ][safepoint   ] Safepoint "Cleanup", Time since last: 1003165161 ns, Reaching safepoint: 331059 ns, At safepoint: 5089 ns, Total: 336148 ns
[2023-07-17T21:18:45.989+0000][67][info ][safepoint   ] Safepoint "Cleanup", Time since last: 8233021727 ns, Reaching safepoint: 208674 ns, At safepoint: 18760 ns, Total: 227434 ns
[2023-07-17T21:19:01.942+0000][67][info ][safepoint   ] Safepoint "Cleanup", Time since last: 15953348066 ns, Reaching safepoint: 385512 ns, At safepoint: 14536 ns, Total: 400048 ns
[2023-07-17T21:19:03.946+0000][67][info ][safepoint   ] Safepoint "Cleanup", Time since last: 2003509708 ns, Reaching safepoint: 345915 ns, At safepoint: 17402 ns, Total: 363317 ns
[2023-07-17T21:19:07.176+0000][67][info ][safepoint   ] Safepoint "Cleanup", Time since last: 3228968315 ns, Reaching safepoint: 168300 ns, At safepoint: 97216 ns, Total: 265516 ns
[2023-07-17T21:19:10.658+0000][67][info ][safepoint   ] Safepoint "Cleanup", Time since last: 3482108655 ns, Reaching safepoint: 472224 ns, At safepoint: 62136 ns, Total: 534360 ns
[2023-07-17T21:19:19.141+0000][67][info ][safepoint   ] Safepoint "Cleanup", Time since last: 8482343427 ns, Reaching safepoint: 291685 ns, At safepoint: 4760 ns, Total: 296445 ns
[2023-07-17T21:19:22.218+0000][67][info ][safepoint   ] Safepoint "Cleanup", Time since last: 3076632458 ns, Reaching safepoint: 344417 ns, At safepoint: 46054 ns, Total: 390471 ns
[2023-07-17T21:19:23.845+0000][67][info ][safepoint   ] Safepoint "Cleanup", Time since last: 1626714175 ns, Reaching safepoint: 513169 ns, At safepoint: 10513 ns, Total: 523682 ns
[2023-07-17T21:19:25.256+0000][67][info ][safepoint   ] Safepoint "Cleanup", Time since last: 1410072564 ns, Reaching safepoint: 526106 ns, At safepoint: 12468 ns, Total: 538574 ns
[2023-07-17T21:20:16.022+0000][67][info ][safepoint   ] Safepoint "Cleanup", Time since last: 50764698899 ns, Reaching safepoint: 394533 ns, At safepoint: 44148 ns, Total: 438681 ns
[2023-07-17T21:20:28.802+0000][67][info ][safepoint   ] Safepoint "Cleanup", Time since last: 12779245887 ns, Reaching safepoint: 150353 ns, At safepoint: 61406 ns, Total: 211759 ns
[2023-07-17T21:20:34.019+0000][67][info ][safepoint   ] Safepoint "Cleanup", Time since last: 5216747686 ns, Reaching safepoint: 161295 ns, At safepoint: 166982 ns, Total: 328277 ns
[2023-07-17T21:20:35.823+0000][67][info ][safepoint   ] Safepoint "Cleanup", Time since last: 1803491395 ns, Reaching safepoint: 312310 ns, At safepoint: 7066 ns, Total: 319376 ns
[2023-07-17T21:21:25.155+0000][67][info ][safepoint   ] Safepoint "Cleanup", Time since last: 49331038534 ns, Reaching safepoint: 231555 ns, At safepoint: 5120 ns, Total: 236675 ns
[2023-07-17T21:21:31.988+0000][67][info ][safepoint   ] Safepoint "Cleanup", Time since last: 6833544580 ns, Reaching safepoint: 275290 ns, At safepoint: 4661 ns, Total: 279951 ns
[2023-07-17T21:21:54.681+0000][67][info ][safepoint   ] Safepoint "Cleanup", Time since last: 22691074646 ns, Reaching safepoint: 627482 ns, At safepoint: 17910 ns, Total: 645392 ns
[2023-07-17T21:21:58.022+0000][67][info ][safepoint   ] Safepoint "Cleanup", Time since last: 3340972248 ns, Reaching safepoint: 323808 ns, At safepoint: 8223 ns, Total: 332031 ns
[2023-07-17T21:21:59.172+0000][67][info ][safepoint   ] Safepoint "Cleanup", Time since last: 1149909115 ns, Reaching safepoint: 380581 ns, At safepoint: 57110 ns, Total: 437691 ns
[2023-07-17T21:22:16.256+0000][67][info ][gc,start    ] GC(19) Pause Young (Normal) (G1 Evacuation Pause)
[2023-07-17T21:22:16.258+0000][67][info ][gc,task     ] GC(19) Using 6 workers of 6 for evacuation
[2023-07-17T21:22:16.259+0000][67][debug][gc,age      ] GC(19) Desired survivor size 155189248 bytes, new threshold 15 (max threshold 15)
[2023-07-17T21:22:16.285+0000][67][info ][gc,phases   ] GC(19)   Pre Evacuate Collection Set: 0.4ms
[2023-07-17T21:22:16.287+0000][67][info ][gc,phases   ] GC(19)   Merge Heap Roots: 0.3ms
[2023-07-17T21:22:16.289+0000][67][info ][gc,phases   ] GC(19)   Evacuate Collection Set: 19.1ms
[2023-07-17T21:22:16.290+0000][67][info ][gc,phases   ] GC(19)   Post Evacuate Collection Set: 4.7ms
[2023-07-17T21:22:16.291+0000][67][info ][gc,phases   ] GC(19)   Other: 2.8ms
[2023-07-17T21:22:16.293+0000][67][trace][gc,age      ] GC(19) Age table with threshold 15 (max threshold 15)
[2023-07-17T21:22:16.294+0000][67][trace][gc,age      ] GC(19) - age   1:    4030112 bytes,    4030112 total
[2023-07-17T21:22:16.295+0000][67][trace][gc,age      ] GC(19) - age   2:     476248 bytes,    4506360 total
[2023-07-17T21:22:16.296+0000][67][trace][gc,age      ] GC(19) - age   3:     268720 bytes,    4775080 total
[2023-07-17T21:22:16.297+0000][67][trace][gc,age      ] GC(19) - age   4:    3559056 bytes,    8334136 total
[2023-07-17T21:22:16.298+0000][67][trace][gc,age      ] GC(19) - age   5:    2925272 bytes,   11259408 total
[2023-07-17T21:22:16.299+0000][67][trace][gc,age      ] GC(19) - age   6:     213504 bytes,   11472912 total
[2023-07-17T21:22:16.300+0000][67][trace][gc,age      ] GC(19) - age   7:    1319440 bytes,   12792352 total
[2023-07-17T21:22:16.302+0000][67][trace][gc,age      ] GC(19) - age   8:   26961824 bytes,   39754176 total
[2023-07-17T21:22:16.303+0000][67][trace][gc,age      ] GC(19) - age   9:   14467496 bytes,   54221672 total
[2023-07-17T21:22:16.304+0000][67][info ][gc,heap     ] GC(19) Eden regions: 574->0(574)
[2023-07-17T21:22:16.305+0000][67][info ][gc,heap     ] GC(19) Survivor regions: 15->15(74)
[2023-07-17T21:22:16.306+0000][67][info ][gc,heap     ] GC(19) Old regions: 14->14
[2023-07-17T21:22:16.307+0000][67][info ][gc,heap     ] GC(19) Archive regions: 2->2
[2023-07-17T21:22:16.308+0000][67][info ][gc,heap     ] GC(19) Humongous regions: 0->0
[2023-07-17T21:22:16.309+0000][67][info ][gc,metaspace] GC(19) Metaspace: 139209K(142592K)->139209K(142592K) NonClass: 121306K(123008K)->121306K(123008K) Class: 17902K(19584K)->17902K(19584K)
[2023-07-17T21:22:16.310+0000][67][info ][gc          ] GC(19) Pause Young (Normal) (G1 Evacuation Pause) 2411M->115M(3932M) 54.369ms
[2023-07-17T21:22:16.313+0000][67][info ][gc,cpu      ] GC(19) User=0.13s Sys=0.00s Real=0.06s
[2023-07-17T21:22:16.314+0000][67][info ][safepoint   ] Safepoint "G1CollectForAllocation", Time since last: 17082702148 ns, Reaching safepoint: 350312 ns, At safepoint: 57789796 ns, Total: 58140108 ns
[2023-07-17T21:22:24.472+0000][67][info ][safepoint   ] Safepoint "Cleanup", Time since last: 8157969543 ns, Reaching safepoint: 335020 ns, At safepoint: 62912 ns, Total: 397932 ns
[2023-07-17T21:22:58.995+0000][67][info ][safepoint   ] Safepoint "Cleanup", Time since last: 34522019202 ns, Reaching safepoint: 261287 ns, At safepoint: 46035 ns, Total: 307322 ns
[2023-07-17T21:23:26.867+0000][67][info ][safepoint   ] Safepoint "Cleanup", Time since last: 27871035046 ns, Reaching safepoint: 480704 ns, At safepoint: 17093 ns, Total: 497797 ns
[2023-07-17T21:23:58.658+0000][67][info ][safepoint   ] Safepoint "Cleanup", Time since last: 31790269190 ns, Reaching safepoint: 359129 ns, At safepoint: 154498 ns, Total: 513627 ns
[2023-07-17T21:24:04.048+0000][67][info ][safepoint   ] Safepoint "Cleanup", Time since last: 5389079429 ns, Reaching safepoint: 193381 ns, At safepoint: 200427 ns, Total: 393808 ns
[2023-07-17T21:24:36.148+0000][67][info ][safepoint   ] Safepoint "Cleanup", Time since last: 32102220914 ns, Reaching safepoint: 213637 ns, At safepoint: 52989 ns, Total: 266626 ns
[2023-07-17T21:24:40.494+0000][67][info ][safepoint   ] Safepoint "Cleanup", Time since last: 4345231602 ns, Reaching safepoint: 374457 ns, At safepoint: 47318 ns, Total: 421775 ns
[2023-07-17T21:24:41.893+0000][67][info ][safepoint   ] Safepoint "Cleanup", Time since last: 1398572475 ns, Reaching safepoint: 346718 ns, At safepoint: 6034 ns, Total: 352752 ns
[2023-07-17T21:24:43.283+0000][67][info ][safepoint   ] Safepoint "Cleanup", Time since last: 1389295753 ns, Reaching safepoint: 606105 ns, At safepoint: 9872 ns, Total: 615977 ns
[2023-07-17T21:24:46.044+0000][67][info ][safepoint   ] Safepoint "Cleanup", Time since last: 2760963741 ns, Reaching safepoint: 109296 ns, At safepoint: 5252 ns, Total: 114548 ns
[2023-07-17T21:24:47.605+0000][67][info ][safepoint   ] Safepoint "Cleanup", Time since last: 1560930370 ns, Reaching safepoint: 234390 ns, At safepoint: 4428 ns, Total: 238818 ns
[2023-07-17T21:26:24.223+0000][67][info ][safepoint   ] Safepoint "Cleanup", Time since last: 96616431951 ns, Reaching safepoint: 400063 ns, At safepoint: 19319 ns, Total: 419382 ns
[2023-07-17T21:26:33.987+0000][67][info ][safepoint   ] Safepoint "Cleanup", Time since last: 9762887245 ns, Reaching safepoint: 361982 ns, At safepoint: 23050 ns, Total: 385032 ns
[2023-07-17T21:26:52.562+0000][67][info ][safepoint   ] Safepoint "Cleanup", Time since last: 18574638010 ns, Reaching safepoint: 212931 ns, At safepoint: 53283 ns, Total: 266214 ns
[2023-07-17T21:26:56.066+0000][67][info ][safepoint   ] Safepoint "Cleanup", Time since last: 3504087579 ns, Reaching safepoint: 486003 ns, At safepoint: 14980 ns, Total: 500983 ns
[2023-07-17T21:27:04.064+0000][67][info ][safepoint   ] Safepoint "Cleanup", Time since last: 7997394410 ns, Reaching safepoint: 192621 ns, At safepoint: 110549 ns, Total: 303170 ns
[2023-07-17T21:27:22.276+0000][67][info ][safepoint   ] Safepoint "Cleanup", Time since last: 18211766363 ns, Reaching safepoint: 258089 ns, At safepoint: 93544 ns, Total: 351633 ns
[2023-07-17T21:27:24.164+0000][67][info ][safepoint   ] Safepoint "Cleanup", Time since last: 1887142276 ns, Reaching safepoint: 540763 ns, At safepoint: 13552 ns, Total: 554315 ns
[2023-07-17T21:27:25.167+0000][67][info ][safepoint   ] Safepoint "Cleanup", Time since last: 1002855599 ns, Reaching safepoint: 284712 ns, At safepoint: 5205 ns, Total: 289917 ns
[2023-07-17T21:27:46.089+0000][67][info ][safepoint   ] Safepoint "Cleanup", Time since last: 20920585204 ns, Reaching safepoint: 196220 ns, At safepoint: 33148 ns, Total: 229368 ns
[2023-07-17T21:28:19.563+0000][67][info ][safepoint   ] Safepoint "Cleanup", Time since last: 33473446511 ns, Reaching safepoint: 174800 ns, At safepoint: 8116 ns, Total: 182916 ns
[2023-07-17T21:28:20.566+0000][67][info ][safepoint   ] Safepoint "Cleanup", Time since last: 1002758927 ns, Reaching safepoint: 275477 ns, At safepoint: 57024 ns, Total: 332501 ns
[2023-07-17T21:28:22.097+0000][67][info ][safepoint   ] Safepoint "Cleanup", Time since last: 1531289025 ns, Reaching safepoint: 114262 ns, At safepoint: 46275 ns, Total: 160537 ns
[2023-07-17T21:28:35.923+0000][67][info ][safepoint   ] Safepoint "Cleanup", Time since last: 13824730408 ns, Reaching safepoint: 331134 ns, At safepoint: 21247 ns, Total: 352381 ns
[2023-07-17T21:28:42.323+0000][67][info ][safepoint   ] Safepoint "Cleanup", Time since last: 6399612257 ns, Reaching safepoint: 247278 ns, At safepoint: 50561 ns, Total: 297839 ns
[2023-07-17T21:28:46.626+0000][67][info ][safepoint   ] Safepoint "Cleanup", Time since last: 4303217209 ns, Reaching safepoint: 177338 ns, At safepoint: 67304 ns, Total: 244642 ns
[2023-07-17T21:28:47.920+0000][67][info ][safepoint   ] Safepoint "Cleanup", Time since last: 1293572841 ns, Reaching safepoint: 254976 ns, At safepoint: 56639 ns, Total: 311615 ns
[2023-07-17T21:28:51.028+0000][67][info ][safepoint   ] Safepoint "Cleanup", Time since last: 3107992081 ns, Reaching safepoint: 319924 ns, At safepoint: 14239 ns, Total: 334163 ns
[2023-07-17T21:28:52.030+0000][67][info ][safepoint   ] Safepoint "Cleanup", Time since last: 1001910265 ns, Reaching safepoint: 213273 ns, At safepoint: 16517 ns, Total: 229790 ns
[2023-07-17T21:28:55.554+0000][67][info ][safepoint   ] Safepoint "Cleanup", Time since last: 3523489603 ns, Reaching safepoint: 333568 ns, At safepoint: 16508 ns, Total: 350076 ns
[2023-07-17T21:29:24.739+0000][67][info ][safepoint   ] Safepoint "Cleanup", Time since last: 29183518370 ns, Reaching safepoint: 298868 ns, At safepoint: 4632 ns, Total: 303500 ns
[2023-07-17T21:29:35.314+0000][67][info ][safepoint   ] Safepoint "Cleanup", Time since last: 10574190155 ns, Reaching safepoint: 562414 ns, At safepoint: 15884 ns, Total: 578298 ns
[2023-07-17T21:29:55.436+0000][67][info ][safepoint   ] Safepoint "Cleanup", Time since last: 20120815985 ns, Reaching safepoint: 543551 ns, At safepoint: 123577 ns, Total: 667128 ns
[2023-07-17T21:29:56.762+0000][67][info ][safepoint   ] Safepoint "Cleanup", Time since last: 1326396118 ns, Reaching safepoint: 308920 ns, At safepoint: 6774 ns, Total: 315694 ns
[2023-07-17T21:29:58.073+0000][67][info ][safepoint   ] Safepoint "Cleanup", Time since last: 1309756849 ns, Reaching safepoint: 305618 ns, At safepoint: 53317 ns, Total: 358935 ns
[2023-07-17T21:29:59.097+0000][67][info ][safepoint   ] Safepoint "Cleanup", Time since last: 1024342319 ns, Reaching safepoint: 344617 ns, At safepoint: 65197 ns, Total: 409814 ns
[2023-07-17T21:30:20.140+0000][67][info ][safepoint   ] Safepoint "Cleanup", Time since last: 21041910345 ns, Reaching safepoint: 428967 ns, At safepoint: 56851 ns, Total: 485818 ns
[2023-07-17T21:30:22.459+0000][67][info ][safepoint   ] Safepoint "Cleanup", Time since last: 2318496717 ns, Reaching safepoint: 154430 ns, At safepoint: 86497 ns, Total: 240927 ns
[2023-07-17T21:30:25.175+0000][67][info ][safepoint   ] Safepoint "Cleanup", Time since last: 2715762388 ns, Reaching safepoint: 331001 ns, At safepoint: 61427 ns, Total: 392428 ns
[2023-07-17T21:30:48.243+0000][67][info ][safepoint   ] Safepoint "Cleanup", Time since last: 23066982486 ns, Reaching safepoint: 272920 ns, At safepoint: 57105 ns, Total: 330025 ns
[2023-07-17T21:30:53.221+0000][67][info ][safepoint   ] Safepoint "Cleanup", Time since last: 4977751054 ns, Reaching safepoint: 305782 ns, At safepoint: 14965 ns, Total: 320747 ns
[2023-07-17T21:30:54.624+0000][67][info ][safepoint   ] Safepoint "Cleanup", Time since last: 1402828667 ns, Reaching safepoint: 518365 ns, At safepoint: 8405 ns, Total: 526770 ns
[2023-07-17T21:30:55.660+0000][67][info ][safepoint   ] Safepoint "Cleanup", Time since last: 1035275257 ns, Reaching safepoint: 579913 ns, At safepoint: 23479 ns, Total: 603392 ns
[2023-07-17T21:31:02.120+0000][67][info ][safepoint   ] Safepoint "Cleanup", Time since last: 6458766525 ns, Reaching safepoint: 437348 ns, At safepoint: 7860 ns, Total: 445208 ns
[2023-07-17T21:31:10.578+0000][67][info ][safepoint   ] Safepoint "Cleanup", Time since last: 8457511024 ns, Reaching safepoint: 496726 ns, At safepoint: 83654 ns, Total: 580380 ns
[2023-07-17T21:31:12.015+0000][67][info ][safepoint   ] Safepoint "Cleanup", Time since last: 1436325425 ns, Reaching safepoint: 208098 ns, At safepoint: 185781 ns, Total: 393879 ns
[2023-07-17T21:31:22.327+0000][67][info ][safepoint   ] Safepoint "Cleanup", Time since last: 10311481756 ns, Reaching safepoint: 253476 ns, At safepoint: 54359 ns, Total: 307835 ns
[2023-07-17T21:31:27.731+0000][67][info ][safepoint   ] Safepoint "Cleanup", Time since last: 5404411892 ns, Reaching safepoint: 237601 ns, At safepoint: 6331 ns, Total: 243932 ns
[2023-07-17T21:31:28.856+0000][67][info ][safepoint   ] Safepoint "Cleanup", Time since last: 1124293914 ns, Reaching safepoint: 484724 ns, At safepoint: 45950 ns, Total: 530674 ns
[2023-07-17T21:31:30.331+0000][67][info ][safepoint   ] Safepoint "Cleanup", Time since last: 1474099481 ns, Reaching safepoint: 369742 ns, At safepoint: 173115 ns, Total: 542857 ns
[2023-07-17T21:31:40.182+0000][67][info ][safepoint   ] Safepoint "Cleanup", Time since last: 9850015009 ns, Reaching safepoint: 339351 ns, At safepoint: 61121 ns, Total: 400472 ns
[2023-07-17T21:32:02.086+0000][67][info ][safepoint   ] Safepoint "Cleanup", Time since last: 21903782176 ns, Reaching safepoint: 400649 ns, At safepoint: 5271 ns, Total: 405920 ns
[2023-07-17T21:32:05.052+0000][67][info ][safepoint   ] Safepoint "Cleanup", Time since last: 2965497901 ns, Reaching safepoint: 423069 ns, At safepoint: 12486 ns, Total: 435555 ns
[2023-07-17T21:32:24.798+0000][67][info ][safepoint   ] Safepoint "Cleanup", Time since last: 19745111546 ns, Reaching safepoint: 785086 ns, At safepoint: 19655 ns, Total: 804741 ns
[2023-07-17T21:32:54.263+0000][67][info ][safepoint   ] Safepoint "Cleanup", Time since last: 29464016804 ns, Reaching safepoint: 349058 ns, At safepoint: 6378 ns, Total: 355436 ns
[2023-07-17T21:32:58.115+0000][67][info ][safepoint   ] Safepoint "Cleanup", Time since last: 3851589811 ns, Reaching safepoint: 241676 ns, At safepoint: 40407 ns, Total: 282083 ns
[2023-07-17T21:32:59.981+0000][67][info ][safepoint   ] Safepoint "Cleanup", Time since last: 1865842939 ns, Reaching safepoint: 431959 ns, At safepoint: 14108 ns, Total: 446067 ns
[2023-07-17T21:33:01.316+0000][67][info ][safepoint   ] Safepoint "Cleanup", Time since last: 1334419791 ns, Reaching safepoint: 148115 ns, At safepoint: 7669 ns, Total: 155784 ns
[2023-07-17T21:33:04.601+0000][67][info ][safepoint   ] Safepoint "Cleanup", Time since last: 3284475160 ns, Reaching safepoint: 250416 ns, At safepoint: 3451 ns, Total: 253867 ns
[2023-07-17T21:33:05.692+0000][67][info ][safepoint   ] Safepoint "Cleanup", Time since last: 1090341693 ns, Reaching safepoint: 820875 ns, At safepoint: 21667 ns, Total: 842542 ns
[2023-07-17T21:33:07.049+0000][67][info ][safepoint   ] Safepoint "Cleanup", Time since last: 1355772636 ns, Reaching safepoint: 550214 ns, At safepoint: 9506 ns, Total: 559720 ns
[2023-07-17T21:33:10.138+0000][67][info ][safepoint   ] Safepoint "Cleanup", Time since last: 3089174567 ns, Reaching safepoint: 290389 ns, At safepoint: 46178 ns, Total: 336567 ns
[2023-07-17T21:33:11.230+0000][67][info ][safepoint   ] Safepoint "Cleanup", Time since last: 1091684592 ns, Reaching safepoint: 215328 ns, At safepoint: 12840 ns, Total: 228168 ns
[2023-07-17T21:33:25.175+0000][67][info ][safepoint   ] Safepoint "Cleanup", Time since last: 13944299302 ns, Reaching safepoint: 268181 ns, At safepoint: 5366 ns, Total: 273547 ns
[2023-07-17T21:33:26.537+0000][67][info ][safepoint   ] Safepoint "Cleanup", Time since last: 1362336331 ns, Reaching safepoint: 311683 ns, At safepoint: 56502 ns, Total: 368185 ns
[2023-07-17T21:33:27.540+0000][67][info ][safepoint   ] Safepoint "Cleanup", Time since last: 1001797361 ns, Reaching safepoint: 382473 ns, At safepoint: 7274 ns, Total: 389747 ns
[2023-07-17T21:33:46.738+0000][67][info ][safepoint   ] Safepoint "Cleanup", Time since last: 19197329836 ns, Reaching safepoint: 131425 ns, At safepoint: 79105 ns, Total: 210530 ns
[2023-07-17T21:33:54.629+0000][67][info ][safepoint   ] Safepoint "Cleanup", Time since last: 7891109961 ns, Reaching safepoint: 307700 ns, At safepoint: 5774 ns, Total: 313474 ns
[2023-07-17T21:34:33.975+0000][67][info ][gc,start    ] GC(20) Pause Young (Normal) (G1 Evacuation Pause)
[2023-07-17T21:34:33.978+0000][67][info ][gc,task     ] GC(20) Using 6 workers of 6 for evacuation
[2023-07-17T21:34:33.979+0000][67][debug][gc,age      ] GC(20) Desired survivor size 155189248 bytes, new threshold 15 (max threshold 15)
[2023-07-17T21:34:34.009+0000][67][info ][gc,phases   ] GC(20)   Pre Evacuate Collection Set: 0.3ms
[2023-07-17T21:34:34.011+0000][67][info ][gc,phases   ] GC(20)   Merge Heap Roots: 0.6ms
[2023-07-17T21:34:34.013+0000][67][info ][gc,phases   ] GC(20)   Evacuate Collection Set: 21.9ms
[2023-07-17T21:34:34.014+0000][67][info ][gc,phases   ] GC(20)   Post Evacuate Collection Set: 6.3ms
[2023-07-17T21:34:34.015+0000][67][info ][gc,phases   ] GC(20)   Other: 2.4ms
[2023-07-17T21:34:34.016+0000][67][trace][gc,age      ] GC(20) Age table with threshold 15 (max threshold 15)
[2023-07-17T21:34:34.018+0000][67][trace][gc,age      ] GC(20) - age   1:    3199032 bytes,    3199032 total
[2023-07-17T21:34:34.019+0000][67][trace][gc,age      ] GC(20) - age   2:     875192 bytes,    4074224 total
[2023-07-17T21:34:34.020+0000][67][trace][gc,age      ] GC(20) - age   3:     416640 bytes,    4490864 total
[2023-07-17T21:34:34.021+0000][67][trace][gc,age      ] GC(20) - age   4:     236520 bytes,    4727384 total
[2023-07-17T21:34:34.022+0000][67][trace][gc,age      ] GC(20) - age   5:    3549680 bytes,    8277064 total
[2023-07-17T21:34:34.023+0000][67][trace][gc,age      ] GC(20) - age   6:    2923568 bytes,   11200632 total
[2023-07-17T21:34:34.024+0000][67][trace][gc,age      ] GC(20) - age   7:     213088 bytes,   11413720 total
[2023-07-17T21:34:34.025+0000][67][trace][gc,age      ] GC(20) - age   8:    1319440 bytes,   12733160 total
[2023-07-17T21:34:34.026+0000][67][trace][gc,age      ] GC(20) - age   9:   26961744 bytes,   39694904 total
[2023-07-17T21:34:34.027+0000][67][trace][gc,age      ] GC(20) - age  10:   14467232 bytes,   54162136 total
[2023-07-17T21:34:34.028+0000][67][info ][gc,heap     ] GC(20) Eden regions: 574->0(573)
[2023-07-17T21:34:34.029+0000][67][info ][gc,heap     ] GC(20) Survivor regions: 15->16(74)
[2023-07-17T21:34:34.031+0000][67][info ][gc,heap     ] GC(20) Old regions: 14->14
[2023-07-17T21:34:34.031+0000][67][info ][gc,heap     ] GC(20) Archive regions: 2->2
[2023-07-17T21:34:34.032+0000][67][info ][gc,heap     ] GC(20) Humongous regions: 0->0
[2023-07-17T21:34:34.034+0000][67][info ][gc,metaspace] GC(20) Metaspace: 139399K(142848K)->139399K(142848K) NonClass: 121496K(123264K)->121496K(123264K) Class: 17902K(19584K)->17902K(19584K)
[2023-07-17T21:34:34.035+0000][67][info ][gc          ] GC(20) Pause Young (Normal) (G1 Evacuation Pause) 2411M->119M(3932M) 59.700ms
[2023-07-17T21:34:34.036+0000][67][info ][gc,cpu      ] GC(20) User=0.14s Sys=0.00s Real=0.06s
[2023-07-17T21:34:34.037+0000][67][info ][safepoint   ] Safepoint "G1CollectForAllocation", Time since last: 39344479528 ns, Reaching safepoint: 303348 ns, At safepoint: 61899830 ns, Total: 62203178 ns
[2023-07-17T21:34:35.840+0000][67][info ][safepoint   ] Safepoint "Cleanup", Time since last: 1802305762 ns, Reaching safepoint: 199094 ns, At safepoint: 153246 ns, Total: 352340 ns
[2023-07-17T21:34:53.043+0000][67][info ][safepoint   ] Safepoint "Cleanup", Time since last: 17202776524 ns, Reaching safepoint: 313564 ns, At safepoint: 64205 ns, Total: 377769 ns
[2023-07-17T21:34:59.369+0000][67][info ][safepoint   ] Safepoint "Cleanup", Time since last: 6325924229 ns, Reaching safepoint: 287091 ns, At safepoint: 42757 ns, Total: 329848 ns
[2023-07-17T21:35:06.979+0000][67][info ][safepoint   ] Safepoint "Cleanup", Time since last: 7609523389 ns, Reaching safepoint: 301715 ns, At safepoint: 18618 ns, Total: 320333 ns
[2023-07-17T21:35:07.983+0000][67][info ][safepoint   ] Safepoint "Cleanup", Time since last: 1003253848 ns, Reaching safepoint: 307696 ns, At safepoint: 9156 ns, Total: 316852 ns
[2023-07-17T21:35:09.368+0000][67][info ][safepoint   ] Safepoint "Cleanup", Time since last: 1385192731 ns, Reaching safepoint: 348028 ns, At safepoint: 6082 ns, Total: 354110 ns
[2023-07-17T21:35:13.400+0000][67][info ][safepoint   ] Safepoint "Cleanup", Time since last: 4031030433 ns, Reaching safepoint: 351059 ns, At safepoint: 6403 ns, Total: 357462 ns
[2023-07-17T21:35:14.402+0000][67][info ][safepoint   ] Safepoint "Cleanup", Time since last: 1002306368 ns, Reaching safepoint: 357901 ns, At safepoint: 6030 ns, Total: 363931 ns
[2023-07-17T21:35:23.404+0000][67][info ][safepoint   ] Safepoint "Cleanup", Time since last: 9001430625 ns, Reaching safepoint: 372506 ns, At safepoint: 14042 ns, Total: 386548 ns
[2023-07-17T21:35:24.880+0000][67][info ][safepoint   ] Safepoint "Cleanup", Time since last: 1475358309 ns, Reaching safepoint: 298912 ns, At safepoint: 120102 ns, Total: 419014 ns
[2023-07-17T21:35:33.425+0000][67][info ][safepoint   ] Safepoint "Cleanup", Time since last: 8543356871 ns, Reaching safepoint: 607003 ns, At safepoint: 16875 ns, Total: 623878 ns
[2023-07-17T21:36:06.093+0000][67][info ][safepoint   ] Safepoint "Cleanup", Time since last: 32668046311 ns, Reaching safepoint: 128474 ns, At safepoint: 7161 ns, Total: 135635 ns
[2023-07-17T21:36:07.278+0000][67][info ][safepoint   ] Safepoint "Cleanup", Time since last: 1184350515 ns, Reaching safepoint: 125091 ns, At safepoint: 52186 ns, Total: 177277 ns
[2023-07-17T21:36:13.333+0000][67][info ][safepoint   ] Safepoint "Cleanup", Time since last: 6054522893 ns, Reaching safepoint: 593862 ns, At safepoint: 25580 ns, Total: 619442 ns
[2023-07-17T21:36:16.385+0000][67][info ][safepoint   ] Safepoint "Cleanup", Time since last: 3051263018 ns, Reaching safepoint: 291824 ns, At safepoint: 58679 ns, Total: 350503 ns
[2023-07-17T21:36:18.005+0000][67][info ][safepoint   ] Safepoint "Cleanup", Time since last: 1620380047 ns, Reaching safepoint: 464018 ns, At safepoint: 17937 ns, Total: 481955 ns
[2023-07-17T21:36:59.178+0000][67][info ][safepoint   ] Safepoint "Cleanup", Time since last: 41171945189 ns, Reaching safepoint: 205344 ns, At safepoint: 54520 ns, Total: 259864 ns
[2023-07-17T21:37:25.067+0000][67][info ][safepoint   ] Safepoint "Cleanup", Time since last: 25887874159 ns, Reaching safepoint: 275452 ns, At safepoint: 5447 ns, Total: 280899 ns
[2023-07-17T21:37:47.046+0000][67][info ][safepoint   ] Safepoint "Cleanup", Time since last: 21977851094 ns, Reaching safepoint: 331894 ns, At safepoint: 16877 ns, Total: 348771 ns
[2023-07-17T21:37:51.438+0000][67][info ][safepoint   ] Safepoint "Cleanup", Time since last: 4392070146 ns, Reaching safepoint: 298847 ns, At safepoint: 6662 ns, Total: 305509 ns
[2023-07-17T21:37:54.235+0000][67][info ][safepoint   ] Safepoint "Cleanup", Time since last: 2795920242 ns, Reaching safepoint: 669145 ns, At safepoint: 400181 ns, Total: 1069326 ns
[2023-07-17T21:37:55.382+0000][67][info ][safepoint   ] Safepoint "Cleanup", Time since last: 1146811236 ns, Reaching safepoint: 233583 ns, At safepoint: 7022 ns, Total: 240605 ns
[2023-07-17T21:37:56.384+0000][67][info ][safepoint   ] Safepoint "Cleanup", Time since last: 1001632287 ns, Reaching safepoint: 473315 ns, At safepoint: 22345 ns, Total: 495660 ns
[2023-07-17T21:37:57.387+0000][67][info ][safepoint   ] Safepoint "Cleanup", Time since last: 1002441917 ns, Reaching safepoint: 279949 ns, At safepoint: 6171 ns, Total: 286120 ns
[2023-07-17T21:38:03.748+0000][67][info ][safepoint   ] Safepoint "Cleanup", Time since last: 6360171098 ns, Reaching safepoint: 362585 ns, At safepoint: 6709 ns, Total: 369294 ns
[2023-07-17T21:38:04.986+0000][67][info ][safepoint   ] Safepoint "Cleanup", Time since last: 1237497780 ns, Reaching safepoint: 270918 ns, At safepoint: 46710 ns, Total: 317628 ns
[2023-07-17T21:38:08.926+0000][67][info ][safepoint   ] Safepoint "Cleanup", Time since last: 3939802724 ns, Reaching safepoint: 301917 ns, At safepoint: 67329 ns, Total: 369246 ns
[2023-07-17T21:38:22.171+0000][67][info ][safepoint   ] Safepoint "Cleanup", Time since last: 13244983812 ns, Reaching safepoint: 137414 ns, At safepoint: 6584 ns, Total: 143998 ns
[2023-07-17T21:38:32.760+0000][67][info ][safepoint   ] Safepoint "Cleanup", Time since last: 10588004982 ns, Reaching safepoint: 364191 ns, At safepoint: 7187 ns, Total: 371378 ns
[2023-07-17T21:38:40.570+0000][67][info ][safepoint   ] Safepoint "Cleanup", Time since last: 7809644601 ns, Reaching safepoint: 246193 ns, At safepoint: 60359 ns, Total: 306552 ns
[2023-07-17T21:38:53.338+0000][67][info ][safepoint   ] Safepoint "Cleanup", Time since last: 12767582270 ns, Reaching safepoint: 602540 ns, At safepoint: 94337 ns, Total: 696877 ns
[2023-07-17T21:39:09.443+0000][67][info ][safepoint   ] Safepoint "Cleanup", Time since last: 16103184705 ns, Reaching safepoint: 1012400 ns, At safepoint: 27500 ns, Total: 1039900 ns
[2023-07-17T21:39:11.497+0000][67][info ][safepoint   ] Safepoint "Cleanup", Time since last: 2054084240 ns, Reaching safepoint: 67343 ns, At safepoint: 3856 ns, Total: 71199 ns
[2023-07-17T21:39:17.073+0000][67][info ][safepoint   ] Safepoint "Cleanup", Time since last: 5575295243 ns, Reaching safepoint: 283013 ns, At safepoint: 58003 ns, Total: 341016 ns
[2023-07-17T21:39:29.321+0000][67][info ][safepoint   ] Safepoint "Cleanup", Time since last: 12247753148 ns, Reaching safepoint: 223051 ns, At safepoint: 57497 ns, Total: 280548 ns
[2023-07-17T21:39:32.895+0000][67][info ][safepoint   ] Safepoint "Cleanup", Time since last: 3586943053 ns, Reaching safepoint: 315587 ns, At safepoint: 5798 ns, Total: 321385 ns
[2023-07-17T21:39:41.461+0000][67][info ][safepoint   ] Safepoint "Cleanup", Time since last: 8565627127 ns, Reaching safepoint: 444307 ns, At safepoint: 12495 ns, Total: 456802 ns
[2023-07-17T21:39:52.669+0000][67][info ][safepoint   ] Safepoint "Cleanup", Time since last: 11207425131 ns, Reaching safepoint: 244197 ns, At safepoint: 41302 ns, Total: 285499 ns
[2023-07-17T21:40:24.716+0000][67][info ][safepoint   ] Safepoint "Cleanup", Time since last: 32049301489 ns, Reaching safepoint: 372452 ns, At safepoint: 14386 ns, Total: 386838 ns
[2023-07-17T21:40:28.179+0000][67][info ][safepoint   ] Safepoint "Cleanup", Time since last: 3462785649 ns, Reaching safepoint: 178620 ns, At safepoint: 66999 ns, Total: 245619 ns
[2023-07-17T21:40:36.436+0000][67][info ][safepoint   ] Safepoint "Cleanup", Time since last: 8256065322 ns, Reaching safepoint: 407628 ns, At safepoint: 8306 ns, Total: 415934 ns
[2023-07-17T21:41:26.030+0000][67][info ][safepoint   ] Safepoint "Cleanup", Time since last: 49593186867 ns, Reaching safepoint: 666128 ns, At safepoint: 9368 ns, Total: 675496 ns
[2023-07-17T21:41:53.372+0000][67][info ][safepoint   ] Safepoint "Cleanup", Time since last: 27340490981 ns, Reaching safepoint: 240766 ns, At safepoint: 16742 ns, Total: 257508 ns
[2023-07-17T21:42:24.367+0000][67][info ][safepoint   ] Safepoint "Cleanup", Time since last: 30994055159 ns, Reaching safepoint: 489090 ns, At safepoint: 6886 ns, Total: 495976 ns
[2023-07-17T21:42:28.312+0000][67][info ][safepoint   ] Safepoint "Cleanup", Time since last: 3944197111 ns, Reaching safepoint: 645698 ns, At safepoint: 91282 ns, Total: 736980 ns
[2023-07-17T21:42:29.572+0000][67][info ][safepoint   ] Safepoint "Cleanup", Time since last: 1259810399 ns, Reaching safepoint: 452014 ns, At safepoint: 7574 ns, Total: 459588 ns
[2023-07-17T21:42:31.087+0000][67][info ][safepoint   ] Safepoint "Cleanup", Time since last: 1514378104 ns, Reaching safepoint: 485421 ns, At safepoint: 13602 ns, Total: 499023 ns
[2023-07-17T21:42:33.091+0000][67][info ][safepoint   ] Safepoint "Cleanup", Time since last: 2003161384 ns, Reaching safepoint: 388606 ns, At safepoint: 12912 ns, Total: 401518 ns
[2023-07-17T21:42:46.825+0000][67][info ][safepoint   ] Safepoint "Cleanup", Time since last: 13733851382 ns, Reaching safepoint: 253266 ns, At safepoint: 47441 ns, Total: 300707 ns
[2023-07-17T21:43:04.193+0000][67][info ][safepoint   ] Safepoint "Cleanup", Time since last: 17367073560 ns, Reaching safepoint: 439823 ns, At safepoint: 55742 ns, Total: 495565 ns
[2023-07-17T21:43:11.256+0000][67][info ][safepoint   ] Safepoint "Cleanup", Time since last: 7062174262 ns, Reaching safepoint: 257816 ns, At safepoint: 41203 ns, Total: 299019 ns
[2023-07-17T21:43:12.599+0000][67][info ][safepoint   ] Safepoint "Cleanup", Time since last: 1343089359 ns, Reaching safepoint: 403906 ns, At safepoint: 44568 ns, Total: 448474 ns
[2023-07-17T21:43:14.420+0000][67][info ][safepoint   ] Safepoint "Cleanup", Time since last: 1820338426 ns, Reaching safepoint: 440849 ns, At safepoint: 15522 ns, Total: 456371 ns
[2023-07-17T21:43:24.812+0000][67][info ][safepoint   ] Safepoint "Cleanup", Time since last: 10391686660 ns, Reaching safepoint: 320085 ns, At safepoint: 4837 ns, Total: 324922 ns
[2023-07-17T21:43:26.815+0000][67][info ][safepoint   ] Safepoint "Cleanup", Time since last: 2002615786 ns, Reaching safepoint: 635478 ns, At safepoint: 10618 ns, Total: 646096 ns
[2023-07-17T21:43:27.819+0000][67][info ][safepoint   ] Safepoint "Cleanup", Time since last: 1003015188 ns, Reaching safepoint: 534944 ns, At safepoint: 10584 ns, Total: 545528 ns
[2023-07-17T21:43:29.107+0000][67][info ][safepoint   ] Safepoint "Cleanup", Time since last: 1287758069 ns, Reaching safepoint: 135543 ns, At safepoint: 59028 ns, Total: 194571 ns
[2023-07-17T21:43:30.201+0000][67][info ][safepoint   ] Safepoint "Cleanup", Time since last: 1093792561 ns, Reaching safepoint: 686617 ns, At safepoint: 14085 ns, Total: 700702 ns
[2023-07-17T21:43:34.425+0000][67][info ][safepoint   ] Safepoint "Cleanup", Time since last: 4222899505 ns, Reaching safepoint: 286927 ns, At safepoint: 52030 ns, Total: 338957 ns
[2023-07-17T21:44:16.234+0000][67][info ][safepoint   ] Safepoint "Cleanup", Time since last: 41808274610 ns, Reaching safepoint: 333431 ns, At safepoint: 44421 ns, Total: 377852 ns
[2023-07-17T21:44:25.019+0000][67][info ][safepoint   ] Safepoint "Cleanup", Time since last: 8783641867 ns, Reaching safepoint: 699042 ns, At safepoint: 25956 ns, Total: 724998 ns
[2023-07-17T21:44:28.222+0000][67][info ][safepoint   ] Safepoint "Cleanup", Time since last: 3202904371 ns, Reaching safepoint: 249232 ns, At safepoint: 44999 ns, Total: 294231 ns
[2023-07-17T21:44:29.314+0000][67][info ][safepoint   ] Safepoint "Cleanup", Time since last: 1092277916 ns, Reaching safepoint: 250417 ns, At safepoint: 43384 ns, Total: 293801 ns
[2023-07-17T21:44:32.408+0000][67][info ][safepoint   ] Safepoint "Cleanup", Time since last: 3093291161 ns, Reaching safepoint: 285694 ns, At safepoint: 4630 ns, Total: 290324 ns
[2023-07-17T21:44:34.655+0000][67][info ][safepoint   ] Safepoint "Cleanup", Time since last: 2246097020 ns, Reaching safepoint: 566053 ns, At safepoint: 53570 ns, Total: 619623 ns
[2023-07-17T21:44:36.063+0000][67][info ][safepoint   ] Safepoint "Cleanup", Time since last: 1406920467 ns, Reaching safepoint: 584613 ns, At safepoint: 10718 ns, Total: 595331 ns
[2023-07-17T21:44:37.450+0000][67][info ][safepoint   ] Safepoint "Cleanup", Time since last: 1386836060 ns, Reaching safepoint: 579106 ns, At safepoint: 9571 ns, Total: 588677 ns
[2023-07-17T21:45:11.449+0000][67][info ][safepoint   ] Safepoint "Cleanup", Time since last: 33997920206 ns, Reaching safepoint: 196285 ns, At safepoint: 15734 ns, Total: 212019 ns
[2023-07-17T21:45:58.789+0000][67][info ][safepoint   ] Safepoint "Cleanup", Time since last: 47339025057 ns, Reaching safepoint: 376903 ns, At safepoint: 79183 ns, Total: 456086 ns
[2023-07-17T21:45:59.889+0000][67][info ][safepoint   ] Safepoint "Cleanup", Time since last: 1099370117 ns, Reaching safepoint: 782520 ns, At safepoint: 28195 ns, Total: 810715 ns
[2023-07-17T21:46:53.478+0000][67][info ][safepoint   ] Safepoint "Cleanup", Time since last: 53587275791 ns, Reaching safepoint: 411716 ns, At safepoint: 55831 ns, Total: 467547 ns
[2023-07-17T21:46:54.593+0000][67][info ][safepoint   ] Safepoint "Cleanup", Time since last: 1114449330 ns, Reaching safepoint: 831174 ns, At safepoint: 26647 ns, Total: 857821 ns
[2023-07-17T21:47:04.500+0000][67][info ][gc,start    ] GC(21) Pause Young (Normal) (G1 Evacuation Pause)
[2023-07-17T21:47:04.502+0000][67][info ][gc,task     ] GC(21) Using 6 workers of 6 for evacuation
[2023-07-17T21:47:04.503+0000][67][debug][gc,age      ] GC(21) Desired survivor size 155189248 bytes, new threshold 15 (max threshold 15)
[2023-07-17T21:47:04.536+0000][67][info ][gc,phases   ] GC(21)   Pre Evacuate Collection Set: 0.3ms
[2023-07-17T21:47:04.537+0000][67][info ][gc,phases   ] GC(21)   Merge Heap Roots: 0.3ms
[2023-07-17T21:47:04.539+0000][67][info ][gc,phases   ] GC(21)   Evacuate Collection Set: 25.6ms
[2023-07-17T21:47:04.540+0000][67][info ][gc,phases   ] GC(21)   Post Evacuate Collection Set: 5.7ms
[2023-07-17T21:47:04.541+0000][67][info ][gc,phases   ] GC(21)   Other: 2.4ms
[2023-07-17T21:47:04.543+0000][67][trace][gc,age      ] GC(21) Age table with threshold 15 (max threshold 15)
[2023-07-17T21:47:04.545+0000][67][trace][gc,age      ] GC(21) - age   1:    3001736 bytes,    3001736 total
[2023-07-17T21:47:04.546+0000][67][trace][gc,age      ] GC(21) - age   2:     437984 bytes,    3439720 total
[2023-07-17T21:47:04.547+0000][67][trace][gc,age      ] GC(21) - age   3:     862800 bytes,    4302520 total
[2023-07-17T21:47:04.548+0000][67][trace][gc,age      ] GC(21) - age   4:     415160 bytes,    4717680 total
[2023-07-17T21:47:04.549+0000][67][trace][gc,age      ] GC(21) - age   5:     106792 bytes,    4824472 total
[2023-07-17T21:47:04.550+0000][67][trace][gc,age      ] GC(21) - age   6:    3419104 bytes,    8243576 total
[2023-07-17T21:47:04.551+0000][67][trace][gc,age      ] GC(21) - age   7:    2923192 bytes,   11166768 total
[2023-07-17T21:47:04.552+0000][67][trace][gc,age      ] GC(21) - age   8:     213048 bytes,   11379816 total
[2023-07-17T21:47:04.553+0000][67][trace][gc,age      ] GC(21) - age   9:    1319144 bytes,   12698960 total
[2023-07-17T21:47:04.554+0000][67][trace][gc,age      ] GC(21) - age  10:   26943856 bytes,   39642816 total
[2023-07-17T21:47:04.555+0000][67][trace][gc,age      ] GC(21) - age  11:   14463104 bytes,   54105920 total
[2023-07-17T21:47:04.556+0000][67][info ][gc,heap     ] GC(21) Eden regions: 573->0(575)
[2023-07-17T21:47:04.558+0000][67][info ][gc,heap     ] GC(21) Survivor regions: 16->14(74)
[2023-07-17T21:47:04.559+0000][67][info ][gc,heap     ] GC(21) Old regions: 14->14
[2023-07-17T21:47:04.560+0000][67][info ][gc,heap     ] GC(21) Archive regions: 2->2
[2023-07-17T21:47:04.561+0000][67][info ][gc,heap     ] GC(21) Humongous regions: 0->0
[2023-07-17T21:47:04.562+0000][67][info ][gc,metaspace] GC(21) Metaspace: 139673K(143104K)->139673K(143104K) NonClass: 121759K(123520K)->121759K(123520K) Class: 17914K(19584K)->17914K(19584K)
[2023-07-17T21:47:04.563+0000][67][info ][gc          ] GC(21) Pause Young (Normal) (G1 Evacuation Pause) 2411M->112M(3932M) 63.201ms
[2023-07-17T21:47:04.565+0000][67][info ][gc,cpu      ] GC(21) User=0.17s Sys=0.00s Real=0.06s
[2023-07-17T21:47:04.566+0000][67][info ][safepoint   ] Safepoint "G1CollectForAllocation", Time since last: 9906136025 ns, Reaching safepoint: 314328 ns, At safepoint: 65765797 ns, Total: 66080125 ns
[2023-07-17T21:47:58.186+0000][67][info ][safepoint   ] Safepoint "Cleanup", Time since last: 53619689159 ns, Reaching safepoint: 296259 ns, At safepoint: 14730 ns, Total: 310989 ns
[2023-07-17T21:48:06.079+0000][67][info ][safepoint   ] Safepoint "Cleanup", Time since last: 7891868068 ns, Reaching safepoint: 362821 ns, At safepoint: 9893 ns, Total: 372714 ns
[2023-07-17T21:48:08.082+0000][67][info ][safepoint   ] Safepoint "Cleanup", Time since last: 2002824449 ns, Reaching safepoint: 418792 ns, At safepoint: 15425 ns, Total: 434217 ns
[2023-07-17T21:48:10.496+0000][67][info ][safepoint   ] Safepoint "Cleanup", Time since last: 2413575422 ns, Reaching safepoint: 324758 ns, At safepoint: 53547 ns, Total: 378305 ns
[2023-07-17T21:48:26.473+0000][67][info ][safepoint   ] Safepoint "Cleanup", Time since last: 15975967377 ns, Reaching safepoint: 317916 ns, At safepoint: 6735 ns, Total: 324651 ns
[2023-07-17T21:48:35.362+0000][67][info ][safepoint   ] Safepoint "Cleanup", Time since last: 8888671222 ns, Reaching safepoint: 556091 ns, At safepoint: 53362 ns, Total: 609453 ns
[2023-07-17T21:49:29.965+0000][67][info ][safepoint   ] Safepoint "Cleanup", Time since last: 54602139417 ns, Reaching safepoint: 317151 ns, At safepoint: 4471 ns, Total: 321622 ns
[2023-07-17T21:49:35.500+0000][67][info ][safepoint   ] Safepoint "Cleanup", Time since last: 5533586718 ns, Reaching safepoint: 209512 ns, At safepoint: 6050 ns, Total: 215562 ns
[2023-07-17T21:49:51.627+0000][67][info ][safepoint   ] Safepoint "Cleanup", Time since last: 16126766923 ns, Reaching safepoint: 136082 ns, At safepoint: 10989 ns, Total: 147071 ns
[2023-07-17T21:49:53.018+0000][67][info ][safepoint   ] Safepoint "Cleanup", Time since last: 1391725353 ns, Reaching safepoint: 160057 ns, At safepoint: 55327 ns, Total: 215384 ns
[2023-07-17T21:49:54.881+0000][67][info ][safepoint   ] Safepoint "Cleanup", Time since last: 1862001355 ns, Reaching safepoint: 423112 ns, At safepoint: 6959 ns, Total: 430071 ns
[2023-07-17T21:50:04.676+0000][67][info ][safepoint   ] Safepoint "Cleanup", Time since last: 9794198667 ns, Reaching safepoint: 304005 ns, At safepoint: 56417 ns, Total: 360422 ns
[2023-07-17T21:50:29.512+0000][67][info ][safepoint   ] Safepoint "Cleanup", Time since last: 24835818964 ns, Reaching safepoint: 374109 ns, At safepoint: 44908 ns, Total: 419017 ns
[2023-07-17T21:50:30.853+0000][67][info ][safepoint   ] Safepoint "Cleanup", Time since last: 1340213703 ns, Reaching safepoint: 126593 ns, At safepoint: 3254 ns, Total: 129847 ns
[2023-07-17T21:50:34.849+0000][67][info ][safepoint   ] Safepoint "Cleanup", Time since last: 3994935200 ns, Reaching safepoint: 267262 ns, At safepoint: 43188 ns, Total: 310450 ns
[2023-07-17T21:50:37.016+0000][67][info ][safepoint   ] Safepoint "Cleanup", Time since last: 2166795098 ns, Reaching safepoint: 202941 ns, At safepoint: 43369 ns, Total: 246310 ns
[2023-07-17T21:50:46.294+0000][67][info ][safepoint   ] Safepoint "Cleanup", Time since last: 9277851962 ns, Reaching safepoint: 310378 ns, At safepoint: 63079 ns, Total: 373457 ns
[2023-07-17T21:51:04.914+0000][67][info ][safepoint   ] Safepoint "Cleanup", Time since last: 18619143300 ns, Reaching safepoint: 398027 ns, At safepoint: 54710 ns, Total: 452737 ns
[2023-07-17T21:51:24.760+0000][67][info ][safepoint   ] Safepoint "Cleanup", Time since last: 19846275175 ns, Reaching safepoint: 426818 ns, At safepoint: 7551 ns, Total: 434369 ns
[2023-07-17T21:51:25.765+0000][67][info ][safepoint   ] Safepoint "Cleanup", Time since last: 1003439059 ns, Reaching safepoint: 633950 ns, At safepoint: 11410 ns, Total: 645360 ns
[2023-07-17T21:52:24.635+0000][67][info ][safepoint   ] Safepoint "Cleanup", Time since last: 58868766284 ns, Reaching safepoint: 414585 ns, At safepoint: 22016 ns, Total: 436601 ns
[2023-07-17T21:52:28.987+0000][67][info ][safepoint   ] Safepoint "Cleanup", Time since last: 4351595805 ns, Reaching safepoint: 347168 ns, At safepoint: 54483 ns, Total: 401651 ns
[2023-07-17T21:52:40.340+0000][67][info ][safepoint   ] Safepoint "Cleanup", Time since last: 11352798530 ns, Reaching safepoint: 152727 ns, At safepoint: 76051 ns, Total: 228778 ns
[2023-07-17T21:52:42.077+0000][67][info ][safepoint   ] Safepoint "Cleanup", Time since last: 1735930479 ns, Reaching safepoint: 314381 ns, At safepoint: 7049 ns, Total: 321430 ns
[2023-07-17T21:53:05.047+0000][67][info ][safepoint   ] Safepoint "Cleanup", Time since last: 22969321564 ns, Reaching safepoint: 255775 ns, At safepoint: 43622 ns, Total: 299397 ns
[2023-07-17T21:53:24.743+0000][67][info ][safepoint   ] Safepoint "Cleanup", Time since last: 19695471007 ns, Reaching safepoint: 346960 ns, At safepoint: 5456 ns, Total: 352416 ns
[2023-07-17T21:53:48.752+0000][67][info ][safepoint   ] Safepoint "Cleanup", Time since last: 24007619685 ns, Reaching safepoint: 675706 ns, At safepoint: 25795 ns, Total: 701501 ns
[2023-07-17T21:54:06.562+0000][67][info ][safepoint   ] Safepoint "Cleanup", Time since last: 17809911803 ns, Reaching safepoint: 242383 ns, At safepoint: 52032 ns, Total: 294415 ns
[2023-07-17T21:54:24.741+0000][67][info ][safepoint   ] Safepoint "Cleanup", Time since last: 18177902143 ns, Reaching safepoint: 637514 ns, At safepoint: 14960 ns, Total: 652474 ns
[2023-07-17T21:55:00.080+0000][67][info ][safepoint   ] Safepoint "Cleanup", Time since last: 35334764626 ns, Reaching safepoint: 394467 ns, At safepoint: 17480 ns, Total: 411947 ns
[2023-07-17T21:55:22.362+0000][67][info ][safepoint   ] Safepoint "Cleanup", Time since last: 22277464290 ns, Reaching safepoint: 601154 ns, At safepoint: 56639 ns, Total: 657793 ns
[2023-07-17T21:55:36.599+0000][67][info ][safepoint   ] Safepoint "Cleanup", Time since last: 14236154297 ns, Reaching safepoint: 254883 ns, At safepoint: 22624 ns, Total: 277507 ns
[2023-07-17T21:55:38.273+0000][67][info ][safepoint   ] Safepoint "Cleanup", Time since last: 1673199728 ns, Reaching safepoint: 230217 ns, At safepoint: 7130 ns, Total: 237347 ns
[2023-07-17T21:55:42.670+0000][67][info ][safepoint   ] Safepoint "Cleanup", Time since last: 4396392573 ns, Reaching safepoint: 539425 ns, At safepoint: 7095 ns, Total: 546520 ns
[2023-07-17T21:55:59.559+0000][67][info ][safepoint   ] Safepoint "Cleanup", Time since last: 16888374405 ns, Reaching safepoint: 462054 ns, At safepoint: 22843 ns, Total: 484897 ns
[2023-07-17T21:56:08.362+0000][67][info ][safepoint   ] Safepoint "Cleanup", Time since last: 8802703567 ns, Reaching safepoint: 410526 ns, At safepoint: 15898 ns, Total: 426424 ns
[2023-07-17T21:56:40.569+0000][67][info ][safepoint   ] Safepoint "Cleanup", Time since last: 32205088379 ns, Reaching safepoint: 391288 ns, At safepoint: 82838 ns, Total: 474126 ns
[2023-07-17T21:57:03.506+0000][67][info ][safepoint   ] Safepoint "Cleanup", Time since last: 22936464791 ns, Reaching safepoint: 765572 ns, At safepoint: 25705 ns, Total: 791277 ns
[2023-07-17T21:57:16.346+0000][67][info ][safepoint   ] Safepoint "Cleanup", Time since last: 12839646018 ns, Reaching safepoint: 399913 ns, At safepoint: 56659 ns, Total: 456572 ns
[2023-07-17T21:58:34.723+0000][67][info ][safepoint   ] Safepoint "Cleanup", Time since last: 78373891238 ns, Reaching safepoint: 278267 ns, At safepoint: 56912 ns, Total: 335179 ns
[2023-07-17T21:58:49.615+0000][67][info ][safepoint   ] Safepoint "Cleanup", Time since last: 14891681269 ns, Reaching safepoint: 425180 ns, At safepoint: 26358 ns, Total: 451538 ns
[2023-07-17T21:58:52.321+0000][67][info ][safepoint   ] Safepoint "Cleanup", Time since last: 2705677888 ns, Reaching safepoint: 228183 ns, At safepoint: 42867 ns, Total: 271050 ns
[2023-07-17T21:58:53.328+0000][67][info ][safepoint   ] Safepoint "Cleanup", Time since last: 1006711066 ns, Reaching safepoint: 171895 ns, At safepoint: 46135 ns, Total: 218030 ns
[2023-07-17T21:58:56.444+0000][67][info ][safepoint   ] Safepoint "Cleanup", Time since last: 3115588054 ns, Reaching safepoint: 387863 ns, At safepoint: 20618 ns, Total: 408481 ns
[2023-07-17T21:58:59.766+0000][67][info ][safepoint   ] Safepoint "Cleanup", Time since last: 3321135378 ns, Reaching safepoint: 357288 ns, At safepoint: 65858 ns, Total: 423146 ns
[2023-07-17T21:59:01.099+0000][67][info ][safepoint   ] Safepoint "Cleanup", Time since last: 1332587146 ns, Reaching safepoint: 526108 ns, At safepoint: 100440 ns, Total: 626548 ns
[2023-07-17T21:59:04.020+0000][67][info ][safepoint   ] Safepoint "Cleanup", Time since last: 2921086490 ns, Reaching safepoint: 224290 ns, At safepoint: 7689 ns, Total: 231979 ns
[2023-07-17T21:59:07.514+0000][67][info ][safepoint   ] Safepoint "Cleanup", Time since last: 3492951446 ns, Reaching safepoint: 395308 ns, At safepoint: 194468 ns, Total: 589776 ns
[2023-07-17T21:59:25.117+0000][67][info ][safepoint   ] Safepoint "Cleanup", Time since last: 17602793104 ns, Reaching safepoint: 395271 ns, At safepoint: 16611 ns, Total: 411882 ns
[2023-07-17T21:59:28.210+0000][67][info ][gc,start    ] GC(22) Pause Young (Normal) (G1 Evacuation Pause)
[2023-07-17T21:59:28.213+0000][67][info ][gc,task     ] GC(22) Using 6 workers of 6 for evacuation
[2023-07-17T21:59:28.214+0000][67][debug][gc,age      ] GC(22) Desired survivor size 155189248 bytes, new threshold 15 (max threshold 15)
[2023-07-17T21:59:28.253+0000][67][info ][gc,phases   ] GC(22)   Pre Evacuate Collection Set: 0.4ms
[2023-07-17T21:59:28.255+0000][67][info ][gc,phases   ] GC(22)   Merge Heap Roots: 0.3ms
[2023-07-17T21:59:28.256+0000][67][info ][gc,phases   ] GC(22)   Evacuate Collection Set: 32.1ms
[2023-07-17T21:59:28.257+0000][67][info ][gc,phases   ] GC(22)   Post Evacuate Collection Set: 5.1ms
[2023-07-17T21:59:28.258+0000][67][info ][gc,phases   ] GC(22)   Other: 2.5ms
[2023-07-17T21:59:28.260+0000][67][trace][gc,age      ] GC(22) Age table with threshold 15 (max threshold 15)
[2023-07-17T21:59:28.261+0000][67][trace][gc,age      ] GC(22) - age   1:    3534288 bytes,    3534288 total
[2023-07-17T21:59:28.262+0000][67][trace][gc,age      ] GC(22) - age   2:     589768 bytes,    4124056 total
[2023-07-17T21:59:28.264+0000][67][trace][gc,age      ] GC(22) - age   3:     418888 bytes,    4542944 total
[2023-07-17T21:59:28.265+0000][67][trace][gc,age      ] GC(22) - age   4:     838632 bytes,    5381576 total
[2023-07-17T21:59:28.266+0000][67][trace][gc,age      ] GC(22) - age   5:     414808 bytes,    5796384 total
[2023-07-17T21:59:28.267+0000][67][trace][gc,age      ] GC(22) - age   6:     106792 bytes,    5903176 total
[2023-07-17T21:59:28.268+0000][67][trace][gc,age      ] GC(22) - age   7:    3415568 bytes,    9318744 total
[2023-07-17T21:59:28.269+0000][67][trace][gc,age      ] GC(22) - age   8:    2906112 bytes,   12224856 total
[2023-07-17T21:59:28.271+0000][67][trace][gc,age      ] GC(22) - age   9:     213048 bytes,   12437904 total
[2023-07-17T21:59:28.271+0000][67][trace][gc,age      ] GC(22) - age  10:    1319144 bytes,   13757048 total
[2023-07-17T21:59:28.273+0000][67][trace][gc,age      ] GC(22) - age  11:   26943072 bytes,   40700120 total
[2023-07-17T21:59:28.274+0000][67][trace][gc,age      ] GC(22) - age  12:   14463104 bytes,   55163224 total
[2023-07-17T21:59:28.275+0000][67][info ][gc,heap     ] GC(22) Eden regions: 575->0(574)
[2023-07-17T21:59:28.276+0000][67][info ][gc,heap     ] GC(22) Survivor regions: 14->15(74)
[2023-07-17T21:59:28.277+0000][67][info ][gc,heap     ] GC(22) Old regions: 14->14
[2023-07-17T21:59:28.277+0000][67][info ][gc,heap     ] GC(22) Archive regions: 2->2
[2023-07-17T21:59:28.279+0000][67][info ][gc,heap     ] GC(22) Humongous regions: 0->0
[2023-07-17T21:59:28.280+0000][67][info ][gc,metaspace] GC(22) Metaspace: 139852K(143296K)->139852K(143296K) NonClass: 121938K(123712K)->121938K(123712K) Class: 17914K(19584K)->17914K(19584K)
[2023-07-17T21:59:28.281+0000][67][info ][gc          ] GC(22) Pause Young (Normal) (G1 Evacuation Pause) 2412M->116M(3932M) 70.976ms
[2023-07-17T21:59:28.282+0000][67][info ][gc,cpu      ] GC(22) User=0.19s Sys=0.01s Real=0.07s
[2023-07-17T21:59:28.283+0000][67][info ][safepoint   ] Safepoint "G1CollectForAllocation", Time since last: 3092244614 ns, Reaching safepoint: 261746 ns, At safepoint: 73622888 ns, Total: 73884634 ns
[2023-07-17T21:59:55.439+0000][67][info ][safepoint   ] Safepoint "Cleanup", Time since last: 27154728084 ns, Reaching safepoint: 276358 ns, At safepoint: 5900 ns, Total: 282258 ns
[2023-07-17T22:00:22.308+0000][67][info ][safepoint   ] Safepoint "Cleanup", Time since last: 26867314159 ns, Reaching safepoint: 331073 ns, At safepoint: 88701 ns, Total: 419774 ns
[2023-07-17T22:00:26.773+0000][67][info ][safepoint   ] Safepoint "Cleanup", Time since last: 4464531551 ns, Reaching safepoint: 482258 ns, At safepoint: 11479 ns, Total: 493737 ns
[2023-07-17T22:00:37.879+0000][67][info ][safepoint   ] Safepoint "Cleanup", Time since last: 11105870547 ns, Reaching safepoint: 164771 ns, At safepoint: 49697 ns, Total: 214468 ns
[2023-07-17T22:01:24.554+0000][67][info ][safepoint   ] Safepoint "Cleanup", Time since last: 46673508013 ns, Reaching safepoint: 498666 ns, At safepoint: 17648 ns, Total: 516314 ns
[2023-07-17T22:02:03.778+0000][67][info ][safepoint   ] Safepoint "Cleanup", Time since last: 39222823703 ns, Reaching safepoint: 370721 ns, At safepoint: 17114 ns, Total: 387835 ns
[2023-07-17T22:02:33.271+0000][67][info ][safepoint   ] Safepoint "Cleanup", Time since last: 29491130829 ns, Reaching safepoint: 451275 ns, At safepoint: 13591 ns, Total: 464866 ns
[2023-07-17T22:02:58.335+0000][67][info ][safepoint   ] Safepoint "Cleanup", Time since last: 25063593158 ns, Reaching safepoint: 359537 ns, At safepoint: 5930 ns, Total: 365467 ns
[2023-07-17T22:03:26.706+0000][67][info ][safepoint   ] Safepoint "Cleanup", Time since last: 28370499481 ns, Reaching safepoint: 404459 ns, At safepoint: 18019 ns, Total: 422478 ns
[2023-07-17T22:03:31.567+0000][67][info ][safepoint   ] Safepoint "Cleanup", Time since last: 4860383407 ns, Reaching safepoint: 963710 ns, At safepoint: 18005 ns, Total: 981715 ns
[2023-07-17T22:03:34.408+0000][67][info ][safepoint   ] Safepoint "Cleanup", Time since last: 2839052853 ns, Reaching safepoint: 398197 ns, At safepoint: 117929 ns, Total: 516126 ns
[2023-07-17T22:03:35.481+0000][67][info ][safepoint   ] Safepoint "Cleanup", Time since last: 1072627843 ns, Reaching safepoint: 410488 ns, At safepoint: 56375 ns, Total: 466863 ns
[2023-07-17T22:04:01.573+0000][67][info ][safepoint   ] Safepoint "Cleanup", Time since last: 26091839470 ns, Reaching safepoint: 325050 ns, At safepoint: 5146 ns, Total: 330196 ns
[2023-07-17T22:04:55.939+0000][67][info ][safepoint   ] Safepoint "Cleanup", Time since last: 54364824385 ns, Reaching safepoint: 344606 ns, At safepoint: 11131 ns, Total: 355737 ns
[2023-07-17T22:04:58.444+0000][67][info ][safepoint   ] Safepoint "Cleanup", Time since last: 2504590827 ns, Reaching safepoint: 383711 ns, At safepoint: 54253 ns, Total: 437964 ns
[2023-07-17T22:05:20.786+0000][67][info ][safepoint   ] Safepoint "Cleanup", Time since last: 22340584647 ns, Reaching safepoint: 207926 ns, At safepoint: 3853 ns, Total: 211779 ns
[2023-07-17T22:05:25.165+0000][67][info ][safepoint   ] Safepoint "Cleanup", Time since last: 4378550845 ns, Reaching safepoint: 627060 ns, At safepoint: 11074 ns, Total: 638134 ns
[2023-07-17T22:05:41.338+0000][67][info ][safepoint   ] Safepoint "Cleanup", Time since last: 16172427128 ns, Reaching safepoint: 341488 ns, At safepoint: 45987 ns, Total: 387475 ns
[2023-07-17T22:05:42.743+0000][67][info ][safepoint   ] Safepoint "Cleanup", Time since last: 1404361283 ns, Reaching safepoint: 326034 ns, At safepoint: 43749 ns, Total: 369783 ns
[2023-07-17T22:05:58.379+0000][67][info ][safepoint   ] Safepoint "Cleanup", Time since last: 15636189427 ns, Reaching safepoint: 76401 ns, At safepoint: 14307 ns, Total: 90708 ns
[2023-07-17T22:07:22.466+0000][67][info ][safepoint   ] Safepoint "Cleanup", Time since last: 84084220618 ns, Reaching safepoint: 385768 ns, At safepoint: 57724 ns, Total: 443492 ns
[2023-07-17T22:07:25.236+0000][67][info ][safepoint   ] Safepoint "Cleanup", Time since last: 2769639678 ns, Reaching safepoint: 706253 ns, At safepoint: 10062 ns, Total: 716315 ns
[2023-07-17T22:07:30.640+0000][67][info ][safepoint   ] Safepoint "Cleanup", Time since last: 5403096693 ns, Reaching safepoint: 437025 ns, At safepoint: 20431 ns, Total: 457456 ns
[2023-07-17T22:08:58.472+0000][67][info ][safepoint   ] Safepoint "Cleanup", Time since last: 87829940318 ns, Reaching safepoint: 347497 ns, At safepoint: 52381 ns, Total: 399878 ns
[2023-07-17T22:09:00.031+0000][67][info ][safepoint   ] Safepoint "Cleanup", Time since last: 1558588664 ns, Reaching safepoint: 540670 ns, At safepoint: 19296 ns, Total: 559966 ns
[2023-07-17T22:09:24.446+0000][67][info ][safepoint   ] Safepoint "Cleanup", Time since last: 24414326558 ns, Reaching safepoint: 129337 ns, At safepoint: 7932 ns, Total: 137269 ns
[2023-07-17T22:09:37.950+0000][67][info ][safepoint   ] Safepoint "Cleanup", Time since last: 13481876395 ns, Reaching safepoint: 140007 ns, At safepoint: 95370 ns, Total: 235377 ns
[2023-07-17T22:10:44.768+0000][67][info ][safepoint   ] Safepoint "Cleanup", Time since last: 66791680570 ns, Reaching safepoint: 118840 ns, At safepoint: 13533 ns, Total: 132373 ns
[2023-07-17T22:10:46.544+0000][67][info ][safepoint   ] Safepoint "Cleanup", Time since last: 1776236213 ns, Reaching safepoint: 204788 ns, At safepoint: 55809 ns, Total: 260597 ns
[2023-07-17T22:11:29.652+0000][67][info ][safepoint   ] Safepoint "Cleanup", Time since last: 43105118500 ns, Reaching safepoint: 237889 ns, At safepoint: 23306 ns, Total: 261195 ns
[2023-07-17T22:11:56.979+0000][67][info ][safepoint   ] Safepoint "Cleanup", Time since last: 27326491225 ns, Reaching safepoint: 179693 ns, At safepoint: 9886 ns, Total: 189579 ns
[2023-07-17T22:12:07.391+0000][67][info ][gc,start    ] GC(23) Pause Young (Normal) (G1 Evacuation Pause)
[2023-07-17T22:12:07.392+0000][67][info ][gc,task     ] GC(23) Using 6 workers of 6 for evacuation
[2023-07-17T22:12:07.394+0000][67][debug][gc,age      ] GC(23) Desired survivor size 155189248 bytes, new threshold 15 (max threshold 15)
[2023-07-17T22:12:07.425+0000][67][info ][gc,phases   ] GC(23)   Pre Evacuate Collection Set: 0.4ms
[2023-07-17T22:12:07.426+0000][67][info ][gc,phases   ] GC(23)   Merge Heap Roots: 0.6ms
[2023-07-17T22:12:07.428+0000][67][info ][gc,phases   ] GC(23)   Evacuate Collection Set: 23.3ms
[2023-07-17T22:12:07.429+0000][67][info ][gc,phases   ] GC(23)   Post Evacuate Collection Set: 5.3ms
[2023-07-17T22:12:07.431+0000][67][info ][gc,phases   ] GC(23)   Other: 2.5ms
[2023-07-17T22:12:07.432+0000][67][trace][gc,age      ] GC(23) Age table with threshold 15 (max threshold 15)
[2023-07-17T22:12:07.433+0000][67][trace][gc,age      ] GC(23) - age   1:    1765144 bytes,    1765144 total
[2023-07-17T22:12:07.435+0000][67][trace][gc,age      ] GC(23) - age   2:     968096 bytes,    2733240 total
[2023-07-17T22:12:07.436+0000][67][trace][gc,age      ] GC(23) - age   3:     519208 bytes,    3252448 total
[2023-07-17T22:12:07.437+0000][67][trace][gc,age      ] GC(23) - age   4:     406256 bytes,    3658704 total
[2023-07-17T22:12:07.439+0000][67][trace][gc,age      ] GC(23) - age   5:     838496 bytes,    4497200 total
[2023-07-17T22:12:07.441+0000][67][trace][gc,age      ] GC(23) - age   6:     414360 bytes,    4911560 total
[2023-07-17T22:12:07.442+0000][67][trace][gc,age      ] GC(23) - age   7:     106656 bytes,    5018216 total
[2023-07-17T22:12:07.443+0000][67][trace][gc,age      ] GC(23) - age   8:    3408912 bytes,    8427128 total
[2023-07-17T22:12:07.444+0000][67][trace][gc,age      ] GC(23) - age   9:    2906112 bytes,   11333240 total
[2023-07-17T22:12:07.445+0000][67][trace][gc,age      ] GC(23) - age  10:     213024 bytes,   11546264 total
[2023-07-17T22:12:07.446+0000][67][trace][gc,age      ] GC(23) - age  11:    1318920 bytes,   12865184 total
[2023-07-17T22:12:07.448+0000][67][trace][gc,age      ] GC(23) - age  12:   26942584 bytes,   39807768 total
[2023-07-17T22:12:07.449+0000][67][trace][gc,age      ] GC(23) - age  13:   14463104 bytes,   54270872 total
[2023-07-17T22:12:07.450+0000][67][info ][gc,heap     ] GC(23) Eden regions: 574->0(574)
[2023-07-17T22:12:07.451+0000][67][info ][gc,heap     ] GC(23) Survivor regions: 15->15(74)
[2023-07-17T22:12:07.452+0000][67][info ][gc,heap     ] GC(23) Old regions: 14->14
[2023-07-17T22:12:07.453+0000][67][info ][gc,heap     ] GC(23) Archive regions: 2->2
[2023-07-17T22:12:07.454+0000][67][info ][gc,heap     ] GC(23) Humongous regions: 0->0
[2023-07-17T22:12:07.455+0000][67][info ][gc,metaspace] GC(23) Metaspace: 139966K(143360K)->139966K(143360K) NonClass: 122051K(123776K)->122051K(123776K) Class: 17914K(19584K)->17914K(19584K)
[2023-07-17T22:12:07.456+0000][67][info ][gc          ] GC(23) Pause Young (Normal) (G1 Evacuation Pause) 2412M->115M(3932M) 65.001ms
[2023-07-17T22:12:07.457+0000][67][info ][gc,cpu      ] GC(23) User=0.15s Sys=0.00s Real=0.07s
[2023-07-17T22:12:07.458+0000][67][info ][safepoint   ] Safepoint "G1CollectForAllocation", Time since last: 10410552601 ns, Reaching safepoint: 349978 ns, At safepoint: 67277536 ns, Total: 67627514 ns
[2023-07-17T22:12:28.617+0000][67][info ][safepoint   ] Safepoint "Cleanup", Time since last: 21159047771 ns, Reaching safepoint: 273424 ns, At safepoint: 54389 ns, Total: 327813 ns
[2023-07-17T22:13:27.484+0000][67][info ][safepoint   ] Safepoint "Cleanup", Time since last: 58864007495 ns, Reaching safepoint: 687810 ns, At safepoint: 23804 ns, Total: 711614 ns
[2023-07-17T22:13:59.864+0000][67][info ][safepoint   ] Safepoint "Cleanup", Time since last: 32378608623 ns, Reaching safepoint: 692622 ns, At safepoint: 16445 ns, Total: 709067 ns
[2023-07-17T22:14:24.857+0000][67][info ][safepoint   ] Safepoint "Cleanup", Time since last: 24991952935 ns, Reaching safepoint: 277842 ns, At safepoint: 5527 ns, Total: 283369 ns
[2023-07-17T22:14:41.391+0000][67][info ][safepoint   ] Safepoint "Cleanup", Time since last: 16532275700 ns, Reaching safepoint: 251728 ns, At safepoint: 53983 ns, Total: 305711 ns
[2023-07-17T22:14:59.744+0000][67][info ][safepoint   ] Safepoint "Cleanup", Time since last: 18352721297 ns, Reaching safepoint: 312984 ns, At safepoint: 46377 ns, Total: 359361 ns
[2023-07-17T22:15:11.536+0000][67][info ][safepoint   ] Safepoint "Cleanup", Time since last: 11790871934 ns, Reaching safepoint: 117284 ns, At safepoint: 80840 ns, Total: 198124 ns
[2023-07-17T22:15:24.502+0000][67][info ][safepoint   ] Safepoint "Cleanup", Time since last: 12965745918 ns, Reaching safepoint: 889045 ns, At safepoint: 23150 ns, Total: 912195 ns
[2023-07-17T22:15:41.685+0000][67][info ][safepoint   ] Safepoint "Cleanup", Time since last: 17181709776 ns, Reaching safepoint: 274982 ns, At safepoint: 48672 ns, Total: 323654 ns
[2023-07-17T22:15:58.626+0000][67][info ][safepoint   ] Safepoint "Cleanup", Time since last: 16940260056 ns, Reaching safepoint: 405156 ns, At safepoint: 17003 ns, Total: 422159 ns
[2023-07-17T22:16:01.049+0000][67][info ][safepoint   ] Safepoint "Cleanup", Time since last: 2422621914 ns, Reaching safepoint: 624674 ns, At safepoint: 11633 ns, Total: 636307 ns
[2023-07-17T22:16:05.097+0000][67][info ][safepoint   ] Safepoint "Cleanup", Time since last: 4046826963 ns, Reaching safepoint: 310981 ns, At safepoint: 16837 ns, Total: 327818 ns
[2023-07-17T22:16:24.811+0000][67][info ][safepoint   ] Safepoint "Cleanup", Time since last: 19713695363 ns, Reaching safepoint: 669020 ns, At safepoint: 17929 ns, Total: 686949 ns
[2023-07-17T22:16:58.905+0000][67][info ][safepoint   ] Safepoint "Cleanup", Time since last: 34092138556 ns, Reaching safepoint: 386916 ns, At safepoint: 61331 ns, Total: 448247 ns
[2023-07-17T22:20:11.850+0000][67][info ][safepoint   ] Safepoint "Cleanup", Time since last: 192938687091 ns, Reaching safepoint: 302921 ns, At safepoint: 46708 ns, Total: 349629 ns
[2023-07-17T22:23:27.127+0000][67][info ][safepoint   ] Safepoint "Cleanup", Time since last: 195271249478 ns, Reaching safepoint: 395300 ns, At safepoint: 17037 ns, Total: 412337 ns
[2023-07-17T22:24:42.091+0000][67][info ][safepoint   ] Safepoint "Cleanup", Time since last: 74960685287 ns, Reaching safepoint: 119761 ns, At safepoint: 61960 ns, Total: 181721 ns
[2023-07-17T22:25:20.793+0000][67][info ][gc,start    ] GC(24) Pause Young (Normal) (G1 Evacuation Pause)
[2023-07-17T22:25:20.795+0000][67][info ][gc,task     ] GC(24) Using 6 workers of 6 for evacuation
[2023-07-17T22:25:20.797+0000][67][debug][gc,age      ] GC(24) Desired survivor size 155189248 bytes, new threshold 15 (max threshold 15)
[2023-07-17T22:25:20.822+0000][67][info ][gc,phases   ] GC(24)   Pre Evacuate Collection Set: 0.4ms
[2023-07-17T22:25:20.824+0000][67][info ][gc,phases   ] GC(24)   Merge Heap Roots: 0.3ms
[2023-07-17T22:25:20.825+0000][67][info ][gc,phases   ] GC(24)   Evacuate Collection Set: 19.2ms
[2023-07-17T22:25:20.826+0000][67][info ][gc,phases   ] GC(24)   Post Evacuate Collection Set: 4.4ms
[2023-07-17T22:25:20.827+0000][67][info ][gc,phases   ] GC(24)   Other: 2.9ms
[2023-07-17T22:25:20.828+0000][67][trace][gc,age      ] GC(24) Age table with threshold 15 (max threshold 15)
[2023-07-17T22:25:20.830+0000][67][trace][gc,age      ] GC(24) - age   1:     865216 bytes,     865216 total
[2023-07-17T22:25:20.831+0000][67][trace][gc,age      ] GC(24) - age   2:     639648 bytes,    1504864 total
[2023-07-17T22:25:20.833+0000][67][trace][gc,age      ] GC(24) - age   3:     933216 bytes,    2438080 total
[2023-07-17T22:25:20.835+0000][67][trace][gc,age      ] GC(24) - age   4:     510664 bytes,    2948744 total
[2023-07-17T22:25:20.836+0000][67][trace][gc,age      ] GC(24) - age   5:     391416 bytes,    3340160 total
[2023-07-17T22:25:20.837+0000][67][trace][gc,age      ] GC(24) - age   6:     838216 bytes,    4178376 total
[2023-07-17T22:25:20.838+0000][67][trace][gc,age      ] GC(24) - age   7:     413464 bytes,    4591840 total
[2023-07-17T22:25:20.839+0000][67][trace][gc,age      ] GC(24) - age   8:     106656 bytes,    4698496 total
[2023-07-17T22:25:20.840+0000][67][trace][gc,age      ] GC(24) - age   9:    3408912 bytes,    8107408 total
[2023-07-17T22:25:20.841+0000][67][trace][gc,age      ] GC(24) - age  10:    2905816 bytes,   11013224 total
[2023-07-17T22:25:20.842+0000][67][trace][gc,age      ] GC(24) - age  11:     213024 bytes,   11226248 total
[2023-07-17T22:25:20.843+0000][67][trace][gc,age      ] GC(24) - age  12:    1318920 bytes,   12545168 total
[2023-07-17T22:25:20.844+0000][67][trace][gc,age      ] GC(24) - age  13:   26942288 bytes,   39487456 total
[2023-07-17T22:25:20.845+0000][67][trace][gc,age      ] GC(24) - age  14:   14463104 bytes,   53950560 total
[2023-07-17T22:25:20.846+0000][67][info ][gc,heap     ] GC(24) Eden regions: 574->0(575)
[2023-07-17T22:25:20.847+0000][67][info ][gc,heap     ] GC(24) Survivor regions: 15->14(74)
[2023-07-17T22:25:20.848+0000][67][info ][gc,heap     ] GC(24) Old regions: 14->14
[2023-07-17T22:25:20.849+0000][67][info ][gc,heap     ] GC(24) Archive regions: 2->2
[2023-07-17T22:25:20.850+0000][67][info ][gc,heap     ] GC(24) Humongous regions: 0->0
[2023-07-17T22:25:20.851+0000][67][info ][gc,metaspace] GC(24) Metaspace: 139990K(143488K)->139990K(143488K) NonClass: 122075K(123904K)->122075K(123904K) Class: 17914K(19584K)->17914K(19584K)
[2023-07-17T22:25:20.852+0000][67][info ][gc          ] GC(24) Pause Young (Normal) (G1 Evacuation Pause) 2411M->112M(3932M) 59.555ms
[2023-07-17T22:25:20.853+0000][67][info ][gc,cpu      ] GC(24) User=0.12s Sys=0.00s Real=0.06s
[2023-07-17T22:25:20.854+0000][67][info ][safepoint   ] Safepoint "G1CollectForAllocation", Time since last: 38640002345 ns, Reaching safepoint: 338247 ns, At safepoint: 61657884 ns, Total: 61996131 ns
[2023-07-17T22:25:24.547+0000][67][info ][safepoint   ] Safepoint "Cleanup", Time since last: 3692120417 ns, Reaching safepoint: 521603 ns, At safepoint: 9696 ns, Total: 531299 ns
[2023-07-17T22:25:34.784+0000][67][info ][safepoint   ] Safepoint "Cleanup", Time since last: 10235425239 ns, Reaching safepoint: 126958 ns, At safepoint: 56834 ns, Total: 183792 ns
[2023-07-17T22:25:53.937+0000][67][info ][safepoint   ] Safepoint "Cleanup", Time since last: 19153010651 ns, Reaching safepoint: 90079 ns, At safepoint: 41203 ns, Total: 131282 ns
[2023-07-17T22:26:25.397+0000][67][info ][safepoint   ] Safepoint "Cleanup", Time since last: 31458358352 ns, Reaching safepoint: 716247 ns, At safepoint: 33150 ns, Total: 749397 ns
[2023-07-17T22:26:48.039+0000][67][info ][safepoint   ] Safepoint "Cleanup", Time since last: 22641055683 ns, Reaching safepoint: 485030 ns, At safepoint: 53514 ns, Total: 538544 ns
[2023-07-17T22:27:00.274+0000][67][info ][safepoint   ] Safepoint "Cleanup", Time since last: 12234314229 ns, Reaching safepoint: 228068 ns, At safepoint: 56132 ns, Total: 284200 ns
[2023-07-17T22:27:02.149+0000][67][info ][safepoint   ] Safepoint "Cleanup", Time since last: 1874419387 ns, Reaching safepoint: 608991 ns, At safepoint: 25705 ns, Total: 634696 ns
[2023-07-17T22:27:29.061+0000][67][info ][safepoint   ] Safepoint "Cleanup", Time since last: 26911557876 ns, Reaching safepoint: 160419 ns, At safepoint: 5946 ns, Total: 166365 ns
[2023-07-17T22:28:04.173+0000][67][info ][safepoint   ] Safepoint "Cleanup", Time since last: 35108781130 ns, Reaching safepoint: 368094 ns, At safepoint: 7226 ns, Total: 375320 ns
[2023-07-17T22:29:14.902+0000][67][info ][safepoint   ] Safepoint "Cleanup", Time since last: 70727315256 ns, Reaching safepoint: 383632 ns, At safepoint: 17314 ns, Total: 400946 ns
[2023-07-17T22:29:29.906+0000][67][info ][safepoint   ] Safepoint "Cleanup", Time since last: 15004295675 ns, Reaching safepoint: 345765 ns, At safepoint: 46991 ns, Total: 392756 ns
[2023-07-17T22:29:34.923+0000][67][info ][safepoint   ] Safepoint "Cleanup", Time since last: 5015378879 ns, Reaching safepoint: 285466 ns, At safepoint: 6535 ns, Total: 292001 ns
[2023-07-17T22:30:24.467+0000][67][info ][safepoint   ] Safepoint "Cleanup", Time since last: 49542013328 ns, Reaching safepoint: 659436 ns, At safepoint: 11006 ns, Total: 670442 ns
[2023-07-17T22:30:53.933+0000][67][info ][safepoint   ] Safepoint "Cleanup", Time since last: 29465077419 ns, Reaching safepoint: 310983 ns, At safepoint: 4281 ns, Total: 315264 ns
[2023-07-17T22:30:55.863+0000][67][info ][safepoint   ] Safepoint "Cleanup", Time since last: 1929636816 ns, Reaching safepoint: 283833 ns, At safepoint: 74570 ns, Total: 358403 ns
[2023-07-17T22:31:25.067+0000][67][info ][safepoint   ] Safepoint "Cleanup", Time since last: 29202029955 ns, Reaching safepoint: 524189 ns, At safepoint: 9586 ns, Total: 533775 ns
[2023-07-17T22:35:10.765+0000][67][info ][safepoint   ] Safepoint "Cleanup", Time since last: 225691709349 ns, Reaching safepoint: 152284 ns, At safepoint: 3759 ns, Total: 156043 ns
[2023-07-17T22:35:34.808+0000][67][info ][safepoint   ] Safepoint "Cleanup", Time since last: 24041458183 ns, Reaching safepoint: 287351 ns, At safepoint: 5091 ns, Total: 292442 ns
[2023-07-17T22:36:00.121+0000][67][info ][safepoint   ] Safepoint "Cleanup", Time since last: 25312530062 ns, Reaching safepoint: 336345 ns, At safepoint: 101995 ns, Total: 438340 ns
[2023-07-17T22:36:01.733+0000][67][info ][safepoint   ] Safepoint "Cleanup", Time since last: 1611911819 ns, Reaching safepoint: 392963 ns, At safepoint: 65926 ns, Total: 458889 ns
[2023-07-17T22:37:24.526+0000][67][info ][safepoint   ] Safepoint "Cleanup", Time since last: 82789281319 ns, Reaching safepoint: 331910 ns, At safepoint: 42435 ns, Total: 374345 ns
[2023-07-17T22:38:25.795+0000][67][info ][gc,start    ] GC(25) Pause Young (Normal) (G1 Evacuation Pause)
[2023-07-17T22:38:25.797+0000][67][info ][gc,task     ] GC(25) Using 6 workers of 6 for evacuation
[2023-07-17T22:38:25.799+0000][67][debug][gc,age      ] GC(25) Desired survivor size 155189248 bytes, new threshold 15 (max threshold 15)
[2023-07-17T22:38:25.829+0000][67][info ][gc,phases   ] GC(25)   Pre Evacuate Collection Set: 0.4ms
[2023-07-17T22:38:25.830+0000][67][info ][gc,phases   ] GC(25)   Merge Heap Roots: 0.3ms
[2023-07-17T22:38:25.832+0000][67][info ][gc,phases   ] GC(25)   Evacuate Collection Set: 22.5ms
[2023-07-17T22:38:25.833+0000][67][info ][gc,phases   ] GC(25)   Post Evacuate Collection Set: 5.3ms
[2023-07-17T22:38:25.834+0000][67][info ][gc,phases   ] GC(25)   Other: 3.1ms
[2023-07-17T22:38:25.835+0000][67][trace][gc,age      ] GC(25) Age table with threshold 15 (max threshold 15)
[2023-07-17T22:38:25.837+0000][67][trace][gc,age      ] GC(25) - age   1:    1284600 bytes,    1284600 total
[2023-07-17T22:38:25.838+0000][67][trace][gc,age      ] GC(25) - age   2:      59112 bytes,    1343712 total
[2023-07-17T22:38:25.839+0000][67][trace][gc,age      ] GC(25) - age   3:     624240 bytes,    1967952 total
[2023-07-17T22:38:25.840+0000][67][trace][gc,age      ] GC(25) - age   4:     917400 bytes,    2885352 total
[2023-07-17T22:38:25.842+0000][67][trace][gc,age      ] GC(25) - age   5:     492704 bytes,    3378056 total
[2023-07-17T22:38:25.843+0000][67][trace][gc,age      ] GC(25) - age   6:     369600 bytes,    3747656 total
[2023-07-17T22:38:25.844+0000][67][trace][gc,age      ] GC(25) - age   7:     838176 bytes,    4585832 total
[2023-07-17T22:38:25.845+0000][67][trace][gc,age      ] GC(25) - age   8:     412784 bytes,    4998616 total
[2023-07-17T22:38:25.846+0000][67][trace][gc,age      ] GC(25) - age   9:     106656 bytes,    5105272 total
[2023-07-17T22:38:25.847+0000][67][trace][gc,age      ] GC(25) - age  10:    3408488 bytes,    8513760 total
[2023-07-17T22:38:25.849+0000][67][trace][gc,age      ] GC(25) - age  11:    2905816 bytes,   11419576 total
[2023-07-17T22:38:25.850+0000][67][trace][gc,age      ] GC(25) - age  12:     213024 bytes,   11632600 total
[2023-07-17T22:38:25.850+0000][67][trace][gc,age      ] GC(25) - age  13:    1302712 bytes,   12935312 total
[2023-07-17T22:38:25.851+0000][67][trace][gc,age      ] GC(25) - age  14:   26942288 bytes,   39877600 total
[2023-07-17T22:38:25.852+0000][67][trace][gc,age      ] GC(25) - age  15:   14463104 bytes,   54340704 total
[2023-07-17T22:38:25.853+0000][67][info ][gc,heap     ] GC(25) Eden regions: 575->0(574)
[2023-07-17T22:38:25.854+0000][67][info ][gc,heap     ] GC(25) Survivor regions: 14->15(74)
[2023-07-17T22:38:25.856+0000][67][info ][gc,heap     ] GC(25) Old regions: 14->14
[2023-07-17T22:38:25.857+0000][67][info ][gc,heap     ] GC(25) Archive regions: 2->2
[2023-07-17T22:38:25.857+0000][67][info ][gc,heap     ] GC(25) Humongous regions: 0->0
[2023-07-17T22:38:25.858+0000][67][info ][gc,metaspace] GC(25) Metaspace: 140020K(143488K)->140020K(143488K) NonClass: 122106K(123904K)->122106K(123904K) Class: 17914K(19584K)->17914K(19584K)
[2023-07-17T22:38:25.859+0000][67][info ][gc          ] GC(25) Pause Young (Normal) (G1 Evacuation Pause) 2412M->116M(3932M) 64.427ms
[2023-07-17T22:38:25.860+0000][67][info ][gc,cpu      ] GC(25) User=0.14s Sys=0.00s Real=0.07s
[2023-07-17T22:38:25.861+0000][67][info ][safepoint   ] Safepoint "G1CollectForAllocation", Time since last: 61266653959 ns, Reaching safepoint: 379777 ns, At safepoint: 66798254 ns, Total: 67178031 ns
[2023-07-17T22:39:17.443+0000][67][info ][safepoint   ] Safepoint "Cleanup", Time since last: 51579247936 ns, Reaching safepoint: 119325 ns, At safepoint: 4371 ns, Total: 123696 ns
[2023-07-17T22:39:18.698+0000][67][info ][safepoint   ] Safepoint "Cleanup", Time since last: 1255350923 ns, Reaching safepoint: 131969 ns, At safepoint: 3244 ns, Total: 135213 ns
[2023-07-17T22:39:42.122+0000][67][info ][safepoint   ] Safepoint "Cleanup", Time since last: 23422304462 ns, Reaching safepoint: 420226 ns, At safepoint: 53865 ns, Total: 474091 ns
[2023-07-17T22:40:12.728+0000][67][info ][safepoint   ] Safepoint "Cleanup", Time since last: 30625149677 ns, Reaching safepoint: 162056 ns, At safepoint: 11855 ns, Total: 173911 ns
[2023-07-17T22:40:41.484+0000][67][info ][safepoint   ] Safepoint "Cleanup", Time since last: 28760093380 ns, Reaching safepoint: 293378 ns, At safepoint: 48485 ns, Total: 341863 ns
[2023-07-17T22:41:00.149+0000][67][info ][safepoint   ] Safepoint "Cleanup", Time since last: 18664575542 ns, Reaching safepoint: 335444 ns, At safepoint: 44086 ns, Total: 379530 ns
[2023-07-17T22:42:10.895+0000][67][info ][safepoint   ] Safepoint "Cleanup", Time since last: 70744236398 ns, Reaching safepoint: 202086 ns, At safepoint: 3674 ns, Total: 205760 ns
[2023-07-17T22:42:25.188+0000][67][info ][safepoint   ] Safepoint "Cleanup", Time since last: 14292817232 ns, Reaching safepoint: 347192 ns, At safepoint: 6739 ns, Total: 353931 ns
[2023-07-17T22:42:59.574+0000][67][info ][safepoint   ] Safepoint "Cleanup", Time since last: 34385101392 ns, Reaching safepoint: 284893 ns, At safepoint: 5422 ns, Total: 290315 ns
[2023-07-17T22:43:25.292+0000][67][info ][safepoint   ] Safepoint "Cleanup", Time since last: 25716898628 ns, Reaching safepoint: 579630 ns, At safepoint: 26530 ns, Total: 606160 ns
[2023-07-17T22:44:48.394+0000][67][info ][safepoint   ] Safepoint "Cleanup", Time since last: 83098809748 ns, Reaching safepoint: 263013 ns, At safepoint: 156199 ns, Total: 419212 ns
[2023-07-17T22:45:41.028+0000][67][info ][safepoint   ] Safepoint "Cleanup", Time since last: 52632220377 ns, Reaching safepoint: 108648 ns, At safepoint: 20456 ns, Total: 129104 ns
[2023-07-17T22:45:44.918+0000][67][info ][safepoint   ] Safepoint "Cleanup", Time since last: 3889786825 ns, Reaching safepoint: 702150 ns, At safepoint: 15799 ns, Total: 717949 ns
[2023-07-17T22:46:06.824+0000][67][info ][safepoint   ] Safepoint "Cleanup", Time since last: 21904891982 ns, Reaching safepoint: 453763 ns, At safepoint: 55102 ns, Total: 508865 ns
[2023-07-17T22:47:34.495+0000][67][info ][safepoint   ] Safepoint "Cleanup", Time since last: 87668377029 ns, Reaching safepoint: 629267 ns, At safepoint: 10556 ns, Total: 639823 ns
[2023-07-17T22:48:13.627+0000][67][info ][safepoint   ] Safepoint "Cleanup", Time since last: 39130768132 ns, Reaching safepoint: 342539 ns, At safepoint: 51093 ns, Total: 393632 ns
[2023-07-17T22:49:24.749+0000][67][info ][safepoint   ] Safepoint "Cleanup", Time since last: 71120311590 ns, Reaching safepoint: 628883 ns, At safepoint: 11169 ns, Total: 640052 ns
[2023-07-17T22:51:10.047+0000][67][info ][safepoint   ] Safepoint "Cleanup", Time since last: 105294633918 ns, Reaching safepoint: 316583 ns, At safepoint: 56179 ns, Total: 372762 ns
[2023-07-17T22:51:11.317+0000][67][info ][gc,start    ] GC(26) Pause Young (Normal) (G1 Evacuation Pause)
[2023-07-17T22:51:11.319+0000][67][info ][gc,task     ] GC(26) Using 6 workers of 6 for evacuation
[2023-07-17T22:51:11.320+0000][67][debug][gc,age      ] GC(26) Desired survivor size 155189248 bytes, new threshold 15 (max threshold 15)
[2023-07-17T22:51:11.357+0000][67][info ][gc,phases   ] GC(26)   Pre Evacuate Collection Set: 0.3ms
[2023-07-17T22:51:11.359+0000][67][info ][gc,phases   ] GC(26)   Merge Heap Roots: 0.3ms
[2023-07-17T22:51:11.360+0000][67][info ][gc,phases   ] GC(26)   Evacuate Collection Set: 31.0ms
[2023-07-17T22:51:11.361+0000][67][info ][gc,phases   ] GC(26)   Post Evacuate Collection Set: 4.9ms
[2023-07-17T22:51:11.362+0000][67][info ][gc,phases   ] GC(26)   Other: 2.3ms
[2023-07-17T22:51:11.363+0000][67][trace][gc,age      ] GC(26) Age table with threshold 15 (max threshold 15)
[2023-07-17T22:51:11.365+0000][67][trace][gc,age      ] GC(26) - age   1:    1159096 bytes,    1159096 total
[2023-07-17T22:51:11.366+0000][67][trace][gc,age      ] GC(26) - age   2:      69240 bytes,    1228336 total
[2023-07-17T22:51:11.367+0000][67][trace][gc,age      ] GC(26) - age   3:      53288 bytes,    1281624 total
[2023-07-17T22:51:11.368+0000][67][trace][gc,age      ] GC(26) - age   4:     243032 bytes,    1524656 total
[2023-07-17T22:51:11.369+0000][67][trace][gc,age      ] GC(26) - age   5:     885640 bytes,    2410296 total
[2023-07-17T22:51:11.370+0000][67][trace][gc,age      ] GC(26) - age   6:     464424 bytes,    2874720 total
[2023-07-17T22:51:11.372+0000][67][trace][gc,age      ] GC(26) - age   7:     369568 bytes,    3244288 total
[2023-07-17T22:51:11.373+0000][67][trace][gc,age      ] GC(26) - age   8:     838176 bytes,    4082464 total
[2023-07-17T22:51:11.374+0000][67][trace][gc,age      ] GC(26) - age   9:     412640 bytes,    4495104 total
[2023-07-17T22:51:11.375+0000][67][trace][gc,age      ] GC(26) - age  10:     106656 bytes,    4601760 total
[2023-07-17T22:51:11.376+0000][67][trace][gc,age      ] GC(26) - age  11:    3408192 bytes,    8009952 total
[2023-07-17T22:51:11.377+0000][67][trace][gc,age      ] GC(26) - age  12:    2905816 bytes,   10915768 total
[2023-07-17T22:51:11.378+0000][67][trace][gc,age      ] GC(26) - age  13:     213024 bytes,   11128792 total
[2023-07-17T22:51:11.379+0000][67][trace][gc,age      ] GC(26) - age  14:    1302600 bytes,   12431392 total
[2023-07-17T22:51:11.380+0000][67][trace][gc,age      ] GC(26) - age  15:   26941992 bytes,   39373384 total
[2023-07-17T22:51:11.381+0000][67][info ][gc,heap     ] GC(26) Eden regions: 574->0(578)
[2023-07-17T22:51:11.382+0000][67][info ][gc,heap     ] GC(26) Survivor regions: 15->11(74)
[2023-07-17T22:51:11.383+0000][67][info ][gc,heap     ] GC(26) Old regions: 14->17
[2023-07-17T22:51:11.384+0000][67][info ][gc,heap     ] GC(26) Archive regions: 2->2
[2023-07-17T22:51:11.384+0000][67][info ][gc,heap     ] GC(26) Humongous regions: 0->0
[2023-07-17T22:51:11.385+0000][67][info ][gc,metaspace] GC(26) Metaspace: 140025K(143488K)->140025K(143488K) NonClass: 122111K(123904K)->122111K(123904K) Class: 17914K(19584K)->17914K(19584K)
[2023-07-17T22:51:11.386+0000][67][info ][gc          ] GC(26) Pause Young (Normal) (G1 Evacuation Pause) 2412M->114M(3932M) 68.701ms
[2023-07-17T22:51:11.388+0000][67][info ][gc,cpu      ] GC(26) User=0.19s Sys=0.00s Real=0.07s
[2023-07-17T22:51:11.389+0000][67][info ][safepoint   ] Safepoint "G1CollectForAllocation", Time since last: 1269913436 ns, Reaching safepoint: 272200 ns, At safepoint: 71714384 ns, Total: 71986584 ns
[2023-07-17T22:51:14.184+0000][67][info ][safepoint   ] Safepoint "Cleanup", Time since last: 2794535093 ns, Reaching safepoint: 722490 ns, At safepoint: 26146 ns, Total: 748636 ns
[2023-07-17T22:51:24.428+0000][67][info ][safepoint   ] Safepoint "Cleanup", Time since last: 10243085900 ns, Reaching safepoint: 312242 ns, At safepoint: 7533 ns, Total: 319775 ns
[2023-07-17T22:54:25.361+0000][67][info ][safepoint   ] Safepoint "Cleanup", Time since last: 180928279297 ns, Reaching safepoint: 761825 ns, At safepoint: 36007 ns, Total: 797832 ns
[2023-07-17T22:54:47.765+0000][67][info ][safepoint   ] Safepoint "Cleanup", Time since last: 22403072271 ns, Reaching safepoint: 322641 ns, At safepoint: 65353 ns, Total: 387994 ns
[2023-07-17T22:55:01.023+0000][67][info ][safepoint   ] Safepoint "Cleanup", Time since last: 13257805038 ns, Reaching safepoint: 322159 ns, At safepoint: 62555 ns, Total: 384714 ns
[2023-07-17T22:55:24.735+0000][67][info ][safepoint   ] Safepoint "Cleanup", Time since last: 23718930637 ns, Reaching safepoint: 668198 ns, At safepoint: 8467 ns, Total: 676665 ns
[2023-07-17T22:59:01.634+0000][67][info ][safepoint   ] Safepoint "Cleanup", Time since last: 216905716881 ns, Reaching safepoint: 426855 ns, At safepoint: 7126 ns, Total: 433981 ns
[2023-07-17T22:59:11.390+0000][67][info ][safepoint   ] Safepoint "Cleanup", Time since last: 9755486004 ns, Reaching safepoint: 325636 ns, At safepoint: 57859 ns, Total: 383495 ns
[2023-07-17T22:59:12.399+0000][67][info ][safepoint   ] Safepoint "Cleanup", Time since last: 1008644436 ns, Reaching safepoint: 220322 ns, At safepoint: 6564 ns, Total: 226886 ns
[2023-07-17T23:00:05.679+0000][67][info ][safepoint   ] Safepoint "Cleanup", Time since last: 53278183549 ns, Reaching safepoint: 234452 ns, At safepoint: 84861 ns, Total: 319313 ns
[2023-07-17T23:00:07.437+0000][67][info ][safepoint   ] Safepoint "Cleanup", Time since last: 1757586216 ns, Reaching safepoint: 219360 ns, At safepoint: 4398 ns, Total: 223758 ns
[2023-07-17T23:00:19.470+0000][67][info ][safepoint   ] Safepoint "Cleanup", Time since last: 12033007676 ns, Reaching safepoint: 673104 ns, At safepoint: 10458 ns, Total: 683562 ns
[2023-07-17T23:01:12.381+0000][67][info ][safepoint   ] Safepoint "Cleanup", Time since last: 52909424531 ns, Reaching safepoint: 269994 ns, At safepoint: 43786 ns, Total: 313780 ns
[2023-07-17T23:01:14.821+0000][67][info ][safepoint   ] Safepoint "Cleanup", Time since last: 2439100594 ns, Reaching safepoint: 241556 ns, At safepoint: 44983 ns, Total: 286539 ns
[2023-07-17T23:01:18.808+0000][67][info ][safepoint   ] Safepoint "Cleanup", Time since last: 3987329244 ns, Reaching safepoint: 312491 ns, At safepoint: 4193 ns, Total: 316684 ns
[2023-07-17T23:03:26.697+0000][67][info ][safepoint   ] Safepoint "Cleanup", Time since last: 127885691760 ns, Reaching safepoint: 905808 ns, At safepoint: 27338 ns, Total: 933146 ns
[2023-07-17T23:03:31.059+0000][67][info ][safepoint   ] Safepoint "Cleanup", Time since last: 4361363432 ns, Reaching safepoint: 351392 ns, At safepoint: 70977 ns, Total: 422369 ns
[2023-07-17T23:04:29.512+0000][67][info ][gc,start    ] GC(27) Pause Young (Normal) (G1 Evacuation Pause)
[2023-07-17T23:04:29.515+0000][67][info ][gc,task     ] GC(27) Using 6 workers of 6 for evacuation
[2023-07-17T23:04:29.516+0000][67][debug][gc,age      ] GC(27) Desired survivor size 155189248 bytes, new threshold 15 (max threshold 15)
[2023-07-17T23:04:29.544+0000][67][info ][gc,phases   ] GC(27)   Pre Evacuate Collection Set: 0.7ms
[2023-07-17T23:04:29.546+0000][67][info ][gc,phases   ] GC(27)   Merge Heap Roots: 0.3ms
[2023-07-17T23:04:29.547+0000][67][info ][gc,phases   ] GC(27)   Evacuate Collection Set: 22.0ms
[2023-07-17T23:04:29.549+0000][67][info ][gc,phases   ] GC(27)   Post Evacuate Collection Set: 4.1ms
[2023-07-17T23:04:29.551+0000][67][info ][gc,phases   ] GC(27)   Other: 2.5ms
[2023-07-17T23:04:29.552+0000][67][trace][gc,age      ] GC(27) Age table with threshold 15 (max threshold 15)
[2023-07-17T23:04:29.553+0000][67][trace][gc,age      ] GC(27) - age   1:    2057072 bytes,    2057072 total
[2023-07-17T23:04:29.554+0000][67][trace][gc,age      ] GC(27) - age   2:     175288 bytes,    2232360 total
[2023-07-17T23:04:29.555+0000][67][trace][gc,age      ] GC(27) - age   3:      67632 bytes,    2299992 total
[2023-07-17T23:04:29.556+0000][67][trace][gc,age      ] GC(27) - age   4:      52896 bytes,    2352888 total
[2023-07-17T23:04:29.557+0000][67][trace][gc,age      ] GC(27) - age   5:     207528 bytes,    2560416 total
[2023-07-17T23:04:29.558+0000][67][trace][gc,age      ] GC(27) - age   6:     683000 bytes,    3243416 total
[2023-07-17T23:04:29.559+0000][67][trace][gc,age      ] GC(27) - age   7:     448048 bytes,    3691464 total
[2023-07-17T23:04:29.560+0000][67][trace][gc,age      ] GC(27) - age   8:     369440 bytes,    4060904 total
[2023-07-17T23:04:29.561+0000][67][trace][gc,age      ] GC(27) - age   9:     837848 bytes,    4898752 total
[2023-07-17T23:04:29.562+0000][67][trace][gc,age      ] GC(27) - age  10:     412640 bytes,    5311392 total
[2023-07-17T23:04:29.563+0000][67][trace][gc,age      ] GC(27) - age  11:     106656 bytes,    5418048 total
[2023-07-17T23:04:29.564+0000][67][trace][gc,age      ] GC(27) - age  12:    3399160 bytes,    8817208 total
[2023-07-17T23:04:29.566+0000][67][trace][gc,age      ] GC(27) - age  13:    2901928 bytes,   11719136 total
[2023-07-17T23:04:29.567+0000][67][trace][gc,age      ] GC(27) - age  14:     213024 bytes,   11932160 total
[2023-07-17T23:04:29.568+0000][67][trace][gc,age      ] GC(27) - age  15:    1229840 bytes,   13162000 total
[2023-07-17T23:04:29.569+0000][67][info ][gc,heap     ] GC(27) Eden regions: 578->0(585)
[2023-07-17T23:04:29.570+0000][67][info ][gc,heap     ] GC(27) Survivor regions: 11->4(74)
[2023-07-17T23:04:29.571+0000][67][info ][gc,heap     ] GC(27) Old regions: 17->24
[2023-07-17T23:04:29.572+0000][67][info ][gc,heap     ] GC(27) Archive regions: 2->2
[2023-07-17T23:04:29.573+0000][67][info ][gc,heap     ] GC(27) Humongous regions: 0->0
[2023-07-17T23:04:29.574+0000][67][info ][gc,metaspace] GC(27) Metaspace: 140044K(143552K)->140044K(143552K) NonClass: 122130K(123968K)->122130K(123968K) Class: 17914K(19584K)->17914K(19584K)
[2023-07-17T23:04:29.575+0000][67][info ][gc          ] GC(27) Pause Young (Normal) (G1 Evacuation Pause) 2426M->114M(3932M) 62.648ms
[2023-07-17T23:04:29.576+0000][67][info ][gc,cpu      ] GC(27) User=0.15s Sys=0.00s Real=0.06s
[2023-07-17T23:04:29.577+0000][67][info ][safepoint   ] Safepoint "G1CollectForAllocation", Time since last: 58451434572 ns, Reaching safepoint: 420342 ns, At safepoint: 64667856 ns, Total: 65088198 ns
[2023-07-17T23:05:21.069+0000][67][info ][safepoint   ] Safepoint "Cleanup", Time since last: 51490290249 ns, Reaching safepoint: 425387 ns, At safepoint: 16099 ns, Total: 441486 ns
[2023-07-17T23:06:35.626+0000][67][info ][safepoint   ] Safepoint "Cleanup", Time since last: 74555484754 ns, Reaching safepoint: 289616 ns, At safepoint: 79587 ns, Total: 369203 ns
[2023-07-17T23:06:54.354+0000][67][info ][safepoint   ] Safepoint "Cleanup", Time since last: 18727378178 ns, Reaching safepoint: 226365 ns, At safepoint: 5154 ns, Total: 231519 ns
[2023-07-17T23:11:21.158+0000][67][info ][safepoint   ] Safepoint "Cleanup", Time since last: 266741239636 ns, Reaching safepoint: 287334 ns, At safepoint: 43620 ns, Total: 330954 ns
[2023-07-17T23:11:23.280+0000][67][info ][safepoint   ] Safepoint "Cleanup", Time since last: 2121840525 ns, Reaching safepoint: 288108 ns, At safepoint: 153181 ns, Total: 441289 ns
[2023-07-17T23:11:25.088+0000][67][info ][safepoint   ] Safepoint "Cleanup", Time since last: 1806654501 ns, Reaching safepoint: 665238 ns, At safepoint: 9570 ns, Total: 674808 ns
[2023-07-17T23:12:25.185+0000][67][info ][safepoint   ] Safepoint "Cleanup", Time since last: 60095070564 ns, Reaching safepoint: 291862 ns, At safepoint: 7530 ns, Total: 299392 ns
[2023-07-17T23:13:25.249+0000][67][info ][safepoint   ] Safepoint "Cleanup", Time since last: 60062330774 ns, Reaching safepoint: 577616 ns, At safepoint: 25818 ns, Total: 603434 ns
[2023-07-17T23:13:27.253+0000][67][info ][safepoint   ] Safepoint "Cleanup", Time since last: 2003318371 ns, Reaching safepoint: 452945 ns, At safepoint: 9560 ns, Total: 462505 ns
[2023-07-17T23:14:24.535+0000][67][info ][safepoint   ] Safepoint "Cleanup", Time since last: 57279970929 ns, Reaching safepoint: 319502 ns, At safepoint: 56053 ns, Total: 375555 ns
[2023-07-17T23:15:31.138+0000][67][info ][safepoint   ] Safepoint "Cleanup", Time since last: 66601052271 ns, Reaching safepoint: 661346 ns, At safepoint: 10845 ns, Total: 672191 ns
[2023-07-17T23:15:36.798+0000][67][info ][safepoint   ] Safepoint "Cleanup", Time since last: 5658278017 ns, Reaching safepoint: 480258 ns, At safepoint: 63203 ns, Total: 543461 ns
[2023-07-17T23:16:06.620+0000][67][info ][safepoint   ] Safepoint "Cleanup", Time since last: 29820522425 ns, Reaching safepoint: 328456 ns, At safepoint: 5109 ns, Total: 333565 ns
[2023-07-17T23:16:25.165+0000][67][info ][safepoint   ] Safepoint "Cleanup", Time since last: 18544515406 ns, Reaching safepoint: 413695 ns, At safepoint: 7206 ns, Total: 420901 ns
[2023-07-17T23:17:29.494+0000][67][info ][safepoint   ] Safepoint "Cleanup", Time since last: 64327097175 ns, Reaching safepoint: 57084 ns, At safepoint: 16085 ns, Total: 73169 ns
[2023-07-17T23:17:59.761+0000][67][info ][gc,start    ] GC(28) Pause Young (Normal) (G1 Evacuation Pause)
[2023-07-17T23:17:59.764+0000][67][info ][gc,task     ] GC(28) Using 6 workers of 6 for evacuation
[2023-07-17T23:17:59.766+0000][67][debug][gc,age      ] GC(28) Desired survivor size 155189248 bytes, new threshold 15 (max threshold 15)
[2023-07-17T23:17:59.777+0000][67][info ][gc,phases   ] GC(28)   Pre Evacuate Collection Set: 0.3ms
[2023-07-17T23:17:59.779+0000][67][info ][gc,phases   ] GC(28)   Merge Heap Roots: 0.3ms
[2023-07-17T23:17:59.780+0000][67][info ][gc,phases   ] GC(28)   Evacuate Collection Set: 6.9ms
[2023-07-17T23:17:59.782+0000][67][info ][gc,phases   ] GC(28)   Post Evacuate Collection Set: 2.9ms
[2023-07-17T23:17:59.784+0000][67][info ][gc,phases   ] GC(28)   Other: 3.2ms
[2023-07-17T23:17:59.785+0000][67][trace][gc,age      ] GC(28) Age table with threshold 15 (max threshold 15)
[2023-07-17T23:17:59.786+0000][67][trace][gc,age      ] GC(28) - age   1:    1603712 bytes,    1603712 total
[2023-07-17T23:17:59.788+0000][67][trace][gc,age      ] GC(28) - age   2:     228368 bytes,    1832080 total
[2023-07-17T23:17:59.789+0000][67][trace][gc,age      ] GC(28) - age   3:      70272 bytes,    1902352 total
[2023-07-17T23:17:59.790+0000][67][trace][gc,age      ] GC(28) - age   4:      59576 bytes,    1961928 total
[2023-07-17T23:17:59.792+0000][67][trace][gc,age      ] GC(28) - age   5:      52896 bytes,    2014824 total
[2023-07-17T23:17:59.793+0000][67][trace][gc,age      ] GC(28) - age   6:     182080 bytes,    2196904 total
[2023-07-17T23:17:59.794+0000][67][trace][gc,age      ] GC(28) - age   7:     682560 bytes,    2879464 total
[2023-07-17T23:17:59.795+0000][67][trace][gc,age      ] GC(28) - age   8:     448048 bytes,    3327512 total
[2023-07-17T23:17:59.797+0000][67][trace][gc,age      ] GC(28) - age   9:     369440 bytes,    3696952 total
[2023-07-17T23:17:59.798+0000][67][trace][gc,age      ] GC(28) - age  10:     837848 bytes,    4534800 total
[2023-07-17T23:17:59.799+0000][67][trace][gc,age      ] GC(28) - age  11:     412640 bytes,    4947440 total
[2023-07-17T23:17:59.800+0000][67][trace][gc,age      ] GC(28) - age  12:     106656 bytes,    5054096 total
[2023-07-17T23:17:59.801+0000][67][trace][gc,age      ] GC(28) - age  13:    3399160 bytes,    8453256 total
[2023-07-17T23:17:59.802+0000][67][trace][gc,age      ] GC(28) - age  14:    2901928 bytes,   11355184 total
[2023-07-17T23:17:59.803+0000][67][trace][gc,age      ] GC(28) - age  15:     213024 bytes,   11568208 total
[2023-07-17T23:17:59.805+0000][67][info ][gc,heap     ] GC(28) Eden regions: 585->0(585)
[2023-07-17T23:17:59.806+0000][67][info ][gc,heap     ] GC(28) Survivor regions: 4->4(74)
[2023-07-17T23:17:59.807+0000][67][info ][gc,heap     ] GC(28) Old regions: 24->25
[2023-07-17T23:17:59.808+0000][67][info ][gc,heap     ] GC(28) Archive regions: 2->2
[2023-07-17T23:17:59.809+0000][67][info ][gc,heap     ] GC(28) Humongous regions: 0->0
[2023-07-17T23:17:59.810+0000][67][info ][gc,metaspace] GC(28) Metaspace: 140145K(143616K)->140145K(143616K) NonClass: 122231K(124032K)->122231K(124032K) Class: 17914K(19584K)->17914K(19584K)
[2023-07-17T23:17:59.811+0000][67][info ][gc          ] GC(28) Pause Young (Normal) (G1 Evacuation Pause) 2454M->113M(3932M) 49.489ms
[2023-07-17T23:17:59.812+0000][67][info ][gc,cpu      ] GC(28) User=0.04s Sys=0.00s Real=0.05s
[2023-07-17T23:17:59.813+0000][67][info ][safepoint   ] Safepoint "G1CollectForAllocation", Time since last: 30266112538 ns, Reaching safepoint: 279898 ns, At safepoint: 51766983 ns, Total: 52046881 ns
[2023-07-17T23:19:37.106+0000][67][info ][safepoint   ] Safepoint "Cleanup", Time since last: 97288920127 ns, Reaching safepoint: 510797 ns, At safepoint: 33568 ns, Total: 544365 ns
[2023-07-17T23:21:24.772+0000][67][info ][safepoint   ] Safepoint "Cleanup", Time since last: 107663177140 ns, Reaching safepoint: 455361 ns, At safepoint: 15583 ns, Total: 470944 ns
[2023-07-17T23:21:31.195+0000][67][info ][safepoint   ] Safepoint "Cleanup", Time since last: 6422457292 ns, Reaching safepoint: 233584 ns, At safepoint: 42841 ns, Total: 276425 ns
[2023-07-17T23:21:32.359+0000][67][info ][safepoint   ] Safepoint "Cleanup", Time since last: 1163781481 ns, Reaching safepoint: 168877 ns, At safepoint: 6919 ns, Total: 175796 ns
[2023-07-17T23:23:24.710+0000][67][info ][safepoint   ] Safepoint "Cleanup", Time since last: 112347349784 ns, Reaching safepoint: 272475 ns, At safepoint: 61603 ns, Total: 334078 ns
[2023-07-17T23:23:26.807+0000][67][info ][safepoint   ] Safepoint "Cleanup", Time since last: 2095781139 ns, Reaching safepoint: 633966 ns, At safepoint: 26988 ns, Total: 660954 ns
[2023-07-17T23:24:36.785+0000][67][info ][safepoint   ] Safepoint "Cleanup", Time since last: 69974866531 ns, Reaching safepoint: 400280 ns, At safepoint: 85317 ns, Total: 485597 ns
[2023-07-17T23:25:24.864+0000][67][info ][safepoint   ] Safepoint "Cleanup", Time since last: 48078410577 ns, Reaching safepoint: 162031 ns, At safepoint: 62546 ns, Total: 224577 ns
[2023-07-17T23:26:24.635+0000][67][info ][safepoint   ] Safepoint "Cleanup", Time since last: 59823827646 ns, Reaching safepoint: 458582 ns, At safepoint: 20108 ns, Total: 478690 ns
[2023-07-17T23:26:30.093+0000][67][info ][safepoint   ] Safepoint "Cleanup", Time since last: 5457970035 ns, Reaching safepoint: 259206 ns, At safepoint: 96583 ns, Total: 355789 ns
[2023-07-17T23:26:31.185+0000][67][info ][safepoint   ] Safepoint "Cleanup", Time since last: 1091225010 ns, Reaching safepoint: 427763 ns, At safepoint: 16179 ns, Total: 443942 ns
[2023-07-17T23:26:33.264+0000][67][info ][safepoint   ] Safepoint "Cleanup", Time since last: 2078996752 ns, Reaching safepoint: 529529 ns, At safepoint: 50366 ns, Total: 579895 ns
[2023-07-17T23:26:35.065+0000][67][info ][safepoint   ] Safepoint "Cleanup", Time since last: 1800388891 ns, Reaching safepoint: 269745 ns, At safepoint: 15526 ns, Total: 285271 ns
[2023-07-17T23:27:24.506+0000][67][info ][safepoint   ] Safepoint "Cleanup", Time since last: 49439504122 ns, Reaching safepoint: 592946 ns, At safepoint: 53998 ns, Total: 646944 ns
[2023-07-17T23:28:08.702+0000][67][info ][safepoint   ] Safepoint "Cleanup", Time since last: 44194562722 ns, Reaching safepoint: 442312 ns, At safepoint: 14486 ns, Total: 456798 ns
[2023-07-17T23:28:11.671+0000][67][info ][safepoint   ] Safepoint "Cleanup", Time since last: 2968530770 ns, Reaching safepoint: 411445 ns, At safepoint: 57983 ns, Total: 469428 ns
[2023-07-17T23:28:14.769+0000][67][info ][safepoint   ] Safepoint "Cleanup", Time since last: 3098104184 ns, Reaching safepoint: 195518 ns, At safepoint: 62599 ns, Total: 258117 ns
[2023-07-17T23:28:16.088+0000][67][info ][safepoint   ] Safepoint "Cleanup", Time since last: 1318974867 ns, Reaching safepoint: 379699 ns, At safepoint: 16397 ns, Total: 396096 ns
[2023-07-17T23:28:17.091+0000][67][info ][safepoint   ] Safepoint "Cleanup", Time since last: 1002152952 ns, Reaching safepoint: 273019 ns, At safepoint: 4911 ns, Total: 277930 ns
[2023-07-17T23:28:18.447+0000][67][info ][safepoint   ] Safepoint "Cleanup", Time since last: 1355681250 ns, Reaching safepoint: 319567 ns, At safepoint: 44005 ns, Total: 363572 ns
[2023-07-17T23:28:20.319+0000][67][info ][safepoint   ] Safepoint "Cleanup", Time since last: 1871341813 ns, Reaching safepoint: 242448 ns, At safepoint: 175025 ns, Total: 417473 ns
[2023-07-17T23:28:21.575+0000][67][info ][safepoint   ] Safepoint "Cleanup", Time since last: 1256385272 ns, Reaching safepoint: 267395 ns, At safepoint: 5902 ns, Total: 273297 ns
[2023-07-17T23:28:24.763+0000][67][info ][safepoint   ] Safepoint "Cleanup", Time since last: 3187419257 ns, Reaching safepoint: 100350 ns, At safepoint: 20485 ns, Total: 120835 ns
[2023-07-17T23:29:48.088+0000][67][info ][safepoint   ] Safepoint "Cleanup", Time since last: 83324015515 ns, Reaching safepoint: 193752 ns, At safepoint: 42514 ns, Total: 236266 ns
[2023-07-17T23:30:42.787+0000][67][info ][safepoint   ] Safepoint "Cleanup", Time since last: 54697556444 ns, Reaching safepoint: 395971 ns, At safepoint: 68955 ns, Total: 464926 ns
[2023-07-17T23:30:47.485+0000][67][info ][gc,start    ] GC(29) Pause Young (Normal) (G1 Evacuation Pause)
[2023-07-17T23:30:47.486+0000][67][info ][gc,task     ] GC(29) Using 6 workers of 6 for evacuation
[2023-07-17T23:30:47.487+0000][67][debug][gc,age      ] GC(29) Desired survivor size 155189248 bytes, new threshold 15 (max threshold 15)
[2023-07-17T23:30:47.501+0000][67][info ][gc,phases   ] GC(29)   Pre Evacuate Collection Set: 0.4ms
[2023-07-17T23:30:47.502+0000][67][info ][gc,phases   ] GC(29)   Merge Heap Roots: 0.3ms
[2023-07-17T23:30:47.503+0000][67][info ][gc,phases   ] GC(29)   Evacuate Collection Set: 7.5ms
[2023-07-17T23:30:47.504+0000][67][info ][gc,phases   ] GC(29)   Post Evacuate Collection Set: 4.0ms
[2023-07-17T23:30:47.505+0000][67][info ][gc,phases   ] GC(29)   Other: 2.5ms
[2023-07-17T23:30:47.506+0000][67][trace][gc,age      ] GC(29) Age table with threshold 15 (max threshold 15)
[2023-07-17T23:30:47.508+0000][67][trace][gc,age      ] GC(29) - age   1:    2494696 bytes,    2494696 total
[2023-07-17T23:30:47.509+0000][67][trace][gc,age      ] GC(29) - age   2:      22760 bytes,    2517456 total
[2023-07-17T23:30:47.510+0000][67][trace][gc,age      ] GC(29) - age   3:     217136 bytes,    2734592 total
[2023-07-17T23:30:47.511+0000][67][trace][gc,age      ] GC(29) - age   4:      61392 bytes,    2795984 total
[2023-07-17T23:30:47.513+0000][67][trace][gc,age      ] GC(29) - age   5:      59136 bytes,    2855120 total
[2023-07-17T23:30:47.514+0000][67][trace][gc,age      ] GC(29) - age   6:      52640 bytes,    2907760 total
[2023-07-17T23:30:47.515+0000][67][trace][gc,age      ] GC(29) - age   7:     137960 bytes,    3045720 total
[2023-07-17T23:30:47.516+0000][67][trace][gc,age      ] GC(29) - age   8:     594968 bytes,    3640688 total
[2023-07-17T23:30:47.517+0000][67][trace][gc,age      ] GC(29) - age   9:     448048 bytes,    4088736 total
[2023-07-17T23:30:47.518+0000][67][trace][gc,age      ] GC(29) - age  10:     369440 bytes,    4458176 total
[2023-07-17T23:30:47.519+0000][67][trace][gc,age      ] GC(29) - age  11:     837848 bytes,    5296024 total
[2023-07-17T23:30:47.520+0000][67][trace][gc,age      ] GC(29) - age  12:     412640 bytes,    5708664 total
[2023-07-17T23:30:47.521+0000][67][trace][gc,age      ] GC(29) - age  13:      97504 bytes,    5806168 total
[2023-07-17T23:30:47.522+0000][67][trace][gc,age      ] GC(29) - age  14:    3382688 bytes,    9188856 total
[2023-07-17T23:30:47.524+0000][67][trace][gc,age      ] GC(29) - age  15:    2901456 bytes,   12090312 total
[2023-07-17T23:30:47.525+0000][67][info ][gc,heap     ] GC(29) Eden regions: 585->0(585)
[2023-07-17T23:30:47.527+0000][67][info ][gc,heap     ] GC(29) Survivor regions: 4->4(74)
[2023-07-17T23:30:47.528+0000][67][info ][gc,heap     ] GC(29) Old regions: 25->25
[2023-07-17T23:30:47.529+0000][67][info ][gc,heap     ] GC(29) Archive regions: 2->2
[2023-07-17T23:30:47.530+0000][67][info ][gc,heap     ] GC(29) Humongous regions: 0->0
[2023-07-17T23:30:47.532+0000][67][info ][gc,metaspace] GC(29) Metaspace: 140191K(143680K)->140191K(143680K) NonClass: 122276K(124096K)->122276K(124096K) Class: 17914K(19584K)->17914K(19584K)
[2023-07-17T23:30:47.533+0000][67][info ][gc          ] GC(29) Pause Young (Normal) (G1 Evacuation Pause) 2453M->114M(3932M) 47.957ms
[2023-07-17T23:30:47.534+0000][67][info ][gc,cpu      ] GC(29) User=0.05s Sys=0.01s Real=0.05s
[2023-07-17T23:30:47.535+0000][67][info ][safepoint   ] Safepoint "G1CollectForAllocation", Time since last: 4697342267 ns, Reaching safepoint: 178765 ns, At safepoint: 50248581 ns, Total: 50427346 ns
[2023-07-17T23:31:06.002+0000][67][info ][safepoint   ] Safepoint "Cleanup", Time since last: 18466012959 ns, Reaching safepoint: 292413 ns, At safepoint: 51361 ns, Total: 343774 ns
[2023-07-17T23:31:11.117+0000][67][info ][safepoint   ] Safepoint "Cleanup", Time since last: 5114355293 ns, Reaching safepoint: 533604 ns, At safepoint: 63611 ns, Total: 597215 ns
[2023-07-17T23:31:50.052+0000][67][info ][safepoint   ] Safepoint "Cleanup", Time since last: 38934105623 ns, Reaching safepoint: 419889 ns, At safepoint: 14938 ns, Total: 434827 ns
[2023-07-17T23:32:58.606+0000][67][info ][safepoint   ] Safepoint "Cleanup", Time since last: 68552674013 ns, Reaching safepoint: 548538 ns, At safepoint: 221566 ns, Total: 770104 ns
[2023-07-17T23:32:59.691+0000][67][info ][safepoint   ] Safepoint "Cleanup", Time since last: 1085276176 ns, Reaching safepoint: 181132 ns, At safepoint: 8442 ns, Total: 189574 ns
[2023-07-17T23:33:05.707+0000][67][info ][safepoint   ] Safepoint "Cleanup", Time since last: 6015249041 ns, Reaching safepoint: 279408 ns, At safepoint: 42771 ns, Total: 322179 ns
[2023-07-17T23:33:07.631+0000][67][info ][safepoint   ] Safepoint "Cleanup", Time since last: 1923697454 ns, Reaching safepoint: 503587 ns, At safepoint: 24194 ns, Total: 527781 ns
[2023-07-17T23:33:24.834+0000][67][info ][safepoint   ] Safepoint "Cleanup", Time since last: 17202199208 ns, Reaching safepoint: 200106 ns, At safepoint: 5318 ns, Total: 205424 ns
[2023-07-17T23:33:28.080+0000][67][info ][safepoint   ] Safepoint "Cleanup", Time since last: 3245884766 ns, Reaching safepoint: 222043 ns, At safepoint: 4094 ns, Total: 226137 ns
[2023-07-17T23:34:12.166+0000][67][info ][safepoint   ] Safepoint "Cleanup", Time since last: 44083440951 ns, Reaching safepoint: 380486 ns, At safepoint: 55772 ns, Total: 436258 ns
[2023-07-17T23:34:51.131+0000][67][info ][safepoint   ] Safepoint "Cleanup", Time since last: 38964719653 ns, Reaching safepoint: 358688 ns, At safepoint: 4997 ns, Total: 363685 ns
[2023-07-17T23:35:59.411+0000][67][info ][safepoint   ] Safepoint "Cleanup", Time since last: 68279041563 ns, Reaching safepoint: 278738 ns, At safepoint: 5461 ns, Total: 284199 ns
[2023-07-17T23:36:00.794+0000][67][info ][safepoint   ] Safepoint "Cleanup", Time since last: 1383236020 ns, Reaching safepoint: 357311 ns, At safepoint: 60678 ns, Total: 417989 ns
[2023-07-17T23:36:18.130+0000][67][info ][safepoint   ] Safepoint "Cleanup", Time since last: 17334378243 ns, Reaching safepoint: 408910 ns, At safepoint: 19775 ns, Total: 428685 ns
[2023-07-17T23:36:34.324+0000][67][info ][safepoint   ] Safepoint "Cleanup", Time since last: 16193257179 ns, Reaching safepoint: 339782 ns, At safepoint: 21572 ns, Total: 361354 ns
[2023-07-17T23:36:37.040+0000][67][info ][safepoint   ] Safepoint "Cleanup", Time since last: 2716386571 ns, Reaching safepoint: 157936 ns, At safepoint: 44809 ns, Total: 202745 ns
[2023-07-17T23:36:38.137+0000][67][info ][safepoint   ] Safepoint "Cleanup", Time since last: 1096109688 ns, Reaching safepoint: 606267 ns, At safepoint: 101770 ns, Total: 708037 ns
[2023-07-17T23:36:39.641+0000][67][info ][safepoint   ] Safepoint "Cleanup", Time since last: 1503815388 ns, Reaching safepoint: 65520 ns, At safepoint: 13257 ns, Total: 78777 ns
[2023-07-17T23:36:44.037+0000][67][info ][safepoint   ] Safepoint "Cleanup", Time since last: 4396032507 ns, Reaching safepoint: 260939 ns, At safepoint: 4907 ns, Total: 265846 ns
[2023-07-17T23:36:51.059+0000][67][info ][safepoint   ] Safepoint "Cleanup", Time since last: 7021015423 ns, Reaching safepoint: 304290 ns, At safepoint: 13679 ns, Total: 317969 ns
[2023-07-17T23:36:52.862+0000][67][info ][safepoint   ] Safepoint "Cleanup", Time since last: 1802680056 ns, Reaching safepoint: 376438 ns, At safepoint: 21285 ns, Total: 397723 ns
[2023-07-17T23:37:24.872+0000][67][info ][safepoint   ] Safepoint "Cleanup", Time since last: 32008014800 ns, Reaching safepoint: 663791 ns, At safepoint: 12609 ns, Total: 676400 ns
[2023-07-17T23:38:14.670+0000][67][info ][safepoint   ] Safepoint "Cleanup", Time since last: 49798377280 ns, Reaching safepoint: 404078 ns, At safepoint: 7493 ns, Total: 411571 ns
[2023-07-17T23:38:16.257+0000][67][info ][safepoint   ] Safepoint "Cleanup", Time since last: 1586576876 ns, Reaching safepoint: 426052 ns, At safepoint: 8988 ns, Total: 435040 ns
[2023-07-17T23:38:18.518+0000][67][info ][safepoint   ] Safepoint "Cleanup", Time since last: 2260742040 ns, Reaching safepoint: 138654 ns, At safepoint: 32480 ns, Total: 171134 ns
[2023-07-17T23:39:17.690+0000][67][info ][safepoint   ] Safepoint "Cleanup", Time since last: 59170550086 ns, Reaching safepoint: 298273 ns, At safepoint: 62121 ns, Total: 360394 ns
[2023-07-17T23:39:33.349+0000][67][info ][safepoint   ] Safepoint "Cleanup", Time since last: 15658999636 ns, Reaching safepoint: 312972 ns, At safepoint: 23006 ns, Total: 335978 ns
[2023-07-17T23:39:40.650+0000][67][info ][safepoint   ] Safepoint "Cleanup", Time since last: 7300075927 ns, Reaching safepoint: 275393 ns, At safepoint: 4365 ns, Total: 279758 ns
[2023-07-17T23:39:59.701+0000][67][info ][safepoint   ] Safepoint "Cleanup", Time since last: 19050345753 ns, Reaching safepoint: 250234 ns, At safepoint: 41316 ns, Total: 291550 ns
[2023-07-17T23:40:18.099+0000][67][info ][safepoint   ] Safepoint "Cleanup", Time since last: 18397412845 ns, Reaching safepoint: 250340 ns, At safepoint: 88883 ns, Total: 339223 ns
[2023-07-17T23:40:36.685+0000][67][info ][safepoint   ] Safepoint "Cleanup", Time since last: 18580899231 ns, Reaching safepoint: 197872 ns, At safepoint: 13365 ns, Total: 211237 ns
[2023-07-17T23:40:37.831+0000][67][info ][safepoint   ] Safepoint "Cleanup", Time since last: 1145857891 ns, Reaching safepoint: 304055 ns, At safepoint: 15518 ns, Total: 319573 ns
[2023-07-17T23:40:38.833+0000][67][info ][safepoint   ] Safepoint "Cleanup", Time since last: 1001967344 ns, Reaching safepoint: 419303 ns, At safepoint: 18571 ns, Total: 437874 ns
[2023-07-17T23:40:42.549+0000][67][info ][safepoint   ] Safepoint "Cleanup", Time since last: 3715129097 ns, Reaching safepoint: 319545 ns, At safepoint: 53237 ns, Total: 372782 ns
[2023-07-17T23:40:59.692+0000][67][info ][safepoint   ] Safepoint "Cleanup", Time since last: 17141797144 ns, Reaching safepoint: 589653 ns, At safepoint: 678438 ns, Total: 1268091 ns
[2023-07-17T23:41:00.863+0000][67][info ][safepoint   ] Safepoint "Cleanup", Time since last: 1170878619 ns, Reaching safepoint: 281474 ns, At safepoint: 109294 ns, Total: 390768 ns
[2023-07-17T23:41:01.977+0000][67][info ][safepoint   ] Safepoint "Cleanup", Time since last: 1112979951 ns, Reaching safepoint: 701895 ns, At safepoint: 15744 ns, Total: 717639 ns
[2023-07-17T23:41:03.955+0000][67][info ][safepoint   ] Safepoint "Cleanup", Time since last: 2003048928 ns, Reaching safepoint: 636850 ns, At safepoint: 10257 ns, Total: 647107 ns
[2023-07-17T23:41:08.976+0000][67][info ][safepoint   ] Safepoint "Cleanup", Time since last: 5019976293 ns, Reaching safepoint: 109478 ns, At safepoint: 4643 ns, Total: 114121 ns
[2023-07-17T23:41:10.778+0000][67][info ][safepoint   ] Safepoint "Cleanup", Time since last: 1802195418 ns, Reaching safepoint: 356484 ns, At safepoint: 6942 ns, Total: 363426 ns
[2023-07-17T23:41:11.779+0000][67][info ][safepoint   ] Safepoint "Cleanup", Time since last: 1000101369 ns, Reaching safepoint: 376451 ns, At safepoint: 60080 ns, Total: 436531 ns
[2023-07-17T23:41:13.673+0000][67][info ][safepoint   ] Safepoint "Cleanup", Time since last: 1893948782 ns, Reaching safepoint: 173190 ns, At safepoint: 5760 ns, Total: 178950 ns
[2023-07-17T23:41:15.643+0000][67][info ][safepoint   ] Safepoint "Cleanup", Time since last: 1969971271 ns, Reaching safepoint: 188757 ns, At safepoint: 12046 ns, Total: 200803 ns
[2023-07-17T23:41:18.549+0000][67][info ][safepoint   ] Safepoint "Cleanup", Time since last: 2905250293 ns, Reaching safepoint: 276733 ns, At safepoint: 54742 ns, Total: 331475 ns
[2023-07-17T23:41:24.573+0000][67][info ][safepoint   ] Safepoint "Cleanup", Time since last: 6024561541 ns, Reaching safepoint: 280692 ns, At safepoint: 5585 ns, Total: 286277 ns
[2023-07-17T23:41:26.670+0000][67][info ][safepoint   ] Safepoint "Cleanup", Time since last: 2096316510 ns, Reaching safepoint: 698954 ns, At safepoint: 22124 ns, Total: 721078 ns
[2023-07-17T23:41:55.310+0000][67][info ][safepoint   ] Safepoint "Cleanup", Time since last: 28643840023 ns, Reaching safepoint: 267321 ns, At safepoint: 7085 ns, Total: 274406 ns
[2023-07-17T23:42:00.602+0000][67][info ][safepoint   ] Safepoint "Cleanup", Time since last: 5292155748 ns, Reaching safepoint: 303115 ns, At safepoint: 50622 ns, Total: 353737 ns
[2023-07-17T23:42:11.729+0000][67][info ][safepoint   ] Safepoint "Cleanup", Time since last: 11126780258 ns, Reaching safepoint: 364617 ns, At safepoint: 60348 ns, Total: 424965 ns
[2023-07-17T23:42:31.675+0000][67][info ][gc,start    ] GC(30) Pause Young (Normal) (G1 Evacuation Pause)
[2023-07-17T23:42:31.677+0000][67][info ][gc,task     ] GC(30) Using 6 workers of 6 for evacuation
[2023-07-17T23:42:31.678+0000][67][debug][gc,age      ] GC(30) Desired survivor size 155189248 bytes, new threshold 15 (max threshold 15)
[2023-07-17T23:42:31.699+0000][67][info ][gc,phases   ] GC(30)   Pre Evacuate Collection Set: 1.0ms
[2023-07-17T23:42:31.700+0000][67][info ][gc,phases   ] GC(30)   Merge Heap Roots: 0.4ms
[2023-07-17T23:42:31.702+0000][67][info ][gc,phases   ] GC(30)   Evacuate Collection Set: 13.4ms
[2023-07-17T23:42:31.703+0000][67][info ][gc,phases   ] GC(30)   Post Evacuate Collection Set: 4.1ms
[2023-07-17T23:42:31.704+0000][67][info ][gc,phases   ] GC(30)   Other: 3.1ms
[2023-07-17T23:42:31.705+0000][67][trace][gc,age      ] GC(30) Age table with threshold 15 (max threshold 15)
[2023-07-17T23:42:31.707+0000][67][trace][gc,age      ] GC(30) - age   1:    4626112 bytes,    4626112 total
[2023-07-17T23:42:31.707+0000][67][trace][gc,age      ] GC(30) - age   2:     612256 bytes,    5238368 total
[2023-07-17T23:42:31.708+0000][67][trace][gc,age      ] GC(30) - age   3:      20720 bytes,    5259088 total
[2023-07-17T23:42:31.710+0000][67][trace][gc,age      ] GC(30) - age   4:     217016 bytes,    5476104 total
[2023-07-17T23:42:31.710+0000][67][trace][gc,age      ] GC(30) - age   5:      56632 bytes,    5532736 total
[2023-07-17T23:42:31.712+0000][67][trace][gc,age      ] GC(30) - age   6:      51040 bytes,    5583776 total
[2023-07-17T23:42:31.713+0000][67][trace][gc,age      ] GC(30) - age   7:      52320 bytes,    5636096 total
[2023-07-17T23:42:31.714+0000][67][trace][gc,age      ] GC(30) - age   8:      84496 bytes,    5720592 total
[2023-07-17T23:42:31.715+0000][67][trace][gc,age      ] GC(30) - age   9:     408592 bytes,    6129184 total
[2023-07-17T23:42:31.717+0000][67][trace][gc,age      ] GC(30) - age  10:     447672 bytes,    6576856 total
[2023-07-17T23:42:31.718+0000][67][trace][gc,age      ] GC(30) - age  11:     369144 bytes,    6946000 total
[2023-07-17T23:42:31.719+0000][67][trace][gc,age      ] GC(30) - age  12:     544200 bytes,    7490200 total
[2023-07-17T23:42:31.720+0000][67][trace][gc,age      ] GC(30) - age  13:     412184 bytes,    7902384 total
[2023-07-17T23:42:31.721+0000][67][trace][gc,age      ] GC(30) - age  14:      97504 bytes,    7999888 total
[2023-07-17T23:42:31.723+0000][67][trace][gc,age      ] GC(30) - age  15:    3382608 bytes,   11382496 total
[2023-07-17T23:42:31.724+0000][67][info ][gc,heap     ] GC(30) Eden regions: 585->0(586)
[2023-07-17T23:42:31.725+0000][67][info ][gc,heap     ] GC(30) Survivor regions: 4->3(74)
[2023-07-17T23:42:31.726+0000][67][info ][gc,heap     ] GC(30) Old regions: 25->26
[2023-07-17T23:42:31.727+0000][67][info ][gc,heap     ] GC(30) Archive regions: 2->2
[2023-07-17T23:42:31.728+0000][67][info ][gc,heap     ] GC(30) Humongous regions: 0->0
[2023-07-17T23:42:31.730+0000][67][info ][gc,metaspace] GC(30) Metaspace: 140388K(143872K)->140388K(143872K) NonClass: 122473K(124288K)->122473K(124288K) Class: 17914K(19584K)->17914K(19584K)
[2023-07-17T23:42:31.731+0000][67][info ][gc          ] GC(30) Pause Young (Normal) (G1 Evacuation Pause) 2454M->116M(3932M) 56.017ms
[2023-07-17T23:42:31.732+0000][67][info ][gc,cpu      ] GC(30) User=0.06s Sys=0.00s Real=0.06s
[2023-07-17T23:42:31.733+0000][67][info ][safepoint   ] Safepoint "G1CollectForAllocation", Time since last: 19945410523 ns, Reaching safepoint: 227094 ns, At safepoint: 58346126 ns, Total: 58573220 ns
[2023-07-17T23:43:26.928+0000][67][info ][safepoint   ] Safepoint "Cleanup", Time since last: 55194280001 ns, Reaching safepoint: 106403 ns, At safepoint: 3636 ns, Total: 110039 ns
[2023-07-17T23:43:27.930+0000][67][info ][safepoint   ] Safepoint "Cleanup", Time since last: 1002436446 ns, Reaching safepoint: 422075 ns, At safepoint: 6440 ns, Total: 428515 ns
[2023-07-17T23:43:37.853+0000][67][info ][safepoint   ] Safepoint "Cleanup", Time since last: 9919909806 ns, Reaching safepoint: 123146 ns, At safepoint: 8368 ns, Total: 131514 ns
[2023-07-17T23:44:07.355+0000][67][info ][safepoint   ] Safepoint "Cleanup", Time since last: 29499875457 ns, Reaching safepoint: 509348 ns, At safepoint: 31091 ns, Total: 540439 ns
[2023-07-17T23:45:30.865+0000][67][info ][safepoint   ] Safepoint "Cleanup", Time since last: 83512633827 ns, Reaching safepoint: 340094 ns, At safepoint: 55623 ns, Total: 395717 ns
[2023-07-17T23:45:47.738+0000][67][info ][safepoint   ] Safepoint "Cleanup", Time since last: 16871978510 ns, Reaching safepoint: 347562 ns, At safepoint: 94706 ns, Total: 442268 ns
[2023-07-17T23:46:29.732+0000][67][info ][safepoint   ] Safepoint "Cleanup", Time since last: 41993314215 ns, Reaching safepoint: 220057 ns, At safepoint: 60657 ns, Total: 280714 ns
[2023-07-17T23:46:42.802+0000][67][info ][safepoint   ] Safepoint "Cleanup", Time since last: 13071644507 ns, Reaching safepoint: 108662 ns, At safepoint: 63629 ns, Total: 172291 ns
[2023-07-17T23:47:46.778+0000][67][info ][safepoint   ] Safepoint "Cleanup", Time since last: 63972660523 ns, Reaching safepoint: 648903 ns, At safepoint: 9332 ns, Total: 658235 ns
[2023-07-17T23:50:53.793+0000][67][info ][safepoint   ] Safepoint "Cleanup", Time since last: 187012954437 ns, Reaching safepoint: 570733 ns, At safepoint: 51442 ns, Total: 622175 ns
[2023-07-17T23:51:08.027+0000][67][info ][safepoint   ] Safepoint "Cleanup", Time since last: 14233062946 ns, Reaching safepoint: 418646 ns, At safepoint: 62666 ns, Total: 481312 ns
[2023-07-17T23:51:53.130+0000][67][info ][safepoint   ] Safepoint "Cleanup", Time since last: 45099431352 ns, Reaching safepoint: 199198 ns, At safepoint: 17762 ns, Total: 216960 ns
[2023-07-17T23:51:55.020+0000][67][info ][safepoint   ] Safepoint "Cleanup", Time since last: 1889877376 ns, Reaching safepoint: 448349 ns, At safepoint: 23458 ns, Total: 471807 ns
[2023-07-17T23:53:34.879+0000][67][info ][safepoint   ] Safepoint "Cleanup", Time since last: 99860590178 ns, Reaching safepoint: 264604 ns, At safepoint: 16645 ns, Total: 281249 ns
[2023-07-17T23:54:24.920+0000][67][info ][safepoint   ] Safepoint "Cleanup", Time since last: 50040624847 ns, Reaching safepoint: 382236 ns, At safepoint: 15329 ns, Total: 397565 ns
[2023-07-17T23:54:26.082+0000][67][info ][safepoint   ] Safepoint "Cleanup", Time since last: 1161416935 ns, Reaching safepoint: 341242 ns, At safepoint: 13634 ns, Total: 354876 ns
[2023-07-17T23:54:41.833+0000][67][info ][safepoint   ] Safepoint "Cleanup", Time since last: 15745350665 ns, Reaching safepoint: 391055 ns, At safepoint: 60866 ns, Total: 451921 ns
[2023-07-17T23:54:43.064+0000][67][info ][safepoint   ] Safepoint "Cleanup", Time since last: 1231126120 ns, Reaching safepoint: 234677 ns, At safepoint: 5844 ns, Total: 240521 ns
[2023-07-17T23:54:46.354+0000][67][info ][safepoint   ] Safepoint "Cleanup", Time since last: 3289584752 ns, Reaching safepoint: 360607 ns, At safepoint: 5372 ns, Total: 365979 ns
[2023-07-17T23:54:57.316+0000][67][info ][safepoint   ] Safepoint "Cleanup", Time since last: 10961643426 ns, Reaching safepoint: 523915 ns, At safepoint: 10059 ns, Total: 533974 ns
[2023-07-17T23:55:06.136+0000][67][info ][gc,start    ] GC(31) Pause Young (Normal) (G1 Evacuation Pause)
[2023-07-17T23:55:06.138+0000][67][info ][gc,task     ] GC(31) Using 6 workers of 6 for evacuation
[2023-07-17T23:55:06.139+0000][67][debug][gc,age      ] GC(31) Desired survivor size 155189248 bytes, new threshold 15 (max threshold 15)
[2023-07-17T23:55:06.153+0000][67][info ][gc,phases   ] GC(31)   Pre Evacuate Collection Set: 0.4ms
[2023-07-17T23:55:06.154+0000][67][info ][gc,phases   ] GC(31)   Merge Heap Roots: 0.2ms
[2023-07-17T23:55:06.156+0000][67][info ][gc,phases   ] GC(31)   Evacuate Collection Set: 8.4ms
[2023-07-17T23:55:06.157+0000][67][info ][gc,phases   ] GC(31)   Post Evacuate Collection Set: 3.2ms
[2023-07-17T23:55:06.159+0000][67][info ][gc,phases   ] GC(31)   Other: 2.9ms
[2023-07-17T23:55:06.160+0000][67][trace][gc,age      ] GC(31) Age table with threshold 15 (max threshold 15)
[2023-07-17T23:55:06.162+0000][67][trace][gc,age      ] GC(31) - age   1:    2855008 bytes,    2855008 total
[2023-07-17T23:55:06.163+0000][67][trace][gc,age      ] GC(31) - age   2:    2060744 bytes,    4915752 total
[2023-07-17T23:55:06.164+0000][67][trace][gc,age      ] GC(31) - age   3:     246880 bytes,    5162632 total
[2023-07-17T23:55:06.165+0000][67][trace][gc,age      ] GC(31) - age   4:      10960 bytes,    5173592 total
[2023-07-17T23:55:06.166+0000][67][trace][gc,age      ] GC(31) - age   5:     215288 bytes,    5388880 total
[2023-07-17T23:55:06.167+0000][67][trace][gc,age      ] GC(31) - age   6:      56576 bytes,    5445456 total
[2023-07-17T23:55:06.168+0000][67][trace][gc,age      ] GC(31) - age   7:      51040 bytes,    5496496 total
[2023-07-17T23:55:06.169+0000][67][trace][gc,age      ] GC(31) - age   8:      52160 bytes,    5548656 total
[2023-07-17T23:55:06.170+0000][67][trace][gc,age      ] GC(31) - age   9:      54248 bytes,    5602904 total
[2023-07-17T23:55:06.171+0000][67][trace][gc,age      ] GC(31) - age  10:     408112 bytes,    6011016 total
[2023-07-17T23:55:06.173+0000][67][trace][gc,age      ] GC(31) - age  11:     446424 bytes,    6457440 total
[2023-07-17T23:55:06.174+0000][67][trace][gc,age      ] GC(31) - age  12:     369112 bytes,    6826552 total
[2023-07-17T23:55:06.175+0000][67][trace][gc,age      ] GC(31) - age  13:     543880 bytes,    7370432 total
[2023-07-17T23:55:06.176+0000][67][trace][gc,age      ] GC(31) - age  14:     412120 bytes,    7782552 total
[2023-07-17T23:55:06.177+0000][67][trace][gc,age      ] GC(31) - age  15:      97440 bytes,    7879992 total
[2023-07-17T23:55:06.178+0000][67][info ][gc,heap     ] GC(31) Eden regions: 586->0(586)
[2023-07-17T23:55:06.179+0000][67][info ][gc,heap     ] GC(31) Survivor regions: 3->3(74)
[2023-07-17T23:55:06.180+0000][67][info ][gc,heap     ] GC(31) Old regions: 26->27
[2023-07-17T23:55:06.181+0000][67][info ][gc,heap     ] GC(31) Archive regions: 2->2
[2023-07-17T23:55:06.182+0000][67][info ][gc,heap     ] GC(31) Humongous regions: 0->0
[2023-07-17T23:55:06.183+0000][67][info ][gc,metaspace] GC(31) Metaspace: 140433K(143872K)->140433K(143872K) NonClass: 122517K(124288K)->122517K(124288K) Class: 17916K(19584K)->17916K(19584K)
[2023-07-17T23:55:06.185+0000][67][info ][gc          ] GC(31) Pause Young (Normal) (G1 Evacuation Pause) 2460M->118M(3932M) 48.172ms
[2023-07-17T23:55:06.186+0000][67][info ][gc,cpu      ] GC(31) User=0.05s Sys=0.01s Real=0.05s
[2023-07-17T23:55:06.188+0000][67][info ][safepoint   ] Safepoint "G1CollectForAllocation", Time since last: 8818665826 ns, Reaching safepoint: 295012 ns, At safepoint: 51745059 ns, Total: 52040071 ns
[2023-07-17T23:55:08.179+0000][67][info ][safepoint   ] Safepoint "Cleanup", Time since last: 1990706215 ns, Reaching safepoint: 350342 ns, At safepoint: 24872 ns, Total: 375214 ns
[2023-07-17T23:57:24.810+0000][67][info ][safepoint   ] Safepoint "Cleanup", Time since last: 136572972468 ns, Reaching safepoint: 280902 ns, At safepoint: 68338 ns, Total: 349240 ns
[2023-07-17T23:57:48.190+0000][67][info ][safepoint   ] Safepoint "Cleanup", Time since last: 23378255660 ns, Reaching safepoint: 237121 ns, At safepoint: 55103 ns, Total: 292224 ns
[2023-07-17T23:58:24.537+0000][67][info ][safepoint   ] Safepoint "Cleanup", Time since last: 36345875244 ns, Reaching safepoint: 352310 ns, At safepoint: 87409 ns, Total: 439719 ns
[2023-07-17T23:59:23.925+0000][67][info ][safepoint   ] Safepoint "Cleanup", Time since last: 59386298854 ns, Reaching safepoint: 358907 ns, At safepoint: 54808 ns, Total: 413715 ns
[2023-07-17T23:59:54.329+0000][67][info ][safepoint   ] Safepoint "Cleanup", Time since last: 30401788255 ns, Reaching safepoint: 258043 ns, At safepoint: 56021 ns, Total: 314064 ns
[2023-07-18T00:00:02.948+0000][67][info ][safepoint   ] Safepoint "Cleanup", Time since last: 8619211841 ns, Reaching safepoint: 202040 ns, At safepoint: 159055 ns, Total: 361095 ns
[2023-07-18T00:00:03.973+0000][67][info ][safepoint   ] Safepoint "Cleanup", Time since last: 1018195244 ns, Reaching safepoint: 250818 ns, At safepoint: 86270 ns, Total: 337088 ns
[2023-07-18T00:00:05.017+0000][67][info ][safepoint   ] Safepoint "Cleanup", Time since last: 1044317250 ns, Reaching safepoint: 476965 ns, At safepoint: 5971 ns, Total: 482936 ns
[2023-07-18T00:00:06.020+0000][67][info ][safepoint   ] Safepoint "Cleanup", Time since last: 1001946056 ns, Reaching safepoint: 265553 ns, At safepoint: 43784 ns, Total: 309337 ns
[2023-07-18T00:00:07.177+0000][67][info ][safepoint   ] Safepoint "Cleanup", Time since last: 1156851843 ns, Reaching safepoint: 291501 ns, At safepoint: 6434 ns, Total: 297935 ns
[2023-07-18T00:00:08.418+0000][67][info ][safepoint   ] Safepoint "Cleanup", Time since last: 1240802824 ns, Reaching safepoint: 368953 ns, At safepoint: 6149 ns, Total: 375102 ns
[2023-07-18T00:00:12.842+0000][67][info ][safepoint   ] Safepoint "Cleanup", Time since last: 4423764544 ns, Reaching safepoint: 418595 ns, At safepoint: 23644 ns, Total: 442239 ns
[2023-07-18T00:00:14.168+0000][67][info ][safepoint   ] Safepoint "Cleanup", Time since last: 1324926507 ns, Reaching safepoint: 378292 ns, At safepoint: 54678 ns, Total: 432970 ns
[2023-07-18T00:00:18.419+0000][67][info ][safepoint   ] Safepoint "Cleanup", Time since last: 4251583278 ns, Reaching safepoint: 212006 ns, At safepoint: 62262 ns, Total: 274268 ns
[2023-07-18T00:00:25.065+0000][67][info ][safepoint   ] Safepoint "Cleanup", Time since last: 6645320821 ns, Reaching safepoint: 449858 ns, At safepoint: 55321 ns, Total: 505179 ns
[2023-07-18T00:00:31.660+0000][67][info ][safepoint   ] Safepoint "Cleanup", Time since last: 6594849711 ns, Reaching safepoint: 307166 ns, At safepoint: 6915 ns, Total: 314081 ns
[2023-07-18T00:00:33.670+0000][67][info ][safepoint   ] Safepoint "Cleanup", Time since last: 2009630243 ns, Reaching safepoint: 131636 ns, At safepoint: 6899 ns, Total: 138535 ns
[2023-07-18T00:00:54.666+0000][67][info ][safepoint   ] Safepoint "Cleanup", Time since last: 21000933534 ns, Reaching safepoint: 105334 ns, At safepoint: 4871 ns, Total: 110205 ns
[2023-07-18T00:01:04.317+0000][67][info ][safepoint   ] Safepoint "Cleanup", Time since last: 9649502700 ns, Reaching safepoint: 373978 ns, At safepoint: 19884 ns, Total: 393862 ns
[2023-07-18T00:01:05.975+0000][67][info ][safepoint   ] Safepoint "Cleanup", Time since last: 1657489921 ns, Reaching safepoint: 195873 ns, At safepoint: 115500 ns, Total: 311373 ns
[2023-07-18T00:01:07.648+0000][67][info ][safepoint   ] Safepoint "Cleanup", Time since last: 1671991350 ns, Reaching safepoint: 466089 ns, At safepoint: 15556 ns, Total: 481645 ns
[2023-07-18T00:01:18.443+0000][67][info ][safepoint   ] Safepoint "Cleanup", Time since last: 10795526570 ns, Reaching safepoint: 218876 ns, At safepoint: 53447 ns, Total: 272323 ns
[2023-07-18T00:01:23.954+0000][67][info ][safepoint   ] Safepoint "Cleanup", Time since last: 5510532182 ns, Reaching safepoint: 220772 ns, At safepoint: 56442 ns, Total: 277214 ns
[2023-07-18T00:01:25.068+0000][67][info ][safepoint   ] Safepoint "Cleanup", Time since last: 1113696871 ns, Reaching safepoint: 389144 ns, At safepoint: 4712 ns, Total: 393856 ns
[2023-07-18T00:01:40.139+0000][67][info ][safepoint   ] Safepoint "Cleanup", Time since last: 15068899522 ns, Reaching safepoint: 657090 ns, At safepoint: 25909 ns, Total: 682999 ns
[2023-07-18T00:01:41.143+0000][67][info ][safepoint   ] Safepoint "Cleanup", Time since last: 1003735945 ns, Reaching safepoint: 447328 ns, At safepoint: 9193 ns, Total: 456521 ns
[2023-07-18T00:01:49.016+0000][67][info ][safepoint   ] Safepoint "Cleanup", Time since last: 7872749421 ns, Reaching safepoint: 180774 ns, At safepoint: 12945 ns, Total: 193719 ns
[2023-07-18T00:01:51.441+0000][67][info ][safepoint   ] Safepoint "Cleanup", Time since last: 2424703990 ns, Reaching safepoint: 168752 ns, At safepoint: 54346 ns, Total: 223098 ns
[2023-07-18T00:01:52.488+0000][67][info ][safepoint   ] Safepoint "Cleanup", Time since last: 1046454767 ns, Reaching safepoint: 289918 ns, At safepoint: 10150 ns, Total: 300068 ns
[2023-07-18T00:01:53.492+0000][67][info ][safepoint   ] Safepoint "Cleanup", Time since last: 1003821764 ns, Reaching safepoint: 267727 ns, At safepoint: 44789 ns, Total: 312516 ns
[2023-07-18T00:01:54.931+0000][67][info ][safepoint   ] Safepoint "Cleanup", Time since last: 1439527193 ns, Reaching safepoint: 138520 ns, At safepoint: 13487 ns, Total: 152007 ns
[2023-07-18T00:02:03.467+0000][67][info ][safepoint   ] Safepoint "Cleanup", Time since last: 8535408560 ns, Reaching safepoint: 335557 ns, At safepoint: 5563 ns, Total: 341120 ns
[2023-07-18T00:02:25.145+0000][67][info ][safepoint   ] Safepoint "Cleanup", Time since last: 21673056771 ns, Reaching safepoint: 344481 ns, At safepoint: 100370 ns, Total: 444851 ns
[2023-07-18T00:03:01.464+0000][67][info ][safepoint   ] Safepoint "Cleanup", Time since last: 36321711719 ns, Reaching safepoint: 298348 ns, At safepoint: 52477 ns, Total: 350825 ns
[2023-07-18T00:03:24.749+0000][67][info ][safepoint   ] Safepoint "Cleanup", Time since last: 23283867319 ns, Reaching safepoint: 225221 ns, At safepoint: 6632 ns, Total: 231853 ns
[2023-07-18T00:03:26.833+0000][67][info ][safepoint   ] Safepoint "Cleanup", Time since last: 2083682600 ns, Reaching safepoint: 405992 ns, At safepoint: 14695 ns, Total: 420687 ns
[2023-07-18T00:03:33.036+0000][67][info ][safepoint   ] Safepoint "Cleanup", Time since last: 6202075027 ns, Reaching safepoint: 353059 ns, At safepoint: 6644 ns, Total: 359703 ns
[2023-07-18T00:03:35.977+0000][67][info ][safepoint   ] Safepoint "Cleanup", Time since last: 2940242694 ns, Reaching safepoint: 166299 ns, At safepoint: 55251 ns, Total: 221550 ns
[2023-07-18T00:04:25.117+0000][67][info ][safepoint   ] Safepoint "Cleanup", Time since last: 49136966199 ns, Reaching safepoint: 341885 ns, At safepoint: 291220 ns, Total: 633105 ns
[2023-07-18T00:05:22.353+0000][67][info ][safepoint   ] Safepoint "Cleanup", Time since last: 57238757635 ns, Reaching safepoint: 374307 ns, At safepoint: 9948 ns, Total: 384255 ns
[2023-07-18T00:06:55.776+0000][67][info ][safepoint   ] Safepoint "Cleanup", Time since last: 93416828921 ns, Reaching safepoint: 342233 ns, At safepoint: 43681 ns, Total: 385914 ns
[2023-07-18T00:06:58.888+0000][67][info ][safepoint   ] Safepoint "Cleanup", Time since last: 3111779600 ns, Reaching safepoint: 299486 ns, At safepoint: 6909 ns, Total: 306395 ns
[2023-07-18T00:07:00.046+0000][67][info ][safepoint   ] Safepoint "Cleanup", Time since last: 1156711240 ns, Reaching safepoint: 345448 ns, At safepoint: 188752 ns, Total: 534200 ns
[2023-07-18T00:07:36.726+0000][67][info ][gc,start    ] GC(32) Pause Young (Normal) (G1 Evacuation Pause)
[2023-07-18T00:07:36.730+0000][67][info ][gc,task     ] GC(32) Using 6 workers of 6 for evacuation
[2023-07-18T00:07:36.732+0000][67][debug][gc,age      ] GC(32) Desired survivor size 155189248 bytes, new threshold 15 (max threshold 15)
[2023-07-18T00:07:36.744+0000][67][info ][gc,phases   ] GC(32)   Pre Evacuate Collection Set: 0.7ms
[2023-07-18T00:07:36.745+0000][67][info ][gc,phases   ] GC(32)   Merge Heap Roots: 0.4ms
[2023-07-18T00:07:36.747+0000][67][info ][gc,phases   ] GC(32)   Evacuate Collection Set: 5.9ms
[2023-07-18T00:07:36.748+0000][67][info ][gc,phases   ] GC(32)   Post Evacuate Collection Set: 3.5ms
[2023-07-18T00:07:36.749+0000][67][info ][gc,phases   ] GC(32)   Other: 2.9ms
[2023-07-18T00:07:36.751+0000][67][trace][gc,age      ] GC(32) Age table with threshold 15 (max threshold 15)
[2023-07-18T00:07:36.752+0000][67][trace][gc,age      ] GC(32) - age   1:    2993112 bytes,    2993112 total
[2023-07-18T00:07:36.753+0000][67][trace][gc,age      ] GC(32) - age   2:     589832 bytes,    3582944 total
[2023-07-18T00:07:36.754+0000][67][trace][gc,age      ] GC(32) - age   3:    2013472 bytes,    5596416 total
[2023-07-18T00:07:36.755+0000][67][trace][gc,age      ] GC(32) - age   4:     238616 bytes,    5835032 total
[2023-07-18T00:07:36.756+0000][67][trace][gc,age      ] GC(32) - age   5:      10960 bytes,    5845992 total
[2023-07-18T00:07:36.757+0000][67][trace][gc,age      ] GC(32) - age   6:     214912 bytes,    6060904 total
[2023-07-18T00:07:36.759+0000][67][trace][gc,age      ] GC(32) - age   7:      56576 bytes,    6117480 total
[2023-07-18T00:07:36.760+0000][67][trace][gc,age      ] GC(32) - age   8:      51040 bytes,    6168520 total
[2023-07-18T00:07:36.761+0000][67][trace][gc,age      ] GC(32) - age   9:      52160 bytes,    6220680 total
[2023-07-18T00:07:36.762+0000][67][trace][gc,age      ] GC(32) - age  10:      54248 bytes,    6274928 total
[2023-07-18T00:07:36.763+0000][67][trace][gc,age      ] GC(32) - age  11:     408056 bytes,    6682984 total
[2023-07-18T00:07:36.764+0000][67][trace][gc,age      ] GC(32) - age  12:     446392 bytes,    7129376 total
[2023-07-18T00:07:36.765+0000][67][trace][gc,age      ] GC(32) - age  13:     369112 bytes,    7498488 total
[2023-07-18T00:07:36.766+0000][67][trace][gc,age      ] GC(32) - age  14:     543720 bytes,    8042208 total
[2023-07-18T00:07:36.767+0000][67][trace][gc,age      ] GC(32) - age  15:     412120 bytes,    8454328 total
[2023-07-18T00:07:36.768+0000][67][info ][gc,heap     ] GC(32) Eden regions: 586->0(586)
[2023-07-18T00:07:36.769+0000][67][info ][gc,heap     ] GC(32) Survivor regions: 3->3(74)
[2023-07-18T00:07:36.770+0000][67][info ][gc,heap     ] GC(32) Old regions: 27->27
[2023-07-18T00:07:36.771+0000][67][info ][gc,heap     ] GC(32) Archive regions: 2->2
[2023-07-18T00:07:36.772+0000][67][info ][gc,heap     ] GC(32) Humongous regions: 0->0
[2023-07-18T00:07:36.773+0000][67][info ][gc,metaspace] GC(32) Metaspace: 141237K(144768K)->141237K(144768K) NonClass: 123208K(125056K)->123208K(125056K) Class: 18028K(19712K)->18028K(19712K)
[2023-07-18T00:07:36.774+0000][67][info ][gc          ] GC(32) Pause Young (Normal) (G1 Evacuation Pause) 2462M->118M(3932M) 47.976ms
[2023-07-18T00:07:36.775+0000][67][info ][gc,cpu      ] GC(32) User=0.04s Sys=0.00s Real=0.05s
[2023-07-18T00:07:36.776+0000][67][info ][safepoint   ] Safepoint "G1CollectForAllocation", Time since last: 36675021497 ns, Reaching safepoint: 305694 ns, At safepoint: 50203917 ns, Total: 50509611 ns
[2023-07-18T00:08:00.275+0000][67][info ][safepoint   ] Safepoint "Cleanup", Time since last: 23498133057 ns, Reaching safepoint: 332874 ns, At safepoint: 42611 ns, Total: 375485 ns
[2023-07-18T00:08:06.401+0000][67][info ][safepoint   ] Safepoint "Cleanup", Time since last: 6128901462 ns, Reaching safepoint: 127561 ns, At safepoint: 45778 ns, Total: 173339 ns
[2023-07-18T00:08:45.476+0000][67][info ][safepoint   ] Safepoint "Cleanup", Time since last: 39073442644 ns, Reaching safepoint: 671951 ns, At safepoint: 29245 ns, Total: 701196 ns
[2023-07-18T00:09:06.109+0000][67][info ][safepoint   ] Safepoint "Cleanup", Time since last: 20632126002 ns, Reaching safepoint: 166076 ns, At safepoint: 42664 ns, Total: 208740 ns
[2023-07-18T00:09:13.960+0000][67][info ][safepoint   ] Safepoint "Cleanup", Time since last: 7850523810 ns, Reaching safepoint: 307960 ns, At safepoint: 81051 ns, Total: 389011 ns
[2023-07-18T00:10:04.283+0000][67][info ][safepoint   ] Safepoint "Cleanup", Time since last: 50320548839 ns, Reaching safepoint: 327516 ns, At safepoint: 48110 ns, Total: 375626 ns
[2023-07-18T00:10:07.341+0000][67][info ][safepoint   ] Safepoint "Cleanup", Time since last: 3058147758 ns, Reaching safepoint: 110456 ns, At safepoint: 54470 ns, Total: 164926 ns
[2023-07-18T00:10:09.034+0000][67][info ][safepoint   ] Safepoint "Cleanup", Time since last: 1691974336 ns, Reaching safepoint: 501305 ns, At safepoint: 21942 ns, Total: 523247 ns
[2023-07-18T00:10:36.843+0000][67][info ][safepoint   ] Safepoint "Cleanup", Time since last: 27808226761 ns, Reaching safepoint: 155690 ns, At safepoint: 5272 ns, Total: 160962 ns
[2023-07-18T00:11:57.753+0000][67][info ][safepoint   ] Safepoint "Cleanup", Time since last: 80895389689 ns, Reaching safepoint: 294166 ns, At safepoint: 73284 ns, Total: 367450 ns
[2023-07-18T00:11:58.845+0000][67][info ][safepoint   ] Safepoint "Cleanup", Time since last: 1091539704 ns, Reaching safepoint: 337739 ns, At safepoint: 6080 ns, Total: 343819 ns
[2023-07-18T00:12:25.352+0000][67][info ][safepoint   ] Safepoint "Cleanup", Time since last: 26493369295 ns, Reaching safepoint: 633215 ns, At safepoint: 85457 ns, Total: 718672 ns
[2023-07-18T00:12:36.507+0000][67][info ][safepoint   ] Safepoint "Cleanup", Time since last: 11150953942 ns, Reaching safepoint: 152136 ns, At safepoint: 9655 ns, Total: 161791 ns
[2023-07-18T00:13:25.530+0000][67][info ][safepoint   ] Safepoint "Cleanup", Time since last: 49022415864 ns, Reaching safepoint: 468915 ns, At safepoint: 13458 ns, Total: 482373 ns
[2023-07-18T00:13:26.608+0000][67][info ][safepoint   ] Safepoint "Cleanup", Time since last: 1078148890 ns, Reaching safepoint: 259970 ns, At safepoint: 19294 ns, Total: 279264 ns
[2023-07-18T00:14:07.542+0000][67][info ][safepoint   ] Safepoint "Cleanup", Time since last: 40932523870 ns, Reaching safepoint: 113423 ns, At safepoint: 8853 ns, Total: 122276 ns
[2023-07-18T00:17:25.420+0000][67][info ][safepoint   ] Safepoint "Cleanup", Time since last: 197872488518 ns, Reaching safepoint: 147585 ns, At safepoint: 4534 ns, Total: 152119 ns
[2023-07-18T00:19:24.908+0000][67][info ][safepoint   ] Safepoint "Cleanup", Time since last: 119483782815 ns, Reaching safepoint: 112483 ns, At safepoint: 11331 ns, Total: 123814 ns
[2023-07-18T00:20:24.733+0000][67][info ][safepoint   ] Safepoint "Cleanup", Time since last: 59823228459 ns, Reaching safepoint: 235145 ns, At safepoint: 60147 ns, Total: 295292 ns
[2023-07-18T00:21:02.186+0000][67][info ][gc,start    ] GC(33) Pause Young (Normal) (G1 Evacuation Pause)
[2023-07-18T00:21:02.189+0000][67][info ][gc,task     ] GC(33) Using 6 workers of 6 for evacuation
[2023-07-18T00:21:02.190+0000][67][debug][gc,age      ] GC(33) Desired survivor size 155189248 bytes, new threshold 15 (max threshold 15)
[2023-07-18T00:21:02.200+0000][67][info ][gc,phases   ] GC(33)   Pre Evacuate Collection Set: 0.4ms
[2023-07-18T00:21:02.202+0000][67][info ][gc,phases   ] GC(33)   Merge Heap Roots: 0.3ms
[2023-07-18T00:21:02.203+0000][67][info ][gc,phases   ] GC(33)   Evacuate Collection Set: 5.3ms
[2023-07-18T00:21:02.204+0000][67][info ][gc,phases   ] GC(33)   Post Evacuate Collection Set: 2.8ms
[2023-07-18T00:21:02.205+0000][67][info ][gc,phases   ] GC(33)   Other: 2.8ms
[2023-07-18T00:21:02.206+0000][67][trace][gc,age      ] GC(33) Age table with threshold 15 (max threshold 15)
[2023-07-18T00:21:02.207+0000][67][trace][gc,age      ] GC(33) - age   1:    1209472 bytes,    1209472 total
[2023-07-18T00:21:02.208+0000][67][trace][gc,age      ] GC(33) - age   2:    1309912 bytes,    2519384 total
[2023-07-18T00:21:02.210+0000][67][trace][gc,age      ] GC(33) - age   3:     570592 bytes,    3089976 total
[2023-07-18T00:21:02.211+0000][67][trace][gc,age      ] GC(33) - age   4:    1995648 bytes,    5085624 total
[2023-07-18T00:21:02.212+0000][67][trace][gc,age      ] GC(33) - age   5:     221104 bytes,    5306728 total
[2023-07-18T00:21:02.213+0000][67][trace][gc,age      ] GC(33) - age   6:      10960 bytes,    5317688 total
[2023-07-18T00:21:02.215+0000][67][trace][gc,age      ] GC(33) - age   7:      95168 bytes,    5412856 total
[2023-07-18T00:21:02.216+0000][67][trace][gc,age      ] GC(33) - age   8:      56576 bytes,    5469432 total
[2023-07-18T00:21:02.217+0000][67][trace][gc,age      ] GC(33) - age   9:      51040 bytes,    5520472 total
[2023-07-18T00:21:02.217+0000][67][trace][gc,age      ] GC(33) - age  10:      52160 bytes,    5572632 total
[2023-07-18T00:21:02.218+0000][67][trace][gc,age      ] GC(33) - age  11:      54192 bytes,    5626824 total
[2023-07-18T00:21:02.219+0000][67][trace][gc,age      ] GC(33) - age  12:     408056 bytes,    6034880 total
[2023-07-18T00:21:02.220+0000][67][trace][gc,age      ] GC(33) - age  13:     446392 bytes,    6481272 total
[2023-07-18T00:21:02.221+0000][67][trace][gc,age      ] GC(33) - age  14:     369112 bytes,    6850384 total
[2023-07-18T00:21:02.222+0000][67][trace][gc,age      ] GC(33) - age  15:     543720 bytes,    7394104 total
[2023-07-18T00:21:02.223+0000][67][info ][gc,heap     ] GC(33) Eden regions: 586->0(587)
[2023-07-18T00:21:02.224+0000][67][info ][gc,heap     ] GC(33) Survivor regions: 3->2(74)
[2023-07-18T00:21:02.225+0000][67][info ][gc,heap     ] GC(33) Old regions: 27->27
[2023-07-18T00:21:02.227+0000][67][info ][gc,heap     ] GC(33) Archive regions: 2->2
[2023-07-18T00:21:02.228+0000][67][info ][gc,heap     ] GC(33) Humongous regions: 0->0
[2023-07-18T00:21:02.228+0000][67][info ][gc,metaspace] GC(33) Metaspace: 141322K(144832K)->141322K(144832K) NonClass: 123294K(125120K)->123294K(125120K) Class: 18028K(19712K)->18028K(19712K)
[2023-07-18T00:21:02.230+0000][67][info ][gc          ] GC(33) Pause Young (Normal) (G1 Evacuation Pause) 2462M->118M(3932M) 43.341ms
[2023-07-18T00:21:02.231+0000][67][info ][gc,cpu      ] GC(33) User=0.03s Sys=0.00s Real=0.05s
[2023-07-18T00:21:02.232+0000][67][info ][safepoint   ] Safepoint "G1CollectForAllocation", Time since last: 37451812205 ns, Reaching safepoint: 235654 ns, At safepoint: 45651930 ns, Total: 45887584 ns
[2023-07-18T00:22:04.417+0000][67][info ][safepoint   ] Safepoint "Cleanup", Time since last: 62182363583 ns, Reaching safepoint: 436637 ns, At safepoint: 53861 ns, Total: 490498 ns
[2023-07-18T00:22:25.508+0000][67][info ][safepoint   ] Safepoint "Cleanup", Time since last: 21090633356 ns, Reaching safepoint: 230766 ns, At safepoint: 18957 ns, Total: 249723 ns
[2023-07-18T00:22:49.376+0000][67][info ][safepoint   ] Safepoint "Cleanup", Time since last: 23866265713 ns, Reaching safepoint: 454630 ns, At safepoint: 9716 ns, Total: 464346 ns
[2023-07-18T00:23:26.666+0000][67][info ][safepoint   ] Safepoint "Cleanup", Time since last: 37289147047 ns, Reaching safepoint: 402833 ns, At safepoint: 19348 ns, Total: 422181 ns
[2023-07-18T00:23:39.709+0000][67][info ][safepoint   ] Safepoint "Cleanup", Time since last: 13041826618 ns, Reaching safepoint: 298229 ns, At safepoint: 14128 ns, Total: 312357 ns
[2023-07-18T00:24:25.508+0000][67][info ][safepoint   ] Safepoint "Cleanup", Time since last: 45797577587 ns, Reaching safepoint: 132141 ns, At safepoint: 15175 ns, Total: 147316 ns
[2023-07-18T00:25:25.386+0000][67][info ][safepoint   ] Safepoint "Cleanup", Time since last: 59875815930 ns, Reaching safepoint: 133429 ns, At safepoint: 21079 ns, Total: 154508 ns
[2023-07-18T00:26:00.318+0000][67][info ][safepoint   ] Safepoint "Cleanup", Time since last: 34931431324 ns, Reaching safepoint: 266203 ns, At safepoint: 139555 ns, Total: 405758 ns
[2023-07-18T00:28:07.924+0000][67][info ][safepoint   ] Safepoint "Cleanup", Time since last: 127592901150 ns, Reaching safepoint: 366663 ns, At safepoint: 62264 ns, Total: 428927 ns
[2023-07-18T00:28:09.067+0000][67][info ][safepoint   ] Safepoint "Cleanup", Time since last: 1142016703 ns, Reaching safepoint: 467416 ns, At safepoint: 30445 ns, Total: 497861 ns
[2023-07-18T00:28:10.075+0000][67][info ][safepoint   ] Safepoint "Cleanup", Time since last: 1007923281 ns, Reaching safepoint: 142470 ns, At safepoint: 13417 ns, Total: 155887 ns
[2023-07-18T00:28:11.087+0000][67][info ][safepoint   ] Safepoint "Cleanup", Time since last: 1011858681 ns, Reaching safepoint: 380328 ns, At safepoint: 169734 ns, Total: 550062 ns
[2023-07-18T00:28:12.425+0000][67][info ][safepoint   ] Safepoint "Cleanup", Time since last: 1337548307 ns, Reaching safepoint: 395286 ns, At safepoint: 58955 ns, Total: 454241 ns
[2023-07-18T00:28:13.479+0000][67][info ][safepoint   ] Safepoint "Cleanup", Time since last: 1053637041 ns, Reaching safepoint: 240456 ns, At safepoint: 7541 ns, Total: 247997 ns
[2023-07-18T00:28:17.204+0000][67][info ][safepoint   ] Safepoint "Cleanup", Time since last: 3723988225 ns, Reaching safepoint: 193962 ns, At safepoint: 52339 ns, Total: 246301 ns
[2023-07-18T00:28:18.291+0000][67][info ][safepoint   ] Safepoint "Cleanup", Time since last: 1087398963 ns, Reaching safepoint: 207537 ns, At safepoint: 10603 ns, Total: 218140 ns
[2023-07-18T00:28:19.858+0000][67][info ][safepoint   ] Safepoint "Cleanup", Time since last: 1566974974 ns, Reaching safepoint: 288653 ns, At safepoint: 10838 ns, Total: 299491 ns
[2023-07-18T00:28:21.439+0000][67][info ][safepoint   ] Safepoint "Cleanup", Time since last: 1579779904 ns, Reaching safepoint: 265414 ns, At safepoint: 19009 ns, Total: 284423 ns
[2023-07-18T00:29:58.895+0000][67][info ][safepoint   ] Safepoint "Cleanup", Time since last: 97452843218 ns, Reaching safepoint: 557454 ns, At safepoint: 21688 ns, Total: 579142 ns
[2023-07-18T00:29:59.898+0000][67][info ][safepoint   ] Safepoint "Cleanup", Time since last: 1003008831 ns, Reaching safepoint: 331656 ns, At safepoint: 13235 ns, Total: 344891 ns
[2023-07-18T00:30:29.344+0000][67][info ][safepoint   ] Safepoint "Cleanup", Time since last: 29444341640 ns, Reaching safepoint: 482251 ns, At safepoint: 16802 ns, Total: 499053 ns
[2023-07-18T00:31:24.780+0000][67][info ][safepoint   ] Safepoint "Cleanup", Time since last: 55433704853 ns, Reaching safepoint: 282645 ns, At safepoint: 69392 ns, Total: 352037 ns
[2023-07-18T00:31:26.601+0000][67][info ][safepoint   ] Safepoint "Cleanup", Time since last: 1820282163 ns, Reaching safepoint: 540033 ns, At safepoint: 26299 ns, Total: 566332 ns
[2023-07-18T00:32:05.766+0000][67][info ][safepoint   ] Safepoint "Cleanup", Time since last: 39163655279 ns, Reaching safepoint: 364106 ns, At safepoint: 7293 ns, Total: 371399 ns
[2023-07-18T00:32:08.245+0000][67][info ][safepoint   ] Safepoint "Cleanup", Time since last: 2478583794 ns, Reaching safepoint: 274291 ns, At safepoint: 4347 ns, Total: 278638 ns
[2023-07-18T00:32:10.052+0000][67][info ][safepoint   ] Safepoint "Cleanup", Time since last: 1806600175 ns, Reaching safepoint: 257221 ns, At safepoint: 64362 ns, Total: 321583 ns
[2023-07-18T00:32:11.054+0000][67][info ][safepoint   ] Safepoint "Cleanup", Time since last: 1001043157 ns, Reaching safepoint: 623946 ns, At safepoint: 53029 ns, Total: 676975 ns
[2023-07-18T00:32:18.262+0000][67][info ][gc,start    ] GC(34) Pause Young (Normal) (G1 Evacuation Pause)
[2023-07-18T00:32:18.264+0000][67][info ][gc,task     ] GC(34) Using 6 workers of 6 for evacuation
[2023-07-18T00:32:18.265+0000][67][debug][gc,age      ] GC(34) Desired survivor size 155189248 bytes, new threshold 15 (max threshold 15)
[2023-07-18T00:32:18.276+0000][67][info ][gc,phases   ] GC(34)   Pre Evacuate Collection Set: 0.3ms
[2023-07-18T00:32:18.277+0000][67][info ][gc,phases   ] GC(34)   Merge Heap Roots: 0.5ms
[2023-07-18T00:32:18.279+0000][67][info ][gc,phases   ] GC(34)   Evacuate Collection Set: 5.7ms
[2023-07-18T00:32:18.280+0000][67][info ][gc,phases   ] GC(34)   Post Evacuate Collection Set: 3.3ms
[2023-07-18T00:32:18.281+0000][67][info ][gc,phases   ] GC(34)   Other: 2.6ms
[2023-07-18T00:32:18.284+0000][67][trace][gc,age      ] GC(34) Age table with threshold 15 (max threshold 15)
[2023-07-18T00:32:18.285+0000][67][trace][gc,age      ] GC(34) - age   1:    2916592 bytes,    2916592 total
[2023-07-18T00:32:18.287+0000][67][trace][gc,age      ] GC(34) - age   2:     192416 bytes,    3109008 total
[2023-07-18T00:32:18.288+0000][67][trace][gc,age      ] GC(34) - age   3:    1086496 bytes,    4195504 total
[2023-07-18T00:32:18.289+0000][67][trace][gc,age      ] GC(34) - age   4:     459664 bytes,    4655168 total
[2023-07-18T00:32:18.290+0000][67][trace][gc,age      ] GC(34) - age   5:    1908592 bytes,    6563760 total
[2023-07-18T00:32:18.292+0000][67][trace][gc,age      ] GC(34) - age   6:     201736 bytes,    6765496 total
[2023-07-18T00:32:18.293+0000][67][trace][gc,age      ] GC(34) - age   7:       6664 bytes,    6772160 total
[2023-07-18T00:32:18.294+0000][67][trace][gc,age      ] GC(34) - age   8:      95104 bytes,    6867264 total
[2023-07-18T00:32:18.295+0000][67][trace][gc,age      ] GC(34) - age   9:      56576 bytes,    6923840 total
[2023-07-18T00:32:18.297+0000][67][trace][gc,age      ] GC(34) - age  10:      51040 bytes,    6974880 total
[2023-07-18T00:32:18.298+0000][67][trace][gc,age      ] GC(34) - age  11:      51848 bytes,    7026728 total
[2023-07-18T00:32:18.299+0000][67][trace][gc,age      ] GC(34) - age  12:      53840 bytes,    7080568 total
[2023-07-18T00:32:18.300+0000][67][trace][gc,age      ] GC(34) - age  13:     407560 bytes,    7488128 total
[2023-07-18T00:32:18.301+0000][67][trace][gc,age      ] GC(34) - age  14:     445840 bytes,    7933968 total
[2023-07-18T00:32:18.302+0000][67][trace][gc,age      ] GC(34) - age  15:     369048 bytes,    8303016 total
[2023-07-18T00:32:18.303+0000][67][info ][gc,heap     ] GC(34) Eden regions: 587->0(586)
[2023-07-18T00:32:18.304+0000][67][info ][gc,heap     ] GC(34) Survivor regions: 2->3(74)
[2023-07-18T00:32:18.305+0000][67][info ][gc,heap     ] GC(34) Old regions: 27->27
[2023-07-18T00:32:18.306+0000][67][info ][gc,heap     ] GC(34) Archive regions: 2->2
[2023-07-18T00:32:18.308+0000][67][info ][gc,heap     ] GC(34) Humongous regions: 0->0
[2023-07-18T00:32:18.309+0000][67][info ][gc,metaspace] GC(34) Metaspace: 141417K(144896K)->141417K(144896K) NonClass: 123389K(125184K)->123389K(125184K) Class: 18028K(19712K)->18028K(19712K)
[2023-07-18T00:32:18.310+0000][67][info ][gc          ] GC(34) Pause Young (Normal) (G1 Evacuation Pause) 2466M->119M(3932M) 48.248ms
[2023-07-18T00:32:18.311+0000][67][info ][gc,cpu      ] GC(34) User=0.05s Sys=0.00s Real=0.05s
[2023-07-18T00:32:18.313+0000][67][info ][safepoint   ] Safepoint "G1CollectForAllocation", Time since last: 7207186863 ns, Reaching safepoint: 520740 ns, At safepoint: 50905151 ns, Total: 51425891 ns
[2023-07-18T00:32:31.363+0000][67][info ][safepoint   ] Safepoint "Cleanup", Time since last: 13050174275 ns, Reaching safepoint: 280156 ns, At safepoint: 44566 ns, Total: 324722 ns
[2023-07-18T00:32:59.010+0000][67][info ][safepoint   ] Safepoint "Cleanup", Time since last: 27646195762 ns, Reaching safepoint: 316409 ns, At safepoint: 60665 ns, Total: 377074 ns
[2023-07-18T00:33:25.523+0000][67][info ][safepoint   ] Safepoint "Cleanup", Time since last: 26511358412 ns, Reaching safepoint: 191517 ns, At safepoint: 4926 ns, Total: 196443 ns
[2023-07-18T00:33:26.764+0000][67][info ][safepoint   ] Safepoint "Cleanup", Time since last: 1241430151 ns, Reaching safepoint: 176093 ns, At safepoint: 3938 ns, Total: 180031 ns
[2023-07-18T00:33:27.766+0000][67][info ][safepoint   ] Safepoint "Cleanup", Time since last: 1001227781 ns, Reaching safepoint: 294832 ns, At safepoint: 6794 ns, Total: 301626 ns
[2023-07-18T00:34:48.428+0000][67][info ][safepoint   ] Safepoint "Cleanup", Time since last: 80658667460 ns, Reaching safepoint: 96512 ns, At safepoint: 4862 ns, Total: 101374 ns
[2023-07-18T00:35:25.601+0000][67][info ][safepoint   ] Safepoint "Cleanup", Time since last: 37172361295 ns, Reaching safepoint: 232537 ns, At safepoint: 59964 ns, Total: 292501 ns
[2023-07-18T00:35:43.343+0000][67][info ][safepoint   ] Safepoint "Cleanup", Time since last: 17740564355 ns, Reaching safepoint: 188983 ns, At safepoint: 51336 ns, Total: 240319 ns
[2023-07-18T00:37:13.210+0000][67][info ][safepoint   ] Safepoint "Cleanup", Time since last: 89864381399 ns, Reaching safepoint: 175678 ns, At safepoint: 57176 ns, Total: 232854 ns
[2023-07-18T00:37:44.058+0000][67][info ][safepoint   ] Safepoint "Cleanup", Time since last: 30847110763 ns, Reaching safepoint: 278063 ns, At safepoint: 19958 ns, Total: 298021 ns
[2023-07-18T00:37:59.341+0000][67][info ][safepoint   ] Safepoint "Cleanup", Time since last: 15282523428 ns, Reaching safepoint: 433356 ns, At safepoint: 7043 ns, Total: 440399 ns
[2023-07-18T00:38:12.968+0000][67][info ][safepoint   ] Safepoint "Cleanup", Time since last: 13625944267 ns, Reaching safepoint: 278182 ns, At safepoint: 51893 ns, Total: 330075 ns
[2023-07-18T00:38:32.378+0000][67][info ][safepoint   ] Safepoint "Cleanup", Time since last: 19409687596 ns, Reaching safepoint: 350282 ns, At safepoint: 6415 ns, Total: 356697 ns
[2023-07-18T00:39:01.876+0000][67][info ][safepoint   ] Safepoint "Cleanup", Time since last: 29496106722 ns, Reaching safepoint: 258918 ns, At safepoint: 43812 ns, Total: 302730 ns
[2023-07-18T00:39:19.334+0000][67][info ][safepoint   ] Safepoint "Cleanup", Time since last: 17456666236 ns, Reaching safepoint: 712636 ns, At safepoint: 178515 ns, Total: 891151 ns
[2023-07-18T00:39:24.516+0000][67][info ][safepoint   ] Safepoint "Cleanup", Time since last: 5181061760 ns, Reaching safepoint: 136497 ns, At safepoint: 57249 ns, Total: 193746 ns
[2023-07-18T00:40:14.415+0000][67][info ][safepoint   ] Safepoint "Cleanup", Time since last: 49897055252 ns, Reaching safepoint: 597477 ns, At safepoint: 15653 ns, Total: 613130 ns
[2023-07-18T00:41:24.735+0000][67][info ][safepoint   ] Safepoint "Cleanup", Time since last: 70317814100 ns, Reaching safepoint: 304366 ns, At safepoint: 63709 ns, Total: 368075 ns
[2023-07-18T00:41:36.528+0000][67][info ][safepoint   ] Safepoint "Cleanup", Time since last: 11792376007 ns, Reaching safepoint: 285931 ns, At safepoint: 60755 ns, Total: 346686 ns
[2023-07-18T00:42:09.730+0000][67][info ][safepoint   ] Safepoint "Cleanup", Time since last: 33200566391 ns, Reaching safepoint: 381701 ns, At safepoint: 58361 ns, Total: 440062 ns
[2023-07-18T00:42:18.352+0000][67][info ][safepoint   ] Safepoint "Cleanup", Time since last: 8621961587 ns, Reaching safepoint: 312158 ns, At safepoint: 102863 ns, Total: 415021 ns
[2023-07-18T00:42:19.405+0000][67][info ][safepoint   ] Safepoint "Cleanup", Time since last: 1052246072 ns, Reaching safepoint: 344874 ns, At safepoint: 74693 ns, Total: 419567 ns
[2023-07-18T00:42:21.509+0000][67][info ][safepoint   ] Safepoint "Cleanup", Time since last: 2103560907 ns, Reaching safepoint: 306954 ns, At safepoint: 5625 ns, Total: 312579 ns
[2023-07-18T00:42:42.460+0000][67][info ][safepoint   ] Safepoint "Cleanup", Time since last: 21025179765 ns, Reaching safepoint: 216311 ns, At safepoint: 56295 ns, Total: 272606 ns
[2023-07-18T00:43:45.786+0000][67][info ][safepoint   ] Safepoint "Cleanup", Time since last: 63324506016 ns, Reaching safepoint: 515149 ns, At safepoint: 6735 ns, Total: 521884 ns
[2023-07-18T00:44:02.696+0000][67][info ][safepoint   ] Safepoint "Cleanup", Time since last: 16909804366 ns, Reaching safepoint: 221323 ns, At safepoint: 41637 ns, Total: 262960 ns
[2023-07-18T00:44:24.667+0000][67][info ][safepoint   ] Safepoint "Cleanup", Time since last: 21970888958 ns, Reaching safepoint: 145069 ns, At safepoint: 47653 ns, Total: 192722 ns
[2023-07-18T00:44:57.283+0000][67][info ][gc,start    ] GC(35) Pause Young (Normal) (G1 Evacuation Pause)
[2023-07-18T00:44:57.285+0000][67][info ][gc,task     ] GC(35) Using 6 workers of 6 for evacuation
[2023-07-18T00:44:57.286+0000][67][debug][gc,age      ] GC(35) Desired survivor size 155189248 bytes, new threshold 15 (max threshold 15)
[2023-07-18T00:44:57.297+0000][67][info ][gc,phases   ] GC(35)   Pre Evacuate Collection Set: 0.6ms
[2023-07-18T00:44:57.298+0000][67][info ][gc,phases   ] GC(35)   Merge Heap Roots: 0.3ms
[2023-07-18T00:44:57.301+0000][67][info ][gc,phases   ] GC(35)   Evacuate Collection Set: 4.4ms
[2023-07-18T00:44:57.302+0000][67][info ][gc,phases   ] GC(35)   Post Evacuate Collection Set: 3.7ms
[2023-07-18T00:44:57.304+0000][67][info ][gc,phases   ] GC(35)   Other: 2.6ms
[2023-07-18T00:44:57.305+0000][67][trace][gc,age      ] GC(35) Age table with threshold 15 (max threshold 15)
[2023-07-18T00:44:57.306+0000][67][trace][gc,age      ] GC(35) - age   1:    1933736 bytes,    1933736 total
[2023-07-18T00:44:57.308+0000][67][trace][gc,age      ] GC(35) - age   2:     843392 bytes,    2777128 total
[2023-07-18T00:44:57.309+0000][67][trace][gc,age      ] GC(35) - age   3:     165008 bytes,    2942136 total
[2023-07-18T00:44:57.310+0000][67][trace][gc,age      ] GC(35) - age   4:    1018544 bytes,    3960680 total
[2023-07-18T00:44:57.311+0000][67][trace][gc,age      ] GC(35) - age   5:     384648 bytes,    4345328 total
[2023-07-18T00:44:57.312+0000][67][trace][gc,age      ] GC(35) - age   6:    1638200 bytes,    5983528 total
[2023-07-18T00:44:57.313+0000][67][trace][gc,age      ] GC(35) - age   7:     201712 bytes,    6185240 total
[2023-07-18T00:44:57.314+0000][67][trace][gc,age      ] GC(35) - age   8:       6664 bytes,    6191904 total
[2023-07-18T00:44:57.315+0000][67][trace][gc,age      ] GC(35) - age   9:      95104 bytes,    6287008 total
[2023-07-18T00:44:57.316+0000][67][trace][gc,age      ] GC(35) - age  10:      56576 bytes,    6343584 total
[2023-07-18T00:44:57.317+0000][67][trace][gc,age      ] GC(35) - age  11:      51040 bytes,    6394624 total
[2023-07-18T00:44:57.318+0000][67][trace][gc,age      ] GC(35) - age  12:      51848 bytes,    6446472 total
[2023-07-18T00:44:57.319+0000][67][trace][gc,age      ] GC(35) - age  13:      53280 bytes,    6499752 total
[2023-07-18T00:44:57.321+0000][67][trace][gc,age      ] GC(35) - age  14:     407560 bytes,    6907312 total
[2023-07-18T00:44:57.322+0000][67][trace][gc,age      ] GC(35) - age  15:     445840 bytes,    7353152 total
[2023-07-18T00:44:57.323+0000][67][info ][gc,heap     ] GC(35) Eden regions: 586->0(587)
[2023-07-18T00:44:57.324+0000][67][info ][gc,heap     ] GC(35) Survivor regions: 3->2(74)
[2023-07-18T00:44:57.325+0000][67][info ][gc,heap     ] GC(35) Old regions: 27->27
[2023-07-18T00:44:57.326+0000][67][info ][gc,heap     ] GC(35) Archive regions: 2->2
[2023-07-18T00:44:57.327+0000][67][info ][gc,heap     ] GC(35) Humongous regions: 0->0
[2023-07-18T00:44:57.328+0000][67][info ][gc,metaspace] GC(35) Metaspace: 141426K(144960K)->141426K(144960K) NonClass: 123398K(125248K)->123398K(125248K) Class: 18028K(19712K)->18028K(19712K)
[2023-07-18T00:44:57.329+0000][67][info ][gc          ] GC(35) Pause Young (Normal) (G1 Evacuation Pause) 2463M->119M(3932M) 46.032ms
[2023-07-18T00:44:57.330+0000][67][info ][gc,cpu      ] GC(35) User=0.03s Sys=0.00s Real=0.04s
[2023-07-18T00:44:57.331+0000][67][info ][safepoint   ] Safepoint "G1CollectForAllocation", Time since last: 32614890123 ns, Reaching safepoint: 250886 ns, At safepoint: 48394690 ns, Total: 48645576 ns
[2023-07-18T00:45:18.675+0000][67][info ][safepoint   ] Safepoint "Cleanup", Time since last: 21342801252 ns, Reaching safepoint: 255086 ns, At safepoint: 55217 ns, Total: 310303 ns
[2023-07-18T00:45:25.548+0000][67][info ][safepoint   ] Safepoint "Cleanup", Time since last: 6872429334 ns, Reaching safepoint: 712194 ns, At safepoint: 11209 ns, Total: 723403 ns
[2023-07-18T00:45:30.471+0000][67][info ][safepoint   ] Safepoint "Cleanup", Time since last: 4922669486 ns, Reaching safepoint: 272221 ns, At safepoint: 54135 ns, Total: 326356 ns
[2023-07-18T00:50:22.205+0000][67][info ][safepoint   ] Safepoint "Cleanup", Time since last: 291731088520 ns, Reaching safepoint: 326986 ns, At safepoint: 14685 ns, Total: 341671 ns
[2023-07-18T00:50:38.090+0000][67][info ][safepoint   ] Safepoint "Cleanup", Time since last: 15884626281 ns, Reaching safepoint: 282248 ns, At safepoint: 112772 ns, Total: 395020 ns
[2023-07-18T00:50:39.097+0000][67][info ][safepoint   ] Safepoint "Cleanup", Time since last: 1005959845 ns, Reaching safepoint: 246244 ns, At safepoint: 4763 ns, Total: 251007 ns
[2023-07-18T00:52:07.888+0000][67][info ][safepoint   ] Safepoint "Cleanup", Time since last: 88758906198 ns, Reaching safepoint: 31965550 ns, At safepoint: 36121 ns, Total: 32001671 ns
