[2023-07-17T19:12:51.966+0000][67][info][gc,init] CardTable entry size: 512
[2023-07-17T19:12:51.969+0000][67][info][gc     ] Using G1
[2023-07-17T19:12:52.876+0000][67][info][gc,init] Version: 19.0.2+7-44 (release)
[2023-07-17T19:12:52.877+0000][67][info][gc,init] CPUs: 6 total, 6 available
[2023-07-17T19:12:52.879+0000][67][info][gc,init] Memory: 7859M
[2023-07-17T19:12:52.880+0000][67][info][gc,init] Large Page Support: Disabled
[2023-07-17T19:12:52.882+0000][67][info][gc,init] NUMA Support: Disabled
[2023-07-17T19:12:52.883+0000][67][info][gc,init] Compressed Oops: Enabled (Zero based)
[2023-07-17T19:12:52.885+0000][67][info][gc,init] Heap Region Size: 4M
[2023-07-17T19:12:52.886+0000][67][info][gc,init] Heap Min Capacity: 3932M
[2023-07-17T19:12:52.888+0000][67][info][gc,init] Heap Initial Capacity: 3932M
[2023-07-17T19:12:52.890+0000][67][info][gc,init] Heap Max Capacity: 3932M
[2023-07-17T19:12:52.891+0000][67][info][gc,init] Pre-touch: Enabled
[2023-07-17T19:12:52.891+0000][67][info][gc,init] Parallel Workers: 6
[2023-07-17T19:12:52.892+0000][67][info][gc,init] Concurrent Workers: 2
[2023-07-17T19:12:52.894+0000][67][info][gc,init] Concurrent Refinement Workers: 6
[2023-07-17T19:12:52.895+0000][67][info][gc,init] Periodic GC: Disabled
[2023-07-17T19:12:52.897+0000][67][info][gc,metaspace] CDS archive(s) mapped at: [0x0000000800000000-0x0000000800c4f000-0x0000000800c4f000), size 12906496, SharedBaseAddress: 0x0000000800000000, ArchiveRelocationMode: 0.
[2023-07-17T19:12:52.898+0000][67][info][gc,metaspace] Compressed class space mapped at: 0x0000000801000000-0x0000000841000000, reserved size: 1073741824
[2023-07-17T19:12:52.900+0000][67][info][gc,metaspace] Narrow klass base: 0x0000000800000000, Narrow klass shift: 0, Narrow klass range: 0x100000000
[2023-07-17T19:12:53.340+0000][67][info][safepoint   ] Safepoint "ICBufferFull", Time since last: 430628597 ns, Reaching safepoint: 267895 ns, At safepoint: 4287 ns, Total: 272182 ns
[2023-07-17T19:12:53.911+0000][67][info][safepoint   ] Safepoint "ICBufferFull", Time since last: 571004662 ns, Reaching safepoint: 271560 ns, At safepoint: 54831 ns, Total: 326391 ns
[2023-07-17T19:12:54.571+0000][67][info][safepoint   ] Safepoint "ICBufferFull", Time since last: 660026378 ns, Reaching safepoint: 436630 ns, At safepoint: 58012 ns, Total: 494642 ns
[2023-07-17T19:12:55.172+0000][67][info][safepoint   ] Safepoint "ICBufferFull", Time since last: 600568774 ns, Reaching safepoint: 304239 ns, At safepoint: 5521 ns, Total: 309760 ns
[2023-07-17T19:12:56.275+0000][67][info][safepoint   ] Safepoint "ICBufferFull", Time since last: 1101880781 ns, Reaching safepoint: 303510 ns, At safepoint: 49558 ns, Total: 353068 ns
[2023-07-17T19:12:56.972+0000][67][info][safepoint   ] Safepoint "ICBufferFull", Time since last: 696953789 ns, Reaching safepoint: 314555 ns, At safepoint: 94112 ns, Total: 408667 ns
[2023-07-17T19:12:57.076+0000][67][info][gc,start    ] GC(0) Pause Young (Normal) (G1 Evacuation Pause)
[2023-07-17T19:12:57.079+0000][67][info][gc,task     ] GC(0) Using 6 workers of 6 for evacuation
[2023-07-17T19:12:57.081+0000][67][debug][gc,age      ] GC(0) Desired survivor size 14680064 bytes, new threshold 15 (max threshold 15)
[2023-07-17T19:12:57.101+0000][67][info ][gc,phases   ] GC(0)   Pre Evacuate Collection Set: 0.3ms
[2023-07-17T19:12:57.102+0000][67][info ][gc,phases   ] GC(0)   Merge Heap Roots: 1.3ms
[2023-07-17T19:12:57.104+0000][67][info ][gc,phases   ] GC(0)   Evacuate Collection Set: 11.3ms
[2023-07-17T19:12:57.105+0000][67][info ][gc,phases   ] GC(0)   Post Evacuate Collection Set: 4.3ms
[2023-07-17T19:12:57.106+0000][67][info ][gc,phases   ] GC(0)   Other: 4.4ms
[2023-07-17T19:12:57.108+0000][67][trace][gc,age      ] GC(0) Age table with threshold 15 (max threshold 15)
[2023-07-17T19:12:57.109+0000][67][trace][gc,age      ] GC(0) - age   1:   10843248 bytes,   10843248 total
[2023-07-17T19:12:57.111+0000][67][info ][gc,heap     ] GC(0) Eden regions: 49->0(46)
[2023-07-17T19:12:57.112+0000][67][info ][gc,heap     ] GC(0) Survivor regions: 0->3(7)
[2023-07-17T19:12:57.114+0000][67][info ][gc,heap     ] GC(0) Old regions: 0->0
[2023-07-17T19:12:57.116+0000][67][info ][gc,heap     ] GC(0) Archive regions: 2->2
[2023-07-17T19:12:57.117+0000][67][info ][gc,heap     ] GC(0) Humongous regions: 0->0
[2023-07-17T19:12:57.118+0000][67][info ][gc,metaspace] GC(0) Metaspace: 17779K(18304K)->17779K(18304K) NonClass: 15788K(16064K)->15788K(16064K) Class: 1991K(2240K)->1991K(2240K)
[2023-07-17T19:12:57.119+0000][67][info ][gc          ] GC(0) Pause Young (Normal) (G1 Evacuation Pause) 199M->14M(3932M) 43.866ms
[2023-07-17T19:12:57.120+0000][67][info ][gc,cpu      ] GC(0) User=0.06s Sys=0.00s Real=0.05s
[2023-07-17T19:12:57.122+0000][67][info ][safepoint   ] Safepoint "G1CollectForAllocation", Time since last: 102573291 ns, Reaching safepoint: 256125 ns, At safepoint: 46931469 ns, Total: 47187594 ns
[2023-07-17T19:12:57.517+0000][67][info ][gc,start    ] GC(1) Pause Young (Concurrent Start) (Metadata GC Threshold)
[2023-07-17T19:12:57.519+0000][67][info ][gc,task     ] GC(1) Using 6 workers of 6 for evacuation
[2023-07-17T19:12:57.521+0000][67][debug][gc,age      ] GC(1) Desired survivor size 14680064 bytes, new threshold 15 (max threshold 15)
[2023-07-17T19:12:57.535+0000][67][info ][gc,phases   ] GC(1)   Pre Evacuate Collection Set: 0.6ms
[2023-07-17T19:12:57.537+0000][67][info ][gc,phases   ] GC(1)   Merge Heap Roots: 0.4ms
[2023-07-17T19:12:57.539+0000][67][info ][gc,phases   ] GC(1)   Evacuate Collection Set: 7.6ms
[2023-07-17T19:12:57.540+0000][67][info ][gc,phases   ] GC(1)   Post Evacuate Collection Set: 3.6ms
[2023-07-17T19:12:57.542+0000][67][info ][gc,phases   ] GC(1)   Other: 3.2ms
[2023-07-17T19:12:57.544+0000][67][trace][gc,age      ] GC(1) Age table with threshold 15 (max threshold 15)
[2023-07-17T19:12:57.546+0000][67][trace][gc,age      ] GC(1) - age   1:    1084808 bytes,    1084808 total
[2023-07-17T19:12:57.547+0000][67][trace][gc,age      ] GC(1) - age   2:    9744600 bytes,   10829408 total
[2023-07-17T19:12:57.549+0000][67][info ][gc,heap     ] GC(1) Eden regions: 15->0(46)
[2023-07-17T19:12:57.550+0000][67][info ][gc,heap     ] GC(1) Survivor regions: 3->3(7)
[2023-07-17T19:12:57.552+0000][67][info ][gc,heap     ] GC(1) Old regions: 0->0
[2023-07-17T19:12:57.553+0000][67][info ][gc,heap     ] GC(1) Archive regions: 2->2
[2023-07-17T19:12:57.554+0000][67][info ][gc,heap     ] GC(1) Humongous regions: 0->0
[2023-07-17T19:12:57.556+0000][67][info ][gc,metaspace] GC(1) Metaspace: 21009K(21504K)->21009K(21504K) NonClass: 18699K(18944K)->18699K(18944K) Class: 2309K(2560K)->2309K(2560K)
[2023-07-17T19:12:57.557+0000][67][info ][gc          ] GC(1) Pause Young (Concurrent Start) (Metadata GC Threshold) 74M->15M(3932M) 39.879ms
[2023-07-17T19:12:57.559+0000][67][info ][gc,cpu      ] GC(1) User=0.04s Sys=0.00s Real=0.04s
[2023-07-17T19:12:57.560+0000][67][info ][safepoint   ] Safepoint "CollectForMetadataAllocation", Time since last: 395468921 ns, Reaching safepoint: 202031 ns, At safepoint: 43036112 ns, Total: 43238143 ns
[2023-07-17T19:12:57.559+0000][67][info ][gc          ] GC(2) Concurrent Mark Cycle
[2023-07-17T19:12:57.564+0000][67][info ][gc,marking  ] GC(2) Concurrent Clear Claimed Marks
[2023-07-17T19:12:57.566+0000][67][info ][gc,marking  ] GC(2) Concurrent Clear Claimed Marks 2.088ms
[2023-07-17T19:12:57.568+0000][67][info ][gc,marking  ] GC(2) Concurrent Scan Root Regions
[2023-07-17T19:12:57.579+0000][67][info ][gc,marking  ] GC(2) Concurrent Scan Root Regions 11.318ms
[2023-07-17T19:12:57.582+0000][67][info ][gc,marking  ] GC(2) Concurrent Mark
[2023-07-17T19:12:57.584+0000][67][info ][gc,marking  ] GC(2) Concurrent Mark From Roots
[2023-07-17T19:12:57.588+0000][67][info ][gc,task     ] GC(2) Using 2 workers of 2 for marking
[2023-07-17T19:12:57.593+0000][67][info ][gc,marking  ] GC(2) Concurrent Mark From Roots 9.377ms
[2023-07-17T19:12:57.595+0000][67][info ][gc,marking  ] GC(2) Concurrent Preclean
[2023-07-17T19:12:57.597+0000][67][info ][gc,marking  ] GC(2) Concurrent Preclean 1.750ms
[2023-07-17T19:12:57.600+0000][67][info ][gc,start    ] GC(2) Pause Remark
[2023-07-17T19:12:57.610+0000][67][info ][gc          ] GC(2) Pause Remark 18M->18M(3932M) 10.291ms
[2023-07-17T19:12:57.614+0000][67][info ][gc,cpu      ] GC(2) User=0.01s Sys=0.00s Real=0.01s
[2023-07-17T19:12:57.616+0000][67][info ][safepoint   ] Safepoint "G1PauseRemark", Time since last: 38382811 ns, Reaching safepoint: 784148 ns, At safepoint: 16166416 ns, Total: 16950564 ns
[2023-07-17T19:12:57.619+0000][67][info ][gc,marking  ] GC(2) Concurrent Mark 37.243ms
[2023-07-17T19:12:57.621+0000][67][info ][gc,marking  ] GC(2) Concurrent Rebuild Remembered Sets
[2023-07-17T19:12:57.622+0000][67][info ][gc,marking  ] GC(2) Concurrent Rebuild Remembered Sets 1.503ms
[2023-07-17T19:12:57.624+0000][67][info ][gc,start    ] GC(2) Pause Cleanup
[2023-07-17T19:12:57.626+0000][67][info ][gc          ] GC(2) Pause Cleanup 18M->18M(3932M) 1.362ms
[2023-07-17T19:12:57.627+0000][67][info ][gc,cpu      ] GC(2) User=0.00s Sys=0.00s Real=0.00s
[2023-07-17T19:12:57.629+0000][67][info ][safepoint   ] Safepoint "G1PauseCleanup", Time since last: 8277421 ns, Reaching safepoint: 363350 ns, At safepoint: 4822643 ns, Total: 5185993 ns
[2023-07-17T19:12:57.642+0000][67][info ][gc,marking  ] GC(2) Concurrent Cleanup for Next Mark
[2023-07-17T19:12:57.648+0000][67][info ][gc,marking  ] GC(2) Concurrent Cleanup for Next Mark 6.096ms
[2023-07-17T19:12:57.650+0000][67][info ][gc          ] GC(2) Concurrent Mark Cycle 91.097ms
[2023-07-17T19:12:58.802+0000][67][info ][safepoint   ] Safepoint "Cleanup", Time since last: 1027905490 ns, Reaching safepoint: 145066485 ns, At safepoint: 57040 ns, Total: 145123525 ns
[2023-07-17T19:13:00.255+0000][67][info ][safepoint   ] Safepoint "Cleanup", Time since last: 1452566826 ns, Reaching safepoint: 683197 ns, At safepoint: 38003 ns, Total: 721200 ns
[2023-07-17T19:13:01.736+0000][67][info ][gc,start    ] GC(3) Pause Young (Normal) (G1 Evacuation Pause)
[2023-07-17T19:13:01.739+0000][67][info ][gc,task     ] GC(3) Using 6 workers of 6 for evacuation
[2023-07-17T19:13:01.741+0000][67][debug][gc,age      ] GC(3) Desired survivor size 14680064 bytes, new threshold 15 (max threshold 15)
[2023-07-17T19:13:01.771+0000][67][info ][gc,phases   ] GC(3)   Pre Evacuate Collection Set: 0.2ms
[2023-07-17T19:13:01.773+0000][67][info ][gc,phases   ] GC(3)   Merge Heap Roots: 0.2ms
[2023-07-17T19:13:01.774+0000][67][info ][gc,phases   ] GC(3)   Evacuate Collection Set: 21.4ms
[2023-07-17T19:13:01.776+0000][67][info ][gc,phases   ] GC(3)   Post Evacuate Collection Set: 7.4ms
[2023-07-17T19:13:01.778+0000][67][info ][gc,phases   ] GC(3)   Other: 3.1ms
[2023-07-17T19:13:01.782+0000][67][trace][gc,age      ] GC(3) Age table with threshold 15 (max threshold 15)
[2023-07-17T19:13:01.784+0000][67][trace][gc,age      ] GC(3) - age   1:    6855024 bytes,    6855024 total
[2023-07-17T19:13:01.785+0000][67][trace][gc,age      ] GC(3) - age   2:    1058712 bytes,    7913736 total
[2023-07-17T19:13:01.786+0000][67][trace][gc,age      ] GC(3) - age   3:    9736984 bytes,   17650720 total
[2023-07-17T19:13:01.787+0000][67][info ][gc,heap     ] GC(3) Eden regions: 46->0(75)
[2023-07-17T19:13:01.789+0000][67][info ][gc,heap     ] GC(3) Survivor regions: 3->5(7)
[2023-07-17T19:13:01.790+0000][67][info ][gc,heap     ] GC(3) Old regions: 0->0
[2023-07-17T19:13:01.791+0000][67][info ][gc,heap     ] GC(3) Archive regions: 2->2
[2023-07-17T19:13:01.793+0000][67][info ][gc,heap     ] GC(3) Humongous regions: 0->0
[2023-07-17T19:13:01.795+0000][67][info ][gc,metaspace] GC(3) Metaspace: 25446K(26112K)->25446K(26112K) NonClass: 22532K(22912K)->22532K(22912K) Class: 2913K(3200K)->2913K(3200K)
[2023-07-17T19:13:01.797+0000][67][info ][gc          ] GC(3) Pause Young (Normal) (G1 Evacuation Pause) 199M->22M(3932M) 60.895ms
[2023-07-17T19:13:01.798+0000][67][info ][gc,cpu      ] GC(3) User=0.07s Sys=0.00s Real=0.06s
[2023-07-17T19:13:01.800+0000][67][info ][safepoint   ] Safepoint "G1CollectForAllocation", Time since last: 1480086084 ns, Reaching safepoint: 199241 ns, At safepoint: 63867906 ns, Total: 64067147 ns
[2023-07-17T19:13:02.817+0000][67][info ][safepoint   ] Safepoint "ICBufferFull", Time since last: 1017258955 ns, Reaching safepoint: 393368 ns, At safepoint: 42880 ns, Total: 436248 ns
[2023-07-17T19:13:03.265+0000][67][info ][gc,start    ] GC(4) Pause Young (Normal) (G1 Evacuation Pause)
[2023-07-17T19:13:03.267+0000][67][info ][gc,task     ] GC(4) Using 6 workers of 6 for evacuation
[2023-07-17T19:13:03.268+0000][67][debug][gc,age      ] GC(4) Desired survivor size 20971520 bytes, new threshold 15 (max threshold 15)
[2023-07-17T19:13:03.362+0000][67][info ][gc,phases   ] GC(4)   Pre Evacuate Collection Set: 0.4ms
[2023-07-17T19:13:03.365+0000][67][info ][gc,phases   ] GC(4)   Merge Heap Roots: 0.2ms
[2023-07-17T19:13:03.367+0000][67][info ][gc,phases   ] GC(4)   Evacuate Collection Set: 83.5ms
[2023-07-17T19:13:03.368+0000][67][info ][gc,phases   ] GC(4)   Post Evacuate Collection Set: 8.5ms
[2023-07-17T19:13:03.369+0000][67][info ][gc,phases   ] GC(4)   Other: 2.9ms
[2023-07-17T19:13:03.371+0000][67][trace][gc,age      ] GC(4) Age table with threshold 15 (max threshold 15)
[2023-07-17T19:13:03.373+0000][67][trace][gc,age      ] GC(4) - age   1:    4769528 bytes,    4769528 total
[2023-07-17T19:13:03.376+0000][67][trace][gc,age      ] GC(4) - age   2:    5184400 bytes,    9953928 total
[2023-07-17T19:13:03.378+0000][67][trace][gc,age      ] GC(4) - age   3:    1058376 bytes,   11012304 total
[2023-07-17T19:13:03.380+0000][67][trace][gc,age      ] GC(4) - age   4:    9732824 bytes,   20745128 total
[2023-07-17T19:13:03.382+0000][67][info ][gc,heap     ] GC(4) Eden regions: 75->0(108)
[2023-07-17T19:13:03.384+0000][67][info ][gc,heap     ] GC(4) Survivor regions: 5->6(10)
[2023-07-17T19:13:03.386+0000][67][info ][gc,heap     ] GC(4) Old regions: 0->0
[2023-07-17T19:13:03.388+0000][67][info ][gc,heap     ] GC(4) Archive regions: 2->2
[2023-07-17T19:13:03.389+0000][67][info ][gc,heap     ] GC(4) Humongous regions: 0->0
[2023-07-17T19:13:03.391+0000][67][info ][gc,metaspace] GC(4) Metaspace: 31211K(31872K)->31211K(31872K) NonClass: 27671K(28032K)->27671K(28032K) Class: 3539K(3840K)->3539K(3840K)
[2023-07-17T19:13:03.392+0000][67][info ][gc          ] GC(4) Pause Young (Normal) (G1 Evacuation Pause) 322M->24M(3932M) 127.453ms
[2023-07-17T19:13:03.395+0000][67][info ][gc,cpu      ] GC(4) User=0.30s Sys=0.02s Real=0.13s
[2023-07-17T19:13:03.414+0000][67][info ][safepoint   ] Safepoint "G1CollectForAllocation", Time since last: 446991305 ns, Reaching safepoint: 255903 ns, At safepoint: 149124721 ns, Total: 149380624 ns
[2023-07-17T19:13:04.437+0000][67][info ][safepoint   ] Safepoint "Cleanup", Time since last: 1023208281 ns, Reaching safepoint: 263841 ns, At safepoint: 3033 ns, Total: 266874 ns
[2023-07-17T19:13:05.442+0000][67][info ][safepoint   ] Safepoint "Cleanup", Time since last: 1004267363 ns, Reaching safepoint: 141042 ns, At safepoint: 39934 ns, Total: 180976 ns
[2023-07-17T19:13:05.462+0000][67][info ][gc,start    ] GC(5) Pause Young (Normal) (G1 Evacuation Pause)
[2023-07-17T19:13:05.463+0000][67][info ][gc,task     ] GC(5) Using 6 workers of 6 for evacuation
[2023-07-17T19:13:05.465+0000][67][debug][gc,age      ] GC(5) Desired survivor size 31457280 bytes, new threshold 15 (max threshold 15)
[2023-07-17T19:13:05.486+0000][67][info ][gc,phases   ] GC(5)   Pre Evacuate Collection Set: 0.4ms
[2023-07-17T19:13:05.488+0000][67][info ][gc,phases   ] GC(5)   Merge Heap Roots: 0.2ms
[2023-07-17T19:13:05.490+0000][67][info ][gc,phases   ] GC(5)   Evacuate Collection Set: 14.9ms
[2023-07-17T19:13:05.491+0000][67][info ][gc,phases   ] GC(5)   Post Evacuate Collection Set: 4.0ms
[2023-07-17T19:13:05.492+0000][67][info ][gc,phases   ] GC(5)   Other: 3.5ms
[2023-07-17T19:13:05.494+0000][67][trace][gc,age      ] GC(5) Age table with threshold 15 (max threshold 15)
[2023-07-17T19:13:05.496+0000][67][trace][gc,age      ] GC(5) - age   1:    7539424 bytes,    7539424 total
[2023-07-17T19:13:05.507+0000][67][trace][gc,age      ] GC(5) - age   2:    4457720 bytes,   11997144 total
[2023-07-17T19:13:05.508+0000][67][trace][gc,age      ] GC(5) - age   3:    5181256 bytes,   17178400 total
[2023-07-17T19:13:05.511+0000][67][trace][gc,age      ] GC(5) - age   4:    1056744 bytes,   18235144 total
[2023-07-17T19:13:05.512+0000][67][trace][gc,age      ] GC(5) - age   5:    9698040 bytes,   27933184 total
[2023-07-17T19:13:05.513+0000][67][info ][gc,heap     ] GC(5) Eden regions: 108->0(581)
[2023-07-17T19:13:05.514+0000][67][info ][gc,heap     ] GC(5) Survivor regions: 6->8(15)
[2023-07-17T19:13:05.516+0000][67][info ][gc,heap     ] GC(5) Old regions: 0->0
[2023-07-17T19:13:05.517+0000][67][info ][gc,heap     ] GC(5) Archive regions: 2->2
[2023-07-17T19:13:05.518+0000][67][info ][gc,heap     ] GC(5) Humongous regions: 0->0
[2023-07-17T19:13:05.520+0000][67][info ][gc,metaspace] GC(5) Metaspace: 33411K(34240K)->33411K(34240K) NonClass: 29583K(30080K)->29583K(30080K) Class: 3827K(4160K)->3827K(4160K)
[2023-07-17T19:13:05.521+0000][67][info ][gc          ] GC(5) Pause Young (Normal) (G1 Evacuation Pause) 456M->33M(3932M) 58.898ms
[2023-07-17T19:13:05.522+0000][67][info ][gc,cpu      ] GC(5) User=0.07s Sys=0.00s Real=0.06s
[2023-07-17T19:13:05.523+0000][67][info ][safepoint   ] Safepoint "G1CollectForAllocation", Time since last: 20228850 ns, Reaching safepoint: 105983 ns, At safepoint: 61461262 ns, Total: 61567245 ns
[2023-07-17T19:13:06.526+0000][67][info ][safepoint   ] Safepoint "Cleanup", Time since last: 1002137240 ns, Reaching safepoint: 134710 ns, At safepoint: 6787 ns, Total: 141497 ns
[2023-07-17T19:13:06.842+0000][67][info ][gc,start    ] GC(6) Pause Young (Concurrent Start) (Metadata GC Threshold)
[2023-07-17T19:13:06.844+0000][67][info ][gc,task     ] GC(6) Using 6 workers of 6 for evacuation
[2023-07-17T19:13:06.845+0000][67][debug][gc,age      ] GC(6) Desired survivor size 155189248 bytes, new threshold 15 (max threshold 15)
[2023-07-17T19:13:06.865+0000][67][info ][gc,phases   ] GC(6)   Pre Evacuate Collection Set: 0.4ms
[2023-07-17T19:13:06.867+0000][67][info ][gc,phases   ] GC(6)   Merge Heap Roots: 0.1ms
[2023-07-17T19:13:06.868+0000][67][info ][gc,phases   ] GC(6)   Evacuate Collection Set: 15.0ms
[2023-07-17T19:13:06.869+0000][67][info ][gc,phases   ] GC(6)   Post Evacuate Collection Set: 2.4ms
[2023-07-17T19:13:06.873+0000][67][info ][gc,phases   ] GC(6)   Other: 3.1ms
[2023-07-17T19:13:06.874+0000][67][trace][gc,age      ] GC(6) Age table with threshold 15 (max threshold 15)
[2023-07-17T19:13:06.875+0000][67][trace][gc,age      ] GC(6) - age   1:    4085632 bytes,    4085632 total
[2023-07-17T19:13:06.876+0000][67][trace][gc,age      ] GC(6) - age   2:    5772896 bytes,    9858528 total
[2023-07-17T19:13:06.877+0000][67][trace][gc,age      ] GC(6) - age   3:    4442560 bytes,   14301088 total
[2023-07-17T19:13:06.878+0000][67][trace][gc,age      ] GC(6) - age   4:    5168976 bytes,   19470064 total
[2023-07-17T19:13:06.879+0000][67][trace][gc,age      ] GC(6) - age   5:    1055016 bytes,   20525080 total
[2023-07-17T19:13:06.881+0000][67][trace][gc,age      ] GC(6) - age   6:    9578896 bytes,   30103976 total
[2023-07-17T19:13:06.882+0000][67][info ][gc,heap     ] GC(6) Eden regions: 62->0(581)
[2023-07-17T19:13:06.883+0000][67][info ][gc,heap     ] GC(6) Survivor regions: 8->8(74)
[2023-07-17T19:13:06.884+0000][67][info ][gc,heap     ] GC(6) Old regions: 0->0
[2023-07-17T19:13:06.885+0000][67][info ][gc,heap     ] GC(6) Archive regions: 2->2
[2023-07-17T19:13:06.886+0000][67][info ][gc,heap     ] GC(6) Humongous regions: 0->0
[2023-07-17T19:13:06.887+0000][67][info ][gc,metaspace] GC(6) Metaspace: 35523K(36416K)->35523K(36416K) NonClass: 31435K(31936K)->31435K(31936K) Class: 4087K(4480K)->4087K(4480K)
[2023-07-17T19:13:06.888+0000][67][info ][gc          ] GC(6) Pause Young (Concurrent Start) (Metadata GC Threshold) 279M->34M(3932M) 45.537ms
[2023-07-17T19:13:06.889+0000][67][info ][gc          ] GC(7) Concurrent Mark Cycle
[2023-07-17T19:13:06.890+0000][67][info ][gc,marking  ] GC(7) Concurrent Clear Claimed Marks
[2023-07-17T19:13:06.890+0000][67][info ][gc,cpu      ] GC(6) User=0.06s Sys=0.01s Real=0.05s
[2023-07-17T19:13:06.892+0000][67][info ][gc,marking  ] GC(7) Concurrent Clear Claimed Marks 1.087ms
[2023-07-17T19:13:06.897+0000][67][info ][gc,marking  ] GC(7) Concurrent Scan Root Regions
[2023-07-17T19:13:06.893+0000][67][info ][safepoint   ] Safepoint "CollectForMetadataAllocation", Time since last: 316547356 ns, Reaching safepoint: 181195 ns, At safepoint: 50303031 ns, Total: 50484226 ns
[2023-07-17T19:13:06.917+0000][67][info ][gc,marking  ] GC(7) Concurrent Scan Root Regions 20.886ms
[2023-07-17T19:13:06.921+0000][67][info ][gc,marking  ] GC(7) Concurrent Mark
[2023-07-17T19:13:06.922+0000][67][info ][gc,marking  ] GC(7) Concurrent Mark From Roots
[2023-07-17T19:13:06.923+0000][67][info ][gc,task     ] GC(7) Using 2 workers of 2 for marking
[2023-07-17T19:13:06.928+0000][67][info ][gc,marking  ] GC(7) Concurrent Mark From Roots 5.641ms
[2023-07-17T19:13:06.930+0000][67][info ][gc,marking  ] GC(7) Concurrent Preclean
[2023-07-17T19:13:06.934+0000][67][info ][gc,marking  ] GC(7) Concurrent Preclean 4.395ms
[2023-07-17T19:13:06.941+0000][67][info ][gc,start    ] GC(7) Pause Remark
[2023-07-17T19:13:06.964+0000][67][info ][gc          ] GC(7) Pause Remark 38M->38M(3932M) 22.602ms
[2023-07-17T19:13:06.965+0000][67][info ][gc,cpu      ] GC(7) User=0.05s Sys=0.00s Real=0.02s
[2023-07-17T19:13:06.966+0000][67][info ][safepoint   ] Safepoint "G1PauseRemark", Time since last: 48046280 ns, Reaching safepoint: 262772 ns, At safepoint: 25384823 ns, Total: 25647595 ns
[2023-07-17T19:13:06.969+0000][67][info ][gc,marking  ] GC(7) Concurrent Mark 48.518ms
[2023-07-17T19:13:06.971+0000][67][info ][gc,marking  ] GC(7) Concurrent Rebuild Remembered Sets
[2023-07-17T19:13:06.972+0000][67][info ][gc,marking  ] GC(7) Concurrent Rebuild Remembered Sets 1.061ms
[2023-07-17T19:13:06.974+0000][67][info ][gc,start    ] GC(7) Pause Cleanup
[2023-07-17T19:13:06.978+0000][67][info ][gc          ] GC(7) Pause Cleanup 38M->38M(3932M) 4.243ms
[2023-07-17T19:13:06.980+0000][67][info ][gc,cpu      ] GC(7) User=0.00s Sys=0.00s Real=0.01s
[2023-07-17T19:13:06.986+0000][67][info ][safepoint   ] Safepoint "G1PauseCleanup", Time since last: 6237042 ns, Reaching safepoint: 1374491 ns, At safepoint: 11987032 ns, Total: 13361523 ns
[2023-07-17T19:13:06.989+0000][67][info ][gc,marking  ] GC(7) Concurrent Cleanup for Next Mark
[2023-07-17T19:13:07.019+0000][67][info ][gc,marking  ] GC(7) Concurrent Cleanup for Next Mark 30.716ms
[2023-07-17T19:13:07.022+0000][67][info ][gc          ] GC(7) Concurrent Mark Cycle 132.414ms
[2023-07-17T19:13:07.990+0000][67][info ][safepoint   ] Safepoint "Cleanup", Time since last: 1002817756 ns, Reaching safepoint: 783175 ns, At safepoint: 37974 ns, Total: 821149 ns
[2023-07-17T19:13:08.880+0000][67][info ][safepoint   ] Safepoint "ICBufferFull", Time since last: 890175145 ns, Reaching safepoint: 316281 ns, At safepoint: 5254 ns, Total: 321535 ns
[2023-07-17T19:13:09.883+0000][67][info ][safepoint   ] Safepoint "Cleanup", Time since last: 1002134005 ns, Reaching safepoint: 356894 ns, At safepoint: 21162 ns, Total: 378056 ns
[2023-07-17T19:13:10.840+0000][67][info ][safepoint   ] Safepoint "ICBufferFull", Time since last: 957252327 ns, Reaching safepoint: 523969 ns, At safepoint: 5977 ns, Total: 529946 ns
[2023-07-17T19:13:12.531+0000][67][info ][safepoint   ] Safepoint "Cleanup", Time since last: 1689976149 ns, Reaching safepoint: 334592 ns, At safepoint: 57239 ns, Total: 391831 ns
[2023-07-17T19:13:13.533+0000][67][info ][safepoint   ] Safepoint "Cleanup", Time since last: 1002337575 ns, Reaching safepoint: 157477 ns, At safepoint: 5411 ns, Total: 162888 ns
[2023-07-17T19:13:15.040+0000][67][info ][safepoint   ] Safepoint "Cleanup", Time since last: 1502199407 ns, Reaching safepoint: 211287 ns, At safepoint: 44872 ns, Total: 256159 ns
[2023-07-17T19:13:16.048+0000][67][info ][safepoint   ] Safepoint "Cleanup", Time since last: 1007541236 ns, Reaching safepoint: 497629 ns, At safepoint: 10442 ns, Total: 508071 ns
[2023-07-17T19:13:16.065+0000][67][info ][gc,start    ] GC(8) Pause Young (Concurrent Start) (Metadata GC Threshold)
[2023-07-17T19:13:16.068+0000][67][info ][gc,task     ] GC(8) Using 6 workers of 6 for evacuation
[2023-07-17T19:13:16.072+0000][67][debug][gc,age      ] GC(8) Desired survivor size 155189248 bytes, new threshold 15 (max threshold 15)
[2023-07-17T19:13:16.165+0000][67][info ][gc,phases   ] GC(8)   Pre Evacuate Collection Set: 0.7ms
[2023-07-17T19:13:16.174+0000][67][info ][gc,phases   ] GC(8)   Merge Heap Roots: 0.1ms
[2023-07-17T19:13:16.176+0000][67][info ][gc,phases   ] GC(8)   Evacuate Collection Set: 80.5ms
[2023-07-17T19:13:16.177+0000][67][info ][gc,phases   ] GC(8)   Post Evacuate Collection Set: 7.1ms
[2023-07-17T19:13:16.178+0000][67][info ][gc,phases   ] GC(8)   Other: 8.8ms
[2023-07-17T19:13:16.180+0000][67][trace][gc,age      ] GC(8) Age table with threshold 15 (max threshold 15)
[2023-07-17T19:13:16.182+0000][67][trace][gc,age      ] GC(8) - age   1:   25079408 bytes,   25079408 total
[2023-07-17T19:13:16.185+0000][67][trace][gc,age      ] GC(8) - age   2:    4025592 bytes,   29105000 total
[2023-07-17T19:13:16.186+0000][67][trace][gc,age      ] GC(8) - age   3:    5744384 bytes,   34849384 total
[2023-07-17T19:13:16.188+0000][67][trace][gc,age      ] GC(8) - age   4:    4429880 bytes,   39279264 total
[2023-07-17T19:13:16.190+0000][67][trace][gc,age      ] GC(8) - age   5:    5140216 bytes,   44419480 total
[2023-07-17T19:13:16.192+0000][67][trace][gc,age      ] GC(8) - age   6:    1050616 bytes,   45470096 total
[2023-07-17T19:13:16.193+0000][67][trace][gc,age      ] GC(8) - age   7:    9509568 bytes,   54979664 total
[2023-07-17T19:13:16.195+0000][67][info ][gc,heap     ] GC(8) Eden regions: 115->0(132)
[2023-07-17T19:13:16.196+0000][67][info ][gc,heap     ] GC(8) Survivor regions: 8->14(74)
[2023-07-17T19:13:16.197+0000][67][info ][gc,heap     ] GC(8) Old regions: 0->0
[2023-07-17T19:13:16.198+0000][67][info ][gc,heap     ] GC(8) Archive regions: 2->2
[2023-07-17T19:13:16.200+0000][67][info ][gc,heap     ] GC(8) Humongous regions: 0->0
[2023-07-17T19:13:16.201+0000][67][info ][gc,metaspace] GC(8) Metaspace: 59686K(61056K)->59686K(61056K) NonClass: 52269K(53056K)->52269K(53056K) Class: 7416K(8000K)->7416K(8000K)
[2023-07-17T19:13:16.203+0000][67][info ][gc          ] GC(8) Pause Young (Concurrent Start) (Metadata GC Threshold) 492M->59M(3932M) 137.556ms
[2023-07-17T19:13:16.205+0000][67][info ][gc,cpu      ] GC(8) User=0.22s Sys=0.01s Real=0.14s
[2023-07-17T19:13:16.205+0000][67][info ][gc          ] GC(9) Concurrent Mark Cycle
[2023-07-17T19:13:16.208+0000][67][info ][gc,marking  ] GC(9) Concurrent Clear Claimed Marks
[2023-07-17T19:13:16.207+0000][67][info ][safepoint   ] Safepoint "CollectForMetadataAllocation", Time since last: 15973486 ns, Reaching safepoint: 323370 ns, At safepoint: 142384103 ns, Total: 142707473 ns
[2023-07-17T19:13:16.209+0000][67][info ][gc,marking  ] GC(9) Concurrent Clear Claimed Marks 1.095ms
[2023-07-17T19:13:16.213+0000][67][info ][gc,marking  ] GC(9) Concurrent Scan Root Regions
[2023-07-17T19:13:16.241+0000][67][info ][gc,marking  ] GC(9) Concurrent Scan Root Regions 27.990ms
[2023-07-17T19:13:16.243+0000][67][info ][gc,marking  ] GC(9) Concurrent Mark
[2023-07-17T19:13:16.249+0000][67][info ][gc,marking  ] GC(9) Concurrent Mark From Roots
[2023-07-17T19:13:16.250+0000][67][info ][gc,task     ] GC(9) Using 2 workers of 2 for marking
[2023-07-17T19:13:16.254+0000][67][info ][gc,marking  ] GC(9) Concurrent Mark From Roots 4.921ms
[2023-07-17T19:13:16.255+0000][67][info ][gc,marking  ] GC(9) Concurrent Preclean
[2023-07-17T19:13:16.257+0000][67][info ][gc,marking  ] GC(9) Concurrent Preclean 2.048ms
[2023-07-17T19:13:16.261+0000][67][info ][gc,start    ] GC(9) Pause Remark
[2023-07-17T19:13:16.272+0000][67][info ][gc          ] GC(9) Pause Remark 63M->63M(3932M) 11.235ms
[2023-07-17T19:13:16.274+0000][67][info ][gc,cpu      ] GC(9) User=0.03s Sys=0.00s Real=0.02s
[2023-07-17T19:13:16.276+0000][67][info ][safepoint   ] Safepoint "G1PauseRemark", Time since last: 52463514 ns, Reaching safepoint: 1489758 ns, At safepoint: 14959952 ns, Total: 16449710 ns
[2023-07-17T19:13:16.286+0000][67][info ][gc,marking  ] GC(9) Concurrent Mark 42.722ms
[2023-07-17T19:13:16.287+0000][67][info ][gc,marking  ] GC(9) Concurrent Rebuild Remembered Sets
[2023-07-17T19:13:16.290+0000][67][info ][gc,marking  ] GC(9) Concurrent Rebuild Remembered Sets 3.114ms
[2023-07-17T19:13:16.293+0000][67][info ][gc,start    ] GC(9) Pause Cleanup
[2023-07-17T19:13:16.295+0000][67][info ][gc          ] GC(9) Pause Cleanup 63M->63M(3932M) 2.365ms
[2023-07-17T19:13:16.297+0000][67][info ][gc,cpu      ] GC(9) User=0.00s Sys=0.00s Real=0.01s
[2023-07-17T19:13:16.299+0000][67][info ][safepoint   ] Safepoint "G1PauseCleanup", Time since last: 16983617 ns, Reaching safepoint: 96020 ns, At safepoint: 5954113 ns, Total: 6050133 ns
[2023-07-17T19:13:16.305+0000][67][info ][gc,marking  ] GC(9) Concurrent Cleanup for Next Mark
[2023-07-17T19:13:16.321+0000][67][info ][gc,marking  ] GC(9) Concurrent Cleanup for Next Mark 15.504ms
[2023-07-17T19:13:16.322+0000][67][info ][gc          ] GC(9) Concurrent Mark Cycle 117.162ms
[2023-07-17T19:13:17.306+0000][67][info ][safepoint   ] Safepoint "Cleanup", Time since last: 1005626999 ns, Reaching safepoint: 1740529 ns, At safepoint: 53983 ns, Total: 1794512 ns
[2023-07-17T19:13:18.313+0000][67][info ][safepoint   ] Safepoint "Cleanup", Time since last: 1006205607 ns, Reaching safepoint: 381354 ns, At safepoint: 77464 ns, Total: 458818 ns
[2023-07-17T19:13:20.286+0000][67][info ][safepoint   ] Safepoint "Cleanup", Time since last: 1971225987 ns, Reaching safepoint: 1957911 ns, At safepoint: 45040 ns, Total: 2002951 ns
[2023-07-17T19:13:21.506+0000][67][info ][safepoint   ] Safepoint "Cleanup", Time since last: 1219190220 ns, Reaching safepoint: 516373 ns, At safepoint: 70412 ns, Total: 586785 ns
[2023-07-17T19:13:22.509+0000][67][info ][safepoint   ] Safepoint "Cleanup", Time since last: 1002166075 ns, Reaching safepoint: 403072 ns, At safepoint: 39990 ns, Total: 443062 ns
[2023-07-17T19:13:23.217+0000][67][info ][safepoint   ] Safepoint "ICBufferFull", Time since last: 707620589 ns, Reaching safepoint: 667321 ns, At safepoint: 9982 ns, Total: 677303 ns
[2023-07-17T19:13:23.703+0000][67][info ][gc,start    ] GC(10) Pause Young (Concurrent Start) (Metadata GC Threshold)
[2023-07-17T19:13:23.705+0000][67][info ][gc,task     ] GC(10) Using 6 workers of 6 for evacuation
[2023-07-17T19:13:23.707+0000][67][debug][gc,age      ] GC(10) Desired survivor size 39845888 bytes, new threshold 5 (max threshold 15)
[2023-07-17T19:13:23.778+0000][67][info ][gc,phases   ] GC(10)   Pre Evacuate Collection Set: 0.9ms
[2023-07-17T19:13:23.781+0000][67][info ][gc,phases   ] GC(10)   Merge Heap Roots: 0.4ms
[2023-07-17T19:13:23.784+0000][67][info ][gc,phases   ] GC(10)   Evacuate Collection Set: 58.6ms
[2023-07-17T19:13:23.785+0000][67][info ][gc,phases   ] GC(10)   Post Evacuate Collection Set: 7.9ms
[2023-07-17T19:13:23.787+0000][67][info ][gc,phases   ] GC(10)   Other: 5.5ms
[2023-07-17T19:13:23.789+0000][67][trace][gc,age      ] GC(10) Age table with threshold 5 (max threshold 15)
[2023-07-17T19:13:23.791+0000][67][trace][gc,age      ] GC(10) - age   1:   16116640 bytes,   16116640 total
[2023-07-17T19:13:23.792+0000][67][trace][gc,age      ] GC(10) - age   2:   24536800 bytes,   40653440 total
[2023-07-17T19:13:23.794+0000][67][trace][gc,age      ] GC(10) - age   3:    4014304 bytes,   44667744 total
[2023-07-17T19:13:23.796+0000][67][trace][gc,age      ] GC(10) - age   4:    5691112 bytes,   50358856 total
[2023-07-17T19:13:23.797+0000][67][trace][gc,age      ] GC(10) - age   5:    4403552 bytes,   54762408 total
[2023-07-17T19:13:23.798+0000][67][info ][gc,heap     ] GC(10) Eden regions: 116->0(46)
[2023-07-17T19:13:23.799+0000][67][info ][gc,heap     ] GC(10) Survivor regions: 14->14(19)
[2023-07-17T19:13:23.801+0000][67][info ][gc,heap     ] GC(10) Old regions: 0->4
[2023-07-17T19:13:23.803+0000][67][info ][gc,heap     ] GC(10) Archive regions: 2->2
[2023-07-17T19:13:23.804+0000][67][info ][gc,heap     ] GC(10) Humongous regions: 0->0
[2023-07-17T19:13:23.806+0000][67][info ][gc,metaspace] GC(10) Metaspace: 99639K(102016K)->99639K(102016K) NonClass: 86650K(87936K)->86650K(87936K) Class: 12989K(14080K)->12989K(14080K)
[2023-07-17T19:13:23.810+0000][67][info ][gc          ] GC(10) Pause Young (Concurrent Start) (Metadata GC Threshold) 521M->75M(3932M) 106.812ms
[2023-07-17T19:13:23.811+0000][67][info ][gc,cpu      ] GC(10) User=0.23s Sys=0.02s Real=0.11s
[2023-07-17T19:13:23.811+0000][67][info ][gc          ] GC(11) Concurrent Mark Cycle
[2023-07-17T19:13:23.816+0000][67][info ][gc,marking  ] GC(11) Concurrent Clear Claimed Marks
[2023-07-17T19:13:23.817+0000][67][info ][gc,marking  ] GC(11) Concurrent Clear Claimed Marks 1.392ms
[2023-07-17T19:13:23.818+0000][67][info ][gc,marking  ] GC(11) Concurrent Scan Root Regions
[2023-07-17T19:13:23.813+0000][67][info ][safepoint   ] Safepoint "CollectForMetadataAllocation", Time since last: 485546528 ns, Reaching safepoint: 280667 ns, At safepoint: 110539894 ns, Total: 110820561 ns
[2023-07-17T19:13:23.864+0000][67][info ][gc,marking  ] GC(11) Concurrent Scan Root Regions 45.366ms
[2023-07-17T19:13:23.865+0000][67][info ][gc,marking  ] GC(11) Concurrent Mark
[2023-07-17T19:13:23.867+0000][67][info ][gc,marking  ] GC(11) Concurrent Mark From Roots
[2023-07-17T19:13:23.869+0000][67][info ][gc,task     ] GC(11) Using 2 workers of 2 for marking
[2023-07-17T19:13:23.873+0000][67][info ][gc,marking  ] GC(11) Concurrent Mark From Roots 5.732ms
[2023-07-17T19:13:23.874+0000][67][info ][safepoint   ] Safepoint "CollectForMetadataAllocation", Time since last: 60515577 ns, Reaching safepoint: 255705 ns, At safepoint: 110735 ns, Total: 366440 ns
[2023-07-17T19:13:23.875+0000][67][info ][gc,marking  ] GC(11) Concurrent Preclean
[2023-07-17T19:13:23.879+0000][67][info ][gc,marking  ] GC(11) Concurrent Preclean 3.281ms
[2023-07-17T19:13:23.881+0000][67][info ][gc,start    ] GC(11) Pause Remark
[2023-07-17T19:13:23.894+0000][67][info ][gc          ] GC(11) Pause Remark 81M->81M(3932M) 13.133ms
[2023-07-17T19:13:23.896+0000][67][info ][gc,cpu      ] GC(11) User=0.03s Sys=0.00s Real=0.02s
[2023-07-17T19:13:23.898+0000][67][info ][safepoint   ] Safepoint "G1PauseRemark", Time since last: 6290247 ns, Reaching safepoint: 377202 ns, At safepoint: 16993692 ns, Total: 17370894 ns
[2023-07-17T19:13:23.902+0000][67][info ][gc,marking  ] GC(11) Concurrent Mark 36.333ms
[2023-07-17T19:13:23.906+0000][67][info ][gc,marking  ] GC(11) Concurrent Rebuild Remembered Sets
[2023-07-17T19:13:23.918+0000][67][info ][gc,marking  ] GC(11) Concurrent Rebuild Remembered Sets 11.554ms
[2023-07-17T19:13:23.921+0000][67][info ][gc,start    ] GC(11) Pause Cleanup
[2023-07-17T19:13:23.923+0000][67][info ][gc          ] GC(11) Pause Cleanup 81M->81M(3932M) 2.259ms
[2023-07-17T19:13:23.925+0000][67][info ][gc,cpu      ] GC(11) User=0.00s Sys=0.00s Real=0.01s
[2023-07-17T19:13:23.927+0000][67][info ][safepoint   ] Safepoint "G1PauseCleanup", Time since last: 21967208 ns, Reaching safepoint: 691267 ns, At safepoint: 6649252 ns, Total: 7340519 ns
[2023-07-17T19:13:23.929+0000][67][info ][gc,marking  ] GC(11) Concurrent Cleanup for Next Mark
[2023-07-17T19:13:23.964+0000][67][info ][gc,marking  ] GC(11) Concurrent Cleanup for Next Mark 34.821ms
[2023-07-17T19:13:23.965+0000][67][info ][gc          ] GC(11) Concurrent Mark Cycle 153.862ms
[2023-07-17T19:13:24.938+0000][67][info ][safepoint   ] Safepoint "Cleanup", Time since last: 1010517380 ns, Reaching safepoint: 169078 ns, At safepoint: 60208 ns, Total: 229286 ns
[2023-07-17T19:13:25.729+0000][67][info ][safepoint   ] Safepoint "ICBufferFull", Time since last: 790837775 ns, Reaching safepoint: 460634 ns, At safepoint: 32818 ns, Total: 493452 ns
[2023-07-17T19:13:25.957+0000][67][info ][safepoint   ] Safepoint "ICBufferFull", Time since last: 227632638 ns, Reaching safepoint: 415837 ns, At safepoint: 8425 ns, Total: 424262 ns
[2023-07-17T19:13:27.703+0000][67][info ][safepoint   ] Safepoint "ICBufferFull", Time since last: 1743714814 ns, Reaching safepoint: 2112914 ns, At safepoint: 75530 ns, Total: 2188444 ns
[2023-07-17T19:13:28.809+0000][67][info ][safepoint   ] Safepoint "ICBufferFull", Time since last: 1105095191 ns, Reaching safepoint: 398246 ns, At safepoint: 14083 ns, Total: 412329 ns
[2023-07-17T19:13:29.812+0000][67][info ][safepoint   ] Safepoint "Cleanup", Time since last: 1003147388 ns, Reaching safepoint: 152465 ns, At safepoint: 2866 ns, Total: 155331 ns
[2023-07-17T19:13:30.919+0000][67][info ][safepoint   ] Safepoint "ICBufferFull", Time since last: 1106270791 ns, Reaching safepoint: 313518 ns, At safepoint: 36538 ns, Total: 350056 ns
[2023-07-17T19:13:32.085+0000][67][info ][safepoint   ] Safepoint "Cleanup", Time since last: 1166024232 ns, Reaching safepoint: 279441 ns, At safepoint: 71826 ns, Total: 351267 ns
[2023-07-17T19:13:33.497+0000][67][info ][safepoint   ] Safepoint "Cleanup", Time since last: 1411574447 ns, Reaching safepoint: 571968 ns, At safepoint: 200640 ns, Total: 772608 ns
[2023-07-17T19:13:34.595+0000][67][info ][safepoint   ] Safepoint "Cleanup", Time since last: 1096880372 ns, Reaching safepoint: 700823 ns, At safepoint: 73265 ns, Total: 774088 ns
[2023-07-17T19:13:36.350+0000][67][info ][safepoint   ] Safepoint "Cleanup", Time since last: 1754969290 ns, Reaching safepoint: 311382 ns, At safepoint: 25612 ns, Total: 336994 ns
[2023-07-17T19:13:37.353+0000][67][info ][safepoint   ] Safepoint "Cleanup", Time since last: 1002132208 ns, Reaching safepoint: 359428 ns, At safepoint: 17613 ns, Total: 377041 ns
[2023-07-17T19:13:38.355+0000][67][info ][safepoint   ] Safepoint "Cleanup", Time since last: 1001926469 ns, Reaching safepoint: 182604 ns, At safepoint: 8644 ns, Total: 191248 ns
[2023-07-17T19:13:39.357+0000][67][info ][safepoint   ] Safepoint "Cleanup", Time since last: 1001517637 ns, Reaching safepoint: 260891 ns, At safepoint: 38982 ns, Total: 299873 ns
[2023-07-17T19:13:40.359+0000][67][info ][safepoint   ] Safepoint "Cleanup", Time since last: 1001791346 ns, Reaching safepoint: 184939 ns, At safepoint: 3409 ns, Total: 188348 ns
[2023-07-17T19:13:42.361+0000][67][info ][safepoint   ] Safepoint "Cleanup", Time since last: 2001881476 ns, Reaching safepoint: 201484 ns, At safepoint: 23750 ns, Total: 225234 ns
[2023-07-17T19:13:43.391+0000][67][info ][safepoint   ] Safepoint "Cleanup", Time since last: 1005349366 ns, Reaching safepoint: 24280707 ns, At safepoint: 36650 ns, Total: 24317357 ns
[2023-07-17T19:13:44.393+0000][67][info ][safepoint   ] Safepoint "Cleanup", Time since last: 1003958145 ns, Reaching safepoint: 296821 ns, At safepoint: 14636 ns, Total: 311457 ns
[2023-07-17T19:13:45.397+0000][67][info ][safepoint   ] Safepoint "Cleanup", Time since last: 1002692965 ns, Reaching safepoint: 668437 ns, At safepoint: 150672 ns, Total: 819109 ns
[2023-07-17T19:13:47.407+0000][67][info ][safepoint   ] Safepoint "Cleanup", Time since last: 2009705365 ns, Reaching safepoint: 372346 ns, At safepoint: 20328 ns, Total: 392674 ns
[2023-07-17T19:13:49.409+0000][67][info ][safepoint   ] Safepoint "Cleanup", Time since last: 2002323659 ns, Reaching safepoint: 217532 ns, At safepoint: 4424 ns, Total: 221956 ns
[2023-07-17T19:13:50.412+0000][67][info ][safepoint   ] Safepoint "Cleanup", Time since last: 1002044496 ns, Reaching safepoint: 463120 ns, At safepoint: 16504 ns, Total: 479624 ns
[2023-07-17T19:13:52.415+0000][67][info ][safepoint   ] Safepoint "Cleanup", Time since last: 2002929576 ns, Reaching safepoint: 580421 ns, At safepoint: 25911 ns, Total: 606332 ns
[2023-07-17T19:13:55.419+0000][67][info ][safepoint   ] Safepoint "Cleanup", Time since last: 3003656671 ns, Reaching safepoint: 155566 ns, At safepoint: 5561 ns, Total: 161127 ns
[2023-07-17T19:13:56.422+0000][67][info ][safepoint   ] Safepoint "Cleanup", Time since last: 1002840301 ns, Reaching safepoint: 291400 ns, At safepoint: 12159 ns, Total: 303559 ns
[2023-07-17T19:13:57.428+0000][67][info ][safepoint   ] Safepoint "Cleanup", Time since last: 1005009632 ns, Reaching safepoint: 577577 ns, At safepoint: 82332 ns, Total: 659909 ns
[2023-07-17T19:13:58.463+0000][67][info ][safepoint   ] Safepoint "Cleanup", Time since last: 1005114932 ns, Reaching safepoint: 28678663 ns, At safepoint: 1393177 ns, Total: 30071840 ns
[2023-07-17T19:13:59.485+0000][67][info ][safepoint   ] Safepoint "Cleanup", Time since last: 1019551102 ns, Reaching safepoint: 1949103 ns, At safepoint: 72259 ns, Total: 2021362 ns
[2023-07-17T19:14:00.537+0000][67][info ][safepoint   ] Safepoint "Cleanup", Time since last: 1019296607 ns, Reaching safepoint: 31625918 ns, At safepoint: 879014 ns, Total: 32504932 ns
[2023-07-17T19:14:01.565+0000][67][info ][safepoint   ] Safepoint "Cleanup", Time since last: 1028201793 ns, Reaching safepoint: 556325 ns, At safepoint: 27706 ns, Total: 584031 ns
[2023-07-17T19:14:02.571+0000][67][info ][safepoint   ] Safepoint "Cleanup", Time since last: 1004064841 ns, Reaching safepoint: 1207783 ns, At safepoint: 35695 ns, Total: 1243478 ns
[2023-07-17T19:14:03.575+0000][67][info ][safepoint   ] Safepoint "Cleanup", Time since last: 1004035897 ns, Reaching safepoint: 349164 ns, At safepoint: 11332 ns, Total: 360496 ns
[2023-07-17T19:14:11.596+0000][67][info ][safepoint   ] Safepoint "Cleanup", Time since last: 8020846924 ns, Reaching safepoint: 120290 ns, At safepoint: 6337 ns, Total: 126627 ns
[2023-07-17T19:14:19.604+0000][67][info ][safepoint   ] Safepoint "Cleanup", Time since last: 8006394513 ns, Reaching safepoint: 91081 ns, At safepoint: 5034 ns, Total: 96115 ns
[2023-07-17T19:14:27.660+0000][67][info ][safepoint   ] Safepoint "Cleanup", Time since last: 8051214456 ns, Reaching safepoint: 2579836 ns, At safepoint: 34030 ns, Total: 2613866 ns
[2023-07-17T19:14:29.665+0000][67][info ][safepoint   ] Safepoint "Cleanup", Time since last: 2006654441 ns, Reaching safepoint: 115473 ns, At safepoint: 6623 ns, Total: 122096 ns
[2023-07-17T19:14:34.670+0000][67][info ][safepoint   ] Safepoint "Cleanup", Time since last: 5004395986 ns, Reaching safepoint: 235926 ns, At safepoint: 65108 ns, Total: 301034 ns
[2023-07-17T19:14:35.673+0000][67][info ][safepoint   ] Safepoint "Cleanup", Time since last: 1003561956 ns, Reaching safepoint: 278492 ns, At safepoint: 17114 ns, Total: 295606 ns
[2023-07-17T19:14:37.678+0000][67][info ][safepoint   ] Safepoint "Cleanup", Time since last: 2003472171 ns, Reaching safepoint: 526886 ns, At safepoint: 25081 ns, Total: 551967 ns
[2023-07-17T19:14:40.659+0000][67][info ][safepoint   ] Safepoint "Cleanup", Time since last: 2977578315 ns, Reaching safepoint: 3638042 ns, At safepoint: 245091 ns, Total: 3883133 ns
[2023-07-17T19:14:42.576+0000][67][info ][safepoint   ] Safepoint "Cleanup", Time since last: 1916720261 ns, Reaching safepoint: 410499 ns, At safepoint: 20396 ns, Total: 430895 ns
[2023-07-17T19:14:46.583+0000][67][info ][safepoint   ] Safepoint "Cleanup", Time since last: 4004792274 ns, Reaching safepoint: 1503289 ns, At safepoint: 33747 ns, Total: 1537036 ns
[2023-07-17T19:14:48.586+0000][67][info ][safepoint   ] Safepoint "Cleanup", Time since last: 2003495577 ns, Reaching safepoint: 343713 ns, At safepoint: 23487 ns, Total: 367200 ns
[2023-07-17T19:14:49.589+0000][67][info ][safepoint   ] Safepoint "Cleanup", Time since last: 1002769165 ns, Reaching safepoint: 128126 ns, At safepoint: 11139 ns, Total: 139265 ns
[2023-07-17T19:14:54.594+0000][67][info ][safepoint   ] Safepoint "Cleanup", Time since last: 5004178079 ns, Reaching safepoint: 695848 ns, At safepoint: 28728 ns, Total: 724576 ns
[2023-07-17T19:14:55.598+0000][67][info ][safepoint   ] Safepoint "Cleanup", Time since last: 1003325737 ns, Reaching safepoint: 276367 ns, At safepoint: 17514 ns, Total: 293881 ns
[2023-07-17T19:14:57.605+0000][67][info ][safepoint   ] Safepoint "Cleanup", Time since last: 2004581360 ns, Reaching safepoint: 1573522 ns, At safepoint: 589573 ns, Total: 2163095 ns
[2023-07-17T19:14:58.753+0000][67][info ][safepoint   ] Safepoint "ICBufferFull", Time since last: 1144932187 ns, Reaching safepoint: 3148481 ns, At safepoint: 62562 ns, Total: 3211043 ns
[2023-07-17T19:14:59.577+0000][67][info ][safepoint   ] Safepoint "ICBufferFull", Time since last: 822423949 ns, Reaching safepoint: 1205430 ns, At safepoint: 444740 ns, Total: 1650170 ns
[2023-07-17T19:15:00.581+0000][67][info ][safepoint   ] Safepoint "Cleanup", Time since last: 1000108239 ns, Reaching safepoint: 4329190 ns, At safepoint: 115589 ns, Total: 4444779 ns
[2023-07-17T19:15:01.937+0000][67][info ][safepoint   ] Safepoint "Cleanup", Time since last: 1354928645 ns, Reaching safepoint: 345642 ns, At safepoint: 31889 ns, Total: 377531 ns
[2023-07-17T19:15:03.134+0000][67][info ][safepoint   ] Safepoint "Cleanup", Time since last: 1197268624 ns, Reaching safepoint: 365478 ns, At safepoint: 102402 ns, Total: 467880 ns
[2023-07-17T19:15:04.155+0000][67][info ][safepoint   ] Safepoint "Cleanup", Time since last: 1020160973 ns, Reaching safepoint: 397956 ns, At safepoint: 22653 ns, Total: 420609 ns
[2023-07-17T19:15:05.686+0000][67][info ][safepoint   ] Safepoint "Cleanup", Time since last: 1530720083 ns, Reaching safepoint: 461650 ns, At safepoint: 27308 ns, Total: 488958 ns
[2023-07-17T19:15:06.691+0000][67][info ][safepoint   ] Safepoint "Cleanup", Time since last: 1004453058 ns, Reaching safepoint: 585324 ns, At safepoint: 34653 ns, Total: 619977 ns
[2023-07-17T19:15:07.752+0000][67][info ][gc,start    ] GC(12) Pause Young (Normal) (G1 Evacuation Pause)
[2023-07-17T19:15:07.755+0000][67][info ][gc,task     ] GC(12) Using 6 workers of 6 for evacuation
[2023-07-17T19:15:07.757+0000][67][debug][gc,age      ] GC(12) Desired survivor size 27262976 bytes, new threshold 2 (max threshold 15)
[2023-07-17T19:15:08.583+0000][67][info ][gc,mmu      ] GC(12) MMU target violated: 201.0ms (200.0ms/201.0ms)
[2023-07-17T19:15:08.587+0000][67][info ][gc,phases   ] GC(12)   Pre Evacuate Collection Set: 1.5ms
[2023-07-17T19:15:08.589+0000][67][info ][gc,phases   ] GC(12)   Merge Heap Roots: 0.3ms
[2023-07-17T19:15:08.591+0000][67][info ][gc,phases   ] GC(12)   Evacuate Collection Set: 793.3ms
[2023-07-17T19:15:08.593+0000][67][info ][gc,phases   ] GC(12)   Post Evacuate Collection Set: 26.1ms
[2023-07-17T19:15:08.596+0000][67][info ][gc,phases   ] GC(12)   Other: 11.4ms
[2023-07-17T19:15:08.598+0000][67][trace][gc,age      ] GC(12) Age table with threshold 2 (max threshold 15)
[2023-07-17T19:15:08.600+0000][67][trace][gc,age      ] GC(12) - age   1:   33363480 bytes,   33363480 total
[2023-07-17T19:15:08.602+0000][67][trace][gc,age      ] GC(12) - age   2:   14554584 bytes,   47918064 total
[2023-07-17T19:15:08.605+0000][67][info ][gc,heap     ] GC(12) Eden regions: 87->0(36)
[2023-07-17T19:15:08.607+0000][67][info ][gc,heap     ] GC(12) Survivor regions: 14->13(13)
[2023-07-17T19:15:08.610+0000][67][info ][gc,heap     ] GC(12) Old regions: 4->14
[2023-07-17T19:15:08.612+0000][67][info ][gc,heap     ] GC(12) Archive regions: 2->2
[2023-07-17T19:15:08.613+0000][67][info ][gc,heap     ] GC(12) Humongous regions: 0->0
[2023-07-17T19:15:08.615+0000][67][info ][gc,metaspace] GC(12) Metaspace: 128375K(131712K)->128375K(131712K) NonClass: 111067K(112768K)->111067K(112768K) Class: 17307K(18944K)->17307K(18944K)
[2023-07-17T19:15:08.617+0000][67][info ][gc          ] GC(12) Pause Young (Normal) (G1 Evacuation Pause) 423M->109M(3932M) 865.139ms
[2023-07-17T19:15:08.618+0000][67][info ][gc,cpu      ] GC(12) User=0.81s Sys=0.38s Real=0.87s
[2023-07-17T19:15:08.625+0000][67][info ][safepoint   ] Safepoint "G1CollectForAllocation", Time since last: 1056787385 ns, Reaching safepoint: 3420123 ns, At safepoint: 873617738 ns, Total: 877037861 ns
[2023-07-17T19:15:09.683+0000][67][info ][safepoint   ] Safepoint "Cleanup", Time since last: 1057953068 ns, Reaching safepoint: 360511 ns, At safepoint: 111046 ns, Total: 471557 ns
[2023-07-17T19:15:11.105+0000][67][info ][safepoint   ] Safepoint "Cleanup", Time since last: 1420205848 ns, Reaching safepoint: 1173263 ns, At safepoint: 282350 ns, Total: 1455613 ns
[2023-07-17T19:15:12.131+0000][67][info ][safepoint   ] Safepoint "Cleanup", Time since last: 1022715545 ns, Reaching safepoint: 3112226 ns, At safepoint: 165402 ns, Total: 3277628 ns
[2023-07-17T19:15:13.334+0000][67][info ][safepoint   ] Safepoint "Cleanup", Time since last: 1202517683 ns, Reaching safepoint: 512533 ns, At safepoint: 31639 ns, Total: 544172 ns
[2023-07-17T19:15:14.360+0000][67][info ][safepoint   ] Safepoint "Cleanup", Time since last: 1024593199 ns, Reaching safepoint: 1138552 ns, At safepoint: 40722 ns, Total: 1179274 ns
[2023-07-17T19:15:15.364+0000][67][info ][safepoint   ] Safepoint "Cleanup", Time since last: 1003085751 ns, Reaching safepoint: 611273 ns, At safepoint: 291786 ns, Total: 903059 ns
[2023-07-17T19:15:17.082+0000][67][info ][safepoint   ] Safepoint "Cleanup", Time since last: 1716619678 ns, Reaching safepoint: 1160534 ns, At safepoint: 33792 ns, Total: 1194326 ns
[2023-07-17T19:15:19.097+0000][67][info ][safepoint   ] Safepoint "Cleanup", Time since last: 2014636316 ns, Reaching safepoint: 460690 ns, At safepoint: 26405 ns, Total: 487095 ns
[2023-07-17T19:15:20.232+0000][67][info ][safepoint   ] Safepoint "Cleanup", Time since last: 1134317743 ns, Reaching safepoint: 460434 ns, At safepoint: 391386 ns, Total: 851820 ns
[2023-07-17T19:15:21.957+0000][67][info ][safepoint   ] Safepoint "Cleanup", Time since last: 1654341627 ns, Reaching safepoint: 66092978 ns, At safepoint: 4315542 ns, Total: 70408520 ns
[2023-07-17T19:15:22.982+0000][67][info ][safepoint   ] Safepoint "Cleanup", Time since last: 1025325404 ns, Reaching safepoint: 320424 ns, At safepoint: 26521 ns, Total: 346945 ns
[2023-07-17T19:15:24.082+0000][67][info ][safepoint   ] Safepoint "Cleanup", Time since last: 1098388378 ns, Reaching safepoint: 915195 ns, At safepoint: 34565 ns, Total: 949760 ns
[2023-07-17T19:15:25.243+0000][67][info ][safepoint   ] Safepoint "Cleanup", Time since last: 1159986501 ns, Reaching safepoint: 624364 ns, At safepoint: 159729 ns, Total: 784093 ns
[2023-07-17T19:15:26.302+0000][67][info ][safepoint   ] Safepoint "Cleanup", Time since last: 1058490842 ns, Reaching safepoint: 797782 ns, At safepoint: 74832 ns, Total: 872614 ns
[2023-07-17T19:15:27.440+0000][67][info ][safepoint   ] Safepoint "Cleanup", Time since last: 1137311982 ns, Reaching safepoint: 509234 ns, At safepoint: 25510 ns, Total: 534744 ns
[2023-07-17T19:15:28.443+0000][67][info ][safepoint   ] Safepoint "Cleanup", Time since last: 1002737283 ns, Reaching safepoint: 476224 ns, At safepoint: 21345 ns, Total: 497569 ns
[2023-07-17T19:15:29.455+0000][67][info ][safepoint   ] Safepoint "Cleanup", Time since last: 1012056078 ns, Reaching safepoint: 321731 ns, At safepoint: 78648 ns, Total: 400379 ns
[2023-07-17T19:15:30.591+0000][67][info ][safepoint   ] Safepoint "Cleanup", Time since last: 1134721711 ns, Reaching safepoint: 373915 ns, At safepoint: 6629 ns, Total: 380544 ns
[2023-07-17T19:15:32.267+0000][67][info ][safepoint   ] Safepoint "Cleanup", Time since last: 1675813500 ns, Reaching safepoint: 483513 ns, At safepoint: 7204 ns, Total: 490717 ns
[2023-07-17T19:15:33.270+0000][67][info ][safepoint   ] Safepoint "Cleanup", Time since last: 1002673647 ns, Reaching safepoint: 278664 ns, At safepoint: 16642 ns, Total: 295306 ns
[2023-07-17T19:15:34.273+0000][67][info ][safepoint   ] Safepoint "Cleanup", Time since last: 1003028984 ns, Reaching safepoint: 384604 ns, At safepoint: 6597 ns, Total: 391201 ns
[2023-07-17T19:15:35.160+0000][67][info ][safepoint   ] Safepoint "ICBufferFull", Time since last: 886655973 ns, Reaching safepoint: 421386 ns, At safepoint: 19903 ns, Total: 441289 ns
[2023-07-17T19:15:36.893+0000][67][info ][safepoint   ] Safepoint "Cleanup", Time since last: 1731954591 ns, Reaching safepoint: 356335 ns, At safepoint: 22596 ns, Total: 378931 ns
[2023-07-17T19:15:37.896+0000][67][info ][safepoint   ] Safepoint "Cleanup", Time since last: 1002696826 ns, Reaching safepoint: 545227 ns, At safepoint: 16344 ns, Total: 561571 ns
[2023-07-17T19:15:38.898+0000][67][info ][safepoint   ] Safepoint "Cleanup", Time since last: 1001697866 ns, Reaching safepoint: 166931 ns, At safepoint: 14058 ns, Total: 180989 ns
[2023-07-17T19:15:40.557+0000][67][info ][safepoint   ] Safepoint "Cleanup", Time since last: 1658578031 ns, Reaching safepoint: 374739 ns, At safepoint: 57747 ns, Total: 432486 ns
[2023-07-17T19:15:42.435+0000][67][info ][safepoint   ] Safepoint "Cleanup", Time since last: 1877696877 ns, Reaching safepoint: 335468 ns, At safepoint: 6353 ns, Total: 341821 ns
[2023-07-17T19:15:43.445+0000][67][info ][safepoint   ] Safepoint "Cleanup", Time since last: 1002236483 ns, Reaching safepoint: 7755184 ns, At safepoint: 132940 ns, Total: 7888124 ns
[2023-07-17T19:15:44.524+0000][67][info ][safepoint   ] Safepoint "Cleanup", Time since last: 1020003600 ns, Reaching safepoint: 42320977 ns, At safepoint: 1390752 ns, Total: 43711729 ns
[2023-07-17T19:16:11.443+0000][67][info ][safepoint   ] Safepoint "Cleanup", Time since last: 26656107800 ns, Reaching safepoint: 208759962 ns, At safepoint: 51561538 ns, Total: 260321500 ns
[2023-07-17T19:16:12.545+0000][67][info ][safepoint   ] Safepoint "Cleanup", Time since last: 1101179988 ns, Reaching safepoint: 3134569 ns, At safepoint: 35301 ns, Total: 3169870 ns
[2023-07-17T19:16:13.559+0000][67][info ][safepoint   ] Safepoint "Cleanup", Time since last: 1011614485 ns, Reaching safepoint: 1993100 ns, At safepoint: 43814 ns, Total: 2036914 ns
[2023-07-17T19:39:04.495+0000][67][info ][safepoint   ] Safepoint "Cleanup", Time since last: 3724828697 ns, Reaching safepoint: 321168 ns, At safepoint: 27765 ns, Total: 348933 ns
[2023-07-17T19:39:05.766+0000][67][info ][safepoint   ] Safepoint "Cleanup", Time since last: 1270520764 ns, Reaching safepoint: 281504 ns, At safepoint: 19769 ns, Total: 301273 ns
[2023-07-17T19:39:06.773+0000][67][info ][safepoint   ] Safepoint "Cleanup", Time since last: 1006844965 ns, Reaching safepoint: 370635 ns, At safepoint: 64134 ns, Total: 434769 ns
[2023-07-17T19:39:07.300+0000][67][info ][gc,start    ] GC(13) Pause Young (Normal) (G1 Evacuation Pause)
[2023-07-17T19:39:07.303+0000][67][info ][gc,task     ] GC(13) Using 6 workers of 6 for evacuation
[2023-07-17T19:39:07.305+0000][67][debug][gc,age      ] GC(13) Desired survivor size 14680064 bytes, new threshold 1 (max threshold 15)
[2023-07-17T19:39:07.871+0000][67][info ][gc,mmu      ] GC(13) MMU target violated: 201.0ms (200.0ms/201.0ms)
[2023-07-17T19:39:07.887+0000][67][info ][gc,phases   ] GC(13)   Pre Evacuate Collection Set: 8.4ms
[2023-07-17T19:39:07.889+0000][67][info ][gc,phases   ] GC(13)   Merge Heap Roots: 1.6ms
[2023-07-17T19:39:07.891+0000][67][info ][gc,phases   ] GC(13)   Evacuate Collection Set: 541.9ms
[2023-07-17T19:39:07.893+0000][67][info ][gc,phases   ] GC(13)   Post Evacuate Collection Set: 11.6ms
[2023-07-17T19:39:07.895+0000][67][info ][gc,phases   ] GC(13)   Other: 21.5ms
[2023-07-17T19:39:07.896+0000][67][trace][gc,age      ] GC(13) Age table with threshold 1 (max threshold 15)
[2023-07-17T19:39:07.898+0000][67][trace][gc,age      ] GC(13) - age   1:    2791888 bytes,    2791888 total
[2023-07-17T19:39:07.899+0000][67][info ][gc,heap     ] GC(13) Eden regions: 36->0(50)
[2023-07-17T19:39:07.901+0000][67][info ][gc,heap     ] GC(13) Survivor regions: 13->2(7)
[2023-07-17T19:39:07.903+0000][67][info ][gc,heap     ] GC(13) Old regions: 14->26
[2023-07-17T19:39:07.905+0000][67][info ][gc,heap     ] GC(13) Archive regions: 2->2
[2023-07-17T19:39:07.906+0000][67][info ][gc,heap     ] GC(13) Humongous regions: 0->0
[2023-07-17T19:39:07.908+0000][67][info ][gc,metaspace] GC(13) Metaspace: 130048K(133376K)->130048K(133376K) NonClass: 112720K(114432K)->112720K(114432K) Class: 17328K(18944K)->17328K(18944K)
[2023-07-17T19:39:07.909+0000][67][info ][gc          ] GC(13) Pause Young (Normal) (G1 Evacuation Pause) 253M->115M(3932M) 608.691ms
[2023-07-17T19:39:07.911+0000][67][info ][gc,cpu      ] GC(13) User=1.04s Sys=0.55s Real=0.62s
[2023-07-17T19:39:07.921+0000][67][info ][safepoint   ] Safepoint "G1CollectForAllocation", Time since last: 526090871 ns, Reaching safepoint: 713048 ns, At safepoint: 620831123 ns, Total: 621544171 ns
[2023-07-17T19:39:08.925+0000][67][info ][safepoint   ] Safepoint "Cleanup", Time since last: 1002847099 ns, Reaching safepoint: 1229307 ns, At safepoint: 89828 ns, Total: 1319135 ns
[2023-07-17T19:39:10.470+0000][67][info ][safepoint   ] Safepoint "Cleanup", Time since last: 1544104647 ns, Reaching safepoint: 423082 ns, At safepoint: 127790 ns, Total: 550872 ns
[2023-07-17T19:39:11.597+0000][67][info ][safepoint   ] Safepoint "Cleanup", Time since last: 1127141581 ns, Reaching safepoint: 306086 ns, At safepoint: 20597 ns, Total: 326683 ns
[2023-07-17T19:39:12.635+0000][67][info ][safepoint   ] Safepoint "Cleanup", Time since last: 1037188996 ns, Reaching safepoint: 273906 ns, At safepoint: 56418 ns, Total: 330324 ns
[2023-07-17T19:39:14.638+0000][67][info ][safepoint   ] Safepoint "Cleanup", Time since last: 2002323739 ns, Reaching safepoint: 284885 ns, At safepoint: 5264 ns, Total: 290149 ns
[2023-07-17T19:39:15.943+0000][67][info ][safepoint   ] Safepoint "Cleanup", Time since last: 1305323332 ns, Reaching safepoint: 309374 ns, At safepoint: 144870 ns, Total: 454244 ns
[2023-07-17T19:39:17.055+0000][67][info ][safepoint   ] Safepoint "Cleanup", Time since last: 1111681990 ns, Reaching safepoint: 196052 ns, At safepoint: 149061 ns, Total: 345113 ns
[2023-07-17T19:39:18.149+0000][67][info ][safepoint   ] Safepoint "Cleanup", Time since last: 1093048972 ns, Reaching safepoint: 561245 ns, At safepoint: 114346 ns, Total: 675591 ns
[2023-07-17T19:39:19.161+0000][67][info ][safepoint   ] Safepoint "Cleanup", Time since last: 1011635377 ns, Reaching safepoint: 347981 ns, At safepoint: 5389 ns, Total: 353370 ns
[2023-07-17T19:39:20.163+0000][67][info ][safepoint   ] Safepoint "Cleanup", Time since last: 1001857414 ns, Reaching safepoint: 189897 ns, At safepoint: 5867 ns, Total: 195764 ns
[2023-07-17T19:39:22.166+0000][67][info ][safepoint   ] Safepoint "Cleanup", Time since last: 2002429577 ns, Reaching safepoint: 335014 ns, At safepoint: 5784 ns, Total: 340798 ns
[2023-07-17T19:39:24.127+0000][67][info ][safepoint   ] Safepoint "Cleanup", Time since last: 1960867103 ns, Reaching safepoint: 286416 ns, At safepoint: 5799 ns, Total: 292215 ns
[2023-07-17T19:39:25.134+0000][67][info ][safepoint   ] Safepoint "Cleanup", Time since last: 1006542231 ns, Reaching safepoint: 382965 ns, At safepoint: 43706 ns, Total: 426671 ns
[2023-07-17T19:39:26.708+0000][67][info ][safepoint   ] Safepoint "Cleanup", Time since last: 1574202524 ns, Reaching safepoint: 165370 ns, At safepoint: 4465 ns, Total: 169835 ns
[2023-07-17T19:39:27.710+0000][67][info ][safepoint   ] Safepoint "Cleanup", Time since last: 1001505813 ns, Reaching safepoint: 356337 ns, At safepoint: 22524 ns, Total: 378861 ns
[2023-07-17T19:39:28.713+0000][67][info ][safepoint   ] Safepoint "Cleanup", Time since last: 1001837074 ns, Reaching safepoint: 469638 ns, At safepoint: 93775 ns, Total: 563413 ns
[2023-07-17T19:39:29.864+0000][67][info ][safepoint   ] Safepoint "Cleanup", Time since last: 1150891079 ns, Reaching safepoint: 344416 ns, At safepoint: 57834 ns, Total: 402250 ns
[2023-07-17T19:39:31.528+0000][67][info ][safepoint   ] Safepoint "Cleanup", Time since last: 1663790984 ns, Reaching safepoint: 649635 ns, At safepoint: 41910 ns, Total: 691545 ns
[2023-07-17T19:39:32.612+0000][67][info ][safepoint   ] Safepoint "Cleanup", Time since last: 1002419647 ns, Reaching safepoint: 339007 ns, At safepoint: 5603 ns, Total: 344610 ns
[2023-07-17T19:39:34.615+0000][67][info ][safepoint   ] Safepoint "Cleanup", Time since last: 2002468244 ns, Reaching safepoint: 212426 ns, At safepoint: 4117 ns, Total: 216543 ns
[2023-07-17T19:39:36.288+0000][67][info ][safepoint   ] Safepoint "Cleanup", Time since last: 1673114064 ns, Reaching safepoint: 322530 ns, At safepoint: 11486 ns, Total: 334016 ns
[2023-07-17T19:39:37.558+0000][67][info ][safepoint   ] Safepoint "Cleanup", Time since last: 1269156423 ns, Reaching safepoint: 535937 ns, At safepoint: 15938 ns, Total: 551875 ns
[2023-07-17T19:39:38.560+0000][67][info ][safepoint   ] Safepoint "Cleanup", Time since last: 1001780639 ns, Reaching safepoint: 461477 ns, At safepoint: 24225 ns, Total: 485702 ns
[2023-07-17T19:39:39.563+0000][67][info ][safepoint   ] Safepoint "Cleanup", Time since last: 1001979165 ns, Reaching safepoint: 374889 ns, At safepoint: 6479 ns, Total: 381368 ns
[2023-07-17T19:39:40.942+0000][67][info ][safepoint   ] Safepoint "Cleanup", Time since last: 1378741357 ns, Reaching safepoint: 258588 ns, At safepoint: 40797 ns, Total: 299385 ns
[2023-07-17T19:39:41.953+0000][67][info ][safepoint   ] Safepoint "Cleanup", Time since last: 1010945664 ns, Reaching safepoint: 356248 ns, At safepoint: 55818 ns, Total: 412066 ns
[2023-07-17T19:39:43.001+0000][67][info ][safepoint   ] Safepoint "Cleanup", Time since last: 1047407957 ns, Reaching safepoint: 977156 ns, At safepoint: 28709 ns, Total: 1005865 ns
[2023-07-17T19:39:44.006+0000][67][info ][safepoint   ] Safepoint "Cleanup", Time since last: 1003872603 ns, Reaching safepoint: 432688 ns, At safepoint: 14987 ns, Total: 447675 ns
[2023-07-17T19:39:45.008+0000][67][info ][safepoint   ] Safepoint "Cleanup", Time since last: 1002196682 ns, Reaching safepoint: 448865 ns, At safepoint: 21989 ns, Total: 470854 ns
[2023-07-17T19:39:46.994+0000][67][info ][safepoint   ] Safepoint "Cleanup", Time since last: 1985559040 ns, Reaching safepoint: 388381 ns, At safepoint: 64459 ns, Total: 452840 ns
[2023-07-17T19:39:48.265+0000][67][info ][safepoint   ] Safepoint "Cleanup", Time since last: 1270135314 ns, Reaching safepoint: 162412 ns, At safepoint: 5035 ns, Total: 167447 ns
[2023-07-17T19:39:49.466+0000][67][info ][safepoint   ] Safepoint "Cleanup", Time since last: 1201330299 ns, Reaching safepoint: 273025 ns, At safepoint: 4948 ns, Total: 277973 ns
[2023-07-17T19:39:52.469+0000][67][info ][safepoint   ] Safepoint "Cleanup", Time since last: 3002450604 ns, Reaching safepoint: 141073 ns, At safepoint: 16984 ns, Total: 158057 ns
[2023-07-17T19:39:53.717+0000][67][info ][safepoint   ] Safepoint "Cleanup", Time since last: 1247474552 ns, Reaching safepoint: 741747 ns, At safepoint: 29197 ns, Total: 770944 ns
[2023-07-17T19:39:55.272+0000][67][info ][safepoint   ] Safepoint "Cleanup", Time since last: 1554966955 ns, Reaching safepoint: 245925 ns, At safepoint: 6920 ns, Total: 252845 ns
[2023-07-17T19:39:56.744+0000][67][info ][safepoint   ] Safepoint "Cleanup", Time since last: 1471862001 ns, Reaching safepoint: 145076 ns, At safepoint: 15852 ns, Total: 160928 ns
[2023-07-17T19:39:57.747+0000][67][info ][safepoint   ] Safepoint "Cleanup", Time since last: 1001803617 ns, Reaching safepoint: 492852 ns, At safepoint: 52410 ns, Total: 545262 ns
[2023-07-17T19:39:59.057+0000][67][info ][safepoint   ] Safepoint "Cleanup", Time since last: 1309634830 ns, Reaching safepoint: 260110 ns, At safepoint: 58291 ns, Total: 318401 ns
[2023-07-17T19:40:00.151+0000][67][info ][safepoint   ] Safepoint "Cleanup", Time since last: 1093950765 ns, Reaching safepoint: 307472 ns, At safepoint: 55246 ns, Total: 362718 ns
[2023-07-17T19:40:00.443+0000][67][info ][gc,start    ] GC(14) Pause Young (Normal) (G1 Evacuation Pause)
[2023-07-17T19:40:00.445+0000][67][info ][gc,task     ] GC(14) Using 6 workers of 6 for evacuation
[2023-07-17T19:40:00.446+0000][67][debug][gc,age      ] GC(14) Desired survivor size 14680064 bytes, new threshold 15 (max threshold 15)
[2023-07-17T19:40:00.459+0000][67][info ][gc,phases   ] GC(14)   Pre Evacuate Collection Set: 0.3ms
[2023-07-17T19:40:00.467+0000][67][info ][gc,phases   ] GC(14)   Merge Heap Roots: 0.1ms
[2023-07-17T19:40:00.468+0000][67][info ][gc,phases   ] GC(14)   Evacuate Collection Set: 9.0ms
[2023-07-17T19:40:00.470+0000][67][info ][gc,phases   ] GC(14)   Post Evacuate Collection Set: 2.1ms
[2023-07-17T19:40:00.471+0000][67][info ][gc,phases   ] GC(14)   Other: 2.8ms
[2023-07-17T19:40:00.472+0000][67][trace][gc,age      ] GC(14) Age table with threshold 15 (max threshold 15)
[2023-07-17T19:40:00.473+0000][67][trace][gc,age      ] GC(14) - age   1:    2849888 bytes,    2849888 total
[2023-07-17T19:40:00.475+0000][67][trace][gc,age      ] GC(14) - age   2:     245384 bytes,    3095272 total
[2023-07-17T19:40:00.476+0000][67][info ][gc,heap     ] GC(14) Eden regions: 50->0(135)
[2023-07-17T19:40:00.477+0000][67][info ][gc,heap     ] GC(14) Survivor regions: 2->1(7)
[2023-07-17T19:40:00.478+0000][67][info ][gc,heap     ] GC(14) Old regions: 26->26
[2023-07-17T19:40:00.479+0000][67][info ][gc,heap     ] GC(14) Archive regions: 2->2
[2023-07-17T19:40:00.481+0000][67][info ][gc,heap     ] GC(14) Humongous regions: 0->0
[2023-07-17T19:40:00.482+0000][67][info ][gc,metaspace] GC(14) Metaspace: 131723K(135104K)->131723K(135104K) NonClass: 114349K(116096K)->114349K(116096K) Class: 17374K(19008K)->17374K(19008K)
[2023-07-17T19:40:00.484+0000][67][info ][gc          ] GC(14) Pause Young (Normal) (G1 Evacuation Pause) 315M->111M(3932M) 40.690ms
[2023-07-17T19:40:00.485+0000][67][info ][gc,cpu      ] GC(14) User=0.05s Sys=0.01s Real=0.04s
[2023-07-17T19:40:00.487+0000][67][info ][safepoint   ] Safepoint "G1CollectForAllocation", Time since last: 292110684 ns, Reaching safepoint: 157644 ns, At safepoint: 43548212 ns, Total: 43705856 ns
[2023-07-17T19:40:02.491+0000][67][info ][safepoint   ] Safepoint "Cleanup", Time since last: 2002257181 ns, Reaching safepoint: 361756 ns, At safepoint: 18666 ns, Total: 380422 ns
[2023-07-17T19:40:05.022+0000][67][info ][safepoint   ] Safepoint "Cleanup", Time since last: 2530661581 ns, Reaching safepoint: 225045 ns, At safepoint: 85733 ns, Total: 310778 ns
[2023-07-17T19:40:06.848+0000][67][info ][safepoint   ] Safepoint "Cleanup", Time since last: 1825458628 ns, Reaching safepoint: 640452 ns, At safepoint: 35354 ns, Total: 675806 ns
[2023-07-17T19:40:07.850+0000][67][info ][safepoint   ] Safepoint "Cleanup", Time since last: 1002321223 ns, Reaching safepoint: 360008 ns, At safepoint: 6439 ns, Total: 366447 ns
[2023-07-17T19:40:08.853+0000][67][info ][safepoint   ] Safepoint "Cleanup", Time since last: 1002534592 ns, Reaching safepoint: 268155 ns, At safepoint: 16200 ns, Total: 284355 ns
[2023-07-17T19:40:09.856+0000][67][info ][safepoint   ] Safepoint "Cleanup", Time since last: 1002134618 ns, Reaching safepoint: 225060 ns, At safepoint: 13447 ns, Total: 238507 ns
[2023-07-17T19:40:10.877+0000][67][info ][safepoint   ] Safepoint "Cleanup", Time since last: 1020924992 ns, Reaching safepoint: 133428 ns, At safepoint: 30665 ns, Total: 164093 ns
[2023-07-17T19:40:12.309+0000][67][info ][safepoint   ] Safepoint "Cleanup", Time since last: 1432423362 ns, Reaching safepoint: 161367 ns, At safepoint: 9289 ns, Total: 170656 ns
[2023-07-17T19:40:13.420+0000][67][info ][safepoint   ] Safepoint "Cleanup", Time since last: 1110018412 ns, Reaching safepoint: 262713 ns, At safepoint: 5605 ns, Total: 268318 ns
[2023-07-17T19:40:14.422+0000][67][info ][safepoint   ] Safepoint "Cleanup", Time since last: 1002100446 ns, Reaching safepoint: 236166 ns, At safepoint: 15160 ns, Total: 251326 ns
[2023-07-17T19:40:15.424+0000][67][info ][safepoint   ] Safepoint "Cleanup", Time since last: 1001957883 ns, Reaching safepoint: 364893 ns, At safepoint: 25720 ns, Total: 390613 ns
[2023-07-17T19:40:16.427+0000][67][info ][safepoint   ] Safepoint "Cleanup", Time since last: 1002522964 ns, Reaching safepoint: 241493 ns, At safepoint: 16568 ns, Total: 258061 ns
[2023-07-17T19:40:17.660+0000][67][info ][safepoint   ] Safepoint "Cleanup", Time since last: 1232398404 ns, Reaching safepoint: 684534 ns, At safepoint: 28886 ns, Total: 713420 ns
[2023-07-17T19:40:19.273+0000][67][info ][safepoint   ] Safepoint "Cleanup", Time since last: 1612323418 ns, Reaching safepoint: 333849 ns, At safepoint: 5755 ns, Total: 339604 ns
[2023-07-17T19:40:20.762+0000][67][info ][safepoint   ] Safepoint "Cleanup", Time since last: 1488323526 ns, Reaching safepoint: 275282 ns, At safepoint: 21705 ns, Total: 296987 ns
[2023-07-17T19:40:22.092+0000][67][info ][safepoint   ] Safepoint "Cleanup", Time since last: 1330272415 ns, Reaching safepoint: 435345 ns, At safepoint: 18121 ns, Total: 453466 ns
[2023-07-17T19:40:23.104+0000][67][info ][safepoint   ] Safepoint "Cleanup", Time since last: 1010939913 ns, Reaching safepoint: 244923 ns, At safepoint: 70215 ns, Total: 315138 ns
[2023-07-17T19:40:24.105+0000][67][info ][safepoint   ] Safepoint "Cleanup", Time since last: 1000446777 ns, Reaching safepoint: 806333 ns, At safepoint: 66044 ns, Total: 872377 ns
[2023-07-17T19:40:25.107+0000][67][info ][safepoint   ] Safepoint "Cleanup", Time since last: 1001378978 ns, Reaching safepoint: 373769 ns, At safepoint: 58414 ns, Total: 432183 ns
[2023-07-17T19:40:26.340+0000][67][info ][safepoint   ] Safepoint "Cleanup", Time since last: 1232923495 ns, Reaching safepoint: 379288 ns, At safepoint: 20765 ns, Total: 400053 ns
[2023-07-17T19:40:27.837+0000][67][info ][safepoint   ] Safepoint "Cleanup", Time since last: 1496932304 ns, Reaching safepoint: 278053 ns, At safepoint: 47886 ns, Total: 325939 ns
[2023-07-17T19:40:28.841+0000][67][info ][safepoint   ] Safepoint "Cleanup", Time since last: 1002321754 ns, Reaching safepoint: 942684 ns, At safepoint: 60596 ns, Total: 1003280 ns
[2023-07-17T19:40:29.872+0000][67][info ][safepoint   ] Safepoint "Cleanup", Time since last: 1030996771 ns, Reaching safepoint: 569949 ns, At safepoint: 59409 ns, Total: 629358 ns
[2023-07-17T19:40:31.297+0000][67][info ][safepoint   ] Safepoint "Cleanup", Time since last: 1424077709 ns, Reaching safepoint: 327744 ns, At safepoint: 24646 ns, Total: 352390 ns
[2023-07-17T19:40:32.300+0000][67][info ][safepoint   ] Safepoint "Cleanup", Time since last: 1002977660 ns, Reaching safepoint: 209579 ns, At safepoint: 15097 ns, Total: 224676 ns
[2023-07-17T19:40:34.957+0000][67][info ][safepoint   ] Safepoint "Cleanup", Time since last: 2656380490 ns, Reaching safepoint: 285246 ns, At safepoint: 41042 ns, Total: 326288 ns
[2023-07-17T19:40:36.202+0000][67][info ][safepoint   ] Safepoint "Cleanup", Time since last: 1244504118 ns, Reaching safepoint: 173363 ns, At safepoint: 11281 ns, Total: 184644 ns
[2023-07-17T19:40:37.432+0000][67][info ][safepoint   ] Safepoint "Cleanup", Time since last: 1230265837 ns, Reaching safepoint: 441366 ns, At safepoint: 15895 ns, Total: 457261 ns
[2023-07-17T19:40:38.435+0000][67][info ][safepoint   ] Safepoint "Cleanup", Time since last: 1001969736 ns, Reaching safepoint: 279061 ns, At safepoint: 11945 ns, Total: 291006 ns
[2023-07-17T19:40:39.437+0000][67][info ][safepoint   ] Safepoint "Cleanup", Time since last: 1002182959 ns, Reaching safepoint: 264409 ns, At safepoint: 3899 ns, Total: 268308 ns
[2023-07-17T19:40:40.994+0000][67][info ][safepoint   ] Safepoint "Cleanup", Time since last: 1556155783 ns, Reaching safepoint: 448998 ns, At safepoint: 57707 ns, Total: 506705 ns
[2023-07-17T19:40:42.089+0000][67][info ][safepoint   ] Safepoint "Cleanup", Time since last: 1094307291 ns, Reaching safepoint: 559954 ns, At safepoint: 61104 ns, Total: 621058 ns
[2023-07-17T19:40:43.101+0000][67][info ][safepoint   ] Safepoint "Cleanup", Time since last: 1012093048 ns, Reaching safepoint: 370249 ns, At safepoint: 6529 ns, Total: 376778 ns
[2023-07-17T19:40:44.103+0000][67][info ][safepoint   ] Safepoint "Cleanup", Time since last: 1001743275 ns, Reaching safepoint: 314860 ns, At safepoint: 25953 ns, Total: 340813 ns
[2023-07-17T19:40:45.105+0000][67][info ][safepoint   ] Safepoint "Cleanup", Time since last: 1001911931 ns, Reaching safepoint: 325926 ns, At safepoint: 4786 ns, Total: 330712 ns
[2023-07-17T19:40:46.107+0000][67][info ][safepoint   ] Safepoint "Cleanup", Time since last: 1001682331 ns, Reaching safepoint: 331731 ns, At safepoint: 6754 ns, Total: 338485 ns
[2023-07-17T19:40:47.122+0000][67][info ][safepoint   ] Safepoint "Cleanup", Time since last: 1014134685 ns, Reaching safepoint: 343774 ns, At safepoint: 52801 ns, Total: 396575 ns
[2023-07-17T19:40:48.275+0000][67][info ][safepoint   ] Safepoint "Cleanup", Time since last: 1152775527 ns, Reaching safepoint: 286506 ns, At safepoint: 20065 ns, Total: 306571 ns
[2023-07-17T19:40:49.552+0000][67][info ][safepoint   ] Safepoint "Cleanup", Time since last: 1276913219 ns, Reaching safepoint: 318514 ns, At safepoint: 5698 ns, Total: 324212 ns
[2023-07-17T19:40:50.554+0000][67][info ][safepoint   ] Safepoint "Cleanup", Time since last: 1001670670 ns, Reaching safepoint: 451114 ns, At safepoint: 57787 ns, Total: 508901 ns
[2023-07-17T19:40:52.967+0000][67][info ][safepoint   ] Safepoint "Cleanup", Time since last: 2412011137 ns, Reaching safepoint: 185363 ns, At safepoint: 43061 ns, Total: 228424 ns
[2023-07-17T19:40:53.967+0000][67][info ][safepoint   ] Safepoint "Cleanup", Time since last: 1000452078 ns, Reaching safepoint: 67560 ns, At safepoint: 2657 ns, Total: 70217 ns
[2023-07-17T19:40:56.019+0000][67][info ][safepoint   ] Safepoint "Cleanup", Time since last: 2051242577 ns, Reaching safepoint: 251458 ns, At safepoint: 6030 ns, Total: 257488 ns
[2023-07-17T19:40:57.022+0000][67][info ][safepoint   ] Safepoint "Cleanup", Time since last: 1002853211 ns, Reaching safepoint: 279707 ns, At safepoint: 7445 ns, Total: 287152 ns
[2023-07-17T19:40:58.024+0000][67][info ][safepoint   ] Safepoint "Cleanup", Time since last: 1002012059 ns, Reaching safepoint: 216967 ns, At safepoint: 8570 ns, Total: 225537 ns
[2023-07-17T19:40:59.027+0000][67][info ][safepoint   ] Safepoint "Cleanup", Time since last: 1002692988 ns, Reaching safepoint: 464504 ns, At safepoint: 20276 ns, Total: 484780 ns
[2023-07-17T19:41:00.312+0000][67][info ][safepoint   ] Safepoint "Cleanup", Time since last: 1284450125 ns, Reaching safepoint: 386195 ns, At safepoint: 19350 ns, Total: 405545 ns
[2023-07-17T19:41:01.492+0000][67][info ][safepoint   ] Safepoint "Cleanup", Time since last: 1179027254 ns, Reaching safepoint: 316454 ns, At safepoint: 61774 ns, Total: 378228 ns
[2023-07-17T19:41:02.616+0000][67][info ][safepoint   ] Safepoint "Cleanup", Time since last: 1124758726 ns, Reaching safepoint: 386781 ns, At safepoint: 40612 ns, Total: 427393 ns
[2023-07-17T19:41:04.998+0000][67][info ][safepoint   ] Safepoint "Cleanup", Time since last: 2382038439 ns, Reaching safepoint: 266193 ns, At safepoint: 45128 ns, Total: 311321 ns
[2023-07-17T19:41:06.078+0000][67][info ][safepoint   ] Safepoint "Cleanup", Time since last: 1079461226 ns, Reaching safepoint: 288809 ns, At safepoint: 44172 ns, Total: 332981 ns
[2023-07-17T19:41:07.360+0000][67][info ][safepoint   ] Safepoint "Cleanup", Time since last: 1282304611 ns, Reaching safepoint: 240904 ns, At safepoint: 59726 ns, Total: 300630 ns
[2023-07-17T19:41:08.374+0000][67][info ][safepoint   ] Safepoint "Cleanup", Time since last: 1012850517 ns, Reaching safepoint: 358241 ns, At safepoint: 7270 ns, Total: 365511 ns
[2023-07-17T19:41:09.377+0000][67][info ][safepoint   ] Safepoint "Cleanup", Time since last: 1002577746 ns, Reaching safepoint: 463244 ns, At safepoint: 11481 ns, Total: 474725 ns
[2023-07-17T19:41:10.380+0000][67][info ][safepoint   ] Safepoint "Cleanup", Time since last: 1002643120 ns, Reaching safepoint: 438627 ns, At safepoint: 8847 ns, Total: 447474 ns
[2023-07-17T19:41:11.606+0000][67][info ][safepoint   ] Safepoint "Cleanup", Time since last: 1225984986 ns, Reaching safepoint: 261943 ns, At safepoint: 54735 ns, Total: 316678 ns
[2023-07-17T19:41:12.713+0000][67][info ][safepoint   ] Safepoint "Cleanup", Time since last: 1106010292 ns, Reaching safepoint: 1029354 ns, At safepoint: 77647 ns, Total: 1107001 ns
[2023-07-17T19:41:14.716+0000][67][info ][safepoint   ] Safepoint "Cleanup", Time since last: 2002508476 ns, Reaching safepoint: 214102 ns, At safepoint: 5033 ns, Total: 219135 ns
[2023-07-17T19:41:15.719+0000][67][info ][safepoint   ] Safepoint "Cleanup", Time since last: 1001752664 ns, Reaching safepoint: 1018377 ns, At safepoint: 19154 ns, Total: 1037531 ns
[2023-07-17T19:41:16.979+0000][67][info ][safepoint   ] Safepoint "Cleanup", Time since last: 1259894071 ns, Reaching safepoint: 143782 ns, At safepoint: 55320 ns, Total: 199102 ns
[2023-07-17T19:41:18.053+0000][67][info ][safepoint   ] Safepoint "Cleanup", Time since last: 1073242803 ns, Reaching safepoint: 420690 ns, At safepoint: 57515 ns, Total: 478205 ns
[2023-07-17T19:41:20.165+0000][67][info ][safepoint   ] Safepoint "Cleanup", Time since last: 2111509241 ns, Reaching safepoint: 596795 ns, At safepoint: 37962 ns, Total: 634757 ns
[2023-07-17T19:41:23.251+0000][67][info ][safepoint   ] Safepoint "Cleanup", Time since last: 3085526192 ns, Reaching safepoint: 294073 ns, At safepoint: 49370 ns, Total: 343443 ns
[2023-07-17T19:41:24.610+0000][67][info ][safepoint   ] Safepoint "Cleanup", Time since last: 1358540162 ns, Reaching safepoint: 365584 ns, At safepoint: 19854 ns, Total: 385438 ns
[2023-07-17T19:41:25.983+0000][67][info ][safepoint   ] Safepoint "Cleanup", Time since last: 1372842990 ns, Reaching safepoint: 352566 ns, At safepoint: 6179 ns, Total: 358745 ns
[2023-07-17T19:41:27.988+0000][67][info ][safepoint   ] Safepoint "Cleanup", Time since last: 2004630918 ns, Reaching safepoint: 299789 ns, At safepoint: 15119 ns, Total: 314908 ns
[2023-07-17T19:41:28.990+0000][67][info ][safepoint   ] Safepoint "Cleanup", Time since last: 1002102408 ns, Reaching safepoint: 159038 ns, At safepoint: 4809 ns, Total: 163847 ns
[2023-07-17T19:41:30.135+0000][67][info ][safepoint   ] Safepoint "Cleanup", Time since last: 1144385028 ns, Reaching safepoint: 274400 ns, At safepoint: 18057 ns, Total: 292457 ns
[2023-07-17T19:41:31.565+0000][67][info ][safepoint   ] Safepoint "Cleanup", Time since last: 1429994057 ns, Reaching safepoint: 148034 ns, At safepoint: 6738 ns, Total: 154772 ns
[2023-07-17T19:41:32.579+0000][67][info ][safepoint   ] Safepoint "Cleanup", Time since last: 1011798894 ns, Reaching safepoint: 599463 ns, At safepoint: 18047 ns, Total: 617510 ns
[2023-07-17T19:41:34.987+0000][67][info ][safepoint   ] Safepoint "Cleanup", Time since last: 2407769728 ns, Reaching safepoint: 321174 ns, At safepoint: 47468 ns, Total: 368642 ns
[2023-07-17T19:41:36.902+0000][67][info ][safepoint   ] Safepoint "Cleanup", Time since last: 1915182454 ns, Reaching safepoint: 309163 ns, At safepoint: 9142 ns, Total: 318305 ns
[2023-07-17T19:41:37.905+0000][67][info ][safepoint   ] Safepoint "Cleanup", Time since last: 1002368919 ns, Reaching safepoint: 352296 ns, At safepoint: 15391 ns, Total: 367687 ns
[2023-07-17T19:41:39.907+0000][67][info ][safepoint   ] Safepoint "Cleanup", Time since last: 2002199810 ns, Reaching safepoint: 350762 ns, At safepoint: 14494 ns, Total: 365256 ns
[2023-07-17T19:41:40.910+0000][67][info ][safepoint   ] Safepoint "Cleanup", Time since last: 1002181817 ns, Reaching safepoint: 477692 ns, At safepoint: 13566 ns, Total: 491258 ns
[2023-07-17T19:41:42.210+0000][67][info ][safepoint   ] Safepoint "Cleanup", Time since last: 1299756100 ns, Reaching safepoint: 165284 ns, At safepoint: 4555 ns, Total: 169839 ns
[2023-07-17T19:41:44.307+0000][67][info ][safepoint   ] Safepoint "Cleanup", Time since last: 2096653995 ns, Reaching safepoint: 495767 ns, At safepoint: 15410 ns, Total: 511177 ns
[2023-07-17T19:41:45.310+0000][67][info ][safepoint   ] Safepoint "Cleanup", Time since last: 1002151814 ns, Reaching safepoint: 610006 ns, At safepoint: 17602 ns, Total: 627608 ns
[2023-07-17T19:41:46.985+0000][67][info ][safepoint   ] Safepoint "Cleanup", Time since last: 1674428701 ns, Reaching safepoint: 321197 ns, At safepoint: 44315 ns, Total: 365512 ns
[2023-07-17T19:41:48.727+0000][67][info ][safepoint   ] Safepoint "Cleanup", Time since last: 1742190420 ns, Reaching safepoint: 399829 ns, At safepoint: 18881 ns, Total: 418710 ns
[2023-07-17T19:41:49.826+0000][67][info ][safepoint   ] Safepoint "Cleanup", Time since last: 1097951486 ns, Reaching safepoint: 371138 ns, At safepoint: 50757 ns, Total: 421895 ns
[2023-07-17T19:41:50.828+0000][67][info ][safepoint   ] Safepoint "Cleanup", Time since last: 1002020183 ns, Reaching safepoint: 299627 ns, At safepoint: 7288 ns, Total: 306915 ns
[2023-07-17T19:41:52.035+0000][67][info ][safepoint   ] Safepoint "Cleanup", Time since last: 1206400299 ns, Reaching safepoint: 367121 ns, At safepoint: 144333 ns, Total: 511454 ns
[2023-07-17T19:41:53.041+0000][67][info ][safepoint   ] Safepoint "Cleanup", Time since last: 1006090165 ns, Reaching safepoint: 225915 ns, At safepoint: 49899 ns, Total: 275814 ns
[2023-07-17T19:41:54.073+0000][67][info ][safepoint   ] Safepoint "Cleanup", Time since last: 1030866915 ns, Reaching safepoint: 403639 ns, At safepoint: 51981 ns, Total: 455620 ns
[2023-07-17T19:41:55.191+0000][67][info ][safepoint   ] Safepoint "Cleanup", Time since last: 1118106260 ns, Reaching safepoint: 369574 ns, At safepoint: 17732 ns, Total: 387306 ns
[2023-07-17T19:41:56.407+0000][67][info ][safepoint   ] Safepoint "Cleanup", Time since last: 1215289660 ns, Reaching safepoint: 452580 ns, At safepoint: 52860 ns, Total: 505440 ns
[2023-07-17T19:41:57.410+0000][67][info ][safepoint   ] Safepoint "Cleanup", Time since last: 1002079924 ns, Reaching safepoint: 671541 ns, At safepoint: 12520 ns, Total: 684061 ns
[2023-07-17T19:41:58.801+0000][67][info ][safepoint   ] Safepoint "Cleanup", Time since last: 1390887868 ns, Reaching safepoint: 288937 ns, At safepoint: 7254 ns, Total: 296191 ns
[2023-07-17T19:42:00.559+0000][67][info ][safepoint   ] Safepoint "Cleanup", Time since last: 1757243910 ns, Reaching safepoint: 281595 ns, At safepoint: 59424 ns, Total: 341019 ns
[2023-07-17T19:42:01.818+0000][67][info ][safepoint   ] Safepoint "Cleanup", Time since last: 1258919324 ns, Reaching safepoint: 452581 ns, At safepoint: 129079 ns, Total: 581660 ns
[2023-07-17T19:42:03.183+0000][67][info ][safepoint   ] Safepoint "Cleanup", Time since last: 1363928749 ns, Reaching safepoint: 545428 ns, At safepoint: 37983 ns, Total: 583411 ns
[2023-07-17T19:42:04.999+0000][67][info ][safepoint   ] Safepoint "Cleanup", Time since last: 1816176499 ns, Reaching safepoint: 163143 ns, At safepoint: 5528 ns, Total: 168671 ns
[2023-07-17T19:42:06.047+0000][67][info ][safepoint   ] Safepoint "Cleanup", Time since last: 1047841088 ns, Reaching safepoint: 151374 ns, At safepoint: 55758 ns, Total: 207132 ns
[2023-07-17T19:42:08.143+0000][67][info ][safepoint   ] Safepoint "Cleanup", Time since last: 2095739724 ns, Reaching safepoint: 543065 ns, At safepoint: 10295 ns, Total: 553360 ns
[2023-07-17T19:42:10.147+0000][67][info ][safepoint   ] Safepoint "Cleanup", Time since last: 2003130797 ns, Reaching safepoint: 648437 ns, At safepoint: 12423 ns, Total: 660860 ns
[2023-07-17T19:42:11.238+0000][67][info ][safepoint   ] Safepoint "Cleanup", Time since last: 1090351049 ns, Reaching safepoint: 371619 ns, At safepoint: 48011 ns, Total: 419630 ns
[2023-07-17T19:42:12.240+0000][67][info ][safepoint   ] Safepoint "Cleanup", Time since last: 1001574757 ns, Reaching safepoint: 736427 ns, At safepoint: 19515 ns, Total: 755942 ns
[2023-07-17T19:42:14.565+0000][67][info ][safepoint   ] Safepoint "Cleanup", Time since last: 2324462583 ns, Reaching safepoint: 584983 ns, At safepoint: 28824 ns, Total: 613807 ns
[2023-07-17T19:42:15.569+0000][67][info ][safepoint   ] Safepoint "Cleanup", Time since last: 1002956133 ns, Reaching safepoint: 358863 ns, At safepoint: 14449 ns, Total: 373312 ns
[2023-07-17T19:42:17.041+0000][67][info ][safepoint   ] Safepoint "Cleanup", Time since last: 1471901771 ns, Reaching safepoint: 382241 ns, At safepoint: 50129 ns, Total: 432370 ns
[2023-07-17T19:42:18.968+0000][67][info ][safepoint   ] Safepoint "Cleanup", Time since last: 1926142895 ns, Reaching safepoint: 481511 ns, At safepoint: 8213 ns, Total: 489724 ns
[2023-07-17T19:42:19.971+0000][67][info ][safepoint   ] Safepoint "Cleanup", Time since last: 1002657034 ns, Reaching safepoint: 222930 ns, At safepoint: 15701 ns, Total: 238631 ns
[2023-07-17T19:42:21.974+0000][67][info ][safepoint   ] Safepoint "Cleanup", Time since last: 2002575530 ns, Reaching safepoint: 496019 ns, At safepoint: 29421 ns, Total: 525440 ns
[2023-07-17T19:42:22.977+0000][67][info ][safepoint   ] Safepoint "Cleanup", Time since last: 1003054624 ns, Reaching safepoint: 218571 ns, At safepoint: 5979 ns, Total: 224550 ns
[2023-07-17T19:42:24.223+0000][67][info ][safepoint   ] Safepoint "Cleanup", Time since last: 1245801467 ns, Reaching safepoint: 231264 ns, At safepoint: 15348 ns, Total: 246612 ns
[2023-07-17T19:42:25.579+0000][67][info ][safepoint   ] Safepoint "Cleanup", Time since last: 1356110560 ns, Reaching safepoint: 124627 ns, At safepoint: 56784 ns, Total: 181411 ns
[2023-07-17T19:42:26.599+0000][67][info ][safepoint   ] Safepoint "Cleanup", Time since last: 1019488124 ns, Reaching safepoint: 509319 ns, At safepoint: 15799 ns, Total: 525118 ns
[2023-07-17T19:42:28.602+0000][67][info ][safepoint   ] Safepoint "Cleanup", Time since last: 2002357403 ns, Reaching safepoint: 469017 ns, At safepoint: 9746 ns, Total: 478763 ns
[2023-07-17T19:42:29.866+0000][67][info ][safepoint   ] Safepoint "Cleanup", Time since last: 1263336524 ns, Reaching safepoint: 394242 ns, At safepoint: 19068 ns, Total: 413310 ns
[2023-07-17T19:42:30.936+0000][67][info ][safepoint   ] Safepoint "Cleanup", Time since last: 1069673239 ns, Reaching safepoint: 464070 ns, At safepoint: 7012 ns, Total: 471082 ns
[2023-07-17T19:42:33.454+0000][67][info ][safepoint   ] Safepoint "Cleanup", Time since last: 2516948534 ns, Reaching safepoint: 522214 ns, At safepoint: 17340 ns, Total: 539554 ns
[2023-07-17T19:42:34.457+0000][67][info ][safepoint   ] Safepoint "Cleanup", Time since last: 1002448405 ns, Reaching safepoint: 481766 ns, At safepoint: 17471 ns, Total: 499237 ns
[2023-07-17T19:42:36.239+0000][67][info ][safepoint   ] Safepoint "Cleanup", Time since last: 1781893145 ns, Reaching safepoint: 479722 ns, At safepoint: 19392 ns, Total: 499114 ns
[2023-07-17T19:42:37.442+0000][67][info ][safepoint   ] Safepoint "Cleanup", Time since last: 1201866245 ns, Reaching safepoint: 620195 ns, At safepoint: 11237 ns, Total: 631432 ns
[2023-07-17T19:42:38.444+0000][67][info ][safepoint   ] Safepoint "Cleanup", Time since last: 1002528497 ns, Reaching safepoint: 311944 ns, At safepoint: 6956 ns, Total: 318900 ns
[2023-07-17T19:42:41.008+0000][67][info ][safepoint   ] Safepoint "Cleanup", Time since last: 2563365559 ns, Reaching safepoint: 351890 ns, At safepoint: 57177 ns, Total: 409067 ns
[2023-07-17T19:42:42.862+0000][67][info ][safepoint   ] Safepoint "Cleanup", Time since last: 1852941989 ns, Reaching safepoint: 542168 ns, At safepoint: 12263 ns, Total: 554431 ns
[2023-07-17T19:42:43.866+0000][67][info ][safepoint   ] Safepoint "Cleanup", Time since last: 1003634526 ns, Reaching safepoint: 355320 ns, At safepoint: 8159 ns, Total: 363479 ns
[2023-07-17T19:42:44.869+0000][67][info ][safepoint   ] Safepoint "Cleanup", Time since last: 1002508369 ns, Reaching safepoint: 302479 ns, At safepoint: 7261 ns, Total: 309740 ns
[2023-07-17T19:42:45.871+0000][67][info ][safepoint   ] Safepoint "Cleanup", Time since last: 1002174997 ns, Reaching safepoint: 337328 ns, At safepoint: 13751 ns, Total: 351079 ns
[2023-07-17T19:42:46.874+0000][67][info ][safepoint   ] Safepoint "Cleanup", Time since last: 1002157934 ns, Reaching safepoint: 262853 ns, At safepoint: 41929 ns, Total: 304782 ns
[2023-07-17T19:42:47.275+0000][67][info ][gc,start    ] GC(15) Pause Young (Normal) (G1 Evacuation Pause)
[2023-07-17T19:42:47.278+0000][67][info ][gc,task     ] GC(15) Using 6 workers of 6 for evacuation
[2023-07-17T19:42:47.280+0000][67][debug][gc,age      ] GC(15) Desired survivor size 35651584 bytes, new threshold 15 (max threshold 15)
[2023-07-17T19:42:47.295+0000][67][info ][gc,phases   ] GC(15)   Pre Evacuate Collection Set: 0.7ms
[2023-07-17T19:42:47.296+0000][67][info ][gc,phases   ] GC(15)   Merge Heap Roots: 0.4ms
[2023-07-17T19:42:47.298+0000][67][info ][gc,phases   ] GC(15)   Evacuate Collection Set: 9.3ms
[2023-07-17T19:42:47.299+0000][67][info ][gc,phases   ] GC(15)   Post Evacuate Collection Set: 3.0ms
[2023-07-17T19:42:47.300+0000][67][info ][gc,phases   ] GC(15)   Other: 3.4ms
[2023-07-17T19:42:47.302+0000][67][trace][gc,age      ] GC(15) Age table with threshold 15 (max threshold 15)
[2023-07-17T19:42:47.303+0000][67][trace][gc,age      ] GC(15) - age   1:    3934880 bytes,    3934880 total
[2023-07-17T19:42:47.304+0000][67][trace][gc,age      ] GC(15) - age   2:     897472 bytes,    4832352 total
[2023-07-17T19:42:47.305+0000][67][trace][gc,age      ] GC(15) - age   3:     238120 bytes,    5070472 total
[2023-07-17T19:42:47.307+0000][67][info ][gc,heap     ] GC(15) Eden regions: 135->0(587)
[2023-07-17T19:42:47.308+0000][67][info ][gc,heap     ] GC(15) Survivor regions: 1->2(17)
[2023-07-17T19:42:47.309+0000][67][info ][gc,heap     ] GC(15) Old regions: 26->26
[2023-07-17T19:42:47.310+0000][67][info ][gc,heap     ] GC(15) Archive regions: 2->2
[2023-07-17T19:42:47.311+0000][67][info ][gc,heap     ] GC(15) Humongous regions: 0->0
[2023-07-17T19:42:47.312+0000][67][info ][gc,metaspace] GC(15) Metaspace: 134702K(138048K)->134702K(138048K) NonClass: 117129K(118848K)->117129K(118848K) Class: 17573K(19200K)->17573K(19200K)
[2023-07-17T19:42:47.313+0000][67][info ][gc          ] GC(15) Pause Young (Normal) (G1 Evacuation Pause) 651M->112M(3932M) 37.433ms
[2023-07-17T19:42:47.315+0000][67][info ][gc,cpu      ] GC(15) User=0.05s Sys=0.01s Real=0.04s
[2023-07-17T19:42:47.316+0000][67][info ][safepoint   ] Safepoint "G1CollectForAllocation", Time since last: 401609122 ns, Reaching safepoint: 240289 ns, At safepoint: 40480386 ns, Total: 40720675 ns
[2023-07-17T19:42:49.277+0000][67][info ][safepoint   ] Safepoint "Cleanup", Time since last: 1959902918 ns, Reaching safepoint: 741580 ns, At safepoint: 29465 ns, Total: 771045 ns
[2023-07-17T19:42:50.738+0000][67][info ][safepoint   ] Safepoint "Cleanup", Time since last: 1461209966 ns, Reaching safepoint: 433824 ns, At safepoint: 18394 ns, Total: 452218 ns
[2023-07-17T19:42:51.741+0000][67][info ][safepoint   ] Safepoint "Cleanup", Time since last: 1002650590 ns, Reaching safepoint: 622727 ns, At safepoint: 10883 ns, Total: 633610 ns
[2023-07-17T19:42:52.745+0000][67][info ][safepoint   ] Safepoint "Cleanup", Time since last: 1002746436 ns, Reaching safepoint: 547919 ns, At safepoint: 10953 ns, Total: 558872 ns
[2023-07-17T19:42:53.880+0000][67][info ][safepoint   ] Safepoint "Cleanup", Time since last: 1134894528 ns, Reaching safepoint: 242304 ns, At safepoint: 43115 ns, Total: 285419 ns
[2023-07-17T19:42:54.890+0000][67][info ][safepoint   ] Safepoint "Cleanup", Time since last: 1009520687 ns, Reaching safepoint: 660785 ns, At safepoint: 11907 ns, Total: 672692 ns
[2023-07-17T19:42:55.894+0000][67][info ][safepoint   ] Safepoint "Cleanup", Time since last: 1002651648 ns, Reaching safepoint: 688834 ns, At safepoint: 34505 ns, Total: 723339 ns
[2023-07-17T19:42:56.897+0000][67][info ][safepoint   ] Safepoint "Cleanup", Time since last: 1002699981 ns, Reaching safepoint: 378041 ns, At safepoint: 19381 ns, Total: 397422 ns
[2023-07-17T19:42:57.900+0000][67][info ][safepoint   ] Safepoint "Cleanup", Time since last: 1002594574 ns, Reaching safepoint: 523612 ns, At safepoint: 10129 ns, Total: 533741 ns
[2023-07-17T19:42:59.027+0000][67][info ][safepoint   ] Safepoint "Cleanup", Time since last: 1126917867 ns, Reaching safepoint: 248872 ns, At safepoint: 200947 ns, Total: 449819 ns
[2023-07-17T19:43:00.125+0000][67][info ][safepoint   ] Safepoint "Cleanup", Time since last: 1097897929 ns, Reaching safepoint: 398042 ns, At safepoint: 47718 ns, Total: 445760 ns
[2023-07-17T19:43:01.727+0000][67][info ][safepoint   ] Safepoint "Cleanup", Time since last: 1601101621 ns, Reaching safepoint: 362684 ns, At safepoint: 109552 ns, Total: 472236 ns
[2023-07-17T19:43:02.818+0000][67][info ][safepoint   ] Safepoint "Cleanup", Time since last: 1090602985 ns, Reaching safepoint: 617435 ns, At safepoint: 23580 ns, Total: 641015 ns
[2023-07-17T19:43:05.002+0000][67][info ][safepoint   ] Safepoint "Cleanup", Time since last: 2183139659 ns, Reaching safepoint: 265343 ns, At safepoint: 42294 ns, Total: 307637 ns
[2023-07-17T19:43:06.613+0000][67][info ][safepoint   ] Safepoint "Cleanup", Time since last: 1610309302 ns, Reaching safepoint: 525797 ns, At safepoint: 11909 ns, Total: 537706 ns
[2023-07-17T19:43:11.012+0000][67][info ][safepoint   ] Safepoint "Cleanup", Time since last: 4399053075 ns, Reaching safepoint: 178346 ns, At safepoint: 56489 ns, Total: 234835 ns
[2023-07-17T19:43:12.013+0000][67][info ][safepoint   ] Safepoint "Cleanup", Time since last: 1000943359 ns, Reaching safepoint: 351871 ns, At safepoint: 49796 ns, Total: 401667 ns
[2023-07-17T19:43:13.034+0000][67][info ][safepoint   ] Safepoint "Cleanup", Time since last: 1019814027 ns, Reaching safepoint: 494395 ns, At safepoint: 10556 ns, Total: 504951 ns
[2023-07-17T19:43:14.037+0000][67][info ][safepoint   ] Safepoint "Cleanup", Time since last: 1003487555 ns, Reaching safepoint: 323429 ns, At safepoint: 7327 ns, Total: 330756 ns
[2023-07-17T19:43:16.042+0000][67][info ][safepoint   ] Safepoint "Cleanup", Time since last: 2003322649 ns, Reaching safepoint: 965691 ns, At safepoint: 26537 ns, Total: 992228 ns
[2023-07-17T19:43:17.043+0000][67][info ][safepoint   ] Safepoint "Cleanup", Time since last: 1001262836 ns, Reaching safepoint: 136779 ns, At safepoint: 5237 ns, Total: 142016 ns
[2023-07-17T19:43:18.205+0000][67][info ][safepoint   ] Safepoint "Cleanup", Time since last: 1161727227 ns, Reaching safepoint: 291873 ns, At safepoint: 79605 ns, Total: 371478 ns
[2023-07-17T19:43:19.601+0000][67][info ][safepoint   ] Safepoint "Cleanup", Time since last: 1395507132 ns, Reaching safepoint: 105706 ns, At safepoint: 5535 ns, Total: 111241 ns
[2023-07-17T19:43:20.616+0000][67][info ][safepoint   ] Safepoint "Cleanup", Time since last: 1014673866 ns, Reaching safepoint: 306585 ns, At safepoint: 14639 ns, Total: 321224 ns
[2023-07-17T19:43:23.001+0000][67][info ][safepoint   ] Safepoint "Cleanup", Time since last: 2385030684 ns, Reaching safepoint: 296860 ns, At safepoint: 46383 ns, Total: 343243 ns
[2023-07-17T19:43:24.943+0000][67][info ][safepoint   ] Safepoint "Cleanup", Time since last: 1941809633 ns, Reaching safepoint: 405105 ns, At safepoint: 7690 ns, Total: 412795 ns
[2023-07-17T19:43:25.947+0000][67][info ][safepoint   ] Safepoint "Cleanup", Time since last: 1002836670 ns, Reaching safepoint: 295083 ns, At safepoint: 7317 ns, Total: 302400 ns
[2023-07-17T19:43:26.967+0000][67][info ][safepoint   ] Safepoint "Cleanup", Time since last: 1020388992 ns, Reaching safepoint: 248806 ns, At safepoint: 59547 ns, Total: 308353 ns
[2023-07-17T19:43:28.857+0000][67][info ][safepoint   ] Safepoint "Cleanup", Time since last: 1889546667 ns, Reaching safepoint: 237670 ns, At safepoint: 16456 ns, Total: 254126 ns
[2023-07-17T19:43:30.267+0000][67][info ][safepoint   ] Safepoint "Cleanup", Time since last: 1409405022 ns, Reaching safepoint: 196351 ns, At safepoint: 17686 ns, Total: 214037 ns
[2023-07-17T19:43:31.460+0000][67][info ][safepoint   ] Safepoint "Cleanup", Time since last: 1192347188 ns, Reaching safepoint: 476313 ns, At safepoint: 69688 ns, Total: 546001 ns
[2023-07-17T19:43:33.084+0000][67][info ][safepoint   ] Safepoint "Cleanup", Time since last: 1623152976 ns, Reaching safepoint: 777636 ns, At safepoint: 18805 ns, Total: 796441 ns
[2023-07-17T19:43:34.087+0000][67][info ][safepoint   ] Safepoint "Cleanup", Time since last: 1002662660 ns, Reaching safepoint: 628657 ns, At safepoint: 27459 ns, Total: 656116 ns
[2023-07-17T19:43:35.095+0000][67][info ][safepoint   ] Safepoint "Cleanup", Time since last: 1007231796 ns, Reaching safepoint: 266723 ns, At safepoint: 45890 ns, Total: 312613 ns
[2023-07-17T19:43:36.911+0000][67][info ][safepoint   ] Safepoint "Cleanup", Time since last: 1815670849 ns, Reaching safepoint: 384761 ns, At safepoint: 16073 ns, Total: 400834 ns
[2023-07-17T19:43:37.913+0000][67][info ][safepoint   ] Safepoint "Cleanup", Time since last: 1002030368 ns, Reaching safepoint: 305185 ns, At safepoint: 13733 ns, Total: 318918 ns
[2023-07-17T19:43:38.915+0000][67][info ][safepoint   ] Safepoint "Cleanup", Time since last: 1001852355 ns, Reaching safepoint: 355308 ns, At safepoint: 12791 ns, Total: 368099 ns
[2023-07-17T19:43:40.337+0000][67][info ][safepoint   ] Safepoint "Cleanup", Time since last: 1421155482 ns, Reaching safepoint: 482814 ns, At safepoint: 14853 ns, Total: 497667 ns
[2023-07-17T19:43:42.213+0000][67][info ][safepoint   ] Safepoint "Cleanup", Time since last: 1875989830 ns, Reaching safepoint: 353843 ns, At safepoint: 115485 ns, Total: 469328 ns
[2023-07-17T19:43:45.309+0000][67][info ][safepoint   ] Safepoint "Cleanup", Time since last: 3094590847 ns, Reaching safepoint: 909691 ns, At safepoint: 25544 ns, Total: 935235 ns
[2023-07-17T19:43:47.022+0000][67][info ][safepoint   ] Safepoint "Cleanup", Time since last: 1713007244 ns, Reaching safepoint: 257473 ns, At safepoint: 59107 ns, Total: 316580 ns
[2023-07-17T19:43:48.908+0000][67][info ][safepoint   ] Safepoint "Cleanup", Time since last: 1885420418 ns, Reaching safepoint: 541652 ns, At safepoint: 22629 ns, Total: 564281 ns
[2023-07-17T19:43:49.911+0000][67][info ][safepoint   ] Safepoint "Cleanup", Time since last: 1002168869 ns, Reaching safepoint: 308439 ns, At safepoint: 7906 ns, Total: 316345 ns
[2023-07-17T19:43:54.171+0000][67][info ][safepoint   ] Safepoint "Cleanup", Time since last: 4259625159 ns, Reaching safepoint: 331396 ns, At safepoint: 68385 ns, Total: 399781 ns
[2023-07-17T19:43:56.266+0000][67][info ][safepoint   ] Safepoint "Cleanup", Time since last: 2094428683 ns, Reaching safepoint: 357058 ns, At safepoint: 6234 ns, Total: 363292 ns
[2023-07-17T19:43:57.268+0000][67][info ][safepoint   ] Safepoint "Cleanup", Time since last: 1001694661 ns, Reaching safepoint: 311013 ns, At safepoint: 6491 ns, Total: 317504 ns
[2023-07-17T19:43:59.307+0000][67][info ][safepoint   ] Safepoint "Cleanup", Time since last: 2038873465 ns, Reaching safepoint: 260544 ns, At safepoint: 41658 ns, Total: 302202 ns
[2023-07-17T19:44:00.697+0000][67][info ][safepoint   ] Safepoint "Cleanup", Time since last: 1390124646 ns, Reaching safepoint: 379818 ns, At safepoint: 7451 ns, Total: 387269 ns
[2023-07-17T19:44:02.071+0000][67][info ][safepoint   ] Safepoint "Cleanup", Time since last: 1373145010 ns, Reaching safepoint: 636744 ns, At safepoint: 27787 ns, Total: 664531 ns
[2023-07-17T19:44:05.051+0000][67][info ][safepoint   ] Safepoint "Cleanup", Time since last: 2979074773 ns, Reaching safepoint: 343249 ns, At safepoint: 56768 ns, Total: 400017 ns
[2023-07-17T19:44:06.143+0000][67][info ][safepoint   ] Safepoint "Cleanup", Time since last: 1092343741 ns, Reaching safepoint: 256265 ns, At safepoint: 17810 ns, Total: 274075 ns
[2023-07-17T19:44:07.487+0000][67][info ][safepoint   ] Safepoint "Cleanup", Time since last: 1342860604 ns, Reaching safepoint: 1017316 ns, At safepoint: 27330 ns, Total: 1044646 ns
[2023-07-17T19:44:08.492+0000][67][info ][safepoint   ] Safepoint "Cleanup", Time since last: 1003605565 ns, Reaching safepoint: 544348 ns, At safepoint: 33549 ns, Total: 577897 ns
[2023-07-17T19:44:10.494+0000][67][info ][safepoint   ] Safepoint "Cleanup", Time since last: 2002672220 ns, Reaching safepoint: 184665 ns, At safepoint: 5044 ns, Total: 189709 ns
[2023-07-17T19:44:11.532+0000][67][info ][safepoint   ] Safepoint "Cleanup", Time since last: 1037379792 ns, Reaching safepoint: 178512 ns, At safepoint: 6230 ns, Total: 184742 ns
[2023-07-17T19:44:13.099+0000][67][info ][safepoint   ] Safepoint "Cleanup", Time since last: 1566340819 ns, Reaching safepoint: 694048 ns, At safepoint: 28710 ns, Total: 722758 ns
[2023-07-17T19:44:14.692+0000][67][info ][safepoint   ] Safepoint "Cleanup", Time since last: 1592281907 ns, Reaching safepoint: 287933 ns, At safepoint: 142779 ns, Total: 430712 ns
[2023-07-17T19:44:15.764+0000][67][info ][safepoint   ] Safepoint "Cleanup", Time since last: 1071886476 ns, Reaching safepoint: 313717 ns, At safepoint: 15127 ns, Total: 328844 ns
[2023-07-17T19:44:16.777+0000][67][info ][safepoint   ] Safepoint "Cleanup", Time since last: 1012545978 ns, Reaching safepoint: 168039 ns, At safepoint: 74669 ns, Total: 242708 ns
[2023-07-17T19:44:17.786+0000][67][info ][safepoint   ] Safepoint "Cleanup", Time since last: 1008767545 ns, Reaching safepoint: 185079 ns, At safepoint: 70730 ns, Total: 255809 ns
[2023-07-17T19:44:18.806+0000][67][info ][safepoint   ] Safepoint "Cleanup", Time since last: 1020173847 ns, Reaching safepoint: 249192 ns, At safepoint: 7004 ns, Total: 256196 ns
[2023-07-17T19:44:19.809+0000][67][info ][safepoint   ] Safepoint "Cleanup", Time since last: 1002028202 ns, Reaching safepoint: 425011 ns, At safepoint: 13267 ns, Total: 438278 ns
[2023-07-17T19:44:20.812+0000][67][info ][safepoint   ] Safepoint "Cleanup", Time since last: 1002296249 ns, Reaching safepoint: 512301 ns, At safepoint: 19015 ns, Total: 531316 ns
[2023-07-17T19:44:22.815+0000][67][info ][safepoint   ] Safepoint "Cleanup", Time since last: 2002889529 ns, Reaching safepoint: 777973 ns, At safepoint: 61721 ns, Total: 839694 ns
[2023-07-17T19:44:24.126+0000][67][info ][safepoint   ] Safepoint "Cleanup", Time since last: 1310118413 ns, Reaching safepoint: 318921 ns, At safepoint: 43050 ns, Total: 361971 ns
[2023-07-17T19:44:29.023+0000][67][info ][safepoint   ] Safepoint "Cleanup", Time since last: 4896661635 ns, Reaching safepoint: 419157 ns, At safepoint: 62973 ns, Total: 482130 ns
[2023-07-17T19:44:30.628+0000][67][info ][safepoint   ] Safepoint "Cleanup", Time since last: 1604655054 ns, Reaching safepoint: 346572 ns, At safepoint: 16227 ns, Total: 362799 ns
[2023-07-17T19:44:32.131+0000][67][info ][safepoint   ] Safepoint "Cleanup", Time since last: 1503098166 ns, Reaching safepoint: 397673 ns, At safepoint: 26091 ns, Total: 423764 ns
[2023-07-17T19:44:33.146+0000][67][info ][safepoint   ] Safepoint "Cleanup", Time since last: 1014077698 ns, Reaching safepoint: 267336 ns, At safepoint: 6835 ns, Total: 274171 ns
[2023-07-17T19:44:34.148+0000][67][info ][safepoint   ] Safepoint "Cleanup", Time since last: 1001869214 ns, Reaching safepoint: 289991 ns, At safepoint: 6773 ns, Total: 296764 ns
[2023-07-17T19:44:36.130+0000][67][info ][safepoint   ] Safepoint "Cleanup", Time since last: 1981841751 ns, Reaching safepoint: 344043 ns, At safepoint: 19976 ns, Total: 364019 ns
[2023-07-17T19:44:37.500+0000][67][info ][safepoint   ] Safepoint "Cleanup", Time since last: 1369233512 ns, Reaching safepoint: 508598 ns, At safepoint: 7833 ns, Total: 516431 ns
[2023-07-17T19:44:40.504+0000][67][info ][safepoint   ] Safepoint "Cleanup", Time since last: 3003373280 ns, Reaching safepoint: 356569 ns, At safepoint: 7954 ns, Total: 364523 ns
[2023-07-17T19:44:41.800+0000][67][info ][safepoint   ] Safepoint "Cleanup", Time since last: 1295489711 ns, Reaching safepoint: 337093 ns, At safepoint: 43375 ns, Total: 380468 ns
[2023-07-17T19:44:43.889+0000][67][info ][safepoint   ] Safepoint "Cleanup", Time since last: 2088143096 ns, Reaching safepoint: 893306 ns, At safepoint: 23703 ns, Total: 917009 ns
[2023-07-17T19:44:46.892+0000][67][info ][safepoint   ] Safepoint "Cleanup", Time since last: 3003392665 ns, Reaching safepoint: 462761 ns, At safepoint: 33317 ns, Total: 496078 ns
[2023-07-17T19:44:48.194+0000][67][info ][safepoint   ] Safepoint "Cleanup", Time since last: 1301109454 ns, Reaching safepoint: 354144 ns, At safepoint: 18751 ns, Total: 372895 ns
[2023-07-17T19:44:50.299+0000][67][info ][safepoint   ] Safepoint "Cleanup", Time since last: 2104172338 ns, Reaching safepoint: 535812 ns, At safepoint: 122555 ns, Total: 658367 ns
[2023-07-17T19:44:53.039+0000][67][info ][safepoint   ] Safepoint "Cleanup", Time since last: 2740164951 ns, Reaching safepoint: 261051 ns, At safepoint: 70416 ns, Total: 331467 ns
[2023-07-17T19:44:54.714+0000][67][info ][safepoint   ] Safepoint "Cleanup", Time since last: 1674159837 ns, Reaching safepoint: 424559 ns, At safepoint: 17643 ns, Total: 442202 ns
[2023-07-17T19:44:57.163+0000][67][info ][safepoint   ] Safepoint "Cleanup", Time since last: 2448798466 ns, Reaching safepoint: 361942 ns, At safepoint: 43555 ns, Total: 405497 ns
[2023-07-17T19:44:59.001+0000][67][info ][safepoint   ] Safepoint "Cleanup", Time since last: 1837473832 ns, Reaching safepoint: 154489 ns, At safepoint: 13705 ns, Total: 168194 ns
[2023-07-17T19:45:00.234+0000][67][info ][safepoint   ] Safepoint "Cleanup", Time since last: 1233365675 ns, Reaching safepoint: 330190 ns, At safepoint: 55456 ns, Total: 385646 ns
[2023-07-17T19:45:02.075+0000][67][info ][safepoint   ] Safepoint "Cleanup", Time since last: 1839736074 ns, Reaching safepoint: 291863 ns, At safepoint: 16109 ns, Total: 307972 ns
[2023-07-17T19:45:05.018+0000][67][info ][safepoint   ] Safepoint "Cleanup", Time since last: 2942502091 ns, Reaching safepoint: 174211 ns, At safepoint: 62764 ns, Total: 236975 ns
[2023-07-17T19:45:08.459+0000][67][info ][safepoint   ] Safepoint "Cleanup", Time since last: 3441377519 ns, Reaching safepoint: 338132 ns, At safepoint: 7636 ns, Total: 345768 ns
[2023-07-17T19:45:11.042+0000][67][info ][safepoint   ] Safepoint "Cleanup", Time since last: 2582207227 ns, Reaching safepoint: 177547 ns, At safepoint: 19206 ns, Total: 196753 ns
[2023-07-17T19:45:12.524+0000][67][info ][safepoint   ] Safepoint "Cleanup", Time since last: 1482485451 ns, Reaching safepoint: 277603 ns, At safepoint: 20823 ns, Total: 298426 ns
[2023-07-17T19:45:13.533+0000][67][info ][safepoint   ] Safepoint "Cleanup", Time since last: 1007525909 ns, Reaching safepoint: 587808 ns, At safepoint: 27157 ns, Total: 614965 ns
[2023-07-17T19:45:15.538+0000][67][info ][safepoint   ] Safepoint "Cleanup", Time since last: 2005071581 ns, Reaching safepoint: 335738 ns, At safepoint: 6537 ns, Total: 342275 ns
[2023-07-17T19:45:17.040+0000][67][info ][safepoint   ] Safepoint "Cleanup", Time since last: 1501973934 ns, Reaching safepoint: 312114 ns, At safepoint: 61153 ns, Total: 373267 ns
[2023-07-17T19:45:18.256+0000][67][info ][safepoint   ] Safepoint "Cleanup", Time since last: 1215691603 ns, Reaching safepoint: 377597 ns, At safepoint: 22670 ns, Total: 400267 ns
[2023-07-17T19:45:20.451+0000][67][info ][safepoint   ] Safepoint "Cleanup", Time since last: 2193664507 ns, Reaching safepoint: 357712 ns, At safepoint: 10403 ns, Total: 368115 ns
[2023-07-17T19:45:23.018+0000][67][info ][safepoint   ] Safepoint "Cleanup", Time since last: 2567198148 ns, Reaching safepoint: 213284 ns, At safepoint: 137783 ns, Total: 351067 ns
[2023-07-17T19:45:24.130+0000][67][info ][safepoint   ] Safepoint "Cleanup", Time since last: 1111414107 ns, Reaching safepoint: 97208 ns, At safepoint: 5473 ns, Total: 102681 ns
[2023-07-17T19:45:26.014+0000][67][info ][safepoint   ] Safepoint "Cleanup", Time since last: 1883473275 ns, Reaching safepoint: 782527 ns, At safepoint: 25756 ns, Total: 808283 ns
[2023-07-17T19:45:29.018+0000][67][info ][safepoint   ] Safepoint "Cleanup", Time since last: 3004153795 ns, Reaching safepoint: 273189 ns, At safepoint: 18312 ns, Total: 291501 ns
[2023-07-17T19:45:30.151+0000][67][info ][safepoint   ] Safepoint "Cleanup", Time since last: 1132573514 ns, Reaching safepoint: 336512 ns, At safepoint: 8811 ns, Total: 345323 ns
[2023-07-17T19:45:32.331+0000][67][info ][safepoint   ] Safepoint "Cleanup", Time since last: 2179842657 ns, Reaching safepoint: 332597 ns, At safepoint: 13147 ns, Total: 345744 ns
[2023-07-17T19:45:33.334+0000][67][info ][safepoint   ] Safepoint "Cleanup", Time since last: 1001974119 ns, Reaching safepoint: 989161 ns, At safepoint: 28476 ns, Total: 1017637 ns
[2023-07-17T19:45:35.038+0000][67][info ][safepoint   ] Safepoint "Cleanup", Time since last: 1702948834 ns, Reaching safepoint: 261446 ns, At safepoint: 55970 ns, Total: 317416 ns
[2023-07-17T19:45:38.724+0000][67][info ][safepoint   ] Safepoint "Cleanup", Time since last: 3685575502 ns, Reaching safepoint: 268475 ns, At safepoint: 4673 ns, Total: 273148 ns
[2023-07-17T19:45:39.726+0000][67][info ][safepoint   ] Safepoint "Cleanup", Time since last: 1001648413 ns, Reaching safepoint: 377334 ns, At safepoint: 14964 ns, Total: 392298 ns
[2023-07-17T19:45:41.246+0000][67][info ][safepoint   ] Safepoint "Cleanup", Time since last: 1519998567 ns, Reaching safepoint: 342574 ns, At safepoint: 128894 ns, Total: 471468 ns
[2023-07-17T19:45:42.247+0000][67][info ][safepoint   ] Safepoint "Cleanup", Time since last: 1001235651 ns, Reaching safepoint: 127974 ns, At safepoint: 14967 ns, Total: 142941 ns
[2023-07-17T19:45:45.496+0000][67][info ][safepoint   ] Safepoint "Cleanup", Time since last: 3248221222 ns, Reaching safepoint: 435750 ns, At safepoint: 6529 ns, Total: 442279 ns
[2023-07-17T19:45:47.118+0000][67][info ][safepoint   ] Safepoint "Cleanup", Time since last: 1621691016 ns, Reaching safepoint: 285829 ns, At safepoint: 158649 ns, Total: 444478 ns
[2023-07-17T19:45:48.911+0000][67][info ][safepoint   ] Safepoint "Cleanup", Time since last: 1791817648 ns, Reaching safepoint: 434337 ns, At safepoint: 12275 ns, Total: 446612 ns
[2023-07-17T19:45:52.856+0000][67][info ][safepoint   ] Safepoint "Cleanup", Time since last: 3945339868 ns, Reaching safepoint: 418730 ns, At safepoint: 56067 ns, Total: 474797 ns
[2023-07-17T19:45:54.228+0000][67][info ][safepoint   ] Safepoint "Cleanup", Time since last: 1371200329 ns, Reaching safepoint: 289187 ns, At safepoint: 49926 ns, Total: 339113 ns
[2023-07-17T19:45:55.480+0000][67][info ][safepoint   ] Safepoint "Cleanup", Time since last: 1250785753 ns, Reaching safepoint: 915355 ns, At safepoint: 72279 ns, Total: 987634 ns
[2023-07-17T19:45:56.483+0000][67][info ][safepoint   ] Safepoint "Cleanup", Time since last: 1002518779 ns, Reaching safepoint: 387340 ns, At safepoint: 7565 ns, Total: 394905 ns
[2023-07-17T19:45:59.716+0000][67][info ][safepoint   ] Safepoint "Cleanup", Time since last: 3233308997 ns, Reaching safepoint: 266263 ns, At safepoint: 58219 ns, Total: 324482 ns
[2023-07-17T19:46:00.809+0000][67][info ][safepoint   ] Safepoint "Cleanup", Time since last: 1091870381 ns, Reaching safepoint: 425326 ns, At safepoint: 8085 ns, Total: 433411 ns
[2023-07-17T19:46:01.812+0000][67][info ][safepoint   ] Safepoint "Cleanup", Time since last: 1002530539 ns, Reaching safepoint: 643463 ns, At safepoint: 12040 ns, Total: 655503 ns
[2023-07-17T19:46:02.816+0000][67][info ][safepoint   ] Safepoint "Cleanup", Time since last: 1002945497 ns, Reaching safepoint: 1033619 ns, At safepoint: 18082 ns, Total: 1051701 ns
[2023-07-17T19:46:06.118+0000][67][info ][safepoint   ] Safepoint "Cleanup", Time since last: 3301215342 ns, Reaching safepoint: 399561 ns, At safepoint: 52382 ns, Total: 451943 ns
[2023-07-17T19:46:11.299+0000][67][info ][safepoint   ] Safepoint "Cleanup", Time since last: 5181002443 ns, Reaching safepoint: 268069 ns, At safepoint: 41593 ns, Total: 309662 ns
[2023-07-17T19:46:12.650+0000][67][info ][safepoint   ] Safepoint "Cleanup", Time since last: 1350254295 ns, Reaching safepoint: 464567 ns, At safepoint: 19980 ns, Total: 484547 ns
[2023-07-17T19:46:15.028+0000][67][info ][safepoint   ] Safepoint "Cleanup", Time since last: 2377757596 ns, Reaching safepoint: 402570 ns, At safepoint: 81383 ns, Total: 483953 ns
[2023-07-17T19:46:17.030+0000][67][info ][safepoint   ] Safepoint "Cleanup", Time since last: 2002115049 ns, Reaching safepoint: 386141 ns, At safepoint: 5554 ns, Total: 391695 ns
[2023-07-17T19:46:18.360+0000][67][info ][safepoint   ] Safepoint "Cleanup", Time since last: 1329502758 ns, Reaching safepoint: 182652 ns, At safepoint: 55450 ns, Total: 238102 ns
[2023-07-17T19:46:19.613+0000][67][info ][safepoint   ] Safepoint "Cleanup", Time since last: 1252097159 ns, Reaching safepoint: 369443 ns, At safepoint: 8080 ns, Total: 377523 ns
[2023-07-17T19:46:23.842+0000][67][info ][safepoint   ] Safepoint "Cleanup", Time since last: 4229250727 ns, Reaching safepoint: 299567 ns, At safepoint: 56098 ns, Total: 355665 ns
[2023-07-17T19:46:26.939+0000][67][info ][safepoint   ] Safepoint "Cleanup", Time since last: 3096768821 ns, Reaching safepoint: 342286 ns, At safepoint: 5672 ns, Total: 347958 ns
[2023-07-17T19:46:28.953+0000][67][info ][safepoint   ] Safepoint "Cleanup", Time since last: 2012916015 ns, Reaching safepoint: 307163 ns, At safepoint: 28226 ns, Total: 335389 ns
[2023-07-17T19:46:30.240+0000][67][info ][safepoint   ] Safepoint "Cleanup", Time since last: 1287442301 ns, Reaching safepoint: 363259 ns, At safepoint: 44057 ns, Total: 407316 ns
[2023-07-17T19:46:32.338+0000][67][info ][safepoint   ] Safepoint "Cleanup", Time since last: 2097159071 ns, Reaching safepoint: 422306 ns, At safepoint: 19168 ns, Total: 441474 ns
[2023-07-17T19:46:35.044+0000][67][info ][safepoint   ] Safepoint "Cleanup", Time since last: 2705517516 ns, Reaching safepoint: 172836 ns, At safepoint: 107527 ns, Total: 280363 ns
[2023-07-17T19:46:36.741+0000][67][info ][safepoint   ] Safepoint "Cleanup", Time since last: 1696253770 ns, Reaching safepoint: 584685 ns, At safepoint: 11711 ns, Total: 596396 ns
[2023-07-17T19:46:38.744+0000][67][info ][safepoint   ] Safepoint "Cleanup", Time since last: 2002197228 ns, Reaching safepoint: 378691 ns, At safepoint: 14253 ns, Total: 392944 ns
[2023-07-17T19:46:39.746+0000][67][info ][safepoint   ] Safepoint "Cleanup", Time since last: 1002112858 ns, Reaching safepoint: 576531 ns, At safepoint: 28068 ns, Total: 604599 ns
[2023-07-17T19:46:41.064+0000][67][info ][safepoint   ] Safepoint "Cleanup", Time since last: 1316965562 ns, Reaching safepoint: 473363 ns, At safepoint: 56965 ns, Total: 530328 ns
[2023-07-17T19:46:42.294+0000][67][info ][safepoint   ] Safepoint "Cleanup", Time since last: 1230413638 ns, Reaching safepoint: 196372 ns, At safepoint: 5805 ns, Total: 202177 ns
[2023-07-17T19:46:43.759+0000][67][info ][safepoint   ] Safepoint "Cleanup", Time since last: 1463901513 ns, Reaching safepoint: 162997 ns, At safepoint: 55151 ns, Total: 218148 ns
[2023-07-17T19:46:44.770+0000][67][info ][safepoint   ] Safepoint "Cleanup", Time since last: 1011500505 ns, Reaching safepoint: 365766 ns, At safepoint: 6768 ns, Total: 372534 ns
[2023-07-17T19:46:46.773+0000][67][info ][safepoint   ] Safepoint "Cleanup", Time since last: 2002735292 ns, Reaching safepoint: 332420 ns, At safepoint: 5798 ns, Total: 338218 ns
[2023-07-17T19:46:48.004+0000][67][info ][safepoint   ] Safepoint "Cleanup", Time since last: 1230125373 ns, Reaching safepoint: 298693 ns, At safepoint: 58696 ns, Total: 357389 ns
[2023-07-17T19:46:49.101+0000][67][info ][safepoint   ] Safepoint "Cleanup", Time since last: 1095842565 ns, Reaching safepoint: 809708 ns, At safepoint: 27301 ns, Total: 837009 ns
[2023-07-17T19:46:50.105+0000][67][info ][safepoint   ] Safepoint "Cleanup", Time since last: 1003731792 ns, Reaching safepoint: 617043 ns, At safepoint: 15093 ns, Total: 632136 ns
[2023-07-17T19:46:53.063+0000][67][info ][safepoint   ] Safepoint "Cleanup", Time since last: 2957352791 ns, Reaching safepoint: 192663 ns, At safepoint: 98855 ns, Total: 291518 ns
[2023-07-17T19:46:54.274+0000][67][info ][safepoint   ] Safepoint "Cleanup", Time since last: 1210962953 ns, Reaching safepoint: 331109 ns, At safepoint: 18331 ns, Total: 349440 ns
[2023-07-17T19:46:56.511+0000][67][info ][safepoint   ] Safepoint "Cleanup", Time since last: 2236166369 ns, Reaching safepoint: 1033226 ns, At safepoint: 16666 ns, Total: 1049892 ns
[2023-07-17T19:46:59.098+0000][67][info ][safepoint   ] Safepoint "Cleanup", Time since last: 2586094268 ns, Reaching safepoint: 411032 ns, At safepoint: 41299 ns, Total: 452331 ns
[2023-07-17T19:47:00.920+0000][67][info ][safepoint   ] Safepoint "Cleanup", Time since last: 1821916158 ns, Reaching safepoint: 531764 ns, At safepoint: 12068 ns, Total: 543832 ns
[2023-07-17T19:47:04.924+0000][67][info ][safepoint   ] Safepoint "Cleanup", Time since last: 4003827290 ns, Reaching safepoint: 83188 ns, At safepoint: 65440 ns, Total: 148628 ns
[2023-07-17T19:47:11.450+0000][67][info ][safepoint   ] Safepoint "Cleanup", Time since last: 6524682323 ns, Reaching safepoint: 539726 ns, At safepoint: 112039 ns, Total: 651765 ns
[2023-07-17T19:47:13.039+0000][67][info ][safepoint   ] Safepoint "Cleanup", Time since last: 1588848620 ns, Reaching safepoint: 383683 ns, At safepoint: 12062 ns, Total: 395745 ns
[2023-07-17T19:47:14.041+0000][67][info ][safepoint   ] Safepoint "Cleanup", Time since last: 1001911721 ns, Reaching safepoint: 356523 ns, At safepoint: 6801 ns, Total: 363324 ns
[2023-07-17T19:47:15.044+0000][67][info ][safepoint   ] Safepoint "Cleanup", Time since last: 1002592762 ns, Reaching safepoint: 549776 ns, At safepoint: 10564 ns, Total: 560340 ns
[2023-07-17T19:47:17.048+0000][67][info ][safepoint   ] Safepoint "Cleanup", Time since last: 2003877419 ns, Reaching safepoint: 364058 ns, At safepoint: 20577 ns, Total: 384635 ns
[2023-07-17T19:47:18.269+0000][67][info ][safepoint   ] Safepoint "Cleanup", Time since last: 1219870594 ns, Reaching safepoint: 147897 ns, At safepoint: 43358 ns, Total: 191255 ns
[2023-07-17T19:47:19.377+0000][67][info ][safepoint   ] Safepoint "Cleanup", Time since last: 1107902256 ns, Reaching safepoint: 584456 ns, At safepoint: 18388 ns, Total: 602844 ns
[2023-07-17T19:47:23.071+0000][67][info ][safepoint   ] Safepoint "Cleanup", Time since last: 3693242374 ns, Reaching safepoint: 160453 ns, At safepoint: 69482 ns, Total: 229935 ns
[2023-07-17T19:47:24.776+0000][67][info ][safepoint   ] Safepoint "Cleanup", Time since last: 1705327697 ns, Reaching safepoint: 401826 ns, At safepoint: 7934 ns, Total: 409760 ns
[2023-07-17T19:47:26.780+0000][67][info ][safepoint   ] Safepoint "Cleanup", Time since last: 2003265539 ns, Reaching safepoint: 222931 ns, At safepoint: 15440 ns, Total: 238371 ns
[2023-07-17T19:47:27.782+0000][67][info ][safepoint   ] Safepoint "Cleanup", Time since last: 1001986353 ns, Reaching safepoint: 342964 ns, At safepoint: 17313 ns, Total: 360277 ns
[2023-07-17T19:47:28.787+0000][67][info ][safepoint   ] Safepoint "Cleanup", Time since last: 1004627200 ns, Reaching safepoint: 293553 ns, At safepoint: 6780 ns, Total: 300333 ns
[2023-07-17T19:47:30.072+0000][67][info ][safepoint   ] Safepoint "Cleanup", Time since last: 1285124731 ns, Reaching safepoint: 242071 ns, At safepoint: 59802 ns, Total: 301873 ns
[2023-07-17T19:47:35.068+0000][67][info ][safepoint   ] Safepoint "Cleanup", Time since last: 4994519251 ns, Reaching safepoint: 318714 ns, At safepoint: 70150 ns, Total: 388864 ns
[2023-07-17T19:47:36.302+0000][67][info ][safepoint   ] Safepoint "Cleanup", Time since last: 1234060445 ns, Reaching safepoint: 317006 ns, At safepoint: 5701 ns, Total: 322707 ns
[2023-07-17T19:47:37.761+0000][67][info ][safepoint   ] Safepoint "Cleanup", Time since last: 1459378607 ns, Reaching safepoint: 65957 ns, At safepoint: 15044 ns, Total: 81001 ns
[2023-07-17T19:47:41.068+0000][67][info ][safepoint   ] Safepoint "Cleanup", Time since last: 3305873228 ns, Reaching safepoint: 263284 ns, At safepoint: 55260 ns, Total: 318544 ns
[2023-07-17T19:47:42.076+0000][67][info ][safepoint   ] Safepoint "Cleanup", Time since last: 1008029123 ns, Reaching safepoint: 447396 ns, At safepoint: 56522 ns, Total: 503918 ns
[2023-07-17T19:47:47.275+0000][67][info ][safepoint   ] Safepoint "Cleanup", Time since last: 5198872181 ns, Reaching safepoint: 419731 ns, At safepoint: 42485 ns, Total: 462216 ns
[2023-07-17T19:47:48.278+0000][67][info ][safepoint   ] Safepoint "Cleanup", Time since last: 1001844052 ns, Reaching safepoint: 286487 ns, At safepoint: 40538 ns, Total: 327025 ns
[2023-07-17T19:47:53.081+0000][67][info ][safepoint   ] Safepoint "Cleanup", Time since last: 4803054810 ns, Reaching safepoint: 366425 ns, At safepoint: 57871 ns, Total: 424296 ns
[2023-07-17T19:47:57.160+0000][67][info ][safepoint   ] Safepoint "Cleanup", Time since last: 4077754931 ns, Reaching safepoint: 894059 ns, At safepoint: 25533 ns, Total: 919592 ns
[2023-07-17T19:47:59.599+0000][67][info ][safepoint   ] Safepoint "Cleanup", Time since last: 2438836441 ns, Reaching safepoint: 437938 ns, At safepoint: 125747 ns, Total: 563685 ns
[2023-07-17T19:48:01.421+0000][67][info ][safepoint   ] Safepoint "Cleanup", Time since last: 1820865154 ns, Reaching safepoint: 475211 ns, At safepoint: 19567 ns, Total: 494778 ns
[2023-07-17T19:48:03.861+0000][67][info ][safepoint   ] Safepoint "Cleanup", Time since last: 2439767375 ns, Reaching safepoint: 201939 ns, At safepoint: 54958 ns, Total: 256897 ns
[2023-07-17T19:48:04.963+0000][67][info ][safepoint   ] Safepoint "Cleanup", Time since last: 1101608425 ns, Reaching safepoint: 445209 ns, At safepoint: 87850 ns, Total: 533059 ns
[2023-07-17T19:48:05.980+0000][67][info ][safepoint   ] Safepoint "Cleanup", Time since last: 1016826841 ns, Reaching safepoint: 242328 ns, At safepoint: 119293 ns, Total: 361621 ns
[2023-07-17T19:48:07.160+0000][67][info ][safepoint   ] Safepoint "Cleanup", Time since last: 1178823777 ns, Reaching safepoint: 804113 ns, At safepoint: 39121 ns, Total: 843234 ns
[2023-07-17T19:48:09.163+0000][67][info ][safepoint   ] Safepoint "Cleanup", Time since last: 2002728763 ns, Reaching safepoint: 316574 ns, At safepoint: 18315 ns, Total: 334889 ns
[2023-07-17T19:48:10.166+0000][67][info ][safepoint   ] Safepoint "Cleanup", Time since last: 1002433006 ns, Reaching safepoint: 282545 ns, At safepoint: 6334 ns, Total: 288879 ns
[2023-07-17T19:48:11.167+0000][67][info ][safepoint   ] Safepoint "Cleanup", Time since last: 1000838485 ns, Reaching safepoint: 253309 ns, At safepoint: 54235 ns, Total: 307544 ns
[2023-07-17T19:48:12.290+0000][67][info ][safepoint   ] Safepoint "Cleanup", Time since last: 1122027697 ns, Reaching safepoint: 714870 ns, At safepoint: 24420 ns, Total: 739290 ns
[2023-07-17T19:48:13.555+0000][67][info ][safepoint   ] Safepoint "Cleanup", Time since last: 1264672165 ns, Reaching safepoint: 551347 ns, At safepoint: 11428 ns, Total: 562775 ns
[2023-07-17T19:48:16.953+0000][67][info ][safepoint   ] Safepoint "Cleanup", Time since last: 3398035072 ns, Reaching safepoint: 168488 ns, At safepoint: 13590 ns, Total: 182078 ns
[2023-07-17T19:48:17.965+0000][67][info ][safepoint   ] Safepoint "Cleanup", Time since last: 1011138203 ns, Reaching safepoint: 325057 ns, At safepoint: 55872 ns, Total: 380929 ns
[2023-07-17T19:48:22.968+0000][67][info ][safepoint   ] Safepoint "Cleanup", Time since last: 5003130962 ns, Reaching safepoint: 323027 ns, At safepoint: 179865 ns, Total: 502892 ns
[2023-07-17T19:48:24.271+0000][67][info ][safepoint   ] Safepoint "Cleanup", Time since last: 1302320177 ns, Reaching safepoint: 52972 ns, At safepoint: 4612 ns, Total: 57584 ns
[2023-07-17T19:48:26.358+0000][67][info ][safepoint   ] Safepoint "Cleanup", Time since last: 2086809378 ns, Reaching safepoint: 301259 ns, At safepoint: 15532 ns, Total: 316791 ns
[2023-07-17T19:48:27.361+0000][67][info ][safepoint   ] Safepoint "Cleanup", Time since last: 1002133232 ns, Reaching safepoint: 917527 ns, At safepoint: 26614 ns, Total: 944141 ns
[2023-07-17T19:48:29.091+0000][67][info ][safepoint   ] Safepoint "Cleanup", Time since last: 1730275914 ns, Reaching safepoint: 218000 ns, At safepoint: 5927 ns, Total: 223927 ns
[2023-07-17T19:48:30.146+0000][67][info ][safepoint   ] Safepoint "Cleanup", Time since last: 1054562886 ns, Reaching safepoint: 145848 ns, At safepoint: 6083 ns, Total: 151931 ns
[2023-07-17T19:48:36.161+0000][67][info ][safepoint   ] Safepoint "Cleanup", Time since last: 6014968644 ns, Reaching safepoint: 380964 ns, At safepoint: 53327 ns, Total: 434291 ns
[2023-07-17T19:48:37.266+0000][67][info ][safepoint   ] Safepoint "Cleanup", Time since last: 1103456057 ns, Reaching safepoint: 830480 ns, At safepoint: 26869 ns, Total: 857349 ns
[2023-07-17T19:48:38.270+0000][67][info ][safepoint   ] Safepoint "Cleanup", Time since last: 1004039627 ns, Reaching safepoint: 671195 ns, At safepoint: 28836 ns, Total: 700031 ns
[2023-07-17T19:48:39.281+0000][67][info ][safepoint   ] Safepoint "Cleanup", Time since last: 1010232019 ns, Reaching safepoint: 87730 ns, At safepoint: 3147 ns, Total: 90877 ns
[2023-07-17T19:48:40.332+0000][67][info ][safepoint   ] Safepoint "Cleanup", Time since last: 1050455107 ns, Reaching safepoint: 380236 ns, At safepoint: 7038 ns, Total: 387274 ns
[2023-07-17T19:48:47.090+0000][67][info ][safepoint   ] Safepoint "Cleanup", Time since last: 6757784520 ns, Reaching safepoint: 419693 ns, At safepoint: 77723 ns, Total: 497416 ns
[2023-07-17T19:48:48.097+0000][67][info ][safepoint   ] Safepoint "Cleanup", Time since last: 1006357541 ns, Reaching safepoint: 340758 ns, At safepoint: 56180 ns, Total: 396938 ns
[2023-07-17T19:48:53.102+0000][67][info ][safepoint   ] Safepoint "Cleanup", Time since last: 5004675929 ns, Reaching safepoint: 311017 ns, At safepoint: 16155 ns, Total: 327172 ns
[2023-07-17T19:48:54.322+0000][67][info ][safepoint   ] Safepoint "Cleanup", Time since last: 1220429404 ns, Reaching safepoint: 265602 ns, At safepoint: 19992 ns, Total: 285594 ns
[2023-07-17T19:48:55.530+0000][67][info ][safepoint   ] Safepoint "Cleanup", Time since last: 1207479086 ns, Reaching safepoint: 291262 ns, At safepoint: 18182 ns, Total: 309444 ns
[2023-07-17T19:48:58.534+0000][67][info ][safepoint   ] Safepoint "Cleanup", Time since last: 3003524347 ns, Reaching safepoint: 718574 ns, At safepoint: 23894 ns, Total: 742468 ns
[2023-07-17T19:48:59.634+0000][67][info ][safepoint   ] Safepoint "Cleanup", Time since last: 1098848343 ns, Reaching safepoint: 255657 ns, At safepoint: 67202 ns, Total: 322859 ns
[2023-07-17T19:49:01.206+0000][67][info ][safepoint   ] Safepoint "Cleanup", Time since last: 1571580366 ns, Reaching safepoint: 397129 ns, At safepoint: 7017 ns, Total: 404146 ns
[2023-07-17T19:49:02.208+0000][67][info ][safepoint   ] Safepoint "Cleanup", Time since last: 1002066488 ns, Reaching safepoint: 254560 ns, At safepoint: 16319 ns, Total: 270879 ns
[2023-07-17T19:49:03.903+0000][67][info ][safepoint   ] Safepoint "Cleanup", Time since last: 1693748859 ns, Reaching safepoint: 1483656 ns, At safepoint: 80709 ns, Total: 1564365 ns
[2023-07-17T19:49:03.983+0000][67][info ][safepoint   ] Safepoint "ICBufferFull", Time since last: 79347346 ns, Reaching safepoint: 635125 ns, At safepoint: 166162 ns, Total: 801287 ns
[2023-07-17T19:49:04.989+0000][67][info ][safepoint   ] Safepoint "Cleanup", Time since last: 1005023180 ns, Reaching safepoint: 296163 ns, At safepoint: 16862 ns, Total: 313025 ns
[2023-07-17T19:49:06.320+0000][67][info ][safepoint   ] Safepoint "Cleanup", Time since last: 1330504175 ns, Reaching safepoint: 659288 ns, At safepoint: 28588 ns, Total: 687876 ns
[2023-07-17T19:49:07.703+0000][67][info ][safepoint   ] Safepoint "Cleanup", Time since last: 1382986955 ns, Reaching safepoint: 499210 ns, At safepoint: 32213 ns, Total: 531423 ns
[2023-07-17T19:49:08.716+0000][67][info ][safepoint   ] Safepoint "Cleanup", Time since last: 1011557661 ns, Reaching safepoint: 422494 ns, At safepoint: 70778 ns, Total: 493272 ns
[2023-07-17T19:49:09.872+0000][67][info ][safepoint   ] Safepoint "Cleanup", Time since last: 1155648714 ns, Reaching safepoint: 443937 ns, At safepoint: 54299 ns, Total: 498236 ns
[2023-07-17T19:49:10.886+0000][67][info ][safepoint   ] Safepoint "Cleanup", Time since last: 1013947969 ns, Reaching safepoint: 375235 ns, At safepoint: 54000 ns, Total: 429235 ns
[2023-07-17T19:49:12.129+0000][67][info ][safepoint   ] Safepoint "Cleanup", Time since last: 1242188898 ns, Reaching safepoint: 343148 ns, At safepoint: 59944 ns, Total: 403092 ns
[2023-07-17T19:49:13.233+0000][67][info ][safepoint   ] Safepoint "Cleanup", Time since last: 1104406802 ns, Reaching safepoint: 439902 ns, At safepoint: 18765 ns, Total: 458667 ns
[2023-07-17T19:49:14.319+0000][67][info ][safepoint   ] Safepoint "Cleanup", Time since last: 1084804684 ns, Reaching safepoint: 248980 ns, At safepoint: 54865 ns, Total: 303845 ns
[2023-07-17T19:49:15.320+0000][67][info ][safepoint   ] Safepoint "Cleanup", Time since last: 1001406756 ns, Reaching safepoint: 281862 ns, At safepoint: 6068 ns, Total: 287930 ns
[2023-07-17T19:49:17.060+0000][67][info ][safepoint   ] Safepoint "Cleanup", Time since last: 1738816026 ns, Reaching safepoint: 371086 ns, At safepoint: 55765 ns, Total: 426851 ns
[2023-07-17T19:49:18.060+0000][67][info ][safepoint   ] Safepoint "Cleanup", Time since last: 1000277577 ns, Reaching safepoint: 245945 ns, At safepoint: 64518 ns, Total: 310463 ns
[2023-07-17T19:49:19.255+0000][67][info ][safepoint   ] Safepoint "Cleanup", Time since last: 1194426105 ns, Reaching safepoint: 312608 ns, At safepoint: 85074 ns, Total: 397682 ns
[2023-07-17T19:49:20.314+0000][67][info ][safepoint   ] Safepoint "Cleanup", Time since last: 1058797450 ns, Reaching safepoint: 303091 ns, At safepoint: 71496 ns, Total: 374587 ns
[2023-07-17T19:49:21.830+0000][67][info ][safepoint   ] Safepoint "Cleanup", Time since last: 1515512725 ns, Reaching safepoint: 675753 ns, At safepoint: 13071 ns, Total: 688824 ns
[2023-07-17T19:49:23.073+0000][67][info ][safepoint   ] Safepoint "Cleanup", Time since last: 1242131209 ns, Reaching safepoint: 119093 ns, At safepoint: 6360 ns, Total: 125453 ns
[2023-07-17T19:49:24.651+0000][67][info ][safepoint   ] Safepoint "Cleanup", Time since last: 1578084582 ns, Reaching safepoint: 361445 ns, At safepoint: 8377 ns, Total: 369822 ns
[2023-07-17T19:49:26.107+0000][67][info ][safepoint   ] Safepoint "Cleanup", Time since last: 1454890460 ns, Reaching safepoint: 882447 ns, At safepoint: 19517 ns, Total: 901964 ns
[2023-07-17T19:49:27.110+0000][67][info ][safepoint   ] Safepoint "Cleanup", Time since last: 1002742832 ns, Reaching safepoint: 469785 ns, At safepoint: 11588 ns, Total: 481373 ns
[2023-07-17T19:49:29.101+0000][67][info ][safepoint   ] Safepoint "Cleanup", Time since last: 1990041161 ns, Reaching safepoint: 374129 ns, At safepoint: 47487 ns, Total: 421616 ns
[2023-07-17T19:49:30.192+0000][67][info ][safepoint   ] Safepoint "Cleanup", Time since last: 1091120602 ns, Reaching safepoint: 262621 ns, At safepoint: 44926 ns, Total: 307547 ns
[2023-07-17T19:49:31.227+0000][67][info ][safepoint   ] Safepoint "Cleanup", Time since last: 1034575162 ns, Reaching safepoint: 511567 ns, At safepoint: 26605 ns, Total: 538172 ns
[2023-07-17T19:49:32.263+0000][67][info ][safepoint   ] Safepoint "Cleanup", Time since last: 1034795983 ns, Reaching safepoint: 543593 ns, At safepoint: 53142 ns, Total: 596735 ns
[2023-07-17T19:49:35.078+0000][67][info ][safepoint   ] Safepoint "Cleanup", Time since last: 2815260286 ns, Reaching safepoint: 238727 ns, At safepoint: 42705 ns, Total: 281432 ns
[2023-07-17T19:49:36.922+0000][67][info ][safepoint   ] Safepoint "Cleanup", Time since last: 1843299912 ns, Reaching safepoint: 334597 ns, At safepoint: 24446 ns, Total: 359043 ns
[2023-07-17T19:49:41.079+0000][67][info ][safepoint   ] Safepoint "Cleanup", Time since last: 4156998071 ns, Reaching safepoint: 222142 ns, At safepoint: 64421 ns, Total: 286563 ns
[2023-07-17T19:49:42.235+0000][67][info ][safepoint   ] Safepoint "Cleanup", Time since last: 1155623515 ns, Reaching safepoint: 245695 ns, At safepoint: 62100 ns, Total: 307795 ns
[2023-07-17T19:49:43.527+0000][67][info ][safepoint   ] Safepoint "Cleanup", Time since last: 1291768986 ns, Reaching safepoint: 67746 ns, At safepoint: 3203 ns, Total: 70949 ns
[2023-07-17T19:49:47.088+0000][67][info ][safepoint   ] Safepoint "Cleanup", Time since last: 3560874063 ns, Reaching safepoint: 225894 ns, At safepoint: 56239 ns, Total: 282133 ns
[2023-07-17T19:49:48.885+0000][67][info ][safepoint   ] Safepoint "Cleanup", Time since last: 1796244421 ns, Reaching safepoint: 446128 ns, At safepoint: 17492 ns, Total: 463620 ns
[2023-07-17T19:49:50.888+0000][67][info ][safepoint   ] Safepoint "Cleanup", Time since last: 2002386601 ns, Reaching safepoint: 554592 ns, At safepoint: 21643 ns, Total: 576235 ns
[2023-07-17T19:49:54.188+0000][67][info ][safepoint   ] Safepoint "Cleanup", Time since last: 3299556180 ns, Reaching safepoint: 301507 ns, At safepoint: 7595 ns, Total: 309102 ns
[2023-07-17T19:49:59.148+0000][67][info ][safepoint   ] Safepoint "Cleanup", Time since last: 4959715626 ns, Reaching safepoint: 362983 ns, At safepoint: 86647 ns, Total: 449630 ns
[2023-07-17T19:50:00.373+0000][67][info ][safepoint   ] Safepoint "Cleanup", Time since last: 1225010461 ns, Reaching safepoint: 287886 ns, At safepoint: 7558 ns, Total: 295444 ns
[2023-07-17T19:50:01.686+0000][67][info ][safepoint   ] Safepoint "Cleanup", Time since last: 1312487145 ns, Reaching safepoint: 300992 ns, At safepoint: 5439 ns, Total: 306431 ns
[2023-07-17T19:50:02.689+0000][67][info ][safepoint   ] Safepoint "Cleanup", Time since last: 1002322190 ns, Reaching safepoint: 625807 ns, At safepoint: 12429 ns, Total: 638236 ns
[2023-07-17T19:50:04.692+0000][67][info ][safepoint   ] Safepoint "Cleanup", Time since last: 2002662758 ns, Reaching safepoint: 683781 ns, At safepoint: 71201 ns, Total: 754982 ns
[2023-07-17T19:50:06.098+0000][67][info ][safepoint   ] Safepoint "Cleanup", Time since last: 1405622056 ns, Reaching safepoint: 204426 ns, At safepoint: 53886 ns, Total: 258312 ns
[2023-07-17T19:50:08.217+0000][67][info ][safepoint   ] Safepoint "Cleanup", Time since last: 2118907637 ns, Reaching safepoint: 121035 ns, At safepoint: 5121 ns, Total: 126156 ns
[2023-07-17T19:50:09.845+0000][67][info ][safepoint   ] Safepoint "Cleanup", Time since last: 1627804862 ns, Reaching safepoint: 101459 ns, At safepoint: 44520 ns, Total: 145979 ns
[2023-07-17T19:50:10.940+0000][67][info ][safepoint   ] Safepoint "Cleanup", Time since last: 1093721050 ns, Reaching safepoint: 477714 ns, At safepoint: 10880 ns, Total: 488594 ns
[2023-07-17T19:50:12.913+0000][67][info ][safepoint   ] Safepoint "Cleanup", Time since last: 1973281074 ns, Reaching safepoint: 344985 ns, At safepoint: 15189 ns, Total: 360174 ns
[2023-07-17T19:50:14.251+0000][67][info ][safepoint   ] Safepoint "Cleanup", Time since last: 1337166205 ns, Reaching safepoint: 515462 ns, At safepoint: 6916 ns, Total: 522378 ns
[2023-07-17T19:50:17.091+0000][67][info ][safepoint   ] Safepoint "Cleanup", Time since last: 2839932941 ns, Reaching safepoint: 318274 ns, At safepoint: 76297 ns, Total: 394571 ns
[2023-07-17T19:50:18.190+0000][67][info ][safepoint   ] Safepoint "Cleanup", Time since last: 1098352315 ns, Reaching safepoint: 378058 ns, At safepoint: 16803 ns, Total: 394861 ns
[2023-07-17T19:50:19.611+0000][67][info ][safepoint   ] Safepoint "Cleanup", Time since last: 1420352262 ns, Reaching safepoint: 482278 ns, At safepoint: 21672 ns, Total: 503950 ns
[2023-07-17T19:50:23.099+0000][67][info ][safepoint   ] Safepoint "Cleanup", Time since last: 3488052799 ns, Reaching safepoint: 194367 ns, At safepoint: 5200 ns, Total: 199567 ns
[2023-07-17T19:50:25.020+0000][67][info ][safepoint   ] Safepoint "Cleanup", Time since last: 1920633670 ns, Reaching safepoint: 571291 ns, At safepoint: 11896 ns, Total: 583187 ns
[2023-07-17T19:50:29.024+0000][67][info ][safepoint   ] Safepoint "Cleanup", Time since last: 4003978032 ns, Reaching safepoint: 158900 ns, At safepoint: 89316 ns, Total: 248216 ns
[2023-07-17T19:50:30.325+0000][67][info ][safepoint   ] Safepoint "Cleanup", Time since last: 1299930638 ns, Reaching safepoint: 412470 ns, At safepoint: 58804 ns, Total: 471274 ns
[2023-07-17T19:50:35.103+0000][67][info ][safepoint   ] Safepoint "Cleanup", Time since last: 4777500560 ns, Reaching safepoint: 207804 ns, At safepoint: 21284 ns, Total: 229088 ns
[2023-07-17T19:50:37.051+0000][67][info ][safepoint   ] Safepoint "Cleanup", Time since last: 1947354965 ns, Reaching safepoint: 308110 ns, At safepoint: 8100 ns, Total: 316210 ns
[2023-07-17T19:50:38.053+0000][67][info ][safepoint   ] Safepoint "Cleanup", Time since last: 1002483679 ns, Reaching safepoint: 292256 ns, At safepoint: 55214 ns, Total: 347470 ns
[2023-07-17T19:50:40.056+0000][67][info ][safepoint   ] Safepoint "Cleanup", Time since last: 2002355657 ns, Reaching safepoint: 415741 ns, At safepoint: 7573 ns, Total: 423314 ns
[2023-07-17T19:50:41.059+0000][67][info ][safepoint   ] Safepoint "Cleanup", Time since last: 1002569780 ns, Reaching safepoint: 251823 ns, At safepoint: 10608 ns, Total: 262431 ns
[2023-07-17T19:50:42.278+0000][67][info ][safepoint   ] Safepoint "Cleanup", Time since last: 1218127184 ns, Reaching safepoint: 264250 ns, At safepoint: 41604 ns, Total: 305854 ns
[2023-07-17T19:50:47.087+0000][67][info ][safepoint   ] Safepoint "Cleanup", Time since last: 4809654985 ns, Reaching safepoint: 256467 ns, At safepoint: 44479 ns, Total: 300946 ns
[2023-07-17T19:50:48.766+0000][67][info ][safepoint   ] Safepoint "Cleanup", Time since last: 1677712571 ns, Reaching safepoint: 320584 ns, At safepoint: 17476 ns, Total: 338060 ns
[2023-07-17T19:50:49.768+0000][67][info ][safepoint   ] Safepoint "Cleanup", Time since last: 1002106819 ns, Reaching safepoint: 410035 ns, At safepoint: 13093 ns, Total: 423128 ns
[2023-07-17T19:50:53.407+0000][67][info ][safepoint   ] Safepoint "Cleanup", Time since last: 3639095689 ns, Reaching safepoint: 142633 ns, At safepoint: 41125 ns, Total: 183758 ns
[2023-07-17T19:50:59.126+0000][67][info ][safepoint   ] Safepoint "Cleanup", Time since last: 5718209944 ns, Reaching safepoint: 295782 ns, At safepoint: 44899 ns, Total: 340681 ns
[2023-07-17T19:51:00.403+0000][67][info ][safepoint   ] Safepoint "Cleanup", Time since last: 1277193392 ns, Reaching safepoint: 221215 ns, At safepoint: 55903 ns, Total: 277118 ns
[2023-07-17T19:51:02.275+0000][67][info ][safepoint   ] Safepoint "Cleanup", Time since last: 1871679618 ns, Reaching safepoint: 312806 ns, At safepoint: 6075 ns, Total: 318881 ns
[2023-07-17T19:51:08.726+0000][67][info ][safepoint   ] Safepoint "Cleanup", Time since last: 6450649984 ns, Reaching safepoint: 107979 ns, At safepoint: 77375 ns, Total: 185354 ns
[2023-07-17T19:51:10.679+0000][67][info ][safepoint   ] Safepoint "Cleanup", Time since last: 1952874919 ns, Reaching safepoint: 297881 ns, At safepoint: 7972 ns, Total: 305853 ns
[2023-07-17T19:51:11.796+0000][67][info ][safepoint   ] Safepoint "Cleanup", Time since last: 1115684251 ns, Reaching safepoint: 470893 ns, At safepoint: 100895 ns, Total: 571788 ns
[2023-07-17T19:51:13.685+0000][67][info ][safepoint   ] Safepoint "Cleanup", Time since last: 1888293915 ns, Reaching safepoint: 655474 ns, At safepoint: 11288 ns, Total: 666762 ns
[2023-07-17T19:51:15.689+0000][67][info ][safepoint   ] Safepoint "Cleanup", Time since last: 2003988104 ns, Reaching safepoint: 288070 ns, At safepoint: 14908 ns, Total: 302978 ns
[2023-07-17T19:51:17.108+0000][67][info ][safepoint   ] Safepoint "Cleanup", Time since last: 1418348014 ns, Reaching safepoint: 216199 ns, At safepoint: 47707 ns, Total: 263906 ns
[2023-07-17T19:51:18.347+0000][67][info ][safepoint   ] Safepoint "Cleanup", Time since last: 1238972822 ns, Reaching safepoint: 138309 ns, At safepoint: 44401 ns, Total: 182710 ns
[2023-07-17T19:51:19.529+0000][67][info ][safepoint   ] Safepoint "Cleanup", Time since last: 1181453709 ns, Reaching safepoint: 371436 ns, At safepoint: 7687 ns, Total: 379123 ns
[2023-07-17T19:51:22.532+0000][67][info ][safepoint   ] Safepoint "Cleanup", Time since last: 3003197455 ns, Reaching safepoint: 650514 ns, At safepoint: 11291 ns, Total: 661805 ns
[2023-07-17T19:51:23.830+0000][67][info ][safepoint   ] Safepoint "Cleanup", Time since last: 1296730574 ns, Reaching safepoint: 284200 ns, At safepoint: 44993 ns, Total: 329193 ns
[2023-07-17T19:51:24.924+0000][67][info ][safepoint   ] Safepoint "Cleanup", Time since last: 1094621716 ns, Reaching safepoint: 303215 ns, At safepoint: 7810 ns, Total: 311025 ns
[2023-07-17T19:51:29.130+0000][67][info ][safepoint   ] Safepoint "Cleanup", Time since last: 4204779705 ns, Reaching safepoint: 304094 ns, At safepoint: 7450 ns, Total: 311544 ns
[2023-07-17T19:51:30.240+0000][67][info ][safepoint   ] Safepoint "Cleanup", Time since last: 1109953560 ns, Reaching safepoint: 506471 ns, At safepoint: 138067 ns, Total: 644538 ns
[2023-07-17T19:51:36.856+0000][67][info ][safepoint   ] Safepoint "Cleanup", Time since last: 6615004935 ns, Reaching safepoint: 257651 ns, At safepoint: 5456 ns, Total: 263107 ns
[2023-07-17T19:51:38.858+0000][67][info ][safepoint   ] Safepoint "Cleanup", Time since last: 2002369910 ns, Reaching safepoint: 274196 ns, At safepoint: 67455 ns, Total: 341651 ns
[2023-07-17T19:51:42.161+0000][67][info ][safepoint   ] Safepoint "Cleanup", Time since last: 3302578663 ns, Reaching safepoint: 347853 ns, At safepoint: 109382 ns, Total: 457235 ns
[2023-07-17T19:51:43.255+0000][67][info ][safepoint   ] Safepoint "Cleanup", Time since last: 1093354709 ns, Reaching safepoint: 417052 ns, At safepoint: 19551 ns, Total: 436603 ns
[2023-07-17T19:51:47.116+0000][67][info ][safepoint   ] Safepoint "Cleanup", Time since last: 3859981805 ns, Reaching safepoint: 330730 ns, At safepoint: 58623 ns, Total: 389353 ns
[2023-07-17T19:51:53.115+0000][67][info ][safepoint   ] Safepoint "Cleanup", Time since last: 5999416920 ns, Reaching safepoint: 137232 ns, At safepoint: 53165 ns, Total: 190397 ns
[2023-07-17T19:51:54.447+0000][67][info ][safepoint   ] Safepoint "Cleanup", Time since last: 1331868386 ns, Reaching safepoint: 265254 ns, At safepoint: 70330 ns, Total: 335584 ns
[2023-07-17T19:51:56.693+0000][67][info ][safepoint   ] Safepoint "Cleanup", Time since last: 2245447210 ns, Reaching safepoint: 438669 ns, At safepoint: 19334 ns, Total: 458003 ns
[2023-07-17T19:51:59.127+0000][67][info ][safepoint   ] Safepoint "Cleanup", Time since last: 2433627592 ns, Reaching safepoint: 268272 ns, At safepoint: 59525 ns, Total: 327797 ns
[2023-07-17T19:52:01.015+0000][67][info ][safepoint   ] Safepoint "Cleanup", Time since last: 1887264591 ns, Reaching safepoint: 350618 ns, At safepoint: 18221 ns, Total: 368839 ns
[2023-07-17T19:52:07.518+0000][67][info ][safepoint   ] Safepoint "Cleanup", Time since last: 6502605523 ns, Reaching safepoint: 490104 ns, At safepoint: 11128 ns, Total: 501232 ns
[2023-07-17T19:52:08.523+0000][67][info ][safepoint   ] Safepoint "Cleanup", Time since last: 1003972514 ns, Reaching safepoint: 994501 ns, At safepoint: 26765 ns, Total: 1021266 ns
[2023-07-17T19:52:09.528+0000][67][info ][safepoint   ] Safepoint "Cleanup", Time since last: 1003519359 ns, Reaching safepoint: 598639 ns, At safepoint: 86996 ns, Total: 685635 ns
[2023-07-17T19:52:18.249+0000][67][info ][safepoint   ] Safepoint "Cleanup", Time since last: 8721399623 ns, Reaching safepoint: 287379 ns, At safepoint: 46020 ns, Total: 333399 ns
[2023-07-17T19:52:19.505+0000][67][info ][safepoint   ] Safepoint "Cleanup", Time since last: 1255045186 ns, Reaching safepoint: 174126 ns, At safepoint: 55181 ns, Total: 229307 ns
[2023-07-17T19:52:23.752+0000][67][info ][safepoint   ] Safepoint "Cleanup", Time since last: 4246714597 ns, Reaching safepoint: 232142 ns, At safepoint: 7769 ns, Total: 239911 ns
[2023-07-17T19:52:36.969+0000][67][info ][safepoint   ] Safepoint "Cleanup", Time since last: 13216926360 ns, Reaching safepoint: 501175 ns, At safepoint: 22043 ns, Total: 523218 ns
[2023-07-17T19:52:42.209+0000][67][info ][safepoint   ] Safepoint "Cleanup", Time since last: 5239843844 ns, Reaching safepoint: 297512 ns, At safepoint: 13747 ns, Total: 311259 ns
[2023-07-17T19:52:43.606+0000][67][info ][safepoint   ] Safepoint "Cleanup", Time since last: 1396138021 ns, Reaching safepoint: 391341 ns, At safepoint: 162585 ns, Total: 553926 ns
[2023-07-17T19:52:47.112+0000][67][info ][safepoint   ] Safepoint "Cleanup", Time since last: 3506124438 ns, Reaching safepoint: 194661 ns, At safepoint: 71061 ns, Total: 265722 ns
[2023-07-17T19:52:48.942+0000][67][info ][safepoint   ] Safepoint "Cleanup", Time since last: 1829431754 ns, Reaching safepoint: 326142 ns, At safepoint: 17814 ns, Total: 343956 ns
[2023-07-17T19:52:52.945+0000][67][info ][safepoint   ] Safepoint "Cleanup", Time since last: 4002924966 ns, Reaching safepoint: 427470 ns, At safepoint: 91305 ns, Total: 518775 ns
[2023-07-17T19:52:55.340+0000][67][info ][safepoint   ] Safepoint "Cleanup", Time since last: 2394616825 ns, Reaching safepoint: 349602 ns, At safepoint: 6720 ns, Total: 356322 ns
[2023-07-17T19:52:59.335+0000][67][info ][safepoint   ] Safepoint "Cleanup", Time since last: 3994775082 ns, Reaching safepoint: 256406 ns, At safepoint: 45155 ns, Total: 301561 ns
[2023-07-17T19:53:00.770+0000][67][info ][safepoint   ] Safepoint "Cleanup", Time since last: 1433951733 ns, Reaching safepoint: 362741 ns, At safepoint: 7731 ns, Total: 370472 ns
[2023-07-17T19:53:05.346+0000][67][info ][safepoint   ] Safepoint "Cleanup", Time since last: 4575319792 ns, Reaching safepoint: 299495 ns, At safepoint: 42847 ns, Total: 342342 ns
[2023-07-17T19:53:07.163+0000][67][info ][safepoint   ] Safepoint "Cleanup", Time since last: 1816447281 ns, Reaching safepoint: 830860 ns, At safepoint: 26552 ns, Total: 857412 ns
[2023-07-17T19:53:11.098+0000][67][info ][safepoint   ] Safepoint "Cleanup", Time since last: 3934997506 ns, Reaching safepoint: 369896 ns, At safepoint: 57758 ns, Total: 427654 ns
[2023-07-17T19:53:12.525+0000][67][info ][safepoint   ] Safepoint "Cleanup", Time since last: 1426503173 ns, Reaching safepoint: 262674 ns, At safepoint: 53926 ns, Total: 316600 ns
[2023-07-17T19:53:15.764+0000][67][info ][safepoint   ] Safepoint "Cleanup", Time since last: 3238640673 ns, Reaching safepoint: 363239 ns, At safepoint: 7098 ns, Total: 370337 ns
[2023-07-17T19:53:17.986+0000][67][info ][safepoint   ] Safepoint "Cleanup", Time since last: 2221630453 ns, Reaching safepoint: 275058 ns, At safepoint: 49771 ns, Total: 324829 ns
[2023-07-17T19:53:20.256+0000][67][info ][safepoint   ] Safepoint "Cleanup", Time since last: 2269657129 ns, Reaching safepoint: 212708 ns, At safepoint: 110269 ns, Total: 322977 ns
[2023-07-17T19:53:21.342+0000][67][info ][safepoint   ] Safepoint "Cleanup", Time since last: 1085659901 ns, Reaching safepoint: 455535 ns, At safepoint: 8627 ns, Total: 464162 ns
[2023-07-17T19:53:23.154+0000][67][info ][safepoint   ] Safepoint "Cleanup", Time since last: 1811313974 ns, Reaching safepoint: 247919 ns, At safepoint: 42054 ns, Total: 289973 ns
[2023-07-17T19:53:24.393+0000][67][info ][safepoint   ] Safepoint "Cleanup", Time since last: 1238856167 ns, Reaching safepoint: 246327 ns, At safepoint: 45539 ns, Total: 291866 ns
[2023-07-17T19:53:25.476+0000][67][info ][safepoint   ] Safepoint "Cleanup", Time since last: 1082572806 ns, Reaching safepoint: 712440 ns, At safepoint: 18327 ns, Total: 730767 ns
[2023-07-17T19:53:27.479+0000][67][info ][safepoint   ] Safepoint "Cleanup", Time since last: 2002544910 ns, Reaching safepoint: 299667 ns, At safepoint: 15588 ns, Total: 315255 ns
[2023-07-17T19:53:28.483+0000][67][info ][safepoint   ] Safepoint "Cleanup", Time since last: 1003364938 ns, Reaching safepoint: 304849 ns, At safepoint: 22406 ns, Total: 327255 ns
[2023-07-17T19:53:29.560+0000][67][info ][safepoint   ] Safepoint "Cleanup", Time since last: 1076895302 ns, Reaching safepoint: 258413 ns, At safepoint: 162481 ns, Total: 420894 ns
[2023-07-17T19:53:30.914+0000][67][info ][safepoint   ] Safepoint "Cleanup", Time since last: 1353750560 ns, Reaching safepoint: 453027 ns, At safepoint: 29562 ns, Total: 482589 ns
[2023-07-17T19:53:36.650+0000][67][info ][safepoint   ] Safepoint "Cleanup", Time since last: 5735361824 ns, Reaching safepoint: 227812 ns, At safepoint: 59427 ns, Total: 287239 ns
[2023-07-17T19:53:38.517+0000][67][info ][safepoint   ] Safepoint "Cleanup", Time since last: 1865962677 ns, Reaching safepoint: 461068 ns, At safepoint: 10645 ns, Total: 471713 ns
[2023-07-17T19:53:41.116+0000][67][info ][safepoint   ] Safepoint "Cleanup", Time since last: 2598533377 ns, Reaching safepoint: 333911 ns, At safepoint: 57860 ns, Total: 391771 ns
[2023-07-17T19:53:42.839+0000][67][info ][safepoint   ] Safepoint "Cleanup", Time since last: 1722537588 ns, Reaching safepoint: 1055675 ns, At safepoint: 29178 ns, Total: 1084853 ns
[2023-07-17T19:53:44.844+0000][67][info ][safepoint   ] Safepoint "Cleanup", Time since last: 2003875674 ns, Reaching safepoint: 630761 ns, At safepoint: 29290 ns, Total: 660051 ns
[2023-07-17T19:53:47.312+0000][67][info ][safepoint   ] Safepoint "Cleanup", Time since last: 2467889890 ns, Reaching safepoint: 269266 ns, At safepoint: 92401 ns, Total: 361667 ns
[2023-07-17T19:53:55.632+0000][67][info ][safepoint   ] Safepoint "Cleanup", Time since last: 8319158458 ns, Reaching safepoint: 316441 ns, At safepoint: 7123 ns, Total: 323564 ns
[2023-07-17T19:53:58.636+0000][67][info ][safepoint   ] Safepoint "Cleanup", Time since last: 3003255273 ns, Reaching safepoint: 1132781 ns, At safepoint: 17226 ns, Total: 1150007 ns
[2023-07-17T19:53:59.945+0000][67][info ][safepoint   ] Safepoint "Cleanup", Time since last: 1308597204 ns, Reaching safepoint: 329980 ns, At safepoint: 72731 ns, Total: 402711 ns
[2023-07-17T19:54:05.569+0000][67][info ][safepoint   ] Safepoint "Cleanup", Time since last: 5623794734 ns, Reaching safepoint: 230838 ns, At safepoint: 42519 ns, Total: 273357 ns
[2023-07-17T19:54:09.671+0000][67][info ][safepoint   ] Safepoint "Cleanup", Time since last: 4101287804 ns, Reaching safepoint: 353117 ns, At safepoint: 8612 ns, Total: 361729 ns
[2023-07-17T19:54:11.120+0000][67][info ][safepoint   ] Safepoint "Cleanup", Time since last: 1448097851 ns, Reaching safepoint: 306013 ns, At safepoint: 219673 ns, Total: 525686 ns
[2023-07-17T19:54:12.990+0000][67][info ][safepoint   ] Safepoint "Cleanup", Time since last: 1869716531 ns, Reaching safepoint: 703884 ns, At safepoint: 13069 ns, Total: 716953 ns
[2023-07-17T19:54:16.994+0000][67][info ][safepoint   ] Safepoint "Cleanup", Time since last: 4003395894 ns, Reaching safepoint: 331846 ns, At safepoint: 16733 ns, Total: 348579 ns
[2023-07-17T19:54:18.216+0000][67][info ][safepoint   ] Safepoint "Cleanup", Time since last: 1221835463 ns, Reaching safepoint: 298359 ns, At safepoint: 61156 ns, Total: 359515 ns
[2023-07-17T19:54:19.255+0000][67][info ][safepoint   ] Safepoint "Cleanup", Time since last: 1038253810 ns, Reaching safepoint: 385549 ns, At safepoint: 52773 ns, Total: 438322 ns
[2023-07-17T19:54:20.487+0000][67][info ][safepoint   ] Safepoint "Cleanup", Time since last: 1232158483 ns, Reaching safepoint: 205900 ns, At safepoint: 5514 ns, Total: 211414 ns
[2023-07-17T19:54:23.106+0000][67][info ][safepoint   ] Safepoint "Cleanup", Time since last: 2618826078 ns, Reaching safepoint: 63652 ns, At safepoint: 6663 ns, Total: 70315 ns
[2023-07-17T19:54:24.165+0000][67][info ][safepoint   ] Safepoint "Cleanup", Time since last: 1058184156 ns, Reaching safepoint: 290316 ns, At safepoint: 48868 ns, Total: 339184 ns
[2023-07-17T19:54:29.377+0000][67][info ][safepoint   ] Safepoint "Cleanup", Time since last: 5211850605 ns, Reaching safepoint: 337649 ns, At safepoint: 13254 ns, Total: 350903 ns
[2023-07-17T19:54:30.578+0000][67][info ][safepoint   ] Safepoint "Cleanup", Time since last: 1200908443 ns, Reaching safepoint: 65467 ns, At safepoint: 39504 ns, Total: 104971 ns
[2023-07-17T19:54:31.840+0000][67][info ][safepoint   ] Safepoint "Cleanup", Time since last: 1250617500 ns, Reaching safepoint: 484581 ns, At safepoint: 8452 ns, Total: 493033 ns
[2023-07-17T19:54:32.843+0000][67][info ][safepoint   ] Safepoint "Cleanup", Time since last: 1002646179 ns, Reaching safepoint: 353895 ns, At safepoint: 8321 ns, Total: 362216 ns
[2023-07-17T19:54:35.129+0000][67][info ][safepoint   ] Safepoint "Cleanup", Time since last: 2285345373 ns, Reaching safepoint: 138111 ns, At safepoint: 47190 ns, Total: 185301 ns
[2023-07-17T19:54:36.132+0000][67][info ][safepoint   ] Safepoint "Cleanup", Time since last: 1002840579 ns, Reaching safepoint: 352894 ns, At safepoint: 48714 ns, Total: 401608 ns
[2023-07-17T19:54:37.146+0000][67][info ][safepoint   ] Safepoint "Cleanup", Time since last: 1013418296 ns, Reaching safepoint: 527397 ns, At safepoint: 10725 ns, Total: 538122 ns
[2023-07-17T19:54:54.341+0000][67][info ][safepoint   ] Safepoint "Cleanup", Time since last: 17194678083 ns, Reaching safepoint: 474005 ns, At safepoint: 55564 ns, Total: 529569 ns
[2023-07-17T19:54:55.599+0000][67][info ][safepoint   ] Safepoint "Cleanup", Time since last: 1257518354 ns, Reaching safepoint: 332967 ns, At safepoint: 57679 ns, Total: 390646 ns
[2023-07-17T19:54:56.611+0000][67][info ][safepoint   ] Safepoint "Cleanup", Time since last: 1011157074 ns, Reaching safepoint: 635097 ns, At safepoint: 25997 ns, Total: 661094 ns
[2023-07-17T19:54:57.614+0000][67][info ][safepoint   ] Safepoint "Cleanup", Time since last: 1003193873 ns, Reaching safepoint: 369952 ns, At safepoint: 7723 ns, Total: 377675 ns
[2023-07-17T19:54:59.146+0000][67][info ][safepoint   ] Safepoint "Cleanup", Time since last: 1531664128 ns, Reaching safepoint: 305640 ns, At safepoint: 45664 ns, Total: 351304 ns
[2023-07-17T19:54:59.202+0000][67][info ][gc,start    ] GC(16) Pause Young (Normal) (G1 Evacuation Pause)
[2023-07-17T19:54:59.203+0000][67][info ][gc,task     ] GC(16) Using 6 workers of 6 for evacuation
[2023-07-17T19:54:59.204+0000][67][debug][gc,age      ] GC(16) Desired survivor size 155189248 bytes, new threshold 15 (max threshold 15)
[2023-07-17T19:54:59.217+0000][67][info ][gc,phases   ] GC(16)   Pre Evacuate Collection Set: 0.3ms
[2023-07-17T19:54:59.219+0000][67][info ][gc,phases   ] GC(16)   Merge Heap Roots: 0.3ms
[2023-07-17T19:54:59.220+0000][67][info ][gc,phases   ] GC(16)   Evacuate Collection Set: 7.5ms
[2023-07-17T19:54:59.222+0000][67][info ][gc,phases   ] GC(16)   Post Evacuate Collection Set: 3.6ms
[2023-07-17T19:54:59.223+0000][67][info ][gc,phases   ] GC(16)   Other: 2.4ms
[2023-07-17T19:54:59.224+0000][67][trace][gc,age      ] GC(16) Age table with threshold 15 (max threshold 15)
[2023-07-17T19:54:59.226+0000][67][trace][gc,age      ] GC(16) - age   1:    4997960 bytes,    4997960 total
[2023-07-17T19:54:59.227+0000][67][trace][gc,age      ] GC(16) - age   2:    1183776 bytes,    6181736 total
[2023-07-17T19:54:59.228+0000][67][trace][gc,age      ] GC(16) - age   3:     522712 bytes,    6704448 total
[2023-07-17T19:54:59.229+0000][67][trace][gc,age      ] GC(16) - age   4:     213696 bytes,    6918144 total
[2023-07-17T19:54:59.230+0000][67][info ][gc,heap     ] GC(16) Eden regions: 587->0(587)
[2023-07-17T19:54:59.231+0000][67][info ][gc,heap     ] GC(16) Survivor regions: 2->2(74)
[2023-07-17T19:54:59.232+0000][67][info ][gc,heap     ] GC(16) Old regions: 26->26
[2023-07-17T19:54:59.234+0000][67][info ][gc,heap     ] GC(16) Archive regions: 2->2
[2023-07-17T19:54:59.235+0000][67][info ][gc,heap     ] GC(16) Humongous regions: 0->0
[2023-07-17T19:54:59.236+0000][67][info ][gc,metaspace] GC(16) Metaspace: 137477K(140800K)->137477K(140800K) NonClass: 119708K(121408K)->119708K(121408K) Class: 17768K(19392K)->17768K(19392K)
[2023-07-17T19:54:59.238+0000][67][info ][gc          ] GC(16) Pause Young (Normal) (G1 Evacuation Pause) 2460M->114M(3932M) 35.491ms
[2023-07-17T19:54:59.239+0000][67][info ][gc,cpu      ] GC(16) User=0.05s Sys=0.01s Real=0.03s
[2023-07-17T19:54:59.240+0000][67][info ][safepoint   ] Safepoint "G1CollectForAllocation", Time since last: 55538248 ns, Reaching safepoint: 284889 ns, At safepoint: 38101328 ns, Total: 38386217 ns
[2023-07-17T19:55:00.948+0000][67][info ][safepoint   ] Safepoint "Cleanup", Time since last: 1706941940 ns, Reaching safepoint: 493372 ns, At safepoint: 23284 ns, Total: 516656 ns
[2023-07-17T19:55:02.753+0000][67][info ][safepoint   ] Safepoint "Cleanup", Time since last: 1801826837 ns, Reaching safepoint: 256148 ns, At safepoint: 48731 ns, Total: 304879 ns
[2023-07-17T19:55:03.891+0000][67][info ][safepoint   ] Safepoint "Cleanup", Time since last: 1137776570 ns, Reaching safepoint: 337782 ns, At safepoint: 15636 ns, Total: 353418 ns
[2023-07-17T19:55:06.264+0000][67][info ][safepoint   ] Safepoint "Cleanup", Time since last: 2372522923 ns, Reaching safepoint: 522638 ns, At safepoint: 64521 ns, Total: 587159 ns
[2023-07-17T19:55:07.370+0000][67][info ][safepoint   ] Safepoint "Cleanup", Time since last: 1105637658 ns, Reaching safepoint: 388633 ns, At safepoint: 12897 ns, Total: 401530 ns
[2023-07-17T19:55:17.115+0000][67][info ][safepoint   ] Safepoint "Cleanup", Time since last: 9744835179 ns, Reaching safepoint: 297386 ns, At safepoint: 59341 ns, Total: 356727 ns
[2023-07-17T19:55:23.123+0000][67][info ][safepoint   ] Safepoint "Cleanup", Time since last: 6007991163 ns, Reaching safepoint: 258692 ns, At safepoint: 47764 ns, Total: 306456 ns
[2023-07-17T19:55:24.502+0000][67][info ][safepoint   ] Safepoint "Cleanup", Time since last: 1378748730 ns, Reaching safepoint: 405839 ns, At safepoint: 58704 ns, Total: 464543 ns
[2023-07-17T19:55:26.752+0000][67][info ][safepoint   ] Safepoint "Cleanup", Time since last: 2249111345 ns, Reaching safepoint: 305184 ns, At safepoint: 5289 ns, Total: 310473 ns
[2023-07-17T19:55:27.914+0000][67][info ][safepoint   ] Safepoint "Cleanup", Time since last: 1161858666 ns, Reaching safepoint: 410173 ns, At safepoint: 19091 ns, Total: 429264 ns
[2023-07-17T19:55:28.917+0000][67][info ][safepoint   ] Safepoint "Cleanup", Time since last: 1002027610 ns, Reaching safepoint: 356795 ns, At safepoint: 16273 ns, Total: 373068 ns
[2023-07-17T19:55:32.089+0000][67][info ][safepoint   ] Safepoint "Cleanup", Time since last: 3171143745 ns, Reaching safepoint: 378371 ns, At safepoint: 19304 ns, Total: 397675 ns
[2023-07-17T19:55:33.100+0000][67][info ][safepoint   ] Safepoint "Cleanup", Time since last: 1010502674 ns, Reaching safepoint: 300840 ns, At safepoint: 47028 ns, Total: 347868 ns
[2023-07-17T19:55:34.129+0000][67][info ][safepoint   ] Safepoint "Cleanup", Time since last: 1029252340 ns, Reaching safepoint: 338566 ns, At safepoint: 70338 ns, Total: 408904 ns
[2023-07-17T19:55:35.165+0000][67][info ][safepoint   ] Safepoint "Cleanup", Time since last: 1035356702 ns, Reaching safepoint: 215955 ns, At safepoint: 56885 ns, Total: 272840 ns
[2023-07-17T19:55:36.219+0000][67][info ][safepoint   ] Safepoint "Cleanup", Time since last: 1053447807 ns, Reaching safepoint: 225877 ns, At safepoint: 57556 ns, Total: 283433 ns
[2023-07-17T19:55:37.550+0000][67][info ][safepoint   ] Safepoint "Cleanup", Time since last: 1330382032 ns, Reaching safepoint: 798605 ns, At safepoint: 26634 ns, Total: 825239 ns
[2023-07-17T19:55:38.554+0000][67][info ][safepoint   ] Safepoint "Cleanup", Time since last: 1003426619 ns, Reaching safepoint: 344418 ns, At safepoint: 19759 ns, Total: 364177 ns
[2023-07-17T19:55:41.847+0000][67][info ][safepoint   ] Safepoint "Cleanup", Time since last: 3293131021 ns, Reaching safepoint: 283851 ns, At safepoint: 61474 ns, Total: 345325 ns
[2023-07-17T19:55:48.636+0000][67][info ][safepoint   ] Safepoint "Cleanup", Time since last: 6788711592 ns, Reaching safepoint: 358176 ns, At safepoint: 46824 ns, Total: 405000 ns
[2023-07-17T19:55:54.840+0000][67][info ][safepoint   ] Safepoint "Cleanup", Time since last: 6203174662 ns, Reaching safepoint: 379973 ns, At safepoint: 8383 ns, Total: 388356 ns
[2023-07-17T19:55:59.135+0000][67][info ][safepoint   ] Safepoint "Cleanup", Time since last: 4295050089 ns, Reaching safepoint: 395538 ns, At safepoint: 57172 ns, Total: 452710 ns
[2023-07-17T19:56:00.344+0000][67][info ][safepoint   ] Safepoint "Cleanup", Time since last: 1208566832 ns, Reaching safepoint: 634543 ns, At safepoint: 28729 ns, Total: 663272 ns
[2023-07-17T19:56:02.383+0000][67][info ][safepoint   ] Safepoint "Cleanup", Time since last: 2038288805 ns, Reaching safepoint: 340581 ns, At safepoint: 59069 ns, Total: 399650 ns
[2023-07-17T19:56:17.152+0000][67][info ][safepoint   ] Safepoint "Cleanup", Time since last: 14767930752 ns, Reaching safepoint: 492520 ns, At safepoint: 59145 ns, Total: 551665 ns
[2023-07-17T19:56:19.129+0000][67][info ][safepoint   ] Safepoint "Cleanup", Time since last: 1976804571 ns, Reaching safepoint: 393856 ns, At safepoint: 15181 ns, Total: 409037 ns
[2023-07-17T19:56:24.344+0000][67][info ][safepoint   ] Safepoint "Cleanup", Time since last: 5213903750 ns, Reaching safepoint: 420175 ns, At safepoint: 11221 ns, Total: 431396 ns
[2023-07-17T19:56:27.453+0000][67][info ][safepoint   ] Safepoint "Cleanup", Time since last: 3108517069 ns, Reaching safepoint: 681542 ns, At safepoint: 10560 ns, Total: 692102 ns
[2023-07-17T19:56:29.391+0000][67][info ][safepoint   ] Safepoint "Cleanup", Time since last: 1937939312 ns, Reaching safepoint: 343192 ns, At safepoint: 95347 ns, Total: 438539 ns
[2023-07-17T19:56:30.858+0000][67][info ][safepoint   ] Safepoint "Cleanup", Time since last: 1466757286 ns, Reaching safepoint: 447799 ns, At safepoint: 10665 ns, Total: 458464 ns
[2023-07-17T19:56:32.944+0000][67][info ][safepoint   ] Safepoint "Cleanup", Time since last: 2084888701 ns, Reaching safepoint: 615502 ns, At safepoint: 28741 ns, Total: 644243 ns
[2023-07-17T19:56:33.948+0000][67][info ][safepoint   ] Safepoint "Cleanup", Time since last: 1003404711 ns, Reaching safepoint: 276439 ns, At safepoint: 5475 ns, Total: 281914 ns
[2023-07-17T19:56:35.154+0000][67][info ][safepoint   ] Safepoint "Cleanup", Time since last: 1206177911 ns, Reaching safepoint: 418579 ns, At safepoint: 17253 ns, Total: 435832 ns
[2023-07-17T19:56:40.291+0000][67][info ][safepoint   ] Safepoint "Cleanup", Time since last: 5136435521 ns, Reaching safepoint: 312875 ns, At safepoint: 9011 ns, Total: 321886 ns
[2023-07-17T19:56:41.344+0000][67][info ][safepoint   ] Safepoint "Cleanup", Time since last: 1052635505 ns, Reaching safepoint: 258947 ns, At safepoint: 88431 ns, Total: 347378 ns
[2023-07-17T19:56:42.958+0000][67][info ][safepoint   ] Safepoint "Cleanup", Time since last: 1613744682 ns, Reaching safepoint: 231403 ns, At safepoint: 38435 ns, Total: 269838 ns
[2023-07-17T19:56:44.168+0000][67][info ][safepoint   ] Safepoint "Cleanup", Time since last: 1209729391 ns, Reaching safepoint: 326056 ns, At safepoint: 10545 ns, Total: 336601 ns
[2023-07-17T19:56:50.532+0000][67][info ][safepoint   ] Safepoint "Cleanup", Time since last: 6362807431 ns, Reaching safepoint: 619656 ns, At safepoint: 12356 ns, Total: 632012 ns
[2023-07-17T19:56:58.947+0000][67][info ][safepoint   ] Safepoint "Cleanup", Time since last: 8415150757 ns, Reaching safepoint: 268074 ns, At safepoint: 12098 ns, Total: 280172 ns
[2023-07-17T19:57:00.261+0000][67][info ][safepoint   ] Safepoint "Cleanup", Time since last: 1313661788 ns, Reaching safepoint: 528409 ns, At safepoint: 62460 ns, Total: 590869 ns
[2023-07-17T19:57:01.341+0000][67][info ][safepoint   ] Safepoint "Cleanup", Time since last: 1079105642 ns, Reaching safepoint: 387073 ns, At safepoint: 7259 ns, Total: 394332 ns
[2023-07-17T19:57:11.138+0000][67][info ][safepoint   ] Safepoint "Cleanup", Time since last: 9796868028 ns, Reaching safepoint: 146877 ns, At safepoint: 83098 ns, Total: 229975 ns
[2023-07-17T19:57:17.964+0000][67][info ][safepoint   ] Safepoint "Cleanup", Time since last: 6826047791 ns, Reaching safepoint: 213770 ns, At safepoint: 7017 ns, Total: 220787 ns
[2023-07-17T19:57:30.172+0000][67][info ][safepoint   ] Safepoint "Cleanup", Time since last: 12207772757 ns, Reaching safepoint: 205942 ns, At safepoint: 6383 ns, Total: 212325 ns
[2023-07-17T19:57:35.066+0000][67][info ][safepoint   ] Safepoint "Cleanup", Time since last: 4893018876 ns, Reaching safepoint: 427698 ns, At safepoint: 118571 ns, Total: 546269 ns
[2023-07-17T19:57:36.632+0000][67][info ][safepoint   ] Safepoint "Cleanup", Time since last: 1565287933 ns, Reaching safepoint: 232027 ns, At safepoint: 56250 ns, Total: 288277 ns
[2023-07-17T19:57:44.127+0000][67][info ][safepoint   ] Safepoint "Cleanup", Time since last: 7495279723 ns, Reaching safepoint: 279221 ns, At safepoint: 10409 ns, Total: 289630 ns
[2023-07-17T19:57:45.131+0000][67][info ][safepoint   ] Safepoint "Cleanup", Time since last: 1002867942 ns, Reaching safepoint: 465904 ns, At safepoint: 8917 ns, Total: 474821 ns
[2023-07-17T19:57:47.134+0000][67][info ][safepoint   ] Safepoint "Cleanup", Time since last: 2002675313 ns, Reaching safepoint: 358469 ns, At safepoint: 25756 ns, Total: 384225 ns
[2023-07-17T19:57:49.530+0000][67][info ][safepoint   ] Safepoint "Cleanup", Time since last: 2395762441 ns, Reaching safepoint: 294483 ns, At safepoint: 6496 ns, Total: 300979 ns
[2023-07-17T19:57:53.168+0000][67][info ][safepoint   ] Safepoint "Cleanup", Time since last: 3637565761 ns, Reaching safepoint: 381294 ns, At safepoint: 55753 ns, Total: 437047 ns
[2023-07-17T19:57:56.093+0000][67][info ][safepoint   ] Safepoint "Cleanup", Time since last: 2924412337 ns, Reaching safepoint: 304447 ns, At safepoint: 7880 ns, Total: 312327 ns
[2023-07-17T19:57:59.096+0000][67][info ][safepoint   ] Safepoint "Cleanup", Time since last: 3002958962 ns, Reaching safepoint: 168500 ns, At safepoint: 5987 ns, Total: 174487 ns
[2023-07-17T19:58:00.243+0000][67][info ][safepoint   ] Safepoint "Cleanup", Time since last: 1147084709 ns, Reaching safepoint: 433159 ns, At safepoint: 65576 ns, Total: 498735 ns
[2023-07-17T19:58:08.812+0000][67][info ][safepoint   ] Safepoint "Cleanup", Time since last: 8567822921 ns, Reaching safepoint: 309238 ns, At safepoint: 6339 ns, Total: 315577 ns
[2023-07-17T19:58:10.237+0000][67][info ][safepoint   ] Safepoint "Cleanup", Time since last: 1424323931 ns, Reaching safepoint: 324990 ns, At safepoint: 16942 ns, Total: 341932 ns
[2023-07-17T19:58:21.602+0000][67][info ][safepoint   ] Safepoint "Cleanup", Time since last: 11365101803 ns, Reaching safepoint: 366094 ns, At safepoint: 8195 ns, Total: 374289 ns
[2023-07-17T19:58:23.158+0000][67][info ][safepoint   ] Safepoint "Cleanup", Time since last: 1556056894 ns, Reaching safepoint: 50457 ns, At safepoint: 4570 ns, Total: 55027 ns
[2023-07-17T19:58:25.155+0000][67][info ][safepoint   ] Safepoint "Cleanup", Time since last: 1996498818 ns, Reaching safepoint: 571376 ns, At safepoint: 10336 ns, Total: 581712 ns
[2023-07-17T19:58:29.160+0000][67][info ][safepoint   ] Safepoint "Cleanup", Time since last: 4004375493 ns, Reaching safepoint: 378905 ns, At safepoint: 14985 ns, Total: 393890 ns
[2023-07-17T19:58:30.381+0000][67][info ][safepoint   ] Safepoint "Cleanup", Time since last: 1221105669 ns, Reaching safepoint: 266560 ns, At safepoint: 114134 ns, Total: 380694 ns
[2023-07-17T19:58:31.473+0000][67][info ][safepoint   ] Safepoint "Cleanup", Time since last: 1091459908 ns, Reaching safepoint: 209028 ns, At safepoint: 5826 ns, Total: 214854 ns
[2023-07-17T19:58:35.140+0000][67][info ][safepoint   ] Safepoint "Cleanup", Time since last: 3666465230 ns, Reaching safepoint: 251425 ns, At safepoint: 69632 ns, Total: 321057 ns
[2023-07-17T19:58:36.896+0000][67][info ][safepoint   ] Safepoint "Cleanup", Time since last: 1755848804 ns, Reaching safepoint: 540190 ns, At safepoint: 12671 ns, Total: 552861 ns
[2023-07-17T19:58:38.900+0000][67][info ][safepoint   ] Safepoint "Cleanup", Time since last: 2003277801 ns, Reaching safepoint: 276113 ns, At safepoint: 4930 ns, Total: 281043 ns
[2023-07-17T19:58:41.357+0000][67][info ][safepoint   ] Safepoint "Cleanup", Time since last: 2456902366 ns, Reaching safepoint: 307459 ns, At safepoint: 52940 ns, Total: 360399 ns
[2023-07-17T19:58:47.168+0000][67][info ][safepoint   ] Safepoint "Cleanup", Time since last: 5810025921 ns, Reaching safepoint: 303220 ns, At safepoint: 137287 ns, Total: 440507 ns
[2023-07-17T19:58:50.494+0000][67][info ][safepoint   ] Safepoint "Cleanup", Time since last: 3326354817 ns, Reaching safepoint: 310038 ns, At safepoint: 59414 ns, Total: 369452 ns
[2023-07-17T19:58:51.844+0000][67][info ][safepoint   ] Safepoint "ICBufferFull", Time since last: 1349711848 ns, Reaching safepoint: 337944 ns, At safepoint: 19551 ns, Total: 357495 ns
[2023-07-17T19:58:52.846+0000][67][info ][safepoint   ] Safepoint "Cleanup", Time since last: 1001339948 ns, Reaching safepoint: 306845 ns, At safepoint: 58112 ns, Total: 364957 ns
[2023-07-17T19:58:54.083+0000][67][info ][safepoint   ] Safepoint "Cleanup", Time since last: 1236127210 ns, Reaching safepoint: 451588 ns, At safepoint: 62434 ns, Total: 514022 ns
[2023-07-17T19:58:55.184+0000][67][info ][safepoint   ] Safepoint "Cleanup", Time since last: 1100722812 ns, Reaching safepoint: 562089 ns, At safepoint: 13072 ns, Total: 575161 ns
[2023-07-17T19:59:00.456+0000][67][info ][safepoint   ] Safepoint "Cleanup", Time since last: 5271709449 ns, Reaching safepoint: 264250 ns, At safepoint: 5613 ns, Total: 269863 ns
[2023-07-17T19:59:01.625+0000][67][info ][safepoint   ] Safepoint "Cleanup", Time since last: 1168339181 ns, Reaching safepoint: 517520 ns, At safepoint: 21450 ns, Total: 538970 ns
[2023-07-17T19:59:05.254+0000][67][info ][safepoint   ] Safepoint "Cleanup", Time since last: 3627841129 ns, Reaching safepoint: 314442 ns, At safepoint: 46513 ns, Total: 360955 ns
[2023-07-17T19:59:10.063+0000][67][info ][safepoint   ] Safepoint "Cleanup", Time since last: 4808173166 ns, Reaching safepoint: 742342 ns, At safepoint: 10257 ns, Total: 752599 ns
[2023-07-17T19:59:11.066+0000][67][info ][safepoint   ] Safepoint "Cleanup", Time since last: 1003378159 ns, Reaching safepoint: 246540 ns, At safepoint: 22794 ns, Total: 269334 ns
[2023-07-17T19:59:12.400+0000][67][info ][safepoint   ] Safepoint "Cleanup", Time since last: 1332929523 ns, Reaching safepoint: 214571 ns, At safepoint: 84204 ns, Total: 298775 ns
[2023-07-17T19:59:13.502+0000][67][info ][safepoint   ] Safepoint "Cleanup", Time since last: 1102314997 ns, Reaching safepoint: 429116 ns, At safepoint: 14933 ns, Total: 444049 ns
[2023-07-17T19:59:16.832+0000][67][info ][safepoint   ] Safepoint "Cleanup", Time since last: 3329338247 ns, Reaching safepoint: 269923 ns, At safepoint: 72063 ns, Total: 341986 ns
[2023-07-17T19:59:17.851+0000][67][info ][safepoint   ] Safepoint "Cleanup", Time since last: 1018338887 ns, Reaching safepoint: 179339 ns, At safepoint: 56959 ns, Total: 236298 ns
[2023-07-17T19:59:20.140+0000][67][info ][safepoint   ] Safepoint "Cleanup", Time since last: 2289255658 ns, Reaching safepoint: 494060 ns, At safepoint: 18695 ns, Total: 512755 ns
[2023-07-17T19:59:22.467+0000][67][info ][safepoint   ] Safepoint "Cleanup", Time since last: 2325777043 ns, Reaching safepoint: 472080 ns, At safepoint: 22092 ns, Total: 494172 ns
[2023-07-17T19:59:27.193+0000][67][info ][safepoint   ] Safepoint "Cleanup", Time since last: 4725666282 ns, Reaching safepoint: 644241 ns, At safepoint: 29315 ns, Total: 673556 ns
[2023-07-17T19:59:30.408+0000][67][info ][safepoint   ] Safepoint "Cleanup", Time since last: 3215149146 ns, Reaching safepoint: 189710 ns, At safepoint: 6671 ns, Total: 196381 ns
[2023-07-17T19:59:35.530+0000][67][info ][safepoint   ] Safepoint "Cleanup", Time since last: 5121433736 ns, Reaching safepoint: 205470 ns, At safepoint: 62035 ns, Total: 267505 ns
[2023-07-17T19:59:37.180+0000][67][info ][safepoint   ] Safepoint "Cleanup", Time since last: 1649010317 ns, Reaching safepoint: 451524 ns, At safepoint: 19103 ns, Total: 470627 ns
[2023-07-17T19:59:41.167+0000][67][info ][safepoint   ] Safepoint "Cleanup", Time since last: 3986766873 ns, Reaching safepoint: 257110 ns, At safepoint: 68756 ns, Total: 325866 ns
[2023-07-17T19:59:42.373+0000][67][info ][safepoint   ] Safepoint "Cleanup", Time since last: 1206320137 ns, Reaching safepoint: 126258 ns, At safepoint: 4543 ns, Total: 130801 ns
[2023-07-17T19:59:47.161+0000][67][info ][safepoint   ] Safepoint "Cleanup", Time since last: 4787337612 ns, Reaching safepoint: 387705 ns, At safepoint: 56777 ns, Total: 444482 ns
[2023-07-17T19:59:49.013+0000][67][info ][safepoint   ] Safepoint "Cleanup", Time since last: 1851619116 ns, Reaching safepoint: 257768 ns, At safepoint: 14968 ns, Total: 272736 ns
[2023-07-17T19:59:53.368+0000][67][info ][safepoint   ] Safepoint "Cleanup", Time since last: 4354972436 ns, Reaching safepoint: 251119 ns, At safepoint: 48321 ns, Total: 299440 ns
[2023-07-17T19:59:59.197+0000][67][info ][safepoint   ] Safepoint "Cleanup", Time since last: 5828022995 ns, Reaching safepoint: 433786 ns, At safepoint: 61842 ns, Total: 495628 ns
[2023-07-17T20:00:00.356+0000][67][info ][safepoint   ] Safepoint "Cleanup", Time since last: 1159151777 ns, Reaching safepoint: 274771 ns, At safepoint: 55777 ns, Total: 330548 ns
[2023-07-17T20:00:01.384+0000][67][info ][safepoint   ] Safepoint "Cleanup", Time since last: 1027225367 ns, Reaching safepoint: 383504 ns, At safepoint: 59871 ns, Total: 443375 ns
[2023-07-17T20:00:08.869+0000][67][info ][safepoint   ] Safepoint "Cleanup", Time since last: 7484880018 ns, Reaching safepoint: 303492 ns, At safepoint: 8640 ns, Total: 312132 ns
[2023-07-17T20:00:09.873+0000][67][info ][safepoint   ] Safepoint "Cleanup", Time since last: 1003002370 ns, Reaching safepoint: 838823 ns, At safepoint: 27940 ns, Total: 866763 ns
[2023-07-17T20:00:14.277+0000][67][info ][safepoint   ] Safepoint "Cleanup", Time since last: 4402940939 ns, Reaching safepoint: 547596 ns, At safepoint: 76358 ns, Total: 623954 ns
[2023-07-17T20:00:15.280+0000][67][info ][safepoint   ] Safepoint "Cleanup", Time since last: 1002367658 ns, Reaching safepoint: 329999 ns, At safepoint: 13248 ns, Total: 343247 ns
[2023-07-17T20:00:17.170+0000][67][info ][safepoint   ] Safepoint "Cleanup", Time since last: 1889750161 ns, Reaching safepoint: 259313 ns, At safepoint: 50464 ns, Total: 309777 ns
[2023-07-17T20:00:24.427+0000][67][info ][safepoint   ] Safepoint "Cleanup", Time since last: 7256693016 ns, Reaching safepoint: 263639 ns, At safepoint: 42699 ns, Total: 306338 ns
[2023-07-17T20:00:31.998+0000][67][info ][safepoint   ] Safepoint "Cleanup", Time since last: 7570952928 ns, Reaching safepoint: 427567 ns, At safepoint: 93607 ns, Total: 521174 ns
[2023-07-17T20:00:35.174+0000][67][info ][safepoint   ] Safepoint "Cleanup", Time since last: 3175784932 ns, Reaching safepoint: 124560 ns, At safepoint: 67811 ns, Total: 192371 ns
[2023-07-17T20:00:37.030+0000][67][info ][safepoint   ] Safepoint "Cleanup", Time since last: 1855402827 ns, Reaching safepoint: 343955 ns, At safepoint: 5992 ns, Total: 349947 ns
[2023-07-17T20:00:41.156+0000][67][info ][safepoint   ] Safepoint "Cleanup", Time since last: 4125118421 ns, Reaching safepoint: 272766 ns, At safepoint: 47724 ns, Total: 320490 ns
[2023-07-17T20:00:53.170+0000][67][info ][safepoint   ] Safepoint "Cleanup", Time since last: 12014581260 ns, Reaching safepoint: 243410 ns, At safepoint: 40839 ns, Total: 284249 ns
[2023-07-17T20:00:55.518+0000][67][info ][safepoint   ] Safepoint "Cleanup", Time since last: 2347233834 ns, Reaching safepoint: 502229 ns, At safepoint: 89580 ns, Total: 591809 ns
[2023-07-17T20:00:59.749+0000][67][info ][safepoint   ] Safepoint "Cleanup", Time since last: 4230230330 ns, Reaching safepoint: 210682 ns, At safepoint: 18258 ns, Total: 228940 ns
[2023-07-17T20:01:00.842+0000][67][info ][safepoint   ] Safepoint "Cleanup", Time since last: 1092370910 ns, Reaching safepoint: 389122 ns, At safepoint: 18997 ns, Total: 408119 ns
[2023-07-17T20:01:01.844+0000][67][info ][safepoint   ] Safepoint "Cleanup", Time since last: 1002278082 ns, Reaching safepoint: 588239 ns, At safepoint: 17008 ns, Total: 605247 ns
[2023-07-17T20:01:17.166+0000][67][info ][safepoint   ] Safepoint "Cleanup", Time since last: 15320903800 ns, Reaching safepoint: 419787 ns, At safepoint: 57825 ns, Total: 477612 ns
[2023-07-17T20:01:18.398+0000][67][info ][safepoint   ] Safepoint "Cleanup", Time since last: 1231633213 ns, Reaching safepoint: 410400 ns, At safepoint: 46259 ns, Total: 456659 ns
[2023-07-17T20:01:23.164+0000][67][info ][safepoint   ] Safepoint "Cleanup", Time since last: 4765128793 ns, Reaching safepoint: 290777 ns, At safepoint: 55216 ns, Total: 345993 ns
[2023-07-17T20:01:28.604+0000][67][info ][safepoint   ] Safepoint "Cleanup", Time since last: 5440011336 ns, Reaching safepoint: 300168 ns, At safepoint: 8537 ns, Total: 308705 ns
[2023-07-17T20:01:44.869+0000][67][info ][safepoint   ] Safepoint "Cleanup", Time since last: 16263923002 ns, Reaching safepoint: 833968 ns, At safepoint: 18407 ns, Total: 852375 ns
[2023-07-17T20:01:47.176+0000][67][info ][safepoint   ] Safepoint "Cleanup", Time since last: 2306662691 ns, Reaching safepoint: 280354 ns, At safepoint: 59408 ns, Total: 339762 ns
[2023-07-17T20:01:50.794+0000][67][info ][safepoint   ] Safepoint "Cleanup", Time since last: 3617508510 ns, Reaching safepoint: 741306 ns, At safepoint: 70686 ns, Total: 811992 ns
[2023-07-17T20:01:56.110+0000][67][info ][safepoint   ] Safepoint "Cleanup", Time since last: 5315104191 ns, Reaching safepoint: 598619 ns, At safepoint: 28526 ns, Total: 627145 ns
[2023-07-17T20:02:00.397+0000][67][info ][safepoint   ] Safepoint "Cleanup", Time since last: 4286324275 ns, Reaching safepoint: 306833 ns, At safepoint: 45727 ns, Total: 352560 ns
[2023-07-17T20:02:14.564+0000][67][info ][safepoint   ] Safepoint "Cleanup", Time since last: 14166941766 ns, Reaching safepoint: 301598 ns, At safepoint: 4903 ns, Total: 306501 ns
[2023-07-17T20:02:17.186+0000][67][info ][safepoint   ] Safepoint "Cleanup", Time since last: 2621907374 ns, Reaching safepoint: 248909 ns, At safepoint: 51778 ns, Total: 300687 ns
[2023-07-17T20:02:24.195+0000][67][info ][safepoint   ] Safepoint "Cleanup", Time since last: 7007929447 ns, Reaching safepoint: 298080 ns, At safepoint: 43200 ns, Total: 341280 ns
[2023-07-17T20:02:28.286+0000][67][info ][safepoint   ] Safepoint "Cleanup", Time since last: 4090955228 ns, Reaching safepoint: 357998 ns, At safepoint: 24958 ns, Total: 382956 ns
[2023-07-17T20:02:31.821+0000][67][info ][safepoint   ] Safepoint "Cleanup", Time since last: 3534435239 ns, Reaching safepoint: 598426 ns, At safepoint: 24786 ns, Total: 623212 ns
[2023-07-17T20:02:32.839+0000][67][info ][safepoint   ] Safepoint "Cleanup", Time since last: 1016557418 ns, Reaching safepoint: 355457 ns, At safepoint: 21764 ns, Total: 377221 ns
[2023-07-17T20:02:34.083+0000][67][info ][safepoint   ] Safepoint "Cleanup", Time since last: 1243975754 ns, Reaching safepoint: 361151 ns, At safepoint: 211979 ns, Total: 573130 ns
[2023-07-17T20:02:35.197+0000][67][info ][safepoint   ] Safepoint "Cleanup", Time since last: 1113508766 ns, Reaching safepoint: 304850 ns, At safepoint: 65586 ns, Total: 370436 ns
[2023-07-17T20:02:36.109+0000][67][info ][gc,heap,exit] Heap
[2023-07-17T20:02:36.112+0000][67][info ][gc,heap,exit]  garbage-first heap   total 4026368K, used 1575394K [0x000000070a400000, 0x0000000800000000)
[2023-07-17T20:02:36.115+0000][67][info ][gc,heap,exit]   region size 4096K, 358 young (1466368K), 2 survivors (8192K)
[2023-07-17T20:02:36.117+0000][67][info ][gc,heap,exit]  Metaspace       used 138064K, committed 141440K, reserved 1179648K
[2023-07-17T20:02:36.119+0000][67][info ][gc,heap,exit]   class space    used 17835K, committed 19456K, reserved 1048576K
