[2023-07-14T23:51:08.546+0000][30][info][gc,init] CardTable entry size: 512
[2023-07-14T23:51:08.548+0000][30][info][gc     ] Using G1
[2023-07-14T23:51:08.551+0000][30][info][gc,init] Version: 19.0.2+7-44 (release)
[2023-07-14T23:51:08.551+0000][30][info][gc,init] CPUs: 6 total, 6 available
[2023-07-14T23:51:08.552+0000][30][info][gc,init] Memory: 7859M
[2023-07-14T23:51:08.553+0000][30][info][gc,init] Large Page Support: Disabled
[2023-07-14T23:51:08.554+0000][30][info][gc,init] NUMA Support: Disabled
[2023-07-14T23:51:08.555+0000][30][info][gc,init] Compressed Oops: Enabled (32-bit)
[2023-07-14T23:51:08.556+0000][30][info][gc,init] Heap Region Size: 1M
[2023-07-14T23:51:08.556+0000][30][info][gc,init] Heap Min Capacity: 8M
[2023-07-14T23:51:08.557+0000][30][info][gc,init] Heap Initial Capacity: 124M
[2023-07-14T23:51:08.558+0000][30][info][gc,init] Heap Max Capacity: 1966M
[2023-07-14T23:51:08.558+0000][30][info][gc,init] Pre-touch: Disabled
[2023-07-14T23:51:08.559+0000][30][info][gc,init] Parallel Workers: 6
[2023-07-14T23:51:08.560+0000][30][info][gc,init] Concurrent Workers: 2
[2023-07-14T23:51:08.560+0000][30][info][gc,init] Concurrent Refinement Workers: 6
[2023-07-14T23:51:08.561+0000][30][info][gc,init] Periodic GC: Disabled
[2023-07-14T23:51:08.562+0000][30][info][gc,metaspace] CDS archive(s) mapped at: [0x0000000800000000-0x0000000800c4f000-0x0000000800c4f000), size 12906496, SharedBaseAddress: 0x0000000800000000, ArchiveRelocationMode: 0.
[2023-07-14T23:51:08.563+0000][30][info][gc,metaspace] Compressed class space mapped at: 0x0000000801000000-0x0000000841000000, reserved size: 1073741824
[2023-07-14T23:51:08.563+0000][30][info][gc,metaspace] Narrow klass base: 0x0000000800000000, Narrow klass shift: 0, Narrow klass range: 0x100000000
[2023-07-14T23:51:08.590+0000][30][info][gc,heap,exit] Heap
[2023-07-14T23:51:08.591+0000][30][info][gc,heap,exit]  garbage-first heap   total 129024K, used 2018K [0x0000000085200000, 0x0000000100000000)
[2023-07-14T23:51:08.592+0000][30][info][gc,heap,exit]   region size 1024K, 2 young (2048K), 0 survivors (0K)
[2023-07-14T23:51:08.593+0000][30][info][gc,heap,exit]  Metaspace       used 53K, committed 128K, reserved 1114112K
[2023-07-14T23:51:08.593+0000][30][info][gc,heap,exit]   class space    used 1K, committed 64K, reserved 1048576K
