[2023-07-17T18:28:47.334+0000][67][info][gc,init] CardTable entry size: 512
[2023-07-17T18:28:47.336+0000][67][info][gc     ] Using G1
[2023-07-17T18:28:47.934+0000][67][info][gc,init] Version: 19.0.2+7-44 (release)
[2023-07-17T18:28:47.936+0000][67][info][gc,init] CPUs: 6 total, 6 available
[2023-07-17T18:28:47.937+0000][67][info][gc,init] Memory: 7859M
[2023-07-17T18:28:47.938+0000][67][info][gc,init] Large Page Support: Disabled
[2023-07-17T18:28:47.939+0000][67][info][gc,init] NUMA Support: Disabled
[2023-07-17T18:28:47.940+0000][67][info][gc,init] Compressed Oops: Enabled (Zero based)
[2023-07-17T18:28:47.941+0000][67][info][gc,init] Heap Region Size: 4M
[2023-07-17T18:28:47.942+0000][67][info][gc,init] Heap Min Capacity: 3932M
[2023-07-17T18:28:47.943+0000][67][info][gc,init] Heap Initial Capacity: 3932M
[2023-07-17T18:28:47.944+0000][67][info][gc,init] Heap Max Capacity: 3932M
[2023-07-17T18:28:47.945+0000][67][info][gc,init] Pre-touch: Enabled
[2023-07-17T18:28:47.946+0000][67][info][gc,init] Parallel Workers: 6
[2023-07-17T18:28:47.947+0000][67][info][gc,init] Concurrent Workers: 2
[2023-07-17T18:28:47.948+0000][67][info][gc,init] Concurrent Refinement Workers: 6
[2023-07-17T18:28:47.949+0000][67][info][gc,init] Periodic GC: Disabled
[2023-07-17T18:28:47.950+0000][67][info][gc,metaspace] CDS archive(s) mapped at: [0x0000000800000000-0x0000000800c4f000-0x0000000800c4f000), size 12906496, SharedBaseAddress: 0x0000000800000000, ArchiveRelocationMode: 0.
[2023-07-17T18:28:47.951+0000][67][info][gc,metaspace] Compressed class space mapped at: 0x0000000801000000-0x0000000841000000, reserved size: 1073741824
[2023-07-17T18:28:47.952+0000][67][info][gc,metaspace] Narrow klass base: 0x0000000800000000, Narrow klass shift: 0, Narrow klass range: 0x100000000
[2023-07-17T18:28:48.204+0000][67][info][safepoint   ] Safepoint "ICBufferFull", Time since last: 244871576 ns, Reaching safepoint: 143276 ns, At safepoint: 26690 ns, Total: 169966 ns
[2023-07-17T18:28:48.635+0000][67][info][safepoint   ] Safepoint "ICBufferFull", Time since last: 431414817 ns, Reaching safepoint: 389760 ns, At safepoint: 35903 ns, Total: 425663 ns
[2023-07-17T18:28:49.002+0000][67][info][safepoint   ] Safepoint "ICBufferFull", Time since last: 366610295 ns, Reaching safepoint: 243490 ns, At safepoint: 3297 ns, Total: 246787 ns
[2023-07-17T18:28:49.275+0000][67][info][safepoint   ] Safepoint "ICBufferFull", Time since last: 272155390 ns, Reaching safepoint: 188710 ns, At safepoint: 29604 ns, Total: 218314 ns
[2023-07-17T18:28:49.896+0000][67][info][safepoint   ] Safepoint "ICBufferFull", Time since last: 621049490 ns, Reaching safepoint: 311650 ns, At safepoint: 6222 ns, Total: 317872 ns
[2023-07-17T18:28:50.226+0000][67][info][gc,start    ] GC(0) Pause Young (Normal) (G1 Evacuation Pause)
[2023-07-17T18:28:50.228+0000][67][info][gc,task     ] GC(0) Using 6 workers of 6 for evacuation
[2023-07-17T18:28:50.229+0000][67][debug][gc,age      ] GC(0) Desired survivor size 14680064 bytes, new threshold 15 (max threshold 15)
[2023-07-17T18:28:50.240+0000][67][info ][gc,phases   ] GC(0)   Pre Evacuate Collection Set: 0.3ms
[2023-07-17T18:28:50.241+0000][67][info ][gc,phases   ] GC(0)   Merge Heap Roots: 0.8ms
[2023-07-17T18:28:50.242+0000][67][info ][gc,phases   ] GC(0)   Evacuate Collection Set: 6.1ms
[2023-07-17T18:28:50.243+0000][67][info ][gc,phases   ] GC(0)   Post Evacuate Collection Set: 2.1ms
[2023-07-17T18:28:50.245+0000][67][info ][gc,phases   ] GC(0)   Other: 2.7ms
[2023-07-17T18:28:50.246+0000][67][trace][gc,age      ] GC(0) Age table with threshold 15 (max threshold 15)
[2023-07-17T18:28:50.247+0000][67][trace][gc,age      ] GC(0) - age   1:   11241752 bytes,   11241752 total
[2023-07-17T18:28:50.248+0000][67][info ][gc,heap     ] GC(0) Eden regions: 49->0(46)
[2023-07-17T18:28:50.248+0000][67][info ][gc,heap     ] GC(0) Survivor regions: 0->3(7)
[2023-07-17T18:28:50.249+0000][67][info ][gc,heap     ] GC(0) Old regions: 0->0
[2023-07-17T18:28:50.250+0000][67][info ][gc,heap     ] GC(0) Archive regions: 2->2
[2023-07-17T18:28:50.251+0000][67][info ][gc,heap     ] GC(0) Humongous regions: 0->0
[2023-07-17T18:28:50.253+0000][67][info ][gc,metaspace] GC(0) Metaspace: 17791K(18304K)->17791K(18304K) NonClass: 15800K(16064K)->15800K(16064K) Class: 1990K(2240K)->1990K(2240K)
[2023-07-17T18:28:50.254+0000][67][info ][gc          ] GC(0) Pause Young (Normal) (G1 Evacuation Pause) 199M->14M(3932M) 27.954ms
[2023-07-17T18:28:50.255+0000][67][info ][gc,cpu      ] GC(0) User=0.05s Sys=0.00s Real=0.03s
[2023-07-17T18:28:50.256+0000][67][info ][safepoint   ] Safepoint "G1CollectForAllocation", Time since last: 329659435 ns, Reaching safepoint: 291858 ns, At safepoint: 29893608 ns, Total: 30185466 ns
[2023-07-17T18:28:50.541+0000][67][info ][gc,start    ] GC(1) Pause Young (Concurrent Start) (Metadata GC Threshold)
[2023-07-17T18:28:50.543+0000][67][info ][gc,task     ] GC(1) Using 6 workers of 6 for evacuation
[2023-07-17T18:28:50.544+0000][67][debug][gc,age      ] GC(1) Desired survivor size 14680064 bytes, new threshold 15 (max threshold 15)
[2023-07-17T18:28:50.552+0000][67][info ][gc,phases   ] GC(1)   Pre Evacuate Collection Set: 0.3ms
[2023-07-17T18:28:50.553+0000][67][info ][gc,phases   ] GC(1)   Merge Heap Roots: 0.1ms
[2023-07-17T18:28:50.554+0000][67][info ][gc,phases   ] GC(1)   Evacuate Collection Set: 5.6ms
[2023-07-17T18:28:50.554+0000][67][info ][gc,phases   ] GC(1)   Post Evacuate Collection Set: 1.4ms
[2023-07-17T18:28:50.555+0000][67][info ][gc,phases   ] GC(1)   Other: 2.0ms
[2023-07-17T18:28:50.556+0000][67][trace][gc,age      ] GC(1) Age table with threshold 15 (max threshold 15)
[2023-07-17T18:28:50.556+0000][67][trace][gc,age      ] GC(1) - age   1:    1092216 bytes,    1092216 total
[2023-07-17T18:28:50.557+0000][67][trace][gc,age      ] GC(1) - age   2:    9744496 bytes,   10836712 total
[2023-07-17T18:28:50.558+0000][67][info ][gc,heap     ] GC(1) Eden regions: 15->0(46)
[2023-07-17T18:28:50.559+0000][67][info ][gc,heap     ] GC(1) Survivor regions: 3->3(7)
[2023-07-17T18:28:50.559+0000][67][info ][gc,heap     ] GC(1) Old regions: 0->0
[2023-07-17T18:28:50.560+0000][67][info ][gc,heap     ] GC(1) Archive regions: 2->2
[2023-07-17T18:28:50.561+0000][67][info ][gc,heap     ] GC(1) Humongous regions: 0->0
[2023-07-17T18:28:50.562+0000][67][info ][gc,metaspace] GC(1) Metaspace: 21046K(21504K)->21046K(21504K) NonClass: 18730K(18944K)->18730K(18944K) Class: 2315K(2560K)->2315K(2560K)
[2023-07-17T18:28:50.562+0000][67][info ][gc          ] GC(1) Pause Young (Concurrent Start) (Metadata GC Threshold) 74M->15M(3932M) 21.161ms
[2023-07-17T18:28:50.563+0000][67][info ][gc,cpu      ] GC(1) User=0.01s Sys=0.00s Real=0.02s
[2023-07-17T18:28:50.563+0000][67][info ][gc          ] GC(2) Concurrent Mark Cycle
[2023-07-17T18:28:50.565+0000][67][info ][gc,marking  ] GC(2) Concurrent Clear Claimed Marks
[2023-07-17T18:28:50.566+0000][67][info ][gc,marking  ] GC(2) Concurrent Clear Claimed Marks 0.815ms
[2023-07-17T18:28:50.566+0000][67][info ][gc,marking  ] GC(2) Concurrent Scan Root Regions
[2023-07-17T18:28:50.564+0000][67][info ][safepoint   ] Safepoint "CollectForMetadataAllocation", Time since last: 285277880 ns, Reaching safepoint: 235073 ns, At safepoint: 22986470 ns, Total: 23221543 ns
[2023-07-17T18:28:50.570+0000][67][info ][gc,marking  ] GC(2) Concurrent Scan Root Regions 3.966ms
[2023-07-17T18:28:50.571+0000][67][info ][gc,marking  ] GC(2) Concurrent Mark
[2023-07-17T18:28:50.572+0000][67][info ][gc,marking  ] GC(2) Concurrent Mark From Roots
[2023-07-17T18:28:50.573+0000][67][info ][gc,task     ] GC(2) Using 2 workers of 2 for marking
[2023-07-17T18:28:50.575+0000][67][info ][gc,marking  ] GC(2) Concurrent Mark From Roots 2.677ms
[2023-07-17T18:28:50.576+0000][67][info ][gc,marking  ] GC(2) Concurrent Preclean
[2023-07-17T18:28:50.576+0000][67][info ][gc,marking  ] GC(2) Concurrent Preclean 0.671ms
[2023-07-17T18:28:50.578+0000][67][info ][gc,start    ] GC(2) Pause Remark
[2023-07-17T18:28:50.581+0000][67][info ][gc          ] GC(2) Pause Remark 18M->18M(3932M) 2.907ms
[2023-07-17T18:28:50.582+0000][67][info ][gc,cpu      ] GC(2) User=0.01s Sys=0.00s Real=0.00s
[2023-07-17T18:28:50.583+0000][67][info ][safepoint   ] Safepoint "G1PauseRemark", Time since last: 13106228 ns, Reaching safepoint: 645178 ns, At safepoint: 5138476 ns, Total: 5783654 ns
[2023-07-17T18:28:50.584+0000][67][info ][gc,marking  ] GC(2) Concurrent Mark 12.532ms
[2023-07-17T18:28:50.585+0000][67][info ][gc,marking  ] GC(2) Concurrent Rebuild Remembered Sets
[2023-07-17T18:28:50.585+0000][67][info ][gc,marking  ] GC(2) Concurrent Rebuild Remembered Sets 0.813ms
[2023-07-17T18:28:50.586+0000][67][info ][gc,start    ] GC(2) Pause Cleanup
[2023-07-17T18:28:50.587+0000][67][info ][gc          ] GC(2) Pause Cleanup 18M->18M(3932M) 0.766ms
[2023-07-17T18:28:50.588+0000][67][info ][gc,cpu      ] GC(2) User=0.00s Sys=0.00s Real=0.01s
[2023-07-17T18:28:50.589+0000][67][info ][safepoint   ] Safepoint "G1PauseCleanup", Time since last: 3044056 ns, Reaching safepoint: 142692 ns, At safepoint: 2516231 ns, Total: 2658923 ns
[2023-07-17T18:28:50.590+0000][67][info ][gc,marking  ] GC(2) Concurrent Cleanup for Next Mark
[2023-07-17T18:28:50.594+0000][67][info ][gc,marking  ] GC(2) Concurrent Cleanup for Next Mark 4.492ms
[2023-07-17T18:28:50.595+0000][67][info ][gc          ] GC(2) Concurrent Mark Cycle 31.715ms
[2023-07-17T18:28:50.990+0000][67][info ][safepoint   ] Safepoint "ICBufferFull", Time since last: 400943761 ns, Reaching safepoint: 240464 ns, At safepoint: 74992 ns, Total: 315456 ns
[2023-07-17T18:28:51.220+0000][67][info ][gc,start    ] GC(3) Pause Young (Normal) (G1 Evacuation Pause)
[2023-07-17T18:28:51.221+0000][67][info ][gc,task     ] GC(3) Using 6 workers of 6 for evacuation
[2023-07-17T18:28:51.222+0000][67][debug][gc,age      ] GC(3) Desired survivor size 14680064 bytes, new threshold 15 (max threshold 15)
[2023-07-17T18:28:51.230+0000][67][info ][gc,phases   ] GC(3)   Pre Evacuate Collection Set: 0.2ms
[2023-07-17T18:28:51.231+0000][67][info ][gc,phases   ] GC(3)   Merge Heap Roots: 0.1ms
[2023-07-17T18:28:51.232+0000][67][info ][gc,phases   ] GC(3)   Evacuate Collection Set: 5.8ms
[2023-07-17T18:28:51.232+0000][67][info ][gc,phases   ] GC(3)   Post Evacuate Collection Set: 1.6ms
[2023-07-17T18:28:51.233+0000][67][info ][gc,phases   ] GC(3)   Other: 1.6ms
[2023-07-17T18:28:51.234+0000][67][trace][gc,age      ] GC(3) Age table with threshold 15 (max threshold 15)
[2023-07-17T18:28:51.235+0000][67][trace][gc,age      ] GC(3) - age   1:    6843616 bytes,    6843616 total
[2023-07-17T18:28:51.235+0000][67][trace][gc,age      ] GC(3) - age   2:    1063328 bytes,    7906944 total
[2023-07-17T18:28:51.236+0000][67][trace][gc,age      ] GC(3) - age   3:    9736816 bytes,   17643760 total
[2023-07-17T18:28:51.237+0000][67][info ][gc,heap     ] GC(3) Eden regions: 46->0(80)
[2023-07-17T18:28:51.237+0000][67][info ][gc,heap     ] GC(3) Survivor regions: 3->5(7)
[2023-07-17T18:28:51.238+0000][67][info ][gc,heap     ] GC(3) Old regions: 0->0
[2023-07-17T18:28:51.239+0000][67][info ][gc,heap     ] GC(3) Archive regions: 2->2
[2023-07-17T18:28:51.240+0000][67][info ][gc,heap     ] GC(3) Humongous regions: 0->0
[2023-07-17T18:28:51.240+0000][67][info ][gc,metaspace] GC(3) Metaspace: 25403K(26048K)->25403K(26048K) NonClass: 22494K(22848K)->22494K(22848K) Class: 2909K(3200K)->2909K(3200K)
[2023-07-17T18:28:51.241+0000][67][info ][gc          ] GC(3) Pause Young (Normal) (G1 Evacuation Pause) 199M->21M(3932M) 21.598ms
[2023-07-17T18:28:51.242+0000][67][info ][gc,cpu      ] GC(3) User=0.04s Sys=0.00s Real=0.02s
[2023-07-17T18:28:51.243+0000][67][info ][safepoint   ] Safepoint "G1CollectForAllocation", Time since last: 229298313 ns, Reaching safepoint: 210074 ns, At safepoint: 22995961 ns, Total: 23206035 ns
[2023-07-17T18:28:51.540+0000][67][info ][safepoint   ] Safepoint "ICBufferFull", Time since last: 297126508 ns, Reaching safepoint: 174255 ns, At safepoint: 28447 ns, Total: 202702 ns
[2023-07-17T18:28:52.024+0000][67][info ][gc,start    ] GC(4) Pause Young (Normal) (G1 Evacuation Pause)
[2023-07-17T18:28:52.026+0000][67][info ][gc,task     ] GC(4) Using 6 workers of 6 for evacuation
[2023-07-17T18:28:52.027+0000][67][debug][gc,age      ] GC(4) Desired survivor size 23068672 bytes, new threshold 15 (max threshold 15)
[2023-07-17T18:28:52.037+0000][67][info ][gc,phases   ] GC(4)   Pre Evacuate Collection Set: 0.3ms
[2023-07-17T18:28:52.037+0000][67][info ][gc,phases   ] GC(4)   Merge Heap Roots: 0.1ms
[2023-07-17T18:28:52.038+0000][67][info ][gc,phases   ] GC(4)   Evacuate Collection Set: 6.1ms
[2023-07-17T18:28:52.039+0000][67][info ][gc,phases   ] GC(4)   Post Evacuate Collection Set: 1.6ms
[2023-07-17T18:28:52.040+0000][67][info ][gc,phases   ] GC(4)   Other: 2.9ms
[2023-07-17T18:28:52.041+0000][67][trace][gc,age      ] GC(4) Age table with threshold 15 (max threshold 15)
[2023-07-17T18:28:52.041+0000][67][trace][gc,age      ] GC(4) - age   1:    5544792 bytes,    5544792 total
[2023-07-17T18:28:52.042+0000][67][trace][gc,age      ] GC(4) - age   2:    5133384 bytes,   10678176 total
[2023-07-17T18:28:52.043+0000][67][trace][gc,age      ] GC(4) - age   3:    1062992 bytes,   11741168 total
[2023-07-17T18:28:52.044+0000][67][trace][gc,age      ] GC(4) - age   4:    9732640 bytes,   21473808 total
[2023-07-17T18:28:52.044+0000][67][info ][gc,heap     ] GC(4) Eden regions: 80->0(157)
[2023-07-17T18:28:52.045+0000][67][info ][gc,heap     ] GC(4) Survivor regions: 5->6(11)
[2023-07-17T18:28:52.046+0000][67][info ][gc,heap     ] GC(4) Old regions: 0->0
[2023-07-17T18:28:52.047+0000][67][info ][gc,heap     ] GC(4) Archive regions: 2->2
[2023-07-17T18:28:52.048+0000][67][info ][gc,heap     ] GC(4) Humongous regions: 0->0
[2023-07-17T18:28:52.048+0000][67][info ][gc,metaspace] GC(4) Metaspace: 31329K(32000K)->31329K(32000K) NonClass: 27773K(28160K)->27773K(28160K) Class: 3556K(3840K)->3556K(3840K)
[2023-07-17T18:28:52.049+0000][67][info ][gc          ] GC(4) Pause Young (Normal) (G1 Evacuation Pause) 341M->26M(3932M) 24.756ms
[2023-07-17T18:28:52.050+0000][67][info ][gc,cpu      ] GC(4) User=0.03s Sys=0.01s Real=0.03s
[2023-07-17T18:28:52.050+0000][67][info ][safepoint   ] Safepoint "G1CollectForAllocation", Time since last: 483945510 ns, Reaching safepoint: 318138 ns, At safepoint: 26175639 ns, Total: 26493777 ns
[2023-07-17T18:28:52.773+0000][67][info ][safepoint   ] Safepoint "ICBufferFull", Time since last: 722135950 ns, Reaching safepoint: 253003 ns, At safepoint: 2426 ns, Total: 255429 ns
[2023-07-17T18:28:53.052+0000][67][info ][gc,start    ] GC(5) Pause Young (Normal) (G1 Evacuation Pause)
[2023-07-17T18:28:53.053+0000][67][info ][gc,task     ] GC(5) Using 6 workers of 6 for evacuation
[2023-07-17T18:28:53.054+0000][67][debug][gc,age      ] GC(5) Desired survivor size 44040192 bytes, new threshold 15 (max threshold 15)
[2023-07-17T18:28:53.068+0000][67][info ][gc,phases   ] GC(5)   Pre Evacuate Collection Set: 0.2ms
[2023-07-17T18:28:53.069+0000][67][info ][gc,phases   ] GC(5)   Merge Heap Roots: 0.3ms
[2023-07-17T18:28:53.070+0000][67][info ][gc,phases   ] GC(5)   Evacuate Collection Set: 10.2ms
[2023-07-17T18:28:53.071+0000][67][info ][gc,phases   ] GC(5)   Post Evacuate Collection Set: 2.1ms
[2023-07-17T18:28:53.072+0000][67][info ][gc,phases   ] GC(5)   Other: 1.7ms
[2023-07-17T18:28:53.072+0000][67][trace][gc,age      ] GC(5) Age table with threshold 15 (max threshold 15)
[2023-07-17T18:28:53.073+0000][67][trace][gc,age      ] GC(5) - age   1:    8189712 bytes,    8189712 total
[2023-07-17T18:28:53.074+0000][67][trace][gc,age      ] GC(5) - age   2:    5364256 bytes,   13553968 total
[2023-07-17T18:28:53.075+0000][67][trace][gc,age      ] GC(5) - age   3:    5129200 bytes,   18683168 total
[2023-07-17T18:28:53.075+0000][67][trace][gc,age      ] GC(5) - age   4:    1061296 bytes,   19744464 total
[2023-07-17T18:28:53.076+0000][67][trace][gc,age      ] GC(5) - age   5:    9698000 bytes,   29442464 total
[2023-07-17T18:28:53.077+0000][67][info ][gc,heap     ] GC(5) Eden regions: 157->0(581)
[2023-07-17T18:28:53.078+0000][67][info ][gc,heap     ] GC(5) Survivor regions: 6->8(21)
[2023-07-17T18:28:53.079+0000][67][info ][gc,heap     ] GC(5) Old regions: 0->0
[2023-07-17T18:28:53.079+0000][67][info ][gc,heap     ] GC(5) Archive regions: 2->2
[2023-07-17T18:28:53.080+0000][67][info ][gc,heap     ] GC(5) Humongous regions: 0->0
[2023-07-17T18:28:53.081+0000][67][info ][gc,metaspace] GC(5) Metaspace: 33868K(34688K)->33868K(34688K) NonClass: 29987K(30464K)->29987K(30464K) Class: 3881K(4224K)->3881K(4224K)
[2023-07-17T18:28:53.082+0000][67][info ][gc          ] GC(5) Pause Young (Normal) (G1 Evacuation Pause) 654M->33M(3932M) 29.538ms
[2023-07-17T18:28:53.082+0000][67][info ][gc,cpu      ] GC(5) User=0.04s Sys=0.00s Real=0.03s
[2023-07-17T18:28:53.083+0000][67][info ][safepoint   ] Safepoint "G1CollectForAllocation", Time since last: 278987949 ns, Reaching safepoint: 165118 ns, At safepoint: 30995550 ns, Total: 31160668 ns
[2023-07-17T18:28:53.271+0000][67][info ][gc,start    ] GC(6) Pause Young (Concurrent Start) (Metadata GC Threshold)
[2023-07-17T18:28:53.272+0000][67][info ][gc,task     ] GC(6) Using 6 workers of 6 for evacuation
[2023-07-17T18:28:53.273+0000][67][debug][gc,age      ] GC(6) Desired survivor size 155189248 bytes, new threshold 15 (max threshold 15)
[2023-07-17T18:28:53.286+0000][67][info ][gc,phases   ] GC(6)   Pre Evacuate Collection Set: 0.4ms
[2023-07-17T18:28:53.287+0000][67][info ][gc,phases   ] GC(6)   Merge Heap Roots: 0.1ms
[2023-07-17T18:28:53.288+0000][67][info ][gc,phases   ] GC(6)   Evacuate Collection Set: 9.1ms
[2023-07-17T18:28:53.289+0000][67][info ][gc,phases   ] GC(6)   Post Evacuate Collection Set: 2.0ms
[2023-07-17T18:28:53.290+0000][67][info ][gc,phases   ] GC(6)   Other: 2.2ms
[2023-07-17T18:28:53.290+0000][67][trace][gc,age      ] GC(6) Age table with threshold 15 (max threshold 15)
[2023-07-17T18:28:53.291+0000][67][trace][gc,age      ] GC(6) - age   1:    1006656 bytes,    1006656 total
[2023-07-17T18:28:53.292+0000][67][trace][gc,age      ] GC(6) - age   2:    7931424 bytes,    8938080 total
[2023-07-17T18:28:53.293+0000][67][trace][gc,age      ] GC(6) - age   3:    5348368 bytes,   14286448 total
[2023-07-17T18:28:53.294+0000][67][trace][gc,age      ] GC(6) - age   4:    5117992 bytes,   19404440 total
[2023-07-17T18:28:53.295+0000][67][trace][gc,age      ] GC(6) - age   5:    1059552 bytes,   20463992 total
[2023-07-17T18:28:53.295+0000][67][trace][gc,age      ] GC(6) - age   6:    9578872 bytes,   30042864 total
[2023-07-17T18:28:53.296+0000][67][info ][gc,heap     ] GC(6) Eden regions: 8->0(581)
[2023-07-17T18:28:53.297+0000][67][info ][gc,heap     ] GC(6) Survivor regions: 8->8(74)
[2023-07-17T18:28:53.297+0000][67][info ][gc,heap     ] GC(6) Old regions: 0->0
[2023-07-17T18:28:53.298+0000][67][info ][gc,heap     ] GC(6) Archive regions: 2->2
[2023-07-17T18:28:53.299+0000][67][info ][gc,heap     ] GC(6) Humongous regions: 0->0
[2023-07-17T18:28:53.299+0000][67][info ][gc,metaspace] GC(6) Metaspace: 35452K(36288K)->35452K(36288K) NonClass: 31373K(31872K)->31373K(31872K) Class: 4078K(4416K)->4078K(4416K)
[2023-07-17T18:28:53.300+0000][67][info ][gc          ] GC(6) Pause Young (Concurrent Start) (Metadata GC Threshold) 65M->35M(3932M) 29.540ms
[2023-07-17T18:28:53.301+0000][67][info ][gc,cpu      ] GC(6) User=0.04s Sys=0.01s Real=0.03s
[2023-07-17T18:28:53.301+0000][67][info ][gc          ] GC(7) Concurrent Mark Cycle
[2023-07-17T18:28:53.302+0000][67][info ][gc,marking  ] GC(7) Concurrent Clear Claimed Marks
[2023-07-17T18:28:53.303+0000][67][info ][gc,marking  ] GC(7) Concurrent Clear Claimed Marks 0.725ms
[2023-07-17T18:28:53.304+0000][67][info ][gc,marking  ] GC(7) Concurrent Scan Root Regions
[2023-07-17T18:28:53.302+0000][67][info ][safepoint   ] Safepoint "CollectForMetadataAllocation", Time since last: 187541425 ns, Reaching safepoint: 173667 ns, At safepoint: 31213632 ns, Total: 31387299 ns
[2023-07-17T18:28:53.309+0000][67][info ][gc,marking  ] GC(7) Concurrent Scan Root Regions 5.269ms
[2023-07-17T18:28:53.310+0000][67][info ][gc,marking  ] GC(7) Concurrent Mark
[2023-07-17T18:28:53.311+0000][67][info ][gc,marking  ] GC(7) Concurrent Mark From Roots
[2023-07-17T18:28:53.312+0000][67][info ][gc,task     ] GC(7) Using 2 workers of 2 for marking
[2023-07-17T18:28:53.314+0000][67][info ][gc,marking  ] GC(7) Concurrent Mark From Roots 3.216ms
[2023-07-17T18:28:53.316+0000][67][info ][gc,marking  ] GC(7) Concurrent Preclean
[2023-07-17T18:28:53.316+0000][67][info ][gc,marking  ] GC(7) Concurrent Preclean 0.739ms
[2023-07-17T18:28:53.317+0000][67][info ][gc,start    ] GC(7) Pause Remark
[2023-07-17T18:28:53.321+0000][67][info ][gc          ] GC(7) Pause Remark 39M->39M(3932M) 4.022ms
[2023-07-17T18:28:53.322+0000][67][info ][gc,cpu      ] GC(7) User=0.01s Sys=0.00s Real=0.00s
[2023-07-17T18:28:53.323+0000][67][info ][safepoint   ] Safepoint "G1PauseRemark", Time since last: 14994917 ns, Reaching safepoint: 136467 ns, At safepoint: 5775913 ns, Total: 5912380 ns
[2023-07-17T18:28:53.324+0000][67][info ][gc,marking  ] GC(7) Concurrent Mark 13.665ms
[2023-07-17T18:28:53.325+0000][67][info ][gc,marking  ] GC(7) Concurrent Rebuild Remembered Sets
[2023-07-17T18:28:53.326+0000][67][info ][gc,marking  ] GC(7) Concurrent Rebuild Remembered Sets 0.676ms
[2023-07-17T18:28:53.326+0000][67][info ][gc,start    ] GC(7) Pause Cleanup
[2023-07-17T18:28:53.327+0000][67][info ][gc          ] GC(7) Pause Cleanup 39M->39M(3932M) 0.780ms
[2023-07-17T18:28:53.328+0000][67][info ][gc,cpu      ] GC(7) User=0.00s Sys=0.00s Real=0.01s
[2023-07-17T18:28:53.329+0000][67][info ][safepoint   ] Safepoint "G1PauseCleanup", Time since last: 3584958 ns, Reaching safepoint: 28066 ns, At safepoint: 2360388 ns, Total: 2388454 ns
[2023-07-17T18:28:53.329+0000][67][info ][gc,marking  ] GC(7) Concurrent Cleanup for Next Mark
[2023-07-17T18:28:53.334+0000][67][info ][gc,marking  ] GC(7) Concurrent Cleanup for Next Mark 4.046ms
[2023-07-17T18:28:53.335+0000][67][info ][gc          ] GC(7) Concurrent Mark Cycle 33.662ms
[2023-07-17T18:28:53.943+0000][67][info ][safepoint   ] Safepoint "ICBufferFull", Time since last: 614224597 ns, Reaching safepoint: 260298 ns, At safepoint: 3869 ns, Total: 264167 ns
[2023-07-17T18:28:54.162+0000][67][info ][safepoint   ] Safepoint "ICBufferFull", Time since last: 218856387 ns, Reaching safepoint: 215395 ns, At safepoint: 28658 ns, Total: 244053 ns
[2023-07-17T18:28:55.164+0000][67][info ][safepoint   ] Safepoint "Cleanup", Time since last: 1001422265 ns, Reaching safepoint: 327486 ns, At safepoint: 33894 ns, Total: 361380 ns
[2023-07-17T18:28:56.352+0000][67][info ][safepoint   ] Safepoint "Cleanup", Time since last: 1187306206 ns, Reaching safepoint: 186155 ns, At safepoint: 26349 ns, Total: 212504 ns
[2023-07-17T18:28:56.845+0000][67][info ][safepoint   ] Safepoint "ICBufferFull", Time since last: 492711510 ns, Reaching safepoint: 228047 ns, At safepoint: 3049 ns, Total: 231096 ns
[2023-07-17T18:28:57.045+0000][67][info ][gc,start    ] GC(8) Pause Young (Concurrent Start) (Metadata GC Threshold)
[2023-07-17T18:28:57.047+0000][67][info ][gc,task     ] GC(8) Using 6 workers of 6 for evacuation
[2023-07-17T18:28:57.048+0000][67][debug][gc,age      ] GC(8) Desired survivor size 155189248 bytes, new threshold 15 (max threshold 15)
[2023-07-17T18:28:57.075+0000][67][info ][gc,phases   ] GC(8)   Pre Evacuate Collection Set: 0.5ms
[2023-07-17T18:28:57.076+0000][67][info ][gc,phases   ] GC(8)   Merge Heap Roots: 0.2ms
[2023-07-17T18:28:57.077+0000][67][info ][gc,phases   ] GC(8)   Evacuate Collection Set: 22.3ms
[2023-07-17T18:28:57.079+0000][67][info ][gc,phases   ] GC(8)   Post Evacuate Collection Set: 2.7ms
[2023-07-17T18:28:57.080+0000][67][info ][gc,phases   ] GC(8)   Other: 2.6ms
[2023-07-17T18:28:57.081+0000][67][trace][gc,age      ] GC(8) Age table with threshold 15 (max threshold 15)
[2023-07-17T18:28:57.082+0000][67][trace][gc,age      ] GC(8) - age   1:   25040776 bytes,   25040776 total
[2023-07-17T18:28:57.083+0000][67][trace][gc,age      ] GC(8) - age   2:     959872 bytes,   26000648 total
[2023-07-17T18:28:57.084+0000][67][trace][gc,age      ] GC(8) - age   3:    7899432 bytes,   33900080 total
[2023-07-17T18:28:57.085+0000][67][trace][gc,age      ] GC(8) - age   4:    5334432 bytes,   39234512 total
[2023-07-17T18:28:57.086+0000][67][trace][gc,age      ] GC(8) - age   5:    5089232 bytes,   44323744 total
[2023-07-17T18:28:57.086+0000][67][trace][gc,age      ] GC(8) - age   6:    1055184 bytes,   45378928 total
[2023-07-17T18:28:57.088+0000][67][trace][gc,age      ] GC(8) - age   7:    9509704 bytes,   54888632 total
[2023-07-17T18:28:57.089+0000][67][info ][gc,heap     ] GC(8) Eden regions: 113->0(530)
[2023-07-17T18:28:57.090+0000][67][info ][gc,heap     ] GC(8) Survivor regions: 8->14(74)
[2023-07-17T18:28:57.090+0000][67][info ][gc,heap     ] GC(8) Old regions: 0->0
[2023-07-17T18:28:57.091+0000][67][info ][gc,heap     ] GC(8) Archive regions: 2->2
[2023-07-17T18:28:57.092+0000][67][info ][gc,heap     ] GC(8) Humongous regions: 0->0
[2023-07-17T18:28:57.093+0000][67][info ][gc,metaspace] GC(8) Metaspace: 59490K(60928K)->59490K(60928K) NonClass: 52111K(52928K)->52111K(52928K) Class: 7378K(8000K)->7378K(8000K)
[2023-07-17T18:28:57.093+0000][67][info ][gc          ] GC(8) Pause Young (Concurrent Start) (Metadata GC Threshold) 487M->59M(3932M) 48.191ms
[2023-07-17T18:28:57.094+0000][67][info ][gc,cpu      ] GC(8) User=0.10s Sys=0.00s Real=0.05s
[2023-07-17T18:28:57.094+0000][67][info ][gc          ] GC(9) Concurrent Mark Cycle
[2023-07-17T18:28:57.096+0000][67][info ][gc,marking  ] GC(9) Concurrent Clear Claimed Marks
[2023-07-17T18:28:57.097+0000][67][info ][gc,marking  ] GC(9) Concurrent Clear Claimed Marks 0.653ms
[2023-07-17T18:28:57.097+0000][67][info ][gc,marking  ] GC(9) Concurrent Scan Root Regions
[2023-07-17T18:28:57.098+0000][67][info ][safepoint   ] Safepoint "CollectForMetadataAllocation", Time since last: 200397648 ns, Reaching safepoint: 237030 ns, At safepoint: 52973910 ns, Total: 53210940 ns
[2023-07-17T18:28:57.110+0000][67][info ][gc,marking  ] GC(9) Concurrent Scan Root Regions 12.835ms
[2023-07-17T18:28:57.111+0000][67][info ][gc,marking  ] GC(9) Concurrent Mark
[2023-07-17T18:28:57.112+0000][67][info ][gc,marking  ] GC(9) Concurrent Mark From Roots
[2023-07-17T18:28:57.113+0000][67][info ][gc,task     ] GC(9) Using 2 workers of 2 for marking
[2023-07-17T18:28:57.115+0000][67][info ][gc,marking  ] GC(9) Concurrent Mark From Roots 2.428ms
[2023-07-17T18:28:57.115+0000][67][info ][gc,marking  ] GC(9) Concurrent Preclean
[2023-07-17T18:28:57.116+0000][67][info ][gc,marking  ] GC(9) Concurrent Preclean 0.695ms
[2023-07-17T18:28:57.117+0000][67][info ][gc,start    ] GC(9) Pause Remark
[2023-07-17T18:28:57.121+0000][67][info ][gc          ] GC(9) Pause Remark 63M->63M(3932M) 3.759ms
[2023-07-17T18:28:57.122+0000][67][info ][gc,cpu      ] GC(9) User=0.01s Sys=0.01s Real=0.00s
[2023-07-17T18:28:57.123+0000][67][info ][safepoint   ] Safepoint "G1PauseRemark", Time since last: 18846293 ns, Reaching safepoint: 265468 ns, At safepoint: 5326949 ns, Total: 5592417 ns
[2023-07-17T18:28:57.123+0000][67][info ][gc,marking  ] GC(9) Concurrent Mark 12.079ms
[2023-07-17T18:28:57.124+0000][67][info ][gc,marking  ] GC(9) Concurrent Rebuild Remembered Sets
[2023-07-17T18:28:57.125+0000][67][info ][gc,marking  ] GC(9) Concurrent Rebuild Remembered Sets 0.540ms
[2023-07-17T18:28:57.126+0000][67][info ][gc,start    ] GC(9) Pause Cleanup
[2023-07-17T18:28:57.126+0000][67][info ][gc          ] GC(9) Pause Cleanup 63M->63M(3932M) 0.727ms
[2023-07-17T18:28:57.127+0000][67][info ][gc,cpu      ] GC(9) User=0.00s Sys=0.00s Real=0.01s
[2023-07-17T18:28:57.128+0000][67][info ][safepoint   ] Safepoint "G1PauseCleanup", Time since last: 2756452 ns, Reaching safepoint: 292616 ns, At safepoint: 2393485 ns, Total: 2686101 ns
[2023-07-17T18:28:57.129+0000][67][info ][gc,marking  ] GC(9) Concurrent Cleanup for Next Mark
[2023-07-17T18:28:57.134+0000][67][info ][gc,marking  ] GC(9) Concurrent Cleanup for Next Mark 4.807ms
[2023-07-17T18:28:57.135+0000][67][info ][gc          ] GC(9) Concurrent Mark Cycle 40.427ms
[2023-07-17T18:28:58.130+0000][67][info ][safepoint   ] Safepoint "Cleanup", Time since last: 1001186999 ns, Reaching safepoint: 384368 ns, At safepoint: 67928 ns, Total: 452296 ns
[2023-07-17T18:28:59.493+0000][67][info ][safepoint   ] Safepoint "ICBufferFull", Time since last: 1362316052 ns, Reaching safepoint: 905040 ns, At safepoint: 4814 ns, Total: 909854 ns
[2023-07-17T18:29:00.485+0000][67][info ][safepoint   ] Safepoint "ICBufferFull", Time since last: 991488944 ns, Reaching safepoint: 316938 ns, At safepoint: 28959 ns, Total: 345897 ns
[2023-07-17T18:29:00.666+0000][67][info ][gc,start    ] GC(10) Pause Young (Concurrent Start) (Metadata GC Threshold)
[2023-07-17T18:29:00.667+0000][67][info ][gc,task     ] GC(10) Using 6 workers of 6 for evacuation
[2023-07-17T18:29:00.669+0000][67][debug][gc,age      ] GC(10) Desired survivor size 142606336 bytes, new threshold 15 (max threshold 15)
[2023-07-17T18:29:00.707+0000][67][info ][gc,phases   ] GC(10)   Pre Evacuate Collection Set: 0.7ms
[2023-07-17T18:29:00.708+0000][67][info ][gc,phases   ] GC(10)   Merge Heap Roots: 0.2ms
[2023-07-17T18:29:00.709+0000][67][info ][gc,phases   ] GC(10)   Evacuate Collection Set: 33.0ms
[2023-07-17T18:29:00.710+0000][67][info ][gc,phases   ] GC(10)   Post Evacuate Collection Set: 3.5ms
[2023-07-17T18:29:00.711+0000][67][info ][gc,phases   ] GC(10)   Other: 2.2ms
[2023-07-17T18:29:00.712+0000][67][trace][gc,age      ] GC(10) Age table with threshold 15 (max threshold 15)
[2023-07-17T18:29:00.713+0000][67][trace][gc,age      ] GC(10) - age   1:   16163120 bytes,   16163120 total
[2023-07-17T18:29:00.714+0000][67][trace][gc,age      ] GC(10) - age   2:   24486880 bytes,   40650000 total
[2023-07-17T18:29:00.715+0000][67][trace][gc,age      ] GC(10) - age   3:     951280 bytes,   41601280 total
[2023-07-17T18:29:00.716+0000][67][trace][gc,age      ] GC(10) - age   4:    7843240 bytes,   49444520 total
[2023-07-17T18:29:00.717+0000][67][trace][gc,age      ] GC(10) - age   5:    5307800 bytes,   54752320 total
[2023-07-17T18:29:00.719+0000][67][trace][gc,age      ] GC(10) - age   6:    5071264 bytes,   59823584 total
[2023-07-17T18:29:00.720+0000][67][trace][gc,age      ] GC(10) - age   7:    1048984 bytes,   60872568 total
[2023-07-17T18:29:00.721+0000][67][trace][gc,age      ] GC(10) - age   8:    9486136 bytes,   70358704 total
[2023-07-17T18:29:00.722+0000][67][info ][gc,heap     ] GC(10) Eden regions: 115->0(247)
[2023-07-17T18:29:00.722+0000][67][info ][gc,heap     ] GC(10) Survivor regions: 14->18(68)
[2023-07-17T18:29:00.723+0000][67][info ][gc,heap     ] GC(10) Old regions: 0->0
[2023-07-17T18:29:00.724+0000][67][info ][gc,heap     ] GC(10) Archive regions: 2->2
[2023-07-17T18:29:00.724+0000][67][info ][gc,heap     ] GC(10) Humongous regions: 0->0
[2023-07-17T18:29:00.725+0000][67][info ][gc,metaspace] GC(10) Metaspace: 99531K(101888K)->99531K(101888K) NonClass: 86563K(87808K)->86563K(87808K) Class: 12968K(14080K)->12968K(14080K)
[2023-07-17T18:29:00.726+0000][67][info ][gc          ] GC(10) Pause Young (Concurrent Start) (Metadata GC Threshold) 517M->75M(3932M) 60.334ms
[2023-07-17T18:29:00.727+0000][67][info ][gc,cpu      ] GC(10) User=0.16s Sys=0.00s Real=0.06s
[2023-07-17T18:29:00.727+0000][67][info ][gc          ] GC(11) Concurrent Mark Cycle
[2023-07-17T18:29:00.728+0000][67][info ][gc,marking  ] GC(11) Concurrent Clear Claimed Marks
[2023-07-17T18:29:00.729+0000][67][info ][gc,marking  ] GC(11) Concurrent Clear Claimed Marks 0.756ms
[2023-07-17T18:29:00.730+0000][67][info ][gc,marking  ] GC(11) Concurrent Scan Root Regions
[2023-07-17T18:29:00.730+0000][67][info ][safepoint   ] Safepoint "CollectForMetadataAllocation", Time since last: 180763646 ns, Reaching safepoint: 240502 ns, At safepoint: 64332275 ns, Total: 64572777 ns
[2023-07-17T18:29:00.752+0000][67][info ][gc,marking  ] GC(11) Concurrent Scan Root Regions 22.701ms
[2023-07-17T18:29:00.754+0000][67][info ][gc,marking  ] GC(11) Concurrent Mark
[2023-07-17T18:29:00.755+0000][67][info ][gc,marking  ] GC(11) Concurrent Mark From Roots
[2023-07-17T18:29:00.756+0000][67][info ][gc,task     ] GC(11) Using 2 workers of 2 for marking
[2023-07-17T18:29:00.759+0000][67][info ][gc,marking  ] GC(11) Concurrent Mark From Roots 4.467ms
[2023-07-17T18:29:00.762+0000][67][info ][gc,marking  ] GC(11) Concurrent Preclean
[2023-07-17T18:29:00.763+0000][67][info ][gc,marking  ] GC(11) Concurrent Preclean 1.262ms
[2023-07-17T18:29:00.764+0000][67][info ][gc,start    ] GC(11) Pause Remark
[2023-07-17T18:29:00.772+0000][67][info ][gc          ] GC(11) Pause Remark 79M->79M(3932M) 7.817ms
[2023-07-17T18:29:00.773+0000][67][info ][gc,cpu      ] GC(11) User=0.03s Sys=0.00s Real=0.01s
[2023-07-17T18:29:00.774+0000][67][info ][safepoint   ] Safepoint "G1PauseRemark", Time since last: 33715281 ns, Reaching safepoint: 371712 ns, At safepoint: 9909107 ns, Total: 10280819 ns
[2023-07-17T18:29:00.775+0000][67][info ][gc,marking  ] GC(11) Concurrent Mark 21.227ms
[2023-07-17T18:29:00.776+0000][67][info ][gc,marking  ] GC(11) Concurrent Rebuild Remembered Sets
[2023-07-17T18:29:00.777+0000][67][info ][gc,marking  ] GC(11) Concurrent Rebuild Remembered Sets 0.745ms
[2023-07-17T18:29:00.778+0000][67][info ][gc,start    ] GC(11) Pause Cleanup
[2023-07-17T18:29:00.779+0000][67][info ][gc          ] GC(11) Pause Cleanup 81M->81M(3932M) 0.870ms
[2023-07-17T18:29:00.780+0000][67][info ][gc,cpu      ] GC(11) User=0.00s Sys=0.00s Real=0.00s
[2023-07-17T18:29:00.781+0000][67][info ][safepoint   ] Safepoint "G1PauseCleanup", Time since last: 3522768 ns, Reaching safepoint: 552530 ns, At safepoint: 2708066 ns, Total: 3260596 ns
[2023-07-17T18:29:00.782+0000][67][info ][gc,marking  ] GC(11) Concurrent Cleanup for Next Mark
[2023-07-17T18:29:00.787+0000][67][info ][gc,marking  ] GC(11) Concurrent Cleanup for Next Mark 5.289ms
[2023-07-17T18:29:00.789+0000][67][info ][gc          ] GC(11) Concurrent Mark Cycle 62.365ms
[2023-07-17T18:29:01.827+0000][67][info ][safepoint   ] Safepoint "ICBufferFull", Time since last: 1045651084 ns, Reaching safepoint: 398447 ns, At safepoint: 34033 ns, Total: 432480 ns
[2023-07-17T18:29:01.977+0000][67][info ][safepoint   ] Safepoint "ICBufferFull", Time since last: 149384040 ns, Reaching safepoint: 269252 ns, At safepoint: 66209 ns, Total: 335461 ns
[2023-07-17T18:29:02.757+0000][67][info ][safepoint   ] Safepoint "ICBufferFull", Time since last: 779353931 ns, Reaching safepoint: 389116 ns, At safepoint: 125238 ns, Total: 514354 ns
[2023-07-17T18:29:03.787+0000][67][info ][safepoint   ] Safepoint "Cleanup", Time since last: 1029746151 ns, Reaching safepoint: 179041 ns, At safepoint: 29157 ns, Total: 208198 ns
[2023-07-17T18:29:04.313+0000][67][info ][safepoint   ] Safepoint "ICBufferFull", Time since last: 525735402 ns, Reaching safepoint: 610948 ns, At safepoint: 116164 ns, Total: 727112 ns
[2023-07-17T18:29:04.519+0000][67][info ][safepoint   ] Safepoint "ICBufferFull", Time since last: 205336028 ns, Reaching safepoint: 210709 ns, At safepoint: 34105 ns, Total: 244814 ns
[2023-07-17T18:29:04.778+0000][67][info ][safepoint   ] Safepoint "ICBufferFull", Time since last: 259038181 ns, Reaching safepoint: 725041 ns, At safepoint: 91837 ns, Total: 816878 ns
[2023-07-17T18:29:05.044+0000][67][info ][safepoint   ] Safepoint "ICBufferFull", Time since last: 264318395 ns, Reaching safepoint: 1002167 ns, At safepoint: 88331 ns, Total: 1090498 ns
[2023-07-17T18:29:05.442+0000][67][info ][safepoint   ] Safepoint "ICBufferFull", Time since last: 398174279 ns, Reaching safepoint: 260532 ns, At safepoint: 50293 ns, Total: 310825 ns
[2023-07-17T18:29:06.214+0000][67][info ][safepoint   ] Safepoint "ICBufferFull", Time since last: 771027948 ns, Reaching safepoint: 287205 ns, At safepoint: 54609 ns, Total: 341814 ns
[2023-07-17T18:29:07.026+0000][67][info ][safepoint   ] Safepoint "ICBufferFull", Time since last: 811969687 ns, Reaching safepoint: 199586 ns, At safepoint: 27569 ns, Total: 227155 ns
[2023-07-17T18:29:08.329+0000][67][info ][safepoint   ] Safepoint "Cleanup", Time since last: 1303110913 ns, Reaching safepoint: 266050 ns, At safepoint: 49600 ns, Total: 315650 ns
[2023-07-17T18:29:09.372+0000][67][info ][safepoint   ] Safepoint "Cleanup", Time since last: 1042499999 ns, Reaching safepoint: 199922 ns, At safepoint: 44063 ns, Total: 243985 ns
[2023-07-17T18:29:10.374+0000][67][info ][safepoint   ] Safepoint "Cleanup", Time since last: 1001543027 ns, Reaching safepoint: 51483 ns, At safepoint: 2246 ns, Total: 53729 ns
[2023-07-17T18:29:12.376+0000][67][info ][safepoint   ] Safepoint "Cleanup", Time since last: 2001703481 ns, Reaching safepoint: 124025 ns, At safepoint: 4145 ns, Total: 128170 ns
[2023-07-17T18:29:13.374+0000][67][info ][safepoint   ] Safepoint "Cleanup", Time since last: 1003419478 ns, Reaching safepoint: 86929 ns, At safepoint: 2658 ns, Total: 89587 ns
[2023-07-17T18:29:15.046+0000][67][info ][safepoint   ] Safepoint "ICBufferFull", Time since last: 1672294626 ns, Reaching safepoint: 293919 ns, At safepoint: 13247 ns, Total: 307166 ns
[2023-07-17T18:29:16.048+0000][67][info ][safepoint   ] Safepoint "Cleanup", Time since last: 1001544926 ns, Reaching safepoint: 253993 ns, At safepoint: 12327 ns, Total: 266320 ns
[2023-07-17T18:29:17.050+0000][67][info ][safepoint   ] Safepoint "Cleanup", Time since last: 1001353669 ns, Reaching safepoint: 146214 ns, At safepoint: 10612 ns, Total: 156826 ns
[2023-07-17T18:29:18.843+0000][67][info ][safepoint   ] Safepoint "ICBufferFull", Time since last: 1786908357 ns, Reaching safepoint: 6096587 ns, At safepoint: 217757 ns, Total: 6314344 ns
[2023-07-17T18:29:19.507+0000][67][info ][safepoint   ] Safepoint "ICBufferFull", Time since last: 663543980 ns, Reaching safepoint: 245845 ns, At safepoint: 11694 ns, Total: 257539 ns
[2023-07-17T18:29:21.429+0000][67][info ][safepoint   ] Safepoint "Cleanup", Time since last: 1921743490 ns, Reaching safepoint: 261416 ns, At safepoint: 13162 ns, Total: 274578 ns
[2023-07-17T18:29:22.456+0000][67][info ][safepoint   ] Safepoint "Cleanup", Time since last: 1027721787 ns, Reaching safepoint: 142240 ns, At safepoint: 37414 ns, Total: 179654 ns
[2023-07-17T18:29:23.740+0000][67][info ][safepoint   ] Safepoint "Cleanup", Time since last: 1283374073 ns, Reaching safepoint: 117107 ns, At safepoint: 3410 ns, Total: 120517 ns
[2023-07-17T18:29:24.811+0000][67][info ][safepoint   ] Safepoint "Cleanup", Time since last: 1071110178 ns, Reaching safepoint: 278444 ns, At safepoint: 19382 ns, Total: 297826 ns
[2023-07-17T18:29:26.144+0000][67][info ][safepoint   ] Safepoint "Cleanup", Time since last: 1331967732 ns, Reaching safepoint: 248086 ns, At safepoint: 17575 ns, Total: 265661 ns
[2023-07-17T18:29:27.147+0000][67][info ][safepoint   ] Safepoint "Cleanup", Time since last: 1002376399 ns, Reaching safepoint: 547109 ns, At safepoint: 24289 ns, Total: 571398 ns
[2023-07-17T18:29:28.288+0000][67][info ][safepoint   ] Safepoint "Cleanup", Time since last: 1140799071 ns, Reaching safepoint: 849723 ns, At safepoint: 51430 ns, Total: 901153 ns
[2023-07-17T18:29:29.293+0000][67][info ][safepoint   ] Safepoint "Cleanup", Time since last: 1001486593 ns, Reaching safepoint: 3106157 ns, At safepoint: 61298 ns, Total: 3167455 ns
[2023-07-17T18:29:30.447+0000][67][info ][safepoint   ] Safepoint "Cleanup", Time since last: 1154051389 ns, Reaching safepoint: 275965 ns, At safepoint: 50572 ns, Total: 326537 ns
[2023-07-17T18:29:32.025+0000][67][info ][safepoint   ] Safepoint "Cleanup", Time since last: 1577549182 ns, Reaching safepoint: 242122 ns, At safepoint: 35194 ns, Total: 277316 ns
[2023-07-17T18:29:33.243+0000][67][info ][safepoint   ] Safepoint "Cleanup", Time since last: 1217671880 ns, Reaching safepoint: 572057 ns, At safepoint: 22026 ns, Total: 594083 ns
[2023-07-17T18:29:34.022+0000][67][info ][safepoint   ] Safepoint "ICBufferFull", Time since last: 778197606 ns, Reaching safepoint: 294237 ns, At safepoint: 3808 ns, Total: 298045 ns
[2023-07-17T18:29:35.046+0000][67][info ][safepoint   ] Safepoint "Cleanup", Time since last: 1023941742 ns, Reaching safepoint: 267768 ns, At safepoint: 41134 ns, Total: 308902 ns
[2023-07-17T18:29:36.962+0000][67][info ][safepoint   ] Safepoint "Cleanup", Time since last: 1915284712 ns, Reaching safepoint: 186318 ns, At safepoint: 17868 ns, Total: 204186 ns
[2023-07-17T18:29:37.964+0000][67][info ][safepoint   ] Safepoint "Cleanup", Time since last: 1001585777 ns, Reaching safepoint: 345914 ns, At safepoint: 14561 ns, Total: 360475 ns
[2023-07-17T18:29:38.966+0000][67][info ][safepoint   ] Safepoint "Cleanup", Time since last: 1002488886 ns, Reaching safepoint: 359528 ns, At safepoint: 14015 ns, Total: 373543 ns
[2023-07-17T18:29:39.981+0000][67][info ][safepoint   ] Safepoint "Cleanup", Time since last: 1014183795 ns, Reaching safepoint: 284902 ns, At safepoint: 154485 ns, Total: 439387 ns
[2023-07-17T18:29:41.199+0000][67][info ][safepoint   ] Safepoint "Cleanup", Time since last: 1217231478 ns, Reaching safepoint: 333841 ns, At safepoint: 6133 ns, Total: 339974 ns
[2023-07-17T18:29:42.436+0000][67][info ][safepoint   ] Safepoint "Cleanup", Time since last: 1237343401 ns, Reaching safepoint: 342245 ns, At safepoint: 4948 ns, Total: 347193 ns
[2023-07-17T18:29:43.440+0000][67][info ][safepoint   ] Safepoint "Cleanup", Time since last: 1002635085 ns, Reaching safepoint: 617971 ns, At safepoint: 10779 ns, Total: 628750 ns
[2023-07-17T18:29:45.787+0000][67][info ][safepoint   ] Safepoint "Cleanup", Time since last: 2347244760 ns, Reaching safepoint: 345270 ns, At safepoint: 31293 ns, Total: 376563 ns
[2023-07-17T18:29:47.690+0000][67][info ][safepoint   ] Safepoint "Cleanup", Time since last: 1902253913 ns, Reaching safepoint: 380380 ns, At safepoint: 10620 ns, Total: 391000 ns
[2023-07-17T18:29:48.692+0000][67][info ][safepoint   ] Safepoint "Cleanup", Time since last: 1001517979 ns, Reaching safepoint: 319949 ns, At safepoint: 45328 ns, Total: 365277 ns
[2023-07-17T18:29:49.695+0000][67][info ][safepoint   ] Safepoint "Cleanup", Time since last: 1002539983 ns, Reaching safepoint: 288882 ns, At safepoint: 19933 ns, Total: 308815 ns
[2023-07-17T18:29:50.697+0000][67][info ][safepoint   ] Safepoint "Cleanup", Time since last: 1002406270 ns, Reaching safepoint: 377713 ns, At safepoint: 36589 ns, Total: 414302 ns
[2023-07-17T18:29:51.841+0000][67][info ][safepoint   ] Safepoint "Cleanup", Time since last: 1143306886 ns, Reaching safepoint: 124153 ns, At safepoint: 22611 ns, Total: 146764 ns
[2023-07-17T18:29:52.892+0000][67][info ][safepoint   ] Safepoint "Cleanup", Time since last: 1050930808 ns, Reaching safepoint: 256938 ns, At safepoint: 40771 ns, Total: 297709 ns
[2023-07-17T18:29:53.957+0000][67][info ][safepoint   ] Safepoint "Cleanup", Time since last: 1064185222 ns, Reaching safepoint: 209328 ns, At safepoint: 4862 ns, Total: 214190 ns
[2023-07-17T18:29:54.960+0000][67][info ][safepoint   ] Safepoint "Cleanup", Time since last: 1002976692 ns, Reaching safepoint: 253721 ns, At safepoint: 44889 ns, Total: 298610 ns
[2023-07-17T18:29:56.032+0000][67][info ][safepoint   ] Safepoint "Cleanup", Time since last: 1071739339 ns, Reaching safepoint: 429955 ns, At safepoint: 7120 ns, Total: 437075 ns
[2023-07-17T18:29:57.285+0000][67][info ][safepoint   ] Safepoint "Cleanup", Time since last: 1252306351 ns, Reaching safepoint: 302459 ns, At safepoint: 70026 ns, Total: 372485 ns
[2023-07-17T18:29:58.359+0000][67][info ][safepoint   ] Safepoint "Cleanup", Time since last: 1074307907 ns, Reaching safepoint: 100661 ns, At safepoint: 51151 ns, Total: 151812 ns
[2023-07-17T18:29:59.745+0000][67][info ][safepoint   ] Safepoint "Cleanup", Time since last: 1385805763 ns, Reaching safepoint: 280492 ns, At safepoint: 76732 ns, Total: 357224 ns
[2023-07-17T18:30:01.542+0000][67][info ][safepoint   ] Safepoint "Cleanup", Time since last: 1796202997 ns, Reaching safepoint: 432296 ns, At safepoint: 7368 ns, Total: 439664 ns
[2023-07-17T18:30:02.545+0000][67][info ][safepoint   ] Safepoint "Cleanup", Time since last: 1002468749 ns, Reaching safepoint: 665264 ns, At safepoint: 16033 ns, Total: 681297 ns
[2023-07-17T18:30:03.548+0000][67][info ][safepoint   ] Safepoint "Cleanup", Time since last: 1002656235 ns, Reaching safepoint: 383486 ns, At safepoint: 6618 ns, Total: 390104 ns
[2023-07-17T18:30:04.928+0000][67][info ][safepoint   ] Safepoint "Cleanup", Time since last: 1378911081 ns, Reaching safepoint: 650801 ns, At safepoint: 197947 ns, Total: 848748 ns
[2023-07-17T18:30:06.827+0000][67][info ][safepoint   ] Safepoint "Cleanup", Time since last: 1898205426 ns, Reaching safepoint: 653327 ns, At safepoint: 39030 ns, Total: 692357 ns
[2023-07-17T18:30:07.832+0000][67][info ][safepoint   ] Safepoint "Cleanup", Time since last: 1004221381 ns, Reaching safepoint: 561504 ns, At safepoint: 10891 ns, Total: 572395 ns
[2023-07-17T18:30:08.836+0000][67][info ][safepoint   ] Safepoint "Cleanup", Time since last: 1003962155 ns, Reaching safepoint: 455616 ns, At safepoint: 6783 ns, Total: 462399 ns
[2023-07-17T18:30:09.844+0000][67][info ][safepoint   ] Safepoint "Cleanup", Time since last: 1008235479 ns, Reaching safepoint: 102981 ns, At safepoint: 4181 ns, Total: 107162 ns
[2023-07-17T18:30:11.436+0000][67][info ][safepoint   ] Safepoint "Cleanup", Time since last: 1590834615 ns, Reaching safepoint: 433284 ns, At safepoint: 77451 ns, Total: 510735 ns
[2023-07-17T18:30:12.439+0000][67][info ][safepoint   ] Safepoint "Cleanup", Time since last: 1002825543 ns, Reaching safepoint: 540773 ns, At safepoint: 13709 ns, Total: 554482 ns
[2023-07-17T18:30:13.442+0000][67][info ][safepoint   ] Safepoint "Cleanup", Time since last: 1002079019 ns, Reaching safepoint: 336876 ns, At safepoint: 35363 ns, Total: 372239 ns
[2023-07-17T18:30:14.577+0000][67][info ][safepoint   ] Safepoint "Cleanup", Time since last: 1135143537 ns, Reaching safepoint: 280701 ns, At safepoint: 7373 ns, Total: 288074 ns
[2023-07-17T18:30:15.779+0000][67][info ][safepoint   ] Safepoint "Cleanup", Time since last: 1201809410 ns, Reaching safepoint: 225355 ns, At safepoint: 9429 ns, Total: 234784 ns
[2023-07-17T18:30:17.739+0000][67][info ][safepoint   ] Safepoint "Cleanup", Time since last: 1959172458 ns, Reaching safepoint: 346457 ns, At safepoint: 17807 ns, Total: 364264 ns
[2023-07-17T18:30:18.742+0000][67][info ][safepoint   ] Safepoint "Cleanup", Time since last: 1002643574 ns, Reaching safepoint: 296754 ns, At safepoint: 45528 ns, Total: 342282 ns
[2023-07-17T18:30:19.745+0000][67][info ][safepoint   ] Safepoint "Cleanup", Time since last: 1002305987 ns, Reaching safepoint: 633600 ns, At safepoint: 10201 ns, Total: 643801 ns
[2023-07-17T18:30:21.748+0000][67][info ][safepoint   ] Safepoint "Cleanup", Time since last: 2003321550 ns, Reaching safepoint: 147730 ns, At safepoint: 20287 ns, Total: 168017 ns
[2023-07-17T18:30:22.944+0000][67][info ][safepoint   ] Safepoint "Cleanup", Time since last: 1195123784 ns, Reaching safepoint: 90476 ns, At safepoint: 9747 ns, Total: 100223 ns
[2023-07-17T18:30:24.113+0000][67][info ][safepoint   ] Safepoint "Cleanup", Time since last: 1169114544 ns, Reaching safepoint: 280694 ns, At safepoint: 81111 ns, Total: 361805 ns
[2023-07-17T18:30:25.125+0000][67][info ][safepoint   ] Safepoint "Cleanup", Time since last: 1011532449 ns, Reaching safepoint: 510533 ns, At safepoint: 129488 ns, Total: 640021 ns
[2023-07-17T18:30:26.128+0000][67][info ][safepoint   ] Safepoint "Cleanup", Time since last: 1002824291 ns, Reaching safepoint: 276043 ns, At safepoint: 12156 ns, Total: 288199 ns
[2023-07-17T18:30:27.130+0000][67][info ][safepoint   ] Safepoint "Cleanup", Time since last: 1001716138 ns, Reaching safepoint: 262835 ns, At safepoint: 5884 ns, Total: 268719 ns
[2023-07-17T18:30:28.293+0000][67][info ][safepoint   ] Safepoint "Cleanup", Time since last: 1162805819 ns, Reaching safepoint: 162044 ns, At safepoint: 41950 ns, Total: 203994 ns
[2023-07-17T18:30:29.350+0000][67][info ][safepoint   ] Safepoint "Cleanup", Time since last: 1056028839 ns, Reaching safepoint: 355355 ns, At safepoint: 7236 ns, Total: 362591 ns
[2023-07-17T18:30:31.354+0000][67][info ][safepoint   ] Safepoint "Cleanup", Time since last: 2003414321 ns, Reaching safepoint: 609991 ns, At safepoint: 24129 ns, Total: 634120 ns
[2023-07-17T18:30:33.218+0000][67][info ][safepoint   ] Safepoint "Cleanup", Time since last: 1863629457 ns, Reaching safepoint: 352569 ns, At safepoint: 5361 ns, Total: 357930 ns
[2023-07-17T18:30:34.558+0000][67][info ][safepoint   ] Safepoint "Cleanup", Time since last: 1339920860 ns, Reaching safepoint: 126015 ns, At safepoint: 34598 ns, Total: 160613 ns
[2023-07-17T18:30:35.620+0000][67][info ][safepoint   ] Safepoint "Cleanup", Time since last: 1061439187 ns, Reaching safepoint: 661568 ns, At safepoint: 63490 ns, Total: 725058 ns
[2023-07-17T18:30:36.623+0000][67][info ][safepoint   ] Safepoint "Cleanup", Time since last: 1003083229 ns, Reaching safepoint: 137123 ns, At safepoint: 110735 ns, Total: 247858 ns
[2023-07-17T18:30:37.627+0000][67][info ][safepoint   ] Safepoint "Cleanup", Time since last: 1003321377 ns, Reaching safepoint: 359183 ns, At safepoint: 7617 ns, Total: 366800 ns
[2023-07-17T18:30:38.630+0000][67][info ][safepoint   ] Safepoint "Cleanup", Time since last: 1002495683 ns, Reaching safepoint: 271609 ns, At safepoint: 20928 ns, Total: 292537 ns
[2023-07-17T18:30:39.632+0000][67][info ][safepoint   ] Safepoint "Cleanup", Time since last: 1002422659 ns, Reaching safepoint: 143657 ns, At safepoint: 15530 ns, Total: 159187 ns
[2023-07-17T18:30:40.733+0000][67][info ][safepoint   ] Safepoint "Cleanup", Time since last: 1100473715 ns, Reaching safepoint: 378057 ns, At safepoint: 13541 ns, Total: 391598 ns
[2023-07-17T18:30:41.987+0000][67][info ][safepoint   ] Safepoint "Cleanup", Time since last: 1252982203 ns, Reaching safepoint: 633240 ns, At safepoint: 23352 ns, Total: 656592 ns
[2023-07-17T18:30:42.991+0000][67][info ][safepoint   ] Safepoint "Cleanup", Time since last: 1003396894 ns, Reaching safepoint: 300215 ns, At safepoint: 12278 ns, Total: 312493 ns
[2023-07-17T18:30:43.993+0000][67][info ][safepoint   ] Safepoint "Cleanup", Time since last: 1001877203 ns, Reaching safepoint: 252715 ns, At safepoint: 21886 ns, Total: 274601 ns
[2023-07-17T18:30:45.837+0000][67][info ][safepoint   ] Safepoint "Cleanup", Time since last: 1844036382 ns, Reaching safepoint: 117595 ns, At safepoint: 39826 ns, Total: 157421 ns
[2023-07-17T18:30:47.226+0000][67][info ][safepoint   ] Safepoint "Cleanup", Time since last: 1388991462 ns, Reaching safepoint: 258999 ns, At safepoint: 18366 ns, Total: 277365 ns
[2023-07-17T18:30:48.545+0000][67][info ][safepoint   ] Safepoint "Cleanup", Time since last: 1318462093 ns, Reaching safepoint: 137567 ns, At safepoint: 51807 ns, Total: 189374 ns
[2023-07-17T18:30:49.552+0000][67][info ][safepoint   ] Safepoint "Cleanup", Time since last: 1006909053 ns, Reaching safepoint: 248755 ns, At safepoint: 8519 ns, Total: 257274 ns
[2023-07-17T18:30:51.554+0000][67][info ][safepoint   ] Safepoint "Cleanup", Time since last: 2001691545 ns, Reaching safepoint: 577148 ns, At safepoint: 14201 ns, Total: 591349 ns
[2023-07-17T18:30:52.711+0000][67][info ][safepoint   ] Safepoint "Cleanup", Time since last: 1155972900 ns, Reaching safepoint: 155580 ns, At safepoint: 30949 ns, Total: 186529 ns
[2023-07-17T18:30:55.775+0000][67][info ][safepoint   ] Safepoint "Cleanup", Time since last: 3063488703 ns, Reaching safepoint: 610566 ns, At safepoint: 14828 ns, Total: 625394 ns
[2023-07-17T18:30:56.777+0000][67][info ][safepoint   ] Safepoint "Cleanup", Time since last: 1002343234 ns, Reaching safepoint: 279628 ns, At safepoint: 9712 ns, Total: 289340 ns
[2023-07-17T18:30:57.779+0000][67][info ][safepoint   ] Safepoint "Cleanup", Time since last: 1001294725 ns, Reaching safepoint: 260333 ns, At safepoint: 9481 ns, Total: 269814 ns
[2023-07-17T18:30:58.971+0000][67][info ][safepoint   ] Safepoint "Cleanup", Time since last: 1191541414 ns, Reaching safepoint: 164278 ns, At safepoint: 10586 ns, Total: 174864 ns
[2023-07-17T18:31:01.034+0000][67][info ][safepoint   ] Safepoint "Cleanup", Time since last: 2063642859 ns, Reaching safepoint: 178886 ns, At safepoint: 3003 ns, Total: 181889 ns
[2023-07-17T18:31:02.560+0000][67][info ][safepoint   ] Safepoint "Cleanup", Time since last: 1525454687 ns, Reaching safepoint: 190416 ns, At safepoint: 28006 ns, Total: 218422 ns
[2023-07-17T18:31:03.566+0000][67][info ][safepoint   ] Safepoint "Cleanup", Time since last: 1006162534 ns, Reaching safepoint: 91473 ns, At safepoint: 5927 ns, Total: 97400 ns
[2023-07-17T18:31:05.314+0000][67][info ][safepoint   ] Safepoint "Cleanup", Time since last: 1746883055 ns, Reaching safepoint: 345134 ns, At safepoint: 23352 ns, Total: 368486 ns
[2023-07-17T18:31:06.582+0000][67][info ][safepoint   ] Safepoint "Cleanup", Time since last: 1268275250 ns, Reaching safepoint: 408983 ns, At safepoint: 19584 ns, Total: 428567 ns
[2023-07-17T18:31:07.587+0000][67][info ][safepoint   ] Safepoint "Cleanup", Time since last: 1003991235 ns, Reaching safepoint: 232013 ns, At safepoint: 4120 ns, Total: 236133 ns
[2023-07-17T18:31:09.589+0000][67][info ][safepoint   ] Safepoint "Cleanup", Time since last: 2001817211 ns, Reaching safepoint: 156141 ns, At safepoint: 3295 ns, Total: 159436 ns
[2023-07-17T18:31:10.908+0000][67][info ][safepoint   ] Safepoint "Cleanup", Time since last: 1318798876 ns, Reaching safepoint: 192501 ns, At safepoint: 5143 ns, Total: 197644 ns
[2023-07-17T18:31:12.270+0000][67][info ][safepoint   ] Safepoint "Cleanup", Time since last: 1362190122 ns, Reaching safepoint: 220142 ns, At safepoint: 41960 ns, Total: 262102 ns
[2023-07-17T18:31:13.280+0000][67][info ][safepoint   ] Safepoint "Cleanup", Time since last: 1009625720 ns, Reaching safepoint: 313318 ns, At safepoint: 10298 ns, Total: 323616 ns
[2023-07-17T18:31:14.282+0000][67][info ][safepoint   ] Safepoint "Cleanup", Time since last: 1001377857 ns, Reaching safepoint: 191195 ns, At safepoint: 12757 ns, Total: 203952 ns
[2023-07-17T18:31:16.194+0000][67][info ][safepoint   ] Safepoint "Cleanup", Time since last: 1911930184 ns, Reaching safepoint: 173221 ns, At safepoint: 39762 ns, Total: 212983 ns
[2023-07-17T18:31:17.266+0000][67][info ][safepoint   ] Safepoint "Cleanup", Time since last: 1072050923 ns, Reaching safepoint: 240460 ns, At safepoint: 13017 ns, Total: 253477 ns
[2023-07-17T18:31:18.610+0000][67][info ][safepoint   ] Safepoint "Cleanup", Time since last: 1343183101 ns, Reaching safepoint: 251021 ns, At safepoint: 3939 ns, Total: 254960 ns
[2023-07-17T18:31:19.611+0000][67][info ][safepoint   ] Safepoint "Cleanup", Time since last: 1001136501 ns, Reaching safepoint: 173351 ns, At safepoint: 3818 ns, Total: 177169 ns
[2023-07-17T18:31:20.612+0000][67][info ][safepoint   ] Safepoint "Cleanup", Time since last: 1001230542 ns, Reaching safepoint: 219034 ns, At safepoint: 4002 ns, Total: 223036 ns
[2023-07-17T18:31:21.829+0000][67][info ][safepoint   ] Safepoint "Cleanup", Time since last: 1216711216 ns, Reaching safepoint: 175510 ns, At safepoint: 30889 ns, Total: 206399 ns
[2023-07-17T18:31:22.958+0000][67][info ][safepoint   ] Safepoint "Cleanup", Time since last: 1128726096 ns, Reaching safepoint: 186360 ns, At safepoint: 4388 ns, Total: 190748 ns
[2023-07-17T18:31:24.060+0000][67][info ][safepoint   ] Safepoint "Cleanup", Time since last: 1101548173 ns, Reaching safepoint: 442293 ns, At safepoint: 16588 ns, Total: 458881 ns
[2023-07-17T18:31:25.063+0000][67][info ][safepoint   ] Safepoint "Cleanup", Time since last: 1002331966 ns, Reaching safepoint: 178784 ns, At safepoint: 29459 ns, Total: 208243 ns
[2023-07-17T18:31:26.809+0000][67][info ][safepoint   ] Safepoint "Cleanup", Time since last: 1746021453 ns, Reaching safepoint: 301994 ns, At safepoint: 6013 ns, Total: 308007 ns
[2023-07-17T18:31:27.811+0000][67][info ][safepoint   ] Safepoint "Cleanup", Time since last: 1001161911 ns, Reaching safepoint: 287019 ns, At safepoint: 9440 ns, Total: 296459 ns
[2023-07-17T18:31:29.347+0000][67][info ][safepoint   ] Safepoint "Cleanup", Time since last: 1536240323 ns, Reaching safepoint: 186154 ns, At safepoint: 2970 ns, Total: 189124 ns
[2023-07-17T18:31:30.830+0000][67][info ][safepoint   ] Safepoint "Cleanup", Time since last: 1482254962 ns, Reaching safepoint: 147892 ns, At safepoint: 78225 ns, Total: 226117 ns
[2023-07-17T18:31:31.914+0000][67][info ][safepoint   ] Safepoint "Cleanup", Time since last: 1084360714 ns, Reaching safepoint: 208737 ns, At safepoint: 10801 ns, Total: 219538 ns
[2023-07-17T18:31:32.993+0000][67][info ][safepoint   ] Safepoint "Cleanup", Time since last: 1078228982 ns, Reaching safepoint: 290002 ns, At safepoint: 109367 ns, Total: 399369 ns
[2023-07-17T18:31:33.698+0000][67][info ][safepoint   ] Safepoint "ICBufferFull", Time since last: 704911047 ns, Reaching safepoint: 230955 ns, At safepoint: 9900 ns, Total: 240855 ns
[2023-07-17T18:31:34.973+0000][67][info ][safepoint   ] Safepoint "Cleanup", Time since last: 1275254994 ns, Reaching safepoint: 220508 ns, At safepoint: 5363 ns, Total: 225871 ns
[2023-07-17T18:31:35.620+0000][67][info ][gc,start    ] GC(12) Pause Young (Normal) (G1 Evacuation Pause)
[2023-07-17T18:31:35.624+0000][67][info ][gc,task     ] GC(12) Using 6 workers of 6 for evacuation
[2023-07-17T18:31:35.625+0000][67][debug][gc,age      ] GC(12) Desired survivor size 71303168 bytes, new threshold 15 (max threshold 15)
[2023-07-17T18:31:35.700+0000][67][info ][gc,phases   ] GC(12)   Pre Evacuate Collection Set: 0.3ms
[2023-07-17T18:31:35.702+0000][67][info ][gc,phases   ] GC(12)   Merge Heap Roots: 0.2ms
[2023-07-17T18:31:35.703+0000][67][info ][gc,phases   ] GC(12)   Evacuate Collection Set: 66.2ms
[2023-07-17T18:31:35.704+0000][67][info ][gc,phases   ] GC(12)   Post Evacuate Collection Set: 7.4ms
[2023-07-17T18:31:35.705+0000][67][info ][gc,phases   ] GC(12)   Other: 2.3ms
[2023-07-17T18:31:35.706+0000][67][trace][gc,age      ] GC(12) Age table with threshold 15 (max threshold 15)
[2023-07-17T18:31:35.707+0000][67][trace][gc,age      ] GC(12) - age   1:   36159304 bytes,   36159304 total
[2023-07-17T18:31:35.708+0000][67][trace][gc,age      ] GC(12) - age   2:   15110656 bytes,   51269960 total
[2023-07-17T18:31:35.709+0000][67][trace][gc,age      ] GC(12) - age   3:   24264448 bytes,   75534408 total
[2023-07-17T18:31:35.710+0000][67][trace][gc,age      ] GC(12) - age   4:     946464 bytes,   76480872 total
[2023-07-17T18:31:35.711+0000][67][trace][gc,age      ] GC(12) - age   5:    7834512 bytes,   84315384 total
[2023-07-17T18:31:35.712+0000][67][trace][gc,age      ] GC(12) - age   6:    5301856 bytes,   89617240 total
[2023-07-17T18:31:35.713+0000][67][trace][gc,age      ] GC(12) - age   7:    5048920 bytes,   94666160 total
[2023-07-17T18:31:35.714+0000][67][trace][gc,age      ] GC(12) - age   8:    1046400 bytes,   95712560 total
[2023-07-17T18:31:35.715+0000][67][trace][gc,age      ] GC(12) - age   9:    9421104 bytes,  105133664 total
[2023-07-17T18:31:35.716+0000][67][info ][gc,heap     ] GC(12) Eden regions: 247->0(193)
[2023-07-17T18:31:35.717+0000][67][info ][gc,heap     ] GC(12) Survivor regions: 18->27(34)
[2023-07-17T18:31:35.718+0000][67][info ][gc,heap     ] GC(12) Old regions: 0->0
[2023-07-17T18:31:35.719+0000][67][info ][gc,heap     ] GC(12) Archive regions: 2->2
[2023-07-17T18:31:35.720+0000][67][info ][gc,heap     ] GC(12) Humongous regions: 0->0
[2023-07-17T18:31:35.721+0000][67][info ][gc,metaspace] GC(12) Metaspace: 134949K(138304K)->134949K(138304K) NonClass: 117191K(118848K)->117191K(118848K) Class: 17758K(19456K)->17758K(19456K)
[2023-07-17T18:31:35.722+0000][67][info ][gc          ] GC(12) Pause Young (Normal) (G1 Evacuation Pause) 1063M->109M(3932M) 102.691ms
[2023-07-17T18:31:35.723+0000][67][info ][gc,cpu      ] GC(12) User=0.33s Sys=0.02s Real=0.11s
[2023-07-17T18:31:35.726+0000][67][info ][safepoint   ] Safepoint "G1CollectForAllocation", Time since last: 645910299 ns, Reaching safepoint: 128097 ns, At safepoint: 106266210 ns, Total: 106394307 ns
[2023-07-17T18:31:37.518+0000][67][info ][safepoint   ] Safepoint "Cleanup", Time since last: 1792521731 ns, Reaching safepoint: 130998 ns, At safepoint: 9052 ns, Total: 140050 ns
[2023-07-17T18:31:38.520+0000][67][info ][safepoint   ] Safepoint "Cleanup", Time since last: 1001191492 ns, Reaching safepoint: 194460 ns, At safepoint: 4038 ns, Total: 198498 ns
[2023-07-17T18:31:39.521+0000][67][info ][safepoint   ] Safepoint "Cleanup", Time since last: 1001521602 ns, Reaching safepoint: 98289 ns, At safepoint: 9954 ns, Total: 108243 ns
[2023-07-17T18:31:40.523+0000][67][info ][safepoint   ] Safepoint "Cleanup", Time since last: 1001772816 ns, Reaching safepoint: 206525 ns, At safepoint: 33499 ns, Total: 240024 ns
[2023-07-17T18:31:41.528+0000][67][info ][safepoint   ] Safepoint "Cleanup", Time since last: 1004237111 ns, Reaching safepoint: 187060 ns, At safepoint: 3608 ns, Total: 190668 ns
[2023-07-17T18:31:42.529+0000][67][info ][safepoint   ] Safepoint "Cleanup", Time since last: 1001144712 ns, Reaching safepoint: 182909 ns, At safepoint: 3135 ns, Total: 186044 ns
[2023-07-17T18:31:43.532+0000][67][info ][safepoint   ] Safepoint "Cleanup", Time since last: 1002006083 ns, Reaching safepoint: 208223 ns, At safepoint: 41349 ns, Total: 249572 ns
[2023-07-17T18:31:46.727+0000][67][info ][safepoint   ] Safepoint "Cleanup", Time since last: 3195155170 ns, Reaching safepoint: 99132 ns, At safepoint: 35040 ns, Total: 134172 ns
[2023-07-17T18:31:47.790+0000][67][info ][safepoint   ] Safepoint "Cleanup", Time since last: 1062863699 ns, Reaching safepoint: 191556 ns, At safepoint: 9653 ns, Total: 201209 ns
[2023-07-17T18:31:48.792+0000][67][info ][safepoint   ] Safepoint "Cleanup", Time since last: 1001341256 ns, Reaching safepoint: 189442 ns, At safepoint: 9335 ns, Total: 198777 ns
[2023-07-17T18:31:51.795+0000][67][info ][safepoint   ] Safepoint "Cleanup", Time since last: 3001774015 ns, Reaching safepoint: 1201468 ns, At safepoint: 93129 ns, Total: 1294597 ns
[2023-07-17T18:31:53.023+0000][67][info ][safepoint   ] Safepoint "Cleanup", Time since last: 1228403670 ns, Reaching safepoint: 153903 ns, At safepoint: 14184 ns, Total: 168087 ns
[2023-07-17T18:31:54.117+0000][67][info ][safepoint   ] Safepoint "Cleanup", Time since last: 1093733575 ns, Reaching safepoint: 405324 ns, At safepoint: 10533 ns, Total: 415857 ns
[2023-07-17T18:31:55.121+0000][67][info ][safepoint   ] Safepoint "Cleanup", Time since last: 1002847661 ns, Reaching safepoint: 505080 ns, At safepoint: 30205 ns, Total: 535285 ns
[2023-07-17T18:31:56.124+0000][67][info ][safepoint   ] Safepoint "Cleanup", Time since last: 1002659413 ns, Reaching safepoint: 185462 ns, At safepoint: 10692 ns, Total: 196154 ns
[2023-07-17T18:31:57.820+0000][67][info ][safepoint   ] Safepoint "Cleanup", Time since last: 1696321232 ns, Reaching safepoint: 261609 ns, At safepoint: 85919 ns, Total: 347528 ns
[2023-07-17T18:31:59.646+0000][67][info ][safepoint   ] Safepoint "Cleanup", Time since last: 1825749996 ns, Reaching safepoint: 185793 ns, At safepoint: 4318 ns, Total: 190111 ns
[2023-07-17T18:32:01.648+0000][67][info ][safepoint   ] Safepoint "Cleanup", Time since last: 2001738435 ns, Reaching safepoint: 174544 ns, At safepoint: 5469 ns, Total: 180013 ns
[2023-07-17T18:32:02.763+0000][67][info ][safepoint   ] Safepoint "Cleanup", Time since last: 1115061207 ns, Reaching safepoint: 225609 ns, At safepoint: 11929 ns, Total: 237538 ns
[2023-07-17T18:32:03.765+0000][67][info ][safepoint   ] Safepoint "Cleanup", Time since last: 1001375817 ns, Reaching safepoint: 156578 ns, At safepoint: 11148 ns, Total: 167726 ns
[2023-07-17T18:32:05.316+0000][67][info ][safepoint   ] Safepoint "Cleanup", Time since last: 1550458512 ns, Reaching safepoint: 231689 ns, At safepoint: 10964 ns, Total: 242653 ns
[2023-07-17T18:32:07.567+0000][67][info ][safepoint   ] Safepoint "Cleanup", Time since last: 2250881386 ns, Reaching safepoint: 188931 ns, At safepoint: 3309 ns, Total: 192240 ns
[2023-07-17T18:32:08.568+0000][67][info ][safepoint   ] Safepoint "Cleanup", Time since last: 1001406053 ns, Reaching safepoint: 212240 ns, At safepoint: 2829 ns, Total: 215069 ns
[2023-07-17T18:32:09.570+0000][67][info ][safepoint   ] Safepoint "Cleanup", Time since last: 1001781113 ns, Reaching safepoint: 222157 ns, At safepoint: 4101 ns, Total: 226258 ns
[2023-07-17T18:32:10.997+0000][67][info ][safepoint   ] Safepoint "Cleanup", Time since last: 1426206777 ns, Reaching safepoint: 430145 ns, At safepoint: 16553 ns, Total: 446698 ns
[2023-07-17T18:32:12.232+0000][67][info ][safepoint   ] Safepoint "Cleanup", Time since last: 1235134500 ns, Reaching safepoint: 209871 ns, At safepoint: 13442 ns, Total: 223313 ns
[2023-07-17T18:32:13.235+0000][67][info ][safepoint   ] Safepoint "Cleanup", Time since last: 1001554979 ns, Reaching safepoint: 353288 ns, At safepoint: 56760 ns, Total: 410048 ns
[2023-07-17T18:32:15.999+0000][67][info ][safepoint   ] Safepoint "Cleanup", Time since last: 2764082075 ns, Reaching safepoint: 86452 ns, At safepoint: 8642 ns, Total: 95094 ns
[2023-07-17T18:32:17.551+0000][67][info ][safepoint   ] Safepoint "Cleanup", Time since last: 1551879036 ns, Reaching safepoint: 200071 ns, At safepoint: 4321 ns, Total: 204392 ns
[2023-07-17T18:32:19.554+0000][67][info ][safepoint   ] Safepoint "Cleanup", Time since last: 2002933944 ns, Reaching safepoint: 126269 ns, At safepoint: 3829 ns, Total: 130098 ns
[2023-07-17T18:32:21.808+0000][67][info ][safepoint   ] Safepoint "Cleanup", Time since last: 2254208653 ns, Reaching safepoint: 176541 ns, At safepoint: 26832 ns, Total: 203373 ns
[2023-07-17T18:32:22.810+0000][67][info ][safepoint   ] Safepoint "Cleanup", Time since last: 1001233324 ns, Reaching safepoint: 36908 ns, At safepoint: 2706 ns, Total: 39614 ns
[2023-07-17T18:32:24.180+0000][67][info ][safepoint   ] Safepoint "Cleanup", Time since last: 1369879054 ns, Reaching safepoint: 81915 ns, At safepoint: 1838 ns, Total: 83753 ns
[2023-07-17T18:32:25.187+0000][67][info ][safepoint   ] Safepoint "Cleanup", Time since last: 1006803795 ns, Reaching safepoint: 252461 ns, At safepoint: 9700 ns, Total: 262161 ns
[2023-07-17T18:32:26.188+0000][67][info ][safepoint   ] Safepoint "Cleanup", Time since last: 1001269038 ns, Reaching safepoint: 252034 ns, At safepoint: 4044 ns, Total: 256078 ns
[2023-07-17T18:32:27.827+0000][67][info ][safepoint   ] Safepoint "Cleanup", Time since last: 1638631376 ns, Reaching safepoint: 91617 ns, At safepoint: 2784 ns, Total: 94401 ns
[2023-07-17T18:32:28.899+0000][67][info ][safepoint   ] Safepoint "Cleanup", Time since last: 1071204022 ns, Reaching safepoint: 407423 ns, At safepoint: 18255 ns, Total: 425678 ns
[2023-07-17T18:32:30.415+0000][67][info ][safepoint   ] Safepoint "Cleanup", Time since last: 1516527783 ns, Reaching safepoint: 308415 ns, At safepoint: 6806 ns, Total: 315221 ns
[2023-07-17T18:32:31.419+0000][67][info ][safepoint   ] Safepoint "Cleanup", Time since last: 1002770641 ns, Reaching safepoint: 361834 ns, At safepoint: 5925 ns, Total: 367759 ns
[2023-07-17T18:32:33.821+0000][67][info ][safepoint   ] Safepoint "Cleanup", Time since last: 2402427016 ns, Reaching safepoint: 223496 ns, At safepoint: 32920 ns, Total: 256416 ns
[2023-07-17T18:32:35.672+0000][67][info ][safepoint   ] Safepoint "Cleanup", Time since last: 1850896398 ns, Reaching safepoint: 120739 ns, At safepoint: 3527 ns, Total: 124266 ns
[2023-07-17T18:32:36.674+0000][67][info ][safepoint   ] Safepoint "Cleanup", Time since last: 1001271799 ns, Reaching safepoint: 138668 ns, At safepoint: 3275 ns, Total: 141943 ns
[2023-07-17T18:32:37.676+0000][67][info ][safepoint   ] Safepoint "Cleanup", Time since last: 1001809833 ns, Reaching safepoint: 228637 ns, At safepoint: 4273 ns, Total: 232910 ns
[2023-07-17T18:32:39.825+0000][67][info ][safepoint   ] Safepoint "Cleanup", Time since last: 2149177417 ns, Reaching safepoint: 403171 ns, At safepoint: 11733 ns, Total: 414904 ns
[2023-07-17T18:32:40.878+0000][67][info ][safepoint   ] Safepoint "Cleanup", Time since last: 1051995610 ns, Reaching safepoint: 198124 ns, At safepoint: 49242 ns, Total: 247366 ns
[2023-07-17T18:32:42.976+0000][67][info ][safepoint   ] Safepoint "Cleanup", Time since last: 2098333538 ns, Reaching safepoint: 135605 ns, At safepoint: 4600 ns, Total: 140205 ns
[2023-07-17T18:32:43.981+0000][67][info ][safepoint   ] Safepoint "Cleanup", Time since last: 1004371135 ns, Reaching safepoint: 91862 ns, At safepoint: 7271 ns, Total: 99133 ns
[2023-07-17T18:32:44.992+0000][67][info ][safepoint   ] Safepoint "Cleanup", Time since last: 1010807124 ns, Reaching safepoint: 204447 ns, At safepoint: 12008 ns, Total: 216455 ns
[2023-07-17T18:32:45.993+0000][67][info ][safepoint   ] Safepoint "Cleanup", Time since last: 1001316501 ns, Reaching safepoint: 71173 ns, At safepoint: 3870 ns, Total: 75043 ns
[2023-07-17T18:32:47.278+0000][67][info ][safepoint   ] Safepoint "Cleanup", Time since last: 1284849957 ns, Reaching safepoint: 86584 ns, At safepoint: 21993 ns, Total: 108577 ns
[2023-07-17T18:32:48.350+0000][67][info ][safepoint   ] Safepoint "Cleanup", Time since last: 1071302622 ns, Reaching safepoint: 217207 ns, At safepoint: 3165 ns, Total: 220372 ns
[2023-07-17T18:32:49.352+0000][67][info ][safepoint   ] Safepoint "Cleanup", Time since last: 1001674920 ns, Reaching safepoint: 315314 ns, At safepoint: 4360 ns, Total: 319674 ns
[2023-07-17T18:32:51.981+0000][67][info ][safepoint   ] Safepoint "Cleanup", Time since last: 2629471393 ns, Reaching safepoint: 173813 ns, At safepoint: 27642 ns, Total: 201455 ns
[2023-07-17T18:32:53.014+0000][67][info ][safepoint   ] Safepoint "Cleanup", Time since last: 1032206750 ns, Reaching safepoint: 159440 ns, At safepoint: 49612 ns, Total: 209052 ns
[2023-07-17T18:32:57.021+0000][67][info ][safepoint   ] Safepoint "Cleanup", Time since last: 4006892737 ns, Reaching safepoint: 187095 ns, At safepoint: 2895 ns, Total: 189990 ns
[2023-07-17T18:32:58.193+0000][67][info ][safepoint   ] Safepoint "Cleanup", Time since last: 1171429330 ns, Reaching safepoint: 286193 ns, At safepoint: 35622 ns, Total: 321815 ns
[2023-07-17T18:32:59.272+0000][67][info ][safepoint   ] Safepoint "Cleanup", Time since last: 1079267469 ns, Reaching safepoint: 214107 ns, At safepoint: 3848 ns, Total: 217955 ns
[2023-07-17T18:33:01.544+0000][67][info ][safepoint   ] Safepoint "Cleanup", Time since last: 2272275057 ns, Reaching safepoint: 192920 ns, At safepoint: 4176 ns, Total: 197096 ns
[2023-07-17T18:33:03.855+0000][67][info ][safepoint   ] Safepoint "Cleanup", Time since last: 2310462075 ns, Reaching safepoint: 218593 ns, At safepoint: 55864 ns, Total: 274457 ns
[2023-07-17T18:33:05.797+0000][67][info ][safepoint   ] Safepoint "Cleanup", Time since last: 1941027578 ns, Reaching safepoint: 372957 ns, At safepoint: 23993 ns, Total: 396950 ns
[2023-07-17T18:33:06.798+0000][67][info ][safepoint   ] Safepoint "Cleanup", Time since last: 1001522615 ns, Reaching safepoint: 247616 ns, At safepoint: 4506 ns, Total: 252122 ns
[2023-07-17T18:33:07.800+0000][67][info ][safepoint   ] Safepoint "Cleanup", Time since last: 1001228459 ns, Reaching safepoint: 234575 ns, At safepoint: 4818 ns, Total: 239393 ns
[2023-07-17T18:33:08.802+0000][67][info ][safepoint   ] Safepoint "Cleanup", Time since last: 1001389155 ns, Reaching safepoint: 474458 ns, At safepoint: 35350 ns, Total: 509808 ns
[2023-07-17T18:33:09.805+0000][67][info ][safepoint   ] Safepoint "Cleanup", Time since last: 1002606475 ns, Reaching safepoint: 259052 ns, At safepoint: 20030 ns, Total: 279082 ns
[2023-07-17T18:33:13.085+0000][67][info ][safepoint   ] Safepoint "Cleanup", Time since last: 3279755813 ns, Reaching safepoint: 491449 ns, At safepoint: 14277 ns, Total: 505726 ns
[2023-07-17T18:33:15.089+0000][67][info ][safepoint   ] Safepoint "Cleanup", Time since last: 2003107756 ns, Reaching safepoint: 446655 ns, At safepoint: 17944 ns, Total: 464599 ns
[2023-07-17T18:33:16.145+0000][67][info ][safepoint   ] Safepoint "Cleanup", Time since last: 1056612202 ns, Reaching safepoint: 151377 ns, At safepoint: 71957 ns, Total: 223334 ns
[2023-07-17T18:33:19.500+0000][67][info ][safepoint   ] Safepoint "Cleanup", Time since last: 3354385459 ns, Reaching safepoint: 154681 ns, At safepoint: 4977 ns, Total: 159658 ns
[2023-07-17T18:33:20.528+0000][67][info ][safepoint   ] Safepoint "Cleanup", Time since last: 1027801995 ns, Reaching safepoint: 119338 ns, At safepoint: 5757 ns, Total: 125095 ns
[2023-07-17T18:33:22.053+0000][67][info ][safepoint   ] Safepoint "Cleanup", Time since last: 1525273210 ns, Reaching safepoint: 177331 ns, At safepoint: 19608 ns, Total: 196939 ns
[2023-07-17T18:33:23.882+0000][67][info ][safepoint   ] Safepoint "Cleanup", Time since last: 1828784061 ns, Reaching safepoint: 129230 ns, At safepoint: 3658 ns, Total: 132888 ns
[2023-07-17T18:33:27.885+0000][67][info ][safepoint   ] Safepoint "Cleanup", Time since last: 4002326065 ns, Reaching safepoint: 374070 ns, At safepoint: 20802 ns, Total: 394872 ns
[2023-07-17T18:33:29.198+0000][67][info ][safepoint   ] Safepoint "Cleanup", Time since last: 1312968146 ns, Reaching safepoint: 242542 ns, At safepoint: 41097 ns, Total: 283639 ns
[2023-07-17T18:33:32.313+0000][67][info ][safepoint   ] Safepoint "Cleanup", Time since last: 3114391775 ns, Reaching safepoint: 203965 ns, At safepoint: 19459 ns, Total: 223424 ns
[2023-07-17T18:33:33.876+0000][67][info ][safepoint   ] Safepoint "Cleanup", Time since last: 1563301296 ns, Reaching safepoint: 301680 ns, At safepoint: 13511 ns, Total: 315191 ns
[2023-07-17T18:33:35.717+0000][67][info ][safepoint   ] Safepoint "Cleanup", Time since last: 1840018077 ns, Reaching safepoint: 138346 ns, At safepoint: 4839 ns, Total: 143185 ns
[2023-07-17T18:33:36.718+0000][67][info ][safepoint   ] Safepoint "Cleanup", Time since last: 1001352172 ns, Reaching safepoint: 103147 ns, At safepoint: 5163 ns, Total: 108310 ns
[2023-07-17T18:33:37.720+0000][67][info ][safepoint   ] Safepoint "Cleanup", Time since last: 1001591538 ns, Reaching safepoint: 174014 ns, At safepoint: 6499 ns, Total: 180513 ns
[2023-07-17T18:33:39.722+0000][67][info ][safepoint   ] Safepoint "Cleanup", Time since last: 2001721661 ns, Reaching safepoint: 92728 ns, At safepoint: 9876 ns, Total: 102604 ns
[2023-07-17T18:33:40.964+0000][67][info ][safepoint   ] Safepoint "Cleanup", Time since last: 1242318299 ns, Reaching safepoint: 149324 ns, At safepoint: 35091 ns, Total: 184415 ns
[2023-07-17T18:33:42.053+0000][67][info ][safepoint   ] Safepoint "Cleanup", Time since last: 1088067283 ns, Reaching safepoint: 353892 ns, At safepoint: 47805 ns, Total: 401697 ns
[2023-07-17T18:33:43.186+0000][67][info ][safepoint   ] Safepoint "Cleanup", Time since last: 1132655133 ns, Reaching safepoint: 470879 ns, At safepoint: 8753 ns, Total: 479632 ns
[2023-07-17T18:33:44.211+0000][67][info ][safepoint   ] Safepoint "Cleanup", Time since last: 1024788454 ns, Reaching safepoint: 389517 ns, At safepoint: 10787 ns, Total: 400304 ns
[2023-07-17T18:33:45.214+0000][67][info ][safepoint   ] Safepoint "Cleanup", Time since last: 1002308693 ns, Reaching safepoint: 234728 ns, At safepoint: 6515 ns, Total: 241243 ns
[2023-07-17T18:33:46.387+0000][67][info ][safepoint   ] Safepoint "Cleanup", Time since last: 1172403179 ns, Reaching safepoint: 195440 ns, At safepoint: 28649 ns, Total: 224089 ns
[2023-07-17T18:33:47.440+0000][67][info ][safepoint   ] Safepoint "Cleanup", Time since last: 1052517295 ns, Reaching safepoint: 542606 ns, At safepoint: 10216 ns, Total: 552822 ns
[2023-07-17T18:33:51.842+0000][67][info ][safepoint   ] Safepoint "Cleanup", Time since last: 4401693446 ns, Reaching safepoint: 307727 ns, At safepoint: 46474 ns, Total: 354201 ns
[2023-07-17T18:33:53.703+0000][67][info ][safepoint   ] Safepoint "Cleanup", Time since last: 1860774835 ns, Reaching safepoint: 176970 ns, At safepoint: 3099 ns, Total: 180069 ns
[2023-07-17T18:33:55.704+0000][67][info ][safepoint   ] Safepoint "Cleanup", Time since last: 2001468285 ns, Reaching safepoint: 247598 ns, At safepoint: 5132 ns, Total: 252730 ns
[2023-07-17T18:33:57.833+0000][67][info ][safepoint   ] Safepoint "Cleanup", Time since last: 2128019845 ns, Reaching safepoint: 194111 ns, At safepoint: 32468 ns, Total: 226579 ns
[2023-07-17T18:33:58.921+0000][67][info ][safepoint   ] Safepoint "Cleanup", Time since last: 1087928570 ns, Reaching safepoint: 311310 ns, At safepoint: 17811 ns, Total: 329121 ns
[2023-07-17T18:34:00.997+0000][67][info ][safepoint   ] Safepoint "Cleanup", Time since last: 2075837991 ns, Reaching safepoint: 314628 ns, At safepoint: 3599 ns, Total: 318227 ns
[2023-07-17T18:34:02.999+0000][67][info ][safepoint   ] Safepoint "Cleanup", Time since last: 2002221999 ns, Reaching safepoint: 224646 ns, At safepoint: 4921 ns, Total: 229567 ns
[2023-07-17T18:34:04.023+0000][67][info ][safepoint   ] Safepoint "Cleanup", Time since last: 1023292284 ns, Reaching safepoint: 203362 ns, At safepoint: 27620 ns, Total: 230982 ns
[2023-07-17T18:34:05.285+0000][67][info ][safepoint   ] Safepoint "Cleanup", Time since last: 1261923602 ns, Reaching safepoint: 256311 ns, At safepoint: 11034 ns, Total: 267345 ns
[2023-07-17T18:34:06.608+0000][67][info ][safepoint   ] Safepoint "Cleanup", Time since last: 1322163132 ns, Reaching safepoint: 240262 ns, At safepoint: 44831 ns, Total: 285093 ns
[2023-07-17T18:34:07.619+0000][67][info ][safepoint   ] Safepoint "Cleanup", Time since last: 1011066135 ns, Reaching safepoint: 229696 ns, At safepoint: 3456 ns, Total: 233152 ns
[2023-07-17T18:34:08.621+0000][67][info ][safepoint   ] Safepoint "Cleanup", Time since last: 1001976292 ns, Reaching safepoint: 223611 ns, At safepoint: 3863 ns, Total: 227474 ns
[2023-07-17T18:34:09.827+0000][67][info ][safepoint   ] Safepoint "Cleanup", Time since last: 1205527970 ns, Reaching safepoint: 94807 ns, At safepoint: 8573 ns, Total: 103380 ns
[2023-07-17T18:34:10.829+0000][67][info ][safepoint   ] Safepoint "Cleanup", Time since last: 1002145705 ns, Reaching safepoint: 184985 ns, At safepoint: 27575 ns, Total: 212560 ns
[2023-07-17T18:34:11.856+0000][67][info ][safepoint   ] Safepoint "Cleanup", Time since last: 1027042115 ns, Reaching safepoint: 208035 ns, At safepoint: 12650 ns, Total: 220685 ns
[2023-07-17T18:34:12.859+0000][67][info ][safepoint   ] Safepoint "Cleanup", Time since last: 1001842877 ns, Reaching safepoint: 250264 ns, At safepoint: 29591 ns, Total: 279855 ns
[2023-07-17T18:34:13.918+0000][67][info ][safepoint   ] Safepoint "Cleanup", Time since last: 1059451402 ns, Reaching safepoint: 288487 ns, At safepoint: 61240 ns, Total: 349727 ns
[2023-07-17T18:34:14.946+0000][67][info ][safepoint   ] Safepoint "Cleanup", Time since last: 1026986943 ns, Reaching safepoint: 186260 ns, At safepoint: 77743 ns, Total: 264003 ns
[2023-07-17T18:34:16.006+0000][67][info ][safepoint   ] Safepoint "Cleanup", Time since last: 1060057555 ns, Reaching safepoint: 276116 ns, At safepoint: 81938 ns, Total: 358054 ns
[2023-07-17T18:34:17.008+0000][67][info ][safepoint   ] Safepoint "Cleanup", Time since last: 1001454442 ns, Reaching safepoint: 196600 ns, At safepoint: 13409 ns, Total: 210009 ns
[2023-07-17T18:34:18.175+0000][67][info ][safepoint   ] Safepoint "Cleanup", Time since last: 1166928082 ns, Reaching safepoint: 189453 ns, At safepoint: 3333 ns, Total: 192786 ns
[2023-07-17T18:34:19.176+0000][67][info ][safepoint   ] Safepoint "Cleanup", Time since last: 1001383685 ns, Reaching safepoint: 159688 ns, At safepoint: 2874 ns, Total: 162562 ns
[2023-07-17T18:34:21.178+0000][67][info ][safepoint   ] Safepoint "Cleanup", Time since last: 2001536512 ns, Reaching safepoint: 208633 ns, At safepoint: 3732 ns, Total: 212365 ns
[2023-07-17T18:34:22.384+0000][67][info ][safepoint   ] Safepoint "Cleanup", Time since last: 1205417141 ns, Reaching safepoint: 152126 ns, At safepoint: 35198 ns, Total: 187324 ns
[2023-07-17T18:34:23.448+0000][67][info ][safepoint   ] Safepoint "Cleanup", Time since last: 1063773573 ns, Reaching safepoint: 205813 ns, At safepoint: 7418 ns, Total: 213231 ns
[2023-07-17T18:34:24.787+0000][67][info ][safepoint   ] Safepoint "Cleanup", Time since last: 1338605280 ns, Reaching safepoint: 153936 ns, At safepoint: 3875 ns, Total: 157811 ns
[2023-07-17T18:34:27.889+0000][67][info ][safepoint   ] Safepoint "Cleanup", Time since last: 3101825478 ns, Reaching safepoint: 187092 ns, At safepoint: 32567 ns, Total: 219659 ns
[2023-07-17T18:34:29.755+0000][67][info ][safepoint   ] Safepoint "Cleanup", Time since last: 1865878450 ns, Reaching safepoint: 183457 ns, At safepoint: 3374 ns, Total: 186831 ns
[2023-07-17T18:34:30.756+0000][67][info ][safepoint   ] Safepoint "Cleanup", Time since last: 1001159821 ns, Reaching safepoint: 221119 ns, At safepoint: 4092 ns, Total: 225211 ns
[2023-07-17T18:34:33.758+0000][67][info ][safepoint   ] Safepoint "Cleanup", Time since last: 3001671419 ns, Reaching safepoint: 130953 ns, At safepoint: 6869 ns, Total: 137822 ns
[2023-07-17T18:34:35.109+0000][67][info ][safepoint   ] Safepoint "Cleanup", Time since last: 1350732943 ns, Reaching safepoint: 169434 ns, At safepoint: 135025 ns, Total: 304459 ns
[2023-07-17T18:34:39.392+0000][67][info ][safepoint   ] Safepoint "Cleanup", Time since last: 4283043105 ns, Reaching safepoint: 205247 ns, At safepoint: 5314 ns, Total: 210561 ns
[2023-07-17T18:34:40.713+0000][67][info ][safepoint   ] Safepoint "Cleanup", Time since last: 1320222135 ns, Reaching safepoint: 501126 ns, At safepoint: 52700 ns, Total: 553826 ns
[2023-07-17T18:34:41.831+0000][67][info ][safepoint   ] Safepoint "Cleanup", Time since last: 1117609018 ns, Reaching safepoint: 252707 ns, At safepoint: 9007 ns, Total: 261714 ns
[2023-07-17T18:34:42.834+0000][67][info ][safepoint   ] Safepoint "Cleanup", Time since last: 1002674457 ns, Reaching safepoint: 244389 ns, At safepoint: 14779 ns, Total: 259168 ns
[2023-07-17T18:34:43.836+0000][67][info ][safepoint   ] Safepoint "Cleanup", Time since last: 1001811021 ns, Reaching safepoint: 181706 ns, At safepoint: 4011 ns, Total: 185717 ns
[2023-07-17T18:34:44.838+0000][67][info ][safepoint   ] Safepoint "Cleanup", Time since last: 1001187432 ns, Reaching safepoint: 380128 ns, At safepoint: 98170 ns, Total: 478298 ns
[2023-07-17T18:34:45.850+0000][67][info ][safepoint   ] Safepoint "Cleanup", Time since last: 1011800507 ns, Reaching safepoint: 189833 ns, At safepoint: 39025 ns, Total: 228858 ns
[2023-07-17T18:34:46.996+0000][67][info ][safepoint   ] Safepoint "Cleanup", Time since last: 1145460573 ns, Reaching safepoint: 409585 ns, At safepoint: 4867 ns, Total: 414452 ns
[2023-07-17T18:34:49.195+0000][67][info ][safepoint   ] Safepoint "Cleanup", Time since last: 2198684349 ns, Reaching safepoint: 280037 ns, At safepoint: 35216 ns, Total: 315253 ns
[2023-07-17T18:34:50.636+0000][67][info ][safepoint   ] Safepoint "Cleanup", Time since last: 1440787344 ns, Reaching safepoint: 174288 ns, At safepoint: 4531 ns, Total: 178819 ns
[2023-07-17T18:34:51.637+0000][67][info ][safepoint   ] Safepoint "Cleanup", Time since last: 1001622049 ns, Reaching safepoint: 275195 ns, At safepoint: 3786 ns, Total: 278981 ns
[2023-07-17T18:34:53.546+0000][67][info ][safepoint   ] Safepoint "Cleanup", Time since last: 1908115007 ns, Reaching safepoint: 361625 ns, At safepoint: 15294 ns, Total: 376919 ns
[2023-07-17T18:34:54.549+0000][67][info ][safepoint   ] Safepoint "Cleanup", Time since last: 1002367443 ns, Reaching safepoint: 266206 ns, At safepoint: 11087 ns, Total: 277293 ns
[2023-07-17T18:34:56.536+0000][67][info ][safepoint   ] Safepoint "Cleanup", Time since last: 1986947161 ns, Reaching safepoint: 404720 ns, At safepoint: 5716 ns, Total: 410436 ns
[2023-07-17T18:34:57.910+0000][67][info ][safepoint   ] Safepoint "Cleanup", Time since last: 1374113728 ns, Reaching safepoint: 171399 ns, At safepoint: 30027 ns, Total: 201426 ns
[2023-07-17T18:34:59.027+0000][67][info ][safepoint   ] Safepoint "Cleanup", Time since last: 1116614256 ns, Reaching safepoint: 171770 ns, At safepoint: 38608 ns, Total: 210378 ns
[2023-07-17T18:35:00.718+0000][67][info ][safepoint   ] Safepoint "Cleanup", Time since last: 1690726804 ns, Reaching safepoint: 276506 ns, At safepoint: 73230 ns, Total: 349736 ns
[2023-07-17T18:35:03.803+0000][67][info ][safepoint   ] Safepoint "Cleanup", Time since last: 3083848497 ns, Reaching safepoint: 498611 ns, At safepoint: 34848 ns, Total: 533459 ns
[2023-07-17T18:35:04.908+0000][67][info ][safepoint   ] Safepoint "Cleanup", Time since last: 1105397793 ns, Reaching safepoint: 291659 ns, At safepoint: 5991 ns, Total: 297650 ns
[2023-07-17T18:35:07.201+0000][67][info ][safepoint   ] Safepoint "Cleanup", Time since last: 2292098262 ns, Reaching safepoint: 620531 ns, At safepoint: 22676 ns, Total: 643207 ns
[2023-07-17T18:35:09.881+0000][67][info ][safepoint   ] Safepoint "Cleanup", Time since last: 2680166671 ns, Reaching safepoint: 295681 ns, At safepoint: 39372 ns, Total: 335053 ns
[2023-07-17T18:35:11.534+0000][67][info ][safepoint   ] Safepoint "Cleanup", Time since last: 1652393642 ns, Reaching safepoint: 339091 ns, At safepoint: 22034 ns, Total: 361125 ns
[2023-07-17T18:35:12.537+0000][67][info ][safepoint   ] Safepoint "Cleanup", Time since last: 1002681097 ns, Reaching safepoint: 455084 ns, At safepoint: 15388 ns, Total: 470472 ns
[2023-07-17T18:35:13.541+0000][67][info ][safepoint   ] Safepoint "Cleanup", Time since last: 1002824792 ns, Reaching safepoint: 339619 ns, At safepoint: 14894 ns, Total: 354513 ns
[2023-07-17T18:35:14.544+0000][67][info ][safepoint   ] Safepoint "Cleanup", Time since last: 1002420918 ns, Reaching safepoint: 471551 ns, At safepoint: 5929 ns, Total: 477480 ns
[2023-07-17T18:35:15.857+0000][67][info ][safepoint   ] Safepoint "Cleanup", Time since last: 1312871483 ns, Reaching safepoint: 142159 ns, At safepoint: 34676 ns, Total: 176835 ns
[2023-07-17T18:35:17.846+0000][67][info ][safepoint   ] Safepoint "Cleanup", Time since last: 1989085252 ns, Reaching safepoint: 361254 ns, At safepoint: 15539 ns, Total: 376793 ns
[2023-07-17T18:35:18.851+0000][67][info ][safepoint   ] Safepoint "Cleanup", Time since last: 1003555618 ns, Reaching safepoint: 902963 ns, At safepoint: 38132 ns, Total: 941095 ns
[2023-07-17T18:35:20.854+0000][67][info ][safepoint   ] Safepoint "Cleanup", Time since last: 2003078482 ns, Reaching safepoint: 351384 ns, At safepoint: 5418 ns, Total: 356802 ns
[2023-07-17T18:35:22.984+0000][67][info ][safepoint   ] Safepoint "Cleanup", Time since last: 2129132447 ns, Reaching safepoint: 199124 ns, At safepoint: 10760 ns, Total: 209884 ns
[2023-07-17T18:35:28.080+0000][67][info ][safepoint   ] Safepoint "Cleanup", Time since last: 5095779567 ns, Reaching safepoint: 261443 ns, At safepoint: 52745 ns, Total: 314188 ns
[2023-07-17T18:35:29.465+0000][67][info ][safepoint   ] Safepoint "Cleanup", Time since last: 1384859333 ns, Reaching safepoint: 480952 ns, At safepoint: 14315 ns, Total: 495267 ns
[2023-07-17T18:35:31.468+0000][67][info ][safepoint   ] Safepoint "Cleanup", Time since last: 2002769821 ns, Reaching safepoint: 530710 ns, At safepoint: 9419 ns, Total: 540129 ns
[2023-07-17T18:35:34.619+0000][67][info ][safepoint   ] Safepoint "Cleanup", Time since last: 3150515794 ns, Reaching safepoint: 121561 ns, At safepoint: 34848 ns, Total: 156409 ns
[2023-07-17T18:35:36.671+0000][67][info ][safepoint   ] Safepoint "Cleanup", Time since last: 2051736055 ns, Reaching safepoint: 287379 ns, At safepoint: 6693 ns, Total: 294072 ns
[2023-07-17T18:35:37.674+0000][67][info ][safepoint   ] Safepoint "Cleanup", Time since last: 1002737248 ns, Reaching safepoint: 535715 ns, At safepoint: 19866 ns, Total: 555581 ns
[2023-07-17T18:35:39.985+0000][67][info ][safepoint   ] Safepoint "Cleanup", Time since last: 2310008916 ns, Reaching safepoint: 164268 ns, At safepoint: 75936 ns, Total: 240204 ns
[2023-07-17T18:35:39.996+0000][67][info ][gc,start    ] GC(13) Pause Young (Normal) (G1 Evacuation Pause)
[2023-07-17T18:35:39.999+0000][67][info ][gc,task     ] GC(13) Using 6 workers of 6 for evacuation
[2023-07-17T18:35:40.001+0000][67][debug][gc,age      ] GC(13) Desired survivor size 58720256 bytes, new threshold 3 (max threshold 15)
[2023-07-17T18:35:40.808+0000][67][info ][gc,mmu      ] GC(13) MMU target violated: 201.0ms (200.0ms/201.0ms)
[2023-07-17T18:35:40.810+0000][67][info ][gc,phases   ] GC(13)   Pre Evacuate Collection Set: 1.2ms
[2023-07-17T18:35:40.811+0000][67][info ][gc,phases   ] GC(13)   Merge Heap Roots: 0.9ms
[2023-07-17T18:35:40.811+0000][67][info ][gc,phases   ] GC(13)   Evacuate Collection Set: 796.4ms
[2023-07-17T18:35:40.812+0000][67][info ][gc,phases   ] GC(13)   Post Evacuate Collection Set: 5.4ms
[2023-07-17T18:35:40.813+0000][67][info ][gc,phases   ] GC(13)   Other: 7.3ms
[2023-07-17T18:35:40.814+0000][67][trace][gc,age      ] GC(13) Age table with threshold 3 (max threshold 15)
[2023-07-17T18:35:40.814+0000][67][trace][gc,age      ] GC(13) - age   1:    4277872 bytes,    4277872 total
[2023-07-17T18:35:40.815+0000][67][trace][gc,age      ] GC(13) - age   2:   33253568 bytes,   37531440 total
[2023-07-17T18:35:40.816+0000][67][trace][gc,age      ] GC(13) - age   3:   15110560 bytes,   52642000 total
[2023-07-17T18:35:40.817+0000][67][info ][gc,heap     ] GC(13) Eden regions: 193->0(34)
[2023-07-17T18:35:40.818+0000][67][info ][gc,heap     ] GC(13) Survivor regions: 27->15(28)
[2023-07-17T18:35:40.819+0000][67][info ][gc,heap     ] GC(13) Old regions: 0->13
[2023-07-17T18:35:40.819+0000][67][info ][gc,heap     ] GC(13) Archive regions: 2->2
[2023-07-17T18:35:40.820+0000][67][info ][gc,heap     ] GC(13) Humongous regions: 0->0
[2023-07-17T18:35:40.821+0000][67][info ][gc,metaspace] GC(13) Metaspace: 136654K(139968K)->136654K(139968K) NonClass: 118884K(120512K)->118884K(120512K) Class: 17769K(19456K)->17769K(19456K)
[2023-07-17T18:35:40.823+0000][67][info ][gc          ] GC(13) Pause Young (Normal) (G1 Evacuation Pause) 881M->113M(3932M) 827.031ms
[2023-07-17T18:35:40.823+0000][67][info ][gc,cpu      ] GC(13) User=1.03s Sys=0.34s Real=0.83s
[2023-07-17T18:35:40.824+0000][67][info ][safepoint   ] Safepoint "G1CollectForAllocation", Time since last: 7755344 ns, Reaching safepoint: 261427 ns, At safepoint: 831731284 ns, Total: 831992711 ns
[2023-07-17T18:35:41.827+0000][67][info ][safepoint   ] Safepoint "Cleanup", Time since last: 1000995987 ns, Reaching safepoint: 800140 ns, At safepoint: 532172 ns, Total: 1332312 ns
[2023-07-17T18:35:42.992+0000][67][info ][safepoint   ] Safepoint "Cleanup", Time since last: 1164184527 ns, Reaching safepoint: 395608 ns, At safepoint: 15751 ns, Total: 411359 ns
[2023-07-17T18:35:43.994+0000][67][info ][safepoint   ] Safepoint "Cleanup", Time since last: 1002133149 ns, Reaching safepoint: 355752 ns, At safepoint: 15094 ns, Total: 370846 ns
[2023-07-17T18:35:45.863+0000][67][info ][safepoint   ] Safepoint "Cleanup", Time since last: 1868829535 ns, Reaching safepoint: 132915 ns, At safepoint: 6248 ns, Total: 139163 ns
[2023-07-17T18:35:47.256+0000][67][info ][safepoint   ] Safepoint "Cleanup", Time since last: 1393095572 ns, Reaching safepoint: 338597 ns, At safepoint: 6266 ns, Total: 344863 ns
[2023-07-17T18:35:48.995+0000][67][info ][safepoint   ] Safepoint "Cleanup", Time since last: 1738526660 ns, Reaching safepoint: 192116 ns, At safepoint: 14056 ns, Total: 206172 ns
[2023-07-17T18:35:49.998+0000][67][info ][safepoint   ] Safepoint "Cleanup", Time since last: 1002616809 ns, Reaching safepoint: 217766 ns, At safepoint: 3834 ns, Total: 221600 ns
[2023-07-17T18:35:51.866+0000][67][info ][safepoint   ] Safepoint "Cleanup", Time since last: 1867399135 ns, Reaching safepoint: 178361 ns, At safepoint: 40528 ns, Total: 218889 ns
[2023-07-17T18:35:52.888+0000][67][info ][safepoint   ] Safepoint "Cleanup", Time since last: 1022287223 ns, Reaching safepoint: 172908 ns, At safepoint: 26703 ns, Total: 199611 ns
[2023-07-17T18:35:53.897+0000][67][info ][safepoint   ] Safepoint "Cleanup", Time since last: 1008717853 ns, Reaching safepoint: 324162 ns, At safepoint: 5434 ns, Total: 329596 ns
[2023-07-17T18:35:55.238+0000][67][info ][safepoint   ] Safepoint "Cleanup", Time since last: 1340157987 ns, Reaching safepoint: 248517 ns, At safepoint: 5197 ns, Total: 253714 ns
[2023-07-17T18:35:57.981+0000][67][info ][safepoint   ] Safepoint "Cleanup", Time since last: 2743107236 ns, Reaching safepoint: 235530 ns, At safepoint: 29994 ns, Total: 265524 ns
[2023-07-17T18:35:58.983+0000][67][info ][safepoint   ] Safepoint "Cleanup", Time since last: 1001254161 ns, Reaching safepoint: 342915 ns, At safepoint: 14116 ns, Total: 357031 ns
[2023-07-17T18:36:00.141+0000][67][info ][safepoint   ] Safepoint "Cleanup", Time since last: 1157737160 ns, Reaching safepoint: 247319 ns, At safepoint: 3627 ns, Total: 250946 ns
[2023-07-17T18:36:01.189+0000][67][info ][safepoint   ] Safepoint "Cleanup", Time since last: 1048409076 ns, Reaching safepoint: 186610 ns, At safepoint: 26917 ns, Total: 213527 ns
[2023-07-17T18:36:02.976+0000][67][info ][safepoint   ] Safepoint "Cleanup", Time since last: 1786062971 ns, Reaching safepoint: 484978 ns, At safepoint: 24023 ns, Total: 509001 ns
[2023-07-17T18:36:04.043+0000][67][info ][safepoint   ] Safepoint "Cleanup", Time since last: 1067017026 ns, Reaching safepoint: 461702 ns, At safepoint: 48484 ns, Total: 510186 ns
[2023-07-17T18:36:05.418+0000][67][info ][safepoint   ] Safepoint "Cleanup", Time since last: 1373769734 ns, Reaching safepoint: 594240 ns, At safepoint: 14031 ns, Total: 608271 ns
[2023-07-17T18:36:07.091+0000][67][info ][safepoint   ] Safepoint "Cleanup", Time since last: 1672553466 ns, Reaching safepoint: 439829 ns, At safepoint: 22800 ns, Total: 462629 ns
[2023-07-17T18:36:09.094+0000][67][info ][safepoint   ] Safepoint "Cleanup", Time since last: 2003059877 ns, Reaching safepoint: 397614 ns, At safepoint: 6151 ns, Total: 403765 ns
[2023-07-17T18:36:10.575+0000][67][info ][gc,start    ] GC(14) Pause Young (Normal) (G1 Evacuation Pause)
[2023-07-17T18:36:10.576+0000][67][info ][gc,task     ] GC(14) Using 6 workers of 6 for evacuation
[2023-07-17T18:36:10.577+0000][67][debug][gc,age      ] GC(14) Desired survivor size 14680064 bytes, new threshold 2 (max threshold 15)
[2023-07-17T18:36:10.744+0000][67][info ][gc,phases   ] GC(14)   Pre Evacuate Collection Set: 0.3ms
[2023-07-17T18:36:10.745+0000][67][info ][gc,phases   ] GC(14)   Merge Heap Roots: 0.1ms
[2023-07-17T18:36:10.746+0000][67][info ][gc,phases   ] GC(14)   Evacuate Collection Set: 164.0ms
[2023-07-17T18:36:10.746+0000][67][info ][gc,phases   ] GC(14)   Post Evacuate Collection Set: 1.8ms
[2023-07-17T18:36:10.747+0000][67][info ][gc,phases   ] GC(14)   Other: 1.9ms
[2023-07-17T18:36:10.748+0000][67][trace][gc,age      ] GC(14) Age table with threshold 2 (max threshold 15)
[2023-07-17T18:36:10.749+0000][67][trace][gc,age      ] GC(14) - age   1:    2212264 bytes,    2212264 total
[2023-07-17T18:36:10.749+0000][67][trace][gc,age      ] GC(14) - age   2:    2375432 bytes,    4587696 total
[2023-07-17T18:36:10.750+0000][67][info ][gc,heap     ] GC(14) Eden regions: 34->0(239)
[2023-07-17T18:36:10.751+0000][67][info ][gc,heap     ] GC(14) Survivor regions: 15->3(7)
[2023-07-17T18:36:10.752+0000][67][info ][gc,heap     ] GC(14) Old regions: 13->26
[2023-07-17T18:36:10.753+0000][67][info ][gc,heap     ] GC(14) Archive regions: 2->2
[2023-07-17T18:36:10.753+0000][67][info ][gc,heap     ] GC(14) Humongous regions: 0->0
[2023-07-17T18:36:10.754+0000][67][info ][gc,metaspace] GC(14) Metaspace: 136858K(140160K)->136858K(140160K) NonClass: 119080K(120704K)->119080K(120704K) Class: 17777K(19456K)->17777K(19456K)
[2023-07-17T18:36:10.755+0000][67][info ][gc          ] GC(14) Pause Young (Normal) (G1 Evacuation Pause) 249M->116M(3932M) 179.617ms
[2023-07-17T18:36:10.755+0000][67][info ][gc,cpu      ] GC(14) User=0.19s Sys=0.08s Real=0.18s
[2023-07-17T18:36:10.756+0000][67][info ][safepoint   ] Safepoint "G1CollectForAllocation", Time since last: 1480663549 ns, Reaching safepoint: 240156 ns, At safepoint: 181066210 ns, Total: 181306366 ns
[2023-07-17T18:36:12.892+0000][67][info ][safepoint   ] Safepoint "Cleanup", Time since last: 2135475894 ns, Reaching safepoint: 790216 ns, At safepoint: 51545 ns, Total: 841761 ns
[2023-07-17T18:36:15.846+0000][67][info ][safepoint   ] Safepoint "Cleanup", Time since last: 2953203186 ns, Reaching safepoint: 44778 ns, At safepoint: 48567 ns, Total: 93345 ns
[2023-07-17T18:36:16.993+0000][67][info ][safepoint   ] Safepoint "Cleanup", Time since last: 1147295281 ns, Reaching safepoint: 186340 ns, At safepoint: 10314 ns, Total: 196654 ns
[2023-07-17T18:36:18.263+0000][67][info ][safepoint   ] Safepoint "Cleanup", Time since last: 1269262483 ns, Reaching safepoint: 101649 ns, At safepoint: 4215 ns, Total: 105864 ns
[2023-07-17T18:36:19.274+0000][67][info ][safepoint   ] Safepoint "Cleanup", Time since last: 1010678230 ns, Reaching safepoint: 293118 ns, At safepoint: 5524 ns, Total: 298642 ns
[2023-07-17T18:36:21.277+0000][67][info ][safepoint   ] Safepoint "Cleanup", Time since last: 2002831104 ns, Reaching safepoint: 385924 ns, At safepoint: 16689 ns, Total: 402613 ns
[2023-07-17T18:36:22.449+0000][67][info ][safepoint   ] Safepoint "Cleanup", Time since last: 1172446970 ns, Reaching safepoint: 90717 ns, At safepoint: 4157 ns, Total: 94874 ns
[2023-07-17T18:36:23.508+0000][67][info ][safepoint   ] Safepoint "Cleanup", Time since last: 1057966707 ns, Reaching safepoint: 172493 ns, At safepoint: 3358 ns, Total: 175851 ns
[2023-07-17T18:36:27.861+0000][67][info ][safepoint   ] Safepoint "Cleanup", Time since last: 4353635991 ns, Reaching safepoint: 162675 ns, At safepoint: 30053 ns, Total: 192728 ns
[2023-07-17T18:36:29.782+0000][67][info ][safepoint   ] Safepoint "Cleanup", Time since last: 1920355345 ns, Reaching safepoint: 630651 ns, At safepoint: 9245 ns, Total: 639896 ns
[2023-07-17T18:36:33.787+0000][67][info ][safepoint   ] Safepoint "Cleanup", Time since last: 4004109361 ns, Reaching safepoint: 210264 ns, At safepoint: 8774 ns, Total: 219038 ns
[2023-07-17T18:36:34.993+0000][67][info ][safepoint   ] Safepoint "Cleanup", Time since last: 1206164661 ns, Reaching safepoint: 239025 ns, At safepoint: 35429 ns, Total: 274454 ns
[2023-07-17T18:36:36.440+0000][67][info ][safepoint   ] Safepoint "Cleanup", Time since last: 1446602953 ns, Reaching safepoint: 175049 ns, At safepoint: 33643 ns, Total: 208692 ns
[2023-07-17T18:36:39.856+0000][67][info ][safepoint   ] Safepoint "Cleanup", Time since last: 3415859873 ns, Reaching safepoint: 227470 ns, At safepoint: 33921 ns, Total: 261391 ns
[2023-07-17T18:36:40.865+0000][67][info ][safepoint   ] Safepoint "Cleanup", Time since last: 1008748969 ns, Reaching safepoint: 200032 ns, At safepoint: 47381 ns, Total: 247413 ns
[2023-07-17T18:36:42.776+0000][67][info ][safepoint   ] Safepoint "Cleanup", Time since last: 1909910692 ns, Reaching safepoint: 271893 ns, At safepoint: 15127 ns, Total: 287020 ns
[2023-07-17T18:36:44.778+0000][67][info ][safepoint   ] Safepoint "Cleanup", Time since last: 2002326290 ns, Reaching safepoint: 375727 ns, At safepoint: 16837 ns, Total: 392564 ns
[2023-07-17T18:36:45.781+0000][67][info ][safepoint   ] Safepoint "Cleanup", Time since last: 1002309165 ns, Reaching safepoint: 199503 ns, At safepoint: 11893 ns, Total: 211396 ns
[2023-07-17T18:36:46.945+0000][67][info ][safepoint   ] Safepoint "Cleanup", Time since last: 1164418553 ns, Reaching safepoint: 192611 ns, At safepoint: 29954 ns, Total: 222565 ns
[2023-07-17T18:36:48.800+0000][67][info ][safepoint   ] Safepoint "Cleanup", Time since last: 1854149408 ns, Reaching safepoint: 233031 ns, At safepoint: 4520 ns, Total: 237551 ns
[2023-07-17T18:36:51.823+0000][67][info ][safepoint   ] Safepoint "Cleanup", Time since last: 3022506431 ns, Reaching safepoint: 177780 ns, At safepoint: 16949 ns, Total: 194729 ns
[2023-07-17T18:36:53.186+0000][67][info ][safepoint   ] Safepoint "Cleanup", Time since last: 1363563033 ns, Reaching safepoint: 318802 ns, At safepoint: 11152 ns, Total: 329954 ns
[2023-07-17T18:36:56.375+0000][67][info ][safepoint   ] Safepoint "Cleanup", Time since last: 3187450755 ns, Reaching safepoint: 681031 ns, At safepoint: 12168 ns, Total: 693199 ns
[2023-07-17T18:36:57.855+0000][67][info ][safepoint   ] Safepoint "Cleanup", Time since last: 1479819800 ns, Reaching safepoint: 188924 ns, At safepoint: 57795 ns, Total: 246719 ns
[2023-07-17T18:36:59.628+0000][67][info ][safepoint   ] Safepoint "Cleanup", Time since last: 1772660764 ns, Reaching safepoint: 300283 ns, At safepoint: 7045 ns, Total: 307328 ns
[2023-07-17T18:37:03.632+0000][67][info ][safepoint   ] Safepoint "Cleanup", Time since last: 4003850409 ns, Reaching safepoint: 230966 ns, At safepoint: 4625 ns, Total: 235591 ns
[2023-07-17T18:37:04.854+0000][67][info ][safepoint   ] Safepoint "Cleanup", Time since last: 1222532095 ns, Reaching safepoint: 207863 ns, At safepoint: 42385 ns, Total: 250248 ns
[2023-07-17T18:37:05.918+0000][67][info ][safepoint   ] Safepoint "Cleanup", Time since last: 1062676792 ns, Reaching safepoint: 500066 ns, At safepoint: 7140 ns, Total: 507206 ns
[2023-07-17T18:37:08.921+0000][67][info ][safepoint   ] Safepoint "Cleanup", Time since last: 3002537312 ns, Reaching safepoint: 360911 ns, At safepoint: 18281 ns, Total: 379192 ns
[2023-07-17T18:37:09.921+0000][67][info ][safepoint   ] Safepoint "Cleanup", Time since last: 1000436412 ns, Reaching safepoint: 143779 ns, At safepoint: 49314 ns, Total: 193093 ns
[2023-07-17T18:37:11.142+0000][67][info ][safepoint   ] Safepoint "Cleanup", Time since last: 1220481501 ns, Reaching safepoint: 191812 ns, At safepoint: 34004 ns, Total: 225816 ns
[2023-07-17T18:37:12.307+0000][67][info ][safepoint   ] Safepoint "Cleanup", Time since last: 1163899225 ns, Reaching safepoint: 669375 ns, At safepoint: 9852 ns, Total: 679227 ns
[2023-07-17T18:37:13.308+0000][67][info ][safepoint   ] Safepoint "Cleanup", Time since last: 1003224389 ns, Reaching safepoint: 659413 ns, At safepoint: 11054 ns, Total: 670467 ns
[2023-07-17T18:37:14.311+0000][67][info ][safepoint   ] Safepoint "Cleanup", Time since last: 1002594935 ns, Reaching safepoint: 732266 ns, At safepoint: 27731 ns, Total: 759997 ns
[2023-07-17T18:37:15.316+0000][67][info ][safepoint   ] Safepoint "Cleanup", Time since last: 1004185523 ns, Reaching safepoint: 391230 ns, At safepoint: 7348 ns, Total: 398578 ns
[2023-07-17T18:37:16.489+0000][67][info ][safepoint   ] Safepoint "Cleanup", Time since last: 1173451415 ns, Reaching safepoint: 249746 ns, At safepoint: 29527 ns, Total: 279273 ns
[2023-07-17T18:37:17.545+0000][67][info ][safepoint   ] Safepoint "Cleanup", Time since last: 1055328537 ns, Reaching safepoint: 504397 ns, At safepoint: 30506 ns, Total: 534903 ns
[2023-07-17T18:37:19.550+0000][67][info ][safepoint   ] Safepoint "Cleanup", Time since last: 2004537392 ns, Reaching safepoint: 524409 ns, At safepoint: 91403 ns, Total: 615812 ns
[2023-07-17T18:37:21.868+0000][67][info ][safepoint   ] Safepoint "Cleanup", Time since last: 2317394634 ns, Reaching safepoint: 109230 ns, At safepoint: 32435 ns, Total: 141665 ns
[2023-07-17T18:37:23.818+0000][67][info ][safepoint   ] Safepoint "Cleanup", Time since last: 1949938372 ns, Reaching safepoint: 419255 ns, At safepoint: 79569 ns, Total: 498824 ns
[2023-07-17T18:37:24.821+0000][67][info ][safepoint   ] Safepoint "Cleanup", Time since last: 1002475613 ns, Reaching safepoint: 378456 ns, At safepoint: 19440 ns, Total: 397896 ns
[2023-07-17T18:37:27.825+0000][67][info ][safepoint   ] Safepoint "Cleanup", Time since last: 3003159684 ns, Reaching safepoint: 245094 ns, At safepoint: 4710 ns, Total: 249804 ns
[2023-07-17T18:37:28.979+0000][67][info ][safepoint   ] Safepoint "Cleanup", Time since last: 1154465921 ns, Reaching safepoint: 135243 ns, At safepoint: 30549 ns, Total: 165792 ns
[2023-07-17T18:37:33.856+0000][67][info ][safepoint   ] Safepoint "Cleanup", Time since last: 4876324211 ns, Reaching safepoint: 187320 ns, At safepoint: 35955 ns, Total: 223275 ns
[2023-07-17T18:37:35.441+0000][67][info ][safepoint   ] Safepoint "Cleanup", Time since last: 1584270921 ns, Reaching safepoint: 529525 ns, At safepoint: 63090 ns, Total: 592615 ns
[2023-07-17T18:37:36.453+0000][67][info ][safepoint   ] Safepoint "Cleanup", Time since last: 1012015040 ns, Reaching safepoint: 484887 ns, At safepoint: 23800 ns, Total: 508687 ns
[2023-07-17T18:37:39.867+0000][67][info ][safepoint   ] Safepoint "Cleanup", Time since last: 3413078840 ns, Reaching safepoint: 430191 ns, At safepoint: 33232 ns, Total: 463423 ns
[2023-07-17T18:37:41.682+0000][67][info ][safepoint   ] Safepoint "Cleanup", Time since last: 1815006109 ns, Reaching safepoint: 238449 ns, At safepoint: 4656 ns, Total: 243105 ns
[2023-07-17T18:37:43.982+0000][67][info ][safepoint   ] Safepoint "Cleanup", Time since last: 2330119603 ns, Reaching safepoint: 229202 ns, At safepoint: 34804 ns, Total: 264006 ns
[2023-07-17T18:37:45.640+0000][67][info ][safepoint   ] Safepoint "Cleanup", Time since last: 1658108295 ns, Reaching safepoint: 613326 ns, At safepoint: 8620 ns, Total: 621946 ns
[2023-07-17T18:37:46.869+0000][67][info ][safepoint   ] Safepoint "Cleanup", Time since last: 1228274754 ns, Reaching safepoint: 130461 ns, At safepoint: 36155 ns, Total: 166616 ns
[2023-07-17T18:37:47.931+0000][67][info ][safepoint   ] Safepoint "Cleanup", Time since last: 1061856529 ns, Reaching safepoint: 434867 ns, At safepoint: 8270 ns, Total: 443137 ns
[2023-07-17T18:37:49.590+0000][67][info ][safepoint   ] Safepoint "Cleanup", Time since last: 1658603980 ns, Reaching safepoint: 336066 ns, At safepoint: 7125 ns, Total: 343191 ns
[2023-07-17T18:37:51.831+0000][67][info ][safepoint   ] Safepoint "Cleanup", Time since last: 2240947529 ns, Reaching safepoint: 211715 ns, At safepoint: 40877 ns, Total: 252592 ns
[2023-07-17T18:37:53.263+0000][67][info ][safepoint   ] Safepoint "Cleanup", Time since last: 1430510283 ns, Reaching safepoint: 796804 ns, At safepoint: 29195 ns, Total: 825999 ns
[2023-07-17T18:37:54.498+0000][67][info ][safepoint   ] Safepoint "Cleanup", Time since last: 1235164465 ns, Reaching safepoint: 373377 ns, At safepoint: 4682 ns, Total: 378059 ns
[2023-07-17T18:37:57.836+0000][67][info ][safepoint   ] Safepoint "Cleanup", Time since last: 3337252373 ns, Reaching safepoint: 160722 ns, At safepoint: 28036 ns, Total: 188758 ns
[2023-07-17T18:37:58.953+0000][67][info ][safepoint   ] Safepoint "Cleanup", Time since last: 1117390040 ns, Reaching safepoint: 128826 ns, At safepoint: 43712 ns, Total: 172538 ns
[2023-07-17T18:38:00.876+0000][67][info ][safepoint   ] Safepoint "Cleanup", Time since last: 1922483907 ns, Reaching safepoint: 667892 ns, At safepoint: 11298 ns, Total: 679190 ns
[2023-07-17T18:38:03.828+0000][67][info ][safepoint   ] Safepoint "Cleanup", Time since last: 2951803944 ns, Reaching safepoint: 166133 ns, At safepoint: 67666 ns, Total: 233799 ns
[2023-07-17T18:38:06.139+0000][67][info ][safepoint   ] Safepoint "Cleanup", Time since last: 2310153561 ns, Reaching safepoint: 655866 ns, At safepoint: 10926 ns, Total: 666792 ns
[2023-07-17T18:38:09.143+0000][67][info ][safepoint   ] Safepoint "Cleanup", Time since last: 3002925749 ns, Reaching safepoint: 515570 ns, At safepoint: 9714 ns, Total: 525284 ns
[2023-07-17T18:38:10.349+0000][67][info ][safepoint   ] Safepoint "Cleanup", Time since last: 1206100297 ns, Reaching safepoint: 222495 ns, At safepoint: 29922 ns, Total: 252417 ns
[2023-07-17T18:38:11.411+0000][67][info ][safepoint   ] Safepoint "Cleanup", Time since last: 1061126108 ns, Reaching safepoint: 513384 ns, At safepoint: 25457 ns, Total: 538841 ns
[2023-07-17T18:38:12.414+0000][67][info ][safepoint   ] Safepoint "Cleanup", Time since last: 1002850758 ns, Reaching safepoint: 206964 ns, At safepoint: 4073 ns, Total: 211037 ns
[2023-07-17T18:38:13.410+0000][67][info ][safepoint   ] Safepoint "Cleanup", Time since last: 1001980339 ns, Reaching safepoint: 400764 ns, At safepoint: 6104 ns, Total: 406868 ns
[2023-07-17T18:38:15.843+0000][67][info ][safepoint   ] Safepoint "Cleanup", Time since last: 2433084088 ns, Reaching safepoint: 135534 ns, At safepoint: 29066 ns, Total: 164600 ns
[2023-07-17T18:38:17.661+0000][67][info ][safepoint   ] Safepoint "Cleanup", Time since last: 1817941638 ns, Reaching safepoint: 288304 ns, At safepoint: 11544 ns, Total: 299848 ns
[2023-07-17T18:38:18.664+0000][67][info ][safepoint   ] Safepoint "Cleanup", Time since last: 1002147008 ns, Reaching safepoint: 670637 ns, At safepoint: 12789 ns, Total: 683426 ns
[2023-07-17T18:38:19.668+0000][67][info ][safepoint   ] Safepoint "Cleanup", Time since last: 1003224084 ns, Reaching safepoint: 585193 ns, At safepoint: 13213 ns, Total: 598406 ns
[2023-07-17T18:38:22.863+0000][67][info ][safepoint   ] Safepoint "Cleanup", Time since last: 3194863466 ns, Reaching safepoint: 178023 ns, At safepoint: 33698 ns, Total: 211721 ns
[2023-07-17T18:38:23.921+0000][67][info ][safepoint   ] Safepoint "Cleanup", Time since last: 1057976152 ns, Reaching safepoint: 148033 ns, At safepoint: 3515 ns, Total: 151548 ns
[2023-07-17T18:38:25.514+0000][67][info ][safepoint   ] Safepoint "Cleanup", Time since last: 1592206936 ns, Reaching safepoint: 175391 ns, At safepoint: 6177 ns, Total: 181568 ns
[2023-07-17T18:38:26.521+0000][67][info ][safepoint   ] Safepoint "Cleanup", Time since last: 1006996405 ns, Reaching safepoint: 307348 ns, At safepoint: 12611 ns, Total: 319959 ns
[2023-07-17T18:38:29.132+0000][67][info ][safepoint   ] Safepoint "Cleanup", Time since last: 2611254615 ns, Reaching safepoint: 76134 ns, At safepoint: 3775 ns, Total: 79909 ns
[2023-07-17T18:38:30.731+0000][67][info ][safepoint   ] Safepoint "Cleanup", Time since last: 1598581625 ns, Reaching safepoint: 207302 ns, At safepoint: 5453 ns, Total: 212755 ns
[2023-07-17T18:38:32.734+0000][67][info ][safepoint   ] Safepoint "Cleanup", Time since last: 2002669153 ns, Reaching safepoint: 297651 ns, At safepoint: 5966 ns, Total: 303617 ns
[2023-07-17T18:38:33.737+0000][67][info ][safepoint   ] Safepoint "Cleanup", Time since last: 1002889415 ns, Reaching safepoint: 251866 ns, At safepoint: 44702 ns, Total: 296568 ns
[2023-07-17T18:38:35.595+0000][67][info ][safepoint   ] Safepoint "Cleanup", Time since last: 1857721029 ns, Reaching safepoint: 198714 ns, At safepoint: 3849 ns, Total: 202563 ns
[2023-07-17T18:38:39.600+0000][67][info ][safepoint   ] Safepoint "Cleanup", Time since last: 4004472534 ns, Reaching safepoint: 217724 ns, At safepoint: 5273 ns, Total: 222997 ns
[2023-07-17T18:38:40.869+0000][67][info ][safepoint   ] Safepoint "Cleanup", Time since last: 1268809448 ns, Reaching safepoint: 179379 ns, At safepoint: 33199 ns, Total: 212578 ns
[2023-07-17T18:38:41.938+0000][67][info ][safepoint   ] Safepoint "Cleanup", Time since last: 1068472567 ns, Reaching safepoint: 329957 ns, At safepoint: 60099 ns, Total: 390056 ns
[2023-07-17T18:38:43.940+0000][67][info ][safepoint   ] Safepoint "Cleanup", Time since last: 2002601759 ns, Reaching safepoint: 100071 ns, At safepoint: 6964 ns, Total: 107035 ns
[2023-07-17T18:38:47.038+0000][67][info ][safepoint   ] Safepoint "Cleanup", Time since last: 3097469067 ns, Reaching safepoint: 255528 ns, At safepoint: 5459 ns, Total: 260987 ns
[2023-07-17T18:38:48.230+0000][67][info ][safepoint   ] Safepoint "Cleanup", Time since last: 1191989269 ns, Reaching safepoint: 701213 ns, At safepoint: 13141 ns, Total: 714354 ns
[2023-07-17T18:38:49.233+0000][67][info ][safepoint   ] Safepoint "Cleanup", Time since last: 1002531605 ns, Reaching safepoint: 410712 ns, At safepoint: 10288 ns, Total: 421000 ns
[2023-07-17T18:38:51.846+0000][67][info ][safepoint   ] Safepoint "Cleanup", Time since last: 2612100482 ns, Reaching safepoint: 248320 ns, At safepoint: 33947 ns, Total: 282267 ns
[2023-07-17T18:38:53.603+0000][67][info ][safepoint   ] Safepoint "Cleanup", Time since last: 1756818464 ns, Reaching safepoint: 320583 ns, At safepoint: 46050 ns, Total: 366633 ns
[2023-07-17T18:38:54.613+0000][67][info ][safepoint   ] Safepoint "Cleanup", Time since last: 1009594976 ns, Reaching safepoint: 537608 ns, At safepoint: 10615 ns, Total: 548223 ns
[2023-07-17T18:38:55.264+0000][67][info ][safepoint   ] Safepoint "ICBufferFull", Time since last: 651139933 ns, Reaching safepoint: 180964 ns, At safepoint: 56171 ns, Total: 237135 ns
[2023-07-17T18:38:56.267+0000][67][info ][safepoint   ] Safepoint "Cleanup", Time since last: 1001354569 ns, Reaching safepoint: 924978 ns, At safepoint: 23474 ns, Total: 948452 ns
[2023-07-17T18:38:57.271+0000][67][info ][safepoint   ] Safepoint "Cleanup", Time since last: 1003636631 ns, Reaching safepoint: 365673 ns, At safepoint: 6828 ns, Total: 372501 ns
[2023-07-17T18:38:58.806+0000][67][info ][safepoint   ] Safepoint "Cleanup", Time since last: 1535636250 ns, Reaching safepoint: 100840 ns, At safepoint: 12559 ns, Total: 113399 ns
[2023-07-17T18:39:00.175+0000][67][info ][safepoint   ] Safepoint "Cleanup", Time since last: 1367792110 ns, Reaching safepoint: 287617 ns, At safepoint: 5619 ns, Total: 293236 ns
[2023-07-17T18:39:03.179+0000][67][info ][safepoint   ] Safepoint "Cleanup", Time since last: 3003876832 ns, Reaching safepoint: 349699 ns, At safepoint: 15482 ns, Total: 365181 ns
[2023-07-17T18:39:04.194+0000][67][info ][safepoint   ] Safepoint "Cleanup", Time since last: 1014551578 ns, Reaching safepoint: 361184 ns, At safepoint: 61429 ns, Total: 422613 ns
[2023-07-17T18:39:05.346+0000][67][info ][safepoint   ] Safepoint "Cleanup", Time since last: 1151719300 ns, Reaching safepoint: 572850 ns, At safepoint: 17796 ns, Total: 590646 ns
[2023-07-17T18:39:06.513+0000][67][info ][safepoint   ] Safepoint "Cleanup", Time since last: 1166412429 ns, Reaching safepoint: 484600 ns, At safepoint: 9823 ns, Total: 494423 ns
[2023-07-17T18:39:12.580+0000][67][info ][safepoint   ] Safepoint "Cleanup", Time since last: 6066314797 ns, Reaching safepoint: 582920 ns, At safepoint: 23950 ns, Total: 606870 ns
[2023-07-17T18:39:14.584+0000][67][info ][safepoint   ] Safepoint "Cleanup", Time since last: 2003404599 ns, Reaching safepoint: 495780 ns, At safepoint: 25399 ns, Total: 521179 ns
[2023-07-17T18:39:17.242+0000][67][info ][safepoint   ] Safepoint "Cleanup", Time since last: 2657398789 ns, Reaching safepoint: 201740 ns, At safepoint: 34560 ns, Total: 236300 ns
[2023-07-17T18:39:19.173+0000][67][info ][safepoint   ] Safepoint "Cleanup", Time since last: 1931115736 ns, Reaching safepoint: 363242 ns, At safepoint: 6488 ns, Total: 369730 ns
[2023-07-17T18:39:20.177+0000][67][info ][safepoint   ] Safepoint "Cleanup", Time since last: 1003973629 ns, Reaching safepoint: 371174 ns, At safepoint: 11734 ns, Total: 382908 ns
[2023-07-17T18:39:21.200+0000][67][info ][safepoint   ] Safepoint "Cleanup", Time since last: 1022584745 ns, Reaching safepoint: 293516 ns, At safepoint: 33654 ns, Total: 327170 ns
[2023-07-17T18:39:22.353+0000][67][info ][safepoint   ] Safepoint "Cleanup", Time since last: 1152574449 ns, Reaching safepoint: 154521 ns, At safepoint: 14315 ns, Total: 168836 ns
[2023-07-17T18:39:26.412+0000][67][info ][safepoint   ] Safepoint "Cleanup", Time since last: 4059091280 ns, Reaching safepoint: 344921 ns, At safepoint: 6561 ns, Total: 351482 ns
[2023-07-17T18:39:29.667+0000][67][info ][safepoint   ] Safepoint "Cleanup", Time since last: 3254615737 ns, Reaching safepoint: 214779 ns, At safepoint: 9338 ns, Total: 224117 ns
[2023-07-17T18:39:34.878+0000][67][info ][safepoint   ] Safepoint "Cleanup", Time since last: 5210387725 ns, Reaching safepoint: 169212 ns, At safepoint: 26420 ns, Total: 195632 ns
[2023-07-17T18:39:36.938+0000][67][info ][safepoint   ] Safepoint "Cleanup", Time since last: 2059492319 ns, Reaching safepoint: 431023 ns, At safepoint: 15738 ns, Total: 446761 ns
[2023-07-17T18:39:42.241+0000][67][info ][safepoint   ] Safepoint "Cleanup", Time since last: 5302186393 ns, Reaching safepoint: 631287 ns, At safepoint: 11040 ns, Total: 642327 ns
[2023-07-17T18:39:43.244+0000][67][info ][safepoint   ] Safepoint "Cleanup", Time since last: 1002745976 ns, Reaching safepoint: 386795 ns, At safepoint: 6693 ns, Total: 393488 ns
[2023-07-17T18:39:44.247+0000][67][info ][safepoint   ] Safepoint "Cleanup", Time since last: 1002722228 ns, Reaching safepoint: 391211 ns, At safepoint: 17584 ns, Total: 408795 ns
[2023-07-17T18:39:45.999+0000][67][info ][safepoint   ] Safepoint "Cleanup", Time since last: 1751580039 ns, Reaching safepoint: 193129 ns, At safepoint: 30168 ns, Total: 223297 ns
[2023-07-17T18:39:47.601+0000][67][info ][safepoint   ] Safepoint "Cleanup", Time since last: 1601440796 ns, Reaching safepoint: 365722 ns, At safepoint: 6638 ns, Total: 372360 ns
[2023-07-17T18:39:49.605+0000][67][info ][safepoint   ] Safepoint "Cleanup", Time since last: 2003525918 ns, Reaching safepoint: 632321 ns, At safepoint: 8994 ns, Total: 641315 ns
[2023-07-17T18:39:51.876+0000][67][info ][safepoint   ] Safepoint "Cleanup", Time since last: 2271182921 ns, Reaching safepoint: 104715 ns, At safepoint: 7464 ns, Total: 112179 ns
[2023-07-17T18:39:53.820+0000][67][info ][safepoint   ] Safepoint "Cleanup", Time since last: 1943124223 ns, Reaching safepoint: 339107 ns, At safepoint: 5686 ns, Total: 344793 ns
[2023-07-17T18:39:56.823+0000][67][info ][safepoint   ] Safepoint "Cleanup", Time since last: 3003256416 ns, Reaching safepoint: 348506 ns, At safepoint: 6213 ns, Total: 354719 ns
[2023-07-17T18:40:00.150+0000][67][info ][safepoint   ] Safepoint "Cleanup", Time since last: 3326769365 ns, Reaching safepoint: 378260 ns, At safepoint: 7322 ns, Total: 385582 ns
[2023-07-17T18:40:01.154+0000][67][info ][safepoint   ] Safepoint "Cleanup", Time since last: 1002575404 ns, Reaching safepoint: 714767 ns, At safepoint: 24146 ns, Total: 738913 ns
[2023-07-17T18:40:02.157+0000][67][info ][safepoint   ] Safepoint "Cleanup", Time since last: 1002950687 ns, Reaching safepoint: 475522 ns, At safepoint: 10083 ns, Total: 485605 ns
[2023-07-17T18:40:03.161+0000][67][info ][safepoint   ] Safepoint "Cleanup", Time since last: 1003438648 ns, Reaching safepoint: 287957 ns, At safepoint: 4945 ns, Total: 292902 ns
[2023-07-17T18:40:04.509+0000][67][info ][safepoint   ] Safepoint "Cleanup", Time since last: 1348085427 ns, Reaching safepoint: 156021 ns, At safepoint: 28857 ns, Total: 184878 ns
[2023-07-17T18:40:06.502+0000][67][info ][safepoint   ] Safepoint "Cleanup", Time since last: 1992582338 ns, Reaching safepoint: 579574 ns, At safepoint: 14883 ns, Total: 594457 ns
[2023-07-17T18:40:07.507+0000][67][info ][safepoint   ] Safepoint "Cleanup", Time since last: 1004171830 ns, Reaching safepoint: 421243 ns, At safepoint: 15345 ns, Total: 436588 ns
[2023-07-17T18:40:09.510+0000][67][info ][safepoint   ] Safepoint "Cleanup", Time since last: 2002532590 ns, Reaching safepoint: 559632 ns, At safepoint: 15475 ns, Total: 575107 ns
[2023-07-17T18:40:10.776+0000][67][info ][safepoint   ] Safepoint "Cleanup", Time since last: 1266017176 ns, Reaching safepoint: 164193 ns, At safepoint: 57546 ns, Total: 221739 ns
[2023-07-17T18:40:11.935+0000][67][info ][safepoint   ] Safepoint "Cleanup", Time since last: 1157907587 ns, Reaching safepoint: 411862 ns, At safepoint: 72292 ns, Total: 484154 ns
[2023-07-17T18:40:13.946+0000][67][info ][safepoint   ] Safepoint "Cleanup", Time since last: 2010709301 ns, Reaching safepoint: 276525 ns, At safepoint: 5233 ns, Total: 281758 ns
[2023-07-17T18:40:16.908+0000][67][info ][safepoint   ] Safepoint "Cleanup", Time since last: 2961310724 ns, Reaching safepoint: 1034812 ns, At safepoint: 23396 ns, Total: 1058208 ns
[2023-07-17T18:40:18.171+0000][67][info ][safepoint   ] Safepoint "Cleanup", Time since last: 1262843001 ns, Reaching safepoint: 291110 ns, At safepoint: 5926 ns, Total: 297036 ns
[2023-07-17T18:40:19.174+0000][67][info ][safepoint   ] Safepoint "Cleanup", Time since last: 1002547127 ns, Reaching safepoint: 580933 ns, At safepoint: 24883 ns, Total: 605816 ns
[2023-07-17T18:40:21.956+0000][67][info ][safepoint   ] Safepoint "Cleanup", Time since last: 2781234509 ns, Reaching safepoint: 169778 ns, At safepoint: 26351 ns, Total: 196129 ns
[2023-07-17T18:40:23.421+0000][67][info ][safepoint   ] Safepoint "Cleanup", Time since last: 1464377099 ns, Reaching safepoint: 672080 ns, At safepoint: 24132 ns, Total: 696212 ns
[2023-07-17T18:40:26.438+0000][67][info ][safepoint   ] Safepoint "Cleanup", Time since last: 3016672550 ns, Reaching safepoint: 527082 ns, At safepoint: 9392 ns, Total: 536474 ns
[2023-07-17T18:40:27.441+0000][67][info ][safepoint   ] Safepoint "Cleanup", Time since last: 1002944115 ns, Reaching safepoint: 126847 ns, At safepoint: 4642 ns, Total: 131489 ns
[2023-07-17T18:40:28.621+0000][67][info ][safepoint   ] Safepoint "Cleanup", Time since last: 1179372805 ns, Reaching safepoint: 174867 ns, At safepoint: 27462 ns, Total: 202329 ns
[2023-07-17T18:40:32.674+0000][67][info ][safepoint   ] Safepoint "Cleanup", Time since last: 4052644881 ns, Reaching safepoint: 313020 ns, At safepoint: 15725 ns, Total: 328745 ns
[2023-07-17T18:40:33.676+0000][67][info ][safepoint   ] Safepoint "Cleanup", Time since last: 1001583063 ns, Reaching safepoint: 538776 ns, At safepoint: 10171 ns, Total: 548947 ns
[2023-07-17T18:40:34.887+0000][67][info ][safepoint   ] Safepoint "Cleanup", Time since last: 1210672289 ns, Reaching safepoint: 115550 ns, At safepoint: 36080 ns, Total: 151630 ns
[2023-07-17T18:40:37.697+0000][67][info ][safepoint   ] Safepoint "Cleanup", Time since last: 2810153301 ns, Reaching safepoint: 174544 ns, At safepoint: 36879 ns, Total: 211423 ns
[2023-07-17T18:40:40.333+0000][67][info ][safepoint   ] Safepoint "Cleanup", Time since last: 2635764093 ns, Reaching safepoint: 223990 ns, At safepoint: 98929 ns, Total: 322919 ns
[2023-07-17T18:40:41.383+0000][67][info ][safepoint   ] Safepoint "Cleanup", Time since last: 1049926581 ns, Reaching safepoint: 173259 ns, At safepoint: 26653 ns, Total: 199912 ns
[2023-07-17T18:40:43.120+0000][67][info ][safepoint   ] Safepoint "Cleanup", Time since last: 1736449261 ns, Reaching safepoint: 271137 ns, At safepoint: 6518 ns, Total: 277655 ns
[2023-07-17T18:40:44.797+0000][67][info ][safepoint   ] Safepoint "Cleanup", Time since last: 1676752404 ns, Reaching safepoint: 203487 ns, At safepoint: 18869 ns, Total: 222356 ns
[2023-07-17T18:40:45.799+0000][67][info ][safepoint   ] Safepoint "Cleanup", Time since last: 1001707750 ns, Reaching safepoint: 168983 ns, At safepoint: 5272 ns, Total: 174255 ns
[2023-07-17T18:40:47.001+0000][67][info ][safepoint   ] Safepoint "Cleanup", Time since last: 1202130068 ns, Reaching safepoint: 116506 ns, At safepoint: 16380 ns, Total: 132886 ns
[2023-07-17T18:40:48.839+0000][67][info ][safepoint   ] Safepoint "Cleanup", Time since last: 1837414652 ns, Reaching safepoint: 233713 ns, At safepoint: 10544 ns, Total: 244257 ns
[2023-07-17T18:40:49.990+0000][67][info ][safepoint   ] Safepoint "Cleanup", Time since last: 1151021988 ns, Reaching safepoint: 167464 ns, At safepoint: 12579 ns, Total: 180043 ns
[2023-07-17T18:40:51.651+0000][67][info ][safepoint   ] Safepoint "Cleanup", Time since last: 1661134673 ns, Reaching safepoint: 107056 ns, At safepoint: 3404 ns, Total: 110460 ns
[2023-07-17T18:40:52.710+0000][67][info ][safepoint   ] Safepoint "Cleanup", Time since last: 1058262331 ns, Reaching safepoint: 60809 ns, At safepoint: 32549 ns, Total: 93358 ns
[2023-07-17T18:40:54.783+0000][67][info ][safepoint   ] Safepoint "Cleanup", Time since last: 2073001397 ns, Reaching safepoint: 116440 ns, At safepoint: 3726 ns, Total: 120166 ns
[2023-07-17T18:40:55.785+0000][67][info ][safepoint   ] Safepoint "Cleanup", Time since last: 1001756450 ns, Reaching safepoint: 102609 ns, At safepoint: 3349 ns, Total: 105958 ns
[2023-07-17T18:40:56.786+0000][67][info ][safepoint   ] Safepoint "Cleanup", Time since last: 1001545265 ns, Reaching safepoint: 135105 ns, At safepoint: 4531 ns, Total: 139636 ns
[2023-07-17T18:40:57.788+0000][67][info ][safepoint   ] Safepoint "Cleanup", Time since last: 1001497795 ns, Reaching safepoint: 142990 ns, At safepoint: 45441 ns, Total: 188431 ns
[2023-07-17T18:40:59.007+0000][67][info ][safepoint   ] Safepoint "Cleanup", Time since last: 1218415258 ns, Reaching safepoint: 195774 ns, At safepoint: 9230 ns, Total: 205004 ns
[2023-07-17T18:41:00.203+0000][67][info ][safepoint   ] Safepoint "Cleanup", Time since last: 1196143600 ns, Reaching safepoint: 400697 ns, At safepoint: 160864 ns, Total: 561561 ns
[2023-07-17T18:41:01.214+0000][67][info ][safepoint   ] Safepoint "Cleanup", Time since last: 1010057295 ns, Reaching safepoint: 646112 ns, At safepoint: 15867 ns, Total: 661979 ns
[2023-07-17T18:41:02.217+0000][67][info ][safepoint   ] Safepoint "Cleanup", Time since last: 1002732736 ns, Reaching safepoint: 176534 ns, At safepoint: 3408 ns, Total: 179942 ns
[2023-07-17T18:41:03.220+0000][67][info ][safepoint   ] Safepoint "Cleanup", Time since last: 1002798274 ns, Reaching safepoint: 288235 ns, At safepoint: 6835 ns, Total: 295070 ns
[2023-07-17T18:41:04.391+0000][67][info ][safepoint   ] Safepoint "Cleanup", Time since last: 1170994555 ns, Reaching safepoint: 65822 ns, At safepoint: 3532 ns, Total: 69354 ns
[2023-07-17T18:41:05.459+0000][67][info ][safepoint   ] Safepoint "Cleanup", Time since last: 1067383265 ns, Reaching safepoint: 598554 ns, At safepoint: 23249 ns, Total: 621803 ns
[2023-07-17T18:41:07.825+0000][67][info ][safepoint   ] Safepoint "Cleanup", Time since last: 2365651732 ns, Reaching safepoint: 169844 ns, At safepoint: 32518 ns, Total: 202362 ns
[2023-07-17T18:41:09.873+0000][67][info ][safepoint   ] Safepoint "Cleanup", Time since last: 2047402943 ns, Reaching safepoint: 222939 ns, At safepoint: 32966 ns, Total: 255905 ns
[2023-07-17T18:41:15.881+0000][67][info ][safepoint   ] Safepoint "Cleanup", Time since last: 6008277148 ns, Reaching safepoint: 211382 ns, At safepoint: 43490 ns, Total: 254872 ns
[2023-07-17T18:41:16.961+0000][67][info ][safepoint   ] Safepoint "Cleanup", Time since last: 1079457224 ns, Reaching safepoint: 152601 ns, At safepoint: 6996 ns, Total: 159597 ns
[2023-07-17T18:41:19.041+0000][67][info ][safepoint   ] Safepoint "Cleanup", Time since last: 2079871085 ns, Reaching safepoint: 423679 ns, At safepoint: 7182 ns, Total: 430861 ns
[2023-07-17T18:41:21.869+0000][67][info ][safepoint   ] Safepoint "Cleanup", Time since last: 2827689752 ns, Reaching safepoint: 215759 ns, At safepoint: 119494 ns, Total: 335253 ns
[2023-07-17T18:41:22.015+0000][67][info ][gc,start    ] GC(15) Pause Young (Normal) (G1 Evacuation Pause)
[2023-07-17T18:41:22.017+0000][67][info ][gc,task     ] GC(15) Using 6 workers of 6 for evacuation
[2023-07-17T18:41:22.018+0000][67][debug][gc,age      ] GC(15) Desired survivor size 65011712 bytes, new threshold 15 (max threshold 15)
[2023-07-17T18:41:22.028+0000][67][info ][gc,phases   ] GC(15)   Pre Evacuate Collection Set: 0.2ms
[2023-07-17T18:41:22.029+0000][67][info ][gc,phases   ] GC(15)   Merge Heap Roots: 0.2ms
[2023-07-17T18:41:22.030+0000][67][info ][gc,phases   ] GC(15)   Evacuate Collection Set: 6.1ms
[2023-07-17T18:41:22.030+0000][67][info ][gc,phases   ] GC(15)   Post Evacuate Collection Set: 1.9ms
[2023-07-17T18:41:22.031+0000][67][info ][gc,phases   ] GC(15)   Other: 2.5ms
[2023-07-17T18:41:22.032+0000][67][trace][gc,age      ] GC(15) Age table with threshold 15 (max threshold 15)
[2023-07-17T18:41:22.033+0000][67][trace][gc,age      ] GC(15) - age   1:    4210640 bytes,    4210640 total
[2023-07-17T18:41:22.033+0000][67][trace][gc,age      ] GC(15) - age   2:      83968 bytes,    4294608 total
[2023-07-17T18:41:22.034+0000][67][trace][gc,age      ] GC(15) - age   3:    2015264 bytes,    6309872 total
[2023-07-17T18:41:22.035+0000][67][info ][gc,heap     ] GC(15) Eden regions: 239->0(490)
[2023-07-17T18:41:22.035+0000][67][info ][gc,heap     ] GC(15) Survivor regions: 3->2(31)
[2023-07-17T18:41:22.036+0000][67][info ][gc,heap     ] GC(15) Old regions: 26->26
[2023-07-17T18:41:22.037+0000][67][info ][gc,heap     ] GC(15) Archive regions: 2->2
[2023-07-17T18:41:22.037+0000][67][info ][gc,heap     ] GC(15) Humongous regions: 0->0
[2023-07-17T18:41:22.038+0000][67][info ][gc,metaspace] GC(15) Metaspace: 138061K(141376K)->138061K(141376K) NonClass: 120179K(121856K)->120179K(121856K) Class: 17882K(19520K)->17882K(19520K)
[2023-07-17T18:41:22.038+0000][67][info ][gc          ] GC(15) Pause Young (Normal) (G1 Evacuation Pause) 1072M->113M(3932M) 23.423ms
[2023-07-17T18:41:22.039+0000][67][info ][gc,cpu      ] GC(15) User=0.04s Sys=0.00s Real=0.03s
[2023-07-17T18:41:22.040+0000][67][info ][safepoint   ] Safepoint "G1CollectForAllocation", Time since last: 145164265 ns, Reaching safepoint: 349970 ns, At safepoint: 24968089 ns, Total: 25318059 ns
[2023-07-17T18:41:23.361+0000][67][info ][safepoint   ] Safepoint "Cleanup", Time since last: 1320265183 ns, Reaching safepoint: 576389 ns, At safepoint: 241161 ns, Total: 817550 ns
[2023-07-17T18:41:24.681+0000][67][info ][safepoint   ] Safepoint "Cleanup", Time since last: 1320459308 ns, Reaching safepoint: 114420 ns, At safepoint: 3764 ns, Total: 118184 ns
[2023-07-17T18:41:25.693+0000][67][info ][safepoint   ] Safepoint "Cleanup", Time since last: 1011203146 ns, Reaching safepoint: 435561 ns, At safepoint: 9392 ns, Total: 444953 ns
[2023-07-17T18:41:27.855+0000][67][info ][safepoint   ] Safepoint "Cleanup", Time since last: 2161863632 ns, Reaching safepoint: 161018 ns, At safepoint: 37910 ns, Total: 198928 ns
[2023-07-17T18:41:28.916+0000][67][info ][safepoint   ] Safepoint "Cleanup", Time since last: 1060598272 ns, Reaching safepoint: 355101 ns, At safepoint: 15997 ns, Total: 371098 ns
[2023-07-17T18:41:33.853+0000][67][info ][safepoint   ] Safepoint "Cleanup", Time since last: 4936522789 ns, Reaching safepoint: 193478 ns, At safepoint: 35306 ns, Total: 228784 ns
[2023-07-17T18:41:35.406+0000][67][info ][safepoint   ] Safepoint "Cleanup", Time since last: 1552433307 ns, Reaching safepoint: 626049 ns, At safepoint: 9828 ns, Total: 635877 ns
[2023-07-17T18:41:37.014+0000][67][info ][safepoint   ] Safepoint "Cleanup", Time since last: 1608206612 ns, Reaching safepoint: 177514 ns, At safepoint: 34834 ns, Total: 212348 ns
[2023-07-17T18:41:38.687+0000][67][info ][safepoint   ] Safepoint "Cleanup", Time since last: 1672130266 ns, Reaching safepoint: 389724 ns, At safepoint: 10406 ns, Total: 400130 ns
[2023-07-17T18:41:39.855+0000][67][info ][safepoint   ] Safepoint "Cleanup", Time since last: 1167423058 ns, Reaching safepoint: 191532 ns, At safepoint: 34725 ns, Total: 226257 ns
[2023-07-17T18:41:41.436+0000][67][info ][safepoint   ] Safepoint "Cleanup", Time since last: 1580904998 ns, Reaching safepoint: 136677 ns, At safepoint: 43336 ns, Total: 180013 ns
[2023-07-17T18:41:42.566+0000][67][info ][safepoint   ] Safepoint "Cleanup", Time since last: 1129716905 ns, Reaching safepoint: 614377 ns, At safepoint: 17085 ns, Total: 631462 ns
[2023-07-17T18:41:44.543+0000][67][info ][safepoint   ] Safepoint "Cleanup", Time since last: 1976967074 ns, Reaching safepoint: 272232 ns, At safepoint: 3879 ns, Total: 276111 ns
[2023-07-17T18:41:45.865+0000][67][info ][safepoint   ] Safepoint "Cleanup", Time since last: 1321561537 ns, Reaching safepoint: 152296 ns, At safepoint: 27516 ns, Total: 179812 ns
[2023-07-17T18:41:47.779+0000][67][info ][safepoint   ] Safepoint "Cleanup", Time since last: 1913468680 ns, Reaching safepoint: 469376 ns, At safepoint: 6667 ns, Total: 476043 ns
[2023-07-17T18:41:51.782+0000][67][info ][safepoint   ] Safepoint "Cleanup", Time since last: 4003277723 ns, Reaching safepoint: 136639 ns, At safepoint: 3662 ns, Total: 140301 ns
[2023-07-17T18:41:52.988+0000][67][info ][safepoint   ] Safepoint "Cleanup", Time since last: 1205728228 ns, Reaching safepoint: 220911 ns, At safepoint: 33082 ns, Total: 253993 ns
[2023-07-17T18:41:57.044+0000][67][info ][safepoint   ] Safepoint "Cleanup", Time since last: 4055031031 ns, Reaching safepoint: 353559 ns, At safepoint: 19211 ns, Total: 372770 ns
[2023-07-17T18:41:59.297+0000][67][info ][safepoint   ] Safepoint "Cleanup", Time since last: 2253343891 ns, Reaching safepoint: 151474 ns, At safepoint: 4482 ns, Total: 155956 ns
[2023-07-17T18:42:03.864+0000][67][info ][safepoint   ] Safepoint "Cleanup", Time since last: 4566043682 ns, Reaching safepoint: 297839 ns, At safepoint: 177544 ns, Total: 475383 ns
[2023-07-17T18:42:04.876+0000][67][info ][safepoint   ] Safepoint "Cleanup", Time since last: 1011761913 ns, Reaching safepoint: 198252 ns, At safepoint: 30003 ns, Total: 228255 ns
[2023-07-17T18:42:07.670+0000][67][info ][safepoint   ] Safepoint "Cleanup", Time since last: 2794087349 ns, Reaching safepoint: 351772 ns, At safepoint: 16151 ns, Total: 367923 ns
[2023-07-17T18:42:08.673+0000][67][info ][safepoint   ] Safepoint "Cleanup", Time since last: 1002581658 ns, Reaching safepoint: 340594 ns, At safepoint: 6091 ns, Total: 346685 ns
[2023-07-17T18:42:09.878+0000][67][info ][safepoint   ] Safepoint "Cleanup", Time since last: 1204663471 ns, Reaching safepoint: 243439 ns, At safepoint: 34119 ns, Total: 277558 ns
[2023-07-17T18:42:16.996+0000][67][info ][safepoint   ] Safepoint "Cleanup", Time since last: 7117545918 ns, Reaching safepoint: 665484 ns, At safepoint: 16861 ns, Total: 682345 ns
[2023-07-17T18:42:18.813+0000][67][info ][safepoint   ] Safepoint "Cleanup", Time since last: 1816313682 ns, Reaching safepoint: 221916 ns, At safepoint: 36312 ns, Total: 258228 ns
[2023-07-17T18:42:19.853+0000][67][info ][safepoint   ] Safepoint "Cleanup", Time since last: 1040074130 ns, Reaching safepoint: 290386 ns, At safepoint: 5733 ns, Total: 296119 ns
[2023-07-17T18:42:22.364+0000][67][info ][safepoint   ] Safepoint "Cleanup", Time since last: 2510129901 ns, Reaching safepoint: 77378 ns, At safepoint: 42413 ns, Total: 119791 ns
[2023-07-17T18:42:23.814+0000][67][info ][safepoint   ] Safepoint "Cleanup", Time since last: 1450447243 ns, Reaching safepoint: 524898 ns, At safepoint: 8721 ns, Total: 533619 ns
[2023-07-17T18:42:24.818+0000][67][info ][safepoint   ] Safepoint "Cleanup", Time since last: 1002919167 ns, Reaching safepoint: 683799 ns, At safepoint: 23977 ns, Total: 707776 ns
[2023-07-17T18:42:27.822+0000][67][info ][safepoint   ] Safepoint "Cleanup", Time since last: 3003449104 ns, Reaching safepoint: 125006 ns, At safepoint: 9324 ns, Total: 134330 ns
[2023-07-17T18:42:33.688+0000][67][info ][safepoint   ] Safepoint "Cleanup", Time since last: 5866243313 ns, Reaching safepoint: 356075 ns, At safepoint: 17541 ns, Total: 373616 ns
[2023-07-17T18:42:34.896+0000][67][info ][safepoint   ] Safepoint "Cleanup", Time since last: 1207221355 ns, Reaching safepoint: 258431 ns, At safepoint: 37445 ns, Total: 295876 ns
[2023-07-17T18:42:36.051+0000][67][info ][safepoint   ] Safepoint "Cleanup", Time since last: 1154365070 ns, Reaching safepoint: 328500 ns, At safepoint: 15199 ns, Total: 343699 ns
[2023-07-17T18:42:46.854+0000][67][info ][safepoint   ] Safepoint "Cleanup", Time since last: 10802619284 ns, Reaching safepoint: 106329 ns, At safepoint: 3328 ns, Total: 109657 ns
[2023-07-17T18:42:49.760+0000][67][info ][safepoint   ] Safepoint "Cleanup", Time since last: 2906195049 ns, Reaching safepoint: 348864 ns, At safepoint: 10753 ns, Total: 359617 ns
[2023-07-17T18:42:52.011+0000][67][info ][safepoint   ] Safepoint "Cleanup", Time since last: 2250742689 ns, Reaching safepoint: 224113 ns, At safepoint: 27259 ns, Total: 251372 ns
[2023-07-17T18:42:55.166+0000][67][info ][safepoint   ] Safepoint "Cleanup", Time since last: 3153940351 ns, Reaching safepoint: 509704 ns, At safepoint: 9553 ns, Total: 519257 ns
[2023-07-17T18:42:57.872+0000][67][info ][safepoint   ] Safepoint "Cleanup", Time since last: 2706025467 ns, Reaching safepoint: 178234 ns, At safepoint: 80203 ns, Total: 258437 ns
[2023-07-17T18:42:59.503+0000][67][info ][safepoint   ] Safepoint "Cleanup", Time since last: 1630407092 ns, Reaching safepoint: 293436 ns, At safepoint: 5740 ns, Total: 299176 ns
[2023-07-17T18:43:04.659+0000][67][info ][safepoint   ] Safepoint "Cleanup", Time since last: 5156433093 ns, Reaching safepoint: 211665 ns, At safepoint: 40409 ns, Total: 252074 ns
[2023-07-17T18:43:06.719+0000][67][info ][safepoint   ] Safepoint "Cleanup", Time since last: 2058625322 ns, Reaching safepoint: 628332 ns, At safepoint: 10351 ns, Total: 638683 ns
[2023-07-17T18:43:09.867+0000][67][info ][safepoint   ] Safepoint "Cleanup", Time since last: 3147867825 ns, Reaching safepoint: 165054 ns, At safepoint: 26628 ns, Total: 191682 ns
[2023-07-17T18:43:15.870+0000][67][info ][safepoint   ] Safepoint "Cleanup", Time since last: 6003249765 ns, Reaching safepoint: 202375 ns, At safepoint: 36981 ns, Total: 239356 ns
[2023-07-17T18:43:19.498+0000][67][info ][safepoint   ] Safepoint "Cleanup", Time since last: 3628042329 ns, Reaching safepoint: 95480 ns, At safepoint: 2922 ns, Total: 98402 ns
[2023-07-17T18:43:22.304+0000][67][info ][safepoint   ] Safepoint "Cleanup", Time since last: 2805000990 ns, Reaching safepoint: 187186 ns, At safepoint: 77706 ns, Total: 264892 ns
[2023-07-17T18:43:23.946+0000][67][info ][safepoint   ] Safepoint "Cleanup", Time since last: 1642550697 ns, Reaching safepoint: 131680 ns, At safepoint: 17267 ns, Total: 148947 ns
[2023-07-17T18:43:27.896+0000][67][info ][safepoint   ] Safepoint "Cleanup", Time since last: 3949159759 ns, Reaching safepoint: 155425 ns, At safepoint: 5083 ns, Total: 160508 ns
[2023-07-17T18:43:31.299+0000][67][info ][safepoint   ] Safepoint "Cleanup", Time since last: 3403459839 ns, Reaching safepoint: 126997 ns, At safepoint: 4654 ns, Total: 131651 ns
[2023-07-17T18:43:33.302+0000][67][info ][safepoint   ] Safepoint "Cleanup", Time since last: 2001987400 ns, Reaching safepoint: 151675 ns, At safepoint: 10863 ns, Total: 162538 ns
[2023-07-17T18:43:34.626+0000][67][info ][safepoint   ] Safepoint "Cleanup", Time since last: 1324358132 ns, Reaching safepoint: 150443 ns, At safepoint: 12204 ns, Total: 162647 ns
[2023-07-17T18:43:35.744+0000][67][info ][safepoint   ] Safepoint "Cleanup", Time since last: 1117803205 ns, Reaching safepoint: 400528 ns, At safepoint: 27977 ns, Total: 428505 ns
[2023-07-17T18:43:37.254+0000][67][info ][safepoint   ] Safepoint "Cleanup", Time since last: 1509327653 ns, Reaching safepoint: 175410 ns, At safepoint: 5337 ns, Total: 180747 ns
[2023-07-17T18:43:38.469+0000][67][info ][safepoint   ] Safepoint "Cleanup", Time since last: 1215050331 ns, Reaching safepoint: 497711 ns, At safepoint: 63239 ns, Total: 560950 ns
[2023-07-17T18:43:39.478+0000][67][info ][safepoint   ] Safepoint "Cleanup", Time since last: 1008460251 ns, Reaching safepoint: 460699 ns, At safepoint: 16118 ns, Total: 476817 ns
[2023-07-17T18:43:41.073+0000][67][info ][safepoint   ] Safepoint "Cleanup", Time since last: 1593755095 ns, Reaching safepoint: 329813 ns, At safepoint: 170733 ns, Total: 500546 ns
[2023-07-17T18:43:43.702+0000][67][info ][safepoint   ] Safepoint "Cleanup", Time since last: 2629496642 ns, Reaching safepoint: 244711 ns, At safepoint: 4310 ns, Total: 249021 ns
[2023-07-17T18:43:46.652+0000][67][info ][safepoint   ] Safepoint "Cleanup", Time since last: 2949592106 ns, Reaching safepoint: 144222 ns, At safepoint: 34933 ns, Total: 179155 ns
[2023-07-17T18:43:51.573+0000][67][info ][safepoint   ] Safepoint "Cleanup", Time since last: 4920507383 ns, Reaching safepoint: 594537 ns, At safepoint: 22919 ns, Total: 617456 ns
[2023-07-17T18:44:00.969+0000][67][info ][safepoint   ] Safepoint "Cleanup", Time since last: 9395998066 ns, Reaching safepoint: 193229 ns, At safepoint: 30923 ns, Total: 224152 ns
[2023-07-17T18:44:02.971+0000][67][info ][safepoint   ] Safepoint "Cleanup", Time since last: 2001438558 ns, Reaching safepoint: 235837 ns, At safepoint: 6339 ns, Total: 242176 ns
[2023-07-17T18:44:05.105+0000][67][info ][safepoint   ] Safepoint "Cleanup", Time since last: 2133637054 ns, Reaching safepoint: 280843 ns, At safepoint: 13221 ns, Total: 294064 ns
[2023-07-17T18:44:11.661+0000][67][info ][safepoint   ] Safepoint "Cleanup", Time since last: 6555628802 ns, Reaching safepoint: 540502 ns, At safepoint: 13379 ns, Total: 553881 ns
[2023-07-17T18:44:13.666+0000][67][info ][safepoint   ] Safepoint "Cleanup", Time since last: 2003014416 ns, Reaching safepoint: 979659 ns, At safepoint: 123548 ns, Total: 1103207 ns
[2023-07-17T18:44:15.940+0000][67][info ][safepoint   ] Safepoint "Cleanup", Time since last: 2273797256 ns, Reaching safepoint: 269582 ns, At safepoint: 13823 ns, Total: 283405 ns
[2023-07-17T18:44:17.209+0000][67][info ][safepoint   ] Safepoint "Cleanup", Time since last: 1269500788 ns, Reaching safepoint: 169575 ns, At safepoint: 34401 ns, Total: 203976 ns
[2023-07-17T18:44:19.372+0000][67][info ][safepoint   ] Safepoint "Cleanup", Time since last: 2162655429 ns, Reaching safepoint: 390953 ns, At safepoint: 15939 ns, Total: 406892 ns
[2023-07-17T18:44:33.852+0000][67][info ][safepoint   ] Safepoint "Cleanup", Time since last: 14479862111 ns, Reaching safepoint: 120412 ns, At safepoint: 81794 ns, Total: 202206 ns
[2023-07-17T18:44:35.051+0000][67][info ][safepoint   ] Safepoint "Cleanup", Time since last: 1198174845 ns, Reaching safepoint: 131470 ns, At safepoint: 28069 ns, Total: 159539 ns
[2023-07-17T18:44:39.126+0000][67][info ][safepoint   ] Safepoint "Cleanup", Time since last: 4074670029 ns, Reaching safepoint: 370262 ns, At safepoint: 7579 ns, Total: 377841 ns
[2023-07-17T18:44:40.326+0000][67][info ][safepoint   ] Safepoint "Cleanup", Time since last: 1200170892 ns, Reaching safepoint: 188034 ns, At safepoint: 34770 ns, Total: 222804 ns
[2023-07-17T18:44:41.509+0000][67][info ][safepoint   ] Safepoint "Cleanup", Time since last: 1182508438 ns, Reaching safepoint: 100241 ns, At safepoint: 135812 ns, Total: 236053 ns
[2023-07-17T18:44:51.900+0000][67][info ][safepoint   ] Safepoint "Cleanup", Time since last: 10390905241 ns, Reaching safepoint: 58941 ns, At safepoint: 20542 ns, Total: 79483 ns
[2023-07-17T18:44:57.903+0000][67][info ][safepoint   ] Safepoint "Cleanup", Time since last: 6003161028 ns, Reaching safepoint: 162254 ns, At safepoint: 32594 ns, Total: 194848 ns
[2023-07-17T18:45:01.272+0000][67][info ][safepoint   ] Safepoint "Cleanup", Time since last: 3368471417 ns, Reaching safepoint: 425266 ns, At safepoint: 17438 ns, Total: 442704 ns
[2023-07-17T18:45:09.907+0000][67][info ][safepoint   ] Safepoint "Cleanup", Time since last: 8634135427 ns, Reaching safepoint: 201076 ns, At safepoint: 6256 ns, Total: 207332 ns
[2023-07-17T18:45:10.921+0000][67][info ][safepoint   ] Safepoint "Cleanup", Time since last: 1014452968 ns, Reaching safepoint: 161071 ns, At safepoint: 26899 ns, Total: 187970 ns
[2023-07-17T18:45:19.165+0000][67][info ][safepoint   ] Safepoint "Cleanup", Time since last: 8243121800 ns, Reaching safepoint: 610970 ns, At safepoint: 11108 ns, Total: 622078 ns
[2023-07-17T18:45:21.895+0000][67][info ][safepoint   ] Safepoint "Cleanup", Time since last: 2729937522 ns, Reaching safepoint: 104989 ns, At safepoint: 44360 ns, Total: 149349 ns
[2023-07-17T18:45:23.422+0000][67][info ][safepoint   ] Safepoint "Cleanup", Time since last: 1526643479 ns, Reaching safepoint: 205954 ns, At safepoint: 4237 ns, Total: 210191 ns
[2023-07-17T18:45:24.425+0000][67][info ][safepoint   ] Safepoint "Cleanup", Time since last: 1003222426 ns, Reaching safepoint: 347035 ns, At safepoint: 6271 ns, Total: 353306 ns
[2023-07-17T18:45:27.904+0000][67][info ][safepoint   ] Safepoint "Cleanup", Time since last: 3478407561 ns, Reaching safepoint: 148135 ns, At safepoint: 27563 ns, Total: 175698 ns
[2023-07-17T18:45:31.698+0000][67][info ][safepoint   ] Safepoint "Cleanup", Time since last: 3793360821 ns, Reaching safepoint: 691232 ns, At safepoint: 9620 ns, Total: 700852 ns
[2023-07-17T18:45:33.702+0000][67][info ][safepoint   ] Safepoint "Cleanup", Time since last: 2003449390 ns, Reaching safepoint: 375174 ns, At safepoint: 16483 ns, Total: 391657 ns
[2023-07-17T18:45:35.157+0000][67][info ][safepoint   ] Safepoint "Cleanup", Time since last: 1454685160 ns, Reaching safepoint: 170603 ns, At safepoint: 53607 ns, Total: 224210 ns
[2023-07-17T18:45:39.909+0000][67][info ][safepoint   ] Safepoint "Cleanup", Time since last: 4751638905 ns, Reaching safepoint: 211641 ns, At safepoint: 5365 ns, Total: 217006 ns
[2023-07-17T18:45:49.804+0000][67][info ][safepoint   ] Safepoint "Cleanup", Time since last: 9894375496 ns, Reaching safepoint: 487150 ns, At safepoint: 16857 ns, Total: 504007 ns
[2023-07-17T18:45:58.499+0000][67][info ][safepoint   ] Safepoint "Cleanup", Time since last: 8695487313 ns, Reaching safepoint: 90192 ns, At safepoint: 31685 ns, Total: 121877 ns
[2023-07-17T18:45:59.526+0000][67][info ][safepoint   ] Safepoint "Cleanup", Time since last: 1026515411 ns, Reaching safepoint: 78984 ns, At safepoint: 27444 ns, Total: 106428 ns
[2023-07-17T18:46:06.897+0000][67][info ][safepoint   ] Safepoint "Cleanup", Time since last: 7370606933 ns, Reaching safepoint: 238060 ns, At safepoint: 4746 ns, Total: 242806 ns
[2023-07-17T18:46:10.957+0000][67][info ][safepoint   ] Safepoint "Cleanup", Time since last: 4060030765 ns, Reaching safepoint: 191637 ns, At safepoint: 29113 ns, Total: 220750 ns
[2023-07-17T18:46:13.174+0000][67][info ][safepoint   ] Safepoint "Cleanup", Time since last: 2216531417 ns, Reaching safepoint: 516298 ns, At safepoint: 11005 ns, Total: 527303 ns
[2023-07-17T18:46:14.177+0000][67][info ][safepoint   ] Safepoint "Cleanup", Time since last: 1002754080 ns, Reaching safepoint: 386142 ns, At safepoint: 97222 ns, Total: 483364 ns
[2023-07-17T18:46:19.451+0000][67][info ][safepoint   ] Safepoint "Cleanup", Time since last: 5273164519 ns, Reaching safepoint: 793455 ns, At safepoint: 12634 ns, Total: 806089 ns
[2023-07-17T18:46:22.680+0000][67][info ][safepoint   ] Safepoint "Cleanup", Time since last: 3228798413 ns, Reaching safepoint: 159238 ns, At safepoint: 34087 ns, Total: 193325 ns
[2023-07-17T18:46:23.839+0000][67][info ][safepoint   ] Safepoint "Cleanup", Time since last: 1158770314 ns, Reaching safepoint: 96435 ns, At safepoint: 6076 ns, Total: 102511 ns
[2023-07-17T18:46:27.908+0000][67][info ][safepoint   ] Safepoint "Cleanup", Time since last: 4068647026 ns, Reaching safepoint: 114540 ns, At safepoint: 29536 ns, Total: 144076 ns
[2023-07-17T18:46:28.969+0000][67][info ][safepoint   ] Safepoint "Cleanup", Time since last: 1060983892 ns, Reaching safepoint: 162435 ns, At safepoint: 24713 ns, Total: 187148 ns
[2023-07-17T18:46:39.577+0000][67][info ][safepoint   ] Safepoint "Cleanup", Time since last: 10607011239 ns, Reaching safepoint: 347695 ns, At safepoint: 6896 ns, Total: 354591 ns
[2023-07-17T18:46:40.752+0000][67][info ][safepoint   ] Safepoint "Cleanup", Time since last: 1175123205 ns, Reaching safepoint: 178318 ns, At safepoint: 40180 ns, Total: 218498 ns
[2023-07-17T18:46:43.151+0000][67][info ][safepoint   ] Safepoint "Cleanup", Time since last: 2398506963 ns, Reaching safepoint: 625147 ns, At safepoint: 10052 ns, Total: 635199 ns
[2023-07-17T18:46:46.052+0000][67][info ][safepoint   ] Safepoint "Cleanup", Time since last: 2899945526 ns, Reaching safepoint: 378241 ns, At safepoint: 70091 ns, Total: 448332 ns
[2023-07-17T18:46:47.419+0000][67][info ][safepoint   ] Safepoint "Cleanup", Time since last: 1366810595 ns, Reaching safepoint: 410169 ns, At safepoint: 6344 ns, Total: 416513 ns
[2023-07-17T18:46:49.637+0000][67][info ][safepoint   ] Safepoint "Cleanup", Time since last: 2217876130 ns, Reaching safepoint: 484706 ns, At safepoint: 14718 ns, Total: 499424 ns
[2023-07-17T18:46:51.922+0000][67][info ][safepoint   ] Safepoint "Cleanup", Time since last: 2284733057 ns, Reaching safepoint: 178840 ns, At safepoint: 33983 ns, Total: 212823 ns
[2023-07-17T18:46:55.699+0000][67][info ][safepoint   ] Safepoint "Cleanup", Time since last: 3775431164 ns, Reaching safepoint: 788941 ns, At safepoint: 23809 ns, Total: 812750 ns
[2023-07-17T18:47:03.918+0000][67][info ][safepoint   ] Safepoint "Cleanup", Time since last: 8219733687 ns, Reaching safepoint: 158189 ns, At safepoint: 26354 ns, Total: 184543 ns
[2023-07-17T18:47:05.451+0000][67][info ][safepoint   ] Safepoint "Cleanup", Time since last: 1531894423 ns, Reaching safepoint: 535770 ns, At safepoint: 10104 ns, Total: 545874 ns
[2023-07-17T18:47:06.455+0000][67][info ][safepoint   ] Safepoint "Cleanup", Time since last: 1003100875 ns, Reaching safepoint: 516503 ns, At safepoint: 10757 ns, Total: 527260 ns
[2023-07-17T18:47:07.458+0000][67][info ][safepoint   ] Safepoint "Cleanup", Time since last: 1002959680 ns, Reaching safepoint: 720033 ns, At safepoint: 25328 ns, Total: 745361 ns
[2023-07-17T18:47:09.462+0000][67][info ][safepoint   ] Safepoint "Cleanup", Time since last: 2002862772 ns, Reaching safepoint: 685871 ns, At safepoint: 15564 ns, Total: 701435 ns
[2023-07-17T18:47:10.666+0000][67][info ][safepoint   ] Safepoint "Cleanup", Time since last: 1203876709 ns, Reaching safepoint: 187965 ns, At safepoint: 65622 ns, Total: 253587 ns
[2023-07-17T18:47:11.819+0000][67][info ][safepoint   ] Safepoint "Cleanup", Time since last: 1152345857 ns, Reaching safepoint: 605682 ns, At safepoint: 19084 ns, Total: 624766 ns
[2023-07-17T18:47:15.825+0000][67][info ][safepoint   ] Safepoint "Cleanup", Time since last: 4004874293 ns, Reaching safepoint: 471739 ns, At safepoint: 45577 ns, Total: 517316 ns
[2023-07-17T18:47:16.971+0000][67][info ][safepoint   ] Safepoint "Cleanup", Time since last: 1146001032 ns, Reaching safepoint: 202522 ns, At safepoint: 51475 ns, Total: 253997 ns
[2023-07-17T18:47:19.030+0000][67][info ][safepoint   ] Safepoint "Cleanup", Time since last: 2058420833 ns, Reaching safepoint: 299944 ns, At safepoint: 6376 ns, Total: 306320 ns
[2023-07-17T18:47:22.239+0000][67][info ][safepoint   ] Safepoint "Cleanup", Time since last: 3209101738 ns, Reaching safepoint: 99122 ns, At safepoint: 40237 ns, Total: 139359 ns
[2023-07-17T18:47:23.298+0000][67][info ][safepoint   ] Safepoint "Cleanup", Time since last: 1058096393 ns, Reaching safepoint: 638988 ns, At safepoint: 9108 ns, Total: 648096 ns
[2023-07-17T18:47:24.542+0000][67][info ][safepoint   ] Safepoint "Cleanup", Time since last: 1244176099 ns, Reaching safepoint: 321857 ns, At safepoint: 10620 ns, Total: 332477 ns
[2023-07-17T18:47:28.725+0000][67][info ][safepoint   ] Safepoint "Cleanup", Time since last: 4182175755 ns, Reaching safepoint: 162802 ns, At safepoint: 29874 ns, Total: 192676 ns
[2023-07-17T18:47:31.784+0000][67][info ][safepoint   ] Safepoint "Cleanup", Time since last: 3059093171 ns, Reaching safepoint: 548584 ns, At safepoint: 33524 ns, Total: 582108 ns
[2023-07-17T18:47:32.960+0000][67][info ][safepoint   ] Safepoint "Cleanup", Time since last: 1175389286 ns, Reaching safepoint: 336770 ns, At safepoint: 16981 ns, Total: 353751 ns
[2023-07-17T18:47:33.968+0000][67][info ][safepoint   ] Safepoint "Cleanup", Time since last: 1007276317 ns, Reaching safepoint: 230862 ns, At safepoint: 5532 ns, Total: 236394 ns
[2023-07-17T18:47:34.992+0000][67][info ][safepoint   ] Safepoint "Cleanup", Time since last: 1024117945 ns, Reaching safepoint: 159475 ns, At safepoint: 34423 ns, Total: 193898 ns
[2023-07-17T18:47:53.904+0000][67][info ][safepoint   ] Safepoint "Cleanup", Time since last: 18910345337 ns, Reaching safepoint: 447900 ns, At safepoint: 10991 ns, Total: 458891 ns
[2023-07-17T18:47:59.114+0000][67][info ][safepoint   ] Safepoint "Cleanup", Time since last: 5209870087 ns, Reaching safepoint: 91262 ns, At safepoint: 3071 ns, Total: 94333 ns
[2023-07-17T18:48:00.302+0000][67][info ][safepoint   ] Safepoint "Cleanup", Time since last: 1187647964 ns, Reaching safepoint: 315384 ns, At safepoint: 48329 ns, Total: 363713 ns
[2023-07-17T18:48:02.159+0000][67][info ][safepoint   ] Safepoint "Cleanup", Time since last: 1856440084 ns, Reaching safepoint: 249105 ns, At safepoint: 67526 ns, Total: 316631 ns
[2023-07-17T18:48:03.298+0000][67][info ][safepoint   ] Safepoint "Cleanup", Time since last: 1139278962 ns, Reaching safepoint: 398205 ns, At safepoint: 54166 ns, Total: 452371 ns
[2023-07-17T18:48:09.962+0000][67][info ][safepoint   ] Safepoint "Cleanup", Time since last: 6664007291 ns, Reaching safepoint: 42741 ns, At safepoint: 4169 ns, Total: 46910 ns
[2023-07-17T18:48:22.259+0000][67][info ][safepoint   ] Safepoint "Cleanup", Time since last: 12297687409 ns, Reaching safepoint: 105290 ns, At safepoint: 35637 ns, Total: 140927 ns
[2023-07-17T18:48:24.659+0000][67][info ][safepoint   ] Safepoint "Cleanup", Time since last: 2399624849 ns, Reaching safepoint: 50891 ns, At safepoint: 2458 ns, Total: 53349 ns
[2023-07-17T18:48:25.668+0000][67][info ][safepoint   ] Safepoint "Cleanup", Time since last: 1009178560 ns, Reaching safepoint: 227555 ns, At safepoint: 3577 ns, Total: 231132 ns
[2023-07-17T18:48:26.670+0000][67][info ][safepoint   ] Safepoint "Cleanup", Time since last: 1001865608 ns, Reaching safepoint: 311580 ns, At safepoint: 7340 ns, Total: 318920 ns
[2023-07-17T18:48:28.905+0000][67][info ][safepoint   ] Safepoint "Cleanup", Time since last: 2234079499 ns, Reaching safepoint: 379357 ns, At safepoint: 70172 ns, Total: 449529 ns
[2023-07-17T18:48:33.922+0000][67][info ][safepoint   ] Safepoint "Cleanup", Time since last: 5016859538 ns, Reaching safepoint: 137512 ns, At safepoint: 27064 ns, Total: 164576 ns
[2023-07-17T18:48:35.112+0000][67][info ][safepoint   ] Safepoint "Cleanup", Time since last: 1189894097 ns, Reaching safepoint: 542626 ns, At safepoint: 16323 ns, Total: 558949 ns
[2023-07-17T18:48:39.353+0000][67][info ][safepoint   ] Safepoint "Cleanup", Time since last: 4240892251 ns, Reaching safepoint: 377674 ns, At safepoint: 7575 ns, Total: 385249 ns
[2023-07-17T18:48:40.553+0000][67][info ][safepoint   ] Safepoint "Cleanup", Time since last: 1199472854 ns, Reaching safepoint: 124325 ns, At safepoint: 38081 ns, Total: 162406 ns
[2023-07-17T18:48:48.889+0000][67][info ][safepoint   ] Safepoint "Cleanup", Time since last: 8335406115 ns, Reaching safepoint: 360351 ns, At safepoint: 5866 ns, Total: 366217 ns
[2023-07-17T18:49:03.940+0000][67][info ][safepoint   ] Safepoint "Cleanup", Time since last: 15050558583 ns, Reaching safepoint: 91518 ns, At safepoint: 31304 ns, Total: 122822 ns
[2023-07-17T18:49:05.736+0000][67][info ][safepoint   ] Safepoint "Cleanup", Time since last: 1795400713 ns, Reaching safepoint: 964816 ns, At safepoint: 23215 ns, Total: 988031 ns
[2023-07-17T18:49:09.941+0000][67][info ][safepoint   ] Safepoint "Cleanup", Time since last: 4204633782 ns, Reaching safepoint: 197403 ns, At safepoint: 27875 ns, Total: 225278 ns
[2023-07-17T18:49:10.956+0000][67][info ][safepoint   ] Safepoint "Cleanup", Time since last: 1015300230 ns, Reaching safepoint: 140086 ns, At safepoint: 39278 ns, Total: 179364 ns
[2023-07-17T18:49:19.393+0000][67][info ][safepoint   ] Safepoint "Cleanup", Time since last: 8435460129 ns, Reaching safepoint: 382239 ns, At safepoint: 6224 ns, Total: 388463 ns
[2023-07-17T18:49:25.634+0000][67][info ][safepoint   ] Safepoint "Cleanup", Time since last: 6240138904 ns, Reaching safepoint: 788874 ns, At safepoint: 22747 ns, Total: 811621 ns
[2023-07-17T18:49:27.931+0000][67][info ][safepoint   ] Safepoint "Cleanup", Time since last: 2297004738 ns, Reaching safepoint: 277706 ns, At safepoint: 37396 ns, Total: 315102 ns
[2023-07-17T18:49:29.892+0000][67][info ][safepoint   ] Safepoint "Cleanup", Time since last: 1961026737 ns, Reaching safepoint: 486311 ns, At safepoint: 13559 ns, Total: 499870 ns
[2023-07-17T18:49:46.164+0000][67][info ][safepoint   ] Safepoint "Cleanup", Time since last: 16271238509 ns, Reaching safepoint: 156050 ns, At safepoint: 45919 ns, Total: 201969 ns
[2023-07-17T18:49:47.851+0000][67][info ][safepoint   ] Safepoint "Cleanup", Time since last: 1686858154 ns, Reaching safepoint: 658696 ns, At safepoint: 24276 ns, Total: 682972 ns
[2023-07-17T18:49:49.855+0000][67][info ][safepoint   ] Safepoint "Cleanup", Time since last: 2002828671 ns, Reaching safepoint: 495855 ns, At safepoint: 26808 ns, Total: 522663 ns
[2023-07-17T18:50:03.575+0000][67][info ][safepoint   ] Safepoint "Cleanup", Time since last: 13720380474 ns, Reaching safepoint: 393654 ns, At safepoint: 8236 ns, Total: 401890 ns
[2023-07-17T18:50:10.199+0000][67][info ][safepoint   ] Safepoint "Cleanup", Time since last: 6623557746 ns, Reaching safepoint: 222179 ns, At safepoint: 33221 ns, Total: 255400 ns
[2023-07-17T18:50:12.167+0000][67][info ][safepoint   ] Safepoint "Cleanup", Time since last: 1967713535 ns, Reaching safepoint: 483916 ns, At safepoint: 12976 ns, Total: 496892 ns
[2023-07-17T18:50:14.172+0000][67][info ][safepoint   ] Safepoint "Cleanup", Time since last: 2003694427 ns, Reaching safepoint: 403244 ns, At safepoint: 18885 ns, Total: 422129 ns
[2023-07-17T18:50:15.952+0000][67][info ][safepoint   ] Safepoint "Cleanup", Time since last: 1779855267 ns, Reaching safepoint: 236196 ns, At safepoint: 34041 ns, Total: 270237 ns
[2023-07-17T18:50:19.600+0000][67][info ][safepoint   ] Safepoint "Cleanup", Time since last: 3648224556 ns, Reaching safepoint: 413300 ns, At safepoint: 7511 ns, Total: 420811 ns
[2023-07-17T18:50:24.847+0000][67][info ][safepoint   ] Safepoint "Cleanup", Time since last: 5246159398 ns, Reaching safepoint: 489517 ns, At safepoint: 15128 ns, Total: 504645 ns
[2023-07-17T18:50:34.089+0000][67][info ][safepoint   ] Safepoint "Cleanup", Time since last: 9241859220 ns, Reaching safepoint: 142870 ns, At safepoint: 27291 ns, Total: 170161 ns
[2023-07-17T18:50:35.501+0000][67][info ][safepoint   ] Safepoint "Cleanup", Time since last: 1411036776 ns, Reaching safepoint: 366611 ns, At safepoint: 10453 ns, Total: 377064 ns
[2023-07-17T18:50:46.067+0000][67][info ][safepoint   ] Safepoint "Cleanup", Time since last: 10565803231 ns, Reaching safepoint: 208257 ns, At safepoint: 76970 ns, Total: 285227 ns
[2023-07-17T18:50:47.999+0000][67][info ][safepoint   ] Safepoint "Cleanup", Time since last: 1931666159 ns, Reaching safepoint: 412344 ns, At safepoint: 15982 ns, Total: 428326 ns
[2023-07-17T18:50:58.733+0000][67][info ][safepoint   ] Safepoint "Cleanup", Time since last: 10733651336 ns, Reaching safepoint: 84801 ns, At safepoint: 32734 ns, Total: 117535 ns
[2023-07-17T18:51:00.656+0000][67][info ][safepoint   ] Safepoint "Cleanup", Time since last: 1923505940 ns, Reaching safepoint: 276727 ns, At safepoint: 12361 ns, Total: 289088 ns
[2023-07-17T18:51:04.834+0000][67][info ][safepoint   ] Safepoint "Cleanup", Time since last: 4177071056 ns, Reaching safepoint: 144602 ns, At safepoint: 43926 ns, Total: 188528 ns
[2023-07-17T18:51:09.896+0000][67][info ][safepoint   ] Safepoint "Cleanup", Time since last: 5061479916 ns, Reaching safepoint: 327263 ns, At safepoint: 40634 ns, Total: 367897 ns
[2023-07-17T18:51:11.095+0000][67][info ][safepoint   ] Safepoint "Cleanup", Time since last: 1199539265 ns, Reaching safepoint: 187219 ns, At safepoint: 48481 ns, Total: 235700 ns
[2023-07-17T18:51:19.414+0000][67][info ][safepoint   ] Safepoint "Cleanup", Time since last: 8318490686 ns, Reaching safepoint: 331220 ns, At safepoint: 6608 ns, Total: 337828 ns
[2023-07-17T18:51:21.942+0000][67][info ][safepoint   ] Safepoint "Cleanup", Time since last: 2527852848 ns, Reaching safepoint: 148024 ns, At safepoint: 26772 ns, Total: 174796 ns
[2023-07-17T18:51:25.692+0000][67][info ][safepoint   ] Safepoint "Cleanup", Time since last: 3749543327 ns, Reaching safepoint: 533412 ns, At safepoint: 15365 ns, Total: 548777 ns
[2023-07-17T18:51:28.186+0000][67][info ][safepoint   ] Safepoint "Cleanup", Time since last: 2493215337 ns, Reaching safepoint: 245462 ns, At safepoint: 38106 ns, Total: 283568 ns
[2023-07-17T18:51:37.281+0000][67][info ][safepoint   ] Safepoint "Cleanup", Time since last: 9095261724 ns, Reaching safepoint: 249103 ns, At safepoint: 3890 ns, Total: 252993 ns
[2023-07-17T18:51:39.949+0000][67][info ][safepoint   ] Safepoint "Cleanup", Time since last: 2667325904 ns, Reaching safepoint: 91818 ns, At safepoint: 5675 ns, Total: 97493 ns
[2023-07-17T18:51:42.943+0000][67][info ][safepoint   ] Safepoint "Cleanup", Time since last: 2993797208 ns, Reaching safepoint: 243291 ns, At safepoint: 27939 ns, Total: 271230 ns
[2023-07-17T18:51:44.800+0000][67][info ][safepoint   ] Safepoint "Cleanup", Time since last: 1855972571 ns, Reaching safepoint: 583482 ns, At safepoint: 11128 ns, Total: 594610 ns
[2023-07-17T18:51:46.196+0000][67][info ][safepoint   ] Safepoint "Cleanup", Time since last: 1396277380 ns, Reaching safepoint: 142341 ns, At safepoint: 38786 ns, Total: 181127 ns
[2023-07-17T18:51:51.941+0000][67][info ][safepoint   ] Safepoint "Cleanup", Time since last: 5744695319 ns, Reaching safepoint: 176588 ns, At safepoint: 36681 ns, Total: 213269 ns
[2023-07-17T18:51:57.941+0000][67][info ][safepoint   ] Safepoint "Cleanup", Time since last: 5999800982 ns, Reaching safepoint: 109299 ns, At safepoint: 26855 ns, Total: 136154 ns
[2023-07-17T18:51:59.895+0000][67][info ][safepoint   ] Safepoint "Cleanup", Time since last: 1953256648 ns, Reaching safepoint: 611227 ns, At safepoint: 9380 ns, Total: 620607 ns
[2023-07-17T18:52:00.899+0000][67][info ][safepoint   ] Safepoint "Cleanup", Time since last: 1003292538 ns, Reaching safepoint: 421270 ns, At safepoint: 5663 ns, Total: 426933 ns
[2023-07-17T18:52:03.902+0000][67][info ][safepoint   ] Safepoint "Cleanup", Time since last: 3002963531 ns, Reaching safepoint: 201774 ns, At safepoint: 11819 ns, Total: 213593 ns
[2023-07-17T18:52:06.165+0000][67][info ][safepoint   ] Safepoint "Cleanup", Time since last: 2262709834 ns, Reaching safepoint: 503724 ns, At safepoint: 13072 ns, Total: 516796 ns
[2023-07-17T18:52:09.936+0000][67][info ][safepoint   ] Safepoint "Cleanup", Time since last: 3771012763 ns, Reaching safepoint: 313296 ns, At safepoint: 13056 ns, Total: 326352 ns
[2023-07-17T18:52:11.560+0000][67][info ][safepoint   ] Safepoint "Cleanup", Time since last: 1623320596 ns, Reaching safepoint: 96926 ns, At safepoint: 4866 ns, Total: 101792 ns
[2023-07-17T18:52:14.573+0000][67][info ][safepoint   ] Safepoint "Cleanup", Time since last: 3010903234 ns, Reaching safepoint: 339869 ns, At safepoint: 7634 ns, Total: 347503 ns
[2023-07-17T18:52:18.795+0000][67][info ][safepoint   ] Safepoint "Cleanup", Time since last: 4221380815 ns, Reaching safepoint: 203330 ns, At safepoint: 3436 ns, Total: 206766 ns
[2023-07-17T18:52:27.063+0000][67][info ][safepoint   ] Safepoint "Cleanup", Time since last: 8268029807 ns, Reaching safepoint: 530935 ns, At safepoint: 23317 ns, Total: 554252 ns
[2023-07-17T18:52:31.550+0000][67][info ][safepoint   ] Safepoint "Cleanup", Time since last: 4486406469 ns, Reaching safepoint: 568303 ns, At safepoint: 20608 ns, Total: 588911 ns
[2023-07-17T18:52:33.956+0000][67][info ][safepoint   ] Safepoint "Cleanup", Time since last: 2405338563 ns, Reaching safepoint: 366777 ns, At safepoint: 33995 ns, Total: 400772 ns
[2023-07-17T18:52:34.995+0000][67][info ][safepoint   ] Safepoint "Cleanup", Time since last: 1038634520 ns, Reaching safepoint: 132062 ns, At safepoint: 32981 ns, Total: 165043 ns
[2023-07-17T18:52:36.919+0000][67][info ][safepoint   ] Safepoint "Cleanup", Time since last: 1923877558 ns, Reaching safepoint: 586365 ns, At safepoint: 12172 ns, Total: 598537 ns
[2023-07-17T18:52:39.924+0000][67][info ][safepoint   ] Safepoint "Cleanup", Time since last: 3004501645 ns, Reaching safepoint: 251770 ns, At safepoint: 7920 ns, Total: 259690 ns
[2023-07-17T18:52:45.125+0000][67][info ][safepoint   ] Safepoint "Cleanup", Time since last: 5220266100 ns, Reaching safepoint: 659889 ns, At safepoint: 24587 ns, Total: 684476 ns
[2023-07-17T18:52:46.146+0000][67][info ][gc,start    ] GC(16) Pause Young (Normal) (G1 Evacuation Pause)
[2023-07-17T18:52:46.148+0000][67][info ][gc,task     ] GC(16) Using 6 workers of 6 for evacuation
[2023-07-17T18:52:46.149+0000][67][debug][gc,age      ] GC(16) Desired survivor size 130023424 bytes, new threshold 15 (max threshold 15)
[2023-07-17T18:52:46.158+0000][67][info ][gc,phases   ] GC(16)   Pre Evacuate Collection Set: 0.3ms
[2023-07-17T18:52:46.160+0000][67][info ][gc,phases   ] GC(16)   Merge Heap Roots: 0.2ms
[2023-07-17T18:52:46.160+0000][67][info ][gc,phases   ] GC(16)   Evacuate Collection Set: 6.2ms
[2023-07-17T18:52:46.162+0000][67][info ][gc,phases   ] GC(16)   Post Evacuate Collection Set: 2.0ms
[2023-07-17T18:52:46.162+0000][67][info ][gc,phases   ] GC(16)   Other: 2.1ms
[2023-07-17T18:52:46.163+0000][67][trace][gc,age      ] GC(16) Age table with threshold 15 (max threshold 15)
[2023-07-17T18:52:46.164+0000][67][trace][gc,age      ] GC(16) - age   1:    2147024 bytes,    2147024 total
[2023-07-17T18:52:46.165+0000][67][trace][gc,age      ] GC(16) - age   2:    1793728 bytes,    3940752 total
[2023-07-17T18:52:46.166+0000][67][trace][gc,age      ] GC(16) - age   3:      66328 bytes,    4007080 total
[2023-07-17T18:52:46.167+0000][67][trace][gc,age      ] GC(16) - age   4:    1996808 bytes,    6003888 total
[2023-07-17T18:52:46.168+0000][67][info ][gc,heap     ] GC(16) Eden regions: 490->0(587)
[2023-07-17T18:52:46.169+0000][67][info ][gc,heap     ] GC(16) Survivor regions: 2->2(62)
[2023-07-17T18:52:46.170+0000][67][info ][gc,heap     ] GC(16) Old regions: 26->26
[2023-07-17T18:52:46.171+0000][67][info ][gc,heap     ] GC(16) Archive regions: 2->2
[2023-07-17T18:52:46.172+0000][67][info ][gc,heap     ] GC(16) Humongous regions: 0->0
[2023-07-17T18:52:46.173+0000][67][info ][gc,metaspace] GC(16) Metaspace: 138470K(141824K)->138470K(141824K) NonClass: 120584K(122240K)->120584K(122240K) Class: 17886K(19584K)->17886K(19584K)
[2023-07-17T18:52:46.174+0000][67][info ][gc          ] GC(16) Pause Young (Normal) (G1 Evacuation Pause) 2073M->112M(3932M) 27.868ms
[2023-07-17T18:52:46.175+0000][67][info ][gc,cpu      ] GC(16) User=0.03s Sys=0.01s Real=0.03s
[2023-07-17T18:52:46.176+0000][67][info ][safepoint   ] Safepoint "G1CollectForAllocation", Time since last: 1020519845 ns, Reaching safepoint: 215855 ns, At safepoint: 29925603 ns, Total: 30141458 ns
[2023-07-17T18:52:49.929+0000][67][info ][safepoint   ] Safepoint "Cleanup", Time since last: 3752848032 ns, Reaching safepoint: 538628 ns, At safepoint: 22931 ns, Total: 561559 ns
[2023-07-17T18:52:50.934+0000][67][info ][safepoint   ] Safepoint "Cleanup", Time since last: 1003556930 ns, Reaching safepoint: 779412 ns, At safepoint: 21607 ns, Total: 801019 ns
[2023-07-17T18:52:51.963+0000][67][info ][safepoint   ] Safepoint "Cleanup", Time since last: 1029317650 ns, Reaching safepoint: 163581 ns, At safepoint: 29459 ns, Total: 193040 ns
[2023-07-17T18:52:52.989+0000][67][info ][safepoint   ] Safepoint "Cleanup", Time since last: 1025611094 ns, Reaching safepoint: 522384 ns, At safepoint: 9675 ns, Total: 532059 ns
[2023-07-17T18:52:58.393+0000][67][info ][safepoint   ] Safepoint "Cleanup", Time since last: 5403326003 ns, Reaching safepoint: 183889 ns, At safepoint: 43371 ns, Total: 227260 ns
[2023-07-17T18:52:59.551+0000][67][info ][safepoint   ] Safepoint "Cleanup", Time since last: 1157949486 ns, Reaching safepoint: 44631 ns, At safepoint: 4877 ns, Total: 49508 ns
[2023-07-17T18:53:04.732+0000][67][info ][safepoint   ] Safepoint "Cleanup", Time since last: 5181144393 ns, Reaching safepoint: 306503 ns, At safepoint: 33273 ns, Total: 339776 ns
[2023-07-17T18:53:09.944+0000][67][info ][safepoint   ] Safepoint "Cleanup", Time since last: 5211719793 ns, Reaching safepoint: 168726 ns, At safepoint: 33641 ns, Total: 202367 ns
[2023-07-17T18:53:18.631+0000][67][info ][safepoint   ] Safepoint "Cleanup", Time since last: 8693637353 ns, Reaching safepoint: 320373 ns, At safepoint: 12199 ns, Total: 332572 ns
[2023-07-17T18:53:26.980+0000][67][info ][safepoint   ] Safepoint "Cleanup", Time since last: 8348805940 ns, Reaching safepoint: 346702 ns, At safepoint: 6602 ns, Total: 353304 ns
[2023-07-17T18:53:29.169+0000][67][info ][safepoint   ] Safepoint "Cleanup", Time since last: 2188848738 ns, Reaching safepoint: 99082 ns, At safepoint: 81227 ns, Total: 180309 ns
[2023-07-17T18:53:30.489+0000][67][info ][safepoint   ] Safepoint "Cleanup", Time since last: 1318909537 ns, Reaching safepoint: 576037 ns, At safepoint: 16178 ns, Total: 592215 ns
[2023-07-17T18:53:32.529+0000][67][info ][safepoint   ] Safepoint "Cleanup", Time since last: 2039795386 ns, Reaching safepoint: 513252 ns, At safepoint: 9371 ns, Total: 522623 ns
[2023-07-17T18:53:39.940+0000][67][info ][safepoint   ] Safepoint "Cleanup", Time since last: 7410803481 ns, Reaching safepoint: 319070 ns, At safepoint: 47247 ns, Total: 366317 ns
[2023-07-17T18:53:41.078+0000][67][info ][safepoint   ] Safepoint "Cleanup", Time since last: 1137153461 ns, Reaching safepoint: 386027 ns, At safepoint: 5498 ns, Total: 391525 ns
[2023-07-17T18:53:42.439+0000][67][info ][safepoint   ] Safepoint "Cleanup", Time since last: 1361592520 ns, Reaching safepoint: 84611 ns, At safepoint: 64955 ns, Total: 149566 ns
[2023-07-17T18:53:46.636+0000][67][info ][safepoint   ] Safepoint "Cleanup", Time since last: 4197766830 ns, Reaching safepoint: 270252 ns, At safepoint: 28099 ns, Total: 298351 ns
[2023-07-17T18:53:51.698+0000][67][info ][safepoint   ] Safepoint "Cleanup", Time since last: 5061010106 ns, Reaching safepoint: 634647 ns, At safepoint: 24511 ns, Total: 659158 ns
[2023-07-17T18:53:56.953+0000][67][info ][safepoint   ] Safepoint "Cleanup", Time since last: 5253931856 ns, Reaching safepoint: 905381 ns, At safepoint: 22856 ns, Total: 928237 ns
[2023-07-17T18:54:01.244+0000][67][info ][safepoint   ] Safepoint "Cleanup", Time since last: 4290091427 ns, Reaching safepoint: 728527 ns, At safepoint: 53530 ns, Total: 782057 ns
[2023-07-17T18:54:06.598+0000][67][info ][safepoint   ] Safepoint "Cleanup", Time since last: 5353589867 ns, Reaching safepoint: 593660 ns, At safepoint: 30536 ns, Total: 624196 ns
[2023-07-17T18:54:07.601+0000][67][info ][safepoint   ] Safepoint "Cleanup", Time since last: 1002928846 ns, Reaching safepoint: 362858 ns, At safepoint: 6610 ns, Total: 369468 ns
[2023-07-17T18:54:09.950+0000][67][info ][safepoint   ] Safepoint "Cleanup", Time since last: 2348104581 ns, Reaching safepoint: 172366 ns, At safepoint: 6030 ns, Total: 178396 ns
[2023-07-17T18:54:10.979+0000][67][info ][safepoint   ] Safepoint "Cleanup", Time since last: 1029738751 ns, Reaching safepoint: 182278 ns, At safepoint: 26958 ns, Total: 209236 ns
[2023-07-17T18:54:13.987+0000][67][info ][safepoint   ] Safepoint "Cleanup", Time since last: 3006484363 ns, Reaching safepoint: 652465 ns, At safepoint: 13645 ns, Total: 666110 ns
[2023-07-17T18:54:15.931+0000][67][info ][safepoint   ] Safepoint "Cleanup", Time since last: 1944432169 ns, Reaching safepoint: 272868 ns, At safepoint: 32703 ns, Total: 305571 ns
[2023-07-17T18:54:19.191+0000][67][info ][safepoint   ] Safepoint "Cleanup", Time since last: 3259127757 ns, Reaching safepoint: 283778 ns, At safepoint: 5507 ns, Total: 289285 ns
[2023-07-17T18:54:21.943+0000][67][info ][safepoint   ] Safepoint "Cleanup", Time since last: 2752433840 ns, Reaching safepoint: 135189 ns, At safepoint: 52515 ns, Total: 187704 ns
[2023-07-17T18:54:29.716+0000][67][info ][safepoint   ] Safepoint "Cleanup", Time since last: 7772171709 ns, Reaching safepoint: 406376 ns, At safepoint: 15854 ns, Total: 422230 ns
[2023-07-17T18:54:33.721+0000][67][info ][safepoint   ] Safepoint "Cleanup", Time since last: 4003889309 ns, Reaching safepoint: 635253 ns, At safepoint: 16081 ns, Total: 651334 ns
[2023-07-17T18:54:34.923+0000][67][info ][safepoint   ] Safepoint "Cleanup", Time since last: 1202477547 ns, Reaching safepoint: 174339 ns, At safepoint: 34567 ns, Total: 208906 ns
[2023-07-17T18:54:36.082+0000][67][info ][safepoint   ] Safepoint "Cleanup", Time since last: 1158376582 ns, Reaching safepoint: 353350 ns, At safepoint: 14312 ns, Total: 367662 ns
[2023-07-17T18:54:37.094+0000][67][info ][safepoint   ] Safepoint "Cleanup", Time since last: 1011484547 ns, Reaching safepoint: 517096 ns, At safepoint: 10025 ns, Total: 527121 ns
[2023-07-17T18:54:39.933+0000][67][info ][safepoint   ] Safepoint "Cleanup", Time since last: 2838514349 ns, Reaching safepoint: 159005 ns, At safepoint: 26351 ns, Total: 185356 ns
[2023-07-17T18:54:41.319+0000][67][info ][safepoint   ] Safepoint "Cleanup", Time since last: 1386369179 ns, Reaching safepoint: 378305 ns, At safepoint: 5083 ns, Total: 383388 ns
[2023-07-17T18:54:45.959+0000][67][info ][safepoint   ] Safepoint "Cleanup", Time since last: 4638930774 ns, Reaching safepoint: 161038 ns, At safepoint: 49210 ns, Total: 210248 ns
[2023-07-17T18:54:47.864+0000][67][info ][safepoint   ] Safepoint "Cleanup", Time since last: 1905089006 ns, Reaching safepoint: 286153 ns, At safepoint: 4338 ns, Total: 290491 ns
[2023-07-17T18:54:48.868+0000][67][info ][safepoint   ] Safepoint "Cleanup", Time since last: 1002607352 ns, Reaching safepoint: 897312 ns, At safepoint: 43126 ns, Total: 940438 ns
[2023-07-17T18:54:49.871+0000][67][info ][safepoint   ] Safepoint "Cleanup", Time since last: 1002949013 ns, Reaching safepoint: 600747 ns, At safepoint: 10166 ns, Total: 610913 ns
[2023-07-17T18:54:57.943+0000][67][info ][safepoint   ] Safepoint "Cleanup", Time since last: 8071262958 ns, Reaching safepoint: 195959 ns, At safepoint: 4773 ns, Total: 200732 ns
[2023-07-17T18:54:59.510+0000][67][info ][safepoint   ] Safepoint "Cleanup", Time since last: 1567128130 ns, Reaching safepoint: 393708 ns, At safepoint: 12286 ns, Total: 405994 ns
[2023-07-17T18:55:01.521+0000][67][info ][safepoint   ] Safepoint "Cleanup", Time since last: 2010712188 ns, Reaching safepoint: 435122 ns, At safepoint: 8805 ns, Total: 443927 ns
[2023-07-17T18:55:03.949+0000][67][info ][safepoint   ] Safepoint "Cleanup", Time since last: 2427129952 ns, Reaching safepoint: 197648 ns, At safepoint: 37223 ns, Total: 234871 ns
[2023-07-17T18:55:06.739+0000][67][info ][safepoint   ] Safepoint "Cleanup", Time since last: 2789733815 ns, Reaching safepoint: 294129 ns, At safepoint: 5734 ns, Total: 299863 ns
[2023-07-17T18:55:11.329+0000][67][info ][safepoint   ] Safepoint "Cleanup", Time since last: 4589975477 ns, Reaching safepoint: 257696 ns, At safepoint: 47765 ns, Total: 305461 ns
[2023-07-17T18:55:13.248+0000][67][info ][safepoint   ] Safepoint "Cleanup", Time since last: 1918447793 ns, Reaching safepoint: 419005 ns, At safepoint: 41251 ns, Total: 460256 ns
[2023-07-17T18:55:18.640+0000][67][info ][safepoint   ] Safepoint "Cleanup", Time since last: 5391275660 ns, Reaching safepoint: 634888 ns, At safepoint: 10218 ns, Total: 645106 ns
[2023-07-17T18:55:22.865+0000][67][info ][safepoint   ] Safepoint "Cleanup", Time since last: 4225538367 ns, Reaching safepoint: 108502 ns, At safepoint: 28787 ns, Total: 137289 ns
[2023-07-17T18:55:34.437+0000][67][info ][safepoint   ] Safepoint "Cleanup", Time since last: 11571127595 ns, Reaching safepoint: 34493 ns, At safepoint: 1662 ns, Total: 36155 ns
[2023-07-17T18:55:35.503+0000][67][info ][safepoint   ] Safepoint "Cleanup", Time since last: 1065905374 ns, Reaching safepoint: 525996 ns, At safepoint: 8524 ns, Total: 534520 ns
[2023-07-17T18:55:47.087+0000][67][info ][safepoint   ] Safepoint "Cleanup", Time since last: 11583039791 ns, Reaching safepoint: 330085 ns, At safepoint: 52898 ns, Total: 382983 ns
[2023-07-17T18:55:49.172+0000][67][info ][safepoint   ] Safepoint "Cleanup", Time since last: 2084909873 ns, Reaching safepoint: 175476 ns, At safepoint: 15520 ns, Total: 190996 ns
[2023-07-17T18:55:50.174+0000][67][info ][safepoint   ] Safepoint "Cleanup", Time since last: 1002134691 ns, Reaching safepoint: 155711 ns, At safepoint: 14075 ns, Total: 169786 ns
[2023-07-17T18:55:53.267+0000][67][info ][safepoint   ] Safepoint "Cleanup", Time since last: 3092949988 ns, Reaching safepoint: 159338 ns, At safepoint: 15673 ns, Total: 175011 ns
[2023-07-17T18:55:54.462+0000][67][info ][safepoint   ] Safepoint "Cleanup", Time since last: 1194464318 ns, Reaching safepoint: 151595 ns, At safepoint: 11310 ns, Total: 162905 ns
[2023-07-17T18:55:55.775+0000][67][info ][safepoint   ] Safepoint "Cleanup", Time since last: 1313212424 ns, Reaching safepoint: 156244 ns, At safepoint: 6075 ns, Total: 162319 ns
[2023-07-17T18:55:56.777+0000][67][info ][safepoint   ] Safepoint "Cleanup", Time since last: 1001880433 ns, Reaching safepoint: 154032 ns, At safepoint: 3512 ns, Total: 157544 ns
[2023-07-17T18:55:57.986+0000][67][info ][safepoint   ] Safepoint "Cleanup", Time since last: 1208676943 ns, Reaching safepoint: 109768 ns, At safepoint: 34432 ns, Total: 144200 ns
[2023-07-17T18:55:58.991+0000][67][info ][safepoint   ] Safepoint "Cleanup", Time since last: 1004179778 ns, Reaching safepoint: 491789 ns, At safepoint: 62258 ns, Total: 554047 ns
[2023-07-17T18:56:03.966+0000][67][info ][safepoint   ] Safepoint "Cleanup", Time since last: 4975402179 ns, Reaching safepoint: 167229 ns, At safepoint: 104317 ns, Total: 271546 ns
[2023-07-17T18:56:17.431+0000][67][info ][safepoint   ] Safepoint "Cleanup", Time since last: 13463790900 ns, Reaching safepoint: 401125 ns, At safepoint: 59446 ns, Total: 460571 ns
[2023-07-17T18:56:18.433+0000][67][info ][safepoint   ] Safepoint "Cleanup", Time since last: 1002651192 ns, Reaching safepoint: 204617 ns, At safepoint: 3557 ns, Total: 208174 ns
[2023-07-17T18:56:19.618+0000][67][info ][safepoint   ] Safepoint "Cleanup", Time since last: 1184239690 ns, Reaching safepoint: 405002 ns, At safepoint: 22830 ns, Total: 427832 ns
[2023-07-17T18:56:22.029+0000][67][info ][safepoint   ] Safepoint "Cleanup", Time since last: 2410321067 ns, Reaching safepoint: 387623 ns, At safepoint: 152446 ns, Total: 540069 ns
[2023-07-17T18:56:23.029+0000][67][info ][safepoint   ] Safepoint "Cleanup", Time since last: 1000260420 ns, Reaching safepoint: 146763 ns, At safepoint: 33296 ns, Total: 180059 ns
[2023-07-17T18:56:27.949+0000][67][info ][safepoint   ] Safepoint "Cleanup", Time since last: 4919231093 ns, Reaching safepoint: 157322 ns, At safepoint: 28787 ns, Total: 186109 ns
[2023-07-17T18:56:37.537+0000][67][info ][safepoint   ] Safepoint "Cleanup", Time since last: 9587358125 ns, Reaching safepoint: 410185 ns, At safepoint: 7044 ns, Total: 417229 ns
[2023-07-17T18:56:41.273+0000][67][info ][safepoint   ] Safepoint "Cleanup", Time since last: 3736545442 ns, Reaching safepoint: 100533 ns, At safepoint: 31891 ns, Total: 132424 ns
[2023-07-17T18:56:45.962+0000][67][info ][safepoint   ] Safepoint "Cleanup", Time since last: 4687938319 ns, Reaching safepoint: 224852 ns, At safepoint: 34740 ns, Total: 259592 ns
[2023-07-17T18:56:49.381+0000][67][info ][safepoint   ] Safepoint "Cleanup", Time since last: 3418759006 ns, Reaching safepoint: 662404 ns, At safepoint: 25178 ns, Total: 687582 ns
[2023-07-17T18:56:57.669+0000][67][info ][safepoint   ] Safepoint "Cleanup", Time since last: 8287537408 ns, Reaching safepoint: 404691 ns, At safepoint: 14279 ns, Total: 418970 ns
[2023-07-17T18:57:01.938+0000][67][info ][safepoint   ] Safepoint "Cleanup", Time since last: 4268792302 ns, Reaching safepoint: 323203 ns, At safepoint: 6860 ns, Total: 330063 ns
[2023-07-17T18:57:03.942+0000][67][info ][safepoint   ] Safepoint "Cleanup", Time since last: 2003834841 ns, Reaching safepoint: 114120 ns, At safepoint: 3475 ns, Total: 117595 ns
[2023-07-17T18:57:09.212+0000][67][info ][safepoint   ] Safepoint "Cleanup", Time since last: 5269267412 ns, Reaching safepoint: 646300 ns, At safepoint: 10876 ns, Total: 657176 ns
[2023-07-17T18:57:10.714+0000][67][info ][safepoint   ] Safepoint "Cleanup", Time since last: 1502413152 ns, Reaching safepoint: 103808 ns, At safepoint: 11070 ns, Total: 114878 ns
[2023-07-17T18:57:18.823+0000][67][info ][safepoint   ] Safepoint "Cleanup", Time since last: 8108204406 ns, Reaching safepoint: 433024 ns, At safepoint: 16203 ns, Total: 449227 ns
[2023-07-17T18:57:24.083+0000][67][info ][safepoint   ] Safepoint "Cleanup", Time since last: 5259346063 ns, Reaching safepoint: 347853 ns, At safepoint: 5606 ns, Total: 353459 ns
[2023-07-17T18:57:25.087+0000][67][info ][safepoint   ] Safepoint "Cleanup", Time since last: 1003994920 ns, Reaching safepoint: 373991 ns, At safepoint: 17397 ns, Total: 391388 ns
[2023-07-17T18:57:26.812+0000][67][info ][safepoint   ] Safepoint "Cleanup", Time since last: 1724131689 ns, Reaching safepoint: 333670 ns, At safepoint: 107962 ns, Total: 441632 ns
[2023-07-17T18:57:28.052+0000][67][info ][safepoint   ] Safepoint "Cleanup", Time since last: 1239671723 ns, Reaching safepoint: 201686 ns, At safepoint: 29145 ns, Total: 230831 ns
[2023-07-17T18:57:33.962+0000][67][info ][safepoint   ] Safepoint "Cleanup", Time since last: 5909568978 ns, Reaching safepoint: 198049 ns, At safepoint: 27078 ns, Total: 225127 ns
[2023-07-17T18:57:35.610+0000][67][info ][safepoint   ] Safepoint "Cleanup", Time since last: 1647916799 ns, Reaching safepoint: 394915 ns, At safepoint: 16349 ns, Total: 411264 ns
[2023-07-17T18:57:40.232+0000][67][info ][safepoint   ] Safepoint "Cleanup", Time since last: 4621817994 ns, Reaching safepoint: 117113 ns, At safepoint: 33801 ns, Total: 150914 ns
[2023-07-17T18:57:41.987+0000][67][info ][safepoint   ] Safepoint "Cleanup", Time since last: 1754608788 ns, Reaching safepoint: 473968 ns, At safepoint: 10447 ns, Total: 484415 ns
[2023-07-17T18:58:05.254+0000][67][info ][safepoint   ] Safepoint "Cleanup", Time since last: 23266439283 ns, Reaching safepoint: 106533 ns, At safepoint: 37222 ns, Total: 143755 ns
[2023-07-17T18:58:09.971+0000][67][info ][safepoint   ] Safepoint "Cleanup", Time since last: 4717298315 ns, Reaching safepoint: 210316 ns, At safepoint: 32183 ns, Total: 242499 ns
[2023-07-17T18:58:13.625+0000][67][info ][safepoint   ] Safepoint "Cleanup", Time since last: 3653870823 ns, Reaching safepoint: 255675 ns, At safepoint: 4262 ns, Total: 259937 ns
[2023-07-17T18:58:16.817+0000][67][info ][safepoint   ] Safepoint "Cleanup", Time since last: 3192207655 ns, Reaching safepoint: 146116 ns, At safepoint: 26785 ns, Total: 172901 ns
[2023-07-17T18:58:28.625+0000][67][info ][safepoint   ] Safepoint "Cleanup", Time since last: 11807491278 ns, Reaching safepoint: 114064 ns, At safepoint: 33643 ns, Total: 147707 ns
[2023-07-17T18:58:33.971+0000][67][info ][safepoint   ] Safepoint "Cleanup", Time since last: 5345946856 ns, Reaching safepoint: 169261 ns, At safepoint: 77343 ns, Total: 246604 ns
[2023-07-17T18:58:39.999+0000][67][info ][safepoint   ] Safepoint "Cleanup", Time since last: 6027580428 ns, Reaching safepoint: 290721 ns, At safepoint: 64608 ns, Total: 355329 ns
[2023-07-17T18:58:46.384+0000][67][info ][safepoint   ] Safepoint "Cleanup", Time since last: 6385554303 ns, Reaching safepoint: 177720 ns, At safepoint: 5550 ns, Total: 183270 ns
[2023-07-17T18:58:47.445+0000][67][info ][safepoint   ] Safepoint "Cleanup", Time since last: 1060819606 ns, Reaching safepoint: 199465 ns, At safepoint: 3762 ns, Total: 203227 ns
[2023-07-17T18:59:01.683+0000][67][info ][safepoint   ] Safepoint "Cleanup", Time since last: 14237593142 ns, Reaching safepoint: 227237 ns, At safepoint: 4240 ns, Total: 231477 ns
[2023-07-17T18:59:10.157+0000][67][info ][safepoint   ] Safepoint "Cleanup", Time since last: 8474267920 ns, Reaching safepoint: 193012 ns, At safepoint: 46786 ns, Total: 239798 ns
[2023-07-17T18:59:11.158+0000][67][info ][safepoint   ] Safepoint "Cleanup", Time since last: 1000934635 ns, Reaching safepoint: 74680 ns, At safepoint: 2547 ns, Total: 77227 ns
[2023-07-17T18:59:18.672+0000][67][info ][safepoint   ] Safepoint "Cleanup", Time since last: 7511519035 ns, Reaching safepoint: 256260 ns, At safepoint: 4608 ns, Total: 260868 ns
[2023-07-17T18:59:22.974+0000][67][info ][safepoint   ] Safepoint "Cleanup", Time since last: 4301857285 ns, Reaching safepoint: 362325 ns, At safepoint: 50532 ns, Total: 412857 ns
[2023-07-17T18:59:34.053+0000][67][info ][safepoint   ] Safepoint "Cleanup", Time since last: 11079230942 ns, Reaching safepoint: 144793 ns, At safepoint: 35138 ns, Total: 179931 ns
[2023-07-17T18:59:36.712+0000][67][info ][safepoint   ] Safepoint "Cleanup", Time since last: 2658765659 ns, Reaching safepoint: 124523 ns, At safepoint: 8222 ns, Total: 132745 ns
[2023-07-17T18:59:39.729+0000][67][info ][safepoint   ] Safepoint "Cleanup", Time since last: 3016943942 ns, Reaching safepoint: 276693 ns, At safepoint: 3559 ns, Total: 280252 ns
[2023-07-17T18:59:46.445+0000][67][info ][safepoint   ] Safepoint "Cleanup", Time since last: 6715554906 ns, Reaching safepoint: 152908 ns, At safepoint: 3920 ns, Total: 156828 ns
[2023-07-17T19:00:01.452+0000][67][info ][safepoint   ] Safepoint "Cleanup", Time since last: 15006985377 ns, Reaching safepoint: 301230 ns, At safepoint: 14674 ns, Total: 315904 ns
[2023-07-17T19:00:10.601+0000][67][info ][safepoint   ] Safepoint "Cleanup", Time since last: 9148216531 ns, Reaching safepoint: 370031 ns, At safepoint: 120980 ns, Total: 491011 ns
[2023-07-17T19:00:12.328+0000][67][info ][safepoint   ] Safepoint "Cleanup", Time since last: 1726419271 ns, Reaching safepoint: 165700 ns, At safepoint: 100811 ns, Total: 266511 ns
[2023-07-17T19:00:19.597+0000][67][info ][safepoint   ] Safepoint "Cleanup", Time since last: 7269121894 ns, Reaching safepoint: 265908 ns, At safepoint: 13728 ns, Total: 279636 ns
[2023-07-17T19:00:22.046+0000][67][info ][safepoint   ] Safepoint "Cleanup", Time since last: 2448447709 ns, Reaching safepoint: 68723 ns, At safepoint: 5226 ns, Total: 73949 ns
[2023-07-17T19:00:23.960+0000][67][info ][safepoint   ] Safepoint "Cleanup", Time since last: 1914217026 ns, Reaching safepoint: 381572 ns, At safepoint: 16383 ns, Total: 397955 ns
[2023-07-17T19:00:28.010+0000][67][info ][safepoint   ] Safepoint "Cleanup", Time since last: 4049862440 ns, Reaching safepoint: 214447 ns, At safepoint: 41036 ns, Total: 255483 ns
[2023-07-17T19:00:34.048+0000][67][info ][safepoint   ] Safepoint "Cleanup", Time since last: 6037745939 ns, Reaching safepoint: 247820 ns, At safepoint: 41692 ns, Total: 289512 ns
[2023-07-17T19:00:35.299+0000][67][info ][safepoint   ] Safepoint "Cleanup", Time since last: 1250506193 ns, Reaching safepoint: 199819 ns, At safepoint: 53327 ns, Total: 253146 ns
[2023-07-17T19:00:41.141+0000][67][info ][safepoint   ] Safepoint "Cleanup", Time since last: 5841054310 ns, Reaching safepoint: 299620 ns, At safepoint: 4971 ns, Total: 304591 ns
[2023-07-17T19:00:52.007+0000][67][info ][safepoint   ] Safepoint "Cleanup", Time since last: 10865772046 ns, Reaching safepoint: 170569 ns, At safepoint: 26986 ns, Total: 197555 ns
[2023-07-17T19:00:53.071+0000][67][info ][safepoint   ] Safepoint "Cleanup", Time since last: 1064298879 ns, Reaching safepoint: 256910 ns, At safepoint: 77643 ns, Total: 334553 ns
[2023-07-17T19:01:04.434+0000][67][info ][safepoint   ] Safepoint "Cleanup", Time since last: 11362609017 ns, Reaching safepoint: 369553 ns, At safepoint: 102598 ns, Total: 472151 ns
[2023-07-17T19:01:09.095+0000][67][info ][safepoint   ] Safepoint "Cleanup", Time since last: 4660049036 ns, Reaching safepoint: 225587 ns, At safepoint: 3823 ns, Total: 229410 ns
[2023-07-17T19:01:17.793+0000][67][info ][safepoint   ] Safepoint "Cleanup", Time since last: 8698230899 ns, Reaching safepoint: 267234 ns, At safepoint: 17180 ns, Total: 284414 ns
[2023-07-17T19:01:18.796+0000][67][info ][safepoint   ] Safepoint "Cleanup", Time since last: 1002671336 ns, Reaching safepoint: 274879 ns, At safepoint: 4088 ns, Total: 278967 ns
[2023-07-17T19:01:19.798+0000][67][info ][safepoint   ] Safepoint "Cleanup", Time since last: 1001934834 ns, Reaching safepoint: 250710 ns, At safepoint: 3699 ns, Total: 254409 ns
[2023-07-17T19:01:29.250+0000][67][info ][safepoint   ] Safepoint "Cleanup", Time since last: 9451231088 ns, Reaching safepoint: 331987 ns, At safepoint: 7603 ns, Total: 339590 ns
[2023-07-17T19:01:30.782+0000][67][info ][safepoint   ] Safepoint "Cleanup", Time since last: 1532081089 ns, Reaching safepoint: 201543 ns, At safepoint: 60950 ns, Total: 262493 ns
[2023-07-17T19:01:34.858+0000][67][info ][safepoint   ] Safepoint "Cleanup", Time since last: 4075669652 ns, Reaching safepoint: 216588 ns, At safepoint: 35223 ns, Total: 251811 ns
[2023-07-17T19:01:36.252+0000][67][info ][safepoint   ] Safepoint "Cleanup", Time since last: 1393362245 ns, Reaching safepoint: 280140 ns, At safepoint: 19869 ns, Total: 300009 ns
[2023-07-17T19:01:40.211+0000][67][info ][safepoint   ] Safepoint "Cleanup", Time since last: 3958941699 ns, Reaching safepoint: 208855 ns, At safepoint: 31607 ns, Total: 240462 ns
[2023-07-17T19:01:47.849+0000][67][info ][safepoint   ] Safepoint "Cleanup", Time since last: 7637465696 ns, Reaching safepoint: 172310 ns, At safepoint: 39464 ns, Total: 211774 ns
[2023-07-17T19:01:48.914+0000][67][info ][safepoint   ] Safepoint "Cleanup", Time since last: 1064885241 ns, Reaching safepoint: 107336 ns, At safepoint: 4152 ns, Total: 111488 ns
[2023-07-17T19:01:50.199+0000][67][info ][safepoint   ] Safepoint "Cleanup", Time since last: 1284624703 ns, Reaching safepoint: 183770 ns, At safepoint: 62258 ns, Total: 246028 ns
[2023-07-17T19:01:51.623+0000][67][info ][safepoint   ] Safepoint "Cleanup", Time since last: 1423970430 ns, Reaching safepoint: 173334 ns, At safepoint: 57354 ns, Total: 230688 ns
[2023-07-17T19:02:10.019+0000][67][info ][safepoint   ] Safepoint "Cleanup", Time since last: 18395538162 ns, Reaching safepoint: 264731 ns, At safepoint: 43402 ns, Total: 308133 ns
[2023-07-17T19:02:11.706+0000][67][info ][safepoint   ] Safepoint "Cleanup", Time since last: 1687119096 ns, Reaching safepoint: 235191 ns, At safepoint: 44916 ns, Total: 280107 ns
[2023-07-17T19:02:17.078+0000][67][info ][safepoint   ] Safepoint "Cleanup", Time since last: 5371268457 ns, Reaching safepoint: 223634 ns, At safepoint: 4157 ns, Total: 227791 ns
[2023-07-17T19:02:58.975+0000][67][info ][safepoint   ] Safepoint "Cleanup", Time since last: 41896667035 ns, Reaching safepoint: 184723 ns, At safepoint: 37040 ns, Total: 221763 ns
[2023-07-17T19:03:00.011+0000][67][info ][safepoint   ] Safepoint "Cleanup", Time since last: 1036198452 ns, Reaching safepoint: 296857 ns, At safepoint: 7431 ns, Total: 304288 ns
[2023-07-17T19:03:04.318+0000][67][info ][safepoint   ] Safepoint "Cleanup", Time since last: 4306046978 ns, Reaching safepoint: 380208 ns, At safepoint: 32819 ns, Total: 413027 ns
[2023-07-17T19:03:05.321+0000][67][info ][safepoint   ] Safepoint "Cleanup", Time since last: 1002993233 ns, Reaching safepoint: 161335 ns, At safepoint: 34667 ns, Total: 196002 ns
[2023-07-17T19:03:09.452+0000][67][info ][safepoint   ] Safepoint "Cleanup", Time since last: 4131209215 ns, Reaching safepoint: 270416 ns, At safepoint: 3988 ns, Total: 274404 ns
[2023-07-17T19:03:10.628+0000][67][info ][safepoint   ] Safepoint "Cleanup", Time since last: 1175987065 ns, Reaching safepoint: 204352 ns, At safepoint: 38033 ns, Total: 242385 ns
[2023-07-17T19:03:34.055+0000][67][info ][safepoint   ] Safepoint "Cleanup", Time since last: 23426273540 ns, Reaching safepoint: 254488 ns, At safepoint: 91649 ns, Total: 346137 ns
[2023-07-17T19:03:39.141+0000][67][info ][safepoint   ] Safepoint "Cleanup", Time since last: 5086104557 ns, Reaching safepoint: 323491 ns, At safepoint: 13926 ns, Total: 337417 ns
[2023-07-17T19:03:41.191+0000][67][info ][safepoint   ] Safepoint "Cleanup", Time since last: 2049163551 ns, Reaching safepoint: 185639 ns, At safepoint: 3720 ns, Total: 189359 ns
[2023-07-17T19:03:53.111+0000][67][info ][safepoint   ] Safepoint "Cleanup", Time since last: 11919375626 ns, Reaching safepoint: 347024 ns, At safepoint: 19275 ns, Total: 366299 ns
[2023-07-17T19:03:54.213+0000][67][info ][safepoint   ] Safepoint "Cleanup", Time since last: 1101967449 ns, Reaching safepoint: 252464 ns, At safepoint: 5213 ns, Total: 257677 ns
[2023-07-17T19:03:58.326+0000][67][info ][safepoint   ] Safepoint "Cleanup", Time since last: 4113130330 ns, Reaching safepoint: 294658 ns, At safepoint: 42630 ns, Total: 337288 ns
[2023-07-17T19:04:04.034+0000][67][info ][safepoint   ] Safepoint "Cleanup", Time since last: 5707163598 ns, Reaching safepoint: 152979 ns, At safepoint: 36498 ns, Total: 189477 ns
[2023-07-17T19:04:23.288+0000][67][info ][safepoint   ] Safepoint "Cleanup", Time since last: 19253601868 ns, Reaching safepoint: 147596 ns, At safepoint: 29948 ns, Total: 177544 ns
[2023-07-17T19:04:29.092+0000][67][info ][safepoint   ] Safepoint "Cleanup", Time since last: 5804195958 ns, Reaching safepoint: 183129 ns, At safepoint: 3312 ns, Total: 186441 ns
[2023-07-17T19:04:37.756+0000][67][info ][safepoint   ] Safepoint "Cleanup", Time since last: 8663700223 ns, Reaching safepoint: 211694 ns, At safepoint: 3453 ns, Total: 215147 ns
[2023-07-17T19:04:40.986+0000][67][info ][safepoint   ] Safepoint "Cleanup", Time since last: 3230121356 ns, Reaching safepoint: 336084 ns, At safepoint: 34494 ns, Total: 370578 ns
[2023-07-17T19:04:46.236+0000][67][info ][safepoint   ] Safepoint "Cleanup", Time since last: 5249180380 ns, Reaching safepoint: 214230 ns, At safepoint: 34559 ns, Total: 248789 ns
[2023-07-17T19:04:48.394+0000][67][info ][safepoint   ] Safepoint "Cleanup", Time since last: 2158265287 ns, Reaching safepoint: 333863 ns, At safepoint: 6155 ns, Total: 340018 ns
[2023-07-17T19:04:52.368+0000][67][info ][safepoint   ] Safepoint "Cleanup", Time since last: 3973551228 ns, Reaching safepoint: 215217 ns, At safepoint: 108224 ns, Total: 323441 ns
[2023-07-17T19:04:54.168+0000][67][info ][safepoint   ] Safepoint "Cleanup", Time since last: 1799131929 ns, Reaching safepoint: 229937 ns, At safepoint: 4424 ns, Total: 234361 ns
[2023-07-17T19:05:12.949+0000][67][info ][safepoint   ] Safepoint "Cleanup", Time since last: 18781376284 ns, Reaching safepoint: 366163 ns, At safepoint: 5592 ns, Total: 371755 ns
[2023-07-17T19:05:17.174+0000][67][info ][safepoint   ] Safepoint "Cleanup", Time since last: 4224152379 ns, Reaching safepoint: 184982 ns, At safepoint: 15445 ns, Total: 200427 ns
[2023-07-17T19:05:18.402+0000][67][info ][safepoint   ] Safepoint "Cleanup", Time since last: 1227970445 ns, Reaching safepoint: 224538 ns, At safepoint: 21392 ns, Total: 245930 ns
[2023-07-17T19:05:19.413+0000][67][info ][safepoint   ] Safepoint "Cleanup", Time since last: 1010371652 ns, Reaching safepoint: 347755 ns, At safepoint: 5485 ns, Total: 353240 ns
[2023-07-17T19:05:28.030+0000][67][info ][safepoint   ] Safepoint "Cleanup", Time since last: 8617007126 ns, Reaching safepoint: 165080 ns, At safepoint: 33407 ns, Total: 198487 ns
[2023-07-17T19:05:29.143+0000][67][info ][safepoint   ] Safepoint "Cleanup", Time since last: 1112955287 ns, Reaching safepoint: 314204 ns, At safepoint: 90673 ns, Total: 404877 ns
[2023-07-17T19:05:41.470+0000][67][info ][safepoint   ] Safepoint "Cleanup", Time since last: 12326714773 ns, Reaching safepoint: 100078 ns, At safepoint: 5905 ns, Total: 105983 ns
[2023-07-17T19:05:42.665+0000][67][info ][safepoint   ] Safepoint "Cleanup", Time since last: 1194210780 ns, Reaching safepoint: 141607 ns, At safepoint: 81711 ns, Total: 223318 ns
[2023-07-17T19:05:43.678+0000][67][info ][safepoint   ] Safepoint "Cleanup", Time since last: 1012643205 ns, Reaching safepoint: 379996 ns, At safepoint: 12390 ns, Total: 392386 ns
[2023-07-17T19:05:52.007+0000][67][info ][safepoint   ] Safepoint "Cleanup", Time since last: 8329581541 ns, Reaching safepoint: 296551 ns, At safepoint: 14964 ns, Total: 311515 ns
[2023-07-17T19:06:10.420+0000][67][info ][safepoint   ] Safepoint "Cleanup", Time since last: 18412412182 ns, Reaching safepoint: 79427 ns, At safepoint: 32456 ns, Total: 111883 ns
[2023-07-17T19:06:16.177+0000][67][info ][gc,start    ] GC(17) Pause Young (Normal) (G1 Evacuation Pause)
[2023-07-17T19:06:16.178+0000][67][info ][gc,task     ] GC(17) Using 6 workers of 6 for evacuation
[2023-07-17T19:06:16.179+0000][67][debug][gc,age      ] GC(17) Desired survivor size 155189248 bytes, new threshold 15 (max threshold 15)
[2023-07-17T19:06:16.190+0000][67][info ][gc,phases   ] GC(17)   Pre Evacuate Collection Set: 0.6ms
[2023-07-17T19:06:16.191+0000][67][info ][gc,phases   ] GC(17)   Merge Heap Roots: 0.3ms
[2023-07-17T19:06:16.192+0000][67][info ][gc,phases   ] GC(17)   Evacuate Collection Set: 6.1ms
[2023-07-17T19:06:16.194+0000][67][info ][gc,phases   ] GC(17)   Post Evacuate Collection Set: 3.1ms
[2023-07-17T19:06:16.195+0000][67][info ][gc,phases   ] GC(17)   Other: 2.3ms
[2023-07-17T19:06:16.197+0000][67][trace][gc,age      ] GC(17) Age table with threshold 15 (max threshold 15)
[2023-07-17T19:06:16.198+0000][67][trace][gc,age      ] GC(17) - age   1:    2329136 bytes,    2329136 total
[2023-07-17T19:06:16.199+0000][67][trace][gc,age      ] GC(17) - age   2:     309960 bytes,    2639096 total
[2023-07-17T19:06:16.200+0000][67][trace][gc,age      ] GC(17) - age   3:    1791776 bytes,    4430872 total
[2023-07-17T19:06:16.201+0000][67][trace][gc,age      ] GC(17) - age   4:      50264 bytes,    4481136 total
[2023-07-17T19:06:16.202+0000][67][trace][gc,age      ] GC(17) - age   5:    1940968 bytes,    6422104 total
[2023-07-17T19:06:16.203+0000][67][info ][gc,heap     ] GC(17) Eden regions: 587->0(587)
[2023-07-17T19:06:16.204+0000][67][info ][gc,heap     ] GC(17) Survivor regions: 2->2(74)
[2023-07-17T19:06:16.205+0000][67][info ][gc,heap     ] GC(17) Old regions: 26->26
[2023-07-17T19:06:16.206+0000][67][info ][gc,heap     ] GC(17) Archive regions: 2->2
[2023-07-17T19:06:16.207+0000][67][info ][gc,heap     ] GC(17) Humongous regions: 0->0
[2023-07-17T19:06:16.208+0000][67][info ][gc,metaspace] GC(17) Metaspace: 138745K(142144K)->138745K(142144K) NonClass: 120857K(122560K)->120857K(122560K) Class: 17888K(19584K)->17888K(19584K)
[2023-07-17T19:06:16.209+0000][67][info ][gc          ] GC(17) Pause Young (Normal) (G1 Evacuation Pause) 2460M->113M(3932M) 32.456ms
[2023-07-17T19:06:16.210+0000][67][info ][gc,cpu      ] GC(17) User=0.04s Sys=0.01s Real=0.03s
[2023-07-17T19:06:16.212+0000][67][info ][safepoint   ] Safepoint "G1CollectForAllocation", Time since last: 5756108259 ns, Reaching safepoint: 301002 ns, At safepoint: 35413612 ns, Total: 35714614 ns
[2023-07-17T19:06:24.835+0000][67][info ][safepoint   ] Safepoint "Cleanup", Time since last: 8622481727 ns, Reaching safepoint: 85140 ns, At safepoint: 29502 ns, Total: 114642 ns
[2023-07-17T19:06:26.103+0000][67][info ][safepoint   ] Safepoint "Cleanup", Time since last: 1268570055 ns, Reaching safepoint: 188424 ns, At safepoint: 51697 ns, Total: 240121 ns
[2023-07-17T19:06:28.593+0000][67][info ][safepoint   ] Safepoint "Cleanup", Time since last: 2489252184 ns, Reaching safepoint: 97679 ns, At safepoint: 12916 ns, Total: 110595 ns
[2023-07-17T19:06:34.559+0000][67][info ][safepoint   ] Safepoint "Cleanup", Time since last: 5966431532 ns, Reaching safepoint: 56018 ns, At safepoint: 3192 ns, Total: 59210 ns
[2023-07-17T19:06:53.237+0000][67][info ][safepoint   ] Safepoint "Cleanup", Time since last: 18677779265 ns, Reaching safepoint: 232417 ns, At safepoint: 13979 ns, Total: 246396 ns
[2023-07-17T19:06:54.341+0000][67][info ][safepoint   ] Safepoint "Cleanup", Time since last: 1103263857 ns, Reaching safepoint: 224925 ns, At safepoint: 6054 ns, Total: 230979 ns
[2023-07-17T19:06:56.203+0000][67][info ][safepoint   ] Safepoint "Cleanup", Time since last: 1861824862 ns, Reaching safepoint: 173993 ns, At safepoint: 45773 ns, Total: 219766 ns
[2023-07-17T19:06:58.011+0000][67][info ][safepoint   ] Safepoint "Cleanup", Time since last: 1808118791 ns, Reaching safepoint: 253858 ns, At safepoint: 7023 ns, Total: 260881 ns
[2023-07-17T19:07:04.069+0000][67][info ][safepoint   ] Safepoint "Cleanup", Time since last: 6057225126 ns, Reaching safepoint: 249333 ns, At safepoint: 39426 ns, Total: 288759 ns
[2023-07-17T19:07:31.074+0000][67][info ][safepoint   ] Safepoint "Cleanup", Time since last: 27004973084 ns, Reaching safepoint: 126784 ns, At safepoint: 6696 ns, Total: 133480 ns
[2023-07-17T19:07:34.077+0000][67][info ][safepoint   ] Safepoint "Cleanup", Time since last: 3002839283 ns, Reaching safepoint: 280230 ns, At safepoint: 27469 ns, Total: 307699 ns
[2023-07-17T19:07:37.619+0000][67][info ][safepoint   ] Safepoint "Cleanup", Time since last: 3541428457 ns, Reaching safepoint: 300673 ns, At safepoint: 17762 ns, Total: 318435 ns
[2023-07-17T19:07:39.146+0000][67][info ][safepoint   ] Safepoint "Cleanup", Time since last: 1527255534 ns, Reaching safepoint: 119675 ns, At safepoint: 6131 ns, Total: 125806 ns
[2023-07-17T19:07:40.213+0000][67][info ][safepoint   ] Safepoint "Cleanup", Time since last: 1066579397 ns, Reaching safepoint: 96963 ns, At safepoint: 7429 ns, Total: 104392 ns
[2023-07-17T19:07:42.140+0000][67][info ][safepoint   ] Safepoint "Cleanup", Time since last: 1926733892 ns, Reaching safepoint: 132213 ns, At safepoint: 8603 ns, Total: 140816 ns
[2023-07-17T19:07:58.066+0000][67][info ][safepoint   ] Safepoint "Cleanup", Time since last: 15925495776 ns, Reaching safepoint: 208485 ns, At safepoint: 59702 ns, Total: 268187 ns
[2023-07-17T19:08:01.711+0000][67][info ][safepoint   ] Safepoint "Cleanup", Time since last: 3645699206 ns, Reaching safepoint: 202622 ns, At safepoint: 8868 ns, Total: 211490 ns
[2023-07-17T19:08:04.905+0000][67][info ][safepoint   ] Safepoint "Cleanup", Time since last: 3193444274 ns, Reaching safepoint: 89619 ns, At safepoint: 4669 ns, Total: 94288 ns
[2023-07-17T19:08:06.262+0000][67][info ][safepoint   ] Safepoint "Cleanup", Time since last: 1356880281 ns, Reaching safepoint: 269617 ns, At safepoint: 15445 ns, Total: 285062 ns
[2023-07-17T19:08:07.504+0000][67][info ][safepoint   ] Safepoint "Cleanup", Time since last: 1241087316 ns, Reaching safepoint: 243009 ns, At safepoint: 4594 ns, Total: 247603 ns
[2023-07-17T19:08:10.073+0000][67][info ][safepoint   ] Safepoint "Cleanup", Time since last: 2569493552 ns, Reaching safepoint: 212995 ns, At safepoint: 39480 ns, Total: 252475 ns
[2023-07-17T19:08:12.107+0000][67][info ][safepoint   ] Safepoint "Cleanup", Time since last: 2033525693 ns, Reaching safepoint: 350746 ns, At safepoint: 46165 ns, Total: 396911 ns
[2023-07-17T19:08:13.163+0000][67][info ][safepoint   ] Safepoint "Cleanup", Time since last: 1068921874 ns, Reaching safepoint: 197892 ns, At safepoint: 27046 ns, Total: 224938 ns
[2023-07-17T19:08:17.130+0000][67][info ][safepoint   ] Safepoint "Cleanup", Time since last: 3966937742 ns, Reaching safepoint: 180798 ns, At safepoint: 12594 ns, Total: 193392 ns
[2023-07-17T19:08:19.198+0000][67][info ][safepoint   ] Safepoint "Cleanup", Time since last: 2066980412 ns, Reaching safepoint: 247047 ns, At safepoint: 4141 ns, Total: 251188 ns
[2023-07-17T19:08:29.150+0000][67][info ][safepoint   ] Safepoint "Cleanup", Time since last: 9952272399 ns, Reaching safepoint: 274880 ns, At safepoint: 47572 ns, Total: 322452 ns
[2023-07-17T19:08:34.532+0000][67][info ][safepoint   ] Safepoint "Cleanup", Time since last: 5381606776 ns, Reaching safepoint: 185446 ns, At safepoint: 50733 ns, Total: 236179 ns
[2023-07-17T19:08:36.982+0000][67][info ][safepoint   ] Safepoint "Cleanup", Time since last: 2449426722 ns, Reaching safepoint: 236077 ns, At safepoint: 37382 ns, Total: 273459 ns
[2023-07-17T19:08:44.166+0000][67][info ][safepoint   ] Safepoint "Cleanup", Time since last: 7191468157 ns, Reaching safepoint: 227563 ns, At safepoint: 3393 ns, Total: 230956 ns
