[2023-07-14T21:08:16.496+0000][66][info][gc,init] CardTable entry size: 512
[2023-07-14T21:08:16.497+0000][66][info][gc     ] Using G1
[2023-07-14T21:08:17.052+0000][66][info][gc,init] Version: 19.0.2+7-44 (release)
[2023-07-14T21:08:17.053+0000][66][info][gc,init] CPUs: 6 total, 6 available
[2023-07-14T21:08:17.054+0000][66][info][gc,init] Memory: 7859M
[2023-07-14T21:08:17.055+0000][66][info][gc,init] Large Page Support: Disabled
[2023-07-14T21:08:17.056+0000][66][info][gc,init] NUMA Support: Disabled
[2023-07-14T21:08:17.057+0000][66][info][gc,init] Compressed Oops: Enabled (Zero based)
[2023-07-14T21:08:17.059+0000][66][info][gc,init] Heap Region Size: 4M
[2023-07-14T21:08:17.060+0000][66][info][gc,init] Heap Min Capacity: 3932M
[2023-07-14T21:08:17.061+0000][66][info][gc,init] Heap Initial Capacity: 3932M
[2023-07-14T21:08:17.062+0000][66][info][gc,init] Heap Max Capacity: 3932M
[2023-07-14T21:08:17.063+0000][66][info][gc,init] Pre-touch: Enabled
[2023-07-14T21:08:17.064+0000][66][info][gc,init] Parallel Workers: 6
[2023-07-14T21:08:17.065+0000][66][info][gc,init] Concurrent Workers: 2
[2023-07-14T21:08:17.067+0000][66][info][gc,init] Concurrent Refinement Workers: 6
[2023-07-14T21:08:17.068+0000][66][info][gc,init] Periodic GC: Disabled
[2023-07-14T21:08:17.069+0000][66][info][gc,metaspace] CDS archive(s) mapped at: [0x0000000800000000-0x0000000800c4f000-0x0000000800c4f000), size 12906496, SharedBaseAddress: 0x0000000800000000, ArchiveRelocationMode: 0.
[2023-07-14T21:08:17.070+0000][66][info][gc,metaspace] Compressed class space mapped at: 0x0000000801000000-0x0000000841000000, reserved size: 1073741824
[2023-07-14T21:08:17.071+0000][66][info][gc,metaspace] Narrow klass base: 0x0000000800000000, Narrow klass shift: 0, Narrow klass range: 0x100000000
[2023-07-14T21:08:17.309+0000][66][info][safepoint   ] Safepoint "ICBufferFull", Time since last: 230898862 ns, Reaching safepoint: 194106 ns, At safepoint: 2003 ns, Total: 196109 ns
[2023-07-14T21:08:17.698+0000][66][info][safepoint   ] Safepoint "ICBufferFull", Time since last: 388945662 ns, Reaching safepoint: 196598 ns, At safepoint: 2013 ns, Total: 198611 ns
[2023-07-14T21:08:18.032+0000][66][info][safepoint   ] Safepoint "ICBufferFull", Time since last: 333407097 ns, Reaching safepoint: 194635 ns, At safepoint: 27053 ns, Total: 221688 ns
[2023-07-14T21:08:18.239+0000][66][info][safepoint   ] Safepoint "ICBufferFull", Time since last: 207095913 ns, Reaching safepoint: 252956 ns, At safepoint: 50878 ns, Total: 303834 ns
[2023-07-14T21:08:18.660+0000][66][info][safepoint   ] Safepoint "ICBufferFull", Time since last: 420291150 ns, Reaching safepoint: 222584 ns, At safepoint: 31515 ns, Total: 254099 ns
[2023-07-14T21:08:19.024+0000][66][info][gc,start    ] GC(0) Pause Young (Normal) (G1 Evacuation Pause)
[2023-07-14T21:08:19.025+0000][66][info][gc,task     ] GC(0) Using 6 workers of 6 for evacuation
[2023-07-14T21:08:19.026+0000][66][debug][gc,age      ] GC(0) Desired survivor size 14680064 bytes, new threshold 15 (max threshold 15)
[2023-07-14T21:08:19.034+0000][66][info ][gc,phases   ] GC(0)   Pre Evacuate Collection Set: 0.3ms
[2023-07-14T21:08:19.035+0000][66][info ][gc,phases   ] GC(0)   Merge Heap Roots: 1.0ms
[2023-07-14T21:08:19.036+0000][66][info ][gc,phases   ] GC(0)   Evacuate Collection Set: 3.9ms
[2023-07-14T21:08:19.036+0000][66][info ][gc,phases   ] GC(0)   Post Evacuate Collection Set: 2.1ms
[2023-07-14T21:08:19.037+0000][66][info ][gc,phases   ] GC(0)   Other: 2.1ms
[2023-07-14T21:08:19.038+0000][66][trace][gc,age      ] GC(0) Age table with threshold 15 (max threshold 15)
[2023-07-14T21:08:19.039+0000][66][trace][gc,age      ] GC(0) - age   1:   10926824 bytes,   10926824 total
[2023-07-14T21:08:19.039+0000][66][info ][gc,heap     ] GC(0) Eden regions: 49->0(46)
[2023-07-14T21:08:19.040+0000][66][info ][gc,heap     ] GC(0) Survivor regions: 0->3(7)
[2023-07-14T21:08:19.041+0000][66][info ][gc,heap     ] GC(0) Old regions: 0->0
[2023-07-14T21:08:19.042+0000][66][info ][gc,heap     ] GC(0) Archive regions: 2->2
[2023-07-14T21:08:19.042+0000][66][info ][gc,heap     ] GC(0) Humongous regions: 0->0
[2023-07-14T21:08:19.044+0000][66][info ][gc,metaspace] GC(0) Metaspace: 17781K(18304K)->17781K(18304K) NonClass: 15790K(16064K)->15790K(16064K) Class: 1991K(2240K)->1991K(2240K)
[2023-07-14T21:08:19.045+0000][66][info ][gc          ] GC(0) Pause Young (Normal) (G1 Evacuation Pause) 199M->14M(3932M) 21.116ms
[2023-07-14T21:08:19.045+0000][66][info ][gc,cpu      ] GC(0) User=0.01s Sys=0.01s Real=0.03s
[2023-07-14T21:08:19.046+0000][66][info ][safepoint   ] Safepoint "G1CollectForAllocation", Time since last: 363830105 ns, Reaching safepoint: 178517 ns, At safepoint: 22468027 ns, Total: 22646544 ns
[2023-07-14T21:08:19.319+0000][66][info ][gc,start    ] GC(1) Pause Young (Concurrent Start) (Metadata GC Threshold)
[2023-07-14T21:08:19.320+0000][66][info ][gc,task     ] GC(1) Using 6 workers of 6 for evacuation
[2023-07-14T21:08:19.321+0000][66][debug][gc,age      ] GC(1) Desired survivor size 14680064 bytes, new threshold 15 (max threshold 15)
[2023-07-14T21:08:19.329+0000][66][info ][gc,phases   ] GC(1)   Pre Evacuate Collection Set: 0.3ms
[2023-07-14T21:08:19.330+0000][66][info ][gc,phases   ] GC(1)   Merge Heap Roots: 0.1ms
[2023-07-14T21:08:19.331+0000][66][info ][gc,phases   ] GC(1)   Evacuate Collection Set: 6.5ms
[2023-07-14T21:08:19.332+0000][66][info ][gc,phases   ] GC(1)   Post Evacuate Collection Set: 0.8ms
[2023-07-14T21:08:19.333+0000][66][info ][gc,phases   ] GC(1)   Other: 1.7ms
[2023-07-14T21:08:19.333+0000][66][trace][gc,age      ] GC(1) Age table with threshold 15 (max threshold 15)
[2023-07-14T21:08:19.334+0000][66][trace][gc,age      ] GC(1) - age   1:    1091504 bytes,    1091504 total
[2023-07-14T21:08:19.335+0000][66][trace][gc,age      ] GC(1) - age   2:    9745416 bytes,   10836920 total
[2023-07-14T21:08:19.335+0000][66][info ][gc,heap     ] GC(1) Eden regions: 15->0(46)
[2023-07-14T21:08:19.336+0000][66][info ][gc,heap     ] GC(1) Survivor regions: 3->3(7)
[2023-07-14T21:08:19.337+0000][66][info ][gc,heap     ] GC(1) Old regions: 0->0
[2023-07-14T21:08:19.338+0000][66][info ][gc,heap     ] GC(1) Archive regions: 2->2
[2023-07-14T21:08:19.338+0000][66][info ][gc,heap     ] GC(1) Humongous regions: 0->0
[2023-07-14T21:08:19.339+0000][66][info ][gc,metaspace] GC(1) Metaspace: 21029K(21504K)->21029K(21504K) NonClass: 18714K(18944K)->18714K(18944K) Class: 2314K(2560K)->2314K(2560K)
[2023-07-14T21:08:19.340+0000][66][info ][gc          ] GC(1) Pause Young (Concurrent Start) (Metadata GC Threshold) 74M->15M(3932M) 21.031ms
[2023-07-14T21:08:19.341+0000][66][info ][gc,cpu      ] GC(1) User=0.02s Sys=0.00s Real=0.02s
[2023-07-14T21:08:19.341+0000][66][info ][gc          ] GC(2) Concurrent Mark Cycle
[2023-07-14T21:08:19.342+0000][66][info ][gc,marking  ] GC(2) Concurrent Clear Claimed Marks
[2023-07-14T21:08:19.343+0000][66][info ][gc,marking  ] GC(2) Concurrent Clear Claimed Marks 0.796ms
[2023-07-14T21:08:19.344+0000][66][info ][gc,marking  ] GC(2) Concurrent Scan Root Regions
[2023-07-14T21:08:19.341+0000][66][info ][safepoint   ] Safepoint "CollectForMetadataAllocation", Time since last: 272577389 ns, Reaching safepoint: 161411 ns, At safepoint: 22621949 ns, Total: 22783360 ns
[2023-07-14T21:08:19.347+0000][66][info ][gc,marking  ] GC(2) Concurrent Scan Root Regions 3.208ms
[2023-07-14T21:08:19.347+0000][66][info ][gc,marking  ] GC(2) Concurrent Mark
[2023-07-14T21:08:19.348+0000][66][info ][gc,marking  ] GC(2) Concurrent Mark From Roots
[2023-07-14T21:08:19.349+0000][66][info ][gc,task     ] GC(2) Using 2 workers of 2 for marking
[2023-07-14T21:08:19.352+0000][66][info ][gc,marking  ] GC(2) Concurrent Mark From Roots 3.986ms
[2023-07-14T21:08:19.353+0000][66][info ][gc,marking  ] GC(2) Concurrent Preclean
[2023-07-14T21:08:19.354+0000][66][info ][gc,marking  ] GC(2) Concurrent Preclean 0.800ms
[2023-07-14T21:08:19.355+0000][66][info ][gc,start    ] GC(2) Pause Remark
[2023-07-14T21:08:19.358+0000][66][info ][gc          ] GC(2) Pause Remark 18M->18M(3932M) 3.561ms
[2023-07-14T21:08:19.359+0000][66][info ][gc,cpu      ] GC(2) User=0.00s Sys=0.01s Real=0.01s
[2023-07-14T21:08:19.362+0000][66][info ][safepoint   ] Safepoint "G1PauseRemark", Time since last: 13272935 ns, Reaching safepoint: 229414 ns, At safepoint: 6838642 ns, Total: 7068056 ns
[2023-07-14T21:08:19.362+0000][66][info ][gc,marking  ] GC(2) Concurrent Mark 15.031ms
[2023-07-14T21:08:19.363+0000][66][info ][gc,marking  ] GC(2) Concurrent Rebuild Remembered Sets
[2023-07-14T21:08:19.364+0000][66][info ][gc,marking  ] GC(2) Concurrent Rebuild Remembered Sets 0.549ms
[2023-07-14T21:08:19.365+0000][66][info ][gc,start    ] GC(2) Pause Cleanup
[2023-07-14T21:08:19.365+0000][66][info ][gc          ] GC(2) Pause Cleanup 18M->18M(3932M) 0.642ms
[2023-07-14T21:08:19.366+0000][66][info ][gc,cpu      ] GC(2) User=0.00s Sys=0.00s Real=0.01s
[2023-07-14T21:08:19.367+0000][66][info ][safepoint   ] Safepoint "G1PauseCleanup", Time since last: 2689633 ns, Reaching safepoint: 325200 ns, At safepoint: 2110167 ns, Total: 2435367 ns
[2023-07-14T21:08:19.368+0000][66][info ][gc,marking  ] GC(2) Concurrent Cleanup for Next Mark
[2023-07-14T21:08:19.372+0000][66][info ][gc,marking  ] GC(2) Concurrent Cleanup for Next Mark 3.996ms
[2023-07-14T21:08:19.373+0000][66][info ][gc          ] GC(2) Concurrent Mark Cycle 31.873ms
[2023-07-14T21:08:19.723+0000][66][info ][safepoint   ] Safepoint "ICBufferFull", Time since last: 355672571 ns, Reaching safepoint: 220068 ns, At safepoint: 3684 ns, Total: 223752 ns
[2023-07-14T21:08:19.978+0000][66][info ][gc,start    ] GC(3) Pause Young (Normal) (G1 Evacuation Pause)
[2023-07-14T21:08:19.979+0000][66][info ][gc,task     ] GC(3) Using 6 workers of 6 for evacuation
[2023-07-14T21:08:19.980+0000][66][debug][gc,age      ] GC(3) Desired survivor size 14680064 bytes, new threshold 15 (max threshold 15)
[2023-07-14T21:08:19.990+0000][66][info ][gc,phases   ] GC(3)   Pre Evacuate Collection Set: 0.2ms
[2023-07-14T21:08:19.991+0000][66][info ][gc,phases   ] GC(3)   Merge Heap Roots: 0.2ms
[2023-07-14T21:08:19.992+0000][66][info ][gc,phases   ] GC(3)   Evacuate Collection Set: 6.7ms
[2023-07-14T21:08:19.992+0000][66][info ][gc,phases   ] GC(3)   Post Evacuate Collection Set: 1.5ms
[2023-07-14T21:08:19.993+0000][66][info ][gc,phases   ] GC(3)   Other: 2.1ms
[2023-07-14T21:08:19.994+0000][66][trace][gc,age      ] GC(3) Age table with threshold 15 (max threshold 15)
[2023-07-14T21:08:19.995+0000][66][trace][gc,age      ] GC(3) - age   1:    6722160 bytes,    6722160 total
[2023-07-14T21:08:19.996+0000][66][trace][gc,age      ] GC(3) - age   2:    1062760 bytes,    7784920 total
[2023-07-14T21:08:19.997+0000][66][trace][gc,age      ] GC(3) - age   3:    9737544 bytes,   17522464 total
[2023-07-14T21:08:19.997+0000][66][info ][gc,heap     ] GC(3) Eden regions: 46->0(81)
[2023-07-14T21:08:19.998+0000][66][info ][gc,heap     ] GC(3) Survivor regions: 3->5(7)
[2023-07-14T21:08:19.999+0000][66][info ][gc,heap     ] GC(3) Old regions: 0->0
[2023-07-14T21:08:20.000+0000][66][info ][gc,heap     ] GC(3) Archive regions: 2->2
[2023-07-14T21:08:20.001+0000][66][info ][gc,heap     ] GC(3) Humongous regions: 0->0
[2023-07-14T21:08:20.001+0000][66][info ][gc,metaspace] GC(3) Metaspace: 25478K(26112K)->25478K(26112K) NonClass: 22559K(22912K)->22559K(22912K) Class: 2918K(3200K)->2918K(3200K)
[2023-07-14T21:08:20.002+0000][66][info ][gc          ] GC(3) Pause Young (Normal) (G1 Evacuation Pause) 199M->21M(3932M) 24.636ms
[2023-07-14T21:08:20.003+0000][66][info ][gc,cpu      ] GC(3) User=0.04s Sys=0.00s Real=0.02s
[2023-07-14T21:08:20.004+0000][66][info ][safepoint   ] Safepoint "G1CollectForAllocation", Time since last: 254781832 ns, Reaching safepoint: 239757 ns, At safepoint: 26247672 ns, Total: 26487429 ns
[2023-07-14T21:08:20.506+0000][66][info ][safepoint   ] Safepoint "ICBufferFull", Time since last: 502003841 ns, Reaching safepoint: 229031 ns, At safepoint: 41207 ns, Total: 270238 ns
[2023-07-14T21:08:20.792+0000][66][info ][gc,start    ] GC(4) Pause Young (Normal) (G1 Evacuation Pause)
[2023-07-14T21:08:20.793+0000][66][info ][gc,task     ] GC(4) Using 6 workers of 6 for evacuation
[2023-07-14T21:08:20.794+0000][66][debug][gc,age      ] GC(4) Desired survivor size 23068672 bytes, new threshold 15 (max threshold 15)
[2023-07-14T21:08:20.805+0000][66][info ][gc,phases   ] GC(4)   Pre Evacuate Collection Set: 0.4ms
[2023-07-14T21:08:20.806+0000][66][info ][gc,phases   ] GC(4)   Merge Heap Roots: 0.2ms
[2023-07-14T21:08:20.807+0000][66][info ][gc,phases   ] GC(4)   Evacuate Collection Set: 7.4ms
[2023-07-14T21:08:20.808+0000][66][info ][gc,phases   ] GC(4)   Post Evacuate Collection Set: 1.7ms
[2023-07-14T21:08:20.808+0000][66][info ][gc,phases   ] GC(4)   Other: 2.2ms
[2023-07-14T21:08:20.810+0000][66][trace][gc,age      ] GC(4) Age table with threshold 15 (max threshold 15)
[2023-07-14T21:08:20.810+0000][66][trace][gc,age      ] GC(4) - age   1:    6064184 bytes,    6064184 total
[2023-07-14T21:08:20.811+0000][66][trace][gc,age      ] GC(4) - age   2:    5200864 bytes,   11265048 total
[2023-07-14T21:08:20.812+0000][66][trace][gc,age      ] GC(4) - age   3:    1062424 bytes,   12327472 total
[2023-07-14T21:08:20.813+0000][66][trace][gc,age      ] GC(4) - age   4:    9733368 bytes,   22060840 total
[2023-07-14T21:08:20.814+0000][66][info ][gc,heap     ] GC(4) Eden regions: 81->0(160)
[2023-07-14T21:08:20.815+0000][66][info ][gc,heap     ] GC(4) Survivor regions: 5->6(11)
[2023-07-14T21:08:20.816+0000][66][info ][gc,heap     ] GC(4) Old regions: 0->0
[2023-07-14T21:08:20.816+0000][66][info ][gc,heap     ] GC(4) Archive regions: 2->2
[2023-07-14T21:08:20.817+0000][66][info ][gc,heap     ] GC(4) Humongous regions: 0->0
[2023-07-14T21:08:20.818+0000][66][info ][gc,metaspace] GC(4) Metaspace: 31377K(32064K)->31377K(32064K) NonClass: 27814K(28160K)->27814K(28160K) Class: 3563K(3904K)->3563K(3904K)
[2023-07-14T21:08:20.818+0000][66][info ][gc          ] GC(4) Pause Young (Normal) (G1 Evacuation Pause) 345M->27M(3932M) 26.440ms
[2023-07-14T21:08:20.819+0000][66][info ][gc,cpu      ] GC(4) User=0.05s Sys=0.00s Real=0.03s
[2023-07-14T21:08:20.820+0000][66][info ][safepoint   ] Safepoint "G1CollectForAllocation", Time since last: 285418048 ns, Reaching safepoint: 248594 ns, At safepoint: 28051432 ns, Total: 28300026 ns
[2023-07-14T21:08:21.628+0000][66][info ][safepoint   ] Safepoint "ICBufferFull", Time since last: 807853171 ns, Reaching safepoint: 269895 ns, At safepoint: 3793 ns, Total: 273688 ns
[2023-07-14T21:08:21.855+0000][66][info ][gc,start    ] GC(5) Pause Young (Normal) (G1 Evacuation Pause)
[2023-07-14T21:08:21.856+0000][66][info ][gc,task     ] GC(5) Using 6 workers of 6 for evacuation
[2023-07-14T21:08:21.857+0000][66][debug][gc,age      ] GC(5) Desired survivor size 44040192 bytes, new threshold 15 (max threshold 15)
[2023-07-14T21:08:21.871+0000][66][info ][gc,phases   ] GC(5)   Pre Evacuate Collection Set: 0.3ms
[2023-07-14T21:08:21.872+0000][66][info ][gc,phases   ] GC(5)   Merge Heap Roots: 0.1ms
[2023-07-14T21:08:21.873+0000][66][info ][gc,phases   ] GC(5)   Evacuate Collection Set: 10.1ms
[2023-07-14T21:08:21.874+0000][66][info ][gc,phases   ] GC(5)   Post Evacuate Collection Set: 2.2ms
[2023-07-14T21:08:21.875+0000][66][info ][gc,phases   ] GC(5)   Other: 1.9ms
[2023-07-14T21:08:21.876+0000][66][trace][gc,age      ] GC(5) Age table with threshold 15 (max threshold 15)
[2023-07-14T21:08:21.877+0000][66][trace][gc,age      ] GC(5) - age   1:    8190552 bytes,    8190552 total
[2023-07-14T21:08:21.878+0000][66][trace][gc,age      ] GC(5) - age   2:    5363680 bytes,   13554232 total
[2023-07-14T21:08:21.878+0000][66][trace][gc,age      ] GC(5) - age   3:    5196304 bytes,   18750536 total
[2023-07-14T21:08:21.879+0000][66][trace][gc,age      ] GC(5) - age   4:    1060728 bytes,   19811264 total
[2023-07-14T21:08:21.880+0000][66][trace][gc,age      ] GC(5) - age   5:    9698536 bytes,   29509800 total
[2023-07-14T21:08:21.881+0000][66][info ][gc,heap     ] GC(5) Eden regions: 160->0(581)
[2023-07-14T21:08:21.881+0000][66][info ][gc,heap     ] GC(5) Survivor regions: 6->8(21)
[2023-07-14T21:08:21.882+0000][66][info ][gc,heap     ] GC(5) Old regions: 0->0
[2023-07-14T21:08:21.883+0000][66][info ][gc,heap     ] GC(5) Archive regions: 2->2
[2023-07-14T21:08:21.885+0000][66][info ][gc,heap     ] GC(5) Humongous regions: 0->0
[2023-07-14T21:08:21.885+0000][66][info ][gc,metaspace] GC(5) Metaspace: 34024K(34880K)->34024K(34880K) NonClass: 30120K(30656K)->30120K(30656K) Class: 3904K(4224K)->3904K(4224K)
[2023-07-14T21:08:21.886+0000][66][info ][gc          ] GC(5) Pause Young (Normal) (G1 Evacuation Pause) 667M->34M(3932M) 30.989ms
[2023-07-14T21:08:21.887+0000][66][info ][gc,cpu      ] GC(5) User=0.04s Sys=0.00s Real=0.04s
[2023-07-14T21:08:21.887+0000][66][info ][safepoint   ] Safepoint "G1CollectForAllocation", Time since last: 226647055 ns, Reaching safepoint: 133848 ns, At safepoint: 32393248 ns, Total: 32527096 ns
[2023-07-14T21:08:22.075+0000][66][info ][gc,start    ] GC(6) Pause Young (Concurrent Start) (Metadata GC Threshold)
[2023-07-14T21:08:22.076+0000][66][info ][gc,task     ] GC(6) Using 6 workers of 6 for evacuation
[2023-07-14T21:08:22.077+0000][66][debug][gc,age      ] GC(6) Desired survivor size 155189248 bytes, new threshold 15 (max threshold 15)
[2023-07-14T21:08:22.093+0000][66][info ][gc,phases   ] GC(6)   Pre Evacuate Collection Set: 0.4ms
[2023-07-14T21:08:22.094+0000][66][info ][gc,phases   ] GC(6)   Merge Heap Roots: 0.2ms
[2023-07-14T21:08:22.094+0000][66][info ][gc,phases   ] GC(6)   Evacuate Collection Set: 12.5ms
[2023-07-14T21:08:22.095+0000][66][info ][gc,phases   ] GC(6)   Post Evacuate Collection Set: 1.8ms
[2023-07-14T21:08:22.096+0000][66][info ][gc,phases   ] GC(6)   Other: 1.7ms
[2023-07-14T21:08:22.097+0000][66][trace][gc,age      ] GC(6) Age table with threshold 15 (max threshold 15)
[2023-07-14T21:08:22.097+0000][66][trace][gc,age      ] GC(6) - age   1:     827128 bytes,     827128 total
[2023-07-14T21:08:22.098+0000][66][trace][gc,age      ] GC(6) - age   2:    8138704 bytes,    8965832 total
[2023-07-14T21:08:22.099+0000][66][trace][gc,age      ] GC(6) - age   3:    5348112 bytes,   14313944 total
[2023-07-14T21:08:22.100+0000][66][trace][gc,age      ] GC(6) - age   4:    5185600 bytes,   19499544 total
[2023-07-14T21:08:22.101+0000][66][trace][gc,age      ] GC(6) - age   5:    1059000 bytes,   20558544 total
[2023-07-14T21:08:22.102+0000][66][trace][gc,age      ] GC(6) - age   6:    9579584 bytes,   30138128 total
[2023-07-14T21:08:22.102+0000][66][info ][gc,heap     ] GC(6) Eden regions: 5->0(170)
[2023-07-14T21:08:22.103+0000][66][info ][gc,heap     ] GC(6) Survivor regions: 8->8(74)
[2023-07-14T21:08:22.104+0000][66][info ][gc,heap     ] GC(6) Old regions: 0->0
[2023-07-14T21:08:22.104+0000][66][info ][gc,heap     ] GC(6) Archive regions: 2->2
[2023-07-14T21:08:22.105+0000][66][info ][gc,heap     ] GC(6) Humongous regions: 0->0
[2023-07-14T21:08:22.105+0000][66][info ][gc,metaspace] GC(6) Metaspace: 35457K(36288K)->35457K(36288K) NonClass: 31376K(31872K)->31376K(31872K) Class: 4080K(4416K)->4080K(4416K)
[2023-07-14T21:08:22.106+0000][66][info ][gc          ] GC(6) Pause Young (Concurrent Start) (Metadata GC Threshold) 52M->35M(3932M) 31.216ms
[2023-07-14T21:08:22.107+0000][66][info ][gc,cpu      ] GC(6) User=0.04s Sys=0.00s Real=0.04s
[2023-07-14T21:08:22.107+0000][66][info ][gc          ] GC(7) Concurrent Mark Cycle
[2023-07-14T21:08:22.108+0000][66][info ][gc,marking  ] GC(7) Concurrent Clear Claimed Marks
[2023-07-14T21:08:22.108+0000][66][info ][safepoint   ] Safepoint "CollectForMetadataAllocation", Time since last: 187445612 ns, Reaching safepoint: 110844 ns, At safepoint: 32718622 ns, Total: 32829466 ns
[2023-07-14T21:08:22.109+0000][66][info ][gc,marking  ] GC(7) Concurrent Clear Claimed Marks 0.707ms
[2023-07-14T21:08:22.110+0000][66][info ][gc,marking  ] GC(7) Concurrent Scan Root Regions
[2023-07-14T21:08:22.115+0000][66][info ][gc,marking  ] GC(7) Concurrent Scan Root Regions 4.771ms
[2023-07-14T21:08:22.116+0000][66][info ][gc,marking  ] GC(7) Concurrent Mark
[2023-07-14T21:08:22.117+0000][66][info ][gc,marking  ] GC(7) Concurrent Mark From Roots
[2023-07-14T21:08:22.117+0000][66][info ][gc,task     ] GC(7) Using 2 workers of 2 for marking
[2023-07-14T21:08:22.119+0000][66][info ][gc,marking  ] GC(7) Concurrent Mark From Roots 2.605ms
[2023-07-14T21:08:22.121+0000][66][info ][gc,marking  ] GC(7) Concurrent Preclean
[2023-07-14T21:08:22.122+0000][66][info ][gc,marking  ] GC(7) Concurrent Preclean 0.727ms
[2023-07-14T21:08:22.123+0000][66][info ][gc,start    ] GC(7) Pause Remark
[2023-07-14T21:08:22.127+0000][66][info ][gc          ] GC(7) Pause Remark 39M->39M(3932M) 4.393ms
[2023-07-14T21:08:22.128+0000][66][info ][gc,cpu      ] GC(7) User=0.02s Sys=0.00s Real=0.01s
[2023-07-14T21:08:22.129+0000][66][info ][safepoint   ] Safepoint "G1PauseRemark", Time since last: 14754706 ns, Reaching safepoint: 447705 ns, At safepoint: 6039723 ns, Total: 6487428 ns
[2023-07-14T21:08:22.130+0000][66][info ][gc,marking  ] GC(7) Concurrent Mark 13.873ms
[2023-07-14T21:08:22.130+0000][66][info ][gc,marking  ] GC(7) Concurrent Rebuild Remembered Sets
[2023-07-14T21:08:22.131+0000][66][info ][gc,marking  ] GC(7) Concurrent Rebuild Remembered Sets 0.661ms
[2023-07-14T21:08:22.132+0000][66][info ][gc,start    ] GC(7) Pause Cleanup
[2023-07-14T21:08:22.133+0000][66][info ][gc          ] GC(7) Pause Cleanup 39M->39M(3932M) 0.839ms
[2023-07-14T21:08:22.133+0000][66][info ][gc,cpu      ] GC(7) User=0.00s Sys=0.00s Real=0.00s
[2023-07-14T21:08:22.134+0000][66][info ][safepoint   ] Safepoint "G1PauseCleanup", Time since last: 2869218 ns, Reaching safepoint: 213931 ns, At safepoint: 2226408 ns, Total: 2440339 ns
[2023-07-14T21:08:22.135+0000][66][info ][gc,marking  ] GC(7) Concurrent Cleanup for Next Mark
[2023-07-14T21:08:22.140+0000][66][info ][gc,marking  ] GC(7) Concurrent Cleanup for Next Mark 4.961ms
[2023-07-14T21:08:22.141+0000][66][info ][gc          ] GC(7) Concurrent Mark Cycle 34.320ms
[2023-07-14T21:08:22.707+0000][66][info ][safepoint   ] Safepoint "ICBufferFull", Time since last: 572731067 ns, Reaching safepoint: 288307 ns, At safepoint: 52446 ns, Total: 340753 ns
[2023-07-14T21:08:23.122+0000][66][info ][safepoint   ] Safepoint "ICBufferFull", Time since last: 414714631 ns, Reaching safepoint: 192779 ns, At safepoint: 3225 ns, Total: 196004 ns
[2023-07-14T21:08:24.221+0000][66][info ][safepoint   ] Safepoint "Cleanup", Time since last: 1098951025 ns, Reaching safepoint: 245530 ns, At safepoint: 65146 ns, Total: 310676 ns
[2023-07-14T21:08:25.223+0000][66][info ][safepoint   ] Safepoint "Cleanup", Time since last: 1001336881 ns, Reaching safepoint: 254945 ns, At safepoint: 4664 ns, Total: 259609 ns
[2023-07-14T21:08:25.567+0000][66][info ][safepoint   ] Safepoint "ICBufferFull", Time since last: 343309215 ns, Reaching safepoint: 540205 ns, At safepoint: 91562 ns, Total: 631767 ns
[2023-07-14T21:08:26.089+0000][66][info ][gc,start    ] GC(8) Pause Young (Concurrent Start) (Metadata GC Threshold)
[2023-07-14T21:08:26.090+0000][66][info ][gc,task     ] GC(8) Using 6 workers of 6 for evacuation
[2023-07-14T21:08:26.091+0000][66][debug][gc,age      ] GC(8) Desired survivor size 48234496 bytes, new threshold 15 (max threshold 15)
[2023-07-14T21:08:26.123+0000][66][info ][gc,phases   ] GC(8)   Pre Evacuate Collection Set: 0.3ms
[2023-07-14T21:08:26.125+0000][66][info ][gc,phases   ] GC(8)   Merge Heap Roots: 0.2ms
[2023-07-14T21:08:26.125+0000][66][info ][gc,phases   ] GC(8)   Evacuate Collection Set: 25.2ms
[2023-07-14T21:08:26.126+0000][66][info ][gc,phases   ] GC(8)   Post Evacuate Collection Set: 5.3ms
[2023-07-14T21:08:26.127+0000][66][info ][gc,phases   ] GC(8)   Other: 2.3ms
[2023-07-14T21:08:26.128+0000][66][trace][gc,age      ] GC(8) Age table with threshold 15 (max threshold 15)
[2023-07-14T21:08:26.129+0000][66][trace][gc,age      ] GC(8) - age   1:   25005248 bytes,   25005248 total
[2023-07-14T21:08:26.130+0000][66][trace][gc,age      ] GC(8) - age   2:     750288 bytes,   25755536 total
[2023-07-14T21:08:26.131+0000][66][trace][gc,age      ] GC(8) - age   3:    8105680 bytes,   33861216 total
[2023-07-14T21:08:26.132+0000][66][trace][gc,age      ] GC(8) - age   4:    5333912 bytes,   39195128 total
[2023-07-14T21:08:26.133+0000][66][trace][gc,age      ] GC(8) - age   5:    5156776 bytes,   44351904 total
[2023-07-14T21:08:26.134+0000][66][trace][gc,age      ] GC(8) - age   6:    1054568 bytes,   45406472 total
[2023-07-14T21:08:26.136+0000][66][trace][gc,age      ] GC(8) - age   7:    9510896 bytes,   54917368 total
[2023-07-14T21:08:26.138+0000][66][info ][gc,heap     ] GC(8) Eden regions: 113->0(267)
[2023-07-14T21:08:26.139+0000][66][info ][gc,heap     ] GC(8) Survivor regions: 8->14(23)
[2023-07-14T21:08:26.139+0000][66][info ][gc,heap     ] GC(8) Old regions: 0->0
[2023-07-14T21:08:26.140+0000][66][info ][gc,heap     ] GC(8) Archive regions: 2->2
[2023-07-14T21:08:26.141+0000][66][info ][gc,heap     ] GC(8) Humongous regions: 0->0
[2023-07-14T21:08:26.142+0000][66][info ][gc,metaspace] GC(8) Metaspace: 59478K(60928K)->59478K(60928K) NonClass: 52103K(52928K)->52103K(52928K) Class: 7374K(8000K)->7374K(8000K)
[2023-07-14T21:08:26.143+0000][66][info ][gc          ] GC(8) Pause Young (Concurrent Start) (Metadata GC Threshold) 487M->59M(3932M) 54.183ms
[2023-07-14T21:08:26.144+0000][66][info ][gc,cpu      ] GC(8) User=0.12s Sys=0.00s Real=0.05s
[2023-07-14T21:08:26.144+0000][66][info ][gc          ] GC(9) Concurrent Mark Cycle
[2023-07-14T21:08:26.145+0000][66][info ][gc,marking  ] GC(9) Concurrent Clear Claimed Marks
[2023-07-14T21:08:26.145+0000][66][info ][safepoint   ] Safepoint "CollectForMetadataAllocation", Time since last: 521468501 ns, Reaching safepoint: 174500 ns, At safepoint: 56155122 ns, Total: 56329622 ns
[2023-07-14T21:08:26.147+0000][66][info ][gc,marking  ] GC(9) Concurrent Clear Claimed Marks 1.113ms
[2023-07-14T21:08:26.148+0000][66][info ][gc,marking  ] GC(9) Concurrent Scan Root Regions
[2023-07-14T21:08:26.165+0000][66][info ][gc,marking  ] GC(9) Concurrent Scan Root Regions 16.421ms
[2023-07-14T21:08:26.166+0000][66][info ][gc,marking  ] GC(9) Concurrent Mark
[2023-07-14T21:08:26.167+0000][66][info ][gc,marking  ] GC(9) Concurrent Mark From Roots
[2023-07-14T21:08:26.169+0000][66][info ][gc,task     ] GC(9) Using 2 workers of 2 for marking
[2023-07-14T21:08:26.172+0000][66][info ][gc,marking  ] GC(9) Concurrent Mark From Roots 4.371ms
[2023-07-14T21:08:26.173+0000][66][info ][gc,marking  ] GC(9) Concurrent Preclean
[2023-07-14T21:08:26.174+0000][66][info ][gc,marking  ] GC(9) Concurrent Preclean 1.204ms
[2023-07-14T21:08:26.175+0000][66][info ][gc,start    ] GC(9) Pause Remark
[2023-07-14T21:08:26.180+0000][66][info ][gc          ] GC(9) Pause Remark 63M->63M(3932M) 4.773ms
[2023-07-14T21:08:26.181+0000][66][info ][gc,cpu      ] GC(9) User=0.01s Sys=0.00s Real=0.00s
[2023-07-14T21:08:26.183+0000][66][info ][safepoint   ] Safepoint "G1PauseRemark", Time since last: 30212633 ns, Reaching safepoint: 480263 ns, At safepoint: 7201973 ns, Total: 7682236 ns
[2023-07-14T21:08:26.184+0000][66][info ][gc,marking  ] GC(9) Concurrent Mark 18.082ms
[2023-07-14T21:08:26.185+0000][66][info ][gc,marking  ] GC(9) Concurrent Rebuild Remembered Sets
[2023-07-14T21:08:26.186+0000][66][info ][gc,marking  ] GC(9) Concurrent Rebuild Remembered Sets 0.905ms
[2023-07-14T21:08:26.187+0000][66][info ][gc,start    ] GC(9) Pause Cleanup
[2023-07-14T21:08:26.188+0000][66][info ][gc          ] GC(9) Pause Cleanup 65M->65M(3932M) 0.851ms
[2023-07-14T21:08:26.189+0000][66][info ][gc,cpu      ] GC(9) User=0.00s Sys=0.00s Real=0.00s
[2023-07-14T21:08:26.190+0000][66][info ][safepoint   ] Safepoint "G1PauseCleanup", Time since last: 4293036 ns, Reaching safepoint: 518732 ns, At safepoint: 2586627 ns, Total: 3105359 ns
[2023-07-14T21:08:26.191+0000][66][info ][gc,marking  ] GC(9) Concurrent Cleanup for Next Mark
[2023-07-14T21:08:26.195+0000][66][info ][gc,marking  ] GC(9) Concurrent Cleanup for Next Mark 4.437ms
[2023-07-14T21:08:26.197+0000][66][info ][gc          ] GC(9) Concurrent Mark Cycle 52.821ms
[2023-07-14T21:08:27.191+0000][66][info ][safepoint   ] Safepoint "Cleanup", Time since last: 1001033694 ns, Reaching safepoint: 299720 ns, At safepoint: 50852 ns, Total: 350572 ns
[2023-07-14T21:08:28.201+0000][66][info ][safepoint   ] Safepoint "Cleanup", Time since last: 1008443279 ns, Reaching safepoint: 975390 ns, At safepoint: 112351 ns, Total: 1087741 ns
[2023-07-14T21:08:29.246+0000][66][info ][safepoint   ] Safepoint "Cleanup", Time since last: 1044398797 ns, Reaching safepoint: 461976 ns, At safepoint: 64881 ns, Total: 526857 ns
[2023-07-14T21:08:29.618+0000][66][info ][safepoint   ] Safepoint "ICBufferFull", Time since last: 371764157 ns, Reaching safepoint: 360606 ns, At safepoint: 4463 ns, Total: 365069 ns
[2023-07-14T21:08:29.802+0000][66][info ][gc,start    ] GC(10) Pause Young (Concurrent Start) (Metadata GC Threshold)
[2023-07-14T21:08:29.804+0000][66][info ][gc,task     ] GC(10) Using 6 workers of 6 for evacuation
[2023-07-14T21:08:29.805+0000][66][debug][gc,age      ] GC(10) Desired survivor size 75497472 bytes, new threshold 15 (max threshold 15)
[2023-07-14T21:08:29.840+0000][66][info ][gc,phases   ] GC(10)   Pre Evacuate Collection Set: 0.5ms
[2023-07-14T21:08:29.841+0000][66][info ][gc,phases   ] GC(10)   Merge Heap Roots: 0.3ms
[2023-07-14T21:08:29.842+0000][66][info ][gc,phases   ] GC(10)   Evacuate Collection Set: 29.2ms
[2023-07-14T21:08:29.843+0000][66][info ][gc,phases   ] GC(10)   Post Evacuate Collection Set: 4.5ms
[2023-07-14T21:08:29.844+0000][66][info ][gc,phases   ] GC(10)   Other: 2.0ms
[2023-07-14T21:08:29.845+0000][66][trace][gc,age      ] GC(10) Age table with threshold 15 (max threshold 15)
[2023-07-14T21:08:29.846+0000][66][trace][gc,age      ] GC(10) - age   1:   16202080 bytes,   16202080 total
[2023-07-14T21:08:29.847+0000][66][trace][gc,age      ] GC(10) - age   2:   24470224 bytes,   40672304 total
[2023-07-14T21:08:29.848+0000][66][trace][gc,age      ] GC(10) - age   3:     743704 bytes,   41416008 total
[2023-07-14T21:08:29.849+0000][66][trace][gc,age      ] GC(10) - age   4:    8047464 bytes,   49463472 total
[2023-07-14T21:08:29.850+0000][66][trace][gc,age      ] GC(10) - age   5:    5307400 bytes,   54770872 total
[2023-07-14T21:08:29.851+0000][66][trace][gc,age      ] GC(10) - age   6:    5138872 bytes,   59909744 total
[2023-07-14T21:08:29.852+0000][66][trace][gc,age      ] GC(10) - age   7:    1048368 bytes,   60958112 total
[2023-07-14T21:08:29.852+0000][66][trace][gc,age      ] GC(10) - age   8:    9487008 bytes,   70445120 total
[2023-07-14T21:08:29.853+0000][66][info ][gc,heap     ] GC(10) Eden regions: 115->0(177)
[2023-07-14T21:08:29.854+0000][66][info ][gc,heap     ] GC(10) Survivor regions: 14->18(36)
[2023-07-14T21:08:29.855+0000][66][info ][gc,heap     ] GC(10) Old regions: 0->0
[2023-07-14T21:08:29.856+0000][66][info ][gc,heap     ] GC(10) Archive regions: 2->2
[2023-07-14T21:08:29.856+0000][66][info ][gc,heap     ] GC(10) Humongous regions: 0->0
[2023-07-14T21:08:29.857+0000][66][info ][gc,metaspace] GC(10) Metaspace: 99671K(102016K)->99671K(102016K) NonClass: 86681K(87872K)->86681K(87872K) Class: 12989K(14144K)->12989K(14144K)
[2023-07-14T21:08:29.858+0000][66][info ][gc          ] GC(10) Pause Young (Concurrent Start) (Metadata GC Threshold) 519M->74M(3932M) 55.598ms
[2023-07-14T21:08:29.859+0000][66][info ][gc,cpu      ] GC(10) User=0.17s Sys=0.01s Real=0.06s
[2023-07-14T21:08:29.859+0000][66][info ][gc          ] GC(11) Concurrent Mark Cycle
[2023-07-14T21:08:29.861+0000][66][info ][gc,marking  ] GC(11) Concurrent Clear Claimed Marks
[2023-07-14T21:08:29.860+0000][66][info ][safepoint   ] Safepoint "CollectForMetadataAllocation", Time since last: 184326472 ns, Reaching safepoint: 126517 ns, At safepoint: 57564673 ns, Total: 57691190 ns
[2023-07-14T21:08:29.861+0000][66][info ][gc,marking  ] GC(11) Concurrent Clear Claimed Marks 0.848ms
[2023-07-14T21:08:29.863+0000][66][info ][gc,marking  ] GC(11) Concurrent Scan Root Regions
[2023-07-14T21:08:29.886+0000][66][info ][gc,marking  ] GC(11) Concurrent Scan Root Regions 22.690ms
[2023-07-14T21:08:29.887+0000][66][info ][gc,marking  ] GC(11) Concurrent Mark
[2023-07-14T21:08:29.888+0000][66][info ][gc,marking  ] GC(11) Concurrent Mark From Roots
[2023-07-14T21:08:29.889+0000][66][info ][gc,task     ] GC(11) Using 2 workers of 2 for marking
[2023-07-14T21:08:29.891+0000][66][info ][gc,marking  ] GC(11) Concurrent Mark From Roots 3.306ms
[2023-07-14T21:08:29.892+0000][66][info ][gc,marking  ] GC(11) Concurrent Preclean
[2023-07-14T21:08:29.894+0000][66][info ][gc,marking  ] GC(11) Concurrent Preclean 1.856ms
[2023-07-14T21:08:29.896+0000][66][info ][gc,start    ] GC(11) Pause Remark
[2023-07-14T21:08:29.901+0000][66][info ][gc          ] GC(11) Pause Remark 78M->78M(3932M) 5.140ms
[2023-07-14T21:08:29.902+0000][66][info ][gc,cpu      ] GC(11) User=0.01s Sys=0.00s Real=0.00s
[2023-07-14T21:08:29.903+0000][66][info ][safepoint   ] Safepoint "G1PauseRemark", Time since last: 35374429 ns, Reaching safepoint: 314595 ns, At safepoint: 7592726 ns, Total: 7907321 ns
[2023-07-14T21:08:29.904+0000][66][info ][gc,marking  ] GC(11) Concurrent Mark 17.120ms
[2023-07-14T21:08:29.905+0000][66][info ][gc,marking  ] GC(11) Concurrent Rebuild Remembered Sets
[2023-07-14T21:08:29.906+0000][66][info ][gc,marking  ] GC(11) Concurrent Rebuild Remembered Sets 0.859ms
[2023-07-14T21:08:29.907+0000][66][info ][gc,start    ] GC(11) Pause Cleanup
[2023-07-14T21:08:29.908+0000][66][info ][gc          ] GC(11) Pause Cleanup 80M->80M(3932M) 0.766ms
[2023-07-14T21:08:29.909+0000][66][info ][gc,cpu      ] GC(11) User=0.01s Sys=0.00s Real=0.00s
[2023-07-14T21:08:29.909+0000][66][info ][safepoint   ] Safepoint "G1PauseCleanup", Time since last: 3207135 ns, Reaching safepoint: 471674 ns, At safepoint: 2404242 ns, Total: 2875916 ns
[2023-07-14T21:08:29.910+0000][66][info ][gc,marking  ] GC(11) Concurrent Cleanup for Next Mark
[2023-07-14T21:08:29.915+0000][66][info ][gc,marking  ] GC(11) Concurrent Cleanup for Next Mark 4.366ms
[2023-07-14T21:08:29.916+0000][66][info ][gc          ] GC(11) Concurrent Mark Cycle 56.554ms
[2023-07-14T21:08:30.866+0000][66][info ][safepoint   ] Safepoint "ICBufferFull", Time since last: 956587085 ns, Reaching safepoint: 415745 ns, At safepoint: 2780 ns, Total: 418525 ns
[2023-07-14T21:08:30.967+0000][66][info ][safepoint   ] Safepoint "ICBufferFull", Time since last: 100551803 ns, Reaching safepoint: 183167 ns, At safepoint: 54510 ns, Total: 237677 ns
[2023-07-14T21:08:31.446+0000][66][info ][safepoint   ] Safepoint "ICBufferFull", Time since last: 478409075 ns, Reaching safepoint: 323030 ns, At safepoint: 90161 ns, Total: 413191 ns
[2023-07-14T21:08:31.448+0000][66][info ][safepoint   ] Safepoint "ICBufferFull", Time since last: 1757241 ns, Reaching safepoint: 459681 ns, At safepoint: 60703 ns, Total: 520384 ns
[2023-07-14T21:08:31.449+0000][66][info ][safepoint   ] Safepoint "ICBufferFull", Time since last: 921562 ns, Reaching safepoint: 267653 ns, At safepoint: 5581 ns, Total: 273234 ns
[2023-07-14T21:08:32.244+0000][66][info ][safepoint   ] Safepoint "ICBufferFull", Time since last: 794713234 ns, Reaching safepoint: 167535 ns, At safepoint: 5005 ns, Total: 172540 ns
[2023-07-14T21:08:33.076+0000][66][info ][safepoint   ] Safepoint "ICBufferFull", Time since last: 828465037 ns, Reaching safepoint: 2575238 ns, At safepoint: 219357 ns, Total: 2794595 ns
[2023-07-14T21:08:33.501+0000][66][info ][safepoint   ] Safepoint "ICBufferFull", Time since last: 424482887 ns, Reaching safepoint: 675590 ns, At safepoint: 61013 ns, Total: 736603 ns
[2023-07-14T21:08:33.771+0000][66][info ][safepoint   ] Safepoint "ICBufferFull", Time since last: 270051831 ns, Reaching safepoint: 589491 ns, At safepoint: 13613 ns, Total: 603104 ns
[2023-07-14T21:08:34.387+0000][66][info ][safepoint   ] Safepoint "ICBufferFull", Time since last: 615248904 ns, Reaching safepoint: 242030 ns, At safepoint: 292992 ns, Total: 535022 ns
[2023-07-14T21:08:35.228+0000][66][info ][safepoint   ] Safepoint "ICBufferFull", Time since last: 837684007 ns, Reaching safepoint: 2754449 ns, At safepoint: 61649 ns, Total: 2816098 ns
[2023-07-14T21:08:36.527+0000][66][info ][safepoint   ] Safepoint "Cleanup", Time since last: 1298665183 ns, Reaching safepoint: 240606 ns, At safepoint: 6605 ns, Total: 247211 ns
[2023-07-14T21:08:37.661+0000][66][info ][safepoint   ] Safepoint "Cleanup", Time since last: 1133720454 ns, Reaching safepoint: 335106 ns, At safepoint: 57684 ns, Total: 392790 ns
[2023-07-14T21:08:39.584+0000][66][info ][safepoint   ] Safepoint "Cleanup", Time since last: 1922737682 ns, Reaching safepoint: 220283 ns, At safepoint: 3153 ns, Total: 223436 ns
[2023-07-14T21:08:41.587+0000][66][info ][safepoint   ] Safepoint "Cleanup", Time since last: 2002610153 ns, Reaching safepoint: 276209 ns, At safepoint: 13876 ns, Total: 290085 ns
[2023-07-14T21:08:42.716+0000][66][info ][safepoint   ] Safepoint "ICBufferFull", Time since last: 1128520279 ns, Reaching safepoint: 186791 ns, At safepoint: 39158 ns, Total: 225949 ns
[2023-07-14T21:08:42.720+0000][66][info ][safepoint   ] Safepoint "ICBufferFull", Time since last: 3725328 ns, Reaching safepoint: 78193 ns, At safepoint: 71477 ns, Total: 149670 ns
[2023-07-14T21:08:43.743+0000][66][info ][safepoint   ] Safepoint "Cleanup", Time since last: 1022260611 ns, Reaching safepoint: 191502 ns, At safepoint: 9170 ns, Total: 200672 ns
[2023-07-14T21:08:44.744+0000][66][info ][safepoint   ] Safepoint "Cleanup", Time since last: 1001391543 ns, Reaching safepoint: 169192 ns, At safepoint: 3047 ns, Total: 172239 ns
[2023-07-14T21:08:45.871+0000][66][info ][safepoint   ] Safepoint "Cleanup", Time since last: 1126436896 ns, Reaching safepoint: 632245 ns, At safepoint: 14375 ns, Total: 646620 ns
[2023-07-14T21:08:46.032+0000][66][info ][safepoint   ] Safepoint "ICBufferFull", Time since last: 159917657 ns, Reaching safepoint: 479585 ns, At safepoint: 75979 ns, Total: 555564 ns
[2023-07-14T21:08:47.912+0000][66][info ][safepoint   ] Safepoint "Cleanup", Time since last: 1880156540 ns, Reaching safepoint: 347804 ns, At safepoint: 74470 ns, Total: 422274 ns
[2023-07-14T21:08:48.817+0000][66][info ][safepoint   ] Safepoint "ICBufferFull", Time since last: 903945494 ns, Reaching safepoint: 229029 ns, At safepoint: 86708 ns, Total: 315737 ns
[2023-07-14T21:08:49.460+0000][66][info ][safepoint   ] Safepoint "ICBufferFull", Time since last: 642597499 ns, Reaching safepoint: 319307 ns, At safepoint: 91012 ns, Total: 410319 ns
[2023-07-14T21:08:50.210+0000][66][info ][safepoint   ] Safepoint "ICBufferFull", Time since last: 750680447 ns, Reaching safepoint: 206072 ns, At safepoint: 34023 ns, Total: 240095 ns
[2023-07-14T21:08:51.312+0000][66][info ][safepoint   ] Safepoint "Cleanup", Time since last: 1100306145 ns, Reaching safepoint: 740721 ns, At safepoint: 13908 ns, Total: 754629 ns
[2023-07-14T21:08:52.603+0000][66][info ][safepoint   ] Safepoint "Cleanup", Time since last: 1290178438 ns, Reaching safepoint: 1153092 ns, At safepoint: 74817 ns, Total: 1227909 ns
[2023-07-14T21:08:53.607+0000][66][info ][safepoint   ] Safepoint "Cleanup", Time since last: 1003095507 ns, Reaching safepoint: 512272 ns, At safepoint: 11910 ns, Total: 524182 ns
[2023-07-14T21:08:54.614+0000][66][info ][safepoint   ] Safepoint "Cleanup", Time since last: 1006933263 ns, Reaching safepoint: 161216 ns, At safepoint: 35012 ns, Total: 196228 ns
[2023-07-14T21:08:55.796+0000][66][info ][safepoint   ] Safepoint "Cleanup", Time since last: 1181708343 ns, Reaching safepoint: 328387 ns, At safepoint: 42822 ns, Total: 371209 ns
[2023-07-14T21:08:56.856+0000][66][info ][safepoint   ] Safepoint "Cleanup", Time since last: 1060222913 ns, Reaching safepoint: 342533 ns, At safepoint: 7841 ns, Total: 350374 ns
[2023-07-14T21:08:57.859+0000][66][info ][safepoint   ] Safepoint "Cleanup", Time since last: 1002369684 ns, Reaching safepoint: 760102 ns, At safepoint: 15081 ns, Total: 775183 ns
[2023-07-14T21:08:58.863+0000][66][info ][safepoint   ] Safepoint "Cleanup", Time since last: 1003040740 ns, Reaching safepoint: 597142 ns, At safepoint: 22510 ns, Total: 619652 ns
[2023-07-14T21:09:00.867+0000][66][info ][safepoint   ] Safepoint "Cleanup", Time since last: 2003181752 ns, Reaching safepoint: 372206 ns, At safepoint: 9872 ns, Total: 382078 ns
[2023-07-14T21:09:02.093+0000][66][info ][safepoint   ] Safepoint "Cleanup", Time since last: 1226371077 ns, Reaching safepoint: 207523 ns, At safepoint: 8136 ns, Total: 215659 ns
[2023-07-14T21:09:03.261+0000][66][info ][safepoint   ] Safepoint "Cleanup", Time since last: 1167869092 ns, Reaching safepoint: 158347 ns, At safepoint: 52067 ns, Total: 210414 ns
[2023-07-14T21:09:04.275+0000][66][info ][safepoint   ] Safepoint "Cleanup", Time since last: 1012731672 ns, Reaching safepoint: 454622 ns, At safepoint: 13128 ns, Total: 467750 ns
[2023-07-14T21:09:05.277+0000][66][info ][safepoint   ] Safepoint "Cleanup", Time since last: 1002450486 ns, Reaching safepoint: 267918 ns, At safepoint: 11186 ns, Total: 279104 ns
[2023-07-14T21:09:06.279+0000][66][info ][safepoint   ] Safepoint "Cleanup", Time since last: 1001269665 ns, Reaching safepoint: 288217 ns, At safepoint: 8583 ns, Total: 296800 ns
[2023-07-14T21:09:07.303+0000][66][info ][safepoint   ] Safepoint "Cleanup", Time since last: 1024304343 ns, Reaching safepoint: 219574 ns, At safepoint: 31182 ns, Total: 250756 ns
[2023-07-14T21:09:08.651+0000][66][info ][safepoint   ] Safepoint "Cleanup", Time since last: 1347149167 ns, Reaching safepoint: 164400 ns, At safepoint: 8376 ns, Total: 172776 ns
[2023-07-14T21:09:09.652+0000][66][info ][safepoint   ] Safepoint "Cleanup", Time since last: 1001264169 ns, Reaching safepoint: 118252 ns, At safepoint: 4867 ns, Total: 123119 ns
[2023-07-14T21:09:10.654+0000][66][info ][safepoint   ] Safepoint "Cleanup", Time since last: 1001626836 ns, Reaching safepoint: 294168 ns, At safepoint: 10534 ns, Total: 304702 ns
[2023-07-14T21:09:11.656+0000][66][info ][safepoint   ] Safepoint "Cleanup", Time since last: 1001368271 ns, Reaching safepoint: 125685 ns, At safepoint: 4574 ns, Total: 130259 ns
[2023-07-14T21:09:12.946+0000][66][info ][safepoint   ] Safepoint "Cleanup", Time since last: 1289169291 ns, Reaching safepoint: 109372 ns, At safepoint: 12013 ns, Total: 121385 ns
[2023-07-14T21:09:14.912+0000][66][info ][safepoint   ] Safepoint "Cleanup", Time since last: 1966187962 ns, Reaching safepoint: 148167 ns, At safepoint: 4536 ns, Total: 152703 ns
[2023-07-14T21:09:15.914+0000][66][info ][safepoint   ] Safepoint "Cleanup", Time since last: 1001463220 ns, Reaching safepoint: 113969 ns, At safepoint: 4157 ns, Total: 118126 ns
[2023-07-14T21:09:18.916+0000][66][info ][safepoint   ] Safepoint "Cleanup", Time since last: 3001670350 ns, Reaching safepoint: 111176 ns, At safepoint: 4092 ns, Total: 115268 ns
[2023-07-14T21:09:19.925+0000][66][info ][safepoint   ] Safepoint "Cleanup", Time since last: 1009204284 ns, Reaching safepoint: 303774 ns, At safepoint: 39504 ns, Total: 343278 ns
[2023-07-14T21:09:21.317+0000][66][info ][safepoint   ] Safepoint "Cleanup", Time since last: 1391315625 ns, Reaching safepoint: 161574 ns, At safepoint: 4583 ns, Total: 166157 ns
[2023-07-14T21:09:22.318+0000][66][info ][safepoint   ] Safepoint "Cleanup", Time since last: 1001491743 ns, Reaching safepoint: 186424 ns, At safepoint: 12451 ns, Total: 198875 ns
[2023-07-14T21:09:24.321+0000][66][info ][safepoint   ] Safepoint "Cleanup", Time since last: 2002195240 ns, Reaching safepoint: 196322 ns, At safepoint: 61518 ns, Total: 257840 ns
[2023-07-14T21:09:25.444+0000][66][info ][safepoint   ] Safepoint "Cleanup", Time since last: 1122720063 ns, Reaching safepoint: 137465 ns, At safepoint: 8643 ns, Total: 146108 ns
[2023-07-14T21:09:26.622+0000][66][info ][safepoint   ] Safepoint "Cleanup", Time since last: 1178422257 ns, Reaching safepoint: 166807 ns, At safepoint: 29644 ns, Total: 196451 ns
[2023-07-14T21:09:28.209+0000][66][info ][safepoint   ] Safepoint "Cleanup", Time since last: 1586166338 ns, Reaching safepoint: 448450 ns, At safepoint: 14605 ns, Total: 463055 ns
[2023-07-14T21:09:30.136+0000][66][info ][safepoint   ] Safepoint "Cleanup", Time since last: 1927140225 ns, Reaching safepoint: 242962 ns, At safepoint: 4872 ns, Total: 247834 ns
[2023-07-14T21:09:31.912+0000][66][info ][safepoint   ] Safepoint "Cleanup", Time since last: 1775031889 ns, Reaching safepoint: 146040 ns, At safepoint: 49560 ns, Total: 195600 ns
[2023-07-14T21:09:33.021+0000][66][info ][safepoint   ] Safepoint "Cleanup", Time since last: 1108911809 ns, Reaching safepoint: 343837 ns, At safepoint: 6101 ns, Total: 349938 ns
[2023-07-14T21:09:34.024+0000][66][info ][safepoint   ] Safepoint "Cleanup", Time since last: 1002446812 ns, Reaching safepoint: 379452 ns, At safepoint: 8011 ns, Total: 387463 ns
[2023-07-14T21:09:36.028+0000][66][info ][safepoint   ] Safepoint "Cleanup", Time since last: 2004426034 ns, Reaching safepoint: 371934 ns, At safepoint: 17234 ns, Total: 389168 ns
[2023-07-14T21:09:37.107+0000][66][info ][safepoint   ] Safepoint "Cleanup", Time since last: 1077662993 ns, Reaching safepoint: 412800 ns, At safepoint: 100101 ns, Total: 512901 ns
[2023-07-14T21:09:38.273+0000][66][info ][safepoint   ] Safepoint "Cleanup", Time since last: 1165959671 ns, Reaching safepoint: 163625 ns, At safepoint: 36236 ns, Total: 199861 ns
[2023-07-14T21:09:39.438+0000][66][info ][safepoint   ] Safepoint "Cleanup", Time since last: 1164778490 ns, Reaching safepoint: 399938 ns, At safepoint: 13898 ns, Total: 413836 ns
[2023-07-14T21:09:40.441+0000][66][info ][safepoint   ] Safepoint "Cleanup", Time since last: 1002499585 ns, Reaching safepoint: 341416 ns, At safepoint: 6982 ns, Total: 348398 ns
[2023-07-14T21:09:41.443+0000][66][info ][safepoint   ] Safepoint "Cleanup", Time since last: 1002246406 ns, Reaching safepoint: 193372 ns, At safepoint: 4841 ns, Total: 198213 ns
[2023-07-14T21:09:42.446+0000][66][info ][safepoint   ] Safepoint "Cleanup", Time since last: 1002083913 ns, Reaching safepoint: 438969 ns, At safepoint: 11298 ns, Total: 450267 ns
[2023-07-14T21:09:43.620+0000][66][info ][safepoint   ] Safepoint "Cleanup", Time since last: 1173703516 ns, Reaching safepoint: 159005 ns, At safepoint: 38621 ns, Total: 197626 ns
[2023-07-14T21:09:44.700+0000][66][info ][safepoint   ] Safepoint "Cleanup", Time since last: 1079138186 ns, Reaching safepoint: 575155 ns, At safepoint: 12433 ns, Total: 587588 ns
[2023-07-14T21:09:46.703+0000][66][info ][safepoint   ] Safepoint "Cleanup", Time since last: 2002401985 ns, Reaching safepoint: 340117 ns, At safepoint: 5322 ns, Total: 345439 ns
[2023-07-14T21:09:47.705+0000][66][info ][safepoint   ] Safepoint "Cleanup", Time since last: 1001808867 ns, Reaching safepoint: 320828 ns, At safepoint: 9665 ns, Total: 330493 ns
[2023-07-14T21:09:48.707+0000][66][info ][safepoint   ] Safepoint "Cleanup", Time since last: 1001745595 ns, Reaching safepoint: 339924 ns, At safepoint: 6955 ns, Total: 346879 ns
[2023-07-14T21:09:49.926+0000][66][info ][safepoint   ] Safepoint "Cleanup", Time since last: 1218873411 ns, Reaching safepoint: 176552 ns, At safepoint: 40597 ns, Total: 217149 ns
[2023-07-14T21:09:50.986+0000][66][info ][safepoint   ] Safepoint "Cleanup", Time since last: 1060055514 ns, Reaching safepoint: 368529 ns, At safepoint: 6934 ns, Total: 375463 ns
[2023-07-14T21:09:51.990+0000][66][info ][safepoint   ] Safepoint "Cleanup", Time since last: 1002739812 ns, Reaching safepoint: 456879 ns, At safepoint: 19839 ns, Total: 476718 ns
[2023-07-14T21:09:52.992+0000][66][info ][safepoint   ] Safepoint "Cleanup", Time since last: 1002082925 ns, Reaching safepoint: 282972 ns, At safepoint: 6760 ns, Total: 289732 ns
[2023-07-14T21:09:53.995+0000][66][info ][safepoint   ] Safepoint "Cleanup", Time since last: 1002210846 ns, Reaching safepoint: 464968 ns, At safepoint: 9905 ns, Total: 474873 ns
[2023-07-14T21:09:55.005+0000][66][info ][safepoint   ] Safepoint "Cleanup", Time since last: 1009839865 ns, Reaching safepoint: 202277 ns, At safepoint: 37425 ns, Total: 239702 ns
[2023-07-14T21:09:56.145+0000][66][info ][safepoint   ] Safepoint "Cleanup", Time since last: 1139907670 ns, Reaching safepoint: 222839 ns, At safepoint: 35000 ns, Total: 257839 ns
[2023-07-14T21:09:58.254+0000][66][info ][safepoint   ] Safepoint "Cleanup", Time since last: 2108828617 ns, Reaching safepoint: 446871 ns, At safepoint: 12426 ns, Total: 459297 ns
[2023-07-14T21:10:00.254+0000][66][info ][safepoint   ] Safepoint "Cleanup", Time since last: 1998949435 ns, Reaching safepoint: 1009826 ns, At safepoint: 23827 ns, Total: 1033653 ns
[2023-07-14T21:10:01.465+0000][66][info ][safepoint   ] Safepoint "Cleanup", Time since last: 1210340049 ns, Reaching safepoint: 107442 ns, At safepoint: 68366 ns, Total: 175808 ns
[2023-07-14T21:10:02.626+0000][66][info ][safepoint   ] Safepoint "Cleanup", Time since last: 1161035466 ns, Reaching safepoint: 440768 ns, At safepoint: 48767 ns, Total: 489535 ns
[2023-07-14T21:10:03.638+0000][66][info ][safepoint   ] Safepoint "Cleanup", Time since last: 1011587544 ns, Reaching safepoint: 404355 ns, At safepoint: 15504 ns, Total: 419859 ns
[2023-07-14T21:10:04.641+0000][66][info ][safepoint   ] Safepoint "Cleanup", Time since last: 1002375767 ns, Reaching safepoint: 436526 ns, At safepoint: 10125 ns, Total: 446651 ns
[2023-07-14T21:10:05.644+0000][66][info ][safepoint   ] Safepoint "Cleanup", Time since last: 1002549019 ns, Reaching safepoint: 349094 ns, At safepoint: 17912 ns, Total: 367006 ns
[2023-07-14T21:10:06.647+0000][66][info ][safepoint   ] Safepoint "Cleanup", Time since last: 1002644741 ns, Reaching safepoint: 335158 ns, At safepoint: 5914 ns, Total: 341072 ns
[2023-07-14T21:10:07.843+0000][66][info ][safepoint   ] Safepoint "Cleanup", Time since last: 1196148606 ns, Reaching safepoint: 176033 ns, At safepoint: 43133 ns, Total: 219166 ns
[2023-07-14T21:10:09.684+0000][66][info ][safepoint   ] Safepoint "Cleanup", Time since last: 1840335357 ns, Reaching safepoint: 536720 ns, At safepoint: 10160 ns, Total: 546880 ns
[2023-07-14T21:10:10.687+0000][66][info ][safepoint   ] Safepoint "Cleanup", Time since last: 1002897508 ns, Reaching safepoint: 348150 ns, At safepoint: 23985 ns, Total: 372135 ns
[2023-07-14T21:10:11.691+0000][66][info ][safepoint   ] Safepoint "Cleanup", Time since last: 1002815175 ns, Reaching safepoint: 750608 ns, At safepoint: 22654 ns, Total: 773262 ns
[2023-07-14T21:10:12.695+0000][66][info ][safepoint   ] Safepoint "Cleanup", Time since last: 1002094777 ns, Reaching safepoint: 264486 ns, At safepoint: 5516 ns, Total: 270002 ns
[2023-07-14T21:10:14.096+0000][66][info ][safepoint   ] Safepoint "Cleanup", Time since last: 1400893686 ns, Reaching safepoint: 236213 ns, At safepoint: 4163 ns, Total: 240376 ns
[2023-07-14T21:10:15.171+0000][66][info ][safepoint   ] Safepoint "Cleanup", Time since last: 1075179063 ns, Reaching safepoint: 498797 ns, At safepoint: 18461 ns, Total: 517258 ns
[2023-07-14T21:10:16.190+0000][66][info ][safepoint   ] Safepoint "Cleanup", Time since last: 1017989897 ns, Reaching safepoint: 416923 ns, At safepoint: 21277 ns, Total: 438200 ns
[2023-07-14T21:10:18.192+0000][66][info ][safepoint   ] Safepoint "Cleanup", Time since last: 2002429829 ns, Reaching safepoint: 189376 ns, At safepoint: 6898 ns, Total: 196274 ns
[2023-07-14T21:10:19.205+0000][66][info ][safepoint   ] Safepoint "Cleanup", Time since last: 1012028473 ns, Reaching safepoint: 231247 ns, At safepoint: 27802 ns, Total: 259049 ns
[2023-07-14T21:10:19.521+0000][66][info ][gc,start    ] GC(12) Pause Young (Normal) (G1 Evacuation Pause)
[2023-07-14T21:10:19.522+0000][66][info ][gc,task     ] GC(12) Using 6 workers of 6 for evacuation
[2023-07-14T21:10:19.523+0000][66][debug][gc,age      ] GC(12) Desired survivor size 52428800 bytes, new threshold 5 (max threshold 15)
[2023-07-14T21:10:19.571+0000][66][info ][gc,phases   ] GC(12)   Pre Evacuate Collection Set: 0.2ms
[2023-07-14T21:10:19.572+0000][66][info ][gc,phases   ] GC(12)   Merge Heap Roots: 0.1ms
[2023-07-14T21:10:19.574+0000][66][info ][gc,phases   ] GC(12)   Evacuate Collection Set: 39.9ms
[2023-07-14T21:10:19.575+0000][66][info ][gc,phases   ] GC(12)   Post Evacuate Collection Set: 7.0ms
[2023-07-14T21:10:19.576+0000][66][info ][gc,phases   ] GC(12)   Other: 1.8ms
[2023-07-14T21:10:19.577+0000][66][trace][gc,age      ] GC(12) Age table with threshold 5 (max threshold 15)
[2023-07-14T21:10:19.578+0000][66][trace][gc,age      ] GC(12) - age   1:   36008336 bytes,   36008336 total
[2023-07-14T21:10:19.579+0000][66][trace][gc,age      ] GC(12) - age   2:   15154152 bytes,   51162488 total
[2023-07-14T21:10:19.580+0000][66][trace][gc,age      ] GC(12) - age   3:   24252608 bytes,   75415096 total
[2023-07-14T21:10:19.581+0000][66][trace][gc,age      ] GC(12) - age   4:     739392 bytes,   76154488 total
[2023-07-14T21:10:19.582+0000][66][trace][gc,age      ] GC(12) - age   5:    8038448 bytes,   84192936 total
[2023-07-14T21:10:19.584+0000][66][info ][gc,heap     ] GC(12) Eden regions: 177->0(173)
[2023-07-14T21:10:19.585+0000][66][info ][gc,heap     ] GC(12) Survivor regions: 18->23(25)
[2023-07-14T21:10:19.586+0000][66][info ][gc,heap     ] GC(12) Old regions: 0->6
[2023-07-14T21:10:19.587+0000][66][info ][gc,heap     ] GC(12) Archive regions: 2->2
[2023-07-14T21:10:19.588+0000][66][info ][gc,heap     ] GC(12) Humongous regions: 0->0
[2023-07-14T21:10:19.589+0000][66][info ][gc,metaspace] GC(12) Metaspace: 132307K(135680K)->132307K(135680K) NonClass: 114820K(116608K)->114820K(116608K) Class: 17486K(19072K)->17486K(19072K)
[2023-07-14T21:10:19.590+0000][66][info ][gc          ] GC(12) Pause Young (Normal) (G1 Evacuation Pause) 782M->114M(3932M) 68.763ms
[2023-07-14T21:10:19.591+0000][66][info ][gc,cpu      ] GC(12) User=0.22s Sys=0.01s Real=0.07s
[2023-07-14T21:10:19.595+0000][66][info ][safepoint   ] Safepoint "G1CollectForAllocation", Time since last: 316309639 ns, Reaching safepoint: 135799 ns, At safepoint: 73510416 ns, Total: 73646215 ns
[2023-07-14T21:10:20.604+0000][66][info ][safepoint   ] Safepoint "Cleanup", Time since last: 1009087729 ns, Reaching safepoint: 173586 ns, At safepoint: 3347 ns, Total: 176933 ns
[2023-07-14T21:10:21.839+0000][66][info ][safepoint   ] Safepoint "Cleanup", Time since last: 1234929147 ns, Reaching safepoint: 222195 ns, At safepoint: 3234 ns, Total: 225429 ns
[2023-07-14T21:10:24.842+0000][66][info ][safepoint   ] Safepoint "Cleanup", Time since last: 3002249587 ns, Reaching safepoint: 370763 ns, At safepoint: 15996 ns, Total: 386759 ns
[2023-07-14T21:10:26.068+0000][66][info ][safepoint   ] Safepoint "Cleanup", Time since last: 1226194814 ns, Reaching safepoint: 48454 ns, At safepoint: 28559 ns, Total: 77013 ns
[2023-07-14T21:10:27.253+0000][66][info ][safepoint   ] Safepoint "Cleanup", Time since last: 1184742972 ns, Reaching safepoint: 128788 ns, At safepoint: 25024 ns, Total: 153812 ns
[2023-07-14T21:10:28.261+0000][66][info ][safepoint   ] Safepoint "Cleanup", Time since last: 1008274195 ns, Reaching safepoint: 188170 ns, At safepoint: 17481 ns, Total: 205651 ns
[2023-07-14T21:10:29.264+0000][66][info ][safepoint   ] Safepoint "Cleanup", Time since last: 1002308845 ns, Reaching safepoint: 130082 ns, At safepoint: 11629 ns, Total: 141711 ns
[2023-07-14T21:10:30.612+0000][66][info ][safepoint   ] Safepoint "Cleanup", Time since last: 1348351110 ns, Reaching safepoint: 268255 ns, At safepoint: 20770 ns, Total: 289025 ns
[2023-07-14T21:10:32.359+0000][66][info ][safepoint   ] Safepoint "Cleanup", Time since last: 1745680826 ns, Reaching safepoint: 256003 ns, At safepoint: 71587 ns, Total: 327590 ns
[2023-07-14T21:10:33.881+0000][66][info ][safepoint   ] Safepoint "Cleanup", Time since last: 1521991149 ns, Reaching safepoint: 290614 ns, At safepoint: 55554 ns, Total: 346168 ns
[2023-07-14T21:10:35.122+0000][66][info ][safepoint   ] Safepoint "Cleanup", Time since last: 1240154819 ns, Reaching safepoint: 455087 ns, At safepoint: 56507 ns, Total: 511594 ns
[2023-07-14T21:10:36.567+0000][66][info ][safepoint   ] Safepoint "Cleanup", Time since last: 1444689636 ns, Reaching safepoint: 354894 ns, At safepoint: 73096 ns, Total: 427990 ns
[2023-07-14T21:10:37.869+0000][66][info ][safepoint   ] Safepoint "Cleanup", Time since last: 1302580967 ns, Reaching safepoint: 188343 ns, At safepoint: 39647 ns, Total: 227990 ns
[2023-07-14T21:10:39.202+0000][66][info ][safepoint   ] Safepoint "Cleanup", Time since last: 1331911342 ns, Reaching safepoint: 377372 ns, At safepoint: 17672 ns, Total: 395044 ns
[2023-07-14T21:10:40.204+0000][66][info ][safepoint   ] Safepoint "Cleanup", Time since last: 1001876332 ns, Reaching safepoint: 265040 ns, At safepoint: 4697 ns, Total: 269737 ns
[2023-07-14T21:10:42.088+0000][66][info ][safepoint   ] Safepoint "Cleanup", Time since last: 1884211128 ns, Reaching safepoint: 112913 ns, At safepoint: 3740 ns, Total: 116653 ns
[2023-07-14T21:10:43.092+0000][66][info ][safepoint   ] Safepoint "Cleanup", Time since last: 1002888701 ns, Reaching safepoint: 300536 ns, At safepoint: 35045 ns, Total: 335581 ns
[2023-07-14T21:10:44.272+0000][66][info ][safepoint   ] Safepoint "Cleanup", Time since last: 1179769804 ns, Reaching safepoint: 214678 ns, At safepoint: 36425 ns, Total: 251103 ns
[2023-07-14T21:10:45.886+0000][66][info ][safepoint   ] Safepoint "Cleanup", Time since last: 1613599528 ns, Reaching safepoint: 98033 ns, At safepoint: 8438 ns, Total: 106471 ns
[2023-07-14T21:10:47.888+0000][66][info ][safepoint   ] Safepoint "Cleanup", Time since last: 2001534173 ns, Reaching safepoint: 399196 ns, At safepoint: 25333 ns, Total: 424529 ns
[2023-07-14T21:10:48.891+0000][66][info ][safepoint   ] Safepoint "Cleanup", Time since last: 1002323480 ns, Reaching safepoint: 274444 ns, At safepoint: 46633 ns, Total: 321077 ns
[2023-07-14T21:10:50.187+0000][66][info ][safepoint   ] Safepoint "Cleanup", Time since last: 1296186276 ns, Reaching safepoint: 190544 ns, At safepoint: 39319 ns, Total: 229863 ns
[2023-07-14T21:10:52.344+0000][66][info ][safepoint   ] Safepoint "Cleanup", Time since last: 2156621283 ns, Reaching safepoint: 74034 ns, At safepoint: 4866 ns, Total: 78900 ns
[2023-07-14T21:10:53.346+0000][66][info ][safepoint   ] Safepoint "Cleanup", Time since last: 1001603549 ns, Reaching safepoint: 331847 ns, At safepoint: 19472 ns, Total: 351319 ns
[2023-07-14T21:10:54.971+0000][66][info ][safepoint   ] Safepoint "Cleanup", Time since last: 1625287394 ns, Reaching safepoint: 163245 ns, At safepoint: 38460 ns, Total: 201705 ns
[2023-07-14T21:10:56.937+0000][66][info ][safepoint   ] Safepoint "Cleanup", Time since last: 1965311313 ns, Reaching safepoint: 532747 ns, At safepoint: 20708 ns, Total: 553455 ns
[2023-07-14T21:10:57.940+0000][66][info ][safepoint   ] Safepoint "Cleanup", Time since last: 1002466399 ns, Reaching safepoint: 178845 ns, At safepoint: 4187 ns, Total: 183032 ns
[2023-07-14T21:10:59.103+0000][66][info ][safepoint   ] Safepoint "Cleanup", Time since last: 1163362664 ns, Reaching safepoint: 201198 ns, At safepoint: 4082 ns, Total: 205280 ns
[2023-07-14T21:11:00.954+0000][66][info ][safepoint   ] Safepoint "Cleanup", Time since last: 1850101269 ns, Reaching safepoint: 204806 ns, At safepoint: 28669 ns, Total: 233475 ns
[2023-07-14T21:11:02.906+0000][66][info ][safepoint   ] Safepoint "Cleanup", Time since last: 1952501280 ns, Reaching safepoint: 168452 ns, At safepoint: 10190 ns, Total: 178642 ns
[2023-07-14T21:11:03.908+0000][66][info ][safepoint   ] Safepoint "Cleanup", Time since last: 1001201344 ns, Reaching safepoint: 200132 ns, At safepoint: 9209 ns, Total: 209341 ns
[2023-07-14T21:11:06.910+0000][66][info ][safepoint   ] Safepoint "Cleanup", Time since last: 3001461539 ns, Reaching safepoint: 239052 ns, At safepoint: 7260 ns, Total: 246312 ns
[2023-07-14T21:11:08.094+0000][66][info ][safepoint   ] Safepoint "Cleanup", Time since last: 1184206419 ns, Reaching safepoint: 185145 ns, At safepoint: 27011 ns, Total: 212156 ns
[2023-07-14T21:11:09.162+0000][66][info ][safepoint   ] Safepoint "Cleanup", Time since last: 1068144379 ns, Reaching safepoint: 197636 ns, At safepoint: 3877 ns, Total: 201513 ns
[2023-07-14T21:11:10.164+0000][66][info ][safepoint   ] Safepoint "Cleanup", Time since last: 1001296988 ns, Reaching safepoint: 232629 ns, At safepoint: 4974 ns, Total: 237603 ns
[2023-07-14T21:11:12.976+0000][66][info ][safepoint   ] Safepoint "Cleanup", Time since last: 2811034969 ns, Reaching safepoint: 121105 ns, At safepoint: 48623 ns, Total: 169728 ns
[2023-07-14T21:11:13.978+0000][66][info ][safepoint   ] Safepoint "Cleanup", Time since last: 1001504569 ns, Reaching safepoint: 320089 ns, At safepoint: 60933 ns, Total: 381022 ns
[2023-07-14T21:11:15.042+0000][66][info ][safepoint   ] Safepoint "Cleanup", Time since last: 1063954879 ns, Reaching safepoint: 183835 ns, At safepoint: 39014 ns, Total: 222849 ns
[2023-07-14T21:11:16.051+0000][66][info ][safepoint   ] Safepoint "Cleanup", Time since last: 1008759128 ns, Reaching safepoint: 249053 ns, At safepoint: 5300 ns, Total: 254353 ns
[2023-07-14T21:11:18.053+0000][66][info ][safepoint   ] Safepoint "Cleanup", Time since last: 2001821521 ns, Reaching safepoint: 215016 ns, At safepoint: 15159 ns, Total: 230175 ns
[2023-07-14T21:11:19.071+0000][66][info ][safepoint   ] Safepoint "Cleanup", Time since last: 1017854633 ns, Reaching safepoint: 233223 ns, At safepoint: 47587 ns, Total: 280810 ns
[2023-07-14T21:11:20.073+0000][66][info ][safepoint   ] Safepoint "Cleanup", Time since last: 1001326945 ns, Reaching safepoint: 204374 ns, At safepoint: 4780 ns, Total: 209154 ns
[2023-07-14T21:11:21.296+0000][66][info ][safepoint   ] Safepoint "Cleanup", Time since last: 1223066044 ns, Reaching safepoint: 318595 ns, At safepoint: 4808 ns, Total: 323403 ns
[2023-07-14T21:11:22.298+0000][66][info ][safepoint   ] Safepoint "Cleanup", Time since last: 1001407802 ns, Reaching safepoint: 234616 ns, At safepoint: 7037 ns, Total: 241653 ns
[2023-07-14T21:11:23.299+0000][66][info ][safepoint   ] Safepoint "Cleanup", Time since last: 1001311951 ns, Reaching safepoint: 317249 ns, At safepoint: 40411 ns, Total: 357660 ns
[2023-07-14T21:11:24.414+0000][66][info ][safepoint   ] Safepoint "Cleanup", Time since last: 1114101129 ns, Reaching safepoint: 234623 ns, At safepoint: 4122 ns, Total: 238745 ns
[2023-07-14T21:11:25.624+0000][66][info ][safepoint   ] Safepoint "Cleanup", Time since last: 1210499613 ns, Reaching safepoint: 127279 ns, At safepoint: 99676 ns, Total: 226955 ns
[2023-07-14T21:11:26.728+0000][66][info ][safepoint   ] Safepoint "Cleanup", Time since last: 1103965578 ns, Reaching safepoint: 74804 ns, At safepoint: 10845 ns, Total: 85649 ns
[2023-07-14T21:11:27.731+0000][66][info ][safepoint   ] Safepoint "Cleanup", Time since last: 1002433199 ns, Reaching safepoint: 68385 ns, At safepoint: 4163 ns, Total: 72548 ns
[2023-07-14T21:11:28.733+0000][66][info ][safepoint   ] Safepoint "Cleanup", Time since last: 1001845354 ns, Reaching safepoint: 277547 ns, At safepoint: 5443 ns, Total: 282990 ns
[2023-07-14T21:11:29.734+0000][66][info ][safepoint   ] Safepoint "Cleanup", Time since last: 1000798093 ns, Reaching safepoint: 268148 ns, At safepoint: 42907 ns, Total: 311055 ns
[2023-07-14T21:11:30.738+0000][66][info ][safepoint   ] Safepoint "Cleanup", Time since last: 1003270769 ns, Reaching safepoint: 679850 ns, At safepoint: 134684 ns, Total: 814534 ns
[2023-07-14T21:11:32.060+0000][66][info ][safepoint   ] Safepoint "Cleanup", Time since last: 1321523068 ns, Reaching safepoint: 194482 ns, At safepoint: 86508 ns, Total: 280990 ns
[2023-07-14T21:11:33.131+0000][66][info ][safepoint   ] Safepoint "Cleanup", Time since last: 1070946727 ns, Reaching safepoint: 256978 ns, At safepoint: 4771 ns, Total: 261749 ns
[2023-07-14T21:11:34.133+0000][66][info ][safepoint   ] Safepoint "Cleanup", Time since last: 1001247436 ns, Reaching safepoint: 412502 ns, At safepoint: 17130 ns, Total: 429632 ns
[2023-07-14T21:11:35.135+0000][66][info ][safepoint   ] Safepoint "Cleanup", Time since last: 1001822734 ns, Reaching safepoint: 118735 ns, At safepoint: 3314 ns, Total: 122049 ns
[2023-07-14T21:11:36.139+0000][66][info ][safepoint   ] Safepoint "Cleanup", Time since last: 1003343979 ns, Reaching safepoint: 316017 ns, At safepoint: 47867 ns, Total: 363884 ns
[2023-07-14T21:11:37.330+0000][66][info ][safepoint   ] Safepoint "Cleanup", Time since last: 1191388437 ns, Reaching safepoint: 143622 ns, At safepoint: 6569 ns, Total: 150191 ns
[2023-07-14T21:11:38.756+0000][66][info ][safepoint   ] Safepoint "Cleanup", Time since last: 1425900114 ns, Reaching safepoint: 227396 ns, At safepoint: 38836 ns, Total: 266232 ns
[2023-07-14T21:11:39.981+0000][66][info ][safepoint   ] Safepoint "Cleanup", Time since last: 1224325625 ns, Reaching safepoint: 117190 ns, At safepoint: 33888 ns, Total: 151078 ns
[2023-07-14T21:11:40.994+0000][66][info ][safepoint   ] Safepoint "Cleanup", Time since last: 1012888817 ns, Reaching safepoint: 122480 ns, At safepoint: 4746 ns, Total: 127226 ns
[2023-07-14T21:11:42.997+0000][66][info ][safepoint   ] Safepoint "Cleanup", Time since last: 2001620083 ns, Reaching safepoint: 227575 ns, At safepoint: 18516 ns, Total: 246091 ns
[2023-07-14T21:11:44.087+0000][66][info ][safepoint   ] Safepoint "Cleanup", Time since last: 1090773079 ns, Reaching safepoint: 75547 ns, At safepoint: 4196 ns, Total: 79743 ns
[2023-07-14T21:11:45.263+0000][66][info ][safepoint   ] Safepoint "Cleanup", Time since last: 1175979878 ns, Reaching safepoint: 111359 ns, At safepoint: 5350 ns, Total: 116709 ns
[2023-07-14T21:11:46.266+0000][66][info ][safepoint   ] Safepoint "Cleanup", Time since last: 1002589748 ns, Reaching safepoint: 127075 ns, At safepoint: 11578 ns, Total: 138653 ns
[2023-07-14T21:11:48.965+0000][66][info ][safepoint   ] Safepoint "Cleanup", Time since last: 2698665080 ns, Reaching safepoint: 191604 ns, At safepoint: 33693 ns, Total: 225297 ns
[2023-07-14T21:11:50.131+0000][66][info ][safepoint   ] Safepoint "Cleanup", Time since last: 1165750846 ns, Reaching safepoint: 444007 ns, At safepoint: 18495 ns, Total: 462502 ns
[2023-07-14T21:11:53.558+0000][66][info ][safepoint   ] Safepoint "Cleanup", Time since last: 3426613134 ns, Reaching safepoint: 347589 ns, At safepoint: 18563 ns, Total: 366152 ns
[2023-07-14T21:11:54.560+0000][66][info ][safepoint   ] Safepoint "Cleanup", Time since last: 1001828470 ns, Reaching safepoint: 177523 ns, At safepoint: 4102 ns, Total: 181625 ns
[2023-07-14T21:11:55.803+0000][66][info ][safepoint   ] Safepoint "Cleanup", Time since last: 1242733854 ns, Reaching safepoint: 149772 ns, At safepoint: 50790 ns, Total: 200562 ns
[2023-07-14T21:11:56.902+0000][66][info ][safepoint   ] Safepoint "Cleanup", Time since last: 1098350056 ns, Reaching safepoint: 184914 ns, At safepoint: 3831 ns, Total: 188745 ns
[2023-07-14T21:12:00.904+0000][66][info ][safepoint   ] Safepoint "Cleanup", Time since last: 4001881293 ns, Reaching safepoint: 178266 ns, At safepoint: 15960 ns, Total: 194226 ns
[2023-07-14T21:12:02.147+0000][66][info ][safepoint   ] Safepoint "Cleanup", Time since last: 1243022410 ns, Reaching safepoint: 145892 ns, At safepoint: 11815 ns, Total: 157707 ns
[2023-07-14T21:12:03.289+0000][66][info ][safepoint   ] Safepoint "Cleanup", Time since last: 1141841548 ns, Reaching safepoint: 119867 ns, At safepoint: 27809 ns, Total: 147676 ns
[2023-07-14T21:12:04.319+0000][66][info ][safepoint   ] Safepoint "Cleanup", Time since last: 1029232051 ns, Reaching safepoint: 473177 ns, At safepoint: 10485 ns, Total: 483662 ns
[2023-07-14T21:12:06.038+0000][66][info ][safepoint   ] Safepoint "Cleanup", Time since last: 1718846565 ns, Reaching safepoint: 304742 ns, At safepoint: 8716 ns, Total: 313458 ns
[2023-07-14T21:12:07.041+0000][66][info ][safepoint   ] Safepoint "Cleanup", Time since last: 1002543871 ns, Reaching safepoint: 185907 ns, At safepoint: 28457 ns, Total: 214364 ns
[2023-07-14T21:12:08.651+0000][66][info ][safepoint   ] Safepoint "Cleanup", Time since last: 1610159279 ns, Reaching safepoint: 365745 ns, At safepoint: 14872 ns, Total: 380617 ns
[2023-07-14T21:12:09.885+0000][66][info ][safepoint   ] Safepoint "Cleanup", Time since last: 1233333970 ns, Reaching safepoint: 211711 ns, At safepoint: 3314 ns, Total: 215025 ns
[2023-07-14T21:12:12.888+0000][66][info ][safepoint   ] Safepoint "Cleanup", Time since last: 3001803302 ns, Reaching safepoint: 525250 ns, At safepoint: 37776 ns, Total: 563026 ns
[2023-07-14T21:12:14.068+0000][66][info ][safepoint   ] Safepoint "Cleanup", Time since last: 1179897811 ns, Reaching safepoint: 289637 ns, At safepoint: 16745 ns, Total: 306382 ns
[2023-07-14T21:12:16.214+0000][66][info ][safepoint   ] Safepoint "Cleanup", Time since last: 2145738608 ns, Reaching safepoint: 303974 ns, At safepoint: 7580 ns, Total: 311554 ns
[2023-07-14T21:12:18.216+0000][66][info ][safepoint   ] Safepoint "Cleanup", Time since last: 2001537099 ns, Reaching safepoint: 163559 ns, At safepoint: 3464 ns, Total: 167023 ns
[2023-07-14T21:12:19.236+0000][66][info ][safepoint   ] Safepoint "Cleanup", Time since last: 1019014497 ns, Reaching safepoint: 390385 ns, At safepoint: 65806 ns, Total: 456191 ns
[2023-07-14T21:12:20.505+0000][66][info ][safepoint   ] Safepoint "Cleanup", Time since last: 1269273676 ns, Reaching safepoint: 153012 ns, At safepoint: 13847 ns, Total: 166859 ns
[2023-07-14T21:12:22.805+0000][66][info ][safepoint   ] Safepoint "Cleanup", Time since last: 2299079885 ns, Reaching safepoint: 433149 ns, At safepoint: 15085 ns, Total: 448234 ns
[2023-07-14T21:12:24.807+0000][66][info ][safepoint   ] Safepoint "Cleanup", Time since last: 2002240277 ns, Reaching safepoint: 295511 ns, At safepoint: 6517 ns, Total: 302028 ns
[2023-07-14T21:12:26.018+0000][66][info ][safepoint   ] Safepoint "Cleanup", Time since last: 1211215097 ns, Reaching safepoint: 130013 ns, At safepoint: 11331 ns, Total: 141344 ns
[2023-07-14T21:12:27.187+0000][66][info ][safepoint   ] Safepoint "Cleanup", Time since last: 1168074739 ns, Reaching safepoint: 111979 ns, At safepoint: 83097 ns, Total: 195076 ns
[2023-07-14T21:12:28.198+0000][66][info ][safepoint   ] Safepoint "Cleanup", Time since last: 1011057751 ns, Reaching safepoint: 233080 ns, At safepoint: 29182 ns, Total: 262262 ns
[2023-07-14T21:12:30.956+0000][66][info ][safepoint   ] Safepoint "Cleanup", Time since last: 2757352334 ns, Reaching safepoint: 233666 ns, At safepoint: 39886 ns, Total: 273552 ns
[2023-07-14T21:12:32.423+0000][66][info ][safepoint   ] Safepoint "Cleanup", Time since last: 1467297660 ns, Reaching safepoint: 213293 ns, At safepoint: 14659 ns, Total: 227952 ns
[2023-07-14T21:12:33.425+0000][66][info ][safepoint   ] Safepoint "Cleanup", Time since last: 1001480178 ns, Reaching safepoint: 294911 ns, At safepoint: 4104 ns, Total: 299015 ns
[2023-07-14T21:12:34.427+0000][66][info ][safepoint   ] Safepoint "Cleanup", Time since last: 1001170383 ns, Reaching safepoint: 420270 ns, At safepoint: 10000 ns, Total: 430270 ns
[2023-07-14T21:12:36.967+0000][66][info ][safepoint   ] Safepoint "Cleanup", Time since last: 2540437784 ns, Reaching safepoint: 142004 ns, At safepoint: 33464 ns, Total: 175468 ns
[2023-07-14T21:12:38.699+0000][66][info ][safepoint   ] Safepoint "Cleanup", Time since last: 1731432298 ns, Reaching safepoint: 161640 ns, At safepoint: 3324 ns, Total: 164964 ns
[2023-07-14T21:12:40.700+0000][66][info ][safepoint   ] Safepoint "Cleanup", Time since last: 2001224982 ns, Reaching safepoint: 142050 ns, At safepoint: 3220 ns, Total: 145270 ns
[2023-07-14T21:12:42.703+0000][66][info ][safepoint   ] Safepoint "Cleanup", Time since last: 2001681120 ns, Reaching safepoint: 222452 ns, At safepoint: 4426 ns, Total: 226878 ns
[2023-07-14T21:12:43.906+0000][66][info ][safepoint   ] Safepoint "Cleanup", Time since last: 1202561120 ns, Reaching safepoint: 135680 ns, At safepoint: 3891 ns, Total: 139571 ns
[2023-07-14T21:12:45.978+0000][66][info ][safepoint   ] Safepoint "Cleanup", Time since last: 2072088349 ns, Reaching safepoint: 201945 ns, At safepoint: 20375 ns, Total: 222320 ns
[2023-07-14T21:12:47.981+0000][66][info ][safepoint   ] Safepoint "Cleanup", Time since last: 2002000989 ns, Reaching safepoint: 644416 ns, At safepoint: 10252 ns, Total: 654668 ns
[2023-07-14T21:12:49.007+0000][66][info ][safepoint   ] Safepoint "Cleanup", Time since last: 1026501069 ns, Reaching safepoint: 212505 ns, At safepoint: 39385 ns, Total: 251890 ns
[2023-07-14T21:12:50.158+0000][66][info ][safepoint   ] Safepoint "Cleanup", Time since last: 1150068732 ns, Reaching safepoint: 140022 ns, At safepoint: 9824 ns, Total: 149846 ns
[2023-07-14T21:12:54.278+0000][66][info ][safepoint   ] Safepoint "Cleanup", Time since last: 4119637928 ns, Reaching safepoint: 644621 ns, At safepoint: 24117 ns, Total: 668738 ns
[2023-07-14T21:12:55.288+0000][66][info ][safepoint   ] Safepoint "Cleanup", Time since last: 1009720103 ns, Reaching safepoint: 254952 ns, At safepoint: 52052 ns, Total: 307004 ns
[2023-07-14T21:12:56.545+0000][66][info ][safepoint   ] Safepoint "Cleanup", Time since last: 1256924289 ns, Reaching safepoint: 197139 ns, At safepoint: 32975 ns, Total: 230114 ns
[2023-07-14T21:12:57.710+0000][66][info ][safepoint   ] Safepoint "Cleanup", Time since last: 1164591906 ns, Reaching safepoint: 197347 ns, At safepoint: 13019 ns, Total: 210366 ns
[2023-07-14T21:12:58.711+0000][66][info ][safepoint   ] Safepoint "Cleanup", Time since last: 1001206197 ns, Reaching safepoint: 224476 ns, At safepoint: 3968 ns, Total: 228444 ns
[2023-07-14T21:13:00.950+0000][66][info ][safepoint   ] Safepoint "Cleanup", Time since last: 2238785209 ns, Reaching safepoint: 257423 ns, At safepoint: 33426 ns, Total: 290849 ns
[2023-07-14T21:13:01.952+0000][66][info ][safepoint   ] Safepoint "Cleanup", Time since last: 1001612799 ns, Reaching safepoint: 84588 ns, At safepoint: 64289 ns, Total: 148877 ns
[2023-07-14T21:13:02.985+0000][66][info ][safepoint   ] Safepoint "Cleanup", Time since last: 1032052443 ns, Reaching safepoint: 536406 ns, At safepoint: 10761 ns, Total: 547167 ns
[2023-07-14T21:13:03.988+0000][66][info ][safepoint   ] Safepoint "Cleanup", Time since last: 1002656751 ns, Reaching safepoint: 341060 ns, At safepoint: 11676 ns, Total: 352736 ns
[2023-07-14T21:13:05.994+0000][66][info ][safepoint   ] Safepoint "Cleanup", Time since last: 2005744714 ns, Reaching safepoint: 222437 ns, At safepoint: 5237 ns, Total: 227674 ns
[2023-07-14T21:13:07.041+0000][66][info ][safepoint   ] Safepoint "Cleanup", Time since last: 1046703966 ns, Reaching safepoint: 168387 ns, At safepoint: 55092 ns, Total: 223479 ns
[2023-07-14T21:13:08.252+0000][66][info ][safepoint   ] Safepoint "Cleanup", Time since last: 1211348716 ns, Reaching safepoint: 330528 ns, At safepoint: 15842 ns, Total: 346370 ns
[2023-07-14T21:13:10.336+0000][66][info ][safepoint   ] Safepoint "Cleanup", Time since last: 2083813398 ns, Reaching safepoint: 224576 ns, At safepoint: 17003 ns, Total: 241579 ns
[2023-07-14T21:13:13.046+0000][66][info ][safepoint   ] Safepoint "Cleanup", Time since last: 2708247652 ns, Reaching safepoint: 230638 ns, At safepoint: 50302 ns, Total: 280940 ns
[2023-07-14T21:13:14.710+0000][66][info ][safepoint   ] Safepoint "Cleanup", Time since last: 1663781746 ns, Reaching safepoint: 494306 ns, At safepoint: 20791 ns, Total: 515097 ns
[2023-07-14T21:13:16.714+0000][66][info ][safepoint   ] Safepoint "Cleanup", Time since last: 2003093104 ns, Reaching safepoint: 354066 ns, At safepoint: 7131 ns, Total: 361197 ns
[2023-07-14T21:13:19.962+0000][66][info ][safepoint   ] Safepoint "Cleanup", Time since last: 3248183791 ns, Reaching safepoint: 162771 ns, At safepoint: 27534 ns, Total: 190305 ns
[2023-07-14T21:13:21.155+0000][66][info ][safepoint   ] Safepoint "Cleanup", Time since last: 1192343581 ns, Reaching safepoint: 107915 ns, At safepoint: 4285 ns, Total: 112200 ns
[2023-07-14T21:13:22.162+0000][66][info ][safepoint   ] Safepoint "Cleanup", Time since last: 1007432019 ns, Reaching safepoint: 241365 ns, At safepoint: 4163 ns, Total: 245528 ns
[2023-07-14T21:13:24.967+0000][66][info ][safepoint   ] Safepoint "Cleanup", Time since last: 2804354326 ns, Reaching safepoint: 258253 ns, At safepoint: 60134 ns, Total: 318387 ns
[2023-07-14T21:13:26.390+0000][66][info ][safepoint   ] Safepoint "Cleanup", Time since last: 1423203991 ns, Reaching safepoint: 250879 ns, At safepoint: 5279 ns, Total: 256158 ns
[2023-07-14T21:13:27.649+0000][66][info ][safepoint   ] Safepoint "Cleanup", Time since last: 1258291319 ns, Reaching safepoint: 252858 ns, At safepoint: 5192 ns, Total: 258050 ns
[2023-07-14T21:13:31.005+0000][66][info ][safepoint   ] Safepoint "Cleanup", Time since last: 3355631344 ns, Reaching safepoint: 293542 ns, At safepoint: 22662 ns, Total: 316204 ns
[2023-07-14T21:13:32.948+0000][66][info ][safepoint   ] Safepoint "Cleanup", Time since last: 1942666166 ns, Reaching safepoint: 367255 ns, At safepoint: 7454 ns, Total: 374709 ns
[2023-07-14T21:13:33.950+0000][66][info ][safepoint   ] Safepoint "Cleanup", Time since last: 1002301989 ns, Reaching safepoint: 223744 ns, At safepoint: 4763 ns, Total: 228507 ns
[2023-07-14T21:13:35.414+0000][66][info ][safepoint   ] Safepoint "Cleanup", Time since last: 1463325903 ns, Reaching safepoint: 645800 ns, At safepoint: 9733 ns, Total: 655533 ns
[2023-07-14T21:13:36.417+0000][66][info ][safepoint   ] Safepoint "Cleanup", Time since last: 1002455787 ns, Reaching safepoint: 211640 ns, At safepoint: 14891 ns, Total: 226531 ns
[2023-07-14T21:13:38.143+0000][66][info ][safepoint   ] Safepoint "Cleanup", Time since last: 1724739359 ns, Reaching safepoint: 735467 ns, At safepoint: 178819 ns, Total: 914286 ns
[2023-07-14T21:13:39.262+0000][66][info ][safepoint   ] Safepoint "Cleanup", Time since last: 1118874178 ns, Reaching safepoint: 178217 ns, At safepoint: 39527 ns, Total: 217744 ns
[2023-07-14T21:13:40.452+0000][66][info ][safepoint   ] Safepoint "Cleanup", Time since last: 1189887815 ns, Reaching safepoint: 253741 ns, At safepoint: 10034 ns, Total: 263775 ns
[2023-07-14T21:13:42.454+0000][66][info ][safepoint   ] Safepoint "Cleanup", Time since last: 2001533293 ns, Reaching safepoint: 178519 ns, At safepoint: 3231 ns, Total: 181750 ns
[2023-07-14T21:13:43.521+0000][66][info ][safepoint   ] Safepoint "Cleanup", Time since last: 1066251372 ns, Reaching safepoint: 120466 ns, At safepoint: 52507 ns, Total: 172973 ns
[2023-07-14T21:13:44.697+0000][66][info ][safepoint   ] Safepoint "Cleanup", Time since last: 1175839093 ns, Reaching safepoint: 222203 ns, At safepoint: 50798 ns, Total: 273001 ns
[2023-07-14T21:13:46.706+0000][66][info ][safepoint   ] Safepoint "Cleanup", Time since last: 2008972794 ns, Reaching safepoint: 194268 ns, At safepoint: 4119 ns, Total: 198387 ns
[2023-07-14T21:13:47.708+0000][66][info ][safepoint   ] Safepoint "Cleanup", Time since last: 1001913137 ns, Reaching safepoint: 336325 ns, At safepoint: 34141 ns, Total: 370466 ns
[2023-07-14T21:13:48.710+0000][66][info ][safepoint   ] Safepoint "Cleanup", Time since last: 1000890689 ns, Reaching safepoint: 294850 ns, At safepoint: 4782 ns, Total: 299632 ns
[2023-07-14T21:13:48.855+0000][66][info ][gc,start    ] GC(13) Pause Young (Normal) (G1 Evacuation Pause)
[2023-07-14T21:13:48.859+0000][66][info ][gc,task     ] GC(13) Using 6 workers of 6 for evacuation
[2023-07-14T21:13:48.859+0000][66][debug][gc,age      ] GC(13) Desired survivor size 52428800 bytes, new threshold 3 (max threshold 15)
[2023-07-14T21:13:49.149+0000][66][info ][gc,mmu      ] GC(13) MMU target violated: 201.0ms (200.0ms/201.0ms)
[2023-07-14T21:13:49.152+0000][66][info ][gc,phases   ] GC(13)   Pre Evacuate Collection Set: 0.9ms
[2023-07-14T21:13:49.153+0000][66][info ][gc,phases   ] GC(13)   Merge Heap Roots: 0.2ms
[2023-07-14T21:13:49.154+0000][66][info ][gc,phases   ] GC(13)   Evacuate Collection Set: 279.0ms
[2023-07-14T21:13:49.155+0000][66][info ][gc,phases   ] GC(13)   Post Evacuate Collection Set: 6.2ms
[2023-07-14T21:13:49.157+0000][66][info ][gc,phases   ] GC(13)   Other: 6.9ms
[2023-07-14T21:13:49.158+0000][66][trace][gc,age      ] GC(13) Age table with threshold 3 (max threshold 15)
[2023-07-14T21:13:49.158+0000][66][trace][gc,age      ] GC(13) - age   1:    2999248 bytes,    2999248 total
[2023-07-14T21:13:49.159+0000][66][trace][gc,age      ] GC(13) - age   2:   32960944 bytes,   35960192 total
[2023-07-14T21:13:49.160+0000][66][trace][gc,age      ] GC(13) - age   3:   15143112 bytes,   51103304 total
[2023-07-14T21:13:49.160+0000][66][info ][gc,heap     ] GC(13) Eden regions: 173->0(126)
[2023-07-14T21:13:49.161+0000][66][info ][gc,heap     ] GC(13) Survivor regions: 23->15(25)
[2023-07-14T21:13:49.162+0000][66][info ][gc,heap     ] GC(13) Old regions: 6->14
[2023-07-14T21:13:49.162+0000][66][info ][gc,heap     ] GC(13) Archive regions: 2->2
[2023-07-14T21:13:49.163+0000][66][info ][gc,heap     ] GC(13) Humongous regions: 0->0
[2023-07-14T21:13:49.165+0000][66][info ][gc,metaspace] GC(13) Metaspace: 136115K(139456K)->136115K(139456K) NonClass: 118313K(120064K)->118313K(120064K) Class: 17801K(19392K)->17801K(19392K)
[2023-07-14T21:13:49.165+0000][66][info ][gc          ] GC(13) Pause Young (Normal) (G1 Evacuation Pause) 806M->114M(3932M) 311.245ms
[2023-07-14T21:13:49.166+0000][66][info ][gc,cpu      ] GC(13) User=0.52s Sys=0.14s Real=0.32s
[2023-07-14T21:13:49.167+0000][66][info ][safepoint   ] Safepoint "G1CollectForAllocation", Time since last: 141157571 ns, Reaching safepoint: 207308 ns, At safepoint: 316119383 ns, Total: 316326691 ns
[2023-07-14T21:13:50.351+0000][66][info ][safepoint   ] Safepoint "Cleanup", Time since last: 1181075636 ns, Reaching safepoint: 2436789 ns, At safepoint: 177752 ns, Total: 2614541 ns
[2023-07-14T21:13:51.879+0000][66][info ][safepoint   ] Safepoint "Cleanup", Time since last: 1527997667 ns, Reaching safepoint: 125441 ns, At safepoint: 103075 ns, Total: 228516 ns
[2023-07-14T21:13:52.881+0000][66][info ][safepoint   ] Safepoint "Cleanup", Time since last: 1001544467 ns, Reaching safepoint: 165430 ns, At safepoint: 12983 ns, Total: 178413 ns
[2023-07-14T21:13:53.882+0000][66][info ][safepoint   ] Safepoint "Cleanup", Time since last: 1001192099 ns, Reaching safepoint: 178467 ns, At safepoint: 2977 ns, Total: 181444 ns
[2023-07-14T21:13:54.883+0000][66][info ][safepoint   ] Safepoint "Cleanup", Time since last: 1001104478 ns, Reaching safepoint: 161556 ns, At safepoint: 9181 ns, Total: 170737 ns
[2023-07-14T21:13:56.130+0000][66][info ][safepoint   ] Safepoint "Cleanup", Time since last: 1246826944 ns, Reaching safepoint: 176699 ns, At safepoint: 4981 ns, Total: 181680 ns
[2023-07-14T21:13:58.307+0000][66][info ][safepoint   ] Safepoint "Cleanup", Time since last: 2176835840 ns, Reaching safepoint: 200908 ns, At safepoint: 9035 ns, Total: 209943 ns
[2023-07-14T21:13:59.309+0000][66][info ][safepoint   ] Safepoint "Cleanup", Time since last: 1001239582 ns, Reaching safepoint: 241380 ns, At safepoint: 10559 ns, Total: 251939 ns
[2023-07-14T21:14:00.968+0000][66][info ][safepoint   ] Safepoint "Cleanup", Time since last: 1658658421 ns, Reaching safepoint: 136944 ns, At safepoint: 4884 ns, Total: 141828 ns
[2023-07-14T21:14:02.585+0000][66][info ][safepoint   ] Safepoint "Cleanup", Time since last: 1617518552 ns, Reaching safepoint: 199946 ns, At safepoint: 3712 ns, Total: 203658 ns
[2023-07-14T21:14:03.587+0000][66][info ][safepoint   ] Safepoint "Cleanup", Time since last: 1001275197 ns, Reaching safepoint: 374754 ns, At safepoint: 19467 ns, Total: 394221 ns
[2023-07-14T21:14:06.568+0000][66][info ][safepoint   ] Safepoint "Cleanup", Time since last: 2981131753 ns, Reaching safepoint: 157587 ns, At safepoint: 46754 ns, Total: 204341 ns
[2023-07-14T21:14:07.798+0000][66][info ][safepoint   ] Safepoint "Cleanup", Time since last: 1229459897 ns, Reaching safepoint: 211399 ns, At safepoint: 76068 ns, Total: 287467 ns
[2023-07-14T21:14:08.871+0000][66][info ][safepoint   ] Safepoint "Cleanup", Time since last: 1072608519 ns, Reaching safepoint: 159303 ns, At safepoint: 13279 ns, Total: 172582 ns
[2023-07-14T21:14:12.874+0000][66][info ][safepoint   ] Safepoint "Cleanup", Time since last: 4002049109 ns, Reaching safepoint: 287676 ns, At safepoint: 8027 ns, Total: 295703 ns
[2023-07-14T21:14:14.090+0000][66][info ][safepoint   ] Safepoint "Cleanup", Time since last: 1216099889 ns, Reaching safepoint: 120630 ns, At safepoint: 10687 ns, Total: 131317 ns
[2023-07-14T21:14:16.240+0000][66][info ][safepoint   ] Safepoint "Cleanup", Time since last: 2149363118 ns, Reaching safepoint: 296845 ns, At safepoint: 5730 ns, Total: 302575 ns
[2023-07-14T21:14:18.979+0000][66][info ][safepoint   ] Safepoint "Cleanup", Time since last: 2738880974 ns, Reaching safepoint: 185550 ns, At safepoint: 31300 ns, Total: 216850 ns
[2023-07-14T21:14:21.683+0000][66][info ][safepoint   ] Safepoint "Cleanup", Time since last: 2703748460 ns, Reaching safepoint: 466815 ns, At safepoint: 15425 ns, Total: 482240 ns
[2023-07-14T21:14:22.687+0000][66][info ][safepoint   ] Safepoint "Cleanup", Time since last: 1002635159 ns, Reaching safepoint: 659926 ns, At safepoint: 23522 ns, Total: 683448 ns
[2023-07-14T21:14:23.691+0000][66][info ][safepoint   ] Safepoint "Cleanup", Time since last: 1003798916 ns, Reaching safepoint: 625795 ns, At safepoint: 10810 ns, Total: 636605 ns
[2023-07-14T21:14:24.981+0000][66][info ][safepoint   ] Safepoint "Cleanup", Time since last: 1290113249 ns, Reaching safepoint: 225354 ns, At safepoint: 41324 ns, Total: 266678 ns
[2023-07-14T21:14:26.933+0000][66][info ][safepoint   ] Safepoint "Cleanup", Time since last: 1951609850 ns, Reaching safepoint: 218253 ns, At safepoint: 9562 ns, Total: 227815 ns
[2023-07-14T21:14:27.937+0000][66][info ][safepoint   ] Safepoint "Cleanup", Time since last: 1003102693 ns, Reaching safepoint: 662692 ns, At safepoint: 15741 ns, Total: 678433 ns
[2023-07-14T21:14:30.941+0000][66][info ][safepoint   ] Safepoint "Cleanup", Time since last: 3003325028 ns, Reaching safepoint: 205191 ns, At safepoint: 6432 ns, Total: 211623 ns
[2023-07-14T21:14:32.101+0000][66][info ][safepoint   ] Safepoint "Cleanup", Time since last: 1160458204 ns, Reaching safepoint: 222600 ns, At safepoint: 5311 ns, Total: 227911 ns
[2023-07-14T21:14:33.722+0000][66][info ][safepoint   ] Safepoint "Cleanup", Time since last: 1619759851 ns, Reaching safepoint: 553520 ns, At safepoint: 24367 ns, Total: 577887 ns
[2023-07-14T21:14:34.851+0000][66][info ][safepoint   ] Safepoint "Cleanup", Time since last: 1129023577 ns, Reaching safepoint: 373883 ns, At safepoint: 13440 ns, Total: 387323 ns
[2023-07-14T21:14:36.823+0000][66][info ][safepoint   ] Safepoint "Cleanup", Time since last: 1971500882 ns, Reaching safepoint: 206958 ns, At safepoint: 30200 ns, Total: 237158 ns
[2023-07-14T21:14:37.989+0000][66][info ][safepoint   ] Safepoint "Cleanup", Time since last: 1165481106 ns, Reaching safepoint: 448430 ns, At safepoint: 58048 ns, Total: 506478 ns
[2023-07-14T21:14:38.997+0000][66][info ][safepoint   ] Safepoint "Cleanup", Time since last: 1007459202 ns, Reaching safepoint: 247590 ns, At safepoint: 11678 ns, Total: 259268 ns
[2023-07-14T21:14:39.999+0000][66][info ][safepoint   ] Safepoint "Cleanup", Time since last: 1001598531 ns, Reaching safepoint: 365320 ns, At safepoint: 15624 ns, Total: 380944 ns
[2023-07-14T21:14:41.001+0000][66][info ][safepoint   ] Safepoint "Cleanup", Time since last: 1001787817 ns, Reaching safepoint: 224134 ns, At safepoint: 5060 ns, Total: 229194 ns
[2023-07-14T21:14:42.995+0000][66][info ][safepoint   ] Safepoint "Cleanup", Time since last: 1993577851 ns, Reaching safepoint: 157017 ns, At safepoint: 3470 ns, Total: 160487 ns
[2023-07-14T21:14:44.819+0000][66][info ][safepoint   ] Safepoint "Cleanup", Time since last: 1823678670 ns, Reaching safepoint: 416768 ns, At safepoint: 15298 ns, Total: 432066 ns
[2023-07-14T21:14:45.822+0000][66][info ][safepoint   ] Safepoint "Cleanup", Time since last: 1002614525 ns, Reaching safepoint: 186924 ns, At safepoint: 6772 ns, Total: 193696 ns
[2023-07-14T21:14:46.825+0000][66][info ][safepoint   ] Safepoint "Cleanup", Time since last: 1001913566 ns, Reaching safepoint: 486007 ns, At safepoint: 15802 ns, Total: 501809 ns
[2023-07-14T21:14:49.208+0000][66][info ][safepoint   ] Safepoint "Cleanup", Time since last: 2383241369 ns, Reaching safepoint: 203474 ns, At safepoint: 31694 ns, Total: 235168 ns
[2023-07-14T21:14:50.894+0000][66][info ][safepoint   ] Safepoint "Cleanup", Time since last: 1684997853 ns, Reaching safepoint: 267847 ns, At safepoint: 137086 ns, Total: 404933 ns
[2023-07-14T21:14:51.896+0000][66][info ][safepoint   ] Safepoint "Cleanup", Time since last: 1001918656 ns, Reaching safepoint: 96357 ns, At safepoint: 2702 ns, Total: 99059 ns
[2023-07-14T21:14:53.144+0000][66][info ][safepoint   ] Safepoint "Cleanup", Time since last: 1247657920 ns, Reaching safepoint: 815493 ns, At safepoint: 108225 ns, Total: 923718 ns
[2023-07-14T21:14:55.134+0000][66][info ][safepoint   ] Safepoint "Cleanup", Time since last: 1989371191 ns, Reaching safepoint: 220743 ns, At safepoint: 57926 ns, Total: 278669 ns
[2023-07-14T21:14:56.726+0000][66][info ][safepoint   ] Safepoint "Cleanup", Time since last: 1592327069 ns, Reaching safepoint: 118557 ns, At safepoint: 3058 ns, Total: 121615 ns
[2023-07-14T21:14:57.737+0000][66][info ][safepoint   ] Safepoint "Cleanup", Time since last: 1010790842 ns, Reaching safepoint: 393064 ns, At safepoint: 17229 ns, Total: 410293 ns
[2023-07-14T21:14:58.896+0000][66][info ][safepoint   ] Safepoint "Cleanup", Time since last: 1158526106 ns, Reaching safepoint: 92083 ns, At safepoint: 35290 ns, Total: 127373 ns
[2023-07-14T21:14:59.955+0000][66][info ][safepoint   ] Safepoint "Cleanup", Time since last: 1057975706 ns, Reaching safepoint: 412844 ns, At safepoint: 17682 ns, Total: 430526 ns
[2023-07-14T21:15:00.991+0000][66][info ][safepoint   ] Safepoint "Cleanup", Time since last: 1036797651 ns, Reaching safepoint: 102578 ns, At safepoint: 27834 ns, Total: 130412 ns
[2023-07-14T21:15:02.439+0000][66][info ][safepoint   ] Safepoint "Cleanup", Time since last: 1446698171 ns, Reaching safepoint: 777460 ns, At safepoint: 23042 ns, Total: 800502 ns
[2023-07-14T21:15:03.443+0000][66][info ][safepoint   ] Safepoint "Cleanup", Time since last: 1004025678 ns, Reaching safepoint: 397258 ns, At safepoint: 18693 ns, Total: 415951 ns
[2023-07-14T21:15:05.429+0000][66][info ][safepoint   ] Safepoint "Cleanup", Time since last: 1984777142 ns, Reaching safepoint: 352085 ns, At safepoint: 6798 ns, Total: 358883 ns
[2023-07-14T21:15:06.431+0000][66][info ][safepoint   ] Safepoint "Cleanup", Time since last: 1002554582 ns, Reaching safepoint: 293663 ns, At safepoint: 13868 ns, Total: 307531 ns
[2023-07-14T21:15:07.637+0000][66][info ][safepoint   ] Safepoint "Cleanup", Time since last: 1205280814 ns, Reaching safepoint: 202274 ns, At safepoint: 28589 ns, Total: 230863 ns
[2023-07-14T21:15:10.697+0000][66][info ][safepoint   ] Safepoint "Cleanup", Time since last: 3059609794 ns, Reaching safepoint: 836381 ns, At safepoint: 17766 ns, Total: 854147 ns
[2023-07-14T21:15:12.999+0000][66][info ][safepoint   ] Safepoint "Cleanup", Time since last: 2300822773 ns, Reaching safepoint: 206756 ns, At safepoint: 36178 ns, Total: 242934 ns
[2023-07-14T21:15:14.142+0000][66][info ][safepoint   ] Safepoint "Cleanup", Time since last: 1142737798 ns, Reaching safepoint: 269434 ns, At safepoint: 43795 ns, Total: 313229 ns
[2023-07-14T21:15:16.071+0000][66][info ][safepoint   ] Safepoint "Cleanup", Time since last: 1928480796 ns, Reaching safepoint: 631816 ns, At safepoint: 22973 ns, Total: 654789 ns
[2023-07-14T21:15:18.989+0000][66][info ][safepoint   ] Safepoint "Cleanup", Time since last: 2917317732 ns, Reaching safepoint: 177169 ns, At safepoint: 41095 ns, Total: 218264 ns
[2023-07-14T21:15:20.056+0000][66][info ][safepoint   ] Safepoint "Cleanup", Time since last: 1066745773 ns, Reaching safepoint: 552087 ns, At safepoint: 15173 ns, Total: 567260 ns
[2023-07-14T21:15:24.980+0000][66][info ][safepoint   ] Safepoint "Cleanup", Time since last: 4923504616 ns, Reaching safepoint: 177624 ns, At safepoint: 34853 ns, Total: 212477 ns
[2023-07-14T21:15:26.650+0000][66][info ][safepoint   ] Safepoint "Cleanup", Time since last: 1669036770 ns, Reaching safepoint: 521984 ns, At safepoint: 10138 ns, Total: 532122 ns
[2023-07-14T21:15:27.654+0000][66][info ][safepoint   ] Safepoint "Cleanup", Time since last: 1003513685 ns, Reaching safepoint: 532248 ns, At safepoint: 9699 ns, Total: 541947 ns
[2023-07-14T21:15:28.657+0000][66][info ][safepoint   ] Safepoint "Cleanup", Time since last: 1002815390 ns, Reaching safepoint: 559108 ns, At safepoint: 17339 ns, Total: 576447 ns
[2023-07-14T21:15:31.119+0000][66][info ][safepoint   ] Safepoint "Cleanup", Time since last: 2461414694 ns, Reaching safepoint: 214956 ns, At safepoint: 27083 ns, Total: 242039 ns
[2023-07-14T21:15:32.906+0000][66][info ][safepoint   ] Safepoint "Cleanup", Time since last: 1786774178 ns, Reaching safepoint: 674173 ns, At safepoint: 16269 ns, Total: 690442 ns
[2023-07-14T21:15:38.123+0000][66][info ][safepoint   ] Safepoint "Cleanup", Time since last: 5216829500 ns, Reaching safepoint: 43585 ns, At safepoint: 99955 ns, Total: 143540 ns
[2023-07-14T21:15:39.185+0000][66][info ][safepoint   ] Safepoint "Cleanup", Time since last: 1061331073 ns, Reaching safepoint: 381357 ns, At safepoint: 9699 ns, Total: 391056 ns
[2023-07-14T21:15:43.135+0000][66][info ][safepoint   ] Safepoint "Cleanup", Time since last: 3949119302 ns, Reaching safepoint: 231348 ns, At safepoint: 33058 ns, Total: 264406 ns
[2023-07-14T21:15:44.556+0000][66][info ][safepoint   ] Safepoint "Cleanup", Time since last: 1420893262 ns, Reaching safepoint: 376892 ns, At safepoint: 5908 ns, Total: 382800 ns
[2023-07-14T21:15:46.559+0000][66][info ][safepoint   ] Safepoint "Cleanup", Time since last: 2002577077 ns, Reaching safepoint: 243101 ns, At safepoint: 12862 ns, Total: 255963 ns
[2023-07-14T21:15:48.988+0000][66][info ][safepoint   ] Safepoint "Cleanup", Time since last: 2428921595 ns, Reaching safepoint: 147540 ns, At safepoint: 78992 ns, Total: 226532 ns
[2023-07-14T21:15:50.772+0000][66][info ][safepoint   ] Safepoint "Cleanup", Time since last: 1783468423 ns, Reaching safepoint: 346354 ns, At safepoint: 7023 ns, Total: 353377 ns
[2023-07-14T21:15:52.776+0000][66][info ][safepoint   ] Safepoint "Cleanup", Time since last: 2003193759 ns, Reaching safepoint: 432878 ns, At safepoint: 8651 ns, Total: 441529 ns
[2023-07-14T21:15:55.004+0000][66][info ][safepoint   ] Safepoint "Cleanup", Time since last: 2227772466 ns, Reaching safepoint: 160137 ns, At safepoint: 33756 ns, Total: 193893 ns
[2023-07-14T21:15:56.017+0000][66][info ][safepoint   ] Safepoint "Cleanup", Time since last: 1013280420 ns, Reaching safepoint: 66881 ns, At safepoint: 2261 ns, Total: 69142 ns
[2023-07-14T21:15:58.051+0000][66][info ][safepoint   ] Safepoint "Cleanup", Time since last: 2033721959 ns, Reaching safepoint: 281284 ns, At safepoint: 34108 ns, Total: 315392 ns
[2023-07-14T21:16:00.927+0000][66][info ][safepoint   ] Safepoint "Cleanup", Time since last: 2875263486 ns, Reaching safepoint: 288331 ns, At safepoint: 11035 ns, Total: 299366 ns
[2023-07-14T21:16:02.137+0000][66][info ][safepoint   ] Safepoint "Cleanup", Time since last: 1209964137 ns, Reaching safepoint: 414948 ns, At safepoint: 15961 ns, Total: 430909 ns
[2023-07-14T21:16:04.310+0000][66][info ][safepoint   ] Safepoint "Cleanup", Time since last: 2172255478 ns, Reaching safepoint: 653642 ns, At safepoint: 10373 ns, Total: 664015 ns
[2023-07-14T21:16:07.507+0000][66][info ][safepoint   ] Safepoint "Cleanup", Time since last: 3196961792 ns, Reaching safepoint: 177094 ns, At safepoint: 28747 ns, Total: 205841 ns
[2023-07-14T21:16:08.668+0000][66][info ][safepoint   ] Safepoint "Cleanup", Time since last: 1160972698 ns, Reaching safepoint: 243574 ns, At safepoint: 7172 ns, Total: 250746 ns
[2023-07-14T21:16:09.681+0000][66][info ][safepoint   ] Safepoint "Cleanup", Time since last: 1012290172 ns, Reaching safepoint: 400486 ns, At safepoint: 7400 ns, Total: 407886 ns
[2023-07-14T21:16:10.684+0000][66][info ][safepoint   ] Safepoint "Cleanup", Time since last: 1002678776 ns, Reaching safepoint: 511005 ns, At safepoint: 11242 ns, Total: 522247 ns
[2023-07-14T21:16:12.690+0000][66][info ][safepoint   ] Safepoint "Cleanup", Time since last: 2003898444 ns, Reaching safepoint: 668444 ns, At safepoint: 14972 ns, Total: 683416 ns
[2023-07-14T21:16:13.873+0000][66][info ][safepoint   ] Safepoint "Cleanup", Time since last: 1183362146 ns, Reaching safepoint: 102743 ns, At safepoint: 27813 ns, Total: 130556 ns
[2023-07-14T21:16:15.935+0000][66][info ][safepoint   ] Safepoint "Cleanup", Time since last: 2061609026 ns, Reaching safepoint: 347628 ns, At safepoint: 7080 ns, Total: 354708 ns
[2023-07-14T21:16:18.938+0000][66][info ][safepoint   ] Safepoint "Cleanup", Time since last: 3003151849 ns, Reaching safepoint: 180603 ns, At safepoint: 3640 ns, Total: 184243 ns
[2023-07-14T21:16:20.164+0000][66][info ][safepoint   ] Safepoint "Cleanup", Time since last: 1225468037 ns, Reaching safepoint: 196764 ns, At safepoint: 15226 ns, Total: 211990 ns
[2023-07-14T21:16:21.269+0000][66][info ][safepoint   ] Safepoint "Cleanup", Time since last: 1103835448 ns, Reaching safepoint: 520825 ns, At safepoint: 7705 ns, Total: 528530 ns
[2023-07-14T21:16:22.272+0000][66][info ][safepoint   ] Safepoint "Cleanup", Time since last: 1002622041 ns, Reaching safepoint: 545557 ns, At safepoint: 6864 ns, Total: 552421 ns
[2023-07-14T21:16:23.275+0000][66][info ][safepoint   ] Safepoint "Cleanup", Time since last: 1002619705 ns, Reaching safepoint: 506893 ns, At safepoint: 18344 ns, Total: 525237 ns
[2023-07-14T21:16:26.583+0000][66][info ][safepoint   ] Safepoint "Cleanup", Time since last: 3307527197 ns, Reaching safepoint: 196049 ns, At safepoint: 3436 ns, Total: 199485 ns
[2023-07-14T21:16:32.145+0000][66][info ][safepoint   ] Safepoint "Cleanup", Time since last: 5561660993 ns, Reaching safepoint: 287986 ns, At safepoint: 44346 ns, Total: 332332 ns
[2023-07-14T21:16:32.772+0000][66][info ][gc,start    ] GC(14) Pause Young (Normal) (G1 Evacuation Pause)
[2023-07-14T21:16:32.774+0000][66][info ][gc,task     ] GC(14) Using 6 workers of 6 for evacuation
[2023-07-14T21:16:32.775+0000][66][debug][gc,age      ] GC(14) Desired survivor size 37748736 bytes, new threshold 3 (max threshold 15)
[2023-07-14T21:16:32.942+0000][66][info ][gc,phases   ] GC(14)   Pre Evacuate Collection Set: 0.4ms
[2023-07-14T21:16:32.944+0000][66][info ][gc,phases   ] GC(14)   Merge Heap Roots: 0.4ms
[2023-07-14T21:16:32.945+0000][66][info ][gc,phases   ] GC(14)   Evacuate Collection Set: 160.2ms
[2023-07-14T21:16:32.947+0000][66][info ][gc,phases   ] GC(14)   Post Evacuate Collection Set: 4.2ms
[2023-07-14T21:16:32.949+0000][66][info ][gc,phases   ] GC(14)   Other: 3.1ms
[2023-07-14T21:16:32.951+0000][66][trace][gc,age      ] GC(14) Age table with threshold 3 (max threshold 15)
[2023-07-14T21:16:32.952+0000][66][trace][gc,age      ] GC(14) - age   1:    2664888 bytes,    2664888 total
[2023-07-14T21:16:32.954+0000][66][trace][gc,age      ] GC(14) - age   2:    1732072 bytes,    4396960 total
[2023-07-14T21:16:32.955+0000][66][trace][gc,age      ] GC(14) - age   3:   32557712 bytes,   36954672 total
[2023-07-14T21:16:32.957+0000][66][info ][gc,heap     ] GC(14) Eden regions: 126->0(257)
[2023-07-14T21:16:32.959+0000][66][info ][gc,heap     ] GC(14) Survivor regions: 15->10(18)
[2023-07-14T21:16:32.960+0000][66][info ][gc,heap     ] GC(14) Old regions: 14->18
[2023-07-14T21:16:32.961+0000][66][info ][gc,heap     ] GC(14) Archive regions: 2->2
[2023-07-14T21:16:32.963+0000][66][info ][gc,heap     ] GC(14) Humongous regions: 0->0
[2023-07-14T21:16:32.964+0000][66][info ][gc,metaspace] GC(14) Metaspace: 136815K(140160K)->136815K(140160K) NonClass: 119007K(120768K)->119007K(120768K) Class: 17808K(19392K)->17808K(19392K)
[2023-07-14T21:16:32.966+0000][66][info ][gc          ] GC(14) Pause Young (Normal) (G1 Evacuation Pause) 618M->112M(3932M) 193.642ms
[2023-07-14T21:16:32.967+0000][66][info ][gc,cpu      ] GC(14) User=0.40s Sys=0.10s Real=0.19s
[2023-07-14T21:16:32.970+0000][66][info ][safepoint   ] Safepoint "G1CollectForAllocation", Time since last: 627184397 ns, Reaching safepoint: 354865 ns, At safepoint: 197512968 ns, Total: 197867833 ns
[2023-07-14T21:16:34.437+0000][66][info ][safepoint   ] Safepoint "Cleanup", Time since last: 1467021646 ns, Reaching safepoint: 438719 ns, At safepoint: 17752 ns, Total: 456471 ns
[2023-07-14T21:16:37.005+0000][66][info ][safepoint   ] Safepoint "Cleanup", Time since last: 2567899507 ns, Reaching safepoint: 190909 ns, At safepoint: 32846 ns, Total: 223755 ns
[2023-07-14T21:16:38.662+0000][66][info ][safepoint   ] Safepoint "Cleanup", Time since last: 1656055573 ns, Reaching safepoint: 266619 ns, At safepoint: 4184 ns, Total: 270803 ns
[2023-07-14T21:16:43.877+0000][66][info ][safepoint   ] Safepoint "Cleanup", Time since last: 5214194833 ns, Reaching safepoint: 218016 ns, At safepoint: 29912 ns, Total: 247928 ns
[2023-07-14T21:16:45.939+0000][66][info ][safepoint   ] Safepoint "Cleanup", Time since last: 2061915257 ns, Reaching safepoint: 377714 ns, At safepoint: 6249 ns, Total: 383963 ns
[2023-07-14T21:16:46.942+0000][66][info ][safepoint   ] Safepoint "Cleanup", Time since last: 1002316205 ns, Reaching safepoint: 479069 ns, At safepoint: 23352 ns, Total: 502421 ns
[2023-07-14T21:16:48.492+0000][66][info ][safepoint   ] Safepoint "Cleanup", Time since last: 1550046521 ns, Reaching safepoint: 239917 ns, At safepoint: 36254 ns, Total: 276171 ns
[2023-07-14T21:16:50.139+0000][66][info ][safepoint   ] Safepoint "Cleanup", Time since last: 1646624851 ns, Reaching safepoint: 61868 ns, At safepoint: 44588 ns, Total: 106456 ns
[2023-07-14T21:16:51.202+0000][66][info ][safepoint   ] Safepoint "Cleanup", Time since last: 1062801710 ns, Reaching safepoint: 422638 ns, At safepoint: 7271 ns, Total: 429909 ns
[2023-07-14T21:16:53.206+0000][66][info ][safepoint   ] Safepoint "Cleanup", Time since last: 2003906849 ns, Reaching safepoint: 234028 ns, At safepoint: 4417 ns, Total: 238445 ns
[2023-07-14T21:16:54.811+0000][66][info ][safepoint   ] Safepoint "Cleanup", Time since last: 1604051306 ns, Reaching safepoint: 224238 ns, At safepoint: 4864 ns, Total: 229102 ns
[2023-07-14T21:16:56.567+0000][66][info ][safepoint   ] Safepoint "Cleanup", Time since last: 1755901804 ns, Reaching safepoint: 353359 ns, At safepoint: 6334 ns, Total: 359693 ns
[2023-07-14T21:16:57.907+0000][66][info ][safepoint   ] Safepoint "Cleanup", Time since last: 1339561020 ns, Reaching safepoint: 91015 ns, At safepoint: 4016 ns, Total: 95031 ns
[2023-07-14T21:16:58.917+0000][66][info ][safepoint   ] Safepoint "Cleanup", Time since last: 1009943798 ns, Reaching safepoint: 296880 ns, At safepoint: 16565 ns, Total: 313445 ns
[2023-07-14T21:17:00.920+0000][66][info ][safepoint   ] Safepoint "Cleanup", Time since last: 2002434294 ns, Reaching safepoint: 215195 ns, At safepoint: 44597 ns, Total: 259792 ns
[2023-07-14T21:17:02.082+0000][66][info ][safepoint   ] Safepoint "Cleanup", Time since last: 1162310214 ns, Reaching safepoint: 198171 ns, At safepoint: 5476 ns, Total: 203647 ns
[2023-07-14T21:17:03.136+0000][66][info ][safepoint   ] Safepoint "Cleanup", Time since last: 1053823912 ns, Reaching safepoint: 413504 ns, At safepoint: 16226 ns, Total: 429730 ns
[2023-07-14T21:17:05.139+0000][66][info ][safepoint   ] Safepoint "Cleanup", Time since last: 2002548631 ns, Reaching safepoint: 410555 ns, At safepoint: 6812 ns, Total: 417367 ns
[2023-07-14T21:17:06.143+0000][66][info ][safepoint   ] Safepoint "Cleanup", Time since last: 1002857443 ns, Reaching safepoint: 839395 ns, At safepoint: 26264 ns, Total: 865659 ns
[2023-07-14T21:17:08.434+0000][66][info ][safepoint   ] Safepoint "Cleanup", Time since last: 2290965696 ns, Reaching safepoint: 224653 ns, At safepoint: 3350 ns, Total: 228003 ns
[2023-07-14T21:17:13.002+0000][66][info ][safepoint   ] Safepoint "Cleanup", Time since last: 4567015141 ns, Reaching safepoint: 155528 ns, At safepoint: 27075 ns, Total: 182603 ns
[2023-07-14T21:17:14.924+0000][66][info ][safepoint   ] Safepoint "Cleanup", Time since last: 1921753530 ns, Reaching safepoint: 191444 ns, At safepoint: 13287 ns, Total: 204731 ns
[2023-07-14T21:17:15.927+0000][66][info ][safepoint   ] Safepoint "Cleanup", Time since last: 1001689912 ns, Reaching safepoint: 1331949 ns, At safepoint: 46832 ns, Total: 1378781 ns
[2023-07-14T21:17:16.931+0000][66][info ][safepoint   ] Safepoint "Cleanup", Time since last: 1003706040 ns, Reaching safepoint: 382089 ns, At safepoint: 16717 ns, Total: 398806 ns
[2023-07-14T21:17:19.221+0000][66][info ][safepoint   ] Safepoint "Cleanup", Time since last: 2289309383 ns, Reaching safepoint: 192555 ns, At safepoint: 50387 ns, Total: 242942 ns
[2023-07-14T21:17:20.222+0000][66][info ][safepoint   ] Safepoint "Cleanup", Time since last: 1000317116 ns, Reaching safepoint: 176127 ns, At safepoint: 35404 ns, Total: 211531 ns
[2023-07-14T21:17:21.345+0000][66][info ][safepoint   ] Safepoint "Cleanup", Time since last: 1122745778 ns, Reaching safepoint: 511975 ns, At safepoint: 110769 ns, Total: 622744 ns
[2023-07-14T21:17:22.357+0000][66][info ][safepoint   ] Safepoint "Cleanup", Time since last: 1011258586 ns, Reaching safepoint: 656815 ns, At safepoint: 27043 ns, Total: 683858 ns
[2023-07-14T21:17:23.360+0000][66][info ][safepoint   ] Safepoint "Cleanup", Time since last: 1002882943 ns, Reaching safepoint: 346702 ns, At safepoint: 8115 ns, Total: 354817 ns
[2023-07-14T21:17:24.363+0000][66][info ][safepoint   ] Safepoint "Cleanup", Time since last: 1002812292 ns, Reaching safepoint: 600420 ns, At safepoint: 11250 ns, Total: 611670 ns
[2023-07-14T21:17:33.840+0000][66][info ][safepoint   ] Safepoint "Cleanup", Time since last: 9475837426 ns, Reaching safepoint: 416960 ns, At safepoint: 5884 ns, Total: 422844 ns
[2023-07-14T21:17:34.845+0000][66][info ][safepoint   ] Safepoint "Cleanup", Time since last: 1003524540 ns, Reaching safepoint: 1367319 ns, At safepoint: 21373 ns, Total: 1388692 ns
[2023-07-14T21:17:35.851+0000][66][info ][safepoint   ] Safepoint "Cleanup", Time since last: 1005048790 ns, Reaching safepoint: 1020653 ns, At safepoint: 30384 ns, Total: 1051037 ns
[2023-07-14T21:17:36.854+0000][66][info ][safepoint   ] Safepoint "Cleanup", Time since last: 1002851519 ns, Reaching safepoint: 385977 ns, At safepoint: 8603 ns, Total: 394580 ns
[2023-07-14T21:17:38.038+0000][66][info ][safepoint   ] Safepoint "Cleanup", Time since last: 1184184394 ns, Reaching safepoint: 201871 ns, At safepoint: 12391 ns, Total: 214262 ns
[2023-07-14T21:17:44.195+0000][66][info ][safepoint   ] Safepoint "Cleanup", Time since last: 6155244563 ns, Reaching safepoint: 245157 ns, At safepoint: 4607 ns, Total: 249764 ns
[2023-07-14T21:17:46.435+0000][66][info ][safepoint   ] Safepoint "Cleanup", Time since last: 2239990767 ns, Reaching safepoint: 565679 ns, At safepoint: 16456 ns, Total: 582135 ns
[2023-07-14T21:17:49.070+0000][66][info ][safepoint   ] Safepoint "Cleanup", Time since last: 2634509546 ns, Reaching safepoint: 433027 ns, At safepoint: 45724 ns, Total: 478751 ns
[2023-07-14T21:17:50.891+0000][66][info ][safepoint   ] Safepoint "Cleanup", Time since last: 1819758066 ns, Reaching safepoint: 390994 ns, At safepoint: 15143 ns, Total: 406137 ns
[2023-07-14T21:17:53.894+0000][66][info ][safepoint   ] Safepoint "Cleanup", Time since last: 3003300352 ns, Reaching safepoint: 421328 ns, At safepoint: 7066 ns, Total: 428394 ns
[2023-07-14T21:17:54.897+0000][66][info ][safepoint   ] Safepoint "Cleanup", Time since last: 1002680474 ns, Reaching safepoint: 238655 ns, At safepoint: 4616 ns, Total: 243271 ns
[2023-07-14T21:17:58.106+0000][66][info ][safepoint   ] Safepoint "Cleanup", Time since last: 3208247186 ns, Reaching safepoint: 516522 ns, At safepoint: 15407 ns, Total: 531929 ns
[2023-07-14T21:18:01.039+0000][66][info ][safepoint   ] Safepoint "Cleanup", Time since last: 2932310759 ns, Reaching safepoint: 184263 ns, At safepoint: 36099 ns, Total: 220362 ns
[2023-07-14T21:18:04.378+0000][66][info ][safepoint   ] Safepoint "Cleanup", Time since last: 3339201647 ns, Reaching safepoint: 622326 ns, At safepoint: 16005 ns, Total: 638331 ns
[2023-07-14T21:18:07.584+0000][66][info ][safepoint   ] Safepoint "Cleanup", Time since last: 3204950723 ns, Reaching safepoint: 271967 ns, At safepoint: 44295 ns, Total: 316262 ns
[2023-07-14T21:18:13.062+0000][66][info ][safepoint   ] Safepoint "Cleanup", Time since last: 5477680850 ns, Reaching safepoint: 210805 ns, At safepoint: 41406 ns, Total: 252211 ns
[2023-07-14T21:18:14.116+0000][66][info ][safepoint   ] Safepoint "Cleanup", Time since last: 1053526371 ns, Reaching safepoint: 200595 ns, At safepoint: 35838 ns, Total: 236433 ns
[2023-07-14T21:18:16.038+0000][66][info ][safepoint   ] Safepoint "Cleanup", Time since last: 1921766125 ns, Reaching safepoint: 335440 ns, At safepoint: 40580 ns, Total: 376020 ns
[2023-07-14T21:18:19.019+0000][66][info ][safepoint   ] Safepoint "Cleanup", Time since last: 2980237253 ns, Reaching safepoint: 176530 ns, At safepoint: 29461 ns, Total: 205991 ns
[2023-07-14T21:18:20.095+0000][66][info ][safepoint   ] Safepoint "Cleanup", Time since last: 1075029452 ns, Reaching safepoint: 1130052 ns, At safepoint: 110095 ns, Total: 1240147 ns
[2023-07-14T21:18:23.259+0000][66][info ][safepoint   ] Safepoint "Cleanup", Time since last: 3163166191 ns, Reaching safepoint: 334296 ns, At safepoint: 15643 ns, Total: 349939 ns
[2023-07-14T21:18:24.261+0000][66][info ][safepoint   ] Safepoint "Cleanup", Time since last: 1002139333 ns, Reaching safepoint: 461799 ns, At safepoint: 23958 ns, Total: 485757 ns
[2023-07-14T21:18:26.515+0000][66][info ][safepoint   ] Safepoint "Cleanup", Time since last: 2253620666 ns, Reaching safepoint: 177597 ns, At safepoint: 4793 ns, Total: 182390 ns
[2023-07-14T21:18:31.719+0000][66][info ][safepoint   ] Safepoint "Cleanup", Time since last: 5203948136 ns, Reaching safepoint: 171950 ns, At safepoint: 36991 ns, Total: 208941 ns
[2023-07-14T21:18:32.778+0000][66][info ][safepoint   ] Safepoint "Cleanup", Time since last: 1058261072 ns, Reaching safepoint: 488857 ns, At safepoint: 47249 ns, Total: 536106 ns
[2023-07-14T21:18:34.781+0000][66][info ][safepoint   ] Safepoint "Cleanup", Time since last: 2002752951 ns, Reaching safepoint: 239569 ns, At safepoint: 6588 ns, Total: 246157 ns
[2023-07-14T21:18:37.028+0000][66][info ][safepoint   ] Safepoint "Cleanup", Time since last: 2247361305 ns, Reaching safepoint: 156565 ns, At safepoint: 26352 ns, Total: 182917 ns
[2023-07-14T21:18:38.029+0000][66][info ][safepoint   ] Safepoint "Cleanup", Time since last: 1000026231 ns, Reaching safepoint: 156158 ns, At safepoint: 30327 ns, Total: 186485 ns
[2023-07-14T21:18:43.206+0000][66][info ][safepoint   ] Safepoint "Cleanup", Time since last: 5176246213 ns, Reaching safepoint: 259565 ns, At safepoint: 58370 ns, Total: 317935 ns
[2023-07-14T21:18:44.307+0000][66][info ][safepoint   ] Safepoint "Cleanup", Time since last: 1100614264 ns, Reaching safepoint: 225343 ns, At safepoint: 83436 ns, Total: 308779 ns
[2023-07-14T21:18:46.461+0000][66][info ][safepoint   ] Safepoint "Cleanup", Time since last: 2153880053 ns, Reaching safepoint: 270082 ns, At safepoint: 11605 ns, Total: 281687 ns
[2023-07-14T21:18:49.024+0000][66][info ][safepoint   ] Safepoint "Cleanup", Time since last: 2562264999 ns, Reaching safepoint: 244028 ns, At safepoint: 31486 ns, Total: 275514 ns
[2023-07-14T21:18:51.675+0000][66][info ][safepoint   ] Safepoint "Cleanup", Time since last: 2650688058 ns, Reaching safepoint: 862177 ns, At safepoint: 21518 ns, Total: 883695 ns
[2023-07-14T21:18:55.026+0000][66][info ][safepoint   ] Safepoint "Cleanup", Time since last: 3350208405 ns, Reaching safepoint: 235582 ns, At safepoint: 45687 ns, Total: 281269 ns
[2023-07-14T21:19:01.025+0000][66][info ][safepoint   ] Safepoint "Cleanup", Time since last: 5999535048 ns, Reaching safepoint: 183241 ns, At safepoint: 27621 ns, Total: 210862 ns
[2023-07-14T21:19:02.171+0000][66][info ][safepoint   ] Safepoint "Cleanup", Time since last: 1145466853 ns, Reaching safepoint: 154172 ns, At safepoint: 5876 ns, Total: 160048 ns
[2023-07-14T21:19:03.335+0000][66][info ][safepoint   ] Safepoint "Cleanup", Time since last: 1163671598 ns, Reaching safepoint: 592585 ns, At safepoint: 24522 ns, Total: 617107 ns
[2023-07-14T21:19:07.118+0000][66][info ][safepoint   ] Safepoint "Cleanup", Time since last: 3782655804 ns, Reaching safepoint: 193329 ns, At safepoint: 30520 ns, Total: 223849 ns
[2023-07-14T21:19:08.703+0000][66][info ][safepoint   ] Safepoint "Cleanup", Time since last: 1584130045 ns, Reaching safepoint: 111889 ns, At safepoint: 5522 ns, Total: 117411 ns
[2023-07-14T21:19:11.713+0000][66][info ][safepoint   ] Safepoint "Cleanup", Time since last: 3010611808 ns, Reaching safepoint: 203979 ns, At safepoint: 4740 ns, Total: 208719 ns
[2023-07-14T21:19:13.043+0000][66][info ][safepoint   ] Safepoint "Cleanup", Time since last: 1328927237 ns, Reaching safepoint: 172370 ns, At safepoint: 27987 ns, Total: 200357 ns
[2023-07-14T21:19:14.947+0000][66][info ][safepoint   ] Safepoint "Cleanup", Time since last: 1903225045 ns, Reaching safepoint: 226267 ns, At safepoint: 8267 ns, Total: 234534 ns
[2023-07-14T21:19:18.950+0000][66][info ][safepoint   ] Safepoint "Cleanup", Time since last: 4003320997 ns, Reaching safepoint: 184178 ns, At safepoint: 4257 ns, Total: 188435 ns
[2023-07-14T21:19:20.152+0000][66][info ][safepoint   ] Safepoint "Cleanup", Time since last: 1201519221 ns, Reaching safepoint: 163852 ns, At safepoint: 29771 ns, Total: 193623 ns
[2023-07-14T21:19:24.217+0000][66][info ][safepoint   ] Safepoint "Cleanup", Time since last: 4064268881 ns, Reaching safepoint: 397714 ns, At safepoint: 6684 ns, Total: 404398 ns
[2023-07-14T21:19:28.715+0000][66][info ][safepoint   ] Safepoint "Cleanup", Time since last: 4497967828 ns, Reaching safepoint: 298735 ns, At safepoint: 19892 ns, Total: 318627 ns
[2023-07-14T21:19:31.029+0000][66][info ][safepoint   ] Safepoint "Cleanup", Time since last: 2313844396 ns, Reaching safepoint: 192378 ns, At safepoint: 46500 ns, Total: 238878 ns
[2023-07-14T21:19:32.138+0000][66][info ][safepoint   ] Safepoint "Cleanup", Time since last: 1108592959 ns, Reaching safepoint: 154512 ns, At safepoint: 43229 ns, Total: 197741 ns
[2023-07-14T21:19:34.066+0000][66][info ][safepoint   ] Safepoint "Cleanup", Time since last: 1927132858 ns, Reaching safepoint: 565542 ns, At safepoint: 23009 ns, Total: 588551 ns
[2023-07-14T21:19:37.016+0000][66][info ][safepoint   ] Safepoint "Cleanup", Time since last: 2950331519 ns, Reaching safepoint: 189171 ns, At safepoint: 36147 ns, Total: 225318 ns
[2023-07-14T21:19:38.075+0000][66][info ][safepoint   ] Safepoint "Cleanup", Time since last: 1058693150 ns, Reaching safepoint: 348252 ns, At safepoint: 15279 ns, Total: 363531 ns
[2023-07-14T21:19:39.312+0000][66][info ][safepoint   ] Safepoint "Cleanup", Time since last: 1236228563 ns, Reaching safepoint: 517763 ns, At safepoint: 14999 ns, Total: 532762 ns
[2023-07-14T21:19:43.516+0000][66][info ][safepoint   ] Safepoint "Cleanup", Time since last: 4203323330 ns, Reaching safepoint: 93981 ns, At safepoint: 29113 ns, Total: 123094 ns
[2023-07-14T21:19:44.577+0000][66][info ][safepoint   ] Safepoint "Cleanup", Time since last: 1059806026 ns, Reaching safepoint: 967491 ns, At safepoint: 14227 ns, Total: 981718 ns
[2023-07-14T21:19:45.823+0000][66][info ][safepoint   ] Safepoint "Cleanup", Time since last: 1245633328 ns, Reaching safepoint: 416176 ns, At safepoint: 112656 ns, Total: 528832 ns
[2023-07-14T21:19:46.825+0000][66][info ][safepoint   ] Safepoint "Cleanup", Time since last: 1001544441 ns, Reaching safepoint: 356790 ns, At safepoint: 7471 ns, Total: 364261 ns
[2023-07-14T21:19:49.082+0000][66][info ][safepoint   ] Safepoint "Cleanup", Time since last: 2256506023 ns, Reaching safepoint: 162352 ns, At safepoint: 7344 ns, Total: 169696 ns
[2023-07-14T21:19:51.892+0000][66][info ][safepoint   ] Safepoint "Cleanup", Time since last: 2809681928 ns, Reaching safepoint: 261309 ns, At safepoint: 5128 ns, Total: 266437 ns
[2023-07-14T21:19:53.895+0000][66][info ][safepoint   ] Safepoint "Cleanup", Time since last: 2002719796 ns, Reaching safepoint: 595374 ns, At safepoint: 105517 ns, Total: 700891 ns
[2023-07-14T21:19:56.154+0000][66][info ][safepoint   ] Safepoint "Cleanup", Time since last: 2258681040 ns, Reaching safepoint: 168071 ns, At safepoint: 29251 ns, Total: 197322 ns
[2023-07-14T21:20:01.067+0000][66][info ][safepoint   ] Safepoint "Cleanup", Time since last: 4912796968 ns, Reaching safepoint: 217167 ns, At safepoint: 28205 ns, Total: 245372 ns
[2023-07-14T21:20:02.445+0000][66][info ][safepoint   ] Safepoint "Cleanup", Time since last: 1377500302 ns, Reaching safepoint: 165716 ns, At safepoint: 27014 ns, Total: 192730 ns
[2023-07-14T21:20:03.599+0000][66][info ][safepoint   ] Safepoint "Cleanup", Time since last: 1153793591 ns, Reaching safepoint: 159681 ns, At safepoint: 7426 ns, Total: 167107 ns
[2023-07-14T21:20:04.608+0000][66][info ][safepoint   ] Safepoint "Cleanup", Time since last: 1008495798 ns, Reaching safepoint: 247330 ns, At safepoint: 29857 ns, Total: 277187 ns
[2023-07-14T21:20:06.368+0000][66][info ][safepoint   ] Safepoint "Cleanup", Time since last: 1759749809 ns, Reaching safepoint: 310504 ns, At safepoint: 6308 ns, Total: 316812 ns
[2023-07-14T21:20:07.766+0000][66][info ][safepoint   ] Safepoint "Cleanup", Time since last: 1398492836 ns, Reaching safepoint: 171276 ns, At safepoint: 4349 ns, Total: 175625 ns
[2023-07-14T21:20:08.838+0000][66][info ][safepoint   ] Safepoint "Cleanup", Time since last: 1070734234 ns, Reaching safepoint: 665870 ns, At safepoint: 23633 ns, Total: 689503 ns
[2023-07-14T21:20:23.588+0000][66][info ][safepoint   ] Safepoint "Cleanup", Time since last: 14749371574 ns, Reaching safepoint: 408914 ns, At safepoint: 21031 ns, Total: 429945 ns
[2023-07-14T21:20:25.146+0000][66][info ][safepoint   ] Safepoint "Cleanup", Time since last: 1557462036 ns, Reaching safepoint: 211737 ns, At safepoint: 34608 ns, Total: 246345 ns
[2023-07-14T21:20:26.152+0000][66][info ][safepoint   ] Safepoint "Cleanup", Time since last: 1006253647 ns, Reaching safepoint: 97736 ns, At safepoint: 29067 ns, Total: 126803 ns
[2023-07-14T21:20:28.026+0000][66][info ][safepoint   ] Safepoint "Cleanup", Time since last: 1873314440 ns, Reaching safepoint: 660767 ns, At safepoint: 81362 ns, Total: 742129 ns
[2023-07-14T21:20:29.031+0000][66][info ][safepoint   ] Safepoint "Cleanup", Time since last: 1004647073 ns, Reaching safepoint: 351697 ns, At safepoint: 15343 ns, Total: 367040 ns
[2023-07-14T21:20:31.034+0000][66][info ][safepoint   ] Safepoint "Cleanup", Time since last: 2001938167 ns, Reaching safepoint: 486518 ns, At safepoint: 82215 ns, Total: 568733 ns
[2023-07-14T21:20:32.251+0000][66][info ][safepoint   ] Safepoint "Cleanup", Time since last: 1216950750 ns, Reaching safepoint: 316158 ns, At safepoint: 109889 ns, Total: 426047 ns
[2023-07-14T21:20:34.349+0000][66][info ][safepoint   ] Safepoint "Cleanup", Time since last: 2096653092 ns, Reaching safepoint: 622051 ns, At safepoint: 15524 ns, Total: 637575 ns
[2023-07-14T21:20:37.057+0000][66][info ][safepoint   ] Safepoint "Cleanup", Time since last: 2708368285 ns, Reaching safepoint: 193310 ns, At safepoint: 36593 ns, Total: 229903 ns
[2023-07-14T21:20:38.729+0000][66][info ][safepoint   ] Safepoint "Cleanup", Time since last: 1665985363 ns, Reaching safepoint: 5308144 ns, At safepoint: 27732 ns, Total: 5335876 ns
[2023-07-14T21:20:43.053+0000][66][info ][safepoint   ] Safepoint "Cleanup", Time since last: 4322827006 ns, Reaching safepoint: 196695 ns, At safepoint: 36206 ns, Total: 232901 ns
[2023-07-14T21:20:45.040+0000][66][info ][safepoint   ] Safepoint "Cleanup", Time since last: 1986545950 ns, Reaching safepoint: 511744 ns, At safepoint: 14958 ns, Total: 526702 ns
[2023-07-14T21:20:46.042+0000][66][info ][safepoint   ] Safepoint "Cleanup", Time since last: 1002499849 ns, Reaching safepoint: 192572 ns, At safepoint: 29310 ns, Total: 221882 ns
[2023-07-14T21:20:49.239+0000][66][info ][safepoint   ] Safepoint "Cleanup", Time since last: 3196200531 ns, Reaching safepoint: 193980 ns, At safepoint: 32064 ns, Total: 226044 ns
[2023-07-14T21:20:50.240+0000][66][info ][safepoint   ] Safepoint "Cleanup", Time since last: 1000944466 ns, Reaching safepoint: 141331 ns, At safepoint: 3384 ns, Total: 144715 ns
[2023-07-14T21:20:54.336+0000][66][info ][safepoint   ] Safepoint "Cleanup", Time since last: 4096047103 ns, Reaching safepoint: 440723 ns, At safepoint: 13989 ns, Total: 454712 ns
[2023-07-14T21:20:55.349+0000][66][info ][safepoint   ] Safepoint "Cleanup", Time since last: 1011927033 ns, Reaching safepoint: 225007 ns, At safepoint: 90331 ns, Total: 315338 ns
[2023-07-14T21:20:58.692+0000][66][info ][safepoint   ] Safepoint "Cleanup", Time since last: 3342363439 ns, Reaching safepoint: 603830 ns, At safepoint: 10627 ns, Total: 614457 ns
[2023-07-14T21:21:01.061+0000][66][info ][safepoint   ] Safepoint "Cleanup", Time since last: 2369417849 ns, Reaching safepoint: 256835 ns, At safepoint: 33230 ns, Total: 290065 ns
[2023-07-14T21:21:02.911+0000][66][info ][safepoint   ] Safepoint "Cleanup", Time since last: 1848941798 ns, Reaching safepoint: 249347 ns, At safepoint: 6191 ns, Total: 255538 ns
[2023-07-14T21:21:07.040+0000][66][info ][safepoint   ] Safepoint "Cleanup", Time since last: 4129067291 ns, Reaching safepoint: 164256 ns, At safepoint: 4260 ns, Total: 168516 ns
[2023-07-14T21:21:13.040+0000][66][info ][safepoint   ] Safepoint "Cleanup", Time since last: 6008488309 ns, Reaching safepoint: 146783 ns, At safepoint: 33924 ns, Total: 180707 ns
[2023-07-14T21:21:14.459+0000][66][info ][safepoint   ] Safepoint "Cleanup", Time since last: 1417943040 ns, Reaching safepoint: 345423 ns, At safepoint: 6159 ns, Total: 351582 ns
[2023-07-14T21:21:15.741+0000][66][info ][safepoint   ] Safepoint "Cleanup", Time since last: 1282330560 ns, Reaching safepoint: 638344 ns, At safepoint: 7900 ns, Total: 646244 ns
[2023-07-14T21:21:19.095+0000][66][info ][safepoint   ] Safepoint "Cleanup", Time since last: 3352686162 ns, Reaching safepoint: 325448 ns, At safepoint: 46487 ns, Total: 371935 ns
[2023-07-14T21:21:21.090+0000][66][info ][safepoint   ] Safepoint "Cleanup", Time since last: 1995398322 ns, Reaching safepoint: 342678 ns, At safepoint: 6250 ns, Total: 348928 ns
[2023-07-14T21:21:25.164+0000][66][info ][safepoint   ] Safepoint "Cleanup", Time since last: 4073302572 ns, Reaching safepoint: 177531 ns, At safepoint: 28950 ns, Total: 206481 ns
[2023-07-14T21:21:26.165+0000][66][info ][safepoint   ] Safepoint "Cleanup", Time since last: 1001052483 ns, Reaching safepoint: 398892 ns, At safepoint: 6344 ns, Total: 405236 ns
[2023-07-14T21:21:27.744+0000][66][info ][safepoint   ] Safepoint "Cleanup", Time since last: 1578188288 ns, Reaching safepoint: 162825 ns, At safepoint: 33801 ns, Total: 196626 ns
[2023-07-14T21:21:29.441+0000][66][info ][safepoint   ] Safepoint "Cleanup", Time since last: 1696628936 ns, Reaching safepoint: 323129 ns, At safepoint: 13266 ns, Total: 336395 ns
[2023-07-14T21:21:31.044+0000][66][info ][safepoint   ] Safepoint "Cleanup", Time since last: 1603413453 ns, Reaching safepoint: 85831 ns, At safepoint: 35335 ns, Total: 121166 ns
[2023-07-14T21:21:34.593+0000][66][info ][safepoint   ] Safepoint "Cleanup", Time since last: 3548837232 ns, Reaching safepoint: 298517 ns, At safepoint: 6674 ns, Total: 305191 ns
[2023-07-14T21:21:37.065+0000][66][info ][safepoint   ] Safepoint "Cleanup", Time since last: 2471714691 ns, Reaching safepoint: 230440 ns, At safepoint: 36503 ns, Total: 266943 ns
[2023-07-14T21:21:38.862+0000][66][info ][safepoint   ] Safepoint "Cleanup", Time since last: 1796185728 ns, Reaching safepoint: 750268 ns, At safepoint: 12096 ns, Total: 762364 ns
[2023-07-14T21:21:44.664+0000][66][info ][safepoint   ] Safepoint "Cleanup", Time since last: 5819264155 ns, Reaching safepoint: 135407 ns, At safepoint: 53825 ns, Total: 189232 ns
[2023-07-14T21:21:46.594+0000][66][info ][safepoint   ] Safepoint "Cleanup", Time since last: 1928725614 ns, Reaching safepoint: 1387038 ns, At safepoint: 227317 ns, Total: 1614355 ns
[2023-07-14T21:21:53.835+0000][66][info ][safepoint   ] Safepoint "Cleanup", Time since last: 7240860499 ns, Reaching safepoint: 375439 ns, At safepoint: 52404 ns, Total: 427843 ns
[2023-07-14T21:21:54.838+0000][66][info ][safepoint   ] Safepoint "Cleanup", Time since last: 1002173385 ns, Reaching safepoint: 403954 ns, At safepoint: 10753 ns, Total: 414707 ns
[2023-07-14T21:21:56.170+0000][66][info ][safepoint   ] Safepoint "Cleanup", Time since last: 1331454120 ns, Reaching safepoint: 312462 ns, At safepoint: 14267 ns, Total: 326729 ns
[2023-07-14T21:21:58.341+0000][66][info ][safepoint   ] Safepoint "Cleanup", Time since last: 2170690999 ns, Reaching safepoint: 396316 ns, At safepoint: 17583 ns, Total: 413899 ns
[2023-07-14T21:22:02.604+0000][66][info ][safepoint   ] Safepoint "Cleanup", Time since last: 4263100823 ns, Reaching safepoint: 405048 ns, At safepoint: 15036 ns, Total: 420084 ns
[2023-07-14T21:22:07.030+0000][66][info ][safepoint   ] Safepoint "Cleanup", Time since last: 4426119625 ns, Reaching safepoint: 76155 ns, At safepoint: 31195 ns, Total: 107350 ns
[2023-07-14T21:22:08.858+0000][66][info ][safepoint   ] Safepoint "Cleanup", Time since last: 1826933477 ns, Reaching safepoint: 572564 ns, At safepoint: 18961 ns, Total: 591525 ns
[2023-07-14T21:22:13.033+0000][66][info ][safepoint   ] Safepoint "Cleanup", Time since last: 4177057171 ns, Reaching safepoint: 189177 ns, At safepoint: 33342 ns, Total: 222519 ns
[2023-07-14T21:22:13.239+0000][66][info ][safepoint   ] Safepoint "ICBufferFull", Time since last: 205262666 ns, Reaching safepoint: 222988 ns, At safepoint: 4237 ns, Total: 227225 ns
[2023-07-14T21:22:15.200+0000][66][info ][safepoint   ] Safepoint "Cleanup", Time since last: 1961158915 ns, Reaching safepoint: 342585 ns, At safepoint: 19009 ns, Total: 361594 ns
[2023-07-14T21:22:16.203+0000][66][info ][safepoint   ] Safepoint "Cleanup", Time since last: 1002481196 ns, Reaching safepoint: 630569 ns, At safepoint: 6639 ns, Total: 637208 ns
[2023-07-14T21:22:17.206+0000][66][info ][safepoint   ] Safepoint "Cleanup", Time since last: 1002399685 ns, Reaching safepoint: 632114 ns, At safepoint: 12318 ns, Total: 644432 ns
[2023-07-14T21:22:19.020+0000][66][info ][safepoint   ] Safepoint "Cleanup", Time since last: 1813508634 ns, Reaching safepoint: 175503 ns, At safepoint: 11238 ns, Total: 186741 ns
[2023-07-14T21:22:20.185+0000][66][info ][safepoint   ] Safepoint "Cleanup", Time since last: 1165268029 ns, Reaching safepoint: 175076 ns, At safepoint: 4531 ns, Total: 179607 ns
[2023-07-14T21:22:21.412+0000][66][info ][safepoint   ] Safepoint "Cleanup", Time since last: 1226017055 ns, Reaching safepoint: 495163 ns, At safepoint: 16559 ns, Total: 511722 ns
[2023-07-14T21:22:22.415+0000][66][info ][safepoint   ] Safepoint "Cleanup", Time since last: 1002428841 ns, Reaching safepoint: 404439 ns, At safepoint: 7036 ns, Total: 411475 ns
[2023-07-14T21:22:23.418+0000][66][info ][safepoint   ] Safepoint "Cleanup", Time since last: 1002844201 ns, Reaching safepoint: 625976 ns, At safepoint: 10822 ns, Total: 636798 ns
[2023-07-14T21:22:24.421+0000][66][info ][safepoint   ] Safepoint "Cleanup", Time since last: 1002487465 ns, Reaching safepoint: 378806 ns, At safepoint: 25332 ns, Total: 404138 ns
[2023-07-14T21:22:25.618+0000][66][info ][safepoint   ] Safepoint "Cleanup", Time since last: 1196980164 ns, Reaching safepoint: 175678 ns, At safepoint: 7332 ns, Total: 183010 ns
[2023-07-14T21:22:26.679+0000][66][info ][safepoint   ] Safepoint "Cleanup", Time since last: 1060556242 ns, Reaching safepoint: 374339 ns, At safepoint: 6921 ns, Total: 381260 ns
[2023-07-14T21:22:31.884+0000][66][info ][safepoint   ] Safepoint "Cleanup", Time since last: 5204460220 ns, Reaching safepoint: 236509 ns, At safepoint: 35284 ns, Total: 271793 ns
[2023-07-14T21:22:32.937+0000][66][info ][safepoint   ] Safepoint "Cleanup", Time since last: 1052851000 ns, Reaching safepoint: 469558 ns, At safepoint: 24242 ns, Total: 493800 ns
[2023-07-14T21:22:33.948+0000][66][info ][safepoint   ] Safepoint "Cleanup", Time since last: 1009207882 ns, Reaching safepoint: 992812 ns, At safepoint: 23159 ns, Total: 1015971 ns
[2023-07-14T21:22:37.179+0000][66][info ][safepoint   ] Safepoint "Cleanup", Time since last: 3231175841 ns, Reaching safepoint: 199433 ns, At safepoint: 33056 ns, Total: 232489 ns
[2023-07-14T21:22:38.182+0000][66][info ][safepoint   ] Safepoint "Cleanup", Time since last: 1002869622 ns, Reaching safepoint: 134911 ns, At safepoint: 30496 ns, Total: 165407 ns
[2023-07-14T21:22:39.308+0000][66][info ][safepoint   ] Safepoint "Cleanup", Time since last: 1125109022 ns, Reaching safepoint: 343959 ns, At safepoint: 86016 ns, Total: 429975 ns
[2023-07-14T21:22:40.318+0000][66][info ][safepoint   ] Safepoint "Cleanup", Time since last: 1010206060 ns, Reaching safepoint: 376187 ns, At safepoint: 12721 ns, Total: 388908 ns
[2023-07-14T21:22:41.321+0000][66][info ][safepoint   ] Safepoint "Cleanup", Time since last: 1002672353 ns, Reaching safepoint: 269272 ns, At safepoint: 5677 ns, Total: 274949 ns
[2023-07-14T21:22:43.037+0000][66][info ][safepoint   ] Safepoint "Cleanup", Time since last: 1715402297 ns, Reaching safepoint: 171559 ns, At safepoint: 115502 ns, Total: 287061 ns
[2023-07-14T21:22:43.170+0000][66][info ][gc,start    ] GC(15) Pause Young (Normal) (G1 Evacuation Pause)
[2023-07-14T21:22:43.171+0000][66][info ][gc,task     ] GC(15) Using 6 workers of 6 for evacuation
[2023-07-14T21:22:43.171+0000][66][debug][gc,age      ] GC(15) Desired survivor size 71303168 bytes, new threshold 15 (max threshold 15)
[2023-07-14T21:22:43.195+0000][66][info ][gc,phases   ] GC(15)   Pre Evacuate Collection Set: 0.8ms
[2023-07-14T21:22:43.197+0000][66][info ][gc,phases   ] GC(15)   Merge Heap Roots: 0.2ms
[2023-07-14T21:22:43.198+0000][66][info ][gc,phases   ] GC(15)   Evacuate Collection Set: 16.0ms
[2023-07-14T21:22:43.198+0000][66][info ][gc,phases   ] GC(15)   Post Evacuate Collection Set: 5.0ms
[2023-07-14T21:22:43.199+0000][66][info ][gc,phases   ] GC(15)   Other: 2.6ms
[2023-07-14T21:22:43.200+0000][66][trace][gc,age      ] GC(15) Age table with threshold 15 (max threshold 15)
[2023-07-14T21:22:43.201+0000][66][trace][gc,age      ] GC(15) - age   1:    1144960 bytes,    1144960 total
[2023-07-14T21:22:43.202+0000][66][trace][gc,age      ] GC(15) - age   2:     326576 bytes,    1471536 total
[2023-07-14T21:22:43.203+0000][66][trace][gc,age      ] GC(15) - age   3:    1246440 bytes,    2717976 total
[2023-07-14T21:22:43.203+0000][66][trace][gc,age      ] GC(15) - age   4:   32388456 bytes,   35106432 total
[2023-07-14T21:22:43.204+0000][66][info ][gc,heap     ] GC(15) Eden regions: 257->0(580)
[2023-07-14T21:22:43.205+0000][66][info ][gc,heap     ] GC(15) Survivor regions: 10->9(34)
[2023-07-14T21:22:43.205+0000][66][info ][gc,heap     ] GC(15) Old regions: 18->18
[2023-07-14T21:22:43.206+0000][66][info ][gc,heap     ] GC(15) Archive regions: 2->2
[2023-07-14T21:22:43.207+0000][66][info ][gc,heap     ] GC(15) Humongous regions: 0->0
[2023-07-14T21:22:43.208+0000][66][info ][gc,metaspace] GC(15) Metaspace: 137637K(140992K)->137637K(140992K) NonClass: 119764K(121536K)->119764K(121536K) Class: 17873K(19456K)->17873K(19456K)
[2023-07-14T21:22:43.208+0000][66][info ][gc          ] GC(15) Pause Young (Normal) (G1 Evacuation Pause) 1140M->108M(3932M) 38.674ms
[2023-07-14T21:22:43.209+0000][66][info ][gc,cpu      ] GC(15) User=0.11s Sys=0.00s Real=0.03s
[2023-07-14T21:22:43.210+0000][66][info ][safepoint   ] Safepoint "G1CollectForAllocation", Time since last: 132188189 ns, Reaching safepoint: 196247 ns, At safepoint: 40231573 ns, Total: 40427820 ns
[2023-07-14T21:22:44.550+0000][66][info ][safepoint   ] Safepoint "Cleanup", Time since last: 1339463541 ns, Reaching safepoint: 619093 ns, At safepoint: 24436 ns, Total: 643529 ns
[2023-07-14T21:22:46.553+0000][66][info ][safepoint   ] Safepoint "Cleanup", Time since last: 2003020963 ns, Reaching safepoint: 200356 ns, At safepoint: 3612 ns, Total: 203968 ns
[2023-07-14T21:22:47.555+0000][66][info ][safepoint   ] Safepoint "Cleanup", Time since last: 1001300289 ns, Reaching safepoint: 186365 ns, At safepoint: 4491 ns, Total: 190856 ns
[2023-07-14T21:22:49.750+0000][66][info ][safepoint   ] Safepoint "Cleanup", Time since last: 2195377355 ns, Reaching safepoint: 171990 ns, At safepoint: 62186 ns, Total: 234176 ns
[2023-07-14T21:22:55.027+0000][66][info ][safepoint   ] Safepoint "Cleanup", Time since last: 5276385988 ns, Reaching safepoint: 196465 ns, At safepoint: 36827 ns, Total: 233292 ns
[2023-07-14T21:22:56.046+0000][66][info ][safepoint   ] Safepoint "Cleanup", Time since last: 1018871650 ns, Reaching safepoint: 146476 ns, At safepoint: 27602 ns, Total: 174078 ns
[2023-07-14T21:22:58.079+0000][66][info ][safepoint   ] Safepoint "Cleanup", Time since last: 2032686957 ns, Reaching safepoint: 565780 ns, At safepoint: 10043 ns, Total: 575823 ns
[2023-07-14T21:23:01.054+0000][66][info ][safepoint   ] Safepoint "Cleanup", Time since last: 2974758224 ns, Reaching safepoint: 160626 ns, At safepoint: 79761 ns, Total: 240387 ns
[2023-07-14T21:23:02.191+0000][66][info ][safepoint   ] Safepoint "Cleanup", Time since last: 1136672794 ns, Reaching safepoint: 370565 ns, At safepoint: 49631 ns, Total: 420196 ns
[2023-07-14T21:23:03.455+0000][66][info ][safepoint   ] Safepoint "Cleanup", Time since last: 1263057591 ns, Reaching safepoint: 393233 ns, At safepoint: 13320 ns, Total: 406553 ns
[2023-07-14T21:23:04.457+0000][66][info ][safepoint   ] Safepoint "Cleanup", Time since last: 1002042810 ns, Reaching safepoint: 436797 ns, At safepoint: 15377 ns, Total: 452174 ns
[2023-07-14T21:23:05.461+0000][66][info ][safepoint   ] Safepoint "Cleanup", Time since last: 1002832787 ns, Reaching safepoint: 640136 ns, At safepoint: 9659 ns, Total: 649795 ns
[2023-07-14T21:23:06.463+0000][66][info ][safepoint   ] Safepoint "Cleanup", Time since last: 1002496028 ns, Reaching safepoint: 205262 ns, At safepoint: 3505 ns, Total: 208767 ns
[2023-07-14T21:23:07.664+0000][66][info ][safepoint   ] Safepoint "Cleanup", Time since last: 1200001957 ns, Reaching safepoint: 173664 ns, At safepoint: 30361 ns, Total: 204025 ns
[2023-07-14T21:23:08.819+0000][66][info ][safepoint   ] Safepoint "Cleanup", Time since last: 1155451247 ns, Reaching safepoint: 308751 ns, At safepoint: 57912 ns, Total: 366663 ns
[2023-07-14T21:23:16.039+0000][66][info ][safepoint   ] Safepoint "Cleanup", Time since last: 7218454938 ns, Reaching safepoint: 430622 ns, At safepoint: 7419 ns, Total: 438041 ns
[2023-07-14T21:23:20.219+0000][66][info ][safepoint   ] Safepoint "Cleanup", Time since last: 4179948132 ns, Reaching safepoint: 192213 ns, At safepoint: 39689 ns, Total: 231902 ns
[2023-07-14T21:23:21.353+0000][66][info ][safepoint   ] Safepoint "Cleanup", Time since last: 1133275440 ns, Reaching safepoint: 394184 ns, At safepoint: 18509 ns, Total: 412693 ns
[2023-07-14T21:23:26.622+0000][66][info ][safepoint   ] Safepoint "Cleanup", Time since last: 5268456207 ns, Reaching safepoint: 510559 ns, At safepoint: 10044 ns, Total: 520603 ns
[2023-07-14T21:23:28.626+0000][66][info ][safepoint   ] Safepoint "Cleanup", Time since last: 2003454909 ns, Reaching safepoint: 595044 ns, At safepoint: 26097 ns, Total: 621141 ns
[2023-07-14T21:23:31.036+0000][66][info ][safepoint   ] Safepoint "Cleanup", Time since last: 2409812131 ns, Reaching safepoint: 215242 ns, At safepoint: 34502 ns, Total: 249744 ns
[2023-07-14T21:23:32.072+0000][66][info ][safepoint   ] Safepoint "Cleanup", Time since last: 1035729517 ns, Reaching safepoint: 248816 ns, At safepoint: 34012 ns, Total: 282828 ns
[2023-07-14T21:23:34.006+0000][66][info ][safepoint   ] Safepoint "Cleanup", Time since last: 1933274002 ns, Reaching safepoint: 837037 ns, At safepoint: 24005 ns, Total: 861042 ns
[2023-07-14T21:23:36.009+0000][66][info ][safepoint   ] Safepoint "Cleanup", Time since last: 2002763075 ns, Reaching safepoint: 514205 ns, At safepoint: 8940 ns, Total: 523145 ns
[2023-07-14T21:23:43.436+0000][66][info ][safepoint   ] Safepoint "Cleanup", Time since last: 7425467191 ns, Reaching safepoint: 210408 ns, At safepoint: 34711 ns, Total: 245119 ns
[2023-07-14T21:23:46.733+0000][66][info ][safepoint   ] Safepoint "Cleanup", Time since last: 3296984978 ns, Reaching safepoint: 314337 ns, At safepoint: 5984 ns, Total: 320321 ns
[2023-07-14T21:23:49.917+0000][66][info ][safepoint   ] Safepoint "Cleanup", Time since last: 3183276337 ns, Reaching safepoint: 162017 ns, At safepoint: 36828 ns, Total: 198845 ns
[2023-07-14T21:23:50.979+0000][66][info ][safepoint   ] Safepoint "Cleanup", Time since last: 1061518073 ns, Reaching safepoint: 319295 ns, At safepoint: 6998 ns, Total: 326293 ns
[2023-07-14T21:23:56.176+0000][66][info ][safepoint   ] Safepoint "Cleanup", Time since last: 5197697009 ns, Reaching safepoint: 117785 ns, At safepoint: 27595 ns, Total: 145380 ns
[2023-07-14T21:23:57.333+0000][66][info ][safepoint   ] Safepoint "Cleanup", Time since last: 1156943438 ns, Reaching safepoint: 109517 ns, At safepoint: 3478 ns, Total: 112995 ns
[2023-07-14T21:24:01.500+0000][66][info ][safepoint   ] Safepoint "Cleanup", Time since last: 4166022129 ns, Reaching safepoint: 235900 ns, At safepoint: 34612 ns, Total: 270512 ns
[2023-07-14T21:24:02.560+0000][66][info ][safepoint   ] Safepoint "Cleanup", Time since last: 1059361481 ns, Reaching safepoint: 425716 ns, At safepoint: 20360 ns, Total: 446076 ns
[2023-07-14T21:24:07.752+0000][66][info ][safepoint   ] Safepoint "Cleanup", Time since last: 5192396443 ns, Reaching safepoint: 63890 ns, At safepoint: 46093 ns, Total: 109983 ns
[2023-07-14T21:24:10.827+0000][66][info ][safepoint   ] Safepoint "Cleanup", Time since last: 3074914206 ns, Reaching safepoint: 346697 ns, At safepoint: 5696 ns, Total: 352393 ns
[2023-07-14T21:24:11.830+0000][66][info ][safepoint   ] Safepoint "Cleanup", Time since last: 1002165804 ns, Reaching safepoint: 398941 ns, At safepoint: 6611 ns, Total: 405552 ns
[2023-07-14T21:24:13.059+0000][66][info ][safepoint   ] Safepoint "Cleanup", Time since last: 1227680706 ns, Reaching safepoint: 446116 ns, At safepoint: 69562 ns, Total: 515678 ns
[2023-07-14T21:24:15.101+0000][66][info ][safepoint   ] Safepoint "Cleanup", Time since last: 2041955918 ns, Reaching safepoint: 273163 ns, At safepoint: 13117 ns, Total: 286280 ns
[2023-07-14T21:24:16.104+0000][66][info ][safepoint   ] Safepoint "Cleanup", Time since last: 1001970200 ns, Reaching safepoint: 891143 ns, At safepoint: 14414 ns, Total: 905557 ns
[2023-07-14T21:24:19.061+0000][66][info ][safepoint   ] Safepoint "Cleanup", Time since last: 2957038641 ns, Reaching safepoint: 182598 ns, At safepoint: 27892 ns, Total: 210490 ns
[2023-07-14T21:24:20.235+0000][66][info ][safepoint   ] Safepoint "Cleanup", Time since last: 1173711953 ns, Reaching safepoint: 195024 ns, At safepoint: 56984 ns, Total: 252008 ns
[2023-07-14T21:24:24.368+0000][66][info ][safepoint   ] Safepoint "Cleanup", Time since last: 4131673407 ns, Reaching safepoint: 659177 ns, At safepoint: 24491 ns, Total: 683668 ns
[2023-07-14T21:24:26.720+0000][66][info ][safepoint   ] Safepoint "Cleanup", Time since last: 2352137773 ns, Reaching safepoint: 276573 ns, At safepoint: 5177 ns, Total: 281750 ns
[2023-07-14T21:24:28.723+0000][66][info ][safepoint   ] Safepoint "Cleanup", Time since last: 2002391560 ns, Reaching safepoint: 611727 ns, At safepoint: 9905 ns, Total: 621632 ns
[2023-07-14T21:24:31.060+0000][66][info ][safepoint   ] Safepoint "Cleanup", Time since last: 2337159969 ns, Reaching safepoint: 171387 ns, At safepoint: 35637 ns, Total: 207024 ns
[2023-07-14T21:24:32.960+0000][66][info ][safepoint   ] Safepoint "Cleanup", Time since last: 1898776701 ns, Reaching safepoint: 649505 ns, At safepoint: 15681 ns, Total: 665186 ns
[2023-07-14T21:24:43.048+0000][66][info ][safepoint   ] Safepoint "Cleanup", Time since last: 10087493023 ns, Reaching safepoint: 156117 ns, At safepoint: 35174 ns, Total: 191291 ns
[2023-07-14T21:24:46.723+0000][66][info ][safepoint   ] Safepoint "Cleanup", Time since last: 3674376840 ns, Reaching safepoint: 440454 ns, At safepoint: 14292 ns, Total: 454746 ns
[2023-07-14T21:24:49.334+0000][66][info ][safepoint   ] Safepoint "Cleanup", Time since last: 2610958363 ns, Reaching safepoint: 225178 ns, At safepoint: 36017 ns, Total: 261195 ns
[2023-07-14T21:24:52.049+0000][66][info ][safepoint   ] Safepoint "Cleanup", Time since last: 2713815473 ns, Reaching safepoint: 488258 ns, At safepoint: 21830 ns, Total: 510088 ns
[2023-07-14T21:25:04.061+0000][66][info ][safepoint   ] Safepoint "Cleanup", Time since last: 12011717491 ns, Reaching safepoint: 167901 ns, At safepoint: 26907 ns, Total: 194808 ns
[2023-07-14T21:25:05.800+0000][66][info ][safepoint   ] Safepoint "Cleanup", Time since last: 1739521659 ns, Reaching safepoint: 352717 ns, At safepoint: 11956 ns, Total: 364673 ns
[2023-07-14T21:25:07.072+0000][66][info ][safepoint   ] Safepoint "Cleanup", Time since last: 1271118837 ns, Reaching safepoint: 229143 ns, At safepoint: 34650 ns, Total: 263793 ns
[2023-07-14T21:25:08.271+0000][66][info ][safepoint   ] Safepoint "Cleanup", Time since last: 1199340236 ns, Reaching safepoint: 227455 ns, At safepoint: 34064 ns, Total: 261519 ns
[2023-07-14T21:25:09.842+0000][66][info ][safepoint   ] Safepoint "Cleanup", Time since last: 1570028658 ns, Reaching safepoint: 290287 ns, At safepoint: 6784 ns, Total: 297071 ns
[2023-07-14T21:25:10.845+0000][66][info ][safepoint   ] Safepoint "Cleanup", Time since last: 1002571041 ns, Reaching safepoint: 442398 ns, At safepoint: 9625 ns, Total: 452023 ns
[2023-07-14T21:25:16.804+0000][66][info ][safepoint   ] Safepoint "Cleanup", Time since last: 5958113991 ns, Reaching safepoint: 558271 ns, At safepoint: 14746 ns, Total: 573017 ns
[2023-07-14T21:25:26.180+0000][66][info ][safepoint   ] Safepoint "Cleanup", Time since last: 9375194381 ns, Reaching safepoint: 182332 ns, At safepoint: 33909 ns, Total: 216241 ns
[2023-07-14T21:25:31.685+0000][66][info ][safepoint   ] Safepoint "Cleanup", Time since last: 5505192068 ns, Reaching safepoint: 76181 ns, At safepoint: 39690 ns, Total: 115871 ns
[2023-07-14T21:25:32.694+0000][66][info ][safepoint   ] Safepoint "Cleanup", Time since last: 1008488704 ns, Reaching safepoint: 204467 ns, At safepoint: 38158 ns, Total: 242625 ns
[2023-07-14T21:25:36.840+0000][66][info ][safepoint   ] Safepoint "Cleanup", Time since last: 4145697370 ns, Reaching safepoint: 581270 ns, At safepoint: 8414 ns, Total: 589684 ns
[2023-07-14T21:25:43.066+0000][66][info ][safepoint   ] Safepoint "Cleanup", Time since last: 6225089054 ns, Reaching safepoint: 178122 ns, At safepoint: 26901 ns, Total: 205023 ns
[2023-07-14T21:25:44.206+0000][66][info ][safepoint   ] Safepoint "Cleanup", Time since last: 1139918719 ns, Reaching safepoint: 182863 ns, At safepoint: 13375 ns, Total: 196238 ns
[2023-07-14T21:25:46.325+0000][66][info ][safepoint   ] Safepoint "Cleanup", Time since last: 2118108824 ns, Reaching safepoint: 273870 ns, At safepoint: 17011 ns, Total: 290881 ns
[2023-07-14T21:25:49.073+0000][66][info ][safepoint   ] Safepoint "Cleanup", Time since last: 2747839796 ns, Reaching safepoint: 171962 ns, At safepoint: 27398 ns, Total: 199360 ns
[2023-07-14T21:25:55.078+0000][66][info ][safepoint   ] Safepoint "Cleanup", Time since last: 6005494402 ns, Reaching safepoint: 226921 ns, At safepoint: 44319 ns, Total: 271240 ns
[2023-07-14T21:25:56.306+0000][66][info ][safepoint   ] Safepoint "Cleanup", Time since last: 1227621551 ns, Reaching safepoint: 106639 ns, At safepoint: 47526 ns, Total: 154165 ns
[2023-07-14T21:26:01.072+0000][66][info ][safepoint   ] Safepoint "Cleanup", Time since last: 4765921803 ns, Reaching safepoint: 184081 ns, At safepoint: 33786 ns, Total: 217867 ns
[2023-07-14T21:26:04.409+0000][66][info ][safepoint   ] Safepoint "Cleanup", Time since last: 3335689220 ns, Reaching safepoint: 754960 ns, At safepoint: 38626 ns, Total: 793586 ns
[2023-07-14T21:26:08.693+0000][66][info ][safepoint   ] Safepoint "Cleanup", Time since last: 4283381180 ns, Reaching safepoint: 333142 ns, At safepoint: 4869 ns, Total: 338011 ns
[2023-07-14T21:26:19.083+0000][66][info ][safepoint   ] Safepoint "Cleanup", Time since last: 10389806134 ns, Reaching safepoint: 358869 ns, At safepoint: 36500 ns, Total: 395369 ns
[2023-07-14T21:26:25.391+0000][66][info ][safepoint   ] Safepoint "Cleanup", Time since last: 6307252116 ns, Reaching safepoint: 164228 ns, At safepoint: 40038 ns, Total: 204266 ns
[2023-07-14T21:26:26.612+0000][66][info ][safepoint   ] Safepoint "Cleanup", Time since last: 1220466579 ns, Reaching safepoint: 401641 ns, At safepoint: 6969 ns, Total: 408610 ns
[2023-07-14T21:26:32.006+0000][66][info ][safepoint   ] Safepoint "Cleanup", Time since last: 5394382625 ns, Reaching safepoint: 201667 ns, At safepoint: 44216 ns, Total: 245883 ns
[2023-07-14T21:26:33.137+0000][66][info ][safepoint   ] Safepoint "Cleanup", Time since last: 1130203246 ns, Reaching safepoint: 546740 ns, At safepoint: 9131 ns, Total: 555871 ns
[2023-07-14T21:26:37.510+0000][66][info ][safepoint   ] Safepoint "Cleanup", Time since last: 4372919618 ns, Reaching safepoint: 181905 ns, At safepoint: 34317 ns, Total: 216222 ns
[2023-07-14T21:26:43.088+0000][66][info ][safepoint   ] Safepoint "Cleanup", Time since last: 5576747511 ns, Reaching safepoint: 202802 ns, At safepoint: 37143 ns, Total: 239945 ns
[2023-07-14T21:26:45.850+0000][66][info ][safepoint   ] Safepoint "Cleanup", Time since last: 2761939946 ns, Reaching safepoint: 333379 ns, At safepoint: 5595 ns, Total: 338974 ns
[2023-07-14T21:26:49.391+0000][66][info ][safepoint   ] Safepoint "Cleanup", Time since last: 3540807927 ns, Reaching safepoint: 206994 ns, At safepoint: 30267 ns, Total: 237261 ns
[2023-07-14T21:26:51.218+0000][66][info ][safepoint   ] Safepoint "Cleanup", Time since last: 1826081035 ns, Reaching safepoint: 270262 ns, At safepoint: 12478 ns, Total: 282740 ns
[2023-07-14T21:27:01.116+0000][66][info ][safepoint   ] Safepoint "Cleanup", Time since last: 9898438959 ns, Reaching safepoint: 329202 ns, At safepoint: 9550 ns, Total: 338752 ns
[2023-07-14T21:27:02.696+0000][66][info ][safepoint   ] Safepoint "Cleanup", Time since last: 1579505810 ns, Reaching safepoint: 315600 ns, At safepoint: 12205 ns, Total: 327805 ns
[2023-07-14T21:27:03.699+0000][66][info ][safepoint   ] Safepoint "Cleanup", Time since last: 1002118232 ns, Reaching safepoint: 242928 ns, At safepoint: 6648 ns, Total: 249576 ns
[2023-07-14T21:27:07.962+0000][66][info ][safepoint   ] Safepoint "Cleanup", Time since last: 4263362528 ns, Reaching safepoint: 229890 ns, At safepoint: 29305 ns, Total: 259195 ns
[2023-07-14T21:27:13.030+0000][66][info ][safepoint   ] Safepoint "Cleanup", Time since last: 5066724245 ns, Reaching safepoint: 227044 ns, At safepoint: 7449 ns, Total: 234493 ns
[2023-07-14T21:27:14.224+0000][66][info ][safepoint   ] Safepoint "Cleanup", Time since last: 1193934791 ns, Reaching safepoint: 168278 ns, At safepoint: 8372 ns, Total: 176650 ns
[2023-07-14T21:27:15.408+0000][66][info ][safepoint   ] Safepoint "Cleanup", Time since last: 1183366987 ns, Reaching safepoint: 196299 ns, At safepoint: 6300 ns, Total: 202599 ns
[2023-07-14T21:27:19.105+0000][66][info ][safepoint   ] Safepoint "Cleanup", Time since last: 3696823390 ns, Reaching safepoint: 112890 ns, At safepoint: 45474 ns, Total: 158364 ns
[2023-07-14T21:27:31.077+0000][66][info ][safepoint   ] Safepoint "Cleanup", Time since last: 11972187181 ns, Reaching safepoint: 208838 ns, At safepoint: 31243 ns, Total: 240081 ns
[2023-07-14T21:27:33.253+0000][66][info ][safepoint   ] Safepoint "Cleanup", Time since last: 2175166144 ns, Reaching safepoint: 707020 ns, At safepoint: 23283 ns, Total: 730303 ns
[2023-07-14T21:27:37.092+0000][66][info ][safepoint   ] Safepoint "Cleanup", Time since last: 3838978914 ns, Reaching safepoint: 82321 ns, At safepoint: 27919 ns, Total: 110240 ns
[2023-07-14T21:27:38.921+0000][66][info ][safepoint   ] Safepoint "Cleanup", Time since last: 1828649090 ns, Reaching safepoint: 169539 ns, At safepoint: 28542 ns, Total: 198081 ns
[2023-07-14T21:27:43.077+0000][66][info ][safepoint   ] Safepoint "Cleanup", Time since last: 4155238332 ns, Reaching safepoint: 278339 ns, At safepoint: 35298 ns, Total: 313637 ns
[2023-07-14T21:27:44.078+0000][66][info ][safepoint   ] Safepoint "Cleanup", Time since last: 1000334340 ns, Reaching safepoint: 306019 ns, At safepoint: 32405 ns, Total: 338424 ns
[2023-07-14T21:27:45.079+0000][66][info ][safepoint   ] Safepoint "Cleanup", Time since last: 1001001675 ns, Reaching safepoint: 364494 ns, At safepoint: 6486 ns, Total: 370980 ns
[2023-07-14T21:27:46.082+0000][66][info ][safepoint   ] Safepoint "Cleanup", Time since last: 1002535229 ns, Reaching safepoint: 228232 ns, At safepoint: 4500 ns, Total: 232732 ns
[2023-07-14T21:27:53.383+0000][66][info ][safepoint   ] Safepoint "Cleanup", Time since last: 7299582870 ns, Reaching safepoint: 767805 ns, At safepoint: 58645 ns, Total: 826450 ns
[2023-07-14T21:27:55.096+0000][66][info ][safepoint   ] Safepoint "Cleanup", Time since last: 1713345407 ns, Reaching safepoint: 201989 ns, At safepoint: 33651 ns, Total: 235640 ns
[2023-07-14T21:28:03.922+0000][66][info ][safepoint   ] Safepoint "Cleanup", Time since last: 8825257505 ns, Reaching safepoint: 708641 ns, At safepoint: 10238 ns, Total: 718879 ns
[2023-07-14T21:28:07.272+0000][66][info ][safepoint   ] Safepoint "Cleanup", Time since last: 3349472275 ns, Reaching safepoint: 247966 ns, At safepoint: 32805 ns, Total: 280771 ns
[2023-07-14T21:28:08.308+0000][66][info ][safepoint   ] Safepoint "Cleanup", Time since last: 1035823572 ns, Reaching safepoint: 234906 ns, At safepoint: 32905 ns, Total: 267811 ns
[2023-07-14T21:28:14.724+0000][66][info ][safepoint   ] Safepoint "Cleanup", Time since last: 6415667009 ns, Reaching safepoint: 204453 ns, At safepoint: 41206 ns, Total: 245659 ns
[2023-07-14T21:28:18.787+0000][66][info ][safepoint   ] Safepoint "Cleanup", Time since last: 4061523321 ns, Reaching safepoint: 1034796 ns, At safepoint: 23580 ns, Total: 1058376 ns
[2023-07-14T21:28:19.965+0000][66][info ][safepoint   ] Safepoint "Cleanup", Time since last: 1178007193 ns, Reaching safepoint: 257459 ns, At safepoint: 43953 ns, Total: 301412 ns
[2023-07-14T21:28:21.020+0000][66][info ][safepoint   ] Safepoint "Cleanup", Time since last: 1054080857 ns, Reaching safepoint: 434684 ns, At safepoint: 14152 ns, Total: 448836 ns
[2023-07-14T21:28:22.023+0000][66][info ][safepoint   ] Safepoint "Cleanup", Time since last: 1002785397 ns, Reaching safepoint: 511232 ns, At safepoint: 23295 ns, Total: 534527 ns
[2023-07-14T21:28:32.656+0000][66][info ][safepoint   ] Safepoint "Cleanup", Time since last: 10632548427 ns, Reaching safepoint: 204509 ns, At safepoint: 18810 ns, Total: 223319 ns
[2023-07-14T21:28:37.806+0000][66][info ][safepoint   ] Safepoint "Cleanup", Time since last: 5149644125 ns, Reaching safepoint: 204400 ns, At safepoint: 28145 ns, Total: 232545 ns
[2023-07-14T21:28:46.171+0000][66][info ][safepoint   ] Safepoint "Cleanup", Time since last: 8364092004 ns, Reaching safepoint: 262997 ns, At safepoint: 14840 ns, Total: 277837 ns
[2023-07-14T21:28:49.138+0000][66][info ][safepoint   ] Safepoint "Cleanup", Time since last: 2966514562 ns, Reaching safepoint: 247592 ns, At safepoint: 30795 ns, Total: 278387 ns
[2023-07-14T21:28:50.301+0000][66][info ][safepoint   ] Safepoint "Cleanup", Time since last: 1163240179 ns, Reaching safepoint: 213187 ns, At safepoint: 12538 ns, Total: 225725 ns
[2023-07-14T21:28:55.883+0000][66][info ][safepoint   ] Safepoint "Cleanup", Time since last: 5581716335 ns, Reaching safepoint: 176485 ns, At safepoint: 30533 ns, Total: 207018 ns
[2023-07-14T21:29:01.977+0000][66][info ][safepoint   ] Safepoint "Cleanup", Time since last: 6093826465 ns, Reaching safepoint: 192626 ns, At safepoint: 30314 ns, Total: 222940 ns
[2023-07-14T21:29:11.295+0000][66][info ][safepoint   ] Safepoint "Cleanup", Time since last: 9316937988 ns, Reaching safepoint: 580391 ns, At safepoint: 23391 ns, Total: 603782 ns
[2023-07-14T21:29:13.097+0000][66][info ][safepoint   ] Safepoint "Cleanup", Time since last: 1801037283 ns, Reaching safepoint: 105232 ns, At safepoint: 31320 ns, Total: 136552 ns
[2023-07-14T21:29:16.558+0000][66][info ][safepoint   ] Safepoint "Cleanup", Time since last: 3460978210 ns, Reaching safepoint: 458833 ns, At safepoint: 15011 ns, Total: 473844 ns
[2023-07-14T21:29:19.759+0000][66][info ][safepoint   ] Safepoint "Cleanup", Time since last: 3200212538 ns, Reaching safepoint: 469383 ns, At safepoint: 78751 ns, Total: 548134 ns
[2023-07-14T21:29:25.112+0000][66][info ][safepoint   ] Safepoint "Cleanup", Time since last: 5352904168 ns, Reaching safepoint: 217572 ns, At safepoint: 28599 ns, Total: 246171 ns
[2023-07-14T21:29:26.179+0000][66][info ][safepoint   ] Safepoint "Cleanup", Time since last: 1067126943 ns, Reaching safepoint: 166280 ns, At safepoint: 26745 ns, Total: 193025 ns
[2023-07-14T21:29:32.340+0000][66][info ][safepoint   ] Safepoint "Cleanup", Time since last: 6160333350 ns, Reaching safepoint: 164775 ns, At safepoint: 65447 ns, Total: 230222 ns
[2023-07-14T21:29:45.921+0000][66][info ][safepoint   ] Safepoint "Cleanup", Time since last: 13579515188 ns, Reaching safepoint: 375471 ns, At safepoint: 14510 ns, Total: 389981 ns
[2023-07-14T21:29:53.351+0000][66][info ][safepoint   ] Safepoint "Cleanup", Time since last: 7429617998 ns, Reaching safepoint: 307061 ns, At safepoint: 6654 ns, Total: 313715 ns
[2023-07-14T21:29:55.117+0000][66][info ][safepoint   ] Safepoint "Cleanup", Time since last: 1766716602 ns, Reaching safepoint: 162334 ns, At safepoint: 26480 ns, Total: 188814 ns
[2023-07-14T21:29:56.569+0000][66][info ][safepoint   ] Safepoint "Cleanup", Time since last: 1451325951 ns, Reaching safepoint: 226550 ns, At safepoint: 7674 ns, Total: 234224 ns
[2023-07-14T21:29:58.571+0000][66][info ][safepoint   ] Safepoint "Cleanup", Time since last: 2001967540 ns, Reaching safepoint: 404012 ns, At safepoint: 45894 ns, Total: 449906 ns
[2023-07-14T21:30:08.057+0000][66][info ][safepoint   ] Safepoint "Cleanup", Time since last: 9485190014 ns, Reaching safepoint: 218407 ns, At safepoint: 27760 ns, Total: 246167 ns
[2023-07-14T21:30:10.524+0000][66][info ][safepoint   ] Safepoint "Cleanup", Time since last: 2467035850 ns, Reaching safepoint: 518180 ns, At safepoint: 10303 ns, Total: 528483 ns
[2023-07-14T21:30:13.900+0000][66][info ][safepoint   ] Safepoint "Cleanup", Time since last: 3374472753 ns, Reaching safepoint: 143120 ns, At safepoint: 43250 ns, Total: 186370 ns
[2023-07-14T21:30:15.823+0000][66][info ][safepoint   ] Safepoint "Cleanup", Time since last: 1922631012 ns, Reaching safepoint: 512060 ns, At safepoint: 65431 ns, Total: 577491 ns
[2023-07-14T21:30:20.011+0000][66][info ][safepoint   ] Safepoint "Cleanup", Time since last: 4187374001 ns, Reaching safepoint: 271458 ns, At safepoint: 36525 ns, Total: 307983 ns
[2023-07-14T21:30:25.083+0000][66][info ][safepoint   ] Safepoint "Cleanup", Time since last: 5072162684 ns, Reaching safepoint: 74447 ns, At safepoint: 5030 ns, Total: 79477 ns
[2023-07-14T21:30:37.180+0000][66][info ][safepoint   ] Safepoint "Cleanup", Time since last: 12097104838 ns, Reaching safepoint: 189669 ns, At safepoint: 45857 ns, Total: 235526 ns
[2023-07-14T21:30:38.999+0000][66][info ][safepoint   ] Safepoint "Cleanup", Time since last: 1818240528 ns, Reaching safepoint: 195369 ns, At safepoint: 4968 ns, Total: 200337 ns
[2023-07-14T21:30:40.001+0000][66][info ][safepoint   ] Safepoint "Cleanup", Time since last: 1001543645 ns, Reaching safepoint: 296431 ns, At safepoint: 44613 ns, Total: 341044 ns
[2023-07-14T21:30:43.347+0000][66][info ][safepoint   ] Safepoint "Cleanup", Time since last: 3345324967 ns, Reaching safepoint: 113125 ns, At safepoint: 45786 ns, Total: 158911 ns
[2023-07-14T21:30:44.430+0000][66][info ][safepoint   ] Safepoint "Cleanup", Time since last: 1082527608 ns, Reaching safepoint: 167697 ns, At safepoint: 26724 ns, Total: 194421 ns
[2023-07-14T21:30:46.437+0000][66][info ][safepoint   ] Safepoint "Cleanup", Time since last: 2006646784 ns, Reaching safepoint: 241216 ns, At safepoint: 4687 ns, Total: 245903 ns
[2023-07-14T21:30:49.590+0000][66][info ][safepoint   ] Safepoint "Cleanup", Time since last: 3152725580 ns, Reaching safepoint: 217621 ns, At safepoint: 39494 ns, Total: 257115 ns
[2023-07-14T21:30:55.122+0000][66][info ][safepoint   ] Safepoint "Cleanup", Time since last: 5532099252 ns, Reaching safepoint: 249461 ns, At safepoint: 28040 ns, Total: 277501 ns
[2023-07-14T21:31:02.104+0000][66][info ][safepoint   ] Safepoint "Cleanup", Time since last: 6981816710 ns, Reaching safepoint: 105094 ns, At safepoint: 33913 ns, Total: 139007 ns
[2023-07-14T21:31:03.165+0000][66][info ][safepoint   ] Safepoint "Cleanup", Time since last: 1060381278 ns, Reaching safepoint: 609902 ns, At safepoint: 6733 ns, Total: 616635 ns
[2023-07-14T21:31:09.524+0000][66][info ][safepoint   ] Safepoint "Cleanup", Time since last: 6359143153 ns, Reaching safepoint: 141851 ns, At safepoint: 3966 ns, Total: 145817 ns
[2023-07-14T21:31:13.708+0000][66][info ][safepoint   ] Safepoint "Cleanup", Time since last: 4182541418 ns, Reaching safepoint: 161232 ns, At safepoint: 27720 ns, Total: 188952 ns
[2023-07-14T21:31:20.002+0000][66][info ][safepoint   ] Safepoint "Cleanup", Time since last: 6294444852 ns, Reaching safepoint: 220171 ns, At safepoint: 33243 ns, Total: 253414 ns
[2023-07-14T21:31:28.305+0000][66][info ][safepoint   ] Safepoint "Cleanup", Time since last: 8301859458 ns, Reaching safepoint: 687792 ns, At safepoint: 293763 ns, Total: 981555 ns
[2023-07-14T21:31:33.003+0000][66][info ][safepoint   ] Safepoint "Cleanup", Time since last: 4697734294 ns, Reaching safepoint: 235280 ns, At safepoint: 52064 ns, Total: 287344 ns
[2023-07-14T21:31:34.923+0000][66][info ][safepoint   ] Safepoint "Cleanup", Time since last: 1919202074 ns, Reaching safepoint: 308919 ns, At safepoint: 6294 ns, Total: 315213 ns
[2023-07-14T21:31:39.226+0000][66][info ][safepoint   ] Safepoint "Cleanup", Time since last: 4302533892 ns, Reaching safepoint: 226836 ns, At safepoint: 11072 ns, Total: 237908 ns
[2023-07-14T21:31:41.274+0000][66][info ][safepoint   ] Safepoint "Cleanup", Time since last: 2048304031 ns, Reaching safepoint: 393298 ns, At safepoint: 6632 ns, Total: 399930 ns
[2023-07-14T21:31:43.144+0000][66][info ][safepoint   ] Safepoint "Cleanup", Time since last: 1867226811 ns, Reaching safepoint: 236856 ns, At safepoint: 35989 ns, Total: 272845 ns
[2023-07-14T21:31:44.338+0000][66][info ][safepoint   ] Safepoint "Cleanup", Time since last: 1193457452 ns, Reaching safepoint: 148500 ns, At safepoint: 34914 ns, Total: 183414 ns
[2023-07-14T21:31:45.922+0000][66][info ][safepoint   ] Safepoint "Cleanup", Time since last: 1583400026 ns, Reaching safepoint: 152149 ns, At safepoint: 17726 ns, Total: 169875 ns
[2023-07-14T21:31:46.932+0000][66][info ][safepoint   ] Safepoint "Cleanup", Time since last: 1010014382 ns, Reaching safepoint: 593649 ns, At safepoint: 13661 ns, Total: 607310 ns
[2023-07-14T21:31:48.936+0000][66][info ][safepoint   ] Safepoint "Cleanup", Time since last: 2003069611 ns, Reaching safepoint: 348392 ns, At safepoint: 18388 ns, Total: 366780 ns
[2023-07-14T21:31:50.486+0000][66][info ][safepoint   ] Safepoint "Cleanup", Time since last: 1550436467 ns, Reaching safepoint: 128598 ns, At safepoint: 33250 ns, Total: 161848 ns
[2023-07-14T21:31:51.645+0000][66][info ][safepoint   ] Safepoint "Cleanup", Time since last: 1158348092 ns, Reaching safepoint: 228749 ns, At safepoint: 7465 ns, Total: 236214 ns
[2023-07-14T21:31:52.656+0000][66][info ][safepoint   ] Safepoint "Cleanup", Time since last: 1010134176 ns, Reaching safepoint: 435741 ns, At safepoint: 28002 ns, Total: 463743 ns
[2023-07-14T21:31:55.118+0000][66][info ][safepoint   ] Safepoint "Cleanup", Time since last: 2462154622 ns, Reaching safepoint: 293185 ns, At safepoint: 33293 ns, Total: 326478 ns
[2023-07-14T21:31:56.907+0000][66][info ][safepoint   ] Safepoint "Cleanup", Time since last: 1788547468 ns, Reaching safepoint: 738542 ns, At safepoint: 25336 ns, Total: 763878 ns
[2023-07-14T21:31:58.911+0000][66][info ][safepoint   ] Safepoint "Cleanup", Time since last: 2002942517 ns, Reaching safepoint: 1175338 ns, At safepoint: 24181 ns, Total: 1199519 ns
[2023-07-14T21:32:02.108+0000][66][info ][safepoint   ] Safepoint "Cleanup", Time since last: 3196724264 ns, Reaching safepoint: 189519 ns, At safepoint: 38818 ns, Total: 228337 ns
[2023-07-14T21:32:03.176+0000][66][info ][safepoint   ] Safepoint "Cleanup", Time since last: 1067081859 ns, Reaching safepoint: 209955 ns, At safepoint: 28081 ns, Total: 238036 ns
[2023-07-14T21:32:04.178+0000][66][info ][safepoint   ] Safepoint "Cleanup", Time since last: 1001230553 ns, Reaching safepoint: 533128 ns, At safepoint: 9435 ns, Total: 542563 ns
[2023-07-14T21:32:05.733+0000][66][info ][safepoint   ] Safepoint "Cleanup", Time since last: 1554787637 ns, Reaching safepoint: 314994 ns, At safepoint: 92312 ns, Total: 407306 ns
[2023-07-14T21:32:07.135+0000][66][info ][safepoint   ] Safepoint "Cleanup", Time since last: 1402274157 ns, Reaching safepoint: 165779 ns, At safepoint: 4199 ns, Total: 169978 ns
[2023-07-14T21:32:08.270+0000][66][info ][safepoint   ] Safepoint "Cleanup", Time since last: 1134270360 ns, Reaching safepoint: 885677 ns, At safepoint: 23443 ns, Total: 909120 ns
[2023-07-14T21:32:11.435+0000][66][info ][safepoint   ] Safepoint "Cleanup", Time since last: 3164362427 ns, Reaching safepoint: 480429 ns, At safepoint: 16943 ns, Total: 497372 ns
[2023-07-14T21:32:13.647+0000][66][info ][safepoint   ] Safepoint "Cleanup", Time since last: 2212497375 ns, Reaching safepoint: 283874 ns, At safepoint: 65418 ns, Total: 349292 ns
[2023-07-14T21:32:16.711+0000][66][info ][safepoint   ] Safepoint "Cleanup", Time since last: 3063372449 ns, Reaching safepoint: 458583 ns, At safepoint: 10298 ns, Total: 468881 ns
[2023-07-14T21:32:19.130+0000][66][info ][safepoint   ] Safepoint "Cleanup", Time since last: 2419062877 ns, Reaching safepoint: 129515 ns, At safepoint: 3370 ns, Total: 132885 ns
[2023-07-14T21:32:21.071+0000][66][info ][safepoint   ] Safepoint "Cleanup", Time since last: 1940725218 ns, Reaching safepoint: 373849 ns, At safepoint: 15220 ns, Total: 389069 ns
[2023-07-14T21:32:25.075+0000][66][info ][safepoint   ] Safepoint "Cleanup", Time since last: 4003654232 ns, Reaching safepoint: 52744 ns, At safepoint: 9584 ns, Total: 62328 ns
[2023-07-14T21:32:28.285+0000][66][info ][safepoint   ] Safepoint "Cleanup", Time since last: 3210090725 ns, Reaching safepoint: 372228 ns, At safepoint: 15700 ns, Total: 387928 ns
[2023-07-14T21:32:35.949+0000][66][info ][safepoint   ] Safepoint "Cleanup", Time since last: 7663183763 ns, Reaching safepoint: 372408 ns, At safepoint: 15893 ns, Total: 388301 ns
[2023-07-14T21:32:36.952+0000][66][info ][safepoint   ] Safepoint "Cleanup", Time since last: 1002972078 ns, Reaching safepoint: 614096 ns, At safepoint: 31992 ns, Total: 646088 ns
[2023-07-14T21:32:37.984+0000][66][info ][safepoint   ] Safepoint "Cleanup", Time since last: 1031022187 ns, Reaching safepoint: 245571 ns, At safepoint: 37972 ns, Total: 283543 ns
[2023-07-14T21:32:46.436+0000][66][info ][safepoint   ] Safepoint "Cleanup", Time since last: 8451203114 ns, Reaching safepoint: 239269 ns, At safepoint: 3715 ns, Total: 242984 ns
[2023-07-14T21:32:49.621+0000][66][info ][safepoint   ] Safepoint "Cleanup", Time since last: 3184655105 ns, Reaching safepoint: 135169 ns, At safepoint: 28148 ns, Total: 163317 ns
[2023-07-14T21:32:52.709+0000][66][info ][safepoint   ] Safepoint "Cleanup", Time since last: 3087995012 ns, Reaching safepoint: 504395 ns, At safepoint: 26145 ns, Total: 530540 ns
[2023-07-14T21:33:01.334+0000][66][info ][safepoint   ] Safepoint "Cleanup", Time since last: 8624239558 ns, Reaching safepoint: 177387 ns, At safepoint: 3824 ns, Total: 181211 ns
[2023-07-14T21:33:07.968+0000][66][info ][safepoint   ] Safepoint "Cleanup", Time since last: 6634063392 ns, Reaching safepoint: 199833 ns, At safepoint: 35036 ns, Total: 234869 ns
[2023-07-14T21:33:12.897+0000][66][info ][safepoint   ] Safepoint "Cleanup", Time since last: 4928137115 ns, Reaching safepoint: 571293 ns, At safepoint: 14284 ns, Total: 585577 ns
[2023-07-14T21:33:19.125+0000][66][info ][safepoint   ] Safepoint "Cleanup", Time since last: 6227267333 ns, Reaching safepoint: 225690 ns, At safepoint: 8599 ns, Total: 234289 ns
[2023-07-14T21:33:20.285+0000][66][info ][safepoint   ] Safepoint "Cleanup", Time since last: 1159981654 ns, Reaching safepoint: 96474 ns, At safepoint: 34932 ns, Total: 131406 ns
[2023-07-14T21:33:26.663+0000][66][info ][safepoint   ] Safepoint "Cleanup", Time since last: 6378165171 ns, Reaching safepoint: 313147 ns, At safepoint: 11510 ns, Total: 324657 ns
[2023-07-14T21:33:33.922+0000][66][info ][safepoint   ] Safepoint "Cleanup", Time since last: 7258397504 ns, Reaching safepoint: 254591 ns, At safepoint: 6087 ns, Total: 260678 ns
[2023-07-14T21:33:37.325+0000][66][info ][safepoint   ] Safepoint "Cleanup", Time since last: 3403031364 ns, Reaching safepoint: 289407 ns, At safepoint: 79656 ns, Total: 369063 ns
[2023-07-14T21:33:38.401+0000][66][info ][safepoint   ] Safepoint "Cleanup", Time since last: 1075078884 ns, Reaching safepoint: 208157 ns, At safepoint: 65909 ns, Total: 274066 ns
[2023-07-14T21:33:40.410+0000][66][info ][safepoint   ] Safepoint "Cleanup", Time since last: 2008451264 ns, Reaching safepoint: 594210 ns, At safepoint: 26252 ns, Total: 620462 ns
[2023-07-14T21:33:46.627+0000][66][info ][safepoint   ] Safepoint "Cleanup", Time since last: 6215990082 ns, Reaching safepoint: 267354 ns, At safepoint: 5627 ns, Total: 272981 ns
[2023-07-14T21:33:49.137+0000][66][info ][safepoint   ] Safepoint "Cleanup", Time since last: 2509324467 ns, Reaching safepoint: 200747 ns, At safepoint: 30015 ns, Total: 230762 ns
[2023-07-14T21:33:50.909+0000][66][info ][safepoint   ] Safepoint "Cleanup", Time since last: 1771767133 ns, Reaching safepoint: 349728 ns, At safepoint: 6351 ns, Total: 356079 ns
[2023-07-14T21:33:55.142+0000][66][info ][safepoint   ] Safepoint "Cleanup", Time since last: 4233356868 ns, Reaching safepoint: 221239 ns, At safepoint: 36428 ns, Total: 257667 ns
[2023-07-14T21:33:56.144+0000][66][info ][safepoint   ] Safepoint "Cleanup", Time since last: 1001733432 ns, Reaching safepoint: 207073 ns, At safepoint: 35110 ns, Total: 242183 ns
[2023-07-14T21:34:02.677+0000][66][info ][safepoint   ] Safepoint "Cleanup", Time since last: 6532917513 ns, Reaching safepoint: 179368 ns, At safepoint: 27072 ns, Total: 206440 ns
[2023-07-14T21:34:10.782+0000][66][info ][safepoint   ] Safepoint "Cleanup", Time since last: 8104285243 ns, Reaching safepoint: 406381 ns, At safepoint: 6216 ns, Total: 412597 ns
[2023-07-14T21:34:13.975+0000][66][info ][safepoint   ] Safepoint "Cleanup", Time since last: 3192104350 ns, Reaching safepoint: 199322 ns, At safepoint: 40941 ns, Total: 240263 ns
[2023-07-14T21:34:17.037+0000][66][info ][safepoint   ] Safepoint "Cleanup", Time since last: 3060977912 ns, Reaching safepoint: 338987 ns, At safepoint: 5810 ns, Total: 344797 ns
[2023-07-14T21:34:19.041+0000][66][info ][safepoint   ] Safepoint "Cleanup", Time since last: 2004580301 ns, Reaching safepoint: 248960 ns, At safepoint: 3671 ns, Total: 252631 ns
[2023-07-14T21:34:26.572+0000][66][info ][safepoint   ] Safepoint "Cleanup", Time since last: 7530178668 ns, Reaching safepoint: 668586 ns, At safepoint: 32085 ns, Total: 700671 ns
[2023-07-14T21:34:28.903+0000][66][info ][safepoint   ] Safepoint "Cleanup", Time since last: 2330481627 ns, Reaching safepoint: 577611 ns, At safepoint: 14582 ns, Total: 592193 ns
[2023-07-14T21:34:34.127+0000][66][info ][safepoint   ] Safepoint "Cleanup", Time since last: 5222829744 ns, Reaching safepoint: 693203 ns, At safepoint: 23980 ns, Total: 717183 ns
[2023-07-14T21:34:37.276+0000][66][info ][safepoint   ] Safepoint "Cleanup", Time since last: 3148680288 ns, Reaching safepoint: 214178 ns, At safepoint: 27595 ns, Total: 241773 ns
[2023-07-14T21:34:43.156+0000][66][info ][safepoint   ] Safepoint "Cleanup", Time since last: 5879136179 ns, Reaching safepoint: 129890 ns, At safepoint: 34005 ns, Total: 163895 ns
[2023-07-14T21:34:44.999+0000][66][info ][safepoint   ] Safepoint "Cleanup", Time since last: 1843159483 ns, Reaching safepoint: 250479 ns, At safepoint: 4093 ns, Total: 254572 ns
[2023-07-14T21:34:46.001+0000][66][info ][safepoint   ] Safepoint "Cleanup", Time since last: 1001652100 ns, Reaching safepoint: 252090 ns, At safepoint: 8117 ns, Total: 260207 ns
[2023-07-14T21:34:57.293+0000][66][info ][safepoint   ] Safepoint "Cleanup", Time since last: 11292083552 ns, Reaching safepoint: 349672 ns, At safepoint: 13828 ns, Total: 363500 ns
[2023-07-14T21:34:58.296+0000][66][info ][safepoint   ] Safepoint "Cleanup", Time since last: 1002210052 ns, Reaching safepoint: 635329 ns, At safepoint: 10010 ns, Total: 645339 ns
[2023-07-14T21:35:00.300+0000][66][info ][safepoint   ] Safepoint "Cleanup", Time since last: 2002877758 ns, Reaching safepoint: 553712 ns, At safepoint: 8408 ns, Total: 562120 ns
[2023-07-14T21:35:02.328+0000][66][info ][safepoint   ] Safepoint "Cleanup", Time since last: 2028055580 ns, Reaching safepoint: 633635 ns, At safepoint: 10606 ns, Total: 644241 ns
[2023-07-14T21:35:03.535+0000][66][info ][safepoint   ] Safepoint "Cleanup", Time since last: 1205941446 ns, Reaching safepoint: 462298 ns, At safepoint: 15225 ns, Total: 477523 ns
[2023-07-14T21:35:04.627+0000][66][info ][safepoint   ] Safepoint "Cleanup", Time since last: 1091951089 ns, Reaching safepoint: 159865 ns, At safepoint: 27051 ns, Total: 186916 ns
[2023-07-14T21:35:07.167+0000][66][info ][safepoint   ] Safepoint "Cleanup", Time since last: 2539338365 ns, Reaching safepoint: 199980 ns, At safepoint: 36721 ns, Total: 236701 ns
[2023-07-14T21:35:10.989+0000][66][info ][safepoint   ] Safepoint "Cleanup", Time since last: 3821699200 ns, Reaching safepoint: 215078 ns, At safepoint: 37326 ns, Total: 252404 ns
[2023-07-14T21:35:13.295+0000][66][info ][safepoint   ] Safepoint "Cleanup", Time since last: 2305452381 ns, Reaching safepoint: 176683 ns, At safepoint: 74265 ns, Total: 250948 ns
[2023-07-14T21:35:14.812+0000][66][info ][safepoint   ] Safepoint "Cleanup", Time since last: 1516729697 ns, Reaching safepoint: 180501 ns, At safepoint: 30517 ns, Total: 211018 ns
[2023-07-14T21:35:26.312+0000][66][info ][safepoint   ] Safepoint "Cleanup", Time since last: 11500356149 ns, Reaching safepoint: 113534 ns, At safepoint: 9494 ns, Total: 123028 ns
[2023-07-14T21:35:33.644+0000][66][info ][safepoint   ] Safepoint "Cleanup", Time since last: 7331668738 ns, Reaching safepoint: 316125 ns, At safepoint: 24251 ns, Total: 340376 ns
[2023-07-14T21:35:39.013+0000][66][info ][safepoint   ] Safepoint "Cleanup", Time since last: 5368203248 ns, Reaching safepoint: 530686 ns, At safepoint: 19706 ns, Total: 550392 ns
[2023-07-14T21:35:43.018+0000][66][info ][safepoint   ] Safepoint "Cleanup", Time since last: 4003554233 ns, Reaching safepoint: 291270 ns, At safepoint: 13153 ns, Total: 304423 ns
[2023-07-14T21:35:44.043+0000][66][info ][safepoint   ] Safepoint "Cleanup", Time since last: 1025177826 ns, Reaching safepoint: 210543 ns, At safepoint: 45357 ns, Total: 255900 ns
[2023-07-14T21:35:46.260+0000][66][info ][safepoint   ] Safepoint "Cleanup", Time since last: 2216667639 ns, Reaching safepoint: 319661 ns, At safepoint: 15822 ns, Total: 335483 ns
[2023-07-14T21:36:01.174+0000][66][info ][safepoint   ] Safepoint "Cleanup", Time since last: 14913810933 ns, Reaching safepoint: 194034 ns, At safepoint: 33587 ns, Total: 227621 ns
[2023-07-14T21:36:01.312+0000][66][info ][gc,start    ] GC(16) Pause Young (Normal) (G1 Evacuation Pause)
[2023-07-14T21:36:01.313+0000][66][info ][gc,task     ] GC(16) Using 6 workers of 6 for evacuation
[2023-07-14T21:36:01.314+0000][66][debug][gc,age      ] GC(16) Desired survivor size 155189248 bytes, new threshold 15 (max threshold 15)
[2023-07-14T21:36:01.337+0000][66][info ][gc,phases   ] GC(16)   Pre Evacuate Collection Set: 0.2ms
[2023-07-14T21:36:01.338+0000][66][info ][gc,phases   ] GC(16)   Merge Heap Roots: 0.2ms
[2023-07-14T21:36:01.339+0000][66][info ][gc,phases   ] GC(16)   Evacuate Collection Set: 18.4ms
[2023-07-14T21:36:01.340+0000][66][info ][gc,phases   ] GC(16)   Post Evacuate Collection Set: 3.3ms
[2023-07-14T21:36:01.341+0000][66][info ][gc,phases   ] GC(16)   Other: 1.6ms
[2023-07-14T21:36:01.342+0000][66][trace][gc,age      ] GC(16) Age table with threshold 15 (max threshold 15)
[2023-07-14T21:36:01.343+0000][66][trace][gc,age      ] GC(16) - age   1:    3200384 bytes,    3200384 total
[2023-07-14T21:36:01.344+0000][66][trace][gc,age      ] GC(16) - age   2:     192296 bytes,    3392680 total
[2023-07-14T21:36:01.345+0000][66][trace][gc,age      ] GC(16) - age   3:     127632 bytes,    3520312 total
[2023-07-14T21:36:01.346+0000][66][trace][gc,age      ] GC(16) - age   4:    1054544 bytes,    4574856 total
[2023-07-14T21:36:01.347+0000][66][trace][gc,age      ] GC(16) - age   5:   32351488 bytes,   36926344 total
[2023-07-14T21:36:01.348+0000][66][info ][gc,heap     ] GC(16) Eden regions: 580->0(579)
[2023-07-14T21:36:01.349+0000][66][info ][gc,heap     ] GC(16) Survivor regions: 9->10(74)
[2023-07-14T21:36:01.350+0000][66][info ][gc,heap     ] GC(16) Old regions: 18->18
[2023-07-14T21:36:01.350+0000][66][info ][gc,heap     ] GC(16) Archive regions: 2->2
[2023-07-14T21:36:01.351+0000][66][info ][gc,heap     ] GC(16) Humongous regions: 0->0
[2023-07-14T21:36:01.352+0000][66][info ][gc,metaspace] GC(16) Metaspace: 138091K(141504K)->138091K(141504K) NonClass: 120208K(121984K)->120208K(121984K) Class: 17882K(19520K)->17882K(19520K)
[2023-07-14T21:36:01.352+0000][66][info ][gc          ] GC(16) Pause Young (Normal) (G1 Evacuation Pause) 2428M->112M(3932M) 40.359ms
[2023-07-14T21:36:01.353+0000][66][info ][gc,cpu      ] GC(16) User=0.10s Sys=0.00s Real=0.04s
[2023-07-14T21:36:01.354+0000][66][info ][safepoint   ] Safepoint "G1CollectForAllocation", Time since last: 137380235 ns, Reaching safepoint: 340673 ns, At safepoint: 41871520 ns, Total: 42212193 ns
[2023-07-14T21:36:02.372+0000][66][info ][safepoint   ] Safepoint "Cleanup", Time since last: 1017473644 ns, Reaching safepoint: 228560 ns, At safepoint: 27089 ns, Total: 255649 ns
[2023-07-14T21:36:04.294+0000][66][info ][safepoint   ] Safepoint "Cleanup", Time since last: 1921943924 ns, Reaching safepoint: 698566 ns, At safepoint: 29355 ns, Total: 727921 ns
[2023-07-14T21:36:12.464+0000][66][info ][safepoint   ] Safepoint "Cleanup", Time since last: 8230436984 ns, Reaching safepoint: 625964 ns, At safepoint: 25054 ns, Total: 651018 ns
[2023-07-14T21:36:13.671+0000][66][info ][safepoint   ] Safepoint "Cleanup", Time since last: 1207160648 ns, Reaching safepoint: 163431 ns, At safepoint: 69140 ns, Total: 232571 ns
[2023-07-14T21:36:15.735+0000][66][info ][safepoint   ] Safepoint "Cleanup", Time since last: 2063394090 ns, Reaching safepoint: 417831 ns, At safepoint: 18852 ns, Total: 436683 ns
[2023-07-14T21:36:16.738+0000][66][info ][safepoint   ] Safepoint "Cleanup", Time since last: 1002405496 ns, Reaching safepoint: 558323 ns, At safepoint: 9352 ns, Total: 567675 ns
[2023-07-14T21:36:18.743+0000][66][info ][safepoint   ] Safepoint "Cleanup", Time since last: 2004535244 ns, Reaching safepoint: 485298 ns, At safepoint: 14950 ns, Total: 500248 ns
[2023-07-14T21:36:22.016+0000][66][info ][safepoint   ] Safepoint "Cleanup", Time since last: 3272678770 ns, Reaching safepoint: 348371 ns, At safepoint: 15359 ns, Total: 363730 ns
[2023-07-14T21:36:26.229+0000][66][info ][safepoint   ] Safepoint "Cleanup", Time since last: 4212172423 ns, Reaching safepoint: 204240 ns, At safepoint: 81765 ns, Total: 286005 ns
[2023-07-14T21:36:31.455+0000][66][info ][safepoint   ] Safepoint "Cleanup", Time since last: 5226332239 ns, Reaching safepoint: 183128 ns, At safepoint: 44656 ns, Total: 227784 ns
[2023-07-14T21:36:32.669+0000][66][info ][safepoint   ] Safepoint "Cleanup", Time since last: 1213259992 ns, Reaching safepoint: 302102 ns, At safepoint: 15127 ns, Total: 317229 ns
[2023-07-14T21:36:34.914+0000][66][info ][safepoint   ] Safepoint "Cleanup", Time since last: 2244291486 ns, Reaching safepoint: 623210 ns, At safepoint: 54208 ns, Total: 677418 ns
[2023-07-14T21:36:36.846+0000][66][info ][safepoint   ] Safepoint "Cleanup", Time since last: 1931186323 ns, Reaching safepoint: 683783 ns, At safepoint: 30393 ns, Total: 714176 ns
[2023-07-14T21:36:46.721+0000][66][info ][safepoint   ] Safepoint "Cleanup", Time since last: 9873678559 ns, Reaching safepoint: 1498595 ns, At safepoint: 12701 ns, Total: 1511296 ns
[2023-07-14T21:36:54.328+0000][66][info ][safepoint   ] Safepoint "Cleanup", Time since last: 7605785131 ns, Reaching safepoint: 462210 ns, At safepoint: 8838 ns, Total: 471048 ns
[2023-07-14T21:36:56.155+0000][66][info ][safepoint   ] Safepoint "Cleanup", Time since last: 1827061843 ns, Reaching safepoint: 213343 ns, At safepoint: 43928 ns, Total: 257271 ns
[2023-07-14T21:36:58.317+0000][66][info ][safepoint   ] Safepoint "Cleanup", Time since last: 2161144390 ns, Reaching safepoint: 420154 ns, At safepoint: 16398 ns, Total: 436552 ns
[2023-07-14T21:37:06.782+0000][66][info ][safepoint   ] Safepoint "Cleanup", Time since last: 8464830465 ns, Reaching safepoint: 492675 ns, At safepoint: 19195 ns, Total: 511870 ns
[2023-07-14T21:37:09.052+0000][66][info ][safepoint   ] Safepoint "Cleanup", Time since last: 2270206533 ns, Reaching safepoint: 344741 ns, At safepoint: 5404 ns, Total: 350145 ns
[2023-07-14T21:37:14.266+0000][66][info ][safepoint   ] Safepoint "Cleanup", Time since last: 5213023499 ns, Reaching safepoint: 142562 ns, At safepoint: 31852 ns, Total: 174414 ns
[2023-07-14T21:37:19.110+0000][66][info ][safepoint   ] Safepoint "Cleanup", Time since last: 4843664939 ns, Reaching safepoint: 190119 ns, At safepoint: 56826 ns, Total: 246945 ns
[2023-07-14T21:37:20.701+0000][66][info ][safepoint   ] Safepoint "Cleanup", Time since last: 1590504495 ns, Reaching safepoint: 283059 ns, At safepoint: 6574 ns, Total: 289633 ns
[2023-07-14T21:37:32.244+0000][66][info ][safepoint   ] Safepoint "Cleanup", Time since last: 11542171474 ns, Reaching safepoint: 554653 ns, At safepoint: 82632 ns, Total: 637285 ns
[2023-07-14T21:37:37.609+0000][66][info ][safepoint   ] Safepoint "Cleanup", Time since last: 5365618932 ns, Reaching safepoint: 219057 ns, At safepoint: 29452 ns, Total: 248509 ns
[2023-07-14T21:37:42.673+0000][66][info ][safepoint   ] Safepoint "Cleanup", Time since last: 5062570777 ns, Reaching safepoint: 627230 ns, At safepoint: 14877 ns, Total: 642107 ns
[2023-07-14T21:37:43.876+0000][66][info ][safepoint   ] Safepoint "Cleanup", Time since last: 1202986745 ns, Reaching safepoint: 212384 ns, At safepoint: 11248 ns, Total: 223632 ns
[2023-07-14T21:37:45.036+0000][66][info ][safepoint   ] Safepoint "Cleanup", Time since last: 1159155092 ns, Reaching safepoint: 93917 ns, At safepoint: 5102 ns, Total: 99019 ns
[2023-07-14T21:37:46.046+0000][66][info ][safepoint   ] Safepoint "Cleanup", Time since last: 1010511106 ns, Reaching safepoint: 277019 ns, At safepoint: 16164 ns, Total: 293183 ns
[2023-07-14T21:37:49.049+0000][66][info ][safepoint   ] Safepoint "Cleanup", Time since last: 3002446323 ns, Reaching safepoint: 234660 ns, At safepoint: 56941 ns, Total: 291601 ns
[2023-07-14T21:37:52.272+0000][66][info ][safepoint   ] Safepoint "Cleanup", Time since last: 3222874711 ns, Reaching safepoint: 404456 ns, At safepoint: 17299 ns, Total: 421755 ns
[2023-07-14T21:38:07.271+0000][66][info ][safepoint   ] Safepoint "Cleanup", Time since last: 14998730707 ns, Reaching safepoint: 170072 ns, At safepoint: 28973 ns, Total: 199045 ns
[2023-07-14T21:38:08.273+0000][66][info ][safepoint   ] Safepoint "Cleanup", Time since last: 1001397300 ns, Reaching safepoint: 65698 ns, At safepoint: 3395 ns, Total: 69093 ns
[2023-07-14T21:38:09.437+0000][66][info ][safepoint   ] Safepoint "Cleanup", Time since last: 1163763270 ns, Reaching safepoint: 291925 ns, At safepoint: 6818 ns, Total: 298743 ns
[2023-07-14T21:38:31.669+0000][66][info ][safepoint   ] Safepoint "Cleanup", Time since last: 22231988401 ns, Reaching safepoint: 189612 ns, At safepoint: 29003 ns, Total: 218615 ns
[2023-07-14T21:38:32.728+0000][66][info ][safepoint   ] Safepoint "Cleanup", Time since last: 1058662425 ns, Reaching safepoint: 188546 ns, At safepoint: 3725 ns, Total: 192271 ns
[2023-07-14T21:38:33.731+0000][66][info ][safepoint   ] Safepoint "Cleanup", Time since last: 1001428738 ns, Reaching safepoint: 1055995 ns, At safepoint: 97774 ns, Total: 1153769 ns
[2023-07-14T21:38:37.152+0000][66][info ][safepoint   ] Safepoint "Cleanup", Time since last: 3420968196 ns, Reaching safepoint: 250210 ns, At safepoint: 38889 ns, Total: 289099 ns
[2023-07-14T21:38:39.116+0000][66][info ][safepoint   ] Safepoint "Cleanup", Time since last: 1964243101 ns, Reaching safepoint: 229994 ns, At safepoint: 4426 ns, Total: 234420 ns
[2023-07-14T21:38:42.519+0000][66][info ][safepoint   ] Safepoint "Cleanup", Time since last: 3401244164 ns, Reaching safepoint: 424668 ns, At safepoint: 14746 ns, Total: 439414 ns
[2023-07-14T21:38:47.175+0000][66][info ][safepoint   ] Safepoint "Cleanup", Time since last: 4655519194 ns, Reaching safepoint: 660575 ns, At safepoint: 15461 ns, Total: 676036 ns
[2023-07-14T21:38:56.084+0000][66][info ][safepoint   ] Safepoint "Cleanup", Time since last: 8909007025 ns, Reaching safepoint: 176738 ns, At safepoint: 29710 ns, Total: 206448 ns
[2023-07-14T21:39:01.145+0000][66][info ][safepoint   ] Safepoint "Cleanup", Time since last: 5060708138 ns, Reaching safepoint: 97204 ns, At safepoint: 2466 ns, Total: 99670 ns
[2023-07-14T21:39:02.357+0000][66][info ][safepoint   ] Safepoint "Cleanup", Time since last: 1211632285 ns, Reaching safepoint: 190253 ns, At safepoint: 42912 ns, Total: 233165 ns
[2023-07-14T21:39:03.508+0000][66][info ][safepoint   ] Safepoint "Cleanup", Time since last: 1150552009 ns, Reaching safepoint: 405749 ns, At safepoint: 6788 ns, Total: 412537 ns
[2023-07-14T21:39:05.512+0000][66][info ][safepoint   ] Safepoint "Cleanup", Time since last: 2003414138 ns, Reaching safepoint: 713599 ns, At safepoint: 19436 ns, Total: 733035 ns
[2023-07-14T21:39:07.122+0000][66][info ][safepoint   ] Safepoint "Cleanup", Time since last: 1610388510 ns, Reaching safepoint: 221739 ns, At safepoint: 30605 ns, Total: 252344 ns
[2023-07-14T21:39:13.991+0000][66][info ][safepoint   ] Safepoint "Cleanup", Time since last: 6867612504 ns, Reaching safepoint: 169018 ns, At safepoint: 37140 ns, Total: 206158 ns
[2023-07-14T21:39:43.636+0000][66][info ][safepoint   ] Safepoint "Cleanup", Time since last: 29644816351 ns, Reaching safepoint: 198582 ns, At safepoint: 36077 ns, Total: 234659 ns
[2023-07-14T21:39:44.862+0000][66][info ][safepoint   ] Safepoint "Cleanup", Time since last: 1225489923 ns, Reaching safepoint: 354861 ns, At safepoint: 5781 ns, Total: 360642 ns
[2023-07-14T21:39:45.864+0000][66][info ][safepoint   ] Safepoint "Cleanup", Time since last: 1002388126 ns, Reaching safepoint: 348888 ns, At safepoint: 6243 ns, Total: 355131 ns
[2023-07-14T21:39:50.214+0000][66][info ][safepoint   ] Safepoint "Cleanup", Time since last: 4349188198 ns, Reaching safepoint: 187397 ns, At safepoint: 4152 ns, Total: 191549 ns
[2023-07-14T21:40:01.133+0000][66][info ][safepoint   ] Safepoint "Cleanup", Time since last: 10919373030 ns, Reaching safepoint: 143667 ns, At safepoint: 30166 ns, Total: 173833 ns
[2023-07-14T21:40:13.149+0000][66][info ][safepoint   ] Safepoint "Cleanup", Time since last: 12014802194 ns, Reaching safepoint: 225958 ns, At safepoint: 8119 ns, Total: 234077 ns
[2023-07-14T21:40:14.149+0000][66][info ][safepoint   ] Safepoint "Cleanup", Time since last: 1000171813 ns, Reaching safepoint: 195658 ns, At safepoint: 153439 ns, Total: 349097 ns
[2023-07-14T21:40:15.174+0000][66][info ][safepoint   ] Safepoint "Cleanup", Time since last: 1024043470 ns, Reaching safepoint: 442156 ns, At safepoint: 9151 ns, Total: 451307 ns
[2023-07-14T21:40:16.522+0000][66][info ][safepoint   ] Safepoint "Cleanup", Time since last: 1348356727 ns, Reaching safepoint: 186261 ns, At safepoint: 62824 ns, Total: 249085 ns
[2023-07-14T21:40:22.850+0000][66][info ][safepoint   ] Safepoint "Cleanup", Time since last: 6327211815 ns, Reaching safepoint: 342682 ns, At safepoint: 14094 ns, Total: 356776 ns
[2023-07-14T21:40:25.178+0000][66][info ][safepoint   ] Safepoint "Cleanup", Time since last: 2328223791 ns, Reaching safepoint: 209944 ns, At safepoint: 29024 ns, Total: 238968 ns
[2023-07-14T21:40:31.143+0000][66][info ][safepoint   ] Safepoint "Cleanup", Time since last: 5964280449 ns, Reaching safepoint: 257221 ns, At safepoint: 11773 ns, Total: 268994 ns
[2023-07-14T21:40:32.284+0000][66][info ][safepoint   ] Safepoint "Cleanup", Time since last: 1141128870 ns, Reaching safepoint: 274830 ns, At safepoint: 4281 ns, Total: 279111 ns
[2023-07-14T21:40:42.691+0000][66][info ][safepoint   ] Safepoint "Cleanup", Time since last: 10405681192 ns, Reaching safepoint: 412849 ns, At safepoint: 13200 ns, Total: 426049 ns
[2023-07-14T21:40:46.089+0000][66][info ][safepoint   ] Safepoint "Cleanup", Time since last: 3398124149 ns, Reaching safepoint: 312651 ns, At safepoint: 6536 ns, Total: 319187 ns
[2023-07-14T21:40:47.092+0000][66][info ][safepoint   ] Safepoint "Cleanup", Time since last: 1002655653 ns, Reaching safepoint: 481129 ns, At safepoint: 6162 ns, Total: 487291 ns
[2023-07-14T21:40:49.095+0000][66][info ][safepoint   ] Safepoint "Cleanup", Time since last: 2002697580 ns, Reaching safepoint: 212318 ns, At safepoint: 3683 ns, Total: 216001 ns
[2023-07-14T21:40:50.240+0000][66][info ][safepoint   ] Safepoint "Cleanup", Time since last: 1144846832 ns, Reaching safepoint: 168527 ns, At safepoint: 28341 ns, Total: 196868 ns
[2023-07-14T21:41:02.830+0000][66][info ][safepoint   ] Safepoint "Cleanup", Time since last: 12589326534 ns, Reaching safepoint: 94649 ns, At safepoint: 4108 ns, Total: 98757 ns
[2023-07-14T21:41:08.086+0000][66][info ][safepoint   ] Safepoint "Cleanup", Time since last: 5255622803 ns, Reaching safepoint: 234414 ns, At safepoint: 35369 ns, Total: 269783 ns
[2023-07-14T21:41:33.780+0000][66][info ][safepoint   ] Safepoint "Cleanup", Time since last: 25693211592 ns, Reaching safepoint: 552923 ns, At safepoint: 9591 ns, Total: 562514 ns
[2023-07-14T21:41:46.277+0000][66][info ][safepoint   ] Safepoint "Cleanup", Time since last: 12496059227 ns, Reaching safepoint: 199878 ns, At safepoint: 11876 ns, Total: 211754 ns
[2023-07-14T21:42:02.372+0000][66][info ][safepoint   ] Safepoint "Cleanup", Time since last: 16095051607 ns, Reaching safepoint: 184012 ns, At safepoint: 31553 ns, Total: 215565 ns
[2023-07-14T21:42:06.527+0000][66][info ][safepoint   ] Safepoint "Cleanup", Time since last: 4154797393 ns, Reaching safepoint: 397749 ns, At safepoint: 19787 ns, Total: 417536 ns
[2023-07-14T21:42:28.930+0000][66][info ][safepoint   ] Safepoint "Cleanup", Time since last: 22402855389 ns, Reaching safepoint: 314031 ns, At safepoint: 11277 ns, Total: 325308 ns
[2023-07-14T21:42:31.149+0000][66][info ][safepoint   ] Safepoint "Cleanup", Time since last: 2218253491 ns, Reaching safepoint: 215729 ns, At safepoint: 34448 ns, Total: 250177 ns
[2023-07-14T21:42:33.148+0000][66][info ][safepoint   ] Safepoint "Cleanup", Time since last: 1998553359 ns, Reaching safepoint: 920607 ns, At safepoint: 23171 ns, Total: 943778 ns
[2023-07-14T21:42:46.653+0000][66][info ][safepoint   ] Safepoint "Cleanup", Time since last: 13504274996 ns, Reaching safepoint: 175348 ns, At safepoint: 3602 ns, Total: 178950 ns
[2023-07-14T21:42:50.157+0000][66][info ][safepoint   ] Safepoint "Cleanup", Time since last: 3503132728 ns, Reaching safepoint: 118770 ns, At safepoint: 27691 ns, Total: 146461 ns
[2023-07-14T21:42:51.860+0000][66][info ][safepoint   ] Safepoint "Cleanup", Time since last: 1702883907 ns, Reaching safepoint: 367633 ns, At safepoint: 106974 ns, Total: 474607 ns
[2023-07-14T21:42:56.183+0000][66][info ][safepoint   ] Safepoint "Cleanup", Time since last: 4323037995 ns, Reaching safepoint: 190785 ns, At safepoint: 37452 ns, Total: 228237 ns
[2023-07-14T21:42:58.243+0000][66][info ][safepoint   ] Safepoint "Cleanup", Time since last: 2059199440 ns, Reaching safepoint: 542917 ns, At safepoint: 9481 ns, Total: 552398 ns
[2023-07-14T21:43:02.284+0000][66][info ][safepoint   ] Safepoint "Cleanup", Time since last: 4040023802 ns, Reaching safepoint: 459295 ns, At safepoint: 19020 ns, Total: 478315 ns
[2023-07-14T21:43:04.499+0000][66][info ][safepoint   ] Safepoint "Cleanup", Time since last: 2215446369 ns, Reaching safepoint: 399839 ns, At safepoint: 15753 ns, Total: 415592 ns
[2023-07-14T21:43:05.502+0000][66][info ][safepoint   ] Safepoint "Cleanup", Time since last: 1002290208 ns, Reaching safepoint: 682187 ns, At safepoint: 12327 ns, Total: 694514 ns
[2023-07-14T21:43:07.191+0000][66][info ][safepoint   ] Safepoint "Cleanup", Time since last: 1688145730 ns, Reaching safepoint: 298139 ns, At safepoint: 64527 ns, Total: 362666 ns
[2023-07-14T21:43:26.602+0000][66][info ][safepoint   ] Safepoint "Cleanup", Time since last: 19410567270 ns, Reaching safepoint: 446720 ns, At safepoint: 9357 ns, Total: 456077 ns
[2023-07-14T21:43:37.079+0000][66][info ][safepoint   ] Safepoint "Cleanup", Time since last: 10476924199 ns, Reaching safepoint: 97680 ns, At safepoint: 4481 ns, Total: 102161 ns
[2023-07-14T21:43:43.476+0000][66][info ][safepoint   ] Safepoint "Cleanup", Time since last: 6396224929 ns, Reaching safepoint: 110483 ns, At safepoint: 3731 ns, Total: 114214 ns
[2023-07-14T21:43:45.878+0000][66][info ][safepoint   ] Safepoint "Cleanup", Time since last: 2401676427 ns, Reaching safepoint: 619945 ns, At safepoint: 9308 ns, Total: 629253 ns
[2023-07-14T21:43:46.882+0000][66][info ][safepoint   ] Safepoint "Cleanup", Time since last: 1002870337 ns, Reaching safepoint: 727269 ns, At safepoint: 24253 ns, Total: 751522 ns
[2023-07-14T21:43:50.057+0000][66][info ][safepoint   ] Safepoint "Cleanup", Time since last: 3174817381 ns, Reaching safepoint: 190110 ns, At safepoint: 32201 ns, Total: 222311 ns
[2023-07-14T21:43:55.117+0000][66][info ][safepoint   ] Safepoint "Cleanup", Time since last: 5059790387 ns, Reaching safepoint: 76652 ns, At safepoint: 15334 ns, Total: 91986 ns
[2023-07-14T21:44:01.171+0000][66][info ][safepoint   ] Safepoint "Cleanup", Time since last: 6054161298 ns, Reaching safepoint: 124652 ns, At safepoint: 26683 ns, Total: 151335 ns
[2023-07-14T21:44:07.180+0000][66][info ][safepoint   ] Safepoint "Cleanup", Time since last: 6008035785 ns, Reaching safepoint: 216196 ns, At safepoint: 37905 ns, Total: 254101 ns
[2023-07-14T21:44:08.960+0000][66][info ][safepoint   ] Safepoint "Cleanup", Time since last: 1780418777 ns, Reaching safepoint: 257749 ns, At safepoint: 5244 ns, Total: 262993 ns
[2023-07-14T21:44:19.165+0000][66][info ][safepoint   ] Safepoint "Cleanup", Time since last: 10204840890 ns, Reaching safepoint: 192044 ns, At safepoint: 27192 ns, Total: 219236 ns
[2023-07-14T21:44:20.297+0000][66][info ][safepoint   ] Safepoint "Cleanup", Time since last: 1131318249 ns, Reaching safepoint: 298791 ns, At safepoint: 9509 ns, Total: 308300 ns
[2023-07-14T21:44:22.050+0000][66][info ][safepoint   ] Safepoint "Cleanup", Time since last: 1752278710 ns, Reaching safepoint: 147642 ns, At safepoint: 53673 ns, Total: 201315 ns
[2023-07-14T21:44:26.723+0000][66][info ][safepoint   ] Safepoint "Cleanup", Time since last: 4673195389 ns, Reaching safepoint: 309841 ns, At safepoint: 14645 ns, Total: 324486 ns
[2023-07-14T21:44:31.178+0000][66][info ][safepoint   ] Safepoint "Cleanup", Time since last: 4454859146 ns, Reaching safepoint: 262130 ns, At safepoint: 11558 ns, Total: 273688 ns
[2023-07-14T21:44:32.197+0000][66][info ][safepoint   ] Safepoint "Cleanup", Time since last: 1018107919 ns, Reaching safepoint: 187066 ns, At safepoint: 36095 ns, Total: 223161 ns
[2023-07-14T21:44:34.110+0000][66][info ][safepoint   ] Safepoint "Cleanup", Time since last: 1913097105 ns, Reaching safepoint: 458303 ns, At safepoint: 25183 ns, Total: 483486 ns
[2023-07-14T21:44:37.113+0000][66][info ][safepoint   ] Safepoint "Cleanup", Time since last: 3003109352 ns, Reaching safepoint: 193902 ns, At safepoint: 4074 ns, Total: 197976 ns
[2023-07-14T21:44:43.186+0000][66][info ][safepoint   ] Safepoint "Cleanup", Time since last: 6072414940 ns, Reaching safepoint: 184764 ns, At safepoint: 51130 ns, Total: 235894 ns
[2023-07-14T21:44:44.581+0000][66][info ][safepoint   ] Safepoint "Cleanup", Time since last: 1394309278 ns, Reaching safepoint: 790521 ns, At safepoint: 41865 ns, Total: 832386 ns
[2023-07-14T21:44:46.811+0000][66][info ][safepoint   ] Safepoint "Cleanup", Time since last: 2229233245 ns, Reaching safepoint: 477531 ns, At safepoint: 9287 ns, Total: 486818 ns
[2023-07-14T21:44:49.173+0000][66][info ][safepoint   ] Safepoint "Cleanup", Time since last: 2361841987 ns, Reaching safepoint: 338332 ns, At safepoint: 62718 ns, Total: 401050 ns
[2023-07-14T21:44:55.874+0000][66][info ][safepoint   ] Safepoint "Cleanup", Time since last: 6700867771 ns, Reaching safepoint: 170462 ns, At safepoint: 39712 ns, Total: 210174 ns
[2023-07-14T21:44:56.931+0000][66][info ][safepoint   ] Safepoint "Cleanup", Time since last: 1056217014 ns, Reaching safepoint: 353551 ns, At safepoint: 5981 ns, Total: 359532 ns
[2023-07-14T21:45:01.177+0000][66][info ][safepoint   ] Safepoint "Cleanup", Time since last: 4245780381 ns, Reaching safepoint: 240524 ns, At safepoint: 45294 ns, Total: 285818 ns
[2023-07-14T21:45:02.309+0000][66][info ][safepoint   ] Safepoint "Cleanup", Time since last: 1130933276 ns, Reaching safepoint: 298068 ns, At safepoint: 243695 ns, Total: 541763 ns
[2023-07-14T21:45:03.471+0000][66][info ][safepoint   ] Safepoint "Cleanup", Time since last: 1161716491 ns, Reaching safepoint: 565957 ns, At safepoint: 11202 ns, Total: 577159 ns
[2023-07-14T21:45:07.171+0000][66][info ][safepoint   ] Safepoint "Cleanup", Time since last: 3699484437 ns, Reaching safepoint: 142865 ns, At safepoint: 48513 ns, Total: 191378 ns
[2023-07-14T21:45:08.843+0000][66][info ][safepoint   ] Safepoint "Cleanup", Time since last: 1672527589 ns, Reaching safepoint: 233155 ns, At safepoint: 165980 ns, Total: 399135 ns
[2023-07-14T21:45:14.018+0000][66][info ][safepoint   ] Safepoint "Cleanup", Time since last: 5174154953 ns, Reaching safepoint: 181035 ns, At safepoint: 28475 ns, Total: 209510 ns
[2023-07-14T21:45:16.073+0000][66][info ][safepoint   ] Safepoint "Cleanup", Time since last: 2054462812 ns, Reaching safepoint: 392336 ns, At safepoint: 49234 ns, Total: 441570 ns
[2023-07-14T21:45:17.267+0000][66][info ][safepoint   ] Safepoint "Cleanup", Time since last: 1193242307 ns, Reaching safepoint: 178953 ns, At safepoint: 5019 ns, Total: 183972 ns
[2023-07-14T21:45:19.523+0000][66][info ][safepoint   ] Safepoint "Cleanup", Time since last: 2256206445 ns, Reaching safepoint: 105524 ns, At safepoint: 48450 ns, Total: 153974 ns
[2023-07-14T21:45:43.172+0000][66][info ][safepoint   ] Safepoint "Cleanup", Time since last: 23647948329 ns, Reaching safepoint: 168067 ns, At safepoint: 43543 ns, Total: 211610 ns
[2023-07-14T21:45:46.120+0000][66][info ][safepoint   ] Safepoint "Cleanup", Time since last: 2947433686 ns, Reaching safepoint: 524389 ns, At safepoint: 135129 ns, Total: 659518 ns
[2023-07-14T21:45:49.123+0000][66][info ][safepoint   ] Safepoint "Cleanup", Time since last: 3003199986 ns, Reaching safepoint: 209362 ns, At safepoint: 3990 ns, Total: 213352 ns
[2023-07-14T21:46:07.203+0000][66][info ][safepoint   ] Safepoint "Cleanup", Time since last: 18079912443 ns, Reaching safepoint: 234872 ns, At safepoint: 36309 ns, Total: 271181 ns
[2023-07-14T21:46:19.183+0000][66][info ][safepoint   ] Safepoint "Cleanup", Time since last: 11979368034 ns, Reaching safepoint: 125495 ns, At safepoint: 38657 ns, Total: 164152 ns
[2023-07-14T21:46:21.103+0000][66][info ][safepoint   ] Safepoint "Cleanup", Time since last: 1919255630 ns, Reaching safepoint: 276243 ns, At safepoint: 10378 ns, Total: 286621 ns
[2023-07-14T21:46:31.519+0000][66][info ][safepoint   ] Safepoint "Cleanup", Time since last: 10415805770 ns, Reaching safepoint: 86602 ns, At safepoint: 32567 ns, Total: 119169 ns
[2023-07-14T21:46:33.817+0000][66][info ][safepoint   ] Safepoint "Cleanup", Time since last: 2297856141 ns, Reaching safepoint: 565214 ns, At safepoint: 7648 ns, Total: 572862 ns
[2023-07-14T21:46:43.423+0000][66][info ][safepoint   ] Safepoint "Cleanup", Time since last: 9605450448 ns, Reaching safepoint: 221460 ns, At safepoint: 50077 ns, Total: 271537 ns
[2023-07-14T21:46:46.410+0000][66][info ][safepoint   ] Safepoint "Cleanup", Time since last: 2986253647 ns, Reaching safepoint: 462296 ns, At safepoint: 9861 ns, Total: 472157 ns
[2023-07-14T21:47:02.293+0000][66][info ][safepoint   ] Safepoint "Cleanup", Time since last: 15883197323 ns, Reaching safepoint: 204975 ns, At safepoint: 34647 ns, Total: 239622 ns
[2023-07-14T21:47:03.347+0000][66][info ][safepoint   ] Safepoint "Cleanup", Time since last: 1053077914 ns, Reaching safepoint: 696706 ns, At safepoint: 30877 ns, Total: 727583 ns
[2023-07-14T21:47:13.200+0000][66][info ][safepoint   ] Safepoint "Cleanup", Time since last: 9851873236 ns, Reaching safepoint: 139188 ns, At safepoint: 32580 ns, Total: 171768 ns
[2023-07-14T21:47:21.430+0000][66][info ][safepoint   ] Safepoint "Cleanup", Time since last: 8229235152 ns, Reaching safepoint: 474287 ns, At safepoint: 9866 ns, Total: 484153 ns
[2023-07-14T21:47:25.625+0000][66][info ][safepoint   ] Safepoint "Cleanup", Time since last: 4195445625 ns, Reaching safepoint: 234567 ns, At safepoint: 44729 ns, Total: 279296 ns
[2023-07-14T21:47:31.895+0000][66][info ][safepoint   ] Safepoint "Cleanup", Time since last: 6269735551 ns, Reaching safepoint: 203816 ns, At safepoint: 12502 ns, Total: 216318 ns
[2023-07-14T21:47:38.460+0000][66][info ][safepoint   ] Safepoint "Cleanup", Time since last: 6564493543 ns, Reaching safepoint: 207583 ns, At safepoint: 30997 ns, Total: 238580 ns
[2023-07-14T21:47:45.772+0000][66][info ][safepoint   ] Safepoint "Cleanup", Time since last: 7311031237 ns, Reaching safepoint: 687820 ns, At safepoint: 87192 ns, Total: 775012 ns
[2023-07-14T21:48:01.221+0000][66][info ][safepoint   ] Safepoint "Cleanup", Time since last: 15449342149 ns, Reaching safepoint: 59745 ns, At safepoint: 2844 ns, Total: 62589 ns
[2023-07-14T21:48:03.655+0000][66][info ][safepoint   ] Safepoint "Cleanup", Time since last: 2433763107 ns, Reaching safepoint: 266327 ns, At safepoint: 10752 ns, Total: 277079 ns
[2023-07-14T21:48:04.657+0000][66][info ][safepoint   ] Safepoint "Cleanup", Time since last: 1001584424 ns, Reaching safepoint: 610870 ns, At safepoint: 8661 ns, Total: 619531 ns
