[2023-07-14T21:08:16.398+0000][48][info][gc,init] CardTable entry size: 512
[2023-07-14T21:08:16.399+0000][48][info][gc     ] Using G1
[2023-07-14T21:08:16.410+0000][48][info][gc,init] Version: 19.0.2+7-44 (release)
[2023-07-14T21:08:16.411+0000][48][info][gc,init] CPUs: 6 total, 6 available
[2023-07-14T21:08:16.412+0000][48][info][gc,init] Memory: 7859M
[2023-07-14T21:08:16.413+0000][48][info][gc,init] Large Page Support: Disabled
[2023-07-14T21:08:16.414+0000][48][info][gc,init] NUMA Support: Disabled
[2023-07-14T21:08:16.414+0000][48][info][gc,init] Compressed Oops: Enabled (Zero based)
[2023-07-14T21:08:16.415+0000][48][info][gc,init] Heap Region Size: 2M
[2023-07-14T21:08:16.416+0000][48][info][gc,init] Heap Min Capacity: 3930M
[2023-07-14T21:08:16.417+0000][48][info][gc,init] Heap Initial Capacity: 3930M
[2023-07-14T21:08:16.418+0000][48][info][gc,init] Heap Max Capacity: 3930M
[2023-07-14T21:08:16.419+0000][48][info][gc,init] Pre-touch: Disabled
[2023-07-14T21:08:16.420+0000][48][info][gc,init] Parallel Workers: 6
[2023-07-14T21:08:16.420+0000][48][info][gc,init] Concurrent Workers: 2
[2023-07-14T21:08:16.421+0000][48][info][gc,init] Concurrent Refinement Workers: 6
[2023-07-14T21:08:16.422+0000][48][info][gc,init] Periodic GC: Disabled
[2023-07-14T21:08:16.423+0000][48][info][gc,metaspace] CDS archive(s) mapped at: [0x0000000800000000-0x0000000800c4f000-0x0000000800c4f000), size 12906496, SharedBaseAddress: 0x0000000800000000, ArchiveRelocationMode: 0.
[2023-07-14T21:08:16.424+0000][48][info][gc,metaspace] Compressed class space mapped at: 0x0000000801000000-0x0000000841000000, reserved size: 1073741824
[2023-07-14T21:08:16.424+0000][48][info][gc,metaspace] Narrow klass base: 0x0000000800000000, Narrow klass shift: 0, Narrow klass range: 0x100000000
[2023-07-14T21:08:16.453+0000][48][info][gc,heap,exit] Heap
[2023-07-14T21:08:16.454+0000][48][info][gc,heap,exit]  garbage-first heap   total 4024320K, used 5090K [0x000000070a600000, 0x0000000800000000)
[2023-07-14T21:08:16.455+0000][48][info][gc,heap,exit]   region size 2048K, 2 young (4096K), 0 survivors (0K)
[2023-07-14T21:08:16.455+0000][48][info][gc,heap,exit]  Metaspace       used 53K, committed 128K, reserved 1114112K
[2023-07-14T21:08:16.456+0000][48][info][gc,heap,exit]   class space    used 1K, committed 64K, reserved 1048576K
